[2026-02-28T11:47:24.309+0000] {local_task_job_runner.py:120} INFO - ::group::Pre task execution logs
[2026-02-28T11:47:24.549+0000] {taskinstance.py:2076} INFO - Dependencies all met for dep_context=non-requeueable deps ti=<TaskInstance: oltp_s3_dwh.upload_postgre_to_s3_users scheduled__2025-01-01T00:00:00+00:00 [queued]>
[2026-02-28T11:47:24.609+0000] {taskinstance.py:2076} INFO - Dependencies all met for dep_context=requeueable deps ti=<TaskInstance: oltp_s3_dwh.upload_postgre_to_s3_users scheduled__2025-01-01T00:00:00+00:00 [queued]>
[2026-02-28T11:47:24.612+0000] {taskinstance.py:2306} INFO - Starting attempt 5 of 5
[2026-02-28T11:47:24.698+0000] {taskinstance.py:2330} INFO - Executing <Task(PythonOperator): upload_postgre_to_s3_users> on 2025-01-01 00:00:00+00:00
[2026-02-28T11:47:24.718+0000] {logging_mixin.py:188} WARNING - /home/***/.local/lib/python3.12/site-packages/***/task/task_runner/standard_task_runner.py:62 DeprecationWarning: This process (pid=9414) is multi-threaded, use of fork() may lead to deadlocks in the child.
[2026-02-28T11:47:24.720+0000] {standard_task_runner.py:64} INFO - Started process 9437 to run task
[2026-02-28T11:47:24.726+0000] {standard_task_runner.py:90} INFO - Running: ['***', 'tasks', 'run', 'oltp_s3_dwh', 'upload_postgre_to_s3_users', 'scheduled__2025-01-01T00:00:00+00:00', '--job-id', '2073', '--raw', '--subdir', 'DAGS_FOLDER/oltp_s3_dwh.py', '--cfg-path', '/tmp/tmpoxg1_mjl']
[2026-02-28T11:47:24.729+0000] {standard_task_runner.py:91} INFO - Job 2073: Subtask upload_postgre_to_s3_users
[2026-02-28T11:47:24.955+0000] {task_command.py:426} INFO - Running <TaskInstance: oltp_s3_dwh.upload_postgre_to_s3_users scheduled__2025-01-01T00:00:00+00:00 [running]> on host 31b45edbecf3
[2026-02-28T11:47:25.286+0000] {taskinstance.py:2648} INFO - Exporting env vars: AIRFLOW_CTX_DAG_OWNER='***' AIRFLOW_CTX_DAG_ID='oltp_s3_dwh' AIRFLOW_CTX_TASK_ID='upload_postgre_to_s3_users' AIRFLOW_CTX_EXECUTION_DATE='2025-01-01T00:00:00+00:00' AIRFLOW_CTX_TRY_NUMBER='5' AIRFLOW_CTX_DAG_RUN_ID='scheduled__2025-01-01T00:00:00+00:00'
[2026-02-28T11:47:25.290+0000] {taskinstance.py:430} INFO - ::endgroup::
[2026-02-28T11:47:25.390+0000] {base.py:84} INFO - Using connection ID 'postgres_oltp' for task execution.
[2026-02-28T11:47:25.397+0000] {logging_mixin.py:188} INFO - DEBUG: Host: postgres_oltp
[2026-02-28T11:47:25.397+0000] {logging_mixin.py:188} INFO - DEBUG: DB Name: oltp_db
[2026-02-28T11:47:25.398+0000] {logging_mixin.py:188} INFO - DEBUG: Генерируемый SQL-запрос: select * from users where date_trunc('month', registration_date AT TIME ZONE 'UTC') = date_trunc('month','2025-01-01'::date AT TIME ZONE 'UTC')
[2026-02-28T11:47:25.432+0000] {base.py:84} INFO - Using connection ID 'postgres_oltp' for task execution.
[2026-02-28T11:47:25.447+0000] {logging_mixin.py:188} WARNING - /home/***/.local/lib/python3.12/site-packages/***/providers/common/sql/hooks/sql.py:269 UserWarning: pandas only supports SQLAlchemy connectable (engine/connection) or database string URI or sqlite3 DBAPI2 connection. Other DBAPI2 objects are not tested. Please consider using SQLAlchemy.
[2026-02-28T11:47:25.607+0000] {base.py:84} INFO - Using connection ID 'minio_conn_id' for task execution.
[2026-02-28T11:47:25.610+0000] {connection_wrapper.py:384} INFO - AWS Connection (conn_id='minio_conn_id', conn_type='aws') credentials retrieved from login and ***.
[2026-02-28T11:47:26.324+0000] {logging_mixin.py:188} INFO - За 2025-01-01 в S3 загружено - 750 строк
[2026-02-28T11:47:26.325+0000] {python.py:237} INFO - Done. Returned value was: None
[2026-02-28T11:47:26.326+0000] {taskinstance.py:441} INFO - ::group::Post task execution logs
[2026-02-28T11:47:26.340+0000] {taskinstance.py:1206} INFO - Marking task as SUCCESS. dag_id=oltp_s3_dwh, task_id=upload_postgre_to_s3_users, run_id=scheduled__2025-01-01T00:00:00+00:00, execution_date=20250101T000000, start_date=20260228T114724, end_date=20260228T114726
[2026-02-28T11:47:26.413+0000] {local_task_job_runner.py:243} INFO - Task exited with return code 0
[2026-02-28T11:47:26.434+0000] {local_task_job_runner.py:222} INFO - ::endgroup::
