[2026-02-26T12:04:55.830+0000] {local_task_job_runner.py:120} INFO - ::group::Pre task execution logs
[2026-02-26T12:04:55.865+0000] {taskinstance.py:2076} INFO - Dependencies all met for dep_context=non-requeueable deps ti=<TaskInstance: oltp_s3_dwh.upload_postgre_to_s3_users scheduled__2025-01-01T00:00:00+00:00 [queued]>
[2026-02-26T12:04:55.877+0000] {taskinstance.py:2076} INFO - Dependencies all met for dep_context=requeueable deps ti=<TaskInstance: oltp_s3_dwh.upload_postgre_to_s3_users scheduled__2025-01-01T00:00:00+00:00 [queued]>
[2026-02-26T12:04:55.879+0000] {taskinstance.py:2306} INFO - Starting attempt 1 of 1
[2026-02-26T12:04:55.912+0000] {taskinstance.py:2330} INFO - Executing <Task(PythonOperator): upload_postgre_to_s3_users> on 2025-01-01 00:00:00+00:00
[2026-02-26T12:04:55.939+0000] {logging_mixin.py:188} WARNING - /home/***/.local/lib/python3.12/site-packages/***/task/task_runner/standard_task_runner.py:62 DeprecationWarning: This process (pid=4185) is multi-threaded, use of fork() may lead to deadlocks in the child.
[2026-02-26T12:04:55.942+0000] {standard_task_runner.py:64} INFO - Started process 4193 to run task
[2026-02-26T12:04:55.958+0000] {standard_task_runner.py:90} INFO - Running: ['***', 'tasks', 'run', 'oltp_s3_dwh', 'upload_postgre_to_s3_users', 'scheduled__2025-01-01T00:00:00+00:00', '--job-id', '975', '--raw', '--subdir', 'DAGS_FOLDER/oltp_s3_dwh_dict.py', '--cfg-path', '/tmp/tmpm6sn583m']
[2026-02-26T12:04:55.968+0000] {standard_task_runner.py:91} INFO - Job 975: Subtask upload_postgre_to_s3_users
[2026-02-26T12:04:56.070+0000] {task_command.py:426} INFO - Running <TaskInstance: oltp_s3_dwh.upload_postgre_to_s3_users scheduled__2025-01-01T00:00:00+00:00 [running]> on host 31b45edbecf3
[2026-02-26T12:04:56.205+0000] {taskinstance.py:2648} INFO - Exporting env vars: AIRFLOW_CTX_DAG_OWNER='***' AIRFLOW_CTX_DAG_ID='oltp_s3_dwh' AIRFLOW_CTX_TASK_ID='upload_postgre_to_s3_users' AIRFLOW_CTX_EXECUTION_DATE='2025-01-01T00:00:00+00:00' AIRFLOW_CTX_TRY_NUMBER='1' AIRFLOW_CTX_DAG_RUN_ID='scheduled__2025-01-01T00:00:00+00:00'
[2026-02-26T12:04:56.207+0000] {taskinstance.py:430} INFO - ::endgroup::
[2026-02-26T12:04:56.239+0000] {base.py:84} INFO - Using connection ID 'postgres_oltp' for task execution.
[2026-02-26T12:04:56.257+0000] {logging_mixin.py:188} WARNING - /home/***/.local/lib/python3.12/site-packages/***/providers/common/sql/hooks/sql.py:269 UserWarning: pandas only supports SQLAlchemy connectable (engine/connection) or database string URI or sqlite3 DBAPI2 connection. Other DBAPI2 objects are not tested. Please consider using SQLAlchemy.
[2026-02-26T12:04:56.277+0000] {logging_mixin.py:188} INFO - В таблице users нет данных
[2026-02-26T12:04:56.284+0000] {python.py:237} INFO - Done. Returned value was: None
[2026-02-26T12:04:56.285+0000] {taskinstance.py:441} INFO - ::group::Post task execution logs
[2026-02-26T12:04:56.316+0000] {taskinstance.py:1206} INFO - Marking task as SUCCESS. dag_id=oltp_s3_dwh, task_id=upload_postgre_to_s3_users, run_id=scheduled__2025-01-01T00:00:00+00:00, execution_date=20250101T000000, start_date=20260226T120455, end_date=20260226T120456
[2026-02-26T12:04:56.367+0000] {local_task_job_runner.py:243} INFO - Task exited with return code 0
[2026-02-26T12:04:56.396+0000] {taskinstance.py:3503} INFO - 0 downstream tasks scheduled from follow-on schedule check
[2026-02-26T12:04:56.408+0000] {local_task_job_runner.py:222} INFO - ::endgroup::
[2026-02-27T18:58:59.449+0000] {local_task_job_runner.py:120} INFO - ::group::Pre task execution logs
[2026-02-27T18:58:59.511+0000] {taskinstance.py:2076} INFO - Dependencies all met for dep_context=non-requeueable deps ti=<TaskInstance: oltp_s3_dwh.upload_postgre_to_s3_users scheduled__2025-01-01T00:00:00+00:00 [queued]>
[2026-02-27T18:58:59.536+0000] {taskinstance.py:2076} INFO - Dependencies all met for dep_context=requeueable deps ti=<TaskInstance: oltp_s3_dwh.upload_postgre_to_s3_users scheduled__2025-01-01T00:00:00+00:00 [queued]>
[2026-02-27T18:58:59.537+0000] {taskinstance.py:2306} INFO - Starting attempt 1 of 1
[2026-02-27T18:58:59.567+0000] {taskinstance.py:2330} INFO - Executing <Task(PythonOperator): upload_postgre_to_s3_users> on 2025-01-01 00:00:00+00:00
[2026-02-27T18:58:59.596+0000] {logging_mixin.py:188} WARNING - /home/***/.local/lib/python3.12/site-packages/***/task/task_runner/standard_task_runner.py:62 DeprecationWarning: This process (pid=31775) is multi-threaded, use of fork() may lead to deadlocks in the child.
[2026-02-27T18:58:59.606+0000] {standard_task_runner.py:64} INFO - Started process 31793 to run task
[2026-02-27T18:58:59.612+0000] {standard_task_runner.py:90} INFO - Running: ['***', 'tasks', 'run', 'oltp_s3_dwh', 'upload_postgre_to_s3_users', 'scheduled__2025-01-01T00:00:00+00:00', '--job-id', '1502', '--raw', '--subdir', 'DAGS_FOLDER/oltp_s3_dwh.py', '--cfg-path', '/tmp/tmpklrsq8ki']
[2026-02-27T18:58:59.620+0000] {standard_task_runner.py:91} INFO - Job 1502: Subtask upload_postgre_to_s3_users
[2026-02-27T18:58:59.853+0000] {task_command.py:426} INFO - Running <TaskInstance: oltp_s3_dwh.upload_postgre_to_s3_users scheduled__2025-01-01T00:00:00+00:00 [running]> on host 31b45edbecf3
[2026-02-27T18:59:00.374+0000] {taskinstance.py:2648} INFO - Exporting env vars: AIRFLOW_CTX_DAG_OWNER='***' AIRFLOW_CTX_DAG_ID='oltp_s3_dwh' AIRFLOW_CTX_TASK_ID='upload_postgre_to_s3_users' AIRFLOW_CTX_EXECUTION_DATE='2025-01-01T00:00:00+00:00' AIRFLOW_CTX_TRY_NUMBER='1' AIRFLOW_CTX_DAG_RUN_ID='scheduled__2025-01-01T00:00:00+00:00'
[2026-02-27T18:59:00.393+0000] {taskinstance.py:430} INFO - ::endgroup::
[2026-02-27T18:59:00.437+0000] {base.py:84} INFO - Using connection ID 'postgres_oltp' for task execution.
[2026-02-27T18:59:00.461+0000] {logging_mixin.py:188} WARNING - /home/***/.local/lib/python3.12/site-packages/***/providers/common/sql/hooks/sql.py:269 UserWarning: pandas only supports SQLAlchemy connectable (engine/connection) or database string URI or sqlite3 DBAPI2 connection. Other DBAPI2 objects are not tested. Please consider using SQLAlchemy.
[2026-02-27T18:59:00.514+0000] {logging_mixin.py:188} INFO - В таблице users нет данных
[2026-02-27T18:59:00.516+0000] {python.py:237} INFO - Done. Returned value was: None
[2026-02-27T18:59:00.523+0000] {taskinstance.py:441} INFO - ::group::Post task execution logs
[2026-02-27T18:59:00.565+0000] {taskinstance.py:1206} INFO - Marking task as SUCCESS. dag_id=oltp_s3_dwh, task_id=upload_postgre_to_s3_users, run_id=scheduled__2025-01-01T00:00:00+00:00, execution_date=20250101T000000, start_date=20260227T185859, end_date=20260227T185900
[2026-02-27T18:59:00.663+0000] {local_task_job_runner.py:243} INFO - Task exited with return code 0
[2026-02-27T18:59:00.695+0000] {local_task_job_runner.py:222} INFO - ::endgroup::
