[2026-02-26T12:06:46.016+0000] {local_task_job_runner.py:120} INFO - ::group::Pre task execution logs
[2026-02-26T12:06:46.152+0000] {taskinstance.py:2076} INFO - Dependencies all met for dep_context=non-requeueable deps ti=<TaskInstance: oltp_s3_dwh.upload_postgre_to_s3_users scheduled__2025-01-01T00:00:00+00:00 [queued]>
[2026-02-26T12:06:46.220+0000] {taskinstance.py:2076} INFO - Dependencies all met for dep_context=requeueable deps ti=<TaskInstance: oltp_s3_dwh.upload_postgre_to_s3_users scheduled__2025-01-01T00:00:00+00:00 [queued]>
[2026-02-26T12:06:46.222+0000] {taskinstance.py:2306} INFO - Starting attempt 2 of 2
[2026-02-26T12:06:46.328+0000] {taskinstance.py:2330} INFO - Executing <Task(PythonOperator): upload_postgre_to_s3_users> on 2025-01-01 00:00:00+00:00
[2026-02-26T12:06:46.366+0000] {standard_task_runner.py:90} INFO - Running: ['***', 'tasks', 'run', 'oltp_s3_dwh', 'upload_postgre_to_s3_users', 'scheduled__2025-01-01T00:00:00+00:00', '--job-id', '1000', '--raw', '--subdir', 'DAGS_FOLDER/oltp_s3_dwh_dict.py', '--cfg-path', '/tmp/tmpqkju4bje']
[2026-02-26T12:06:46.371+0000] {standard_task_runner.py:91} INFO - Job 1000: Subtask upload_postgre_to_s3_users
[2026-02-26T12:06:46.383+0000] {logging_mixin.py:188} WARNING - /home/***/.local/lib/python3.12/site-packages/***/task/task_runner/standard_task_runner.py:62 DeprecationWarning: This process (pid=4344) is multi-threaded, use of fork() may lead to deadlocks in the child.
[2026-02-26T12:06:46.421+0000] {standard_task_runner.py:64} INFO - Started process 4389 to run task
[2026-02-26T12:06:46.871+0000] {task_command.py:426} INFO - Running <TaskInstance: oltp_s3_dwh.upload_postgre_to_s3_users scheduled__2025-01-01T00:00:00+00:00 [running]> on host 31b45edbecf3
[2026-02-26T12:06:47.244+0000] {taskinstance.py:2648} INFO - Exporting env vars: AIRFLOW_CTX_DAG_OWNER='***' AIRFLOW_CTX_DAG_ID='oltp_s3_dwh' AIRFLOW_CTX_TASK_ID='upload_postgre_to_s3_users' AIRFLOW_CTX_EXECUTION_DATE='2025-01-01T00:00:00+00:00' AIRFLOW_CTX_TRY_NUMBER='2' AIRFLOW_CTX_DAG_RUN_ID='scheduled__2025-01-01T00:00:00+00:00'
[2026-02-26T12:06:47.247+0000] {taskinstance.py:430} INFO - ::endgroup::
[2026-02-26T12:06:47.347+0000] {base.py:84} INFO - Using connection ID 'postgres_oltp' for task execution.
[2026-02-26T12:06:47.394+0000] {logging_mixin.py:188} WARNING - /home/***/.local/lib/python3.12/site-packages/***/providers/common/sql/hooks/sql.py:269 UserWarning: pandas only supports SQLAlchemy connectable (engine/connection) or database string URI or sqlite3 DBAPI2 connection. Other DBAPI2 objects are not tested. Please consider using SQLAlchemy.
[2026-02-26T12:06:47.439+0000] {logging_mixin.py:188} INFO - В таблице users нет данных
[2026-02-26T12:06:47.442+0000] {python.py:237} INFO - Done. Returned value was: None
[2026-02-26T12:06:47.447+0000] {taskinstance.py:441} INFO - ::group::Post task execution logs
[2026-02-26T12:06:47.493+0000] {taskinstance.py:1206} INFO - Marking task as SUCCESS. dag_id=oltp_s3_dwh, task_id=upload_postgre_to_s3_users, run_id=scheduled__2025-01-01T00:00:00+00:00, execution_date=20250101T000000, start_date=20260226T120646, end_date=20260226T120647
[2026-02-26T12:06:47.567+0000] {local_task_job_runner.py:243} INFO - Task exited with return code 0
[2026-02-26T12:06:47.682+0000] {taskinstance.py:3503} INFO - 0 downstream tasks scheduled from follow-on schedule check
[2026-02-26T12:06:47.695+0000] {local_task_job_runner.py:222} INFO - ::endgroup::
[2026-02-28T09:57:33.825+0000] {local_task_job_runner.py:120} INFO - ::group::Pre task execution logs
[2026-02-28T09:57:33.916+0000] {taskinstance.py:2076} INFO - Dependencies all met for dep_context=non-requeueable deps ti=<TaskInstance: oltp_s3_dwh.upload_postgre_to_s3_users scheduled__2025-01-01T00:00:00+00:00 [queued]>
[2026-02-28T09:57:33.970+0000] {taskinstance.py:2076} INFO - Dependencies all met for dep_context=requeueable deps ti=<TaskInstance: oltp_s3_dwh.upload_postgre_to_s3_users scheduled__2025-01-01T00:00:00+00:00 [queued]>
[2026-02-28T09:57:33.971+0000] {taskinstance.py:2306} INFO - Starting attempt 2 of 2
[2026-02-28T09:57:34.017+0000] {taskinstance.py:2330} INFO - Executing <Task(PythonOperator): upload_postgre_to_s3_users> on 2025-01-01 00:00:00+00:00
[2026-02-28T09:57:34.038+0000] {standard_task_runner.py:90} INFO - Running: ['***', 'tasks', 'run', 'oltp_s3_dwh', 'upload_postgre_to_s3_users', 'scheduled__2025-01-01T00:00:00+00:00', '--job-id', '1941', '--raw', '--subdir', 'DAGS_FOLDER/oltp_s3_dwh.py', '--cfg-path', '/tmp/tmp5j5e9liv']
[2026-02-28T09:57:34.065+0000] {standard_task_runner.py:91} INFO - Job 1941: Subtask upload_postgre_to_s3_users
[2026-02-28T09:57:34.081+0000] {logging_mixin.py:188} WARNING - /home/***/.local/lib/python3.12/site-packages/***/task/task_runner/standard_task_runner.py:62 DeprecationWarning: This process (pid=1519) is multi-threaded, use of fork() may lead to deadlocks in the child.
[2026-02-28T09:57:34.088+0000] {standard_task_runner.py:64} INFO - Started process 1544 to run task
[2026-02-28T09:57:34.206+0000] {task_command.py:426} INFO - Running <TaskInstance: oltp_s3_dwh.upload_postgre_to_s3_users scheduled__2025-01-01T00:00:00+00:00 [running]> on host 31b45edbecf3
[2026-02-28T09:57:34.840+0000] {taskinstance.py:2648} INFO - Exporting env vars: AIRFLOW_CTX_DAG_OWNER='***' AIRFLOW_CTX_DAG_ID='oltp_s3_dwh' AIRFLOW_CTX_TASK_ID='upload_postgre_to_s3_users' AIRFLOW_CTX_EXECUTION_DATE='2025-01-01T00:00:00+00:00' AIRFLOW_CTX_TRY_NUMBER='2' AIRFLOW_CTX_DAG_RUN_ID='scheduled__2025-01-01T00:00:00+00:00'
[2026-02-28T09:57:34.843+0000] {taskinstance.py:430} INFO - ::endgroup::
[2026-02-28T09:57:35.091+0000] {base.py:84} INFO - Using connection ID 'postgres_oltp' for task execution.
[2026-02-28T09:57:35.177+0000] {logging_mixin.py:188} WARNING - /home/***/.local/lib/python3.12/site-packages/***/providers/common/sql/hooks/sql.py:269 UserWarning: pandas only supports SQLAlchemy connectable (engine/connection) or database string URI or sqlite3 DBAPI2 connection. Other DBAPI2 objects are not tested. Please consider using SQLAlchemy.
[2026-02-28T09:57:35.250+0000] {logging_mixin.py:188} INFO - В таблице users нет данных
[2026-02-28T09:57:35.251+0000] {python.py:237} INFO - Done. Returned value was: None
[2026-02-28T09:57:35.252+0000] {taskinstance.py:441} INFO - ::group::Post task execution logs
[2026-02-28T09:57:35.324+0000] {taskinstance.py:1206} INFO - Marking task as SUCCESS. dag_id=oltp_s3_dwh, task_id=upload_postgre_to_s3_users, run_id=scheduled__2025-01-01T00:00:00+00:00, execution_date=20250101T000000, start_date=20260228T095733, end_date=20260228T095735
[2026-02-28T09:57:35.466+0000] {local_task_job_runner.py:243} INFO - Task exited with return code 0
[2026-02-28T09:57:35.533+0000] {taskinstance.py:3503} INFO - 1 downstream tasks scheduled from follow-on schedule check
[2026-02-28T09:57:35.540+0000] {local_task_job_runner.py:222} INFO - ::endgroup::
