[2026-02-28T10:12:12.908+0000] {local_task_job_runner.py:120} INFO - ::group::Pre task execution logs
[2026-02-28T10:12:12.949+0000] {taskinstance.py:2076} INFO - Dependencies all met for dep_context=non-requeueable deps ti=<TaskInstance: oltp_s3_dwh.upload_postgre_to_s3_users scheduled__2025-01-01T00:00:00+00:00 [queued]>
[2026-02-28T10:12:12.982+0000] {taskinstance.py:2076} INFO - Dependencies all met for dep_context=requeueable deps ti=<TaskInstance: oltp_s3_dwh.upload_postgre_to_s3_users scheduled__2025-01-01T00:00:00+00:00 [queued]>
[2026-02-28T10:12:12.983+0000] {taskinstance.py:2306} INFO - Starting attempt 3 of 3
[2026-02-28T10:12:13.018+0000] {taskinstance.py:2330} INFO - Executing <Task(PythonOperator): upload_postgre_to_s3_users> on 2025-01-01 00:00:00+00:00
[2026-02-28T10:12:13.042+0000] {logging_mixin.py:188} WARNING - /home/***/.local/lib/python3.12/site-packages/***/task/task_runner/standard_task_runner.py:62 DeprecationWarning: This process (pid=2642) is multi-threaded, use of fork() may lead to deadlocks in the child.
[2026-02-28T10:12:13.046+0000] {standard_task_runner.py:64} INFO - Started process 2659 to run task
[2026-02-28T10:12:13.041+0000] {standard_task_runner.py:90} INFO - Running: ['***', 'tasks', 'run', 'oltp_s3_dwh', 'upload_postgre_to_s3_users', 'scheduled__2025-01-01T00:00:00+00:00', '--job-id', '1974', '--raw', '--subdir', 'DAGS_FOLDER/oltp_s3_dwh.py', '--cfg-path', '/tmp/tmp06c0vbb7']
[2026-02-28T10:12:13.048+0000] {standard_task_runner.py:91} INFO - Job 1974: Subtask upload_postgre_to_s3_users
[2026-02-28T10:12:13.168+0000] {task_command.py:426} INFO - Running <TaskInstance: oltp_s3_dwh.upload_postgre_to_s3_users scheduled__2025-01-01T00:00:00+00:00 [running]> on host 31b45edbecf3
[2026-02-28T10:12:13.418+0000] {taskinstance.py:2648} INFO - Exporting env vars: AIRFLOW_CTX_DAG_OWNER='***' AIRFLOW_CTX_DAG_ID='oltp_s3_dwh' AIRFLOW_CTX_TASK_ID='upload_postgre_to_s3_users' AIRFLOW_CTX_EXECUTION_DATE='2025-01-01T00:00:00+00:00' AIRFLOW_CTX_TRY_NUMBER='3' AIRFLOW_CTX_DAG_RUN_ID='scheduled__2025-01-01T00:00:00+00:00'
[2026-02-28T10:12:13.421+0000] {taskinstance.py:430} INFO - ::endgroup::
[2026-02-28T10:12:13.475+0000] {base.py:84} INFO - Using connection ID 'postgres_oltp' for task execution.
[2026-02-28T10:12:13.501+0000] {logging_mixin.py:188} WARNING - /home/***/.local/lib/python3.12/site-packages/***/providers/common/sql/hooks/sql.py:269 UserWarning: pandas only supports SQLAlchemy connectable (engine/connection) or database string URI or sqlite3 DBAPI2 connection. Other DBAPI2 objects are not tested. Please consider using SQLAlchemy.
[2026-02-28T10:12:13.518+0000] {logging_mixin.py:188} INFO - В таблице users нет данных
[2026-02-28T10:12:13.526+0000] {python.py:237} INFO - Done. Returned value was: None
[2026-02-28T10:12:13.529+0000] {taskinstance.py:441} INFO - ::group::Post task execution logs
[2026-02-28T10:12:13.559+0000] {taskinstance.py:1206} INFO - Marking task as SUCCESS. dag_id=oltp_s3_dwh, task_id=upload_postgre_to_s3_users, run_id=scheduled__2025-01-01T00:00:00+00:00, execution_date=20250101T000000, start_date=20260228T101212, end_date=20260228T101213
[2026-02-28T10:12:13.602+0000] {local_task_job_runner.py:243} INFO - Task exited with return code 0
[2026-02-28T10:12:13.706+0000] {taskinstance.py:3503} INFO - 1 downstream tasks scheduled from follow-on schedule check
[2026-02-28T10:12:13.711+0000] {local_task_job_runner.py:222} INFO - ::endgroup::
