[2026-02-26T12:06:51.636+0000] {local_task_job_runner.py:120} INFO - ::group::Pre task execution logs
[2026-02-26T12:06:51.715+0000] {taskinstance.py:2076} INFO - Dependencies all met for dep_context=non-requeueable deps ti=<TaskInstance: oltp_s3_dwh.upload_postgre_to_s3_users scheduled__2025-03-01T00:00:00+00:00 [queued]>
[2026-02-26T12:06:51.740+0000] {taskinstance.py:2076} INFO - Dependencies all met for dep_context=requeueable deps ti=<TaskInstance: oltp_s3_dwh.upload_postgre_to_s3_users scheduled__2025-03-01T00:00:00+00:00 [queued]>
[2026-02-26T12:06:51.744+0000] {taskinstance.py:2306} INFO - Starting attempt 1 of 1
[2026-02-26T12:06:51.824+0000] {taskinstance.py:2330} INFO - Executing <Task(PythonOperator): upload_postgre_to_s3_users> on 2025-03-01 00:00:00+00:00
[2026-02-26T12:06:51.917+0000] {logging_mixin.py:188} WARNING - /home/***/.local/lib/python3.12/site-packages/***/task/task_runner/standard_task_runner.py:62 DeprecationWarning: This process (pid=4442) is multi-threaded, use of fork() may lead to deadlocks in the child.
[2026-02-26T12:06:51.908+0000] {standard_task_runner.py:90} INFO - Running: ['***', 'tasks', 'run', 'oltp_s3_dwh', 'upload_postgre_to_s3_users', 'scheduled__2025-03-01T00:00:00+00:00', '--job-id', '1009', '--raw', '--subdir', 'DAGS_FOLDER/oltp_s3_dwh_dict.py', '--cfg-path', '/tmp/tmp9eex1x_d']
[2026-02-26T12:06:51.971+0000] {standard_task_runner.py:64} INFO - Started process 4460 to run task
[2026-02-26T12:06:51.970+0000] {standard_task_runner.py:91} INFO - Job 1009: Subtask upload_postgre_to_s3_users
[2026-02-26T12:06:52.104+0000] {task_command.py:426} INFO - Running <TaskInstance: oltp_s3_dwh.upload_postgre_to_s3_users scheduled__2025-03-01T00:00:00+00:00 [running]> on host 31b45edbecf3
[2026-02-26T12:06:52.353+0000] {taskinstance.py:2648} INFO - Exporting env vars: AIRFLOW_CTX_DAG_OWNER='***' AIRFLOW_CTX_DAG_ID='oltp_s3_dwh' AIRFLOW_CTX_TASK_ID='upload_postgre_to_s3_users' AIRFLOW_CTX_EXECUTION_DATE='2025-03-01T00:00:00+00:00' AIRFLOW_CTX_TRY_NUMBER='1' AIRFLOW_CTX_DAG_RUN_ID='scheduled__2025-03-01T00:00:00+00:00'
[2026-02-26T12:06:52.357+0000] {taskinstance.py:430} INFO - ::endgroup::
[2026-02-26T12:06:52.399+0000] {base.py:84} INFO - Using connection ID 'postgres_oltp' for task execution.
[2026-02-26T12:06:52.443+0000] {logging_mixin.py:188} WARNING - /home/***/.local/lib/python3.12/site-packages/***/providers/common/sql/hooks/sql.py:269 UserWarning: pandas only supports SQLAlchemy connectable (engine/connection) or database string URI or sqlite3 DBAPI2 connection. Other DBAPI2 objects are not tested. Please consider using SQLAlchemy.
[2026-02-26T12:06:52.471+0000] {logging_mixin.py:188} INFO - В таблице users нет данных
[2026-02-26T12:06:52.480+0000] {python.py:237} INFO - Done. Returned value was: None
[2026-02-26T12:06:52.481+0000] {taskinstance.py:441} INFO - ::group::Post task execution logs
[2026-02-26T12:06:52.507+0000] {taskinstance.py:1206} INFO - Marking task as SUCCESS. dag_id=oltp_s3_dwh, task_id=upload_postgre_to_s3_users, run_id=scheduled__2025-03-01T00:00:00+00:00, execution_date=20250301T000000, start_date=20260226T120651, end_date=20260226T120652
[2026-02-26T12:06:52.588+0000] {local_task_job_runner.py:243} INFO - Task exited with return code 0
[2026-02-26T12:06:52.641+0000] {taskinstance.py:3503} INFO - 0 downstream tasks scheduled from follow-on schedule check
[2026-02-26T12:06:52.654+0000] {local_task_job_runner.py:222} INFO - ::endgroup::
[2026-02-27T19:00:05.923+0000] {local_task_job_runner.py:120} INFO - ::group::Pre task execution logs
[2026-02-27T19:00:05.975+0000] {taskinstance.py:2076} INFO - Dependencies all met for dep_context=non-requeueable deps ti=<TaskInstance: oltp_s3_dwh.upload_postgre_to_s3_users scheduled__2025-03-01T00:00:00+00:00 [queued]>
[2026-02-27T19:00:06.009+0000] {taskinstance.py:2076} INFO - Dependencies all met for dep_context=requeueable deps ti=<TaskInstance: oltp_s3_dwh.upload_postgre_to_s3_users scheduled__2025-03-01T00:00:00+00:00 [queued]>
[2026-02-27T19:00:06.010+0000] {taskinstance.py:2306} INFO - Starting attempt 1 of 1
[2026-02-27T19:00:06.061+0000] {taskinstance.py:2330} INFO - Executing <Task(PythonOperator): upload_postgre_to_s3_users> on 2025-03-01 00:00:00+00:00
[2026-02-27T19:00:06.100+0000] {logging_mixin.py:188} WARNING - /home/***/.local/lib/python3.12/site-packages/***/task/task_runner/standard_task_runner.py:62 DeprecationWarning: This process (pid=32100) is multi-threaded, use of fork() may lead to deadlocks in the child.
[2026-02-27T19:00:06.110+0000] {standard_task_runner.py:64} INFO - Started process 32118 to run task
[2026-02-27T19:00:06.196+0000] {standard_task_runner.py:90} INFO - Running: ['***', 'tasks', 'run', 'oltp_s3_dwh', 'upload_postgre_to_s3_users', 'scheduled__2025-03-01T00:00:00+00:00', '--job-id', '1554', '--raw', '--subdir', 'DAGS_FOLDER/oltp_s3_dwh.py', '--cfg-path', '/tmp/tmp_o88r2xk']
[2026-02-27T19:00:06.199+0000] {standard_task_runner.py:91} INFO - Job 1554: Subtask upload_postgre_to_s3_users
[2026-02-27T19:00:06.351+0000] {task_command.py:426} INFO - Running <TaskInstance: oltp_s3_dwh.upload_postgre_to_s3_users scheduled__2025-03-01T00:00:00+00:00 [running]> on host 31b45edbecf3
[2026-02-27T19:00:06.616+0000] {taskinstance.py:2648} INFO - Exporting env vars: AIRFLOW_CTX_DAG_OWNER='***' AIRFLOW_CTX_DAG_ID='oltp_s3_dwh' AIRFLOW_CTX_TASK_ID='upload_postgre_to_s3_users' AIRFLOW_CTX_EXECUTION_DATE='2025-03-01T00:00:00+00:00' AIRFLOW_CTX_TRY_NUMBER='1' AIRFLOW_CTX_DAG_RUN_ID='scheduled__2025-03-01T00:00:00+00:00'
[2026-02-27T19:00:06.620+0000] {taskinstance.py:430} INFO - ::endgroup::
[2026-02-27T19:00:06.692+0000] {base.py:84} INFO - Using connection ID 'postgres_oltp' for task execution.
[2026-02-27T19:00:06.732+0000] {logging_mixin.py:188} WARNING - /home/***/.local/lib/python3.12/site-packages/***/providers/common/sql/hooks/sql.py:269 UserWarning: pandas only supports SQLAlchemy connectable (engine/connection) or database string URI or sqlite3 DBAPI2 connection. Other DBAPI2 objects are not tested. Please consider using SQLAlchemy.
[2026-02-27T19:00:06.774+0000] {logging_mixin.py:188} INFO - В таблице users нет данных
[2026-02-27T19:00:06.777+0000] {python.py:237} INFO - Done. Returned value was: None
[2026-02-27T19:00:06.780+0000] {taskinstance.py:441} INFO - ::group::Post task execution logs
[2026-02-27T19:00:06.806+0000] {taskinstance.py:1206} INFO - Marking task as SUCCESS. dag_id=oltp_s3_dwh, task_id=upload_postgre_to_s3_users, run_id=scheduled__2025-03-01T00:00:00+00:00, execution_date=20250301T000000, start_date=20260227T190005, end_date=20260227T190006
[2026-02-27T19:00:06.832+0000] {local_task_job_runner.py:243} INFO - Task exited with return code 0
[2026-02-27T19:00:06.847+0000] {local_task_job_runner.py:222} INFO - ::endgroup::
