[2026-02-26T12:07:33.050+0000] {local_task_job_runner.py:120} INFO - ::group::Pre task execution logs
[2026-02-26T12:07:33.127+0000] {taskinstance.py:2076} INFO - Dependencies all met for dep_context=non-requeueable deps ti=<TaskInstance: oltp_s3_dwh.upload_postgre_to_s3_accounts scheduled__2026-01-01T00:00:00+00:00 [queued]>
[2026-02-26T12:07:33.211+0000] {taskinstance.py:2076} INFO - Dependencies all met for dep_context=requeueable deps ti=<TaskInstance: oltp_s3_dwh.upload_postgre_to_s3_accounts scheduled__2026-01-01T00:00:00+00:00 [queued]>
[2026-02-26T12:07:33.228+0000] {taskinstance.py:2306} INFO - Starting attempt 1 of 1
[2026-02-26T12:07:33.282+0000] {taskinstance.py:2330} INFO - Executing <Task(PythonOperator): upload_postgre_to_s3_accounts> on 2026-01-01 00:00:00+00:00
[2026-02-26T12:07:33.312+0000] {logging_mixin.py:188} WARNING - /home/***/.local/lib/python3.12/site-packages/***/task/task_runner/standard_task_runner.py:62 DeprecationWarning: This process (pid=4885) is multi-threaded, use of fork() may lead to deadlocks in the child.
[2026-02-26T12:07:33.349+0000] {standard_task_runner.py:64} INFO - Started process 4927 to run task
[2026-02-26T12:07:33.352+0000] {standard_task_runner.py:90} INFO - Running: ['***', 'tasks', 'run', 'oltp_s3_dwh', 'upload_postgre_to_s3_accounts', 'scheduled__2026-01-01T00:00:00+00:00', '--job-id', '1093', '--raw', '--subdir', 'DAGS_FOLDER/oltp_s3_dwh_dict.py', '--cfg-path', '/tmp/tmpft65jscy']
[2026-02-26T12:07:33.358+0000] {standard_task_runner.py:91} INFO - Job 1093: Subtask upload_postgre_to_s3_accounts
[2026-02-26T12:07:33.605+0000] {task_command.py:426} INFO - Running <TaskInstance: oltp_s3_dwh.upload_postgre_to_s3_accounts scheduled__2026-01-01T00:00:00+00:00 [running]> on host 31b45edbecf3
[2026-02-26T12:07:34.137+0000] {taskinstance.py:2648} INFO - Exporting env vars: AIRFLOW_CTX_DAG_OWNER='***' AIRFLOW_CTX_DAG_ID='oltp_s3_dwh' AIRFLOW_CTX_TASK_ID='upload_postgre_to_s3_accounts' AIRFLOW_CTX_EXECUTION_DATE='2026-01-01T00:00:00+00:00' AIRFLOW_CTX_TRY_NUMBER='1' AIRFLOW_CTX_DAG_RUN_ID='scheduled__2026-01-01T00:00:00+00:00'
[2026-02-26T12:07:34.140+0000] {taskinstance.py:430} INFO - ::endgroup::
[2026-02-26T12:07:34.300+0000] {base.py:84} INFO - Using connection ID 'postgres_oltp' for task execution.
[2026-02-26T12:07:34.339+0000] {logging_mixin.py:188} WARNING - /home/***/.local/lib/python3.12/site-packages/***/providers/common/sql/hooks/sql.py:269 UserWarning: pandas only supports SQLAlchemy connectable (engine/connection) or database string URI or sqlite3 DBAPI2 connection. Other DBAPI2 objects are not tested. Please consider using SQLAlchemy.
[2026-02-26T12:07:34.357+0000] {logging_mixin.py:188} INFO - В таблице accounts нет данных
[2026-02-26T12:07:34.358+0000] {python.py:237} INFO - Done. Returned value was: None
[2026-02-26T12:07:34.369+0000] {taskinstance.py:441} INFO - ::group::Post task execution logs
[2026-02-26T12:07:34.391+0000] {taskinstance.py:1206} INFO - Marking task as SUCCESS. dag_id=oltp_s3_dwh, task_id=upload_postgre_to_s3_accounts, run_id=scheduled__2026-01-01T00:00:00+00:00, execution_date=20260101T000000, start_date=20260226T120733, end_date=20260226T120734
[2026-02-26T12:07:34.432+0000] {local_task_job_runner.py:243} INFO - Task exited with return code 0
[2026-02-26T12:07:34.497+0000] {taskinstance.py:3503} INFO - 0 downstream tasks scheduled from follow-on schedule check
[2026-02-26T12:07:34.507+0000] {local_task_job_runner.py:222} INFO - ::endgroup::
[2026-02-27T19:02:04.547+0000] {local_task_job_runner.py:120} INFO - ::group::Pre task execution logs
[2026-02-27T19:02:04.582+0000] {taskinstance.py:2076} INFO - Dependencies all met for dep_context=non-requeueable deps ti=<TaskInstance: oltp_s3_dwh.upload_postgre_to_s3_accounts scheduled__2026-01-01T00:00:00+00:00 [queued]>
[2026-02-27T19:02:04.592+0000] {taskinstance.py:2076} INFO - Dependencies all met for dep_context=requeueable deps ti=<TaskInstance: oltp_s3_dwh.upload_postgre_to_s3_accounts scheduled__2026-01-01T00:00:00+00:00 [queued]>
[2026-02-27T19:02:04.593+0000] {taskinstance.py:2306} INFO - Starting attempt 1 of 1
[2026-02-27T19:02:04.618+0000] {taskinstance.py:2330} INFO - Executing <Task(PythonOperator): upload_postgre_to_s3_accounts> on 2026-01-01 00:00:00+00:00
[2026-02-27T19:02:04.630+0000] {logging_mixin.py:188} WARNING - /home/***/.local/lib/python3.12/site-packages/***/task/task_runner/standard_task_runner.py:62 DeprecationWarning: This process (pid=33142) is multi-threaded, use of fork() may lead to deadlocks in the child.
[2026-02-27T19:02:04.632+0000] {standard_task_runner.py:64} INFO - Started process 33160 to run task
[2026-02-27T19:02:04.637+0000] {standard_task_runner.py:90} INFO - Running: ['***', 'tasks', 'run', 'oltp_s3_dwh', 'upload_postgre_to_s3_accounts', 'scheduled__2026-01-01T00:00:00+00:00', '--job-id', '1760', '--raw', '--subdir', 'DAGS_FOLDER/oltp_s3_dwh.py', '--cfg-path', '/tmp/tmpqryqz8c2']
[2026-02-27T19:02:04.647+0000] {standard_task_runner.py:91} INFO - Job 1760: Subtask upload_postgre_to_s3_accounts
[2026-02-27T19:02:04.802+0000] {task_command.py:426} INFO - Running <TaskInstance: oltp_s3_dwh.upload_postgre_to_s3_accounts scheduled__2026-01-01T00:00:00+00:00 [running]> on host 31b45edbecf3
[2026-02-27T19:02:05.113+0000] {taskinstance.py:2648} INFO - Exporting env vars: AIRFLOW_CTX_DAG_OWNER='***' AIRFLOW_CTX_DAG_ID='oltp_s3_dwh' AIRFLOW_CTX_TASK_ID='upload_postgre_to_s3_accounts' AIRFLOW_CTX_EXECUTION_DATE='2026-01-01T00:00:00+00:00' AIRFLOW_CTX_TRY_NUMBER='1' AIRFLOW_CTX_DAG_RUN_ID='scheduled__2026-01-01T00:00:00+00:00'
[2026-02-27T19:02:05.115+0000] {taskinstance.py:430} INFO - ::endgroup::
[2026-02-27T19:02:05.193+0000] {base.py:84} INFO - Using connection ID 'postgres_oltp' for task execution.
[2026-02-27T19:02:05.210+0000] {logging_mixin.py:188} WARNING - /home/***/.local/lib/python3.12/site-packages/***/providers/common/sql/hooks/sql.py:269 UserWarning: pandas only supports SQLAlchemy connectable (engine/connection) or database string URI or sqlite3 DBAPI2 connection. Other DBAPI2 objects are not tested. Please consider using SQLAlchemy.
[2026-02-27T19:02:05.226+0000] {logging_mixin.py:188} INFO - В таблице accounts нет данных
[2026-02-27T19:02:05.227+0000] {python.py:237} INFO - Done. Returned value was: None
[2026-02-27T19:02:05.229+0000] {taskinstance.py:441} INFO - ::group::Post task execution logs
[2026-02-27T19:02:05.368+0000] {taskinstance.py:1206} INFO - Marking task as SUCCESS. dag_id=oltp_s3_dwh, task_id=upload_postgre_to_s3_accounts, run_id=scheduled__2026-01-01T00:00:00+00:00, execution_date=20260101T000000, start_date=20260227T190204, end_date=20260227T190205
[2026-02-27T19:02:05.508+0000] {local_task_job_runner.py:243} INFO - Task exited with return code 0
[2026-02-27T19:02:05.590+0000] {taskinstance.py:3503} INFO - 1 downstream tasks scheduled from follow-on schedule check
[2026-02-27T19:02:05.604+0000] {local_task_job_runner.py:222} INFO - ::endgroup::
