[2026-02-26T17:56:04.280+0000] {local_task_job_runner.py:120} INFO - ::group::Pre task execution logs
[2026-02-26T17:56:04.363+0000] {taskinstance.py:2076} INFO - Dependencies all met for dep_context=non-requeueable deps ti=<TaskInstance: oltp_s3_dwh.upload_s3_to_dwh_users scheduled__2025-08-01T00:00:00+00:00 [queued]>
[2026-02-26T17:56:04.440+0000] {taskinstance.py:2076} INFO - Dependencies all met for dep_context=requeueable deps ti=<TaskInstance: oltp_s3_dwh.upload_s3_to_dwh_users scheduled__2025-08-01T00:00:00+00:00 [queued]>
[2026-02-26T17:56:04.443+0000] {taskinstance.py:2306} INFO - Starting attempt 1 of 1
[2026-02-26T17:56:04.516+0000] {taskinstance.py:2330} INFO - Executing <Task(PythonOperator): upload_s3_to_dwh_users> on 2025-08-01 00:00:00+00:00
[2026-02-26T17:56:04.589+0000] {logging_mixin.py:188} WARNING - /home/***/.local/lib/python3.12/site-packages/***/task/task_runner/standard_task_runner.py:62 DeprecationWarning: This process (pid=7046) is multi-threaded, use of fork() may lead to deadlocks in the child.
[2026-02-26T17:56:04.599+0000] {standard_task_runner.py:64} INFO - Started process 7107 to run task
[2026-02-26T17:56:04.597+0000] {standard_task_runner.py:90} INFO - Running: ['***', 'tasks', 'run', 'oltp_s3_dwh', 'upload_s3_to_dwh_users', 'scheduled__2025-08-01T00:00:00+00:00', '--job-id', '1226', '--raw', '--subdir', 'DAGS_FOLDER/oltp_s3_dwh.py', '--cfg-path', '/tmp/tmpgogswd9r']
[2026-02-26T17:56:04.622+0000] {standard_task_runner.py:91} INFO - Job 1226: Subtask upload_s3_to_dwh_users
[2026-02-26T17:56:04.821+0000] {task_command.py:426} INFO - Running <TaskInstance: oltp_s3_dwh.upload_s3_to_dwh_users scheduled__2025-08-01T00:00:00+00:00 [running]> on host 31b45edbecf3
[2026-02-26T17:56:05.297+0000] {taskinstance.py:2648} INFO - Exporting env vars: AIRFLOW_CTX_DAG_OWNER='***' AIRFLOW_CTX_DAG_ID='oltp_s3_dwh' AIRFLOW_CTX_TASK_ID='upload_s3_to_dwh_users' AIRFLOW_CTX_EXECUTION_DATE='2025-08-01T00:00:00+00:00' AIRFLOW_CTX_TRY_NUMBER='1' AIRFLOW_CTX_DAG_RUN_ID='scheduled__2025-08-01T00:00:00+00:00'
[2026-02-26T17:56:05.301+0000] {taskinstance.py:430} INFO - ::endgroup::
[2026-02-26T17:56:05.411+0000] {base.py:84} INFO - Using connection ID 'postgres_dwh' for task execution.
[2026-02-26T17:56:05.424+0000] {sql.py:495} INFO - Running statement: SELECT table_schema, table_name FROM information_schema.tables WHERE table_schema = 'staging';, parameters: None
[2026-02-26T17:56:05.434+0000] {sql.py:504} INFO - Rows affected: 9
[2026-02-26T17:56:05.442+0000] {logging_mixin.py:188} INFO - DEBUG: Доступные таблицы в схеме staging: [('staging', 'exchange_rates'), ('staging', 'users'), ('staging', 'accounts'), ('staging', 'dict_merchants'), ('staging', 'cards'), ('staging', 'transactions'), ('staging', 'dict_tariffs'), ('staging', 'dict_regions'), ('staging', 'dict_mcc')]
[2026-02-26T17:56:05.471+0000] {base.py:84} INFO - Using connection ID 'minio_conn_id' for task execution.
[2026-02-26T17:56:05.474+0000] {connection_wrapper.py:384} INFO - AWS Connection (conn_id='minio_conn_id', conn_type='aws') credentials retrieved from login and ***.
[2026-02-26T17:56:06.966+0000] {logging_mixin.py:188} INFO - Файл raw/not_dict/users/2025-08-01/data.parquet не найден в S3. Пропускаем загрузку.
[2026-02-26T17:56:06.974+0000] {python.py:237} INFO - Done. Returned value was: None
[2026-02-26T17:56:06.980+0000] {taskinstance.py:441} INFO - ::group::Post task execution logs
[2026-02-26T17:56:07.026+0000] {taskinstance.py:1206} INFO - Marking task as SUCCESS. dag_id=oltp_s3_dwh, task_id=upload_s3_to_dwh_users, run_id=scheduled__2025-08-01T00:00:00+00:00, execution_date=20250801T000000, start_date=20260226T175604, end_date=20260226T175607
[2026-02-26T17:56:07.111+0000] {local_task_job_runner.py:243} INFO - Task exited with return code 0
[2026-02-26T17:56:07.268+0000] {taskinstance.py:3503} INFO - 0 downstream tasks scheduled from follow-on schedule check
[2026-02-26T17:56:07.277+0000] {local_task_job_runner.py:222} INFO - ::endgroup::
[2026-02-27T19:01:10.374+0000] {local_task_job_runner.py:120} INFO - ::group::Pre task execution logs
[2026-02-27T19:01:10.441+0000] {taskinstance.py:2076} INFO - Dependencies all met for dep_context=non-requeueable deps ti=<TaskInstance: oltp_s3_dwh.upload_s3_to_dwh_users scheduled__2025-08-01T00:00:00+00:00 [queued]>
[2026-02-27T19:01:10.480+0000] {taskinstance.py:2076} INFO - Dependencies all met for dep_context=requeueable deps ti=<TaskInstance: oltp_s3_dwh.upload_s3_to_dwh_users scheduled__2025-08-01T00:00:00+00:00 [queued]>
[2026-02-27T19:01:10.483+0000] {taskinstance.py:2306} INFO - Starting attempt 1 of 1
[2026-02-27T19:01:10.547+0000] {taskinstance.py:2330} INFO - Executing <Task(PythonOperator): upload_s3_to_dwh_users> on 2025-08-01 00:00:00+00:00
[2026-02-27T19:01:10.575+0000] {logging_mixin.py:188} WARNING - /home/***/.local/lib/python3.12/site-packages/***/task/task_runner/standard_task_runner.py:62 DeprecationWarning: This process (pid=32647) is multi-threaded, use of fork() may lead to deadlocks in the child.
[2026-02-27T19:01:10.586+0000] {standard_task_runner.py:64} INFO - Started process 32672 to run task
[2026-02-27T19:01:10.571+0000] {standard_task_runner.py:90} INFO - Running: ['***', 'tasks', 'run', 'oltp_s3_dwh', 'upload_s3_to_dwh_users', 'scheduled__2025-08-01T00:00:00+00:00', '--job-id', '1661', '--raw', '--subdir', 'DAGS_FOLDER/oltp_s3_dwh.py', '--cfg-path', '/tmp/tmpkyzxppbz']
[2026-02-27T19:01:10.592+0000] {standard_task_runner.py:91} INFO - Job 1661: Subtask upload_s3_to_dwh_users
[2026-02-27T19:01:10.763+0000] {task_command.py:426} INFO - Running <TaskInstance: oltp_s3_dwh.upload_s3_to_dwh_users scheduled__2025-08-01T00:00:00+00:00 [running]> on host 31b45edbecf3
[2026-02-27T19:01:11.087+0000] {taskinstance.py:2648} INFO - Exporting env vars: AIRFLOW_CTX_DAG_OWNER='***' AIRFLOW_CTX_DAG_ID='oltp_s3_dwh' AIRFLOW_CTX_TASK_ID='upload_s3_to_dwh_users' AIRFLOW_CTX_EXECUTION_DATE='2025-08-01T00:00:00+00:00' AIRFLOW_CTX_TRY_NUMBER='1' AIRFLOW_CTX_DAG_RUN_ID='scheduled__2025-08-01T00:00:00+00:00'
[2026-02-27T19:01:11.091+0000] {taskinstance.py:430} INFO - ::endgroup::
[2026-02-27T19:01:11.165+0000] {base.py:84} INFO - Using connection ID 'postgres_dwh' for task execution.
[2026-02-27T19:01:11.177+0000] {sql.py:495} INFO - Running statement: SELECT table_schema, table_name FROM information_schema.tables WHERE table_schema = 'staging';, parameters: None
[2026-02-27T19:01:11.180+0000] {sql.py:504} INFO - Rows affected: 9
[2026-02-27T19:01:11.182+0000] {logging_mixin.py:188} INFO - DEBUG: Доступные таблицы в схеме staging: [('staging', 'exchange_rates'), ('staging', 'cards'), ('staging', 'users'), ('staging', 'accounts'), ('staging', 'dict_merchants'), ('staging', 'dict_mcc'), ('staging', 'dict_regions'), ('staging', 'dict_tariffs'), ('staging', 'transactions')]
[2026-02-27T19:01:11.204+0000] {base.py:84} INFO - Using connection ID 'minio_conn_id' for task execution.
[2026-02-27T19:01:11.208+0000] {connection_wrapper.py:384} INFO - AWS Connection (conn_id='minio_conn_id', conn_type='aws') credentials retrieved from login and ***.
[2026-02-27T19:01:12.193+0000] {logging_mixin.py:188} INFO - Файл raw/not_dict/users/2025-08-01/data.parquet не найден в S3. Пропускаем загрузку.
[2026-02-27T19:01:12.199+0000] {python.py:237} INFO - Done. Returned value was: None
[2026-02-27T19:01:12.201+0000] {taskinstance.py:441} INFO - ::group::Post task execution logs
[2026-02-27T19:01:12.216+0000] {taskinstance.py:1206} INFO - Marking task as SUCCESS. dag_id=oltp_s3_dwh, task_id=upload_s3_to_dwh_users, run_id=scheduled__2025-08-01T00:00:00+00:00, execution_date=20250801T000000, start_date=20260227T190110, end_date=20260227T190112
[2026-02-27T19:01:12.276+0000] {local_task_job_runner.py:243} INFO - Task exited with return code 0
[2026-02-27T19:01:12.345+0000] {taskinstance.py:3503} INFO - 0 downstream tasks scheduled from follow-on schedule check
[2026-02-27T19:01:12.352+0000] {local_task_job_runner.py:222} INFO - ::endgroup::
