[2026-02-27T10:33:07.718+0000] {local_task_job_runner.py:120} INFO - ::group::Pre task execution logs
[2026-02-27T10:33:07.770+0000] {taskinstance.py:2076} INFO - Dependencies all met for dep_context=non-requeueable deps ti=<TaskInstance: staging_to_core.wait_for_cards scheduled__2025-12-01T00:00:00+00:00 [queued]>
[2026-02-27T10:33:07.790+0000] {taskinstance.py:2076} INFO - Dependencies all met for dep_context=requeueable deps ti=<TaskInstance: staging_to_core.wait_for_cards scheduled__2025-12-01T00:00:00+00:00 [queued]>
[2026-02-27T10:33:07.791+0000] {taskinstance.py:2306} INFO - Starting attempt 1 of 1
[2026-02-27T10:33:07.821+0000] {taskinstance.py:2330} INFO - Executing <Task(ExternalTaskSensor): wait_for_cards> on 2025-12-01 00:00:00+00:00
[2026-02-27T10:33:07.831+0000] {logging_mixin.py:188} WARNING - /home/***/.local/lib/python3.12/site-packages/***/task/task_runner/standard_task_runner.py:62 DeprecationWarning: This process (pid=9649) is multi-threaded, use of fork() may lead to deadlocks in the child.
[2026-02-27T10:33:07.834+0000] {standard_task_runner.py:64} INFO - Started process 9650 to run task
[2026-02-27T10:33:07.836+0000] {standard_task_runner.py:90} INFO - Running: ['***', 'tasks', 'run', 'staging_to_core', 'wait_for_cards', 'scheduled__2025-12-01T00:00:00+00:00', '--job-id', '1481', '--raw', '--subdir', 'DAGS_FOLDER/staging_to_core.py', '--cfg-path', '/tmp/tmp07elwb29']
[2026-02-27T10:33:07.849+0000] {standard_task_runner.py:91} INFO - Job 1481: Subtask wait_for_cards
[2026-02-27T10:33:07.965+0000] {task_command.py:426} INFO - Running <TaskInstance: staging_to_core.wait_for_cards scheduled__2025-12-01T00:00:00+00:00 [running]> on host 31b45edbecf3
[2026-02-27T10:33:09.300+0000] {taskinstance.py:2648} INFO - Exporting env vars: AIRFLOW_CTX_DAG_OWNER='***' AIRFLOW_CTX_DAG_ID='staging_to_core' AIRFLOW_CTX_TASK_ID='wait_for_cards' AIRFLOW_CTX_EXECUTION_DATE='2025-12-01T00:00:00+00:00' AIRFLOW_CTX_TRY_NUMBER='1' AIRFLOW_CTX_DAG_RUN_ID='scheduled__2025-12-01T00:00:00+00:00'
[2026-02-27T10:33:09.302+0000] {taskinstance.py:430} INFO - ::endgroup::
[2026-02-27T10:33:09.319+0000] {baseoperator.py:400} WARNING - ExternalTaskSensor.execute cannot be called outside TaskInstance!
[2026-02-27T10:33:09.334+0000] {external_task.py:258} INFO - Poking for tasks ['upload_s3_to_dwh_cards'] in dag oltp_s3_dwh on 2025-12-01T00:00:00+00:00 ... 
[2026-02-27T10:33:09.337+0000] {logging_mixin.py:188} WARNING - /home/***/.local/lib/python3.12/site-packages/***/utils/session.py:79 DeprecationWarning: This method is deprecated and will be removed in future.
[2026-02-27T10:33:09.351+0000] {base.py:294} INFO - Success criteria met. Exiting.
[2026-02-27T10:33:09.352+0000] {taskinstance.py:441} INFO - ::group::Post task execution logs
[2026-02-27T10:33:09.365+0000] {taskinstance.py:1206} INFO - Marking task as SUCCESS. dag_id=staging_to_core, task_id=wait_for_cards, run_id=scheduled__2025-12-01T00:00:00+00:00, execution_date=20251201T000000, start_date=20260227T103307, end_date=20260227T103309
[2026-02-27T10:33:05.923+0000] {local_task_job_runner.py:243} INFO - Task exited with return code 0
[2026-02-27T10:33:05.942+0000] {logging_mixin.py:188} WARNING - /home/***/.local/lib/python3.12/site-packages/***/models/baseoperator.py:1297 AirflowProviderDeprecationWarning: Call to deprecated class PostgresOperator. (Please use `***.providers.common.sql.operators.sql.SQLExecuteQueryOperator`.Also, you can provide `hook_params={'schema': <database>}`.)
[2026-02-27T10:33:05.979+0000] {taskinstance.py:3503} INFO - 1 downstream tasks scheduled from follow-on schedule check
[2026-02-27T10:33:05.983+0000] {local_task_job_runner.py:222} INFO - ::endgroup::
[2026-02-27T19:05:03.186+0000] {local_task_job_runner.py:120} INFO - ::group::Pre task execution logs
[2026-02-27T19:05:03.228+0000] {taskinstance.py:2076} INFO - Dependencies all met for dep_context=non-requeueable deps ti=<TaskInstance: staging_to_core.wait_for_cards scheduled__2025-12-01T00:00:00+00:00 [queued]>
[2026-02-27T19:05:03.243+0000] {taskinstance.py:2076} INFO - Dependencies all met for dep_context=requeueable deps ti=<TaskInstance: staging_to_core.wait_for_cards scheduled__2025-12-01T00:00:00+00:00 [queued]>
[2026-02-27T19:05:03.244+0000] {taskinstance.py:2306} INFO - Starting attempt 1 of 1
[2026-02-27T19:05:03.284+0000] {taskinstance.py:2330} INFO - Executing <Task(ExternalTaskSensor): wait_for_cards> on 2025-12-01 00:00:00+00:00
[2026-02-27T19:05:03.293+0000] {logging_mixin.py:188} WARNING - /home/***/.local/lib/python3.12/site-packages/***/task/task_runner/standard_task_runner.py:62 DeprecationWarning: This process (pid=33704) is multi-threaded, use of fork() may lead to deadlocks in the child.
[2026-02-27T19:05:03.293+0000] {standard_task_runner.py:90} INFO - Running: ['***', 'tasks', 'run', 'staging_to_core', 'wait_for_cards', 'scheduled__2025-12-01T00:00:00+00:00', '--job-id', '1913', '--raw', '--subdir', 'DAGS_FOLDER/staging_to_core.py', '--cfg-path', '/tmp/tmp2f7tia7k']
[2026-02-27T19:05:03.295+0000] {standard_task_runner.py:64} INFO - Started process 33705 to run task
[2026-02-27T19:05:03.296+0000] {standard_task_runner.py:91} INFO - Job 1913: Subtask wait_for_cards
[2026-02-27T19:05:03.367+0000] {task_command.py:426} INFO - Running <TaskInstance: staging_to_core.wait_for_cards scheduled__2025-12-01T00:00:00+00:00 [running]> on host 31b45edbecf3
[2026-02-27T19:05:03.500+0000] {taskinstance.py:2648} INFO - Exporting env vars: AIRFLOW_CTX_DAG_OWNER='***' AIRFLOW_CTX_DAG_ID='staging_to_core' AIRFLOW_CTX_TASK_ID='wait_for_cards' AIRFLOW_CTX_EXECUTION_DATE='2025-12-01T00:00:00+00:00' AIRFLOW_CTX_TRY_NUMBER='1' AIRFLOW_CTX_DAG_RUN_ID='scheduled__2025-12-01T00:00:00+00:00'
[2026-02-27T19:05:03.502+0000] {taskinstance.py:430} INFO - ::endgroup::
[2026-02-27T19:05:03.520+0000] {baseoperator.py:400} WARNING - ExternalTaskSensor.execute cannot be called outside TaskInstance!
[2026-02-27T19:05:03.534+0000] {external_task.py:258} INFO - Poking for tasks ['upload_s3_to_dwh_cards'] in dag oltp_s3_dwh on 2025-12-01T00:00:00+00:00 ... 
[2026-02-27T19:05:03.536+0000] {logging_mixin.py:188} WARNING - /home/***/.local/lib/python3.12/site-packages/***/utils/session.py:79 DeprecationWarning: This method is deprecated and will be removed in future.
[2026-02-27T19:05:03.548+0000] {base.py:294} INFO - Success criteria met. Exiting.
[2026-02-27T19:05:03.549+0000] {taskinstance.py:441} INFO - ::group::Post task execution logs
[2026-02-27T19:05:03.563+0000] {taskinstance.py:1206} INFO - Marking task as SUCCESS. dag_id=staging_to_core, task_id=wait_for_cards, run_id=scheduled__2025-12-01T00:00:00+00:00, execution_date=20251201T000000, start_date=20260227T190503, end_date=20260227T190503
[2026-02-27T19:05:03.594+0000] {local_task_job_runner.py:243} INFO - Task exited with return code 0
[2026-02-27T19:05:03.611+0000] {logging_mixin.py:188} WARNING - /home/***/.local/lib/python3.12/site-packages/***/models/baseoperator.py:1297 AirflowProviderDeprecationWarning: Call to deprecated class PostgresOperator. (Please use `***.providers.common.sql.operators.sql.SQLExecuteQueryOperator`.Also, you can provide `hook_params={'schema': <database>}`.)
[2026-02-27T19:05:03.645+0000] {taskinstance.py:3503} INFO - 1 downstream tasks scheduled from follow-on schedule check
[2026-02-27T19:05:03.650+0000] {local_task_job_runner.py:222} INFO - ::endgroup::
