[2026-02-26T17:40:55.012+0000] {local_task_job_runner.py:120} INFO - ::group::Pre task execution logs
[2026-02-26T17:40:55.063+0000] {taskinstance.py:2076} INFO - Dependencies all met for dep_context=non-requeueable deps ti=<TaskInstance: oltp_s3_dwh.upload_s3_to_dwh_dict_mcc manual__2026-02-26T12:02:57.810764+00:00 [queued]>
[2026-02-26T17:40:55.085+0000] {taskinstance.py:2076} INFO - Dependencies all met for dep_context=requeueable deps ti=<TaskInstance: oltp_s3_dwh.upload_s3_to_dwh_dict_mcc manual__2026-02-26T12:02:57.810764+00:00 [queued]>
[2026-02-26T17:40:55.087+0000] {taskinstance.py:2306} INFO - Starting attempt 5 of 5
[2026-02-26T17:40:55.125+0000] {taskinstance.py:2330} INFO - Executing <Task(PythonOperator): upload_s3_to_dwh_dict_mcc> on 2026-02-26 12:02:57.810764+00:00
[2026-02-26T17:40:55.143+0000] {logging_mixin.py:188} WARNING - /home/***/.local/lib/python3.12/site-packages/***/task/task_runner/standard_task_runner.py:62 DeprecationWarning: This process (pid=5714) is multi-threaded, use of fork() may lead to deadlocks in the child.
[2026-02-26T17:40:55.149+0000] {standard_task_runner.py:64} INFO - Started process 5730 to run task
[2026-02-26T17:40:55.160+0000] {standard_task_runner.py:90} INFO - Running: ['***', 'tasks', 'run', 'oltp_s3_dwh', 'upload_s3_to_dwh_dict_mcc', 'manual__2026-02-26T12:02:57.810764+00:00', '--job-id', '1150', '--raw', '--subdir', 'DAGS_FOLDER/oltp_s3_dwh.py', '--cfg-path', '/tmp/tmphs0eh8ps']
[2026-02-26T17:40:55.166+0000] {standard_task_runner.py:91} INFO - Job 1150: Subtask upload_s3_to_dwh_dict_mcc
[2026-02-26T17:40:55.314+0000] {task_command.py:426} INFO - Running <TaskInstance: oltp_s3_dwh.upload_s3_to_dwh_dict_mcc manual__2026-02-26T12:02:57.810764+00:00 [running]> on host 31b45edbecf3
[2026-02-26T17:40:55.563+0000] {taskinstance.py:2648} INFO - Exporting env vars: AIRFLOW_CTX_DAG_OWNER='***' AIRFLOW_CTX_DAG_ID='oltp_s3_dwh' AIRFLOW_CTX_TASK_ID='upload_s3_to_dwh_dict_mcc' AIRFLOW_CTX_EXECUTION_DATE='2026-02-26T12:02:57.810764+00:00' AIRFLOW_CTX_TRY_NUMBER='5' AIRFLOW_CTX_DAG_RUN_ID='manual__2026-02-26T12:02:57.810764+00:00'
[2026-02-26T17:40:55.571+0000] {taskinstance.py:430} INFO - ::endgroup::
[2026-02-26T17:40:55.684+0000] {base.py:84} INFO - Using connection ID 'postgres_dwh' for task execution.
[2026-02-26T17:40:55.702+0000] {sql.py:495} INFO - Running statement: SELECT table_schema, table_name FROM information_schema.tables WHERE table_schema = 'staging';, parameters: None
[2026-02-26T17:40:55.709+0000] {sql.py:504} INFO - Rows affected: 9
[2026-02-26T17:40:55.716+0000] {logging_mixin.py:188} INFO - DEBUG: Доступные таблицы в схеме staging: [('staging', 'exchange_rates'), ('staging', 'accounts'), ('staging', 'users'), ('staging', 'dict_merchants'), ('staging', 'dict_regions'), ('staging', 'transactions'), ('staging', 'dict_tariffs'), ('staging', 'dict_mcc'), ('staging', 'cards')]
[2026-02-26T17:40:55.749+0000] {base.py:84} INFO - Using connection ID 'minio_conn_id' for task execution.
[2026-02-26T17:40:55.751+0000] {connection_wrapper.py:384} INFO - AWS Connection (conn_id='minio_conn_id', conn_type='aws') credentials retrieved from login and ***.
[2026-02-26T17:40:56.251+0000] {base.py:84} INFO - Using connection ID 'postgres_dwh' for task execution.
[2026-02-26T17:40:56.264+0000] {logging_mixin.py:188} INFO - Truncating table dict_mcc...
[2026-02-26T17:40:56.269+0000] {logging_mixin.py:188} INFO - Copying data to dict_mcc...
[2026-02-26T17:40:56.278+0000] {logging_mixin.py:188} INFO - Successfully loaded 7 rows to staging.dict_mcc
[2026-02-26T17:40:56.281+0000] {python.py:237} INFO - Done. Returned value was: None
[2026-02-26T17:40:56.283+0000] {taskinstance.py:441} INFO - ::group::Post task execution logs
[2026-02-26T17:40:56.309+0000] {taskinstance.py:1206} INFO - Marking task as SUCCESS. dag_id=oltp_s3_dwh, task_id=upload_s3_to_dwh_dict_mcc, run_id=manual__2026-02-26T12:02:57.810764+00:00, execution_date=20260226T120257, start_date=20260226T174055, end_date=20260226T174056
[2026-02-26T17:40:56.377+0000] {local_task_job_runner.py:243} INFO - Task exited with return code 0
[2026-02-26T17:40:56.427+0000] {taskinstance.py:3503} INFO - 0 downstream tasks scheduled from follow-on schedule check
[2026-02-26T17:40:56.433+0000] {local_task_job_runner.py:222} INFO - ::endgroup::
