[2026-02-26T12:03:01.533+0000] {local_task_job_runner.py:120} INFO - ::group::Pre task execution logs
[2026-02-26T12:03:01.624+0000] {taskinstance.py:2076} INFO - Dependencies all met for dep_context=non-requeueable deps ti=<TaskInstance: oltp_s3_dwh.upload_postgre_to_s3_users manual__2026-02-26T12:02:57.810764+00:00 [queued]>
[2026-02-26T12:03:01.772+0000] {taskinstance.py:2076} INFO - Dependencies all met for dep_context=requeueable deps ti=<TaskInstance: oltp_s3_dwh.upload_postgre_to_s3_users manual__2026-02-26T12:02:57.810764+00:00 [queued]>
[2026-02-26T12:03:01.775+0000] {taskinstance.py:2306} INFO - Starting attempt 1 of 1
[2026-02-26T12:03:01.910+0000] {taskinstance.py:2330} INFO - Executing <Task(PythonOperator): upload_postgre_to_s3_users> on 2026-02-26 12:02:57.810764+00:00
[2026-02-26T12:03:01.946+0000] {standard_task_runner.py:90} INFO - Running: ['***', 'tasks', 'run', 'oltp_s3_dwh', 'upload_postgre_to_s3_users', 'manual__2026-02-26T12:02:57.810764+00:00', '--job-id', '970', '--raw', '--subdir', 'DAGS_FOLDER/oltp_s3_dwh_dict.py', '--cfg-path', '/tmp/tmpfn53huo1']
[2026-02-26T12:03:01.952+0000] {standard_task_runner.py:91} INFO - Job 970: Subtask upload_postgre_to_s3_users
[2026-02-26T12:03:01.965+0000] {logging_mixin.py:188} WARNING - /home/***/.local/lib/python3.12/site-packages/***/task/task_runner/standard_task_runner.py:62 DeprecationWarning: This process (pid=4031) is multi-threaded, use of fork() may lead to deadlocks in the child.
[2026-02-26T12:03:01.968+0000] {standard_task_runner.py:64} INFO - Started process 4048 to run task
[2026-02-26T12:03:02.042+0000] {task_command.py:426} INFO - Running <TaskInstance: oltp_s3_dwh.upload_postgre_to_s3_users manual__2026-02-26T12:02:57.810764+00:00 [running]> on host 31b45edbecf3
[2026-02-26T12:03:02.441+0000] {taskinstance.py:2648} INFO - Exporting env vars: AIRFLOW_CTX_DAG_OWNER='***' AIRFLOW_CTX_DAG_ID='oltp_s3_dwh' AIRFLOW_CTX_TASK_ID='upload_postgre_to_s3_users' AIRFLOW_CTX_EXECUTION_DATE='2026-02-26T12:02:57.810764+00:00' AIRFLOW_CTX_TRY_NUMBER='1' AIRFLOW_CTX_DAG_RUN_ID='manual__2026-02-26T12:02:57.810764+00:00'
[2026-02-26T12:03:02.443+0000] {taskinstance.py:430} INFO - ::endgroup::
[2026-02-26T12:03:02.559+0000] {base.py:84} INFO - Using connection ID 'postgres_oltp' for task execution.
[2026-02-26T12:03:02.628+0000] {logging_mixin.py:188} WARNING - /home/***/.local/lib/python3.12/site-packages/***/providers/common/sql/hooks/sql.py:269 UserWarning: pandas only supports SQLAlchemy connectable (engine/connection) or database string URI or sqlite3 DBAPI2 connection. Other DBAPI2 objects are not tested. Please consider using SQLAlchemy.
[2026-02-26T12:03:02.937+0000] {base.py:84} INFO - Using connection ID 'minio_conn_id' for task execution.
[2026-02-26T12:03:02.939+0000] {connection_wrapper.py:384} INFO - AWS Connection (conn_id='minio_conn_id', conn_type='aws') credentials retrieved from login and ***.
[2026-02-26T12:03:04.085+0000] {python.py:237} INFO - Done. Returned value was: None
[2026-02-26T12:03:04.086+0000] {taskinstance.py:441} INFO - ::group::Post task execution logs
[2026-02-26T12:03:04.096+0000] {taskinstance.py:1206} INFO - Marking task as SUCCESS. dag_id=oltp_s3_dwh, task_id=upload_postgre_to_s3_users, run_id=manual__2026-02-26T12:02:57.810764+00:00, execution_date=20260226T120257, start_date=20260226T120301, end_date=20260226T120304
[2026-02-26T12:03:04.173+0000] {local_task_job_runner.py:243} INFO - Task exited with return code 0
[2026-02-26T12:03:04.202+0000] {taskinstance.py:3503} INFO - 0 downstream tasks scheduled from follow-on schedule check
[2026-02-26T12:03:04.209+0000] {local_task_job_runner.py:222} INFO - ::endgroup::
