[2026-02-20T12:38:35.498+0000] {local_task_job_runner.py:120} INFO - ::group::Pre task execution logs
[2026-02-20T12:38:35.519+0000] {taskinstance.py:2076} INFO - Dependencies all met for dep_context=non-requeueable deps ti=<TaskInstance: load_cb_courses.load_to_postgres scheduled__2026-02-03T00:00:00+00:00 [queued]>
[2026-02-20T12:38:35.533+0000] {taskinstance.py:2076} INFO - Dependencies all met for dep_context=requeueable deps ti=<TaskInstance: load_cb_courses.load_to_postgres scheduled__2026-02-03T00:00:00+00:00 [queued]>
[2026-02-20T12:38:35.534+0000] {taskinstance.py:2306} INFO - Starting attempt 1 of 1
[2026-02-20T12:38:35.553+0000] {taskinstance.py:2330} INFO - Executing <Task(PythonOperator): load_to_postgres> on 2026-02-03 00:00:00+00:00
[2026-02-20T12:38:35.565+0000] {logging_mixin.py:188} WARNING - /home/***/.local/lib/python3.12/site-packages/***/task/task_runner/standard_task_runner.py:62 DeprecationWarning: This process (pid=9120) is multi-threaded, use of fork() may lead to deadlocks in the child.
[2026-02-20T12:38:35.566+0000] {standard_task_runner.py:64} INFO - Started process 9129 to run task
[2026-02-20T12:38:35.567+0000] {standard_task_runner.py:90} INFO - Running: ['***', 'tasks', 'run', 'load_cb_courses', 'load_to_postgres', 'scheduled__2026-02-03T00:00:00+00:00', '--job-id', '804', '--raw', '--subdir', 'DAGS_FOLDER/api_cb.py', '--cfg-path', '/tmp/tmpympohjdi']
[2026-02-20T12:38:35.571+0000] {standard_task_runner.py:91} INFO - Job 804: Subtask load_to_postgres
[2026-02-20T12:38:35.647+0000] {task_command.py:426} INFO - Running <TaskInstance: load_cb_courses.load_to_postgres scheduled__2026-02-03T00:00:00+00:00 [running]> on host 78aa58ce5a8d
[2026-02-20T12:38:33.050+0000] {taskinstance.py:2648} INFO - Exporting env vars: AIRFLOW_CTX_DAG_OWNER='Umar Mazoriev' AIRFLOW_CTX_DAG_ID='load_cb_courses' AIRFLOW_CTX_TASK_ID='load_to_postgres' AIRFLOW_CTX_EXECUTION_DATE='2026-02-03T00:00:00+00:00' AIRFLOW_CTX_TRY_NUMBER='1' AIRFLOW_CTX_DAG_RUN_ID='scheduled__2026-02-03T00:00:00+00:00'
[2026-02-20T12:38:33.055+0000] {taskinstance.py:430} INFO - ::endgroup::
[2026-02-20T12:38:33.113+0000] {base.py:84} INFO - Using connection ID 'minio_conn_id' for task execution.
[2026-02-20T12:38:33.115+0000] {connection_wrapper.py:384} INFO - AWS Connection (conn_id='minio_conn_id', conn_type='aws') credentials retrieved from login and password.
[2026-02-20T12:38:33.275+0000] {base.py:84} INFO - Using connection ID 'postgres_dwh' for task execution.
[2026-02-20T12:38:33.304+0000] {python.py:237} INFO - Done. Returned value was: None
[2026-02-20T12:38:33.305+0000] {taskinstance.py:441} INFO - ::group::Post task execution logs
[2026-02-20T12:38:33.320+0000] {taskinstance.py:1206} INFO - Marking task as SUCCESS. dag_id=load_cb_courses, task_id=load_to_postgres, run_id=scheduled__2026-02-03T00:00:00+00:00, execution_date=20260203T000000, start_date=20260220T123835, end_date=20260220T123833
[2026-02-20T12:38:33.381+0000] {local_task_job_runner.py:243} INFO - Task exited with return code 0
[2026-02-20T12:38:33.416+0000] {taskinstance.py:3503} INFO - 0 downstream tasks scheduled from follow-on schedule check
[2026-02-20T12:38:33.419+0000] {local_task_job_runner.py:222} INFO - ::endgroup::
