[2026-02-27T18:59:20.637+0000] {local_task_job_runner.py:120} INFO - ::group::Pre task execution logs
[2026-02-27T18:59:20.750+0000] {taskinstance.py:2076} INFO - Dependencies all met for dep_context=non-requeueable deps ti=<TaskInstance: oltp_s3_dwh.upload_s3_to_dwh_users manual__2026-02-27T18:58:56.944196+00:00 [queued]>
[2026-02-27T18:59:20.785+0000] {taskinstance.py:2076} INFO - Dependencies all met for dep_context=requeueable deps ti=<TaskInstance: oltp_s3_dwh.upload_s3_to_dwh_users manual__2026-02-27T18:58:56.944196+00:00 [queued]>
[2026-02-27T18:59:20.786+0000] {taskinstance.py:2306} INFO - Starting attempt 1 of 1
[2026-02-27T18:59:20.824+0000] {taskinstance.py:2330} INFO - Executing <Task(PythonOperator): upload_s3_to_dwh_users> on 2026-02-27 18:58:56.944196+00:00
[2026-02-27T18:59:20.835+0000] {logging_mixin.py:188} WARNING - /home/***/.local/lib/python3.12/site-packages/***/task/task_runner/standard_task_runner.py:62 DeprecationWarning: This process (pid=31919) is multi-threaded, use of fork() may lead to deadlocks in the child.
[2026-02-27T18:59:20.837+0000] {standard_task_runner.py:64} INFO - Started process 31942 to run task
[2026-02-27T18:59:20.842+0000] {standard_task_runner.py:90} INFO - Running: ['***', 'tasks', 'run', 'oltp_s3_dwh', 'upload_s3_to_dwh_users', 'manual__2026-02-27T18:58:56.944196+00:00', '--job-id', '1532', '--raw', '--subdir', 'DAGS_FOLDER/oltp_s3_dwh.py', '--cfg-path', '/tmp/tmpw0hbqysj']
[2026-02-27T18:59:20.847+0000] {standard_task_runner.py:91} INFO - Job 1532: Subtask upload_s3_to_dwh_users
[2026-02-27T18:59:20.967+0000] {task_command.py:426} INFO - Running <TaskInstance: oltp_s3_dwh.upload_s3_to_dwh_users manual__2026-02-27T18:58:56.944196+00:00 [running]> on host 31b45edbecf3
[2026-02-27T18:59:21.201+0000] {taskinstance.py:2648} INFO - Exporting env vars: AIRFLOW_CTX_DAG_OWNER='***' AIRFLOW_CTX_DAG_ID='oltp_s3_dwh' AIRFLOW_CTX_TASK_ID='upload_s3_to_dwh_users' AIRFLOW_CTX_EXECUTION_DATE='2026-02-27T18:58:56.944196+00:00' AIRFLOW_CTX_TRY_NUMBER='1' AIRFLOW_CTX_DAG_RUN_ID='manual__2026-02-27T18:58:56.944196+00:00'
[2026-02-27T18:59:21.203+0000] {taskinstance.py:430} INFO - ::endgroup::
[2026-02-27T18:59:21.251+0000] {base.py:84} INFO - Using connection ID 'postgres_dwh' for task execution.
[2026-02-27T18:59:21.268+0000] {sql.py:495} INFO - Running statement: SELECT table_schema, table_name FROM information_schema.tables WHERE table_schema = 'staging';, parameters: None
[2026-02-27T18:59:21.275+0000] {sql.py:504} INFO - Rows affected: 9
[2026-02-27T18:59:21.277+0000] {logging_mixin.py:188} INFO - DEBUG: Доступные таблицы в схеме staging: [('staging', 'exchange_rates'), ('staging', 'dict_mcc'), ('staging', 'dict_merchants'), ('staging', 'dict_tariffs'), ('staging', 'dict_regions'), ('staging', 'transactions'), ('staging', 'cards'), ('staging', 'accounts'), ('staging', 'users')]
[2026-02-27T18:59:21.295+0000] {base.py:84} INFO - Using connection ID 'minio_conn_id' for task execution.
[2026-02-27T18:59:21.296+0000] {connection_wrapper.py:384} INFO - AWS Connection (conn_id='minio_conn_id', conn_type='aws') credentials retrieved from login and ***.
[2026-02-27T18:59:22.100+0000] {base.py:84} INFO - Using connection ID 'postgres_dwh' for task execution.
[2026-02-27T18:59:22.117+0000] {logging_mixin.py:188} INFO - Successfully loaded users using copy_expert
[2026-02-27T18:59:22.121+0000] {python.py:237} INFO - Done. Returned value was: None
[2026-02-27T18:59:22.122+0000] {taskinstance.py:441} INFO - ::group::Post task execution logs
[2026-02-27T18:59:22.133+0000] {taskinstance.py:1206} INFO - Marking task as SUCCESS. dag_id=oltp_s3_dwh, task_id=upload_s3_to_dwh_users, run_id=manual__2026-02-27T18:58:56.944196+00:00, execution_date=20260227T185856, start_date=20260227T185920, end_date=20260227T185922
[2026-02-27T18:59:22.178+0000] {local_task_job_runner.py:243} INFO - Task exited with return code 0
[2026-02-27T18:59:22.205+0000] {taskinstance.py:3503} INFO - 0 downstream tasks scheduled from follow-on schedule check
[2026-02-27T18:59:22.210+0000] {local_task_job_runner.py:222} INFO - ::endgroup::
