[2026-02-20T12:33:00.586+0000] {local_task_job_runner.py:120} INFO - ::group::Pre task execution logs
[2026-02-20T12:33:00.607+0000] {taskinstance.py:2076} INFO - Dependencies all met for dep_context=non-requeueable deps ti=<TaskInstance: load_cb_courses.extract_cbr scheduled__2025-09-12T00:00:00+00:00 [queued]>
[2026-02-20T12:33:00.618+0000] {taskinstance.py:2076} INFO - Dependencies all met for dep_context=requeueable deps ti=<TaskInstance: load_cb_courses.extract_cbr scheduled__2025-09-12T00:00:00+00:00 [queued]>
[2026-02-20T12:33:00.619+0000] {taskinstance.py:2306} INFO - Starting attempt 1 of 1
[2026-02-20T12:33:00.636+0000] {taskinstance.py:2330} INFO - Executing <Task(PythonOperator): extract_cbr> on 2025-09-12 00:00:00+00:00
[2026-02-20T12:33:00.647+0000] {logging_mixin.py:188} WARNING - /home/***/.local/lib/python3.12/site-packages/***/task/task_runner/standard_task_runner.py:62 DeprecationWarning: This process (pid=7663) is multi-threaded, use of fork() may lead to deadlocks in the child.
[2026-02-20T12:33:00.649+0000] {standard_task_runner.py:64} INFO - Started process 7668 to run task
[2026-02-20T12:33:00.649+0000] {standard_task_runner.py:90} INFO - Running: ['***', 'tasks', 'run', 'load_cb_courses', 'extract_cbr', 'scheduled__2025-09-12T00:00:00+00:00', '--job-id', '512', '--raw', '--subdir', 'DAGS_FOLDER/api_cb.py', '--cfg-path', '/tmp/tmp35ffq2hx']
[2026-02-20T12:33:00.652+0000] {standard_task_runner.py:91} INFO - Job 512: Subtask extract_cbr
[2026-02-20T12:33:00.717+0000] {task_command.py:426} INFO - Running <TaskInstance: load_cb_courses.extract_cbr scheduled__2025-09-12T00:00:00+00:00 [running]> on host 78aa58ce5a8d
[2026-02-20T12:33:00.823+0000] {taskinstance.py:2648} INFO - Exporting env vars: AIRFLOW_CTX_DAG_OWNER='Umar Mazoriev' AIRFLOW_CTX_DAG_ID='load_cb_courses' AIRFLOW_CTX_TASK_ID='extract_cbr' AIRFLOW_CTX_EXECUTION_DATE='2025-09-12T00:00:00+00:00' AIRFLOW_CTX_TRY_NUMBER='1' AIRFLOW_CTX_DAG_RUN_ID='scheduled__2025-09-12T00:00:00+00:00'
[2026-02-20T12:33:00.825+0000] {taskinstance.py:430} INFO - ::endgroup::
[2026-02-20T12:33:01.919+0000] {base.py:84} INFO - Using connection ID 'minio_conn_id' for task execution.
[2026-02-20T12:33:01.920+0000] {connection_wrapper.py:384} INFO - AWS Connection (conn_id='minio_conn_id', conn_type='aws') credentials retrieved from login and password.
[2026-02-20T12:33:02.204+0000] {python.py:237} INFO - Done. Returned value was: raw/cbr/rates_2025-09-12.csv
[2026-02-20T12:33:02.206+0000] {taskinstance.py:441} INFO - ::group::Post task execution logs
[2026-02-20T12:33:02.240+0000] {taskinstance.py:1206} INFO - Marking task as SUCCESS. dag_id=load_cb_courses, task_id=extract_cbr, run_id=scheduled__2025-09-12T00:00:00+00:00, execution_date=20250912T000000, start_date=20260220T123300, end_date=20260220T123302
[2026-02-20T12:33:02.278+0000] {local_task_job_runner.py:243} INFO - Task exited with return code 0
[2026-02-20T12:33:02.312+0000] {taskinstance.py:3503} INFO - 1 downstream tasks scheduled from follow-on schedule check
[2026-02-20T12:33:02.318+0000] {local_task_job_runner.py:222} INFO - ::endgroup::
