[2026-02-26T12:06:44.556+0000] {local_task_job_runner.py:120} INFO - ::group::Pre task execution logs
[2026-02-26T12:06:44.658+0000] {taskinstance.py:2076} INFO - Dependencies all met for dep_context=non-requeueable deps ti=<TaskInstance: oltp_s3_dwh.upload_postgre_to_s3_accounts scheduled__2025-01-01T00:00:00+00:00 [queued]>
[2026-02-26T12:06:44.732+0000] {taskinstance.py:2076} INFO - Dependencies all met for dep_context=requeueable deps ti=<TaskInstance: oltp_s3_dwh.upload_postgre_to_s3_accounts scheduled__2025-01-01T00:00:00+00:00 [queued]>
[2026-02-26T12:06:44.734+0000] {taskinstance.py:2306} INFO - Starting attempt 2 of 2
[2026-02-26T12:06:44.829+0000] {taskinstance.py:2330} INFO - Executing <Task(PythonOperator): upload_postgre_to_s3_accounts> on 2025-01-01 00:00:00+00:00
[2026-02-26T12:06:44.890+0000] {logging_mixin.py:188} WARNING - /home/***/.local/lib/python3.12/site-packages/***/task/task_runner/standard_task_runner.py:62 DeprecationWarning: This process (pid=4341) is multi-threaded, use of fork() may lead to deadlocks in the child.
[2026-02-26T12:06:44.897+0000] {standard_task_runner.py:64} INFO - Started process 4379 to run task
[2026-02-26T12:06:44.894+0000] {standard_task_runner.py:90} INFO - Running: ['***', 'tasks', 'run', 'oltp_s3_dwh', 'upload_postgre_to_s3_accounts', 'scheduled__2025-01-01T00:00:00+00:00', '--job-id', '989', '--raw', '--subdir', 'DAGS_FOLDER/oltp_s3_dwh_dict.py', '--cfg-path', '/tmp/tmpc0fvwh13']
[2026-02-26T12:06:44.944+0000] {standard_task_runner.py:91} INFO - Job 989: Subtask upload_postgre_to_s3_accounts
[2026-02-26T12:06:45.271+0000] {task_command.py:426} INFO - Running <TaskInstance: oltp_s3_dwh.upload_postgre_to_s3_accounts scheduled__2025-01-01T00:00:00+00:00 [running]> on host 31b45edbecf3
[2026-02-26T12:06:46.159+0000] {taskinstance.py:2648} INFO - Exporting env vars: AIRFLOW_CTX_DAG_OWNER='***' AIRFLOW_CTX_DAG_ID='oltp_s3_dwh' AIRFLOW_CTX_TASK_ID='upload_postgre_to_s3_accounts' AIRFLOW_CTX_EXECUTION_DATE='2025-01-01T00:00:00+00:00' AIRFLOW_CTX_TRY_NUMBER='2' AIRFLOW_CTX_DAG_RUN_ID='scheduled__2025-01-01T00:00:00+00:00'
[2026-02-26T12:06:46.176+0000] {taskinstance.py:430} INFO - ::endgroup::
[2026-02-26T12:06:46.487+0000] {base.py:84} INFO - Using connection ID 'postgres_oltp' for task execution.
[2026-02-26T12:06:46.534+0000] {logging_mixin.py:188} WARNING - /home/***/.local/lib/python3.12/site-packages/***/providers/common/sql/hooks/sql.py:269 UserWarning: pandas only supports SQLAlchemy connectable (engine/connection) or database string URI or sqlite3 DBAPI2 connection. Other DBAPI2 objects are not tested. Please consider using SQLAlchemy.
[2026-02-26T12:06:46.681+0000] {logging_mixin.py:188} INFO - В таблице accounts нет данных
[2026-02-26T12:06:46.703+0000] {python.py:237} INFO - Done. Returned value was: None
[2026-02-26T12:06:46.711+0000] {taskinstance.py:441} INFO - ::group::Post task execution logs
[2026-02-26T12:06:46.759+0000] {taskinstance.py:1206} INFO - Marking task as SUCCESS. dag_id=oltp_s3_dwh, task_id=upload_postgre_to_s3_accounts, run_id=scheduled__2025-01-01T00:00:00+00:00, execution_date=20250101T000000, start_date=20260226T120644, end_date=20260226T120646
[2026-02-26T12:06:46.944+0000] {local_task_job_runner.py:243} INFO - Task exited with return code 0
[2026-02-26T12:06:47.038+0000] {taskinstance.py:3503} INFO - 0 downstream tasks scheduled from follow-on schedule check
[2026-02-26T12:06:47.044+0000] {local_task_job_runner.py:222} INFO - ::endgroup::
[2026-02-28T09:57:33.535+0000] {local_task_job_runner.py:120} INFO - ::group::Pre task execution logs
[2026-02-28T09:57:33.618+0000] {taskinstance.py:2076} INFO - Dependencies all met for dep_context=non-requeueable deps ti=<TaskInstance: oltp_s3_dwh.upload_postgre_to_s3_accounts scheduled__2025-01-01T00:00:00+00:00 [queued]>
[2026-02-28T09:57:33.652+0000] {taskinstance.py:2076} INFO - Dependencies all met for dep_context=requeueable deps ti=<TaskInstance: oltp_s3_dwh.upload_postgre_to_s3_accounts scheduled__2025-01-01T00:00:00+00:00 [queued]>
[2026-02-28T09:57:33.654+0000] {taskinstance.py:2306} INFO - Starting attempt 2 of 2
[2026-02-28T09:57:33.704+0000] {taskinstance.py:2330} INFO - Executing <Task(PythonOperator): upload_postgre_to_s3_accounts> on 2025-01-01 00:00:00+00:00
[2026-02-28T09:57:33.743+0000] {standard_task_runner.py:90} INFO - Running: ['***', 'tasks', 'run', 'oltp_s3_dwh', 'upload_postgre_to_s3_accounts', 'scheduled__2025-01-01T00:00:00+00:00', '--job-id', '1938', '--raw', '--subdir', 'DAGS_FOLDER/oltp_s3_dwh.py', '--cfg-path', '/tmp/tmp1ab2hyvr']
[2026-02-28T09:57:33.749+0000] {standard_task_runner.py:91} INFO - Job 1938: Subtask upload_postgre_to_s3_accounts
[2026-02-28T09:57:33.768+0000] {logging_mixin.py:188} WARNING - /home/***/.local/lib/python3.12/site-packages/***/task/task_runner/standard_task_runner.py:62 DeprecationWarning: This process (pid=1518) is multi-threaded, use of fork() may lead to deadlocks in the child.
[2026-02-28T09:57:33.775+0000] {standard_task_runner.py:64} INFO - Started process 1540 to run task
[2026-02-28T09:57:33.914+0000] {task_command.py:426} INFO - Running <TaskInstance: oltp_s3_dwh.upload_postgre_to_s3_accounts scheduled__2025-01-01T00:00:00+00:00 [running]> on host 31b45edbecf3
[2026-02-28T09:57:34.239+0000] {taskinstance.py:2648} INFO - Exporting env vars: AIRFLOW_CTX_DAG_OWNER='***' AIRFLOW_CTX_DAG_ID='oltp_s3_dwh' AIRFLOW_CTX_TASK_ID='upload_postgre_to_s3_accounts' AIRFLOW_CTX_EXECUTION_DATE='2025-01-01T00:00:00+00:00' AIRFLOW_CTX_TRY_NUMBER='2' AIRFLOW_CTX_DAG_RUN_ID='scheduled__2025-01-01T00:00:00+00:00'
[2026-02-28T09:57:34.242+0000] {taskinstance.py:430} INFO - ::endgroup::
[2026-02-28T09:57:34.303+0000] {base.py:84} INFO - Using connection ID 'postgres_oltp' for task execution.
[2026-02-28T09:57:34.393+0000] {logging_mixin.py:188} WARNING - /home/***/.local/lib/python3.12/site-packages/***/providers/common/sql/hooks/sql.py:269 UserWarning: pandas only supports SQLAlchemy connectable (engine/connection) or database string URI or sqlite3 DBAPI2 connection. Other DBAPI2 objects are not tested. Please consider using SQLAlchemy.
[2026-02-28T09:57:34.447+0000] {logging_mixin.py:188} INFO - В таблице accounts нет данных
[2026-02-28T09:57:34.462+0000] {python.py:237} INFO - Done. Returned value was: None
[2026-02-28T09:57:34.466+0000] {taskinstance.py:441} INFO - ::group::Post task execution logs
[2026-02-28T09:57:34.506+0000] {taskinstance.py:1206} INFO - Marking task as SUCCESS. dag_id=oltp_s3_dwh, task_id=upload_postgre_to_s3_accounts, run_id=scheduled__2025-01-01T00:00:00+00:00, execution_date=20250101T000000, start_date=20260228T095733, end_date=20260228T095734
[2026-02-28T09:57:34.732+0000] {local_task_job_runner.py:243} INFO - Task exited with return code 0
[2026-02-28T09:57:34.959+0000] {taskinstance.py:3503} INFO - 1 downstream tasks scheduled from follow-on schedule check
[2026-02-28T09:57:34.988+0000] {local_task_job_runner.py:222} INFO - ::endgroup::
