[2026-02-26T12:04:55.988+0000] {local_task_job_runner.py:120} INFO - ::group::Pre task execution logs
[2026-02-26T12:04:56.037+0000] {taskinstance.py:2076} INFO - Dependencies all met for dep_context=non-requeueable deps ti=<TaskInstance: oltp_s3_dwh.upload_postgre_to_s3_accounts scheduled__2025-01-01T00:00:00+00:00 [queued]>
[2026-02-26T12:04:56.078+0000] {taskinstance.py:2076} INFO - Dependencies all met for dep_context=requeueable deps ti=<TaskInstance: oltp_s3_dwh.upload_postgre_to_s3_accounts scheduled__2025-01-01T00:00:00+00:00 [queued]>
[2026-02-26T12:04:56.080+0000] {taskinstance.py:2306} INFO - Starting attempt 1 of 1
[2026-02-26T12:04:56.128+0000] {taskinstance.py:2330} INFO - Executing <Task(PythonOperator): upload_postgre_to_s3_accounts> on 2025-01-01 00:00:00+00:00
[2026-02-26T12:04:56.145+0000] {logging_mixin.py:188} WARNING - /home/***/.local/lib/python3.12/site-packages/***/task/task_runner/standard_task_runner.py:62 DeprecationWarning: This process (pid=4186) is multi-threaded, use of fork() may lead to deadlocks in the child.
[2026-02-26T12:04:56.151+0000] {standard_task_runner.py:64} INFO - Started process 4198 to run task
[2026-02-26T12:04:56.143+0000] {standard_task_runner.py:90} INFO - Running: ['***', 'tasks', 'run', 'oltp_s3_dwh', 'upload_postgre_to_s3_accounts', 'scheduled__2025-01-01T00:00:00+00:00', '--job-id', '979', '--raw', '--subdir', 'DAGS_FOLDER/oltp_s3_dwh_dict.py', '--cfg-path', '/tmp/tmp_01anrhn']
[2026-02-26T12:04:56.163+0000] {standard_task_runner.py:91} INFO - Job 979: Subtask upload_postgre_to_s3_accounts
[2026-02-26T12:04:56.278+0000] {task_command.py:426} INFO - Running <TaskInstance: oltp_s3_dwh.upload_postgre_to_s3_accounts scheduled__2025-01-01T00:00:00+00:00 [running]> on host 31b45edbecf3
[2026-02-26T12:04:56.435+0000] {taskinstance.py:2648} INFO - Exporting env vars: AIRFLOW_CTX_DAG_OWNER='***' AIRFLOW_CTX_DAG_ID='oltp_s3_dwh' AIRFLOW_CTX_TASK_ID='upload_postgre_to_s3_accounts' AIRFLOW_CTX_EXECUTION_DATE='2025-01-01T00:00:00+00:00' AIRFLOW_CTX_TRY_NUMBER='1' AIRFLOW_CTX_DAG_RUN_ID='scheduled__2025-01-01T00:00:00+00:00'
[2026-02-26T12:04:56.437+0000] {taskinstance.py:430} INFO - ::endgroup::
[2026-02-26T12:04:56.484+0000] {base.py:84} INFO - Using connection ID 'postgres_oltp' for task execution.
[2026-02-26T12:04:56.518+0000] {logging_mixin.py:188} WARNING - /home/***/.local/lib/python3.12/site-packages/***/providers/common/sql/hooks/sql.py:269 UserWarning: pandas only supports SQLAlchemy connectable (engine/connection) or database string URI or sqlite3 DBAPI2 connection. Other DBAPI2 objects are not tested. Please consider using SQLAlchemy.
[2026-02-26T12:04:56.546+0000] {logging_mixin.py:188} INFO - В таблице accounts нет данных
[2026-02-26T12:04:56.548+0000] {python.py:237} INFO - Done. Returned value was: None
[2026-02-26T12:04:56.549+0000] {taskinstance.py:441} INFO - ::group::Post task execution logs
[2026-02-26T12:04:56.571+0000] {taskinstance.py:1206} INFO - Marking task as SUCCESS. dag_id=oltp_s3_dwh, task_id=upload_postgre_to_s3_accounts, run_id=scheduled__2025-01-01T00:00:00+00:00, execution_date=20250101T000000, start_date=20260226T120456, end_date=20260226T120456
[2026-02-26T12:04:56.631+0000] {local_task_job_runner.py:243} INFO - Task exited with return code 0
[2026-02-26T12:04:56.655+0000] {taskinstance.py:3503} INFO - 0 downstream tasks scheduled from follow-on schedule check
[2026-02-26T12:04:56.662+0000] {local_task_job_runner.py:222} INFO - ::endgroup::
[2026-02-27T18:58:59.451+0000] {local_task_job_runner.py:120} INFO - ::group::Pre task execution logs
[2026-02-27T18:58:59.506+0000] {taskinstance.py:2076} INFO - Dependencies all met for dep_context=non-requeueable deps ti=<TaskInstance: oltp_s3_dwh.upload_postgre_to_s3_accounts scheduled__2025-01-01T00:00:00+00:00 [queued]>
[2026-02-27T18:58:59.527+0000] {taskinstance.py:2076} INFO - Dependencies all met for dep_context=requeueable deps ti=<TaskInstance: oltp_s3_dwh.upload_postgre_to_s3_accounts scheduled__2025-01-01T00:00:00+00:00 [queued]>
[2026-02-27T18:58:59.530+0000] {taskinstance.py:2306} INFO - Starting attempt 1 of 1
[2026-02-27T18:58:59.557+0000] {taskinstance.py:2330} INFO - Executing <Task(PythonOperator): upload_postgre_to_s3_accounts> on 2025-01-01 00:00:00+00:00
[2026-02-27T18:58:59.595+0000] {logging_mixin.py:188} WARNING - /home/***/.local/lib/python3.12/site-packages/***/task/task_runner/standard_task_runner.py:62 DeprecationWarning: This process (pid=31777) is multi-threaded, use of fork() may lead to deadlocks in the child.
[2026-02-27T18:58:59.607+0000] {standard_task_runner.py:64} INFO - Started process 31791 to run task
[2026-02-27T18:58:59.631+0000] {standard_task_runner.py:90} INFO - Running: ['***', 'tasks', 'run', 'oltp_s3_dwh', 'upload_postgre_to_s3_accounts', 'scheduled__2025-01-01T00:00:00+00:00', '--job-id', '1504', '--raw', '--subdir', 'DAGS_FOLDER/oltp_s3_dwh.py', '--cfg-path', '/tmp/tmpvfx04wn8']
[2026-02-27T18:58:59.643+0000] {standard_task_runner.py:91} INFO - Job 1504: Subtask upload_postgre_to_s3_accounts
[2026-02-27T18:58:59.877+0000] {task_command.py:426} INFO - Running <TaskInstance: oltp_s3_dwh.upload_postgre_to_s3_accounts scheduled__2025-01-01T00:00:00+00:00 [running]> on host 31b45edbecf3
[2026-02-27T18:59:00.421+0000] {taskinstance.py:2648} INFO - Exporting env vars: AIRFLOW_CTX_DAG_OWNER='***' AIRFLOW_CTX_DAG_ID='oltp_s3_dwh' AIRFLOW_CTX_TASK_ID='upload_postgre_to_s3_accounts' AIRFLOW_CTX_EXECUTION_DATE='2025-01-01T00:00:00+00:00' AIRFLOW_CTX_TRY_NUMBER='1' AIRFLOW_CTX_DAG_RUN_ID='scheduled__2025-01-01T00:00:00+00:00'
[2026-02-27T18:59:00.423+0000] {taskinstance.py:430} INFO - ::endgroup::
[2026-02-27T18:59:00.551+0000] {base.py:84} INFO - Using connection ID 'postgres_oltp' for task execution.
[2026-02-27T18:59:00.635+0000] {logging_mixin.py:188} WARNING - /home/***/.local/lib/python3.12/site-packages/***/providers/common/sql/hooks/sql.py:269 UserWarning: pandas only supports SQLAlchemy connectable (engine/connection) or database string URI or sqlite3 DBAPI2 connection. Other DBAPI2 objects are not tested. Please consider using SQLAlchemy.
[2026-02-27T18:59:00.660+0000] {logging_mixin.py:188} INFO - В таблице accounts нет данных
[2026-02-27T18:59:00.672+0000] {python.py:237} INFO - Done. Returned value was: None
[2026-02-27T18:59:00.678+0000] {taskinstance.py:441} INFO - ::group::Post task execution logs
[2026-02-27T18:59:00.720+0000] {taskinstance.py:1206} INFO - Marking task as SUCCESS. dag_id=oltp_s3_dwh, task_id=upload_postgre_to_s3_accounts, run_id=scheduled__2025-01-01T00:00:00+00:00, execution_date=20250101T000000, start_date=20260227T185859, end_date=20260227T185900
[2026-02-27T18:59:00.823+0000] {local_task_job_runner.py:243} INFO - Task exited with return code 0
[2026-02-27T18:59:00.933+0000] {taskinstance.py:3503} INFO - 1 downstream tasks scheduled from follow-on schedule check
[2026-02-27T18:59:00.942+0000] {local_task_job_runner.py:222} INFO - ::endgroup::
