[2026-02-26T17:55:51.292+0000] {local_task_job_runner.py:120} INFO - ::group::Pre task execution logs
[2026-02-26T17:55:51.405+0000] {taskinstance.py:2076} INFO - Dependencies all met for dep_context=non-requeueable deps ti=<TaskInstance: oltp_s3_dwh.upload_s3_to_dwh_transactions scheduled__2025-06-01T00:00:00+00:00 [queued]>
[2026-02-26T17:55:51.511+0000] {taskinstance.py:2076} INFO - Dependencies all met for dep_context=requeueable deps ti=<TaskInstance: oltp_s3_dwh.upload_s3_to_dwh_transactions scheduled__2025-06-01T00:00:00+00:00 [queued]>
[2026-02-26T17:55:51.520+0000] {taskinstance.py:2306} INFO - Starting attempt 1 of 1
[2026-02-26T17:55:51.795+0000] {taskinstance.py:2330} INFO - Executing <Task(PythonOperator): upload_s3_to_dwh_transactions> on 2025-06-01 00:00:00+00:00
[2026-02-26T17:55:51.871+0000] {standard_task_runner.py:90} INFO - Running: ['***', 'tasks', 'run', 'oltp_s3_dwh', 'upload_s3_to_dwh_transactions', 'scheduled__2025-06-01T00:00:00+00:00', '--job-id', '1208', '--raw', '--subdir', 'DAGS_FOLDER/oltp_s3_dwh.py', '--cfg-path', '/tmp/tmp_hzug9bw']
[2026-02-26T17:55:51.885+0000] {logging_mixin.py:188} WARNING - /home/***/.local/lib/python3.12/site-packages/***/task/task_runner/standard_task_runner.py:62 DeprecationWarning: This process (pid=6892) is multi-threaded, use of fork() may lead to deadlocks in the child.
[2026-02-26T17:55:51.916+0000] {standard_task_runner.py:64} INFO - Started process 6943 to run task
[2026-02-26T17:55:51.915+0000] {standard_task_runner.py:91} INFO - Job 1208: Subtask upload_s3_to_dwh_transactions
[2026-02-26T17:55:52.128+0000] {task_command.py:426} INFO - Running <TaskInstance: oltp_s3_dwh.upload_s3_to_dwh_transactions scheduled__2025-06-01T00:00:00+00:00 [running]> on host 31b45edbecf3
[2026-02-26T17:55:52.637+0000] {taskinstance.py:2648} INFO - Exporting env vars: AIRFLOW_CTX_DAG_OWNER='***' AIRFLOW_CTX_DAG_ID='oltp_s3_dwh' AIRFLOW_CTX_TASK_ID='upload_s3_to_dwh_transactions' AIRFLOW_CTX_EXECUTION_DATE='2025-06-01T00:00:00+00:00' AIRFLOW_CTX_TRY_NUMBER='1' AIRFLOW_CTX_DAG_RUN_ID='scheduled__2025-06-01T00:00:00+00:00'
[2026-02-26T17:55:52.641+0000] {taskinstance.py:430} INFO - ::endgroup::
[2026-02-26T17:55:52.763+0000] {base.py:84} INFO - Using connection ID 'postgres_dwh' for task execution.
[2026-02-26T17:55:52.785+0000] {sql.py:495} INFO - Running statement: SELECT table_schema, table_name FROM information_schema.tables WHERE table_schema = 'staging';, parameters: None
[2026-02-26T17:55:52.789+0000] {sql.py:504} INFO - Rows affected: 9
[2026-02-26T17:55:52.790+0000] {logging_mixin.py:188} INFO - DEBUG: Доступные таблицы в схеме staging: [('staging', 'exchange_rates'), ('staging', 'users'), ('staging', 'accounts'), ('staging', 'transactions'), ('staging', 'dict_merchants'), ('staging', 'dict_mcc'), ('staging', 'cards'), ('staging', 'dict_regions'), ('staging', 'dict_tariffs')]
[2026-02-26T17:55:52.816+0000] {base.py:84} INFO - Using connection ID 'minio_conn_id' for task execution.
[2026-02-26T17:55:52.820+0000] {connection_wrapper.py:384} INFO - AWS Connection (conn_id='minio_conn_id', conn_type='aws') credentials retrieved from login and ***.
[2026-02-26T17:55:55.033+0000] {base.py:84} INFO - Using connection ID 'postgres_dwh' for task execution.
[2026-02-26T17:55:55.183+0000] {logging_mixin.py:188} INFO - Successfully loaded transactions using copy_expert
[2026-02-26T17:55:55.186+0000] {python.py:237} INFO - Done. Returned value was: None
[2026-02-26T17:55:55.187+0000] {taskinstance.py:441} INFO - ::group::Post task execution logs
[2026-02-26T17:55:55.204+0000] {taskinstance.py:1206} INFO - Marking task as SUCCESS. dag_id=oltp_s3_dwh, task_id=upload_s3_to_dwh_transactions, run_id=scheduled__2025-06-01T00:00:00+00:00, execution_date=20250601T000000, start_date=20260226T175551, end_date=20260226T175555
[2026-02-26T17:55:55.414+0000] {local_task_job_runner.py:243} INFO - Task exited with return code 0
[2026-02-26T17:55:55.482+0000] {taskinstance.py:3503} INFO - 0 downstream tasks scheduled from follow-on schedule check
[2026-02-26T17:55:55.491+0000] {local_task_job_runner.py:222} INFO - ::endgroup::
[2026-02-27T19:00:48.411+0000] {local_task_job_runner.py:120} INFO - ::group::Pre task execution logs
[2026-02-27T19:00:48.472+0000] {taskinstance.py:2076} INFO - Dependencies all met for dep_context=non-requeueable deps ti=<TaskInstance: oltp_s3_dwh.upload_s3_to_dwh_transactions scheduled__2025-06-01T00:00:00+00:00 [queued]>
[2026-02-27T19:00:48.507+0000] {taskinstance.py:2076} INFO - Dependencies all met for dep_context=requeueable deps ti=<TaskInstance: oltp_s3_dwh.upload_s3_to_dwh_transactions scheduled__2025-06-01T00:00:00+00:00 [queued]>
[2026-02-27T19:00:48.509+0000] {taskinstance.py:2306} INFO - Starting attempt 1 of 1
[2026-02-27T19:00:48.542+0000] {taskinstance.py:2330} INFO - Executing <Task(PythonOperator): upload_s3_to_dwh_transactions> on 2025-06-01 00:00:00+00:00
[2026-02-27T19:00:48.590+0000] {logging_mixin.py:188} WARNING - /home/***/.local/lib/python3.12/site-packages/***/task/task_runner/standard_task_runner.py:62 DeprecationWarning: This process (pid=32446) is multi-threaded, use of fork() may lead to deadlocks in the child.
[2026-02-27T19:00:48.595+0000] {standard_task_runner.py:64} INFO - Started process 32458 to run task
[2026-02-27T19:00:48.617+0000] {standard_task_runner.py:90} INFO - Running: ['***', 'tasks', 'run', 'oltp_s3_dwh', 'upload_s3_to_dwh_transactions', 'scheduled__2025-06-01T00:00:00+00:00', '--job-id', '1620', '--raw', '--subdir', 'DAGS_FOLDER/oltp_s3_dwh.py', '--cfg-path', '/tmp/tmp92xogr0i']
[2026-02-27T19:00:48.637+0000] {standard_task_runner.py:91} INFO - Job 1620: Subtask upload_s3_to_dwh_transactions
[2026-02-27T19:00:48.806+0000] {task_command.py:426} INFO - Running <TaskInstance: oltp_s3_dwh.upload_s3_to_dwh_transactions scheduled__2025-06-01T00:00:00+00:00 [running]> on host 31b45edbecf3
[2026-02-27T19:00:49.050+0000] {taskinstance.py:2648} INFO - Exporting env vars: AIRFLOW_CTX_DAG_OWNER='***' AIRFLOW_CTX_DAG_ID='oltp_s3_dwh' AIRFLOW_CTX_TASK_ID='upload_s3_to_dwh_transactions' AIRFLOW_CTX_EXECUTION_DATE='2025-06-01T00:00:00+00:00' AIRFLOW_CTX_TRY_NUMBER='1' AIRFLOW_CTX_DAG_RUN_ID='scheduled__2025-06-01T00:00:00+00:00'
[2026-02-27T19:00:49.055+0000] {taskinstance.py:430} INFO - ::endgroup::
[2026-02-27T19:00:49.105+0000] {base.py:84} INFO - Using connection ID 'postgres_dwh' for task execution.
[2026-02-27T19:00:49.122+0000] {sql.py:495} INFO - Running statement: SELECT table_schema, table_name FROM information_schema.tables WHERE table_schema = 'staging';, parameters: None
[2026-02-27T19:00:49.127+0000] {sql.py:504} INFO - Rows affected: 9
[2026-02-27T19:00:49.129+0000] {logging_mixin.py:188} INFO - DEBUG: Доступные таблицы в схеме staging: [('staging', 'exchange_rates'), ('staging', 'cards'), ('staging', 'users'), ('staging', 'accounts'), ('staging', 'transactions'), ('staging', 'dict_tariffs'), ('staging', 'dict_regions'), ('staging', 'dict_merchants'), ('staging', 'dict_mcc')]
[2026-02-27T19:00:49.155+0000] {base.py:84} INFO - Using connection ID 'minio_conn_id' for task execution.
[2026-02-27T19:00:49.161+0000] {connection_wrapper.py:384} INFO - AWS Connection (conn_id='minio_conn_id', conn_type='aws') credentials retrieved from login and ***.
[2026-02-27T19:00:50.149+0000] {base.py:84} INFO - Using connection ID 'postgres_dwh' for task execution.
[2026-02-27T19:00:50.163+0000] {logging_mixin.py:188} INFO - Successfully loaded transactions using copy_expert
[2026-02-27T19:00:50.165+0000] {python.py:237} INFO - Done. Returned value was: None
[2026-02-27T19:00:50.167+0000] {taskinstance.py:441} INFO - ::group::Post task execution logs
[2026-02-27T19:00:50.182+0000] {taskinstance.py:1206} INFO - Marking task as SUCCESS. dag_id=oltp_s3_dwh, task_id=upload_s3_to_dwh_transactions, run_id=scheduled__2025-06-01T00:00:00+00:00, execution_date=20250601T000000, start_date=20260227T190048, end_date=20260227T190050
[2026-02-27T19:00:50.252+0000] {local_task_job_runner.py:243} INFO - Task exited with return code 0
[2026-02-27T19:00:50.276+0000] {taskinstance.py:3503} INFO - 0 downstream tasks scheduled from follow-on schedule check
[2026-02-27T19:00:50.282+0000] {local_task_job_runner.py:222} INFO - ::endgroup::
