[2026-02-26T12:07:20.798+0000] {local_task_job_runner.py:120} INFO - ::group::Pre task execution logs
[2026-02-26T12:07:20.921+0000] {taskinstance.py:2076} INFO - Dependencies all met for dep_context=non-requeueable deps ti=<TaskInstance: oltp_s3_dwh.upload_postgre_to_s3_accounts scheduled__2025-10-01T00:00:00+00:00 [queued]>
[2026-02-26T12:07:20.985+0000] {taskinstance.py:2076} INFO - Dependencies all met for dep_context=requeueable deps ti=<TaskInstance: oltp_s3_dwh.upload_postgre_to_s3_accounts scheduled__2025-10-01T00:00:00+00:00 [queued]>
[2026-02-26T12:07:20.995+0000] {taskinstance.py:2306} INFO - Starting attempt 1 of 1
[2026-02-26T12:07:21.078+0000] {taskinstance.py:2330} INFO - Executing <Task(PythonOperator): upload_postgre_to_s3_accounts> on 2025-10-01 00:00:00+00:00
[2026-02-26T12:07:21.098+0000] {logging_mixin.py:188} WARNING - /home/***/.local/lib/python3.12/site-packages/***/task/task_runner/standard_task_runner.py:62 DeprecationWarning: This process (pid=4747) is multi-threaded, use of fork() may lead to deadlocks in the child.
[2026-02-26T12:07:21.111+0000] {standard_task_runner.py:90} INFO - Running: ['***', 'tasks', 'run', 'oltp_s3_dwh', 'upload_postgre_to_s3_accounts', 'scheduled__2025-10-01T00:00:00+00:00', '--job-id', '1063', '--raw', '--subdir', 'DAGS_FOLDER/oltp_s3_dwh_dict.py', '--cfg-path', '/tmp/tmphv73aw0l']
[2026-02-26T12:07:21.123+0000] {standard_task_runner.py:91} INFO - Job 1063: Subtask upload_postgre_to_s3_accounts
[2026-02-26T12:07:21.115+0000] {standard_task_runner.py:64} INFO - Started process 4785 to run task
[2026-02-26T12:07:21.274+0000] {task_command.py:426} INFO - Running <TaskInstance: oltp_s3_dwh.upload_postgre_to_s3_accounts scheduled__2025-10-01T00:00:00+00:00 [running]> on host 31b45edbecf3
[2026-02-26T12:07:21.986+0000] {taskinstance.py:2648} INFO - Exporting env vars: AIRFLOW_CTX_DAG_OWNER='***' AIRFLOW_CTX_DAG_ID='oltp_s3_dwh' AIRFLOW_CTX_TASK_ID='upload_postgre_to_s3_accounts' AIRFLOW_CTX_EXECUTION_DATE='2025-10-01T00:00:00+00:00' AIRFLOW_CTX_TRY_NUMBER='1' AIRFLOW_CTX_DAG_RUN_ID='scheduled__2025-10-01T00:00:00+00:00'
[2026-02-26T12:07:22.003+0000] {taskinstance.py:430} INFO - ::endgroup::
[2026-02-26T12:07:22.153+0000] {base.py:84} INFO - Using connection ID 'postgres_oltp' for task execution.
[2026-02-26T12:07:22.207+0000] {logging_mixin.py:188} WARNING - /home/***/.local/lib/python3.12/site-packages/***/providers/common/sql/hooks/sql.py:269 UserWarning: pandas only supports SQLAlchemy connectable (engine/connection) or database string URI or sqlite3 DBAPI2 connection. Other DBAPI2 objects are not tested. Please consider using SQLAlchemy.
[2026-02-26T12:07:22.236+0000] {logging_mixin.py:188} INFO - В таблице accounts нет данных
[2026-02-26T12:07:22.241+0000] {python.py:237} INFO - Done. Returned value was: None
[2026-02-26T12:07:22.242+0000] {taskinstance.py:441} INFO - ::group::Post task execution logs
[2026-02-26T12:07:22.274+0000] {taskinstance.py:1206} INFO - Marking task as SUCCESS. dag_id=oltp_s3_dwh, task_id=upload_postgre_to_s3_accounts, run_id=scheduled__2025-10-01T00:00:00+00:00, execution_date=20251001T000000, start_date=20260226T120720, end_date=20260226T120722
[2026-02-26T12:07:22.597+0000] {local_task_job_runner.py:243} INFO - Task exited with return code 0
[2026-02-26T12:07:22.701+0000] {taskinstance.py:3503} INFO - 0 downstream tasks scheduled from follow-on schedule check
[2026-02-26T12:07:22.720+0000] {local_task_job_runner.py:222} INFO - ::endgroup::
[2026-02-27T19:01:28.512+0000] {local_task_job_runner.py:120} INFO - ::group::Pre task execution logs
[2026-02-27T19:01:28.565+0000] {taskinstance.py:2076} INFO - Dependencies all met for dep_context=non-requeueable deps ti=<TaskInstance: oltp_s3_dwh.upload_postgre_to_s3_accounts scheduled__2025-10-01T00:00:00+00:00 [queued]>
[2026-02-27T19:01:28.594+0000] {taskinstance.py:2076} INFO - Dependencies all met for dep_context=requeueable deps ti=<TaskInstance: oltp_s3_dwh.upload_postgre_to_s3_accounts scheduled__2025-10-01T00:00:00+00:00 [queued]>
[2026-02-27T19:01:28.603+0000] {taskinstance.py:2306} INFO - Starting attempt 1 of 1
[2026-02-27T19:01:28.657+0000] {taskinstance.py:2330} INFO - Executing <Task(PythonOperator): upload_postgre_to_s3_accounts> on 2025-10-01 00:00:00+00:00
[2026-02-27T19:01:28.674+0000] {logging_mixin.py:188} WARNING - /home/***/.local/lib/python3.12/site-packages/***/task/task_runner/standard_task_runner.py:62 DeprecationWarning: This process (pid=32832) is multi-threaded, use of fork() may lead to deadlocks in the child.
[2026-02-27T19:01:28.677+0000] {standard_task_runner.py:64} INFO - Started process 32846 to run task
[2026-02-27T19:01:28.681+0000] {standard_task_runner.py:90} INFO - Running: ['***', 'tasks', 'run', 'oltp_s3_dwh', 'upload_postgre_to_s3_accounts', 'scheduled__2025-10-01T00:00:00+00:00', '--job-id', '1693', '--raw', '--subdir', 'DAGS_FOLDER/oltp_s3_dwh.py', '--cfg-path', '/tmp/tmpud40kz74']
[2026-02-27T19:01:28.686+0000] {standard_task_runner.py:91} INFO - Job 1693: Subtask upload_postgre_to_s3_accounts
[2026-02-27T19:01:28.883+0000] {task_command.py:426} INFO - Running <TaskInstance: oltp_s3_dwh.upload_postgre_to_s3_accounts scheduled__2025-10-01T00:00:00+00:00 [running]> on host 31b45edbecf3
[2026-02-27T19:01:29.199+0000] {taskinstance.py:2648} INFO - Exporting env vars: AIRFLOW_CTX_DAG_OWNER='***' AIRFLOW_CTX_DAG_ID='oltp_s3_dwh' AIRFLOW_CTX_TASK_ID='upload_postgre_to_s3_accounts' AIRFLOW_CTX_EXECUTION_DATE='2025-10-01T00:00:00+00:00' AIRFLOW_CTX_TRY_NUMBER='1' AIRFLOW_CTX_DAG_RUN_ID='scheduled__2025-10-01T00:00:00+00:00'
[2026-02-27T19:01:29.201+0000] {taskinstance.py:430} INFO - ::endgroup::
[2026-02-27T19:01:29.263+0000] {base.py:84} INFO - Using connection ID 'postgres_oltp' for task execution.
[2026-02-27T19:01:29.299+0000] {logging_mixin.py:188} WARNING - /home/***/.local/lib/python3.12/site-packages/***/providers/common/sql/hooks/sql.py:269 UserWarning: pandas only supports SQLAlchemy connectable (engine/connection) or database string URI or sqlite3 DBAPI2 connection. Other DBAPI2 objects are not tested. Please consider using SQLAlchemy.
[2026-02-27T19:01:29.350+0000] {logging_mixin.py:188} INFO - В таблице accounts нет данных
[2026-02-27T19:01:29.397+0000] {python.py:237} INFO - Done. Returned value was: None
[2026-02-27T19:01:29.398+0000] {taskinstance.py:441} INFO - ::group::Post task execution logs
[2026-02-27T19:01:29.459+0000] {taskinstance.py:1206} INFO - Marking task as SUCCESS. dag_id=oltp_s3_dwh, task_id=upload_postgre_to_s3_accounts, run_id=scheduled__2025-10-01T00:00:00+00:00, execution_date=20251001T000000, start_date=20260227T190128, end_date=20260227T190129
[2026-02-27T19:01:29.558+0000] {local_task_job_runner.py:243} INFO - Task exited with return code 0
[2026-02-27T19:01:29.572+0000] {local_task_job_runner.py:222} INFO - ::endgroup::
