[2026-02-26T17:56:22.581+0000] {local_task_job_runner.py:120} INFO - ::group::Pre task execution logs
[2026-02-26T17:56:22.623+0000] {taskinstance.py:2076} INFO - Dependencies all met for dep_context=non-requeueable deps ti=<TaskInstance: oltp_s3_dwh.upload_s3_to_dwh_users scheduled__2025-12-01T00:00:00+00:00 [queued]>
[2026-02-26T17:56:22.651+0000] {taskinstance.py:2076} INFO - Dependencies all met for dep_context=requeueable deps ti=<TaskInstance: oltp_s3_dwh.upload_s3_to_dwh_users scheduled__2025-12-01T00:00:00+00:00 [queued]>
[2026-02-26T17:56:22.652+0000] {taskinstance.py:2306} INFO - Starting attempt 1 of 1
[2026-02-26T17:56:22.707+0000] {taskinstance.py:2330} INFO - Executing <Task(PythonOperator): upload_s3_to_dwh_users> on 2025-12-01 00:00:00+00:00
[2026-02-26T17:56:22.766+0000] {logging_mixin.py:188} WARNING - /home/***/.local/lib/python3.12/site-packages/***/task/task_runner/standard_task_runner.py:62 DeprecationWarning: This process (pid=7259) is multi-threaded, use of fork() may lead to deadlocks in the child.
[2026-02-26T17:56:22.785+0000] {standard_task_runner.py:64} INFO - Started process 7319 to run task
[2026-02-26T17:56:22.807+0000] {standard_task_runner.py:90} INFO - Running: ['***', 'tasks', 'run', 'oltp_s3_dwh', 'upload_s3_to_dwh_users', 'scheduled__2025-12-01T00:00:00+00:00', '--job-id', '1257', '--raw', '--subdir', 'DAGS_FOLDER/oltp_s3_dwh.py', '--cfg-path', '/tmp/tmp5ahb2wyl']
[2026-02-26T17:56:22.832+0000] {standard_task_runner.py:91} INFO - Job 1257: Subtask upload_s3_to_dwh_users
[2026-02-26T17:56:22.995+0000] {task_command.py:426} INFO - Running <TaskInstance: oltp_s3_dwh.upload_s3_to_dwh_users scheduled__2025-12-01T00:00:00+00:00 [running]> on host 31b45edbecf3
[2026-02-26T17:56:23.457+0000] {taskinstance.py:2648} INFO - Exporting env vars: AIRFLOW_CTX_DAG_OWNER='***' AIRFLOW_CTX_DAG_ID='oltp_s3_dwh' AIRFLOW_CTX_TASK_ID='upload_s3_to_dwh_users' AIRFLOW_CTX_EXECUTION_DATE='2025-12-01T00:00:00+00:00' AIRFLOW_CTX_TRY_NUMBER='1' AIRFLOW_CTX_DAG_RUN_ID='scheduled__2025-12-01T00:00:00+00:00'
[2026-02-26T17:56:23.459+0000] {taskinstance.py:430} INFO - ::endgroup::
[2026-02-26T17:56:22.674+0000] {base.py:84} INFO - Using connection ID 'postgres_dwh' for task execution.
[2026-02-26T17:56:22.713+0000] {sql.py:495} INFO - Running statement: SELECT table_schema, table_name FROM information_schema.tables WHERE table_schema = 'staging';, parameters: None
[2026-02-26T17:56:22.719+0000] {sql.py:504} INFO - Rows affected: 9
[2026-02-26T17:56:22.733+0000] {logging_mixin.py:188} INFO - DEBUG: Доступные таблицы в схеме staging: [('staging', 'exchange_rates'), ('staging', 'users'), ('staging', 'accounts'), ('staging', 'dict_mcc'), ('staging', 'dict_tariffs'), ('staging', 'cards'), ('staging', 'dict_merchants'), ('staging', 'dict_regions'), ('staging', 'transactions')]
[2026-02-26T17:56:22.796+0000] {base.py:84} INFO - Using connection ID 'minio_conn_id' for task execution.
[2026-02-26T17:56:22.803+0000] {connection_wrapper.py:384} INFO - AWS Connection (conn_id='minio_conn_id', conn_type='aws') credentials retrieved from login and ***.
[2026-02-26T17:56:25.671+0000] {logging_mixin.py:188} INFO - Файл raw/not_dict/users/2025-12-01/data.parquet не найден в S3. Пропускаем загрузку.
[2026-02-26T17:56:25.676+0000] {python.py:237} INFO - Done. Returned value was: None
[2026-02-26T17:56:25.685+0000] {taskinstance.py:441} INFO - ::group::Post task execution logs
[2026-02-26T17:56:25.731+0000] {taskinstance.py:1206} INFO - Marking task as SUCCESS. dag_id=oltp_s3_dwh, task_id=upload_s3_to_dwh_users, run_id=scheduled__2025-12-01T00:00:00+00:00, execution_date=20251201T000000, start_date=20260226T175622, end_date=20260226T175625
[2026-02-26T17:56:25.904+0000] {local_task_job_runner.py:243} INFO - Task exited with return code 0
[2026-02-26T17:56:26.014+0000] {taskinstance.py:3503} INFO - 0 downstream tasks scheduled from follow-on schedule check
[2026-02-26T17:56:26.037+0000] {local_task_job_runner.py:222} INFO - ::endgroup::
[2026-02-27T19:01:55.523+0000] {local_task_job_runner.py:120} INFO - ::group::Pre task execution logs
[2026-02-27T19:01:55.598+0000] {taskinstance.py:2076} INFO - Dependencies all met for dep_context=non-requeueable deps ti=<TaskInstance: oltp_s3_dwh.upload_s3_to_dwh_users scheduled__2025-12-01T00:00:00+00:00 [queued]>
[2026-02-27T19:01:55.634+0000] {taskinstance.py:2076} INFO - Dependencies all met for dep_context=requeueable deps ti=<TaskInstance: oltp_s3_dwh.upload_s3_to_dwh_users scheduled__2025-12-01T00:00:00+00:00 [queued]>
[2026-02-27T19:01:55.635+0000] {taskinstance.py:2306} INFO - Starting attempt 1 of 1
[2026-02-27T19:01:55.701+0000] {taskinstance.py:2330} INFO - Executing <Task(PythonOperator): upload_s3_to_dwh_users> on 2025-12-01 00:00:00+00:00
[2026-02-27T19:01:55.719+0000] {logging_mixin.py:188} WARNING - /home/***/.local/lib/python3.12/site-packages/***/task/task_runner/standard_task_runner.py:62 DeprecationWarning: This process (pid=33072) is multi-threaded, use of fork() may lead to deadlocks in the child.
[2026-02-27T19:01:55.727+0000] {standard_task_runner.py:64} INFO - Started process 33104 to run task
[2026-02-27T19:01:55.724+0000] {standard_task_runner.py:90} INFO - Running: ['***', 'tasks', 'run', 'oltp_s3_dwh', 'upload_s3_to_dwh_users', 'scheduled__2025-12-01T00:00:00+00:00', '--job-id', '1748', '--raw', '--subdir', 'DAGS_FOLDER/oltp_s3_dwh.py', '--cfg-path', '/tmp/tmp_pbvkhlz']
[2026-02-27T19:01:55.731+0000] {standard_task_runner.py:91} INFO - Job 1748: Subtask upload_s3_to_dwh_users
[2026-02-27T19:01:55.842+0000] {task_command.py:426} INFO - Running <TaskInstance: oltp_s3_dwh.upload_s3_to_dwh_users scheduled__2025-12-01T00:00:00+00:00 [running]> on host 31b45edbecf3
[2026-02-27T19:01:56.204+0000] {taskinstance.py:2648} INFO - Exporting env vars: AIRFLOW_CTX_DAG_OWNER='***' AIRFLOW_CTX_DAG_ID='oltp_s3_dwh' AIRFLOW_CTX_TASK_ID='upload_s3_to_dwh_users' AIRFLOW_CTX_EXECUTION_DATE='2025-12-01T00:00:00+00:00' AIRFLOW_CTX_TRY_NUMBER='1' AIRFLOW_CTX_DAG_RUN_ID='scheduled__2025-12-01T00:00:00+00:00'
[2026-02-27T19:01:56.209+0000] {taskinstance.py:430} INFO - ::endgroup::
[2026-02-27T19:01:56.282+0000] {base.py:84} INFO - Using connection ID 'postgres_dwh' for task execution.
[2026-02-27T19:01:56.294+0000] {sql.py:495} INFO - Running statement: SELECT table_schema, table_name FROM information_schema.tables WHERE table_schema = 'staging';, parameters: None
[2026-02-27T19:01:56.298+0000] {sql.py:504} INFO - Rows affected: 9
[2026-02-27T19:01:56.302+0000] {logging_mixin.py:188} INFO - DEBUG: Доступные таблицы в схеме staging: [('staging', 'exchange_rates'), ('staging', 'cards'), ('staging', 'users'), ('staging', 'accounts'), ('staging', 'dict_tariffs'), ('staging', 'dict_merchants'), ('staging', 'dict_mcc'), ('staging', 'dict_regions'), ('staging', 'transactions')]
[2026-02-27T19:01:56.332+0000] {base.py:84} INFO - Using connection ID 'minio_conn_id' for task execution.
[2026-02-27T19:01:56.336+0000] {connection_wrapper.py:384} INFO - AWS Connection (conn_id='minio_conn_id', conn_type='aws') credentials retrieved from login and ***.
[2026-02-27T19:01:57.388+0000] {logging_mixin.py:188} INFO - Файл raw/not_dict/users/2025-12-01/data.parquet не найден в S3. Пропускаем загрузку.
[2026-02-27T19:01:57.390+0000] {python.py:237} INFO - Done. Returned value was: None
[2026-02-27T19:01:57.398+0000] {taskinstance.py:441} INFO - ::group::Post task execution logs
[2026-02-27T19:01:57.416+0000] {taskinstance.py:1206} INFO - Marking task as SUCCESS. dag_id=oltp_s3_dwh, task_id=upload_s3_to_dwh_users, run_id=scheduled__2025-12-01T00:00:00+00:00, execution_date=20251201T000000, start_date=20260227T190155, end_date=20260227T190157
[2026-02-27T19:01:57.481+0000] {local_task_job_runner.py:243} INFO - Task exited with return code 0
[2026-02-27T19:01:57.566+0000] {taskinstance.py:3503} INFO - 0 downstream tasks scheduled from follow-on schedule check
[2026-02-27T19:01:57.574+0000] {local_task_job_runner.py:222} INFO - ::endgroup::
