[2026-02-26T12:07:38.486+0000] {local_task_job_runner.py:120} INFO - ::group::Pre task execution logs
[2026-02-26T12:07:38.541+0000] {taskinstance.py:2076} INFO - Dependencies all met for dep_context=non-requeueable deps ti=<TaskInstance: oltp_s3_dwh.upload_postgre_to_s3_dict_tariffs manual__2026-02-26T12:02:33.254414+00:00 [queued]>
[2026-02-26T12:07:38.573+0000] {taskinstance.py:2076} INFO - Dependencies all met for dep_context=requeueable deps ti=<TaskInstance: oltp_s3_dwh.upload_postgre_to_s3_dict_tariffs manual__2026-02-26T12:02:33.254414+00:00 [queued]>
[2026-02-26T12:07:38.574+0000] {taskinstance.py:2306} INFO - Starting attempt 2 of 2
[2026-02-26T12:07:38.610+0000] {taskinstance.py:2330} INFO - Executing <Task(PythonOperator): upload_postgre_to_s3_dict_tariffs> on 2026-02-26 12:02:33.254414+00:00
[2026-02-26T12:07:38.663+0000] {logging_mixin.py:188} WARNING - /home/***/.local/lib/python3.12/site-packages/***/task/task_runner/standard_task_runner.py:62 DeprecationWarning: This process (pid=4959) is multi-threaded, use of fork() may lead to deadlocks in the child.
[2026-02-26T12:07:38.677+0000] {standard_task_runner.py:64} INFO - Started process 5001 to run task
[2026-02-26T12:07:38.693+0000] {standard_task_runner.py:90} INFO - Running: ['***', 'tasks', 'run', 'oltp_s3_dwh', 'upload_postgre_to_s3_dict_tariffs', 'manual__2026-02-26T12:02:33.254414+00:00', '--job-id', '1105', '--raw', '--subdir', 'DAGS_FOLDER/oltp_s3_dwh_dict.py', '--cfg-path', '/tmp/tmp2wjd0jj8']
[2026-02-26T12:07:38.705+0000] {standard_task_runner.py:91} INFO - Job 1105: Subtask upload_postgre_to_s3_dict_tariffs
[2026-02-26T12:07:38.895+0000] {task_command.py:426} INFO - Running <TaskInstance: oltp_s3_dwh.upload_postgre_to_s3_dict_tariffs manual__2026-02-26T12:02:33.254414+00:00 [running]> on host 31b45edbecf3
[2026-02-26T12:07:39.203+0000] {taskinstance.py:2648} INFO - Exporting env vars: AIRFLOW_CTX_DAG_OWNER='***' AIRFLOW_CTX_DAG_ID='oltp_s3_dwh' AIRFLOW_CTX_TASK_ID='upload_postgre_to_s3_dict_tariffs' AIRFLOW_CTX_EXECUTION_DATE='2026-02-26T12:02:33.254414+00:00' AIRFLOW_CTX_TRY_NUMBER='2' AIRFLOW_CTX_DAG_RUN_ID='manual__2026-02-26T12:02:33.254414+00:00'
[2026-02-26T12:07:39.205+0000] {taskinstance.py:430} INFO - ::endgroup::
[2026-02-26T12:07:39.289+0000] {base.py:84} INFO - Using connection ID 'postgres_oltp' for task execution.
[2026-02-26T12:07:39.346+0000] {logging_mixin.py:188} WARNING - /home/***/.local/lib/python3.12/site-packages/***/providers/common/sql/hooks/sql.py:269 UserWarning: pandas only supports SQLAlchemy connectable (engine/connection) or database string URI or sqlite3 DBAPI2 connection. Other DBAPI2 objects are not tested. Please consider using SQLAlchemy.
[2026-02-26T12:07:39.468+0000] {base.py:84} INFO - Using connection ID 'minio_conn_id' for task execution.
[2026-02-26T12:07:39.470+0000] {connection_wrapper.py:384} INFO - AWS Connection (conn_id='minio_conn_id', conn_type='aws') credentials retrieved from login and ***.
[2026-02-26T12:07:40.429+0000] {python.py:237} INFO - Done. Returned value was: None
[2026-02-26T12:07:40.431+0000] {taskinstance.py:441} INFO - ::group::Post task execution logs
[2026-02-26T12:07:40.450+0000] {taskinstance.py:1206} INFO - Marking task as SUCCESS. dag_id=oltp_s3_dwh, task_id=upload_postgre_to_s3_dict_tariffs, run_id=manual__2026-02-26T12:02:33.254414+00:00, execution_date=20260226T120233, start_date=20260226T120738, end_date=20260226T120740
[2026-02-26T12:07:40.513+0000] {local_task_job_runner.py:243} INFO - Task exited with return code 0
[2026-02-26T12:07:40.545+0000] {local_task_job_runner.py:222} INFO - ::endgroup::
