[2026-02-26T12:07:09.572+0000] {local_task_job_runner.py:120} INFO - ::group::Pre task execution logs
[2026-02-26T12:07:09.639+0000] {taskinstance.py:2076} INFO - Dependencies all met for dep_context=non-requeueable deps ti=<TaskInstance: oltp_s3_dwh.upload_postgre_to_s3_users scheduled__2025-08-01T00:00:00+00:00 [queued]>
[2026-02-26T12:07:09.683+0000] {taskinstance.py:2076} INFO - Dependencies all met for dep_context=requeueable deps ti=<TaskInstance: oltp_s3_dwh.upload_postgre_to_s3_users scheduled__2025-08-01T00:00:00+00:00 [queued]>
[2026-02-26T12:07:09.687+0000] {taskinstance.py:2306} INFO - Starting attempt 1 of 1
[2026-02-26T12:07:09.768+0000] {taskinstance.py:2330} INFO - Executing <Task(PythonOperator): upload_postgre_to_s3_users> on 2025-08-01 00:00:00+00:00
[2026-02-26T12:07:09.841+0000] {logging_mixin.py:188} WARNING - /home/***/.local/lib/python3.12/site-packages/***/task/task_runner/standard_task_runner.py:62 DeprecationWarning: This process (pid=4620) is multi-threaded, use of fork() may lead to deadlocks in the child.
[2026-02-26T12:07:09.868+0000] {standard_task_runner.py:64} INFO - Started process 4662 to run task
[2026-02-26T12:07:09.846+0000] {standard_task_runner.py:90} INFO - Running: ['***', 'tasks', 'run', 'oltp_s3_dwh', 'upload_postgre_to_s3_users', 'scheduled__2025-08-01T00:00:00+00:00', '--job-id', '1046', '--raw', '--subdir', 'DAGS_FOLDER/oltp_s3_dwh_dict.py', '--cfg-path', '/tmp/tmpzbvh1eys']
[2026-02-26T12:07:09.880+0000] {standard_task_runner.py:91} INFO - Job 1046: Subtask upload_postgre_to_s3_users
[2026-02-26T12:07:10.099+0000] {task_command.py:426} INFO - Running <TaskInstance: oltp_s3_dwh.upload_postgre_to_s3_users scheduled__2025-08-01T00:00:00+00:00 [running]> on host 31b45edbecf3
[2026-02-26T12:07:10.451+0000] {taskinstance.py:2648} INFO - Exporting env vars: AIRFLOW_CTX_DAG_OWNER='***' AIRFLOW_CTX_DAG_ID='oltp_s3_dwh' AIRFLOW_CTX_TASK_ID='upload_postgre_to_s3_users' AIRFLOW_CTX_EXECUTION_DATE='2025-08-01T00:00:00+00:00' AIRFLOW_CTX_TRY_NUMBER='1' AIRFLOW_CTX_DAG_RUN_ID='scheduled__2025-08-01T00:00:00+00:00'
[2026-02-26T12:07:10.462+0000] {taskinstance.py:430} INFO - ::endgroup::
[2026-02-26T12:07:10.641+0000] {base.py:84} INFO - Using connection ID 'postgres_oltp' for task execution.
[2026-02-26T12:07:10.668+0000] {logging_mixin.py:188} WARNING - /home/***/.local/lib/python3.12/site-packages/***/providers/common/sql/hooks/sql.py:269 UserWarning: pandas only supports SQLAlchemy connectable (engine/connection) or database string URI or sqlite3 DBAPI2 connection. Other DBAPI2 objects are not tested. Please consider using SQLAlchemy.
[2026-02-26T12:07:10.704+0000] {logging_mixin.py:188} INFO - В таблице users нет данных
[2026-02-26T12:07:10.707+0000] {python.py:237} INFO - Done. Returned value was: None
[2026-02-26T12:07:10.709+0000] {taskinstance.py:441} INFO - ::group::Post task execution logs
[2026-02-26T12:07:10.729+0000] {taskinstance.py:1206} INFO - Marking task as SUCCESS. dag_id=oltp_s3_dwh, task_id=upload_postgre_to_s3_users, run_id=scheduled__2025-08-01T00:00:00+00:00, execution_date=20250801T000000, start_date=20260226T120709, end_date=20260226T120710
[2026-02-26T12:07:10.824+0000] {local_task_job_runner.py:243} INFO - Task exited with return code 0
[2026-02-26T12:07:10.885+0000] {taskinstance.py:3503} INFO - 0 downstream tasks scheduled from follow-on schedule check
[2026-02-26T12:07:10.900+0000] {local_task_job_runner.py:222} INFO - ::endgroup::
[2026-02-27T19:01:06.731+0000] {local_task_job_runner.py:120} INFO - ::group::Pre task execution logs
[2026-02-27T19:01:06.804+0000] {taskinstance.py:2076} INFO - Dependencies all met for dep_context=non-requeueable deps ti=<TaskInstance: oltp_s3_dwh.upload_postgre_to_s3_users scheduled__2025-08-01T00:00:00+00:00 [queued]>
[2026-02-27T19:01:06.878+0000] {taskinstance.py:2076} INFO - Dependencies all met for dep_context=requeueable deps ti=<TaskInstance: oltp_s3_dwh.upload_postgre_to_s3_users scheduled__2025-08-01T00:00:00+00:00 [queued]>
[2026-02-27T19:01:06.884+0000] {taskinstance.py:2306} INFO - Starting attempt 1 of 1
[2026-02-27T19:01:06.944+0000] {taskinstance.py:2330} INFO - Executing <Task(PythonOperator): upload_postgre_to_s3_users> on 2025-08-01 00:00:00+00:00
[2026-02-27T19:01:06.983+0000] {logging_mixin.py:188} WARNING - /home/***/.local/lib/python3.12/site-packages/***/task/task_runner/standard_task_runner.py:62 DeprecationWarning: This process (pid=32615) is multi-threaded, use of fork() may lead to deadlocks in the child.
[2026-02-27T19:01:06.985+0000] {standard_task_runner.py:64} INFO - Started process 32634 to run task
[2026-02-27T19:01:06.976+0000] {standard_task_runner.py:90} INFO - Running: ['***', 'tasks', 'run', 'oltp_s3_dwh', 'upload_postgre_to_s3_users', 'scheduled__2025-08-01T00:00:00+00:00', '--job-id', '1658', '--raw', '--subdir', 'DAGS_FOLDER/oltp_s3_dwh.py', '--cfg-path', '/tmp/tmplpqb109b']
[2026-02-27T19:01:06.995+0000] {standard_task_runner.py:91} INFO - Job 1658: Subtask upload_postgre_to_s3_users
[2026-02-27T19:01:07.230+0000] {task_command.py:426} INFO - Running <TaskInstance: oltp_s3_dwh.upload_postgre_to_s3_users scheduled__2025-08-01T00:00:00+00:00 [running]> on host 31b45edbecf3
[2026-02-27T19:01:07.525+0000] {taskinstance.py:2648} INFO - Exporting env vars: AIRFLOW_CTX_DAG_OWNER='***' AIRFLOW_CTX_DAG_ID='oltp_s3_dwh' AIRFLOW_CTX_TASK_ID='upload_postgre_to_s3_users' AIRFLOW_CTX_EXECUTION_DATE='2025-08-01T00:00:00+00:00' AIRFLOW_CTX_TRY_NUMBER='1' AIRFLOW_CTX_DAG_RUN_ID='scheduled__2025-08-01T00:00:00+00:00'
[2026-02-27T19:01:07.530+0000] {taskinstance.py:430} INFO - ::endgroup::
[2026-02-27T19:01:07.599+0000] {base.py:84} INFO - Using connection ID 'postgres_oltp' for task execution.
[2026-02-27T19:01:07.623+0000] {logging_mixin.py:188} WARNING - /home/***/.local/lib/python3.12/site-packages/***/providers/common/sql/hooks/sql.py:269 UserWarning: pandas only supports SQLAlchemy connectable (engine/connection) or database string URI or sqlite3 DBAPI2 connection. Other DBAPI2 objects are not tested. Please consider using SQLAlchemy.
[2026-02-27T19:01:07.640+0000] {logging_mixin.py:188} INFO - В таблице users нет данных
[2026-02-27T19:01:07.647+0000] {python.py:237} INFO - Done. Returned value was: None
[2026-02-27T19:01:07.652+0000] {taskinstance.py:441} INFO - ::group::Post task execution logs
[2026-02-27T19:01:07.670+0000] {taskinstance.py:1206} INFO - Marking task as SUCCESS. dag_id=oltp_s3_dwh, task_id=upload_postgre_to_s3_users, run_id=scheduled__2025-08-01T00:00:00+00:00, execution_date=20250801T000000, start_date=20260227T190106, end_date=20260227T190107
[2026-02-27T19:01:07.805+0000] {local_task_job_runner.py:243} INFO - Task exited with return code 0
[2026-02-27T19:01:07.891+0000] {taskinstance.py:3503} INFO - 1 downstream tasks scheduled from follow-on schedule check
[2026-02-27T19:01:07.897+0000] {local_task_job_runner.py:222} INFO - ::endgroup::
