[2026-02-26T12:06:55.905+0000] {local_task_job_runner.py:120} INFO - ::group::Pre task execution logs
[2026-02-26T12:06:55.975+0000] {taskinstance.py:2076} INFO - Dependencies all met for dep_context=non-requeueable deps ti=<TaskInstance: oltp_s3_dwh.upload_postgre_to_s3_cards scheduled__2025-04-01T00:00:00+00:00 [queued]>
[2026-02-26T12:06:56.051+0000] {taskinstance.py:2076} INFO - Dependencies all met for dep_context=requeueable deps ti=<TaskInstance: oltp_s3_dwh.upload_postgre_to_s3_cards scheduled__2025-04-01T00:00:00+00:00 [queued]>
[2026-02-26T12:06:56.053+0000] {taskinstance.py:2306} INFO - Starting attempt 1 of 1
[2026-02-26T12:06:56.123+0000] {taskinstance.py:2330} INFO - Executing <Task(PythonOperator): upload_postgre_to_s3_cards> on 2025-04-01 00:00:00+00:00
[2026-02-26T12:06:56.254+0000] {logging_mixin.py:188} WARNING - /home/***/.local/lib/python3.12/site-packages/***/task/task_runner/standard_task_runner.py:62 DeprecationWarning: This process (pid=4477) is multi-threaded, use of fork() may lead to deadlocks in the child.
[2026-02-26T12:06:56.252+0000] {standard_task_runner.py:90} INFO - Running: ['***', 'tasks', 'run', 'oltp_s3_dwh', 'upload_postgre_to_s3_cards', 'scheduled__2025-04-01T00:00:00+00:00', '--job-id', '1012', '--raw', '--subdir', 'DAGS_FOLDER/oltp_s3_dwh_dict.py', '--cfg-path', '/tmp/tmpyovjjfj8']
[2026-02-26T12:06:56.267+0000] {standard_task_runner.py:91} INFO - Job 1012: Subtask upload_postgre_to_s3_cards
[2026-02-26T12:06:56.267+0000] {standard_task_runner.py:64} INFO - Started process 4513 to run task
[2026-02-26T12:06:56.441+0000] {task_command.py:426} INFO - Running <TaskInstance: oltp_s3_dwh.upload_postgre_to_s3_cards scheduled__2025-04-01T00:00:00+00:00 [running]> on host 31b45edbecf3
[2026-02-26T12:06:56.802+0000] {taskinstance.py:2648} INFO - Exporting env vars: AIRFLOW_CTX_DAG_OWNER='***' AIRFLOW_CTX_DAG_ID='oltp_s3_dwh' AIRFLOW_CTX_TASK_ID='upload_postgre_to_s3_cards' AIRFLOW_CTX_EXECUTION_DATE='2025-04-01T00:00:00+00:00' AIRFLOW_CTX_TRY_NUMBER='1' AIRFLOW_CTX_DAG_RUN_ID='scheduled__2025-04-01T00:00:00+00:00'
[2026-02-26T12:06:56.804+0000] {taskinstance.py:430} INFO - ::endgroup::
[2026-02-26T12:06:57.002+0000] {base.py:84} INFO - Using connection ID 'postgres_oltp' for task execution.
[2026-02-26T12:06:57.030+0000] {logging_mixin.py:188} WARNING - /home/***/.local/lib/python3.12/site-packages/***/providers/common/sql/hooks/sql.py:269 UserWarning: pandas only supports SQLAlchemy connectable (engine/connection) or database string URI or sqlite3 DBAPI2 connection. Other DBAPI2 objects are not tested. Please consider using SQLAlchemy.
[2026-02-26T12:06:57.289+0000] {base.py:84} INFO - Using connection ID 'minio_conn_id' for task execution.
[2026-02-26T12:06:57.301+0000] {connection_wrapper.py:384} INFO - AWS Connection (conn_id='minio_conn_id', conn_type='aws') credentials retrieved from login and ***.
[2026-02-26T12:07:00.136+0000] {python.py:237} INFO - Done. Returned value was: None
[2026-02-26T12:07:00.137+0000] {taskinstance.py:441} INFO - ::group::Post task execution logs
[2026-02-26T12:07:00.151+0000] {taskinstance.py:1206} INFO - Marking task as SUCCESS. dag_id=oltp_s3_dwh, task_id=upload_postgre_to_s3_cards, run_id=scheduled__2025-04-01T00:00:00+00:00, execution_date=20250401T000000, start_date=20260226T120655, end_date=20260226T120700
[2026-02-26T12:07:00.272+0000] {local_task_job_runner.py:243} INFO - Task exited with return code 0
[2026-02-26T12:07:00.309+0000] {local_task_job_runner.py:222} INFO - ::endgroup::
[2026-02-27T19:00:18.670+0000] {local_task_job_runner.py:120} INFO - ::group::Pre task execution logs
[2026-02-27T19:00:18.712+0000] {taskinstance.py:2076} INFO - Dependencies all met for dep_context=non-requeueable deps ti=<TaskInstance: oltp_s3_dwh.upload_postgre_to_s3_cards scheduled__2025-04-01T00:00:00+00:00 [queued]>
[2026-02-27T19:00:18.746+0000] {taskinstance.py:2076} INFO - Dependencies all met for dep_context=requeueable deps ti=<TaskInstance: oltp_s3_dwh.upload_postgre_to_s3_cards scheduled__2025-04-01T00:00:00+00:00 [queued]>
[2026-02-27T19:00:18.747+0000] {taskinstance.py:2306} INFO - Starting attempt 1 of 1
[2026-02-27T19:00:18.778+0000] {taskinstance.py:2330} INFO - Executing <Task(PythonOperator): upload_postgre_to_s3_cards> on 2025-04-01 00:00:00+00:00
[2026-02-27T19:00:18.802+0000] {logging_mixin.py:188} WARNING - /home/***/.local/lib/python3.12/site-packages/***/task/task_runner/standard_task_runner.py:62 DeprecationWarning: This process (pid=32189) is multi-threaded, use of fork() may lead to deadlocks in the child.
[2026-02-27T19:00:18.805+0000] {standard_task_runner.py:64} INFO - Started process 32207 to run task
[2026-02-27T19:00:18.822+0000] {standard_task_runner.py:90} INFO - Running: ['***', 'tasks', 'run', 'oltp_s3_dwh', 'upload_postgre_to_s3_cards', 'scheduled__2025-04-01T00:00:00+00:00', '--job-id', '1571', '--raw', '--subdir', 'DAGS_FOLDER/oltp_s3_dwh.py', '--cfg-path', '/tmp/tmpivqd3lvl']
[2026-02-27T19:00:18.824+0000] {standard_task_runner.py:91} INFO - Job 1571: Subtask upload_postgre_to_s3_cards
[2026-02-27T19:00:18.956+0000] {task_command.py:426} INFO - Running <TaskInstance: oltp_s3_dwh.upload_postgre_to_s3_cards scheduled__2025-04-01T00:00:00+00:00 [running]> on host 31b45edbecf3
[2026-02-27T19:00:19.122+0000] {taskinstance.py:2648} INFO - Exporting env vars: AIRFLOW_CTX_DAG_OWNER='***' AIRFLOW_CTX_DAG_ID='oltp_s3_dwh' AIRFLOW_CTX_TASK_ID='upload_postgre_to_s3_cards' AIRFLOW_CTX_EXECUTION_DATE='2025-04-01T00:00:00+00:00' AIRFLOW_CTX_TRY_NUMBER='1' AIRFLOW_CTX_DAG_RUN_ID='scheduled__2025-04-01T00:00:00+00:00'
[2026-02-27T19:00:19.126+0000] {taskinstance.py:430} INFO - ::endgroup::
[2026-02-27T19:00:19.168+0000] {base.py:84} INFO - Using connection ID 'postgres_oltp' for task execution.
[2026-02-27T19:00:19.188+0000] {logging_mixin.py:188} WARNING - /home/***/.local/lib/python3.12/site-packages/***/providers/common/sql/hooks/sql.py:269 UserWarning: pandas only supports SQLAlchemy connectable (engine/connection) or database string URI or sqlite3 DBAPI2 connection. Other DBAPI2 objects are not tested. Please consider using SQLAlchemy.
[2026-02-27T19:00:19.232+0000] {logging_mixin.py:188} INFO - В таблице cards нет данных
[2026-02-27T19:00:19.244+0000] {python.py:237} INFO - Done. Returned value was: None
[2026-02-27T19:00:19.250+0000] {taskinstance.py:441} INFO - ::group::Post task execution logs
[2026-02-27T19:00:19.286+0000] {taskinstance.py:1206} INFO - Marking task as SUCCESS. dag_id=oltp_s3_dwh, task_id=upload_postgre_to_s3_cards, run_id=scheduled__2025-04-01T00:00:00+00:00, execution_date=20250401T000000, start_date=20260227T190018, end_date=20260227T190019
[2026-02-27T19:00:19.366+0000] {local_task_job_runner.py:243} INFO - Task exited with return code 0
[2026-02-27T19:00:19.406+0000] {taskinstance.py:3503} INFO - 1 downstream tasks scheduled from follow-on schedule check
[2026-02-27T19:00:19.413+0000] {local_task_job_runner.py:222} INFO - ::endgroup::
