[2026-02-27T10:30:29.682+0000] {local_task_job_runner.py:120} INFO - ::group::Pre task execution logs
[2026-02-27T10:30:29.721+0000] {taskinstance.py:2076} INFO - Dependencies all met for dep_context=non-requeueable deps ti=<TaskInstance: staging_to_core.wait_for_cards scheduled__2025-04-01T00:00:00+00:00 [queued]>
[2026-02-27T10:30:29.730+0000] {taskinstance.py:2076} INFO - Dependencies all met for dep_context=requeueable deps ti=<TaskInstance: staging_to_core.wait_for_cards scheduled__2025-04-01T00:00:00+00:00 [queued]>
[2026-02-27T10:30:29.731+0000] {taskinstance.py:2306} INFO - Starting attempt 1 of 1
[2026-02-27T10:30:29.746+0000] {taskinstance.py:2330} INFO - Executing <Task(ExternalTaskSensor): wait_for_cards> on 2025-04-01 00:00:00+00:00
[2026-02-27T10:30:29.754+0000] {logging_mixin.py:188} WARNING - /home/***/.local/lib/python3.12/site-packages/***/task/task_runner/standard_task_runner.py:62 DeprecationWarning: This process (pid=9207) is multi-threaded, use of fork() may lead to deadlocks in the child.
[2026-02-27T10:30:29.755+0000] {standard_task_runner.py:64} INFO - Started process 9208 to run task
[2026-02-27T10:30:29.754+0000] {standard_task_runner.py:90} INFO - Running: ['***', 'tasks', 'run', 'staging_to_core', 'wait_for_cards', 'scheduled__2025-04-01T00:00:00+00:00', '--job-id', '1353', '--raw', '--subdir', 'DAGS_FOLDER/staging_to_core.py', '--cfg-path', '/tmp/tmp72abfisa']
[2026-02-27T10:30:29.756+0000] {standard_task_runner.py:91} INFO - Job 1353: Subtask wait_for_cards
[2026-02-27T10:30:29.811+0000] {task_command.py:426} INFO - Running <TaskInstance: staging_to_core.wait_for_cards scheduled__2025-04-01T00:00:00+00:00 [running]> on host 31b45edbecf3
[2026-02-27T10:30:29.905+0000] {taskinstance.py:2648} INFO - Exporting env vars: AIRFLOW_CTX_DAG_OWNER='***' AIRFLOW_CTX_DAG_ID='staging_to_core' AIRFLOW_CTX_TASK_ID='wait_for_cards' AIRFLOW_CTX_EXECUTION_DATE='2025-04-01T00:00:00+00:00' AIRFLOW_CTX_TRY_NUMBER='1' AIRFLOW_CTX_DAG_RUN_ID='scheduled__2025-04-01T00:00:00+00:00'
[2026-02-27T10:30:29.906+0000] {taskinstance.py:430} INFO - ::endgroup::
[2026-02-27T10:30:29.922+0000] {baseoperator.py:400} WARNING - ExternalTaskSensor.execute cannot be called outside TaskInstance!
[2026-02-27T10:30:29.931+0000] {external_task.py:258} INFO - Poking for tasks ['upload_s3_to_dwh_cards'] in dag oltp_s3_dwh on 2025-04-01T00:00:00+00:00 ... 
[2026-02-27T10:30:29.934+0000] {logging_mixin.py:188} WARNING - /home/***/.local/lib/python3.12/site-packages/***/utils/session.py:79 DeprecationWarning: This method is deprecated and will be removed in future.
[2026-02-27T10:30:29.944+0000] {base.py:294} INFO - Success criteria met. Exiting.
[2026-02-27T10:30:29.945+0000] {taskinstance.py:441} INFO - ::group::Post task execution logs
[2026-02-27T10:30:29.955+0000] {taskinstance.py:1206} INFO - Marking task as SUCCESS. dag_id=staging_to_core, task_id=wait_for_cards, run_id=scheduled__2025-04-01T00:00:00+00:00, execution_date=20250401T000000, start_date=20260227T103029, end_date=20260227T103029
[2026-02-27T10:30:29.972+0000] {local_task_job_runner.py:243} INFO - Task exited with return code 0
[2026-02-27T10:30:29.984+0000] {logging_mixin.py:188} WARNING - /home/***/.local/lib/python3.12/site-packages/***/models/baseoperator.py:1297 AirflowProviderDeprecationWarning: Call to deprecated class PostgresOperator. (Please use `***.providers.common.sql.operators.sql.SQLExecuteQueryOperator`.Also, you can provide `hook_params={'schema': <database>}`.)
[2026-02-27T10:30:30.011+0000] {taskinstance.py:3503} INFO - 1 downstream tasks scheduled from follow-on schedule check
[2026-02-27T10:30:30.014+0000] {local_task_job_runner.py:222} INFO - ::endgroup::
[2026-02-27T19:02:22.078+0000] {local_task_job_runner.py:120} INFO - ::group::Pre task execution logs
[2026-02-27T19:02:22.123+0000] {taskinstance.py:2076} INFO - Dependencies all met for dep_context=non-requeueable deps ti=<TaskInstance: staging_to_core.wait_for_cards scheduled__2025-04-01T00:00:00+00:00 [queued]>
[2026-02-27T19:02:22.137+0000] {taskinstance.py:2076} INFO - Dependencies all met for dep_context=requeueable deps ti=<TaskInstance: staging_to_core.wait_for_cards scheduled__2025-04-01T00:00:00+00:00 [queued]>
[2026-02-27T19:02:22.141+0000] {taskinstance.py:2306} INFO - Starting attempt 1 of 1
[2026-02-27T19:02:22.163+0000] {taskinstance.py:2330} INFO - Executing <Task(ExternalTaskSensor): wait_for_cards> on 2025-04-01 00:00:00+00:00
[2026-02-27T19:02:22.173+0000] {logging_mixin.py:188} WARNING - /home/***/.local/lib/python3.12/site-packages/***/task/task_runner/standard_task_runner.py:62 DeprecationWarning: This process (pid=33259) is multi-threaded, use of fork() may lead to deadlocks in the child.
[2026-02-27T19:02:22.175+0000] {standard_task_runner.py:64} INFO - Started process 33260 to run task
[2026-02-27T19:02:22.174+0000] {standard_task_runner.py:90} INFO - Running: ['***', 'tasks', 'run', 'staging_to_core', 'wait_for_cards', 'scheduled__2025-04-01T00:00:00+00:00', '--job-id', '1785', '--raw', '--subdir', 'DAGS_FOLDER/staging_to_core.py', '--cfg-path', '/tmp/tmp3szkkm19']
[2026-02-27T19:02:22.177+0000] {standard_task_runner.py:91} INFO - Job 1785: Subtask wait_for_cards
[2026-02-27T19:02:22.256+0000] {task_command.py:426} INFO - Running <TaskInstance: staging_to_core.wait_for_cards scheduled__2025-04-01T00:00:00+00:00 [running]> on host 31b45edbecf3
[2026-02-27T19:02:22.375+0000] {taskinstance.py:2648} INFO - Exporting env vars: AIRFLOW_CTX_DAG_OWNER='***' AIRFLOW_CTX_DAG_ID='staging_to_core' AIRFLOW_CTX_TASK_ID='wait_for_cards' AIRFLOW_CTX_EXECUTION_DATE='2025-04-01T00:00:00+00:00' AIRFLOW_CTX_TRY_NUMBER='1' AIRFLOW_CTX_DAG_RUN_ID='scheduled__2025-04-01T00:00:00+00:00'
[2026-02-27T19:02:22.377+0000] {taskinstance.py:430} INFO - ::endgroup::
[2026-02-27T19:02:22.394+0000] {baseoperator.py:400} WARNING - ExternalTaskSensor.execute cannot be called outside TaskInstance!
[2026-02-27T19:02:22.407+0000] {external_task.py:258} INFO - Poking for tasks ['upload_s3_to_dwh_cards'] in dag oltp_s3_dwh on 2025-04-01T00:00:00+00:00 ... 
[2026-02-27T19:02:22.411+0000] {logging_mixin.py:188} WARNING - /home/***/.local/lib/python3.12/site-packages/***/utils/session.py:79 DeprecationWarning: This method is deprecated and will be removed in future.
[2026-02-27T19:02:22.424+0000] {base.py:294} INFO - Success criteria met. Exiting.
[2026-02-27T19:02:22.426+0000] {taskinstance.py:441} INFO - ::group::Post task execution logs
[2026-02-27T19:02:22.438+0000] {taskinstance.py:1206} INFO - Marking task as SUCCESS. dag_id=staging_to_core, task_id=wait_for_cards, run_id=scheduled__2025-04-01T00:00:00+00:00, execution_date=20250401T000000, start_date=20260227T190222, end_date=20260227T190222
[2026-02-27T19:02:22.472+0000] {local_task_job_runner.py:243} INFO - Task exited with return code 0
[2026-02-27T19:02:22.487+0000] {logging_mixin.py:188} WARNING - /home/***/.local/lib/python3.12/site-packages/***/models/baseoperator.py:1297 AirflowProviderDeprecationWarning: Call to deprecated class PostgresOperator. (Please use `***.providers.common.sql.operators.sql.SQLExecuteQueryOperator`.Also, you can provide `hook_params={'schema': <database>}`.)
[2026-02-27T19:02:22.519+0000] {taskinstance.py:3503} INFO - 1 downstream tasks scheduled from follow-on schedule check
[2026-02-27T19:02:22.523+0000] {local_task_job_runner.py:222} INFO - ::endgroup::
