[2026-02-27T10:31:09.302+0000] {local_task_job_runner.py:120} INFO - ::group::Pre task execution logs
[2026-02-27T10:31:09.361+0000] {taskinstance.py:2076} INFO - Dependencies all met for dep_context=non-requeueable deps ti=<TaskInstance: staging_to_core.transform_accounts_to_core scheduled__2025-06-01T00:00:00+00:00 [queued]>
[2026-02-27T10:31:09.380+0000] {taskinstance.py:2076} INFO - Dependencies all met for dep_context=requeueable deps ti=<TaskInstance: staging_to_core.transform_accounts_to_core scheduled__2025-06-01T00:00:00+00:00 [queued]>
[2026-02-27T10:31:09.381+0000] {taskinstance.py:2306} INFO - Starting attempt 1 of 1
[2026-02-27T10:31:09.401+0000] {taskinstance.py:2330} INFO - Executing <Task(PostgresOperator): transform_accounts_to_core> on 2025-06-01 00:00:00+00:00
[2026-02-27T10:31:09.410+0000] {logging_mixin.py:188} WARNING - /home/***/.local/lib/python3.12/site-packages/***/task/task_runner/standard_task_runner.py:62 DeprecationWarning: This process (pid=9319) is multi-threaded, use of fork() may lead to deadlocks in the child.
[2026-02-27T10:31:09.412+0000] {standard_task_runner.py:64} INFO - Started process 9325 to run task
[2026-02-27T10:31:09.414+0000] {standard_task_runner.py:90} INFO - Running: ['***', 'tasks', 'run', 'staging_to_core', 'transform_accounts_to_core', 'scheduled__2025-06-01T00:00:00+00:00', '--job-id', '1384', '--raw', '--subdir', 'DAGS_FOLDER/staging_to_core.py', '--cfg-path', '/tmp/tmp30hq5f02']
[2026-02-27T10:31:09.417+0000] {standard_task_runner.py:91} INFO - Job 1384: Subtask transform_accounts_to_core
[2026-02-27T10:31:09.493+0000] {task_command.py:426} INFO - Running <TaskInstance: staging_to_core.transform_accounts_to_core scheduled__2025-06-01T00:00:00+00:00 [running]> on host 31b45edbecf3
[2026-02-27T10:31:09.656+0000] {taskinstance.py:2648} INFO - Exporting env vars: AIRFLOW_CTX_DAG_OWNER='***' AIRFLOW_CTX_DAG_ID='staging_to_core' AIRFLOW_CTX_TASK_ID='transform_accounts_to_core' AIRFLOW_CTX_EXECUTION_DATE='2025-06-01T00:00:00+00:00' AIRFLOW_CTX_TRY_NUMBER='1' AIRFLOW_CTX_DAG_RUN_ID='scheduled__2025-06-01T00:00:00+00:00'
[2026-02-27T10:31:09.658+0000] {taskinstance.py:430} INFO - ::endgroup::
[2026-02-27T10:31:09.676+0000] {sql.py:282} INFO - Executing: 
                    INSERT INTO core.accounts
                    SELECT * FROM staging.accounts
                    ON CONFLICT (account_id) 
                    DO UPDATE SET
                        user_id = EXCLUDED.user_id, tariff_id = EXCLUDED.tariff_id, currency_code = EXCLUDED.currency_code, balance = EXCLUDED.balance, is_blocked = EXCLUDED.is_blocked;
                
[2026-02-27T10:31:09.690+0000] {base.py:84} INFO - Using connection ID 'postgres_dwh' for task execution.
[2026-02-27T10:31:09.705+0000] {base.py:84} INFO - Using connection ID 'postgres_dwh' for task execution.
[2026-02-27T10:31:09.712+0000] {sql.py:495} INFO - Running statement: 
                    INSERT INTO core.accounts
                    SELECT * FROM staging.accounts
                    ON CONFLICT (account_id) 
                    DO UPDATE SET
                        user_id = EXCLUDED.user_id, tariff_id = EXCLUDED.tariff_id, currency_code = EXCLUDED.currency_code, balance = EXCLUDED.balance, is_blocked = EXCLUDED.is_blocked;
                , parameters: None
[2026-02-27T10:31:09.822+0000] {sql.py:504} INFO - Rows affected: 19848
[2026-02-27T10:31:09.831+0000] {taskinstance.py:441} INFO - ::group::Post task execution logs
[2026-02-27T10:31:09.847+0000] {taskinstance.py:1206} INFO - Marking task as SUCCESS. dag_id=staging_to_core, task_id=transform_accounts_to_core, run_id=scheduled__2025-06-01T00:00:00+00:00, execution_date=20250601T000000, start_date=20260227T103109, end_date=20260227T103109
[2026-02-27T10:31:09.874+0000] {local_task_job_runner.py:243} INFO - Task exited with return code 0
[2026-02-27T10:31:09.890+0000] {logging_mixin.py:188} WARNING - /home/***/.local/lib/python3.12/site-packages/***/models/baseoperator.py:1297 AirflowProviderDeprecationWarning: Call to deprecated class PostgresOperator. (Please use `***.providers.common.sql.operators.sql.SQLExecuteQueryOperator`.Also, you can provide `hook_params={'schema': <database>}`.)
[2026-02-27T10:31:09.919+0000] {taskinstance.py:3503} INFO - 1 downstream tasks scheduled from follow-on schedule check
[2026-02-27T10:31:09.923+0000] {local_task_job_runner.py:222} INFO - ::endgroup::
[2026-02-27T19:03:00.361+0000] {local_task_job_runner.py:120} INFO - ::group::Pre task execution logs
[2026-02-27T19:03:00.409+0000] {taskinstance.py:2076} INFO - Dependencies all met for dep_context=non-requeueable deps ti=<TaskInstance: staging_to_core.transform_accounts_to_core scheduled__2025-06-01T00:00:00+00:00 [queued]>
[2026-02-27T19:03:00.425+0000] {taskinstance.py:2076} INFO - Dependencies all met for dep_context=requeueable deps ti=<TaskInstance: staging_to_core.transform_accounts_to_core scheduled__2025-06-01T00:00:00+00:00 [queued]>
[2026-02-27T19:03:00.426+0000] {taskinstance.py:2306} INFO - Starting attempt 1 of 1
[2026-02-27T19:03:00.442+0000] {taskinstance.py:2330} INFO - Executing <Task(PostgresOperator): transform_accounts_to_core> on 2025-06-01 00:00:00+00:00
[2026-02-27T19:03:00.451+0000] {logging_mixin.py:188} WARNING - /home/***/.local/lib/python3.12/site-packages/***/task/task_runner/standard_task_runner.py:62 DeprecationWarning: This process (pid=33370) is multi-threaded, use of fork() may lead to deadlocks in the child.
[2026-02-27T19:03:00.453+0000] {standard_task_runner.py:64} INFO - Started process 33371 to run task
[2026-02-27T19:03:00.453+0000] {standard_task_runner.py:90} INFO - Running: ['***', 'tasks', 'run', 'staging_to_core', 'transform_accounts_to_core', 'scheduled__2025-06-01T00:00:00+00:00', '--job-id', '1816', '--raw', '--subdir', 'DAGS_FOLDER/staging_to_core.py', '--cfg-path', '/tmp/tmpmwbu59sr']
[2026-02-27T19:03:00.455+0000] {standard_task_runner.py:91} INFO - Job 1816: Subtask transform_accounts_to_core
[2026-02-27T19:03:00.533+0000] {task_command.py:426} INFO - Running <TaskInstance: staging_to_core.transform_accounts_to_core scheduled__2025-06-01T00:00:00+00:00 [running]> on host 31b45edbecf3
[2026-02-27T19:03:00.705+0000] {taskinstance.py:2648} INFO - Exporting env vars: AIRFLOW_CTX_DAG_OWNER='***' AIRFLOW_CTX_DAG_ID='staging_to_core' AIRFLOW_CTX_TASK_ID='transform_accounts_to_core' AIRFLOW_CTX_EXECUTION_DATE='2025-06-01T00:00:00+00:00' AIRFLOW_CTX_TRY_NUMBER='1' AIRFLOW_CTX_DAG_RUN_ID='scheduled__2025-06-01T00:00:00+00:00'
[2026-02-27T19:03:00.707+0000] {taskinstance.py:430} INFO - ::endgroup::
[2026-02-27T19:03:00.725+0000] {sql.py:282} INFO - Executing: 
                    INSERT INTO core.accounts
                    SELECT * FROM staging.accounts
                    ON CONFLICT (account_id) 
                    DO UPDATE SET
                        user_id = EXCLUDED.user_id, tariff_id = EXCLUDED.tariff_id, currency_code = EXCLUDED.currency_code, balance = EXCLUDED.balance, is_blocked = EXCLUDED.is_blocked;
                
[2026-02-27T19:03:00.745+0000] {base.py:84} INFO - Using connection ID 'postgres_dwh' for task execution.
[2026-02-27T19:03:00.765+0000] {base.py:84} INFO - Using connection ID 'postgres_dwh' for task execution.
[2026-02-27T19:03:00.776+0000] {sql.py:495} INFO - Running statement: 
                    INSERT INTO core.accounts
                    SELECT * FROM staging.accounts
                    ON CONFLICT (account_id) 
                    DO UPDATE SET
                        user_id = EXCLUDED.user_id, tariff_id = EXCLUDED.tariff_id, currency_code = EXCLUDED.currency_code, balance = EXCLUDED.balance, is_blocked = EXCLUDED.is_blocked;
                , parameters: None
[2026-02-27T19:03:00.781+0000] {sql.py:504} INFO - Rows affected: 10
[2026-02-27T19:03:00.785+0000] {taskinstance.py:441} INFO - ::group::Post task execution logs
[2026-02-27T19:03:00.806+0000] {taskinstance.py:1206} INFO - Marking task as SUCCESS. dag_id=staging_to_core, task_id=transform_accounts_to_core, run_id=scheduled__2025-06-01T00:00:00+00:00, execution_date=20250601T000000, start_date=20260227T190300, end_date=20260227T190300
[2026-02-27T19:03:00.834+0000] {local_task_job_runner.py:243} INFO - Task exited with return code 0
[2026-02-27T19:03:00.856+0000] {logging_mixin.py:188} WARNING - /home/***/.local/lib/python3.12/site-packages/***/models/baseoperator.py:1297 AirflowProviderDeprecationWarning: Call to deprecated class PostgresOperator. (Please use `***.providers.common.sql.operators.sql.SQLExecuteQueryOperator`.Also, you can provide `hook_params={'schema': <database>}`.)
[2026-02-27T19:03:00.897+0000] {taskinstance.py:3503} INFO - 1 downstream tasks scheduled from follow-on schedule check
[2026-02-27T19:03:00.914+0000] {local_task_job_runner.py:222} INFO - ::endgroup::
