[2026-02-27T10:30:44.855+0000] {local_task_job_runner.py:120} INFO - ::group::Pre task execution logs
[2026-02-27T10:30:44.897+0000] {taskinstance.py:2076} INFO - Dependencies all met for dep_context=non-requeueable deps ti=<TaskInstance: staging_to_core.transform_dict_merchants_to_core scheduled__2025-05-01T00:00:00+00:00 [queued]>
[2026-02-27T10:30:44.909+0000] {taskinstance.py:2076} INFO - Dependencies all met for dep_context=requeueable deps ti=<TaskInstance: staging_to_core.transform_dict_merchants_to_core scheduled__2025-05-01T00:00:00+00:00 [queued]>
[2026-02-27T10:30:44.910+0000] {taskinstance.py:2306} INFO - Starting attempt 1 of 1
[2026-02-27T10:30:44.925+0000] {taskinstance.py:2330} INFO - Executing <Task(PostgresOperator): transform_dict_merchants_to_core> on 2025-05-01 00:00:00+00:00
[2026-02-27T10:30:44.934+0000] {standard_task_runner.py:90} INFO - Running: ['***', 'tasks', 'run', 'staging_to_core', 'transform_dict_merchants_to_core', 'scheduled__2025-05-01T00:00:00+00:00', '--job-id', '1364', '--raw', '--subdir', 'DAGS_FOLDER/staging_to_core.py', '--cfg-path', '/tmp/tmphfxbr9sz']
[2026-02-27T10:30:44.936+0000] {logging_mixin.py:188} WARNING - /home/***/.local/lib/python3.12/site-packages/***/task/task_runner/standard_task_runner.py:62 DeprecationWarning: This process (pid=9253) is multi-threaded, use of fork() may lead to deadlocks in the child.
[2026-02-27T10:30:44.936+0000] {standard_task_runner.py:91} INFO - Job 1364: Subtask transform_dict_merchants_to_core
[2026-02-27T10:30:44.937+0000] {standard_task_runner.py:64} INFO - Started process 9254 to run task
[2026-02-27T10:30:44.993+0000] {task_command.py:426} INFO - Running <TaskInstance: staging_to_core.transform_dict_merchants_to_core scheduled__2025-05-01T00:00:00+00:00 [running]> on host 31b45edbecf3
[2026-02-27T10:30:45.087+0000] {taskinstance.py:2648} INFO - Exporting env vars: AIRFLOW_CTX_DAG_OWNER='***' AIRFLOW_CTX_DAG_ID='staging_to_core' AIRFLOW_CTX_TASK_ID='transform_dict_merchants_to_core' AIRFLOW_CTX_EXECUTION_DATE='2025-05-01T00:00:00+00:00' AIRFLOW_CTX_TRY_NUMBER='1' AIRFLOW_CTX_DAG_RUN_ID='scheduled__2025-05-01T00:00:00+00:00'
[2026-02-27T10:30:45.088+0000] {taskinstance.py:430} INFO - ::endgroup::
[2026-02-27T10:30:45.105+0000] {sql.py:282} INFO - Executing: 
                    INSERT INTO core.dict_merchants
                    SELECT * FROM staging.dict_merchants
                    ON CONFLICT (merchant_id) 
                    DO UPDATE SET
                        merchant_name = EXCLUDED.merchant_name, mcc_code = EXCLUDED.mcc_code, region_id = EXCLUDED.region_id;
                
[2026-02-27T10:30:45.115+0000] {base.py:84} INFO - Using connection ID 'postgres_dwh' for task execution.
[2026-02-27T10:30:45.126+0000] {base.py:84} INFO - Using connection ID 'postgres_dwh' for task execution.
[2026-02-27T10:30:45.132+0000] {sql.py:495} INFO - Running statement: 
                    INSERT INTO core.dict_merchants
                    SELECT * FROM staging.dict_merchants
                    ON CONFLICT (merchant_id) 
                    DO UPDATE SET
                        merchant_name = EXCLUDED.merchant_name, mcc_code = EXCLUDED.mcc_code, region_id = EXCLUDED.region_id;
                , parameters: None
[2026-02-27T10:30:45.134+0000] {sql.py:504} INFO - Rows affected: 100
[2026-02-27T10:30:45.137+0000] {taskinstance.py:441} INFO - ::group::Post task execution logs
[2026-02-27T10:30:45.147+0000] {taskinstance.py:1206} INFO - Marking task as SUCCESS. dag_id=staging_to_core, task_id=transform_dict_merchants_to_core, run_id=scheduled__2025-05-01T00:00:00+00:00, execution_date=20250501T000000, start_date=20260227T103044, end_date=20260227T103045
[2026-02-27T10:30:45.195+0000] {local_task_job_runner.py:243} INFO - Task exited with return code 0
[2026-02-27T10:30:45.207+0000] {logging_mixin.py:188} WARNING - /home/***/.local/lib/python3.12/site-packages/***/models/baseoperator.py:1297 AirflowProviderDeprecationWarning: Call to deprecated class PostgresOperator. (Please use `***.providers.common.sql.operators.sql.SQLExecuteQueryOperator`.Also, you can provide `hook_params={'schema': <database>}`.)
[2026-02-27T10:30:45.234+0000] {taskinstance.py:3503} INFO - 1 downstream tasks scheduled from follow-on schedule check
[2026-02-27T10:30:45.237+0000] {local_task_job_runner.py:222} INFO - ::endgroup::
[2026-02-27T19:02:36.528+0000] {local_task_job_runner.py:120} INFO - ::group::Pre task execution logs
[2026-02-27T19:02:36.670+0000] {taskinstance.py:2076} INFO - Dependencies all met for dep_context=non-requeueable deps ti=<TaskInstance: staging_to_core.transform_dict_merchants_to_core scheduled__2025-05-01T00:00:00+00:00 [queued]>
[2026-02-27T19:02:36.689+0000] {taskinstance.py:2076} INFO - Dependencies all met for dep_context=requeueable deps ti=<TaskInstance: staging_to_core.transform_dict_merchants_to_core scheduled__2025-05-01T00:00:00+00:00 [queued]>
[2026-02-27T19:02:36.691+0000] {taskinstance.py:2306} INFO - Starting attempt 1 of 1
[2026-02-27T19:02:36.719+0000] {taskinstance.py:2330} INFO - Executing <Task(PostgresOperator): transform_dict_merchants_to_core> on 2025-05-01 00:00:00+00:00
[2026-02-27T19:02:36.732+0000] {logging_mixin.py:188} WARNING - /home/***/.local/lib/python3.12/site-packages/***/task/task_runner/standard_task_runner.py:62 DeprecationWarning: This process (pid=33307) is multi-threaded, use of fork() may lead to deadlocks in the child.
[2026-02-27T19:02:36.735+0000] {standard_task_runner.py:64} INFO - Started process 33308 to run task
[2026-02-27T19:02:36.734+0000] {standard_task_runner.py:90} INFO - Running: ['***', 'tasks', 'run', 'staging_to_core', 'transform_dict_merchants_to_core', 'scheduled__2025-05-01T00:00:00+00:00', '--job-id', '1796', '--raw', '--subdir', 'DAGS_FOLDER/staging_to_core.py', '--cfg-path', '/tmp/tmp8g49dlzj']
[2026-02-27T19:02:36.736+0000] {standard_task_runner.py:91} INFO - Job 1796: Subtask transform_dict_merchants_to_core
[2026-02-27T19:02:36.829+0000] {task_command.py:426} INFO - Running <TaskInstance: staging_to_core.transform_dict_merchants_to_core scheduled__2025-05-01T00:00:00+00:00 [running]> on host 31b45edbecf3
[2026-02-27T19:02:37.012+0000] {taskinstance.py:2648} INFO - Exporting env vars: AIRFLOW_CTX_DAG_OWNER='***' AIRFLOW_CTX_DAG_ID='staging_to_core' AIRFLOW_CTX_TASK_ID='transform_dict_merchants_to_core' AIRFLOW_CTX_EXECUTION_DATE='2025-05-01T00:00:00+00:00' AIRFLOW_CTX_TRY_NUMBER='1' AIRFLOW_CTX_DAG_RUN_ID='scheduled__2025-05-01T00:00:00+00:00'
[2026-02-27T19:02:37.019+0000] {taskinstance.py:430} INFO - ::endgroup::
[2026-02-27T19:02:37.046+0000] {sql.py:282} INFO - Executing: 
                    INSERT INTO core.dict_merchants
                    SELECT * FROM staging.dict_merchants
                    ON CONFLICT (merchant_id) 
                    DO UPDATE SET
                        merchant_name = EXCLUDED.merchant_name, mcc_code = EXCLUDED.mcc_code, region_id = EXCLUDED.region_id;
                
[2026-02-27T19:02:37.065+0000] {base.py:84} INFO - Using connection ID 'postgres_dwh' for task execution.
[2026-02-27T19:02:37.082+0000] {base.py:84} INFO - Using connection ID 'postgres_dwh' for task execution.
[2026-02-27T19:02:37.095+0000] {sql.py:495} INFO - Running statement: 
                    INSERT INTO core.dict_merchants
                    SELECT * FROM staging.dict_merchants
                    ON CONFLICT (merchant_id) 
                    DO UPDATE SET
                        merchant_name = EXCLUDED.merchant_name, mcc_code = EXCLUDED.mcc_code, region_id = EXCLUDED.region_id;
                , parameters: None
[2026-02-27T19:02:37.099+0000] {sql.py:504} INFO - Rows affected: 10
[2026-02-27T19:02:37.103+0000] {taskinstance.py:441} INFO - ::group::Post task execution logs
[2026-02-27T19:02:37.126+0000] {taskinstance.py:1206} INFO - Marking task as SUCCESS. dag_id=staging_to_core, task_id=transform_dict_merchants_to_core, run_id=scheduled__2025-05-01T00:00:00+00:00, execution_date=20250501T000000, start_date=20260227T190236, end_date=20260227T190237
[2026-02-27T19:02:37.155+0000] {local_task_job_runner.py:243} INFO - Task exited with return code 0
[2026-02-27T19:02:37.182+0000] {local_task_job_runner.py:222} INFO - ::endgroup::
