[2026-02-27T10:18:48.212+0000] {local_task_job_runner.py:120} INFO - ::group::Pre task execution logs
[2026-02-27T10:18:48.260+0000] {taskinstance.py:2076} INFO - Dependencies all met for dep_context=non-requeueable deps ti=<TaskInstance: staging_to_core.transform_accounts_to_core scheduled__2025-01-01T00:00:00+00:00 [queued]>
[2026-02-27T10:18:48.272+0000] {taskinstance.py:2076} INFO - Dependencies all met for dep_context=requeueable deps ti=<TaskInstance: staging_to_core.transform_accounts_to_core scheduled__2025-01-01T00:00:00+00:00 [queued]>
[2026-02-27T10:18:48.273+0000] {taskinstance.py:2306} INFO - Starting attempt 1 of 1
[2026-02-27T10:18:48.290+0000] {taskinstance.py:2330} INFO - Executing <Task(PostgresOperator): transform_accounts_to_core> on 2025-01-01 00:00:00+00:00
[2026-02-27T10:18:48.297+0000] {standard_task_runner.py:90} INFO - Running: ['***', 'tasks', 'run', 'staging_to_core', 'transform_accounts_to_core', 'scheduled__2025-01-01T00:00:00+00:00', '--job-id', '1293', '--raw', '--subdir', 'DAGS_FOLDER/staging_to_core.py', '--cfg-path', '/tmp/tmp58fuagae']
[2026-02-27T10:18:48.300+0000] {standard_task_runner.py:91} INFO - Job 1293: Subtask transform_accounts_to_core
[2026-02-27T10:18:48.301+0000] {logging_mixin.py:188} WARNING - /home/***/.local/lib/python3.12/site-packages/***/task/task_runner/standard_task_runner.py:62 DeprecationWarning: This process (pid=8305) is multi-threaded, use of fork() may lead to deadlocks in the child.
[2026-02-27T10:18:48.302+0000] {standard_task_runner.py:64} INFO - Started process 8306 to run task
[2026-02-27T10:18:48.361+0000] {task_command.py:426} INFO - Running <TaskInstance: staging_to_core.transform_accounts_to_core scheduled__2025-01-01T00:00:00+00:00 [running]> on host 31b45edbecf3
[2026-02-27T10:18:48.459+0000] {taskinstance.py:2648} INFO - Exporting env vars: AIRFLOW_CTX_DAG_OWNER='***' AIRFLOW_CTX_DAG_ID='staging_to_core' AIRFLOW_CTX_TASK_ID='transform_accounts_to_core' AIRFLOW_CTX_EXECUTION_DATE='2025-01-01T00:00:00+00:00' AIRFLOW_CTX_TRY_NUMBER='1' AIRFLOW_CTX_DAG_RUN_ID='scheduled__2025-01-01T00:00:00+00:00'
[2026-02-27T10:18:48.460+0000] {taskinstance.py:430} INFO - ::endgroup::
[2026-02-27T10:18:48.478+0000] {sql.py:282} INFO - Executing: 
                    INSERT INTO core.accounts
                    SELECT * FROM staging.accounts
                    ON CONFLICT (account_id) 
                    DO UPDATE SET
                        user_id = EXCLUDED.user_id, tariff_id = EXCLUDED.tariff_id, currency_code = EXCLUDED.currency_code, balance = EXCLUDED.balance, is_blocked = EXCLUDED.is_blocked;
                
[2026-02-27T10:18:48.490+0000] {base.py:84} INFO - Using connection ID 'postgres_dwh' for task execution.
[2026-02-27T10:18:48.500+0000] {base.py:84} INFO - Using connection ID 'postgres_dwh' for task execution.
[2026-02-27T10:18:48.506+0000] {sql.py:495} INFO - Running statement: 
                    INSERT INTO core.accounts
                    SELECT * FROM staging.accounts
                    ON CONFLICT (account_id) 
                    DO UPDATE SET
                        user_id = EXCLUDED.user_id, tariff_id = EXCLUDED.tariff_id, currency_code = EXCLUDED.currency_code, balance = EXCLUDED.balance, is_blocked = EXCLUDED.is_blocked;
                , parameters: None
[2026-02-27T10:18:48.799+0000] {sql.py:504} INFO - Rows affected: 19848
[2026-02-27T10:18:48.805+0000] {taskinstance.py:441} INFO - ::group::Post task execution logs
[2026-02-27T10:18:48.817+0000] {taskinstance.py:1206} INFO - Marking task as SUCCESS. dag_id=staging_to_core, task_id=transform_accounts_to_core, run_id=scheduled__2025-01-01T00:00:00+00:00, execution_date=20250101T000000, start_date=20260227T101848, end_date=20260227T101848
[2026-02-27T10:18:48.851+0000] {local_task_job_runner.py:243} INFO - Task exited with return code 0
[2026-02-27T10:18:48.866+0000] {logging_mixin.py:188} WARNING - /home/***/.local/lib/python3.12/site-packages/***/models/baseoperator.py:1297 AirflowProviderDeprecationWarning: Call to deprecated class PostgresOperator. (Please use `***.providers.common.sql.operators.sql.SQLExecuteQueryOperator`.Also, you can provide `hook_params={'schema': <database>}`.)
[2026-02-27T10:18:48.894+0000] {taskinstance.py:3503} INFO - 1 downstream tasks scheduled from follow-on schedule check
[2026-02-27T10:18:48.898+0000] {local_task_job_runner.py:222} INFO - ::endgroup::
[2026-02-27T19:00:46.625+0000] {local_task_job_runner.py:120} INFO - ::group::Pre task execution logs
[2026-02-27T19:00:46.778+0000] {taskinstance.py:2076} INFO - Dependencies all met for dep_context=non-requeueable deps ti=<TaskInstance: staging_to_core.transform_accounts_to_core scheduled__2025-01-01T00:00:00+00:00 [queued]>
[2026-02-27T19:00:46.807+0000] {taskinstance.py:2076} INFO - Dependencies all met for dep_context=requeueable deps ti=<TaskInstance: staging_to_core.transform_accounts_to_core scheduled__2025-01-01T00:00:00+00:00 [queued]>
[2026-02-27T19:00:46.808+0000] {taskinstance.py:2306} INFO - Starting attempt 1 of 1
[2026-02-27T19:00:46.861+0000] {taskinstance.py:2330} INFO - Executing <Task(PostgresOperator): transform_accounts_to_core> on 2025-01-01 00:00:00+00:00
[2026-02-27T19:00:46.873+0000] {logging_mixin.py:188} WARNING - /home/***/.local/lib/python3.12/site-packages/***/task/task_runner/standard_task_runner.py:62 DeprecationWarning: This process (pid=32448) is multi-threaded, use of fork() may lead to deadlocks in the child.
[2026-02-27T19:00:46.893+0000] {standard_task_runner.py:64} INFO - Started process 32455 to run task
[2026-02-27T19:00:46.889+0000] {standard_task_runner.py:90} INFO - Running: ['***', 'tasks', 'run', 'staging_to_core', 'transform_accounts_to_core', 'scheduled__2025-01-01T00:00:00+00:00', '--job-id', '1617', '--raw', '--subdir', 'DAGS_FOLDER/staging_to_core.py', '--cfg-path', '/tmp/tmp6f0i7jjl']
[2026-02-27T19:00:46.905+0000] {standard_task_runner.py:91} INFO - Job 1617: Subtask transform_accounts_to_core
[2026-02-27T19:00:47.104+0000] {task_command.py:426} INFO - Running <TaskInstance: staging_to_core.transform_accounts_to_core scheduled__2025-01-01T00:00:00+00:00 [running]> on host 31b45edbecf3
[2026-02-27T19:00:47.366+0000] {taskinstance.py:2648} INFO - Exporting env vars: AIRFLOW_CTX_DAG_OWNER='***' AIRFLOW_CTX_DAG_ID='staging_to_core' AIRFLOW_CTX_TASK_ID='transform_accounts_to_core' AIRFLOW_CTX_EXECUTION_DATE='2025-01-01T00:00:00+00:00' AIRFLOW_CTX_TRY_NUMBER='1' AIRFLOW_CTX_DAG_RUN_ID='scheduled__2025-01-01T00:00:00+00:00'
[2026-02-27T19:00:47.367+0000] {taskinstance.py:430} INFO - ::endgroup::
[2026-02-27T19:00:47.389+0000] {sql.py:282} INFO - Executing: 
                    INSERT INTO core.accounts
                    SELECT * FROM staging.accounts
                    ON CONFLICT (account_id) 
                    DO UPDATE SET
                        user_id = EXCLUDED.user_id, tariff_id = EXCLUDED.tariff_id, currency_code = EXCLUDED.currency_code, balance = EXCLUDED.balance, is_blocked = EXCLUDED.is_blocked;
                
[2026-02-27T19:00:47.418+0000] {base.py:84} INFO - Using connection ID 'postgres_dwh' for task execution.
[2026-02-27T19:00:47.439+0000] {base.py:84} INFO - Using connection ID 'postgres_dwh' for task execution.
[2026-02-27T19:00:47.445+0000] {sql.py:495} INFO - Running statement: 
                    INSERT INTO core.accounts
                    SELECT * FROM staging.accounts
                    ON CONFLICT (account_id) 
                    DO UPDATE SET
                        user_id = EXCLUDED.user_id, tariff_id = EXCLUDED.tariff_id, currency_code = EXCLUDED.currency_code, balance = EXCLUDED.balance, is_blocked = EXCLUDED.is_blocked;
                , parameters: None
[2026-02-27T19:00:47.475+0000] {sql.py:504} INFO - Rows affected: 10
[2026-02-27T19:00:47.483+0000] {taskinstance.py:441} INFO - ::group::Post task execution logs
[2026-02-27T19:00:47.498+0000] {taskinstance.py:1206} INFO - Marking task as SUCCESS. dag_id=staging_to_core, task_id=transform_accounts_to_core, run_id=scheduled__2025-01-01T00:00:00+00:00, execution_date=20250101T000000, start_date=20260227T190046, end_date=20260227T190047
[2026-02-27T19:00:47.563+0000] {local_task_job_runner.py:243} INFO - Task exited with return code 0
[2026-02-27T19:00:47.590+0000] {logging_mixin.py:188} WARNING - /home/***/.local/lib/python3.12/site-packages/***/models/baseoperator.py:1297 AirflowProviderDeprecationWarning: Call to deprecated class PostgresOperator. (Please use `***.providers.common.sql.operators.sql.SQLExecuteQueryOperator`.Also, you can provide `hook_params={'schema': <database>}`.)
[2026-02-27T19:00:47.704+0000] {taskinstance.py:3503} INFO - 1 downstream tasks scheduled from follow-on schedule check
[2026-02-27T19:00:47.709+0000] {local_task_job_runner.py:222} INFO - ::endgroup::
