[2026-02-27T10:30:09.363+0000] {local_task_job_runner.py:120} INFO - ::group::Pre task execution logs
[2026-02-27T10:30:09.408+0000] {taskinstance.py:2076} INFO - Dependencies all met for dep_context=non-requeueable deps ti=<TaskInstance: staging_to_core.transform_users_to_core scheduled__2025-03-01T00:00:00+00:00 [queued]>
[2026-02-27T10:30:09.419+0000] {taskinstance.py:2076} INFO - Dependencies all met for dep_context=requeueable deps ti=<TaskInstance: staging_to_core.transform_users_to_core scheduled__2025-03-01T00:00:00+00:00 [queued]>
[2026-02-27T10:30:09.420+0000] {taskinstance.py:2306} INFO - Starting attempt 1 of 1
[2026-02-27T10:30:09.439+0000] {taskinstance.py:2330} INFO - Executing <Task(PostgresOperator): transform_users_to_core> on 2025-03-01 00:00:00+00:00
[2026-02-27T10:30:09.449+0000] {logging_mixin.py:188} WARNING - /home/***/.local/lib/python3.12/site-packages/***/task/task_runner/standard_task_runner.py:62 DeprecationWarning: This process (pid=9156) is multi-threaded, use of fork() may lead to deadlocks in the child.
[2026-02-27T10:30:09.447+0000] {standard_task_runner.py:90} INFO - Running: ['***', 'tasks', 'run', 'staging_to_core', 'transform_users_to_core', 'scheduled__2025-03-01T00:00:00+00:00', '--job-id', '1334', '--raw', '--subdir', 'DAGS_FOLDER/staging_to_core.py', '--cfg-path', '/tmp/tmpt6crka0d']
[2026-02-27T10:30:09.450+0000] {standard_task_runner.py:64} INFO - Started process 9157 to run task
[2026-02-27T10:30:09.450+0000] {standard_task_runner.py:91} INFO - Job 1334: Subtask transform_users_to_core
[2026-02-27T10:30:09.506+0000] {task_command.py:426} INFO - Running <TaskInstance: staging_to_core.transform_users_to_core scheduled__2025-03-01T00:00:00+00:00 [running]> on host 31b45edbecf3
[2026-02-27T10:30:09.597+0000] {taskinstance.py:2648} INFO - Exporting env vars: AIRFLOW_CTX_DAG_OWNER='***' AIRFLOW_CTX_DAG_ID='staging_to_core' AIRFLOW_CTX_TASK_ID='transform_users_to_core' AIRFLOW_CTX_EXECUTION_DATE='2025-03-01T00:00:00+00:00' AIRFLOW_CTX_TRY_NUMBER='1' AIRFLOW_CTX_DAG_RUN_ID='scheduled__2025-03-01T00:00:00+00:00'
[2026-02-27T10:30:09.598+0000] {taskinstance.py:430} INFO - ::endgroup::
[2026-02-27T10:30:09.614+0000] {sql.py:282} INFO - Executing: 
                    INSERT INTO core.users
                    SELECT * FROM staging.users
                    ON CONFLICT (user_id) 
                    DO UPDATE SET
                        full_name = EXCLUDED.full_name, gender = EXCLUDED.gender, birth_date = EXCLUDED.birth_date, region_id = EXCLUDED.region_id, is_active = EXCLUDED.is_active;
                
[2026-02-27T10:30:09.624+0000] {base.py:84} INFO - Using connection ID 'postgres_dwh' for task execution.
[2026-02-27T10:30:09.635+0000] {base.py:84} INFO - Using connection ID 'postgres_dwh' for task execution.
[2026-02-27T10:30:09.641+0000] {sql.py:495} INFO - Running statement: 
                    INSERT INTO core.users
                    SELECT * FROM staging.users
                    ON CONFLICT (user_id) 
                    DO UPDATE SET
                        full_name = EXCLUDED.full_name, gender = EXCLUDED.gender, birth_date = EXCLUDED.birth_date, region_id = EXCLUDED.region_id, is_active = EXCLUDED.is_active;
                , parameters: None
[2026-02-27T10:30:09.725+0000] {sql.py:504} INFO - Rows affected: 10000
[2026-02-27T10:30:09.732+0000] {taskinstance.py:441} INFO - ::group::Post task execution logs
[2026-02-27T10:30:09.743+0000] {taskinstance.py:1206} INFO - Marking task as SUCCESS. dag_id=staging_to_core, task_id=transform_users_to_core, run_id=scheduled__2025-03-01T00:00:00+00:00, execution_date=20250301T000000, start_date=20260227T103009, end_date=20260227T103009
[2026-02-27T10:30:09.788+0000] {local_task_job_runner.py:243} INFO - Task exited with return code 0
[2026-02-27T10:30:09.802+0000] {logging_mixin.py:188} WARNING - /home/***/.local/lib/python3.12/site-packages/***/models/baseoperator.py:1297 AirflowProviderDeprecationWarning: Call to deprecated class PostgresOperator. (Please use `***.providers.common.sql.operators.sql.SQLExecuteQueryOperator`.Also, you can provide `hook_params={'schema': <database>}`.)
[2026-02-27T10:30:09.828+0000] {taskinstance.py:3503} INFO - 1 downstream tasks scheduled from follow-on schedule check
[2026-02-27T10:30:09.832+0000] {local_task_job_runner.py:222} INFO - ::endgroup::
[2026-02-27T19:01:48.751+0000] {local_task_job_runner.py:120} INFO - ::group::Pre task execution logs
[2026-02-27T19:01:48.830+0000] {taskinstance.py:2076} INFO - Dependencies all met for dep_context=non-requeueable deps ti=<TaskInstance: staging_to_core.transform_users_to_core scheduled__2025-03-01T00:00:00+00:00 [queued]>
[2026-02-27T19:01:48.846+0000] {taskinstance.py:2076} INFO - Dependencies all met for dep_context=requeueable deps ti=<TaskInstance: staging_to_core.transform_users_to_core scheduled__2025-03-01T00:00:00+00:00 [queued]>
[2026-02-27T19:01:48.847+0000] {taskinstance.py:2306} INFO - Starting attempt 1 of 1
[2026-02-27T19:01:48.887+0000] {taskinstance.py:2330} INFO - Executing <Task(PostgresOperator): transform_users_to_core> on 2025-03-01 00:00:00+00:00
[2026-02-27T19:01:48.918+0000] {logging_mixin.py:188} WARNING - /home/***/.local/lib/python3.12/site-packages/***/task/task_runner/standard_task_runner.py:62 DeprecationWarning: This process (pid=32999) is multi-threaded, use of fork() may lead to deadlocks in the child.
[2026-02-27T19:01:48.920+0000] {standard_task_runner.py:64} INFO - Started process 33015 to run task
[2026-02-27T19:01:48.940+0000] {standard_task_runner.py:90} INFO - Running: ['***', 'tasks', 'run', 'staging_to_core', 'transform_users_to_core', 'scheduled__2025-03-01T00:00:00+00:00', '--job-id', '1734', '--raw', '--subdir', 'DAGS_FOLDER/staging_to_core.py', '--cfg-path', '/tmp/tmp6n3w5zgs']
[2026-02-27T19:01:48.950+0000] {standard_task_runner.py:91} INFO - Job 1734: Subtask transform_users_to_core
[2026-02-27T19:01:49.039+0000] {task_command.py:426} INFO - Running <TaskInstance: staging_to_core.transform_users_to_core scheduled__2025-03-01T00:00:00+00:00 [running]> on host 31b45edbecf3
[2026-02-27T19:01:49.199+0000] {taskinstance.py:2648} INFO - Exporting env vars: AIRFLOW_CTX_DAG_OWNER='***' AIRFLOW_CTX_DAG_ID='staging_to_core' AIRFLOW_CTX_TASK_ID='transform_users_to_core' AIRFLOW_CTX_EXECUTION_DATE='2025-03-01T00:00:00+00:00' AIRFLOW_CTX_TRY_NUMBER='1' AIRFLOW_CTX_DAG_RUN_ID='scheduled__2025-03-01T00:00:00+00:00'
[2026-02-27T19:01:49.200+0000] {taskinstance.py:430} INFO - ::endgroup::
[2026-02-27T19:01:49.218+0000] {sql.py:282} INFO - Executing: 
                    INSERT INTO core.users
                    SELECT * FROM staging.users
                    ON CONFLICT (user_id) 
                    DO UPDATE SET
                        full_name = EXCLUDED.full_name, gender = EXCLUDED.gender, birth_date = EXCLUDED.birth_date, region_id = EXCLUDED.region_id, is_active = EXCLUDED.is_active;
                
[2026-02-27T19:01:49.233+0000] {base.py:84} INFO - Using connection ID 'postgres_dwh' for task execution.
[2026-02-27T19:01:49.244+0000] {base.py:84} INFO - Using connection ID 'postgres_dwh' for task execution.
[2026-02-27T19:01:49.250+0000] {sql.py:495} INFO - Running statement: 
                    INSERT INTO core.users
                    SELECT * FROM staging.users
                    ON CONFLICT (user_id) 
                    DO UPDATE SET
                        full_name = EXCLUDED.full_name, gender = EXCLUDED.gender, birth_date = EXCLUDED.birth_date, region_id = EXCLUDED.region_id, is_active = EXCLUDED.is_active;
                , parameters: None
[2026-02-27T19:01:49.253+0000] {sql.py:504} INFO - Rows affected: 10
[2026-02-27T19:01:49.256+0000] {taskinstance.py:441} INFO - ::group::Post task execution logs
[2026-02-27T19:01:49.269+0000] {taskinstance.py:1206} INFO - Marking task as SUCCESS. dag_id=staging_to_core, task_id=transform_users_to_core, run_id=scheduled__2025-03-01T00:00:00+00:00, execution_date=20250301T000000, start_date=20260227T190148, end_date=20260227T190149
[2026-02-27T19:01:49.289+0000] {local_task_job_runner.py:243} INFO - Task exited with return code 0
[2026-02-27T19:01:49.302+0000] {logging_mixin.py:188} WARNING - /home/***/.local/lib/python3.12/site-packages/***/models/baseoperator.py:1297 AirflowProviderDeprecationWarning: Call to deprecated class PostgresOperator. (Please use `***.providers.common.sql.operators.sql.SQLExecuteQueryOperator`.Also, you can provide `hook_params={'schema': <database>}`.)
[2026-02-27T19:01:49.328+0000] {taskinstance.py:3503} INFO - 1 downstream tasks scheduled from follow-on schedule check
[2026-02-27T19:01:49.332+0000] {local_task_job_runner.py:222} INFO - ::endgroup::
