[2026-02-27T18:59:18.794+0000] {local_task_job_runner.py:120} INFO - ::group::Pre task execution logs
[2026-02-27T18:59:18.895+0000] {taskinstance.py:2076} INFO - Dependencies all met for dep_context=non-requeueable deps ti=<TaskInstance: oltp_s3_dwh.upload_s3_to_dwh_dict_tariffs manual__2026-02-27T18:58:56.944196+00:00 [queued]>
[2026-02-27T18:59:18.946+0000] {taskinstance.py:2076} INFO - Dependencies all met for dep_context=requeueable deps ti=<TaskInstance: oltp_s3_dwh.upload_s3_to_dwh_dict_tariffs manual__2026-02-27T18:58:56.944196+00:00 [queued]>
[2026-02-27T18:59:18.948+0000] {taskinstance.py:2306} INFO - Starting attempt 1 of 1
[2026-02-27T18:59:18.992+0000] {taskinstance.py:2330} INFO - Executing <Task(PythonOperator): upload_s3_to_dwh_dict_tariffs> on 2026-02-27 18:58:56.944196+00:00
[2026-02-27T18:59:19.027+0000] {standard_task_runner.py:90} INFO - Running: ['***', 'tasks', 'run', 'oltp_s3_dwh', 'upload_s3_to_dwh_dict_tariffs', 'manual__2026-02-27T18:58:56.944196+00:00', '--job-id', '1525', '--raw', '--subdir', 'DAGS_FOLDER/oltp_s3_dwh.py', '--cfg-path', '/tmp/tmpay46_45a']
[2026-02-27T18:59:19.030+0000] {standard_task_runner.py:91} INFO - Job 1525: Subtask upload_s3_to_dwh_dict_tariffs
[2026-02-27T18:59:19.052+0000] {logging_mixin.py:188} WARNING - /home/***/.local/lib/python3.12/site-packages/***/task/task_runner/standard_task_runner.py:62 DeprecationWarning: This process (pid=31905) is multi-threaded, use of fork() may lead to deadlocks in the child.
[2026-02-27T18:59:19.056+0000] {standard_task_runner.py:64} INFO - Started process 31928 to run task
[2026-02-27T18:59:19.179+0000] {task_command.py:426} INFO - Running <TaskInstance: oltp_s3_dwh.upload_s3_to_dwh_dict_tariffs manual__2026-02-27T18:58:56.944196+00:00 [running]> on host 31b45edbecf3
[2026-02-27T18:59:19.390+0000] {taskinstance.py:2648} INFO - Exporting env vars: AIRFLOW_CTX_DAG_OWNER='***' AIRFLOW_CTX_DAG_ID='oltp_s3_dwh' AIRFLOW_CTX_TASK_ID='upload_s3_to_dwh_dict_tariffs' AIRFLOW_CTX_EXECUTION_DATE='2026-02-27T18:58:56.944196+00:00' AIRFLOW_CTX_TRY_NUMBER='1' AIRFLOW_CTX_DAG_RUN_ID='manual__2026-02-27T18:58:56.944196+00:00'
[2026-02-27T18:59:19.392+0000] {taskinstance.py:430} INFO - ::endgroup::
[2026-02-27T18:59:19.456+0000] {base.py:84} INFO - Using connection ID 'postgres_dwh' for task execution.
[2026-02-27T18:59:19.464+0000] {sql.py:495} INFO - Running statement: SELECT table_schema, table_name FROM information_schema.tables WHERE table_schema = 'staging';, parameters: None
[2026-02-27T18:59:19.472+0000] {sql.py:504} INFO - Rows affected: 9
[2026-02-27T18:59:19.475+0000] {logging_mixin.py:188} INFO - DEBUG: Доступные таблицы в схеме staging: [('staging', 'exchange_rates'), ('staging', 'dict_mcc'), ('staging', 'dict_tariffs'), ('staging', 'dict_merchants'), ('staging', 'dict_regions'), ('staging', 'transactions'), ('staging', 'cards'), ('staging', 'accounts'), ('staging', 'users')]
[2026-02-27T18:59:19.498+0000] {base.py:84} INFO - Using connection ID 'minio_conn_id' for task execution.
[2026-02-27T18:59:19.507+0000] {connection_wrapper.py:384} INFO - AWS Connection (conn_id='minio_conn_id', conn_type='aws') credentials retrieved from login and ***.
[2026-02-27T18:59:21.021+0000] {base.py:84} INFO - Using connection ID 'postgres_dwh' for task execution.
[2026-02-27T18:59:21.037+0000] {logging_mixin.py:188} INFO - Successfully loaded dict_tariffs using copy_expert
[2026-02-27T18:59:21.039+0000] {python.py:237} INFO - Done. Returned value was: None
[2026-02-27T18:59:21.040+0000] {taskinstance.py:441} INFO - ::group::Post task execution logs
[2026-02-27T18:59:21.050+0000] {taskinstance.py:1206} INFO - Marking task as SUCCESS. dag_id=oltp_s3_dwh, task_id=upload_s3_to_dwh_dict_tariffs, run_id=manual__2026-02-27T18:58:56.944196+00:00, execution_date=20260227T185856, start_date=20260227T185918, end_date=20260227T185921
[2026-02-27T18:59:21.141+0000] {local_task_job_runner.py:243} INFO - Task exited with return code 0
[2026-02-27T18:59:21.202+0000] {taskinstance.py:3503} INFO - 0 downstream tasks scheduled from follow-on schedule check
[2026-02-27T18:59:21.219+0000] {local_task_job_runner.py:222} INFO - ::endgroup::
