[2026-02-26T17:56:12.578+0000] {local_task_job_runner.py:120} INFO - ::group::Pre task execution logs
[2026-02-26T17:56:12.676+0000] {taskinstance.py:2076} INFO - Dependencies all met for dep_context=non-requeueable deps ti=<TaskInstance: oltp_s3_dwh.upload_s3_to_dwh_dict_tariffs scheduled__2025-10-01T00:00:00+00:00 [queued]>
[2026-02-26T17:56:12.745+0000] {taskinstance.py:2076} INFO - Dependencies all met for dep_context=requeueable deps ti=<TaskInstance: oltp_s3_dwh.upload_s3_to_dwh_dict_tariffs scheduled__2025-10-01T00:00:00+00:00 [queued]>
[2026-02-26T17:56:12.750+0000] {taskinstance.py:2306} INFO - Starting attempt 1 of 1
[2026-02-26T17:56:12.869+0000] {taskinstance.py:2330} INFO - Executing <Task(PythonOperator): upload_s3_to_dwh_dict_tariffs> on 2025-10-01 00:00:00+00:00
[2026-02-26T17:56:12.933+0000] {standard_task_runner.py:90} INFO - Running: ['***', 'tasks', 'run', 'oltp_s3_dwh', 'upload_s3_to_dwh_dict_tariffs', 'scheduled__2025-10-01T00:00:00+00:00', '--job-id', '1239', '--raw', '--subdir', 'DAGS_FOLDER/oltp_s3_dwh.py', '--cfg-path', '/tmp/tmp9trsh_fl']
[2026-02-26T17:56:12.957+0000] {logging_mixin.py:188} WARNING - /home/***/.local/lib/python3.12/site-packages/***/task/task_runner/standard_task_runner.py:62 DeprecationWarning: This process (pid=7156) is multi-threaded, use of fork() may lead to deadlocks in the child.
[2026-02-26T17:56:12.971+0000] {standard_task_runner.py:64} INFO - Started process 7211 to run task
[2026-02-26T17:56:12.965+0000] {standard_task_runner.py:91} INFO - Job 1239: Subtask upload_s3_to_dwh_dict_tariffs
[2026-02-26T17:56:13.212+0000] {task_command.py:426} INFO - Running <TaskInstance: oltp_s3_dwh.upload_s3_to_dwh_dict_tariffs scheduled__2025-10-01T00:00:00+00:00 [running]> on host 31b45edbecf3
[2026-02-26T17:56:13.654+0000] {taskinstance.py:2648} INFO - Exporting env vars: AIRFLOW_CTX_DAG_OWNER='***' AIRFLOW_CTX_DAG_ID='oltp_s3_dwh' AIRFLOW_CTX_TASK_ID='upload_s3_to_dwh_dict_tariffs' AIRFLOW_CTX_EXECUTION_DATE='2025-10-01T00:00:00+00:00' AIRFLOW_CTX_TRY_NUMBER='1' AIRFLOW_CTX_DAG_RUN_ID='scheduled__2025-10-01T00:00:00+00:00'
[2026-02-26T17:56:13.659+0000] {taskinstance.py:430} INFO - ::endgroup::
[2026-02-26T17:56:13.760+0000] {base.py:84} INFO - Using connection ID 'postgres_dwh' for task execution.
[2026-02-26T17:56:13.772+0000] {sql.py:495} INFO - Running statement: SELECT table_schema, table_name FROM information_schema.tables WHERE table_schema = 'staging';, parameters: None
[2026-02-26T17:56:13.794+0000] {sql.py:504} INFO - Rows affected: 9
[2026-02-26T17:56:13.809+0000] {logging_mixin.py:188} INFO - DEBUG: Доступные таблицы в схеме staging: [('staging', 'exchange_rates'), ('staging', 'users'), ('staging', 'accounts'), ('staging', 'transactions'), ('staging', 'dict_mcc'), ('staging', 'dict_merchants'), ('staging', 'dict_tariffs'), ('staging', 'cards'), ('staging', 'dict_regions')]
[2026-02-26T17:56:13.849+0000] {base.py:84} INFO - Using connection ID 'minio_conn_id' for task execution.
[2026-02-26T17:56:13.850+0000] {connection_wrapper.py:384} INFO - AWS Connection (conn_id='minio_conn_id', conn_type='aws') credentials retrieved from login and ***.
[2026-02-26T17:56:16.878+0000] {base.py:84} INFO - Using connection ID 'postgres_dwh' for task execution.
[2026-02-26T17:56:16.894+0000] {logging_mixin.py:188} INFO - Successfully loaded dict_tariffs using copy_expert
[2026-02-26T17:56:16.907+0000] {python.py:237} INFO - Done. Returned value was: None
[2026-02-26T17:56:16.915+0000] {taskinstance.py:441} INFO - ::group::Post task execution logs
[2026-02-26T17:56:16.954+0000] {taskinstance.py:1206} INFO - Marking task as SUCCESS. dag_id=oltp_s3_dwh, task_id=upload_s3_to_dwh_dict_tariffs, run_id=scheduled__2025-10-01T00:00:00+00:00, execution_date=20251001T000000, start_date=20260226T175612, end_date=20260226T175616
[2026-02-26T17:56:17.111+0000] {local_task_job_runner.py:243} INFO - Task exited with return code 0
[2026-02-26T17:56:17.240+0000] {taskinstance.py:3503} INFO - 0 downstream tasks scheduled from follow-on schedule check
[2026-02-26T17:56:17.257+0000] {local_task_job_runner.py:222} INFO - ::endgroup::
[2026-02-27T19:01:34.025+0000] {local_task_job_runner.py:120} INFO - ::group::Pre task execution logs
[2026-02-27T19:01:34.073+0000] {taskinstance.py:2076} INFO - Dependencies all met for dep_context=non-requeueable deps ti=<TaskInstance: oltp_s3_dwh.upload_s3_to_dwh_dict_tariffs scheduled__2025-10-01T00:00:00+00:00 [queued]>
[2026-02-27T19:01:34.096+0000] {taskinstance.py:2076} INFO - Dependencies all met for dep_context=requeueable deps ti=<TaskInstance: oltp_s3_dwh.upload_s3_to_dwh_dict_tariffs scheduled__2025-10-01T00:00:00+00:00 [queued]>
[2026-02-27T19:01:34.097+0000] {taskinstance.py:2306} INFO - Starting attempt 1 of 1
[2026-02-27T19:01:34.126+0000] {taskinstance.py:2330} INFO - Executing <Task(PythonOperator): upload_s3_to_dwh_dict_tariffs> on 2025-10-01 00:00:00+00:00
[2026-02-27T19:01:34.156+0000] {logging_mixin.py:188} WARNING - /home/***/.local/lib/python3.12/site-packages/***/task/task_runner/standard_task_runner.py:62 DeprecationWarning: This process (pid=32872) is multi-threaded, use of fork() may lead to deadlocks in the child.
[2026-02-27T19:01:34.158+0000] {standard_task_runner.py:64} INFO - Started process 32889 to run task
[2026-02-27T19:01:34.173+0000] {standard_task_runner.py:90} INFO - Running: ['***', 'tasks', 'run', 'oltp_s3_dwh', 'upload_s3_to_dwh_dict_tariffs', 'scheduled__2025-10-01T00:00:00+00:00', '--job-id', '1709', '--raw', '--subdir', 'DAGS_FOLDER/oltp_s3_dwh.py', '--cfg-path', '/tmp/tmphnnw6n1_']
[2026-02-27T19:01:34.179+0000] {standard_task_runner.py:91} INFO - Job 1709: Subtask upload_s3_to_dwh_dict_tariffs
[2026-02-27T19:01:34.348+0000] {task_command.py:426} INFO - Running <TaskInstance: oltp_s3_dwh.upload_s3_to_dwh_dict_tariffs scheduled__2025-10-01T00:00:00+00:00 [running]> on host 31b45edbecf3
[2026-02-27T19:01:34.565+0000] {taskinstance.py:2648} INFO - Exporting env vars: AIRFLOW_CTX_DAG_OWNER='***' AIRFLOW_CTX_DAG_ID='oltp_s3_dwh' AIRFLOW_CTX_TASK_ID='upload_s3_to_dwh_dict_tariffs' AIRFLOW_CTX_EXECUTION_DATE='2025-10-01T00:00:00+00:00' AIRFLOW_CTX_TRY_NUMBER='1' AIRFLOW_CTX_DAG_RUN_ID='scheduled__2025-10-01T00:00:00+00:00'
[2026-02-27T19:01:34.571+0000] {taskinstance.py:430} INFO - ::endgroup::
[2026-02-27T19:01:34.630+0000] {base.py:84} INFO - Using connection ID 'postgres_dwh' for task execution.
[2026-02-27T19:01:34.645+0000] {sql.py:495} INFO - Running statement: SELECT table_schema, table_name FROM information_schema.tables WHERE table_schema = 'staging';, parameters: None
[2026-02-27T19:01:34.654+0000] {sql.py:504} INFO - Rows affected: 9
[2026-02-27T19:01:34.665+0000] {logging_mixin.py:188} INFO - DEBUG: Доступные таблицы в схеме staging: [('staging', 'exchange_rates'), ('staging', 'cards'), ('staging', 'users'), ('staging', 'accounts'), ('staging', 'dict_regions'), ('staging', 'dict_tariffs'), ('staging', 'transactions'), ('staging', 'dict_merchants'), ('staging', 'dict_mcc')]
[2026-02-27T19:01:34.702+0000] {base.py:84} INFO - Using connection ID 'minio_conn_id' for task execution.
[2026-02-27T19:01:34.704+0000] {connection_wrapper.py:384} INFO - AWS Connection (conn_id='minio_conn_id', conn_type='aws') credentials retrieved from login and ***.
[2026-02-27T19:01:36.106+0000] {base.py:84} INFO - Using connection ID 'postgres_dwh' for task execution.
[2026-02-27T19:01:36.125+0000] {logging_mixin.py:188} INFO - Successfully loaded dict_tariffs using copy_expert
[2026-02-27T19:01:36.127+0000] {python.py:237} INFO - Done. Returned value was: None
[2026-02-27T19:01:36.128+0000] {taskinstance.py:441} INFO - ::group::Post task execution logs
[2026-02-27T19:01:36.149+0000] {taskinstance.py:1206} INFO - Marking task as SUCCESS. dag_id=oltp_s3_dwh, task_id=upload_s3_to_dwh_dict_tariffs, run_id=scheduled__2025-10-01T00:00:00+00:00, execution_date=20251001T000000, start_date=20260227T190134, end_date=20260227T190136
[2026-02-27T19:01:36.230+0000] {local_task_job_runner.py:243} INFO - Task exited with return code 0
[2026-02-27T19:01:36.249+0000] {local_task_job_runner.py:222} INFO - ::endgroup::
