[2026-02-27T10:33:21.679+0000] {local_task_job_runner.py:120} INFO - ::group::Pre task execution logs
[2026-02-27T10:33:21.730+0000] {taskinstance.py:2076} INFO - Dependencies all met for dep_context=non-requeueable deps ti=<TaskInstance: staging_to_core.wait_for_users scheduled__2026-01-01T00:00:00+00:00 [queued]>
[2026-02-27T10:33:21.741+0000] {taskinstance.py:2076} INFO - Dependencies all met for dep_context=requeueable deps ti=<TaskInstance: staging_to_core.wait_for_users scheduled__2026-01-01T00:00:00+00:00 [queued]>
[2026-02-27T10:33:21.743+0000] {taskinstance.py:2306} INFO - Starting attempt 1 of 1
[2026-02-27T10:33:21.758+0000] {taskinstance.py:2330} INFO - Executing <Task(ExternalTaskSensor): wait_for_users> on 2026-01-01 00:00:00+00:00
[2026-02-27T10:33:21.766+0000] {logging_mixin.py:188} WARNING - /home/***/.local/lib/python3.12/site-packages/***/task/task_runner/standard_task_runner.py:62 DeprecationWarning: This process (pid=9685) is multi-threaded, use of fork() may lead to deadlocks in the child.
[2026-02-27T10:33:21.767+0000] {standard_task_runner.py:64} INFO - Started process 9686 to run task
[2026-02-27T10:33:21.766+0000] {standard_task_runner.py:90} INFO - Running: ['***', 'tasks', 'run', 'staging_to_core', 'wait_for_users', 'scheduled__2026-01-01T00:00:00+00:00', '--job-id', '1493', '--raw', '--subdir', 'DAGS_FOLDER/staging_to_core.py', '--cfg-path', '/tmp/tmporjwqj4j']
[2026-02-27T10:33:21.768+0000] {standard_task_runner.py:91} INFO - Job 1493: Subtask wait_for_users
[2026-02-27T10:33:21.829+0000] {task_command.py:426} INFO - Running <TaskInstance: staging_to_core.wait_for_users scheduled__2026-01-01T00:00:00+00:00 [running]> on host 31b45edbecf3
[2026-02-27T10:33:21.922+0000] {taskinstance.py:2648} INFO - Exporting env vars: AIRFLOW_CTX_DAG_OWNER='***' AIRFLOW_CTX_DAG_ID='staging_to_core' AIRFLOW_CTX_TASK_ID='wait_for_users' AIRFLOW_CTX_EXECUTION_DATE='2026-01-01T00:00:00+00:00' AIRFLOW_CTX_TRY_NUMBER='1' AIRFLOW_CTX_DAG_RUN_ID='scheduled__2026-01-01T00:00:00+00:00'
[2026-02-27T10:33:21.923+0000] {taskinstance.py:430} INFO - ::endgroup::
[2026-02-27T10:33:21.939+0000] {baseoperator.py:400} WARNING - ExternalTaskSensor.execute cannot be called outside TaskInstance!
[2026-02-27T10:33:21.949+0000] {external_task.py:258} INFO - Poking for tasks ['upload_s3_to_dwh_users'] in dag oltp_s3_dwh on 2026-01-01T00:00:00+00:00 ... 
[2026-02-27T10:33:21.951+0000] {logging_mixin.py:188} WARNING - /home/***/.local/lib/python3.12/site-packages/***/utils/session.py:79 DeprecationWarning: This method is deprecated and will be removed in future.
[2026-02-27T10:33:21.962+0000] {base.py:294} INFO - Success criteria met. Exiting.
[2026-02-27T10:33:21.963+0000] {taskinstance.py:441} INFO - ::group::Post task execution logs
[2026-02-27T10:33:21.972+0000] {taskinstance.py:1206} INFO - Marking task as SUCCESS. dag_id=staging_to_core, task_id=wait_for_users, run_id=scheduled__2026-01-01T00:00:00+00:00, execution_date=20260101T000000, start_date=20260227T103321, end_date=20260227T103321
[2026-02-27T10:33:22.025+0000] {local_task_job_runner.py:243} INFO - Task exited with return code 0
[2026-02-27T10:33:22.038+0000] {logging_mixin.py:188} WARNING - /home/***/.local/lib/python3.12/site-packages/***/models/baseoperator.py:1297 AirflowProviderDeprecationWarning: Call to deprecated class PostgresOperator. (Please use `***.providers.common.sql.operators.sql.SQLExecuteQueryOperator`.Also, you can provide `hook_params={'schema': <database>}`.)
[2026-02-27T10:33:22.069+0000] {taskinstance.py:3503} INFO - 1 downstream tasks scheduled from follow-on schedule check
[2026-02-27T10:33:22.074+0000] {local_task_job_runner.py:222} INFO - ::endgroup::
[2026-02-27T19:05:18.837+0000] {local_task_job_runner.py:120} INFO - ::group::Pre task execution logs
[2026-02-27T19:05:18.881+0000] {taskinstance.py:2076} INFO - Dependencies all met for dep_context=non-requeueable deps ti=<TaskInstance: staging_to_core.wait_for_users scheduled__2026-01-01T00:00:00+00:00 [queued]>
[2026-02-27T19:05:18.896+0000] {taskinstance.py:2076} INFO - Dependencies all met for dep_context=requeueable deps ti=<TaskInstance: staging_to_core.wait_for_users scheduled__2026-01-01T00:00:00+00:00 [queued]>
[2026-02-27T19:05:18.897+0000] {taskinstance.py:2306} INFO - Starting attempt 1 of 1
[2026-02-27T19:05:18.917+0000] {taskinstance.py:2330} INFO - Executing <Task(ExternalTaskSensor): wait_for_users> on 2026-01-01 00:00:00+00:00
[2026-02-27T19:05:18.926+0000] {logging_mixin.py:188} WARNING - /home/***/.local/lib/python3.12/site-packages/***/task/task_runner/standard_task_runner.py:62 DeprecationWarning: This process (pid=33748) is multi-threaded, use of fork() may lead to deadlocks in the child.
[2026-02-27T19:05:18.926+0000] {standard_task_runner.py:90} INFO - Running: ['***', 'tasks', 'run', 'staging_to_core', 'wait_for_users', 'scheduled__2026-01-01T00:00:00+00:00', '--job-id', '1925', '--raw', '--subdir', 'DAGS_FOLDER/staging_to_core.py', '--cfg-path', '/tmp/tmp_ehf5tr3']
[2026-02-27T19:05:18.928+0000] {standard_task_runner.py:64} INFO - Started process 33749 to run task
[2026-02-27T19:05:18.929+0000] {standard_task_runner.py:91} INFO - Job 1925: Subtask wait_for_users
[2026-02-27T19:05:18.993+0000] {task_command.py:426} INFO - Running <TaskInstance: staging_to_core.wait_for_users scheduled__2026-01-01T00:00:00+00:00 [running]> on host 31b45edbecf3
[2026-02-27T19:05:19.131+0000] {taskinstance.py:2648} INFO - Exporting env vars: AIRFLOW_CTX_DAG_OWNER='***' AIRFLOW_CTX_DAG_ID='staging_to_core' AIRFLOW_CTX_TASK_ID='wait_for_users' AIRFLOW_CTX_EXECUTION_DATE='2026-01-01T00:00:00+00:00' AIRFLOW_CTX_TRY_NUMBER='1' AIRFLOW_CTX_DAG_RUN_ID='scheduled__2026-01-01T00:00:00+00:00'
[2026-02-27T19:05:19.132+0000] {taskinstance.py:430} INFO - ::endgroup::
[2026-02-27T19:05:19.151+0000] {baseoperator.py:400} WARNING - ExternalTaskSensor.execute cannot be called outside TaskInstance!
[2026-02-27T19:05:19.163+0000] {external_task.py:258} INFO - Poking for tasks ['upload_s3_to_dwh_users'] in dag oltp_s3_dwh on 2026-01-01T00:00:00+00:00 ... 
[2026-02-27T19:05:19.166+0000] {logging_mixin.py:188} WARNING - /home/***/.local/lib/python3.12/site-packages/***/utils/session.py:79 DeprecationWarning: This method is deprecated and will be removed in future.
[2026-02-27T19:05:19.183+0000] {base.py:294} INFO - Success criteria met. Exiting.
[2026-02-27T19:05:19.184+0000] {taskinstance.py:441} INFO - ::group::Post task execution logs
[2026-02-27T19:05:19.199+0000] {taskinstance.py:1206} INFO - Marking task as SUCCESS. dag_id=staging_to_core, task_id=wait_for_users, run_id=scheduled__2026-01-01T00:00:00+00:00, execution_date=20260101T000000, start_date=20260227T190518, end_date=20260227T190519
[2026-02-27T19:05:19.224+0000] {local_task_job_runner.py:243} INFO - Task exited with return code 0
[2026-02-27T19:05:19.240+0000] {logging_mixin.py:188} WARNING - /home/***/.local/lib/python3.12/site-packages/***/models/baseoperator.py:1297 AirflowProviderDeprecationWarning: Call to deprecated class PostgresOperator. (Please use `***.providers.common.sql.operators.sql.SQLExecuteQueryOperator`.Also, you can provide `hook_params={'schema': <database>}`.)
[2026-02-27T19:05:19.281+0000] {taskinstance.py:3503} INFO - 1 downstream tasks scheduled from follow-on schedule check
[2026-02-27T19:05:19.286+0000] {local_task_job_runner.py:222} INFO - ::endgroup::
