[2026-02-26T17:56:22.895+0000] {local_task_job_runner.py:120} INFO - ::group::Pre task execution logs
[2026-02-26T17:56:22.935+0000] {taskinstance.py:2076} INFO - Dependencies all met for dep_context=non-requeueable deps ti=<TaskInstance: oltp_s3_dwh.upload_s3_to_dwh_accounts scheduled__2025-12-01T00:00:00+00:00 [queued]>
[2026-02-26T17:56:22.983+0000] {taskinstance.py:2076} INFO - Dependencies all met for dep_context=requeueable deps ti=<TaskInstance: oltp_s3_dwh.upload_s3_to_dwh_accounts scheduled__2025-12-01T00:00:00+00:00 [queued]>
[2026-02-26T17:56:22.983+0000] {taskinstance.py:2306} INFO - Starting attempt 1 of 1
[2026-02-26T17:56:23.082+0000] {taskinstance.py:2330} INFO - Executing <Task(PythonOperator): upload_s3_to_dwh_accounts> on 2025-12-01 00:00:00+00:00
[2026-02-26T17:56:23.158+0000] {logging_mixin.py:188} WARNING - /home/***/.local/lib/python3.12/site-packages/***/task/task_runner/standard_task_runner.py:62 DeprecationWarning: This process (pid=7254) is multi-threaded, use of fork() may lead to deadlocks in the child.
[2026-02-26T17:56:23.166+0000] {standard_task_runner.py:64} INFO - Started process 7330 to run task
[2026-02-26T17:56:23.174+0000] {standard_task_runner.py:90} INFO - Running: ['***', 'tasks', 'run', 'oltp_s3_dwh', 'upload_s3_to_dwh_accounts', 'scheduled__2025-12-01T00:00:00+00:00', '--job-id', '1260', '--raw', '--subdir', 'DAGS_FOLDER/oltp_s3_dwh.py', '--cfg-path', '/tmp/tmp0hn7dy1p']
[2026-02-26T17:56:23.198+0000] {standard_task_runner.py:91} INFO - Job 1260: Subtask upload_s3_to_dwh_accounts
[2026-02-26T17:56:23.434+0000] {task_command.py:426} INFO - Running <TaskInstance: oltp_s3_dwh.upload_s3_to_dwh_accounts scheduled__2025-12-01T00:00:00+00:00 [running]> on host 31b45edbecf3
[2026-02-26T17:56:23.123+0000] {taskinstance.py:2648} INFO - Exporting env vars: AIRFLOW_CTX_DAG_OWNER='***' AIRFLOW_CTX_DAG_ID='oltp_s3_dwh' AIRFLOW_CTX_TASK_ID='upload_s3_to_dwh_accounts' AIRFLOW_CTX_EXECUTION_DATE='2025-12-01T00:00:00+00:00' AIRFLOW_CTX_TRY_NUMBER='1' AIRFLOW_CTX_DAG_RUN_ID='scheduled__2025-12-01T00:00:00+00:00'
[2026-02-26T17:56:23.134+0000] {taskinstance.py:430} INFO - ::endgroup::
[2026-02-26T17:56:23.615+0000] {base.py:84} INFO - Using connection ID 'postgres_dwh' for task execution.
[2026-02-26T17:56:23.713+0000] {sql.py:495} INFO - Running statement: SELECT table_schema, table_name FROM information_schema.tables WHERE table_schema = 'staging';, parameters: None
[2026-02-26T17:56:23.736+0000] {sql.py:504} INFO - Rows affected: 9
[2026-02-26T17:56:23.744+0000] {logging_mixin.py:188} INFO - DEBUG: Доступные таблицы в схеме staging: [('staging', 'exchange_rates'), ('staging', 'users'), ('staging', 'accounts'), ('staging', 'dict_mcc'), ('staging', 'dict_tariffs'), ('staging', 'cards'), ('staging', 'dict_merchants'), ('staging', 'dict_regions'), ('staging', 'transactions')]
[2026-02-26T17:56:23.764+0000] {base.py:84} INFO - Using connection ID 'minio_conn_id' for task execution.
[2026-02-26T17:56:23.770+0000] {connection_wrapper.py:384} INFO - AWS Connection (conn_id='minio_conn_id', conn_type='aws') credentials retrieved from login and ***.
[2026-02-26T17:56:26.468+0000] {logging_mixin.py:188} INFO - Файл raw/not_dict/accounts/2025-12-01/data.parquet не найден в S3. Пропускаем загрузку.
[2026-02-26T17:56:26.497+0000] {python.py:237} INFO - Done. Returned value was: None
[2026-02-26T17:56:26.498+0000] {taskinstance.py:441} INFO - ::group::Post task execution logs
[2026-02-26T17:56:26.548+0000] {taskinstance.py:1206} INFO - Marking task as SUCCESS. dag_id=oltp_s3_dwh, task_id=upload_s3_to_dwh_accounts, run_id=scheduled__2025-12-01T00:00:00+00:00, execution_date=20251201T000000, start_date=20260226T175622, end_date=20260226T175626
[2026-02-26T17:56:26.644+0000] {local_task_job_runner.py:243} INFO - Task exited with return code 0
[2026-02-26T17:56:26.736+0000] {taskinstance.py:3503} INFO - 0 downstream tasks scheduled from follow-on schedule check
[2026-02-26T17:56:26.745+0000] {local_task_job_runner.py:222} INFO - ::endgroup::
[2026-02-27T19:01:56.050+0000] {local_task_job_runner.py:120} INFO - ::group::Pre task execution logs
[2026-02-27T19:01:56.131+0000] {taskinstance.py:2076} INFO - Dependencies all met for dep_context=non-requeueable deps ti=<TaskInstance: oltp_s3_dwh.upload_s3_to_dwh_accounts scheduled__2025-12-01T00:00:00+00:00 [queued]>
[2026-02-27T19:01:56.181+0000] {taskinstance.py:2076} INFO - Dependencies all met for dep_context=requeueable deps ti=<TaskInstance: oltp_s3_dwh.upload_s3_to_dwh_accounts scheduled__2025-12-01T00:00:00+00:00 [queued]>
[2026-02-27T19:01:56.193+0000] {taskinstance.py:2306} INFO - Starting attempt 1 of 1
[2026-02-27T19:01:56.255+0000] {taskinstance.py:2330} INFO - Executing <Task(PythonOperator): upload_s3_to_dwh_accounts> on 2025-12-01 00:00:00+00:00
[2026-02-27T19:01:56.271+0000] {logging_mixin.py:188} WARNING - /home/***/.local/lib/python3.12/site-packages/***/task/task_runner/standard_task_runner.py:62 DeprecationWarning: This process (pid=33073) is multi-threaded, use of fork() may lead to deadlocks in the child.
[2026-02-27T19:01:56.284+0000] {standard_task_runner.py:64} INFO - Started process 33105 to run task
[2026-02-27T19:01:56.291+0000] {standard_task_runner.py:90} INFO - Running: ['***', 'tasks', 'run', 'oltp_s3_dwh', 'upload_s3_to_dwh_accounts', 'scheduled__2025-12-01T00:00:00+00:00', '--job-id', '1749', '--raw', '--subdir', 'DAGS_FOLDER/oltp_s3_dwh.py', '--cfg-path', '/tmp/tmpn4sm_0s8']
[2026-02-27T19:01:56.299+0000] {standard_task_runner.py:91} INFO - Job 1749: Subtask upload_s3_to_dwh_accounts
[2026-02-27T19:01:56.481+0000] {task_command.py:426} INFO - Running <TaskInstance: oltp_s3_dwh.upload_s3_to_dwh_accounts scheduled__2025-12-01T00:00:00+00:00 [running]> on host 31b45edbecf3
[2026-02-27T19:01:56.722+0000] {taskinstance.py:2648} INFO - Exporting env vars: AIRFLOW_CTX_DAG_OWNER='***' AIRFLOW_CTX_DAG_ID='oltp_s3_dwh' AIRFLOW_CTX_TASK_ID='upload_s3_to_dwh_accounts' AIRFLOW_CTX_EXECUTION_DATE='2025-12-01T00:00:00+00:00' AIRFLOW_CTX_TRY_NUMBER='1' AIRFLOW_CTX_DAG_RUN_ID='scheduled__2025-12-01T00:00:00+00:00'
[2026-02-27T19:01:56.724+0000] {taskinstance.py:430} INFO - ::endgroup::
[2026-02-27T19:01:56.783+0000] {base.py:84} INFO - Using connection ID 'postgres_dwh' for task execution.
[2026-02-27T19:01:56.795+0000] {sql.py:495} INFO - Running statement: SELECT table_schema, table_name FROM information_schema.tables WHERE table_schema = 'staging';, parameters: None
[2026-02-27T19:01:56.798+0000] {sql.py:504} INFO - Rows affected: 9
[2026-02-27T19:01:56.799+0000] {logging_mixin.py:188} INFO - DEBUG: Доступные таблицы в схеме staging: [('staging', 'exchange_rates'), ('staging', 'cards'), ('staging', 'users'), ('staging', 'accounts'), ('staging', 'dict_tariffs'), ('staging', 'dict_merchants'), ('staging', 'dict_mcc'), ('staging', 'dict_regions'), ('staging', 'transactions')]
[2026-02-27T19:01:56.809+0000] {base.py:84} INFO - Using connection ID 'minio_conn_id' for task execution.
[2026-02-27T19:01:56.811+0000] {connection_wrapper.py:384} INFO - AWS Connection (conn_id='minio_conn_id', conn_type='aws') credentials retrieved from login and ***.
[2026-02-27T19:01:57.962+0000] {logging_mixin.py:188} INFO - Файл raw/not_dict/accounts/2025-12-01/data.parquet не найден в S3. Пропускаем загрузку.
[2026-02-27T19:01:57.965+0000] {python.py:237} INFO - Done. Returned value was: None
[2026-02-27T19:01:57.967+0000] {taskinstance.py:441} INFO - ::group::Post task execution logs
[2026-02-27T19:01:57.992+0000] {taskinstance.py:1206} INFO - Marking task as SUCCESS. dag_id=oltp_s3_dwh, task_id=upload_s3_to_dwh_accounts, run_id=scheduled__2025-12-01T00:00:00+00:00, execution_date=20251201T000000, start_date=20260227T190156, end_date=20260227T190157
[2026-02-27T19:01:58.056+0000] {local_task_job_runner.py:243} INFO - Task exited with return code 0
[2026-02-27T19:01:58.126+0000] {taskinstance.py:3503} INFO - 0 downstream tasks scheduled from follow-on schedule check
[2026-02-27T19:01:58.137+0000] {local_task_job_runner.py:222} INFO - ::endgroup::
