[2026-02-26T17:34:13.251+0000] {local_task_job_runner.py:120} INFO - ::group::Pre task execution logs
[2026-02-26T17:34:13.324+0000] {taskinstance.py:2076} INFO - Dependencies all met for dep_context=non-requeueable deps ti=<TaskInstance: oltp_s3_dwh.upload_s3_to_dwh_dict_tariffs manual__2026-02-26T12:02:57.810764+00:00 [queued]>
[2026-02-26T17:34:13.348+0000] {taskinstance.py:2076} INFO - Dependencies all met for dep_context=requeueable deps ti=<TaskInstance: oltp_s3_dwh.upload_s3_to_dwh_dict_tariffs manual__2026-02-26T12:02:57.810764+00:00 [queued]>
[2026-02-26T17:34:13.350+0000] {taskinstance.py:2306} INFO - Starting attempt 2 of 2
[2026-02-26T17:34:13.394+0000] {taskinstance.py:2330} INFO - Executing <Task(PythonOperator): upload_s3_to_dwh_dict_tariffs> on 2026-02-26 12:02:57.810764+00:00
[2026-02-26T17:34:13.427+0000] {standard_task_runner.py:90} INFO - Running: ['***', 'tasks', 'run', 'oltp_s3_dwh', 'upload_s3_to_dwh_dict_tariffs', 'manual__2026-02-26T12:02:57.810764+00:00', '--job-id', '1128', '--raw', '--subdir', 'DAGS_FOLDER/oltp_s3_dwh.py', '--cfg-path', '/tmp/tmpay_npvqn']
[2026-02-26T17:34:13.440+0000] {standard_task_runner.py:91} INFO - Job 1128: Subtask upload_s3_to_dwh_dict_tariffs
[2026-02-26T17:34:13.430+0000] {logging_mixin.py:188} WARNING - /home/***/.local/lib/python3.12/site-packages/***/task/task_runner/standard_task_runner.py:62 DeprecationWarning: This process (pid=5128) is multi-threaded, use of fork() may lead to deadlocks in the child.
[2026-02-26T17:34:13.459+0000] {standard_task_runner.py:64} INFO - Started process 5144 to run task
[2026-02-26T17:34:13.560+0000] {task_command.py:426} INFO - Running <TaskInstance: oltp_s3_dwh.upload_s3_to_dwh_dict_tariffs manual__2026-02-26T12:02:57.810764+00:00 [running]> on host 31b45edbecf3
[2026-02-26T17:34:13.867+0000] {taskinstance.py:2648} INFO - Exporting env vars: AIRFLOW_CTX_DAG_OWNER='***' AIRFLOW_CTX_DAG_ID='oltp_s3_dwh' AIRFLOW_CTX_TASK_ID='upload_s3_to_dwh_dict_tariffs' AIRFLOW_CTX_EXECUTION_DATE='2026-02-26T12:02:57.810764+00:00' AIRFLOW_CTX_TRY_NUMBER='2' AIRFLOW_CTX_DAG_RUN_ID='manual__2026-02-26T12:02:57.810764+00:00'
[2026-02-26T17:34:13.869+0000] {taskinstance.py:430} INFO - ::endgroup::
[2026-02-26T17:34:13.910+0000] {base.py:84} INFO - Using connection ID 'minio_conn_id' for task execution.
[2026-02-26T17:34:13.912+0000] {connection_wrapper.py:384} INFO - AWS Connection (conn_id='minio_conn_id', conn_type='aws') credentials retrieved from login and password.
[2026-02-26T17:34:14.462+0000] {base.py:84} INFO - Using connection ID 'postgres_dwh' for task execution.
[2026-02-26T17:34:14.470+0000] {sql.py:495} INFO - Running statement: Truncate table staging.dict_tariffs, parameters: None
[2026-02-26T17:34:14.484+0000] {base.py:84} INFO - Using connection ID 'postgres_dwh' for task execution.
[2026-02-26T17:34:14.492+0000] {taskinstance.py:441} INFO - ::group::Post task execution logs
[2026-02-26T17:34:14.494+0000] {taskinstance.py:2905} ERROR - Task failed with exception
Traceback (most recent call last):
  File "/home/airflow/.local/lib/python3.12/site-packages/airflow/models/taskinstance.py", line 465, in _execute_task
    result = _execute_callable(context=context, **execute_callable_kwargs)
             ^^^^^^^^^^^^^^^^^^^^^^^^^^^^^^^^^^^^^^^^^^^^^^^^^^^^^^^^^^^^^
  File "/home/airflow/.local/lib/python3.12/site-packages/airflow/models/taskinstance.py", line 432, in _execute_callable
    return execute_callable(context=context, **execute_callable_kwargs)
           ^^^^^^^^^^^^^^^^^^^^^^^^^^^^^^^^^^^^^^^^^^^^^^^^^^^^^^^^^^^^
  File "/home/airflow/.local/lib/python3.12/site-packages/airflow/models/baseoperator.py", line 401, in wrapper
    return func(self, *args, **kwargs)
           ^^^^^^^^^^^^^^^^^^^^^^^^^^^
  File "/home/airflow/.local/lib/python3.12/site-packages/airflow/operators/python.py", line 235, in execute
    return_value = self.execute_callable()
                   ^^^^^^^^^^^^^^^^^^^^^^^
  File "/home/airflow/.local/lib/python3.12/site-packages/airflow/operators/python.py", line 252, in execute_callable
    return self.python_callable(*self.op_args, **self.op_kwargs)
           ^^^^^^^^^^^^^^^^^^^^^^^^^^^^^^^^^^^^^^^^^^^^^^^^^^^^^
  File "/opt/airflow/dags/oltp_s3_dwh.py", line 81, in upload_s3_to_dwh
    cursor.copy_from(output, f"staging.{table_name}", sep='\t', null="")
psycopg2.errors.UndefinedTable: relation "staging.dict_tariffs" does not exist

[2026-02-26T17:34:14.533+0000] {taskinstance.py:1206} INFO - Marking task as FAILED. dag_id=oltp_s3_dwh, task_id=upload_s3_to_dwh_dict_tariffs, run_id=manual__2026-02-26T12:02:57.810764+00:00, execution_date=20260226T120257, start_date=20260226T173413, end_date=20260226T173414
[2026-02-26T17:34:14.550+0000] {standard_task_runner.py:110} ERROR - Failed to execute job 1128 for task upload_s3_to_dwh_dict_tariffs (relation "staging.dict_tariffs" does not exist
; 5144)
[2026-02-26T17:34:14.580+0000] {local_task_job_runner.py:243} INFO - Task exited with return code 1
[2026-02-26T17:34:14.611+0000] {taskinstance.py:3503} INFO - 0 downstream tasks scheduled from follow-on schedule check
[2026-02-26T17:34:14.616+0000] {local_task_job_runner.py:222} INFO - ::endgroup::
