[2026-02-27T10:31:32.857+0000] {local_task_job_runner.py:120} INFO - ::group::Pre task execution logs
[2026-02-27T10:31:32.900+0000] {taskinstance.py:2076} INFO - Dependencies all met for dep_context=non-requeueable deps ti=<TaskInstance: staging_to_core.transform_transactions_to_core scheduled__2025-07-01T00:00:00+00:00 [queued]>
[2026-02-27T10:31:32.915+0000] {taskinstance.py:2076} INFO - Dependencies all met for dep_context=requeueable deps ti=<TaskInstance: staging_to_core.transform_transactions_to_core scheduled__2025-07-01T00:00:00+00:00 [queued]>
[2026-02-27T10:31:32.916+0000] {taskinstance.py:2306} INFO - Starting attempt 1 of 1
[2026-02-27T10:31:32.942+0000] {taskinstance.py:2330} INFO - Executing <Task(PostgresOperator): transform_transactions_to_core> on 2025-07-01 00:00:00+00:00
[2026-02-27T10:31:32.954+0000] {logging_mixin.py:188} WARNING - /home/***/.local/lib/python3.12/site-packages/***/task/task_runner/standard_task_runner.py:62 DeprecationWarning: This process (pid=9377) is multi-threaded, use of fork() may lead to deadlocks in the child.
[2026-02-27T10:31:32.956+0000] {standard_task_runner.py:64} INFO - Started process 9378 to run task
[2026-02-27T10:31:32.954+0000] {standard_task_runner.py:90} INFO - Running: ['***', 'tasks', 'run', 'staging_to_core', 'transform_transactions_to_core', 'scheduled__2025-07-01T00:00:00+00:00', '--job-id', '1404', '--raw', '--subdir', 'DAGS_FOLDER/staging_to_core.py', '--cfg-path', '/tmp/tmpv05efvy8']
[2026-02-27T10:31:32.958+0000] {standard_task_runner.py:91} INFO - Job 1404: Subtask transform_transactions_to_core
[2026-02-27T10:31:33.030+0000] {task_command.py:426} INFO - Running <TaskInstance: staging_to_core.transform_transactions_to_core scheduled__2025-07-01T00:00:00+00:00 [running]> on host 31b45edbecf3
[2026-02-27T10:31:33.142+0000] {taskinstance.py:2648} INFO - Exporting env vars: AIRFLOW_CTX_DAG_OWNER='***' AIRFLOW_CTX_DAG_ID='staging_to_core' AIRFLOW_CTX_TASK_ID='transform_transactions_to_core' AIRFLOW_CTX_EXECUTION_DATE='2025-07-01T00:00:00+00:00' AIRFLOW_CTX_TRY_NUMBER='1' AIRFLOW_CTX_DAG_RUN_ID='scheduled__2025-07-01T00:00:00+00:00'
[2026-02-27T10:31:33.144+0000] {taskinstance.py:430} INFO - ::endgroup::
[2026-02-27T10:31:33.160+0000] {sql.py:282} INFO - Executing: 
                    INSERT INTO core.transactions
                    SELECT * FROM staging.transactions
                    ON CONFLICT (transaction_id) 
                    DO UPDATE SET
                        amount_rub = EXCLUDED.amount_rub, cashback_amount = EXCLUDED.cashback_amount, status = EXCLUDED.status;
                
[2026-02-27T10:31:33.172+0000] {base.py:84} INFO - Using connection ID 'postgres_dwh' for task execution.
[2026-02-27T10:31:33.184+0000] {base.py:84} INFO - Using connection ID 'postgres_dwh' for task execution.
[2026-02-27T10:31:33.192+0000] {sql.py:495} INFO - Running statement: 
                    INSERT INTO core.transactions
                    SELECT * FROM staging.transactions
                    ON CONFLICT (transaction_id) 
                    DO UPDATE SET
                        amount_rub = EXCLUDED.amount_rub, cashback_amount = EXCLUDED.cashback_amount, status = EXCLUDED.status;
                , parameters: None
[2026-02-27T10:31:33.217+0000] {taskinstance.py:441} INFO - ::group::Post task execution logs
[2026-02-27T10:31:33.219+0000] {taskinstance.py:2905} ERROR - Task failed with exception
Traceback (most recent call last):
  File "/home/airflow/.local/lib/python3.12/site-packages/airflow/models/taskinstance.py", line 465, in _execute_task
    result = _execute_callable(context=context, **execute_callable_kwargs)
             ^^^^^^^^^^^^^^^^^^^^^^^^^^^^^^^^^^^^^^^^^^^^^^^^^^^^^^^^^^^^^
  File "/home/airflow/.local/lib/python3.12/site-packages/airflow/models/taskinstance.py", line 432, in _execute_callable
    return execute_callable(context=context, **execute_callable_kwargs)
           ^^^^^^^^^^^^^^^^^^^^^^^^^^^^^^^^^^^^^^^^^^^^^^^^^^^^^^^^^^^^
  File "/home/airflow/.local/lib/python3.12/site-packages/airflow/models/baseoperator.py", line 401, in wrapper
    return func(self, *args, **kwargs)
           ^^^^^^^^^^^^^^^^^^^^^^^^^^^
  File "/home/airflow/.local/lib/python3.12/site-packages/airflow/providers/common/sql/operators/sql.py", line 288, in execute
    output = hook.run(
             ^^^^^^^^^
  File "/home/airflow/.local/lib/python3.12/site-packages/airflow/providers/common/sql/hooks/sql.py", line 442, in run
    self._run_command(cur, sql_statement, parameters)
  File "/home/airflow/.local/lib/python3.12/site-packages/airflow/providers/common/sql/hooks/sql.py", line 500, in _run_command
    cur.execute(sql_statement)
psycopg2.errors.ForeignKeyViolation: insert or update on table "transactions" violates foreign key constraint "transactions_card_id_fkey"
DETAIL:  Key (card_id)=(af574d89-ad1f-4151-b790-9f22d35e0ec9) is not present in table "cards".

[2026-02-27T10:31:33.232+0000] {taskinstance.py:1206} INFO - Marking task as FAILED. dag_id=staging_to_core, task_id=transform_transactions_to_core, run_id=scheduled__2025-07-01T00:00:00+00:00, execution_date=20250701T000000, start_date=20260227T103132, end_date=20260227T103133
[2026-02-27T10:31:33.254+0000] {standard_task_runner.py:110} ERROR - Failed to execute job 1404 for task transform_transactions_to_core (insert or update on table "transactions" violates foreign key constraint "transactions_card_id_fkey"
DETAIL:  Key (card_id)=(af574d89-ad1f-4151-b790-9f22d35e0ec9) is not present in table "cards".
; 9378)
[2026-02-27T10:31:33.294+0000] {local_task_job_runner.py:243} INFO - Task exited with return code 1
[2026-02-27T10:31:33.310+0000] {logging_mixin.py:188} WARNING - /home/***/.local/lib/python3.12/site-packages/***/models/baseoperator.py:1297 AirflowProviderDeprecationWarning: Call to deprecated class PostgresOperator. (Please use `***.providers.common.sql.operators.sql.SQLExecuteQueryOperator`.Also, you can provide `hook_params={'schema': <database>}`.)
[2026-02-27T10:31:33.341+0000] {taskinstance.py:3503} INFO - 0 downstream tasks scheduled from follow-on schedule check
[2026-02-27T10:31:33.381+0000] {local_task_job_runner.py:222} INFO - ::endgroup::
[2026-02-27T19:03:23.564+0000] {local_task_job_runner.py:120} INFO - ::group::Pre task execution logs
[2026-02-27T19:03:23.616+0000] {taskinstance.py:2076} INFO - Dependencies all met for dep_context=non-requeueable deps ti=<TaskInstance: staging_to_core.transform_transactions_to_core scheduled__2025-07-01T00:00:00+00:00 [queued]>
[2026-02-27T19:03:23.631+0000] {taskinstance.py:2076} INFO - Dependencies all met for dep_context=requeueable deps ti=<TaskInstance: staging_to_core.transform_transactions_to_core scheduled__2025-07-01T00:00:00+00:00 [queued]>
[2026-02-27T19:03:23.633+0000] {taskinstance.py:2306} INFO - Starting attempt 1 of 1
[2026-02-27T19:03:23.652+0000] {taskinstance.py:2330} INFO - Executing <Task(PostgresOperator): transform_transactions_to_core> on 2025-07-01 00:00:00+00:00
[2026-02-27T19:03:23.661+0000] {logging_mixin.py:188} WARNING - /home/***/.local/lib/python3.12/site-packages/***/task/task_runner/standard_task_runner.py:62 DeprecationWarning: This process (pid=33429) is multi-threaded, use of fork() may lead to deadlocks in the child.
[2026-02-27T19:03:23.662+0000] {standard_task_runner.py:64} INFO - Started process 33430 to run task
[2026-02-27T19:03:23.662+0000] {standard_task_runner.py:90} INFO - Running: ['***', 'tasks', 'run', 'staging_to_core', 'transform_transactions_to_core', 'scheduled__2025-07-01T00:00:00+00:00', '--job-id', '1836', '--raw', '--subdir', 'DAGS_FOLDER/staging_to_core.py', '--cfg-path', '/tmp/tmpe9qpazn9']
[2026-02-27T19:03:23.665+0000] {standard_task_runner.py:91} INFO - Job 1836: Subtask transform_transactions_to_core
[2026-02-27T19:03:23.740+0000] {task_command.py:426} INFO - Running <TaskInstance: staging_to_core.transform_transactions_to_core scheduled__2025-07-01T00:00:00+00:00 [running]> on host 31b45edbecf3
[2026-02-27T19:03:23.873+0000] {taskinstance.py:2648} INFO - Exporting env vars: AIRFLOW_CTX_DAG_OWNER='***' AIRFLOW_CTX_DAG_ID='staging_to_core' AIRFLOW_CTX_TASK_ID='transform_transactions_to_core' AIRFLOW_CTX_EXECUTION_DATE='2025-07-01T00:00:00+00:00' AIRFLOW_CTX_TRY_NUMBER='1' AIRFLOW_CTX_DAG_RUN_ID='scheduled__2025-07-01T00:00:00+00:00'
[2026-02-27T19:03:23.875+0000] {taskinstance.py:430} INFO - ::endgroup::
[2026-02-27T19:03:23.892+0000] {sql.py:282} INFO - Executing: 
                    INSERT INTO core.transactions
                    SELECT * FROM staging.transactions
                    ON CONFLICT (transaction_id) 
                    DO UPDATE SET
                        amount_rub = EXCLUDED.amount_rub, cashback_amount = EXCLUDED.cashback_amount, status = EXCLUDED.status;
                
[2026-02-27T19:03:23.905+0000] {base.py:84} INFO - Using connection ID 'postgres_dwh' for task execution.
[2026-02-27T19:03:23.918+0000] {base.py:84} INFO - Using connection ID 'postgres_dwh' for task execution.
[2026-02-27T19:03:23.927+0000] {sql.py:495} INFO - Running statement: 
                    INSERT INTO core.transactions
                    SELECT * FROM staging.transactions
                    ON CONFLICT (transaction_id) 
                    DO UPDATE SET
                        amount_rub = EXCLUDED.amount_rub, cashback_amount = EXCLUDED.cashback_amount, status = EXCLUDED.status;
                , parameters: None
[2026-02-27T19:03:23.930+0000] {sql.py:504} INFO - Rows affected: 6
[2026-02-27T19:03:23.934+0000] {taskinstance.py:441} INFO - ::group::Post task execution logs
[2026-02-27T19:03:23.950+0000] {taskinstance.py:1206} INFO - Marking task as SUCCESS. dag_id=staging_to_core, task_id=transform_transactions_to_core, run_id=scheduled__2025-07-01T00:00:00+00:00, execution_date=20250701T000000, start_date=20260227T190323, end_date=20260227T190323
[2026-02-27T19:03:24.002+0000] {local_task_job_runner.py:243} INFO - Task exited with return code 0
[2026-02-27T19:03:24.021+0000] {logging_mixin.py:188} WARNING - /home/***/.local/lib/python3.12/site-packages/***/models/baseoperator.py:1297 AirflowProviderDeprecationWarning: Call to deprecated class PostgresOperator. (Please use `***.providers.common.sql.operators.sql.SQLExecuteQueryOperator`.Also, you can provide `hook_params={'schema': <database>}`.)
[2026-02-27T19:03:24.033+0000] {taskinstance.py:3503} INFO - 0 downstream tasks scheduled from follow-on schedule check
[2026-02-27T19:03:24.038+0000] {local_task_job_runner.py:222} INFO - ::endgroup::
