[2026-02-26T17:55:55.124+0000] {local_task_job_runner.py:120} INFO - ::group::Pre task execution logs
[2026-02-26T17:55:55.212+0000] {taskinstance.py:2076} INFO - Dependencies all met for dep_context=non-requeueable deps ti=<TaskInstance: oltp_s3_dwh.upload_s3_to_dwh_dict_regions scheduled__2025-06-01T00:00:00+00:00 [queued]>
[2026-02-26T17:55:55.301+0000] {taskinstance.py:2076} INFO - Dependencies all met for dep_context=requeueable deps ti=<TaskInstance: oltp_s3_dwh.upload_s3_to_dwh_dict_regions scheduled__2025-06-01T00:00:00+00:00 [queued]>
[2026-02-26T17:55:55.306+0000] {taskinstance.py:2306} INFO - Starting attempt 1 of 1
[2026-02-26T17:55:55.366+0000] {taskinstance.py:2330} INFO - Executing <Task(PythonOperator): upload_s3_to_dwh_dict_regions> on 2025-06-01 00:00:00+00:00
[2026-02-26T17:55:55.426+0000] {logging_mixin.py:188} WARNING - /home/***/.local/lib/python3.12/site-packages/***/task/task_runner/standard_task_runner.py:62 DeprecationWarning: This process (pid=6925) is multi-threaded, use of fork() may lead to deadlocks in the child.
[2026-02-26T17:55:55.446+0000] {standard_task_runner.py:64} INFO - Started process 7014 to run task
[2026-02-26T17:55:55.443+0000] {standard_task_runner.py:90} INFO - Running: ['***', 'tasks', 'run', 'oltp_s3_dwh', 'upload_s3_to_dwh_dict_regions', 'scheduled__2025-06-01T00:00:00+00:00', '--job-id', '1214', '--raw', '--subdir', 'DAGS_FOLDER/oltp_s3_dwh.py', '--cfg-path', '/tmp/tmp5u3omuj7']
[2026-02-26T17:55:55.463+0000] {standard_task_runner.py:91} INFO - Job 1214: Subtask upload_s3_to_dwh_dict_regions
[2026-02-26T17:55:55.696+0000] {task_command.py:426} INFO - Running <TaskInstance: oltp_s3_dwh.upload_s3_to_dwh_dict_regions scheduled__2025-06-01T00:00:00+00:00 [running]> on host 31b45edbecf3
[2026-02-26T17:55:55.957+0000] {taskinstance.py:2648} INFO - Exporting env vars: AIRFLOW_CTX_DAG_OWNER='***' AIRFLOW_CTX_DAG_ID='oltp_s3_dwh' AIRFLOW_CTX_TASK_ID='upload_s3_to_dwh_dict_regions' AIRFLOW_CTX_EXECUTION_DATE='2025-06-01T00:00:00+00:00' AIRFLOW_CTX_TRY_NUMBER='1' AIRFLOW_CTX_DAG_RUN_ID='scheduled__2025-06-01T00:00:00+00:00'
[2026-02-26T17:55:55.959+0000] {taskinstance.py:430} INFO - ::endgroup::
[2026-02-26T17:55:56.034+0000] {base.py:84} INFO - Using connection ID 'postgres_dwh' for task execution.
[2026-02-26T17:55:56.040+0000] {sql.py:495} INFO - Running statement: SELECT table_schema, table_name FROM information_schema.tables WHERE table_schema = 'staging';, parameters: None
[2026-02-26T17:55:56.044+0000] {sql.py:504} INFO - Rows affected: 9
[2026-02-26T17:55:56.048+0000] {logging_mixin.py:188} INFO - DEBUG: Доступные таблицы в схеме staging: [('staging', 'exchange_rates'), ('staging', 'users'), ('staging', 'accounts'), ('staging', 'dict_regions'), ('staging', 'dict_tariffs'), ('staging', 'dict_mcc'), ('staging', 'dict_merchants'), ('staging', 'transactions'), ('staging', 'cards')]
[2026-02-26T17:55:56.078+0000] {base.py:84} INFO - Using connection ID 'minio_conn_id' for task execution.
[2026-02-26T17:55:56.084+0000] {connection_wrapper.py:384} INFO - AWS Connection (conn_id='minio_conn_id', conn_type='aws') credentials retrieved from login and ***.
[2026-02-26T17:55:57.967+0000] {base.py:84} INFO - Using connection ID 'postgres_dwh' for task execution.
[2026-02-26T17:55:57.995+0000] {logging_mixin.py:188} INFO - Successfully loaded dict_regions using copy_expert
[2026-02-26T17:55:57.998+0000] {python.py:237} INFO - Done. Returned value was: None
[2026-02-26T17:55:57.999+0000] {taskinstance.py:441} INFO - ::group::Post task execution logs
[2026-02-26T17:55:58.034+0000] {taskinstance.py:1206} INFO - Marking task as SUCCESS. dag_id=oltp_s3_dwh, task_id=upload_s3_to_dwh_dict_regions, run_id=scheduled__2025-06-01T00:00:00+00:00, execution_date=20250601T000000, start_date=20260226T175555, end_date=20260226T175558
[2026-02-26T17:55:58.114+0000] {local_task_job_runner.py:243} INFO - Task exited with return code 0
[2026-02-26T17:55:58.128+0000] {local_task_job_runner.py:222} INFO - ::endgroup::
[2026-02-27T19:00:48.569+0000] {local_task_job_runner.py:120} INFO - ::group::Pre task execution logs
[2026-02-27T19:00:48.649+0000] {taskinstance.py:2076} INFO - Dependencies all met for dep_context=non-requeueable deps ti=<TaskInstance: oltp_s3_dwh.upload_s3_to_dwh_dict_regions scheduled__2025-06-01T00:00:00+00:00 [queued]>
[2026-02-27T19:00:48.681+0000] {taskinstance.py:2076} INFO - Dependencies all met for dep_context=requeueable deps ti=<TaskInstance: oltp_s3_dwh.upload_s3_to_dwh_dict_regions scheduled__2025-06-01T00:00:00+00:00 [queued]>
[2026-02-27T19:00:48.684+0000] {taskinstance.py:2306} INFO - Starting attempt 1 of 1
[2026-02-27T19:00:48.753+0000] {taskinstance.py:2330} INFO - Executing <Task(PythonOperator): upload_s3_to_dwh_dict_regions> on 2025-06-01 00:00:00+00:00
[2026-02-27T19:00:48.769+0000] {logging_mixin.py:188} WARNING - /home/***/.local/lib/python3.12/site-packages/***/task/task_runner/standard_task_runner.py:62 DeprecationWarning: This process (pid=32447) is multi-threaded, use of fork() may lead to deadlocks in the child.
[2026-02-27T19:00:48.775+0000] {standard_task_runner.py:64} INFO - Started process 32461 to run task
[2026-02-27T19:00:48.801+0000] {standard_task_runner.py:90} INFO - Running: ['***', 'tasks', 'run', 'oltp_s3_dwh', 'upload_s3_to_dwh_dict_regions', 'scheduled__2025-06-01T00:00:00+00:00', '--job-id', '1622', '--raw', '--subdir', 'DAGS_FOLDER/oltp_s3_dwh.py', '--cfg-path', '/tmp/tmp0mich4a7']
[2026-02-27T19:00:48.820+0000] {standard_task_runner.py:91} INFO - Job 1622: Subtask upload_s3_to_dwh_dict_regions
[2026-02-27T19:00:48.974+0000] {task_command.py:426} INFO - Running <TaskInstance: oltp_s3_dwh.upload_s3_to_dwh_dict_regions scheduled__2025-06-01T00:00:00+00:00 [running]> on host 31b45edbecf3
[2026-02-27T19:00:49.192+0000] {taskinstance.py:2648} INFO - Exporting env vars: AIRFLOW_CTX_DAG_OWNER='***' AIRFLOW_CTX_DAG_ID='oltp_s3_dwh' AIRFLOW_CTX_TASK_ID='upload_s3_to_dwh_dict_regions' AIRFLOW_CTX_EXECUTION_DATE='2025-06-01T00:00:00+00:00' AIRFLOW_CTX_TRY_NUMBER='1' AIRFLOW_CTX_DAG_RUN_ID='scheduled__2025-06-01T00:00:00+00:00'
[2026-02-27T19:00:49.195+0000] {taskinstance.py:430} INFO - ::endgroup::
[2026-02-27T19:00:49.254+0000] {base.py:84} INFO - Using connection ID 'postgres_dwh' for task execution.
[2026-02-27T19:00:49.273+0000] {sql.py:495} INFO - Running statement: SELECT table_schema, table_name FROM information_schema.tables WHERE table_schema = 'staging';, parameters: None
[2026-02-27T19:00:49.277+0000] {sql.py:504} INFO - Rows affected: 9
[2026-02-27T19:00:49.278+0000] {logging_mixin.py:188} INFO - DEBUG: Доступные таблицы в схеме staging: [('staging', 'exchange_rates'), ('staging', 'cards'), ('staging', 'users'), ('staging', 'accounts'), ('staging', 'transactions'), ('staging', 'dict_tariffs'), ('staging', 'dict_regions'), ('staging', 'dict_merchants'), ('staging', 'dict_mcc')]
[2026-02-27T19:00:49.302+0000] {base.py:84} INFO - Using connection ID 'minio_conn_id' for task execution.
[2026-02-27T19:00:49.304+0000] {connection_wrapper.py:384} INFO - AWS Connection (conn_id='minio_conn_id', conn_type='aws') credentials retrieved from login and ***.
[2026-02-27T19:00:50.107+0000] {base.py:84} INFO - Using connection ID 'postgres_dwh' for task execution.
[2026-02-27T19:00:50.120+0000] {logging_mixin.py:188} INFO - Successfully loaded dict_regions using copy_expert
[2026-02-27T19:00:50.127+0000] {python.py:237} INFO - Done. Returned value was: None
[2026-02-27T19:00:50.130+0000] {taskinstance.py:441} INFO - ::group::Post task execution logs
[2026-02-27T19:00:50.149+0000] {taskinstance.py:1206} INFO - Marking task as SUCCESS. dag_id=oltp_s3_dwh, task_id=upload_s3_to_dwh_dict_regions, run_id=scheduled__2025-06-01T00:00:00+00:00, execution_date=20250601T000000, start_date=20260227T190048, end_date=20260227T190050
[2026-02-27T19:00:50.219+0000] {local_task_job_runner.py:243} INFO - Task exited with return code 0
[2026-02-27T19:00:50.251+0000] {taskinstance.py:3503} INFO - 0 downstream tasks scheduled from follow-on schedule check
[2026-02-27T19:00:50.255+0000] {local_task_job_runner.py:222} INFO - ::endgroup::
