[2026-02-26T17:56:06.586+0000] {local_task_job_runner.py:120} INFO - ::group::Pre task execution logs
[2026-02-26T17:56:06.672+0000] {taskinstance.py:2076} INFO - Dependencies all met for dep_context=non-requeueable deps ti=<TaskInstance: oltp_s3_dwh.upload_s3_to_dwh_accounts scheduled__2025-09-01T00:00:00+00:00 [queued]>
[2026-02-26T17:56:06.706+0000] {taskinstance.py:2076} INFO - Dependencies all met for dep_context=requeueable deps ti=<TaskInstance: oltp_s3_dwh.upload_s3_to_dwh_accounts scheduled__2025-09-01T00:00:00+00:00 [queued]>
[2026-02-26T17:56:06.711+0000] {taskinstance.py:2306} INFO - Starting attempt 1 of 1
[2026-02-26T17:56:06.773+0000] {taskinstance.py:2330} INFO - Executing <Task(PythonOperator): upload_s3_to_dwh_accounts> on 2025-09-01 00:00:00+00:00
[2026-02-26T17:56:06.807+0000] {logging_mixin.py:188} WARNING - /home/***/.local/lib/python3.12/site-packages/***/task/task_runner/standard_task_runner.py:62 DeprecationWarning: This process (pid=7088) is multi-threaded, use of fork() may lead to deadlocks in the child.
[2026-02-26T17:56:06.818+0000] {standard_task_runner.py:64} INFO - Started process 7118 to run task
[2026-02-26T17:56:06.804+0000] {standard_task_runner.py:90} INFO - Running: ['***', 'tasks', 'run', 'oltp_s3_dwh', 'upload_s3_to_dwh_accounts', 'scheduled__2025-09-01T00:00:00+00:00', '--job-id', '1236', '--raw', '--subdir', 'DAGS_FOLDER/oltp_s3_dwh.py', '--cfg-path', '/tmp/tmpqspl6rn9']
[2026-02-26T17:56:06.852+0000] {standard_task_runner.py:91} INFO - Job 1236: Subtask upload_s3_to_dwh_accounts
[2026-02-26T17:56:07.007+0000] {task_command.py:426} INFO - Running <TaskInstance: oltp_s3_dwh.upload_s3_to_dwh_accounts scheduled__2025-09-01T00:00:00+00:00 [running]> on host 31b45edbecf3
[2026-02-26T17:56:07.498+0000] {taskinstance.py:2648} INFO - Exporting env vars: AIRFLOW_CTX_DAG_OWNER='***' AIRFLOW_CTX_DAG_ID='oltp_s3_dwh' AIRFLOW_CTX_TASK_ID='upload_s3_to_dwh_accounts' AIRFLOW_CTX_EXECUTION_DATE='2025-09-01T00:00:00+00:00' AIRFLOW_CTX_TRY_NUMBER='1' AIRFLOW_CTX_DAG_RUN_ID='scheduled__2025-09-01T00:00:00+00:00'
[2026-02-26T17:56:07.514+0000] {taskinstance.py:430} INFO - ::endgroup::
[2026-02-26T17:56:07.705+0000] {base.py:84} INFO - Using connection ID 'postgres_dwh' for task execution.
[2026-02-26T17:56:07.731+0000] {sql.py:495} INFO - Running statement: SELECT table_schema, table_name FROM information_schema.tables WHERE table_schema = 'staging';, parameters: None
[2026-02-26T17:56:07.745+0000] {sql.py:504} INFO - Rows affected: 9
[2026-02-26T17:56:07.749+0000] {logging_mixin.py:188} INFO - DEBUG: Доступные таблицы в схеме staging: [('staging', 'exchange_rates'), ('staging', 'users'), ('staging', 'accounts'), ('staging', 'dict_merchants'), ('staging', 'cards'), ('staging', 'transactions'), ('staging', 'dict_tariffs'), ('staging', 'dict_mcc'), ('staging', 'dict_regions')]
[2026-02-26T17:56:07.775+0000] {base.py:84} INFO - Using connection ID 'minio_conn_id' for task execution.
[2026-02-26T17:56:07.776+0000] {connection_wrapper.py:384} INFO - AWS Connection (conn_id='minio_conn_id', conn_type='aws') credentials retrieved from login and ***.
[2026-02-26T17:56:09.285+0000] {logging_mixin.py:188} INFO - Файл raw/not_dict/accounts/2025-09-01/data.parquet не найден в S3. Пропускаем загрузку.
[2026-02-26T17:56:09.290+0000] {python.py:237} INFO - Done. Returned value was: None
[2026-02-26T17:56:09.291+0000] {taskinstance.py:441} INFO - ::group::Post task execution logs
[2026-02-26T17:56:09.308+0000] {taskinstance.py:1206} INFO - Marking task as SUCCESS. dag_id=oltp_s3_dwh, task_id=upload_s3_to_dwh_accounts, run_id=scheduled__2025-09-01T00:00:00+00:00, execution_date=20250901T000000, start_date=20260226T175606, end_date=20260226T175609
[2026-02-26T17:56:09.442+0000] {local_task_job_runner.py:243} INFO - Task exited with return code 0
[2026-02-26T17:56:09.622+0000] {taskinstance.py:3503} INFO - 0 downstream tasks scheduled from follow-on schedule check
[2026-02-26T17:56:09.637+0000] {local_task_job_runner.py:222} INFO - ::endgroup::
[2026-02-27T19:01:22.514+0000] {local_task_job_runner.py:120} INFO - ::group::Pre task execution logs
[2026-02-27T19:01:22.559+0000] {taskinstance.py:2076} INFO - Dependencies all met for dep_context=non-requeueable deps ti=<TaskInstance: oltp_s3_dwh.upload_s3_to_dwh_accounts scheduled__2025-09-01T00:00:00+00:00 [queued]>
[2026-02-27T19:01:22.581+0000] {taskinstance.py:2076} INFO - Dependencies all met for dep_context=requeueable deps ti=<TaskInstance: oltp_s3_dwh.upload_s3_to_dwh_accounts scheduled__2025-09-01T00:00:00+00:00 [queued]>
[2026-02-27T19:01:22.582+0000] {taskinstance.py:2306} INFO - Starting attempt 1 of 1
[2026-02-27T19:01:22.628+0000] {taskinstance.py:2330} INFO - Executing <Task(PythonOperator): upload_s3_to_dwh_accounts> on 2025-09-01 00:00:00+00:00
[2026-02-27T19:01:22.644+0000] {logging_mixin.py:188} WARNING - /home/***/.local/lib/python3.12/site-packages/***/task/task_runner/standard_task_runner.py:62 DeprecationWarning: This process (pid=32747) is multi-threaded, use of fork() may lead to deadlocks in the child.
[2026-02-27T19:01:22.658+0000] {standard_task_runner.py:64} INFO - Started process 32773 to run task
[2026-02-27T19:01:22.646+0000] {standard_task_runner.py:90} INFO - Running: ['***', 'tasks', 'run', 'oltp_s3_dwh', 'upload_s3_to_dwh_accounts', 'scheduled__2025-09-01T00:00:00+00:00', '--job-id', '1685', '--raw', '--subdir', 'DAGS_FOLDER/oltp_s3_dwh.py', '--cfg-path', '/tmp/tmpvh_em8k8']
[2026-02-27T19:01:22.667+0000] {standard_task_runner.py:91} INFO - Job 1685: Subtask upload_s3_to_dwh_accounts
[2026-02-27T19:01:22.814+0000] {task_command.py:426} INFO - Running <TaskInstance: oltp_s3_dwh.upload_s3_to_dwh_accounts scheduled__2025-09-01T00:00:00+00:00 [running]> on host 31b45edbecf3
[2026-02-27T19:01:23.198+0000] {taskinstance.py:2648} INFO - Exporting env vars: AIRFLOW_CTX_DAG_OWNER='***' AIRFLOW_CTX_DAG_ID='oltp_s3_dwh' AIRFLOW_CTX_TASK_ID='upload_s3_to_dwh_accounts' AIRFLOW_CTX_EXECUTION_DATE='2025-09-01T00:00:00+00:00' AIRFLOW_CTX_TRY_NUMBER='1' AIRFLOW_CTX_DAG_RUN_ID='scheduled__2025-09-01T00:00:00+00:00'
[2026-02-27T19:01:23.202+0000] {taskinstance.py:430} INFO - ::endgroup::
[2026-02-27T19:01:23.256+0000] {base.py:84} INFO - Using connection ID 'postgres_dwh' for task execution.
[2026-02-27T19:01:23.273+0000] {sql.py:495} INFO - Running statement: SELECT table_schema, table_name FROM information_schema.tables WHERE table_schema = 'staging';, parameters: None
[2026-02-27T19:01:23.284+0000] {sql.py:504} INFO - Rows affected: 9
[2026-02-27T19:01:23.286+0000] {logging_mixin.py:188} INFO - DEBUG: Доступные таблицы в схеме staging: [('staging', 'exchange_rates'), ('staging', 'cards'), ('staging', 'users'), ('staging', 'accounts'), ('staging', 'dict_mcc'), ('staging', 'dict_regions'), ('staging', 'transactions'), ('staging', 'dict_tariffs'), ('staging', 'dict_merchants')]
[2026-02-27T19:01:23.309+0000] {base.py:84} INFO - Using connection ID 'minio_conn_id' for task execution.
[2026-02-27T19:01:23.316+0000] {connection_wrapper.py:384} INFO - AWS Connection (conn_id='minio_conn_id', conn_type='aws') credentials retrieved from login and ***.
[2026-02-27T19:01:24.616+0000] {logging_mixin.py:188} INFO - Файл raw/not_dict/accounts/2025-09-01/data.parquet не найден в S3. Пропускаем загрузку.
[2026-02-27T19:01:24.620+0000] {python.py:237} INFO - Done. Returned value was: None
[2026-02-27T19:01:24.622+0000] {taskinstance.py:441} INFO - ::group::Post task execution logs
[2026-02-27T19:01:24.637+0000] {taskinstance.py:1206} INFO - Marking task as SUCCESS. dag_id=oltp_s3_dwh, task_id=upload_s3_to_dwh_accounts, run_id=scheduled__2025-09-01T00:00:00+00:00, execution_date=20250901T000000, start_date=20260227T190122, end_date=20260227T190124
[2026-02-27T19:01:24.688+0000] {local_task_job_runner.py:243} INFO - Task exited with return code 0
[2026-02-27T19:01:24.761+0000] {taskinstance.py:3503} INFO - 0 downstream tasks scheduled from follow-on schedule check
[2026-02-27T19:01:24.777+0000] {local_task_job_runner.py:222} INFO - ::endgroup::
