[2026-02-26T17:55:58.814+0000] {local_task_job_runner.py:120} INFO - ::group::Pre task execution logs
[2026-02-26T17:55:58.874+0000] {taskinstance.py:2076} INFO - Dependencies all met for dep_context=non-requeueable deps ti=<TaskInstance: oltp_s3_dwh.upload_s3_to_dwh_users scheduled__2025-07-01T00:00:00+00:00 [queued]>
[2026-02-26T17:55:58.916+0000] {taskinstance.py:2076} INFO - Dependencies all met for dep_context=requeueable deps ti=<TaskInstance: oltp_s3_dwh.upload_s3_to_dwh_users scheduled__2025-07-01T00:00:00+00:00 [queued]>
[2026-02-26T17:55:58.921+0000] {taskinstance.py:2306} INFO - Starting attempt 1 of 1
[2026-02-26T17:55:58.989+0000] {taskinstance.py:2330} INFO - Executing <Task(PythonOperator): upload_s3_to_dwh_users> on 2025-07-01 00:00:00+00:00
[2026-02-26T17:55:59.042+0000] {logging_mixin.py:188} WARNING - /home/***/.local/lib/python3.12/site-packages/***/task/task_runner/standard_task_runner.py:62 DeprecationWarning: This process (pid=7003) is multi-threaded, use of fork() may lead to deadlocks in the child.
[2026-02-26T17:55:59.045+0000] {standard_task_runner.py:64} INFO - Started process 7042 to run task
[2026-02-26T17:55:59.055+0000] {standard_task_runner.py:90} INFO - Running: ['***', 'tasks', 'run', 'oltp_s3_dwh', 'upload_s3_to_dwh_users', 'scheduled__2025-07-01T00:00:00+00:00', '--job-id', '1222', '--raw', '--subdir', 'DAGS_FOLDER/oltp_s3_dwh.py', '--cfg-path', '/tmp/tmpjz0jzyxj']
[2026-02-26T17:55:59.093+0000] {standard_task_runner.py:91} INFO - Job 1222: Subtask upload_s3_to_dwh_users
[2026-02-26T17:55:59.272+0000] {task_command.py:426} INFO - Running <TaskInstance: oltp_s3_dwh.upload_s3_to_dwh_users scheduled__2025-07-01T00:00:00+00:00 [running]> on host 31b45edbecf3
[2026-02-26T17:55:59.541+0000] {taskinstance.py:2648} INFO - Exporting env vars: AIRFLOW_CTX_DAG_OWNER='***' AIRFLOW_CTX_DAG_ID='oltp_s3_dwh' AIRFLOW_CTX_TASK_ID='upload_s3_to_dwh_users' AIRFLOW_CTX_EXECUTION_DATE='2025-07-01T00:00:00+00:00' AIRFLOW_CTX_TRY_NUMBER='1' AIRFLOW_CTX_DAG_RUN_ID='scheduled__2025-07-01T00:00:00+00:00'
[2026-02-26T17:55:59.542+0000] {taskinstance.py:430} INFO - ::endgroup::
[2026-02-26T17:55:59.671+0000] {base.py:84} INFO - Using connection ID 'postgres_dwh' for task execution.
[2026-02-26T17:55:59.679+0000] {sql.py:495} INFO - Running statement: SELECT table_schema, table_name FROM information_schema.tables WHERE table_schema = 'staging';, parameters: None
[2026-02-26T17:55:59.683+0000] {sql.py:504} INFO - Rows affected: 9
[2026-02-26T17:55:59.684+0000] {logging_mixin.py:188} INFO - DEBUG: Доступные таблицы в схеме staging: [('staging', 'exchange_rates'), ('staging', 'users'), ('staging', 'accounts'), ('staging', 'dict_merchants'), ('staging', 'transactions'), ('staging', 'cards'), ('staging', 'dict_mcc'), ('staging', 'dict_tariffs'), ('staging', 'dict_regions')]
[2026-02-26T17:55:59.698+0000] {base.py:84} INFO - Using connection ID 'minio_conn_id' for task execution.
[2026-02-26T17:55:59.700+0000] {connection_wrapper.py:384} INFO - AWS Connection (conn_id='minio_conn_id', conn_type='aws') credentials retrieved from login and ***.
[2026-02-26T17:56:01.754+0000] {logging_mixin.py:188} INFO - Файл raw/not_dict/users/2025-07-01/data.parquet не найден в S3. Пропускаем загрузку.
[2026-02-26T17:56:01.773+0000] {python.py:237} INFO - Done. Returned value was: None
[2026-02-26T17:56:01.779+0000] {taskinstance.py:441} INFO - ::group::Post task execution logs
[2026-02-26T17:56:01.837+0000] {taskinstance.py:1206} INFO - Marking task as SUCCESS. dag_id=oltp_s3_dwh, task_id=upload_s3_to_dwh_users, run_id=scheduled__2025-07-01T00:00:00+00:00, execution_date=20250701T000000, start_date=20260226T175558, end_date=20260226T175601
[2026-02-26T17:56:02.022+0000] {local_task_job_runner.py:243} INFO - Task exited with return code 0
[2026-02-26T17:56:02.033+0000] {local_task_job_runner.py:222} INFO - ::endgroup::
[2026-02-27T19:00:59.144+0000] {local_task_job_runner.py:120} INFO - ::group::Pre task execution logs
[2026-02-27T19:00:59.199+0000] {taskinstance.py:2076} INFO - Dependencies all met for dep_context=non-requeueable deps ti=<TaskInstance: oltp_s3_dwh.upload_s3_to_dwh_users scheduled__2025-07-01T00:00:00+00:00 [queued]>
[2026-02-27T19:00:59.266+0000] {taskinstance.py:2076} INFO - Dependencies all met for dep_context=requeueable deps ti=<TaskInstance: oltp_s3_dwh.upload_s3_to_dwh_users scheduled__2025-07-01T00:00:00+00:00 [queued]>
[2026-02-27T19:00:59.267+0000] {taskinstance.py:2306} INFO - Starting attempt 1 of 1
[2026-02-27T19:00:59.307+0000] {taskinstance.py:2330} INFO - Executing <Task(PythonOperator): upload_s3_to_dwh_users> on 2025-07-01 00:00:00+00:00
[2026-02-27T19:00:59.411+0000] {logging_mixin.py:188} WARNING - /home/***/.local/lib/python3.12/site-packages/***/task/task_runner/standard_task_runner.py:62 DeprecationWarning: This process (pid=32544) is multi-threaded, use of fork() may lead to deadlocks in the child.
[2026-02-27T19:00:59.421+0000] {standard_task_runner.py:64} INFO - Started process 32564 to run task
[2026-02-27T19:00:59.431+0000] {standard_task_runner.py:90} INFO - Running: ['***', 'tasks', 'run', 'oltp_s3_dwh', 'upload_s3_to_dwh_users', 'scheduled__2025-07-01T00:00:00+00:00', '--job-id', '1638', '--raw', '--subdir', 'DAGS_FOLDER/oltp_s3_dwh.py', '--cfg-path', '/tmp/tmp8ks8khdx']
[2026-02-27T19:00:59.442+0000] {standard_task_runner.py:91} INFO - Job 1638: Subtask upload_s3_to_dwh_users
[2026-02-27T19:00:59.583+0000] {task_command.py:426} INFO - Running <TaskInstance: oltp_s3_dwh.upload_s3_to_dwh_users scheduled__2025-07-01T00:00:00+00:00 [running]> on host 31b45edbecf3
[2026-02-27T19:00:57.654+0000] {taskinstance.py:2648} INFO - Exporting env vars: AIRFLOW_CTX_DAG_OWNER='***' AIRFLOW_CTX_DAG_ID='oltp_s3_dwh' AIRFLOW_CTX_TASK_ID='upload_s3_to_dwh_users' AIRFLOW_CTX_EXECUTION_DATE='2025-07-01T00:00:00+00:00' AIRFLOW_CTX_TRY_NUMBER='1' AIRFLOW_CTX_DAG_RUN_ID='scheduled__2025-07-01T00:00:00+00:00'
[2026-02-27T19:00:57.658+0000] {taskinstance.py:430} INFO - ::endgroup::
[2026-02-27T19:00:57.792+0000] {base.py:84} INFO - Using connection ID 'postgres_dwh' for task execution.
[2026-02-27T19:00:57.803+0000] {sql.py:495} INFO - Running statement: SELECT table_schema, table_name FROM information_schema.tables WHERE table_schema = 'staging';, parameters: None
[2026-02-27T19:00:57.810+0000] {sql.py:504} INFO - Rows affected: 9
[2026-02-27T19:00:57.824+0000] {logging_mixin.py:188} INFO - DEBUG: Доступные таблицы в схеме staging: [('staging', 'exchange_rates'), ('staging', 'cards'), ('staging', 'users'), ('staging', 'accounts'), ('staging', 'dict_merchants'), ('staging', 'dict_regions'), ('staging', 'dict_mcc'), ('staging', 'transactions'), ('staging', 'dict_tariffs')]
[2026-02-27T19:00:57.839+0000] {base.py:84} INFO - Using connection ID 'minio_conn_id' for task execution.
[2026-02-27T19:00:57.842+0000] {connection_wrapper.py:384} INFO - AWS Connection (conn_id='minio_conn_id', conn_type='aws') credentials retrieved from login and ***.
[2026-02-27T19:00:59.019+0000] {logging_mixin.py:188} INFO - Файл raw/not_dict/users/2025-07-01/data.parquet не найден в S3. Пропускаем загрузку.
[2026-02-27T19:00:59.025+0000] {python.py:237} INFO - Done. Returned value was: None
[2026-02-27T19:00:59.029+0000] {taskinstance.py:441} INFO - ::group::Post task execution logs
[2026-02-27T19:00:59.053+0000] {taskinstance.py:1206} INFO - Marking task as SUCCESS. dag_id=oltp_s3_dwh, task_id=upload_s3_to_dwh_users, run_id=scheduled__2025-07-01T00:00:00+00:00, execution_date=20250701T000000, start_date=20260227T190059, end_date=20260227T190059
[2026-02-27T19:00:59.126+0000] {local_task_job_runner.py:243} INFO - Task exited with return code 0
[2026-02-27T19:00:59.195+0000] {taskinstance.py:3503} INFO - 0 downstream tasks scheduled from follow-on schedule check
[2026-02-27T19:00:59.204+0000] {local_task_job_runner.py:222} INFO - ::endgroup::
