[2026-02-26T17:50:18.545+0000] {local_task_job_runner.py:120} INFO - ::group::Pre task execution logs
[2026-02-26T17:50:18.601+0000] {taskinstance.py:2076} INFO - Dependencies all met for dep_context=non-requeueable deps ti=<TaskInstance: oltp_s3_dwh.upload_s3_to_dwh_dict_tariffs scheduled__2025-01-01T00:00:00+00:00 [queued]>
[2026-02-26T17:50:18.618+0000] {taskinstance.py:2076} INFO - Dependencies all met for dep_context=requeueable deps ti=<TaskInstance: oltp_s3_dwh.upload_s3_to_dwh_dict_tariffs scheduled__2025-01-01T00:00:00+00:00 [queued]>
[2026-02-26T17:50:18.629+0000] {taskinstance.py:2306} INFO - Starting attempt 1 of 1
[2026-02-26T17:50:18.662+0000] {taskinstance.py:2330} INFO - Executing <Task(PythonOperator): upload_s3_to_dwh_dict_tariffs> on 2025-01-01 00:00:00+00:00
[2026-02-26T17:50:18.707+0000] {logging_mixin.py:188} WARNING - /home/***/.local/lib/python3.12/site-packages/***/task/task_runner/standard_task_runner.py:62 DeprecationWarning: This process (pid=6380) is multi-threaded, use of fork() may lead to deadlocks in the child.
[2026-02-26T17:50:18.709+0000] {standard_task_runner.py:64} INFO - Started process 6391 to run task
[2026-02-26T17:50:18.721+0000] {standard_task_runner.py:90} INFO - Running: ['***', 'tasks', 'run', 'oltp_s3_dwh', 'upload_s3_to_dwh_dict_tariffs', 'scheduled__2025-01-01T00:00:00+00:00', '--job-id', '1168', '--raw', '--subdir', 'DAGS_FOLDER/oltp_s3_dwh.py', '--cfg-path', '/tmp/tmp84u8kjo8']
[2026-02-26T17:50:18.729+0000] {standard_task_runner.py:91} INFO - Job 1168: Subtask upload_s3_to_dwh_dict_tariffs
[2026-02-26T17:50:18.920+0000] {task_command.py:426} INFO - Running <TaskInstance: oltp_s3_dwh.upload_s3_to_dwh_dict_tariffs scheduled__2025-01-01T00:00:00+00:00 [running]> on host 31b45edbecf3
[2026-02-26T17:50:19.214+0000] {taskinstance.py:2648} INFO - Exporting env vars: AIRFLOW_CTX_DAG_OWNER='***' AIRFLOW_CTX_DAG_ID='oltp_s3_dwh' AIRFLOW_CTX_TASK_ID='upload_s3_to_dwh_dict_tariffs' AIRFLOW_CTX_EXECUTION_DATE='2025-01-01T00:00:00+00:00' AIRFLOW_CTX_TRY_NUMBER='1' AIRFLOW_CTX_DAG_RUN_ID='scheduled__2025-01-01T00:00:00+00:00'
[2026-02-26T17:50:19.216+0000] {taskinstance.py:430} INFO - ::endgroup::
[2026-02-26T17:50:19.283+0000] {base.py:84} INFO - Using connection ID 'postgres_dwh' for task execution.
[2026-02-26T17:50:19.291+0000] {sql.py:495} INFO - Running statement: SELECT table_schema, table_name FROM information_schema.tables WHERE table_schema = 'staging';, parameters: None
[2026-02-26T17:50:19.303+0000] {sql.py:504} INFO - Rows affected: 9
[2026-02-26T17:50:19.308+0000] {logging_mixin.py:188} INFO - DEBUG: Доступные таблицы в схеме staging: [('staging', 'exchange_rates'), ('staging', 'dict_mcc'), ('staging', 'dict_merchants'), ('staging', 'cards'), ('staging', 'dict_tariffs'), ('staging', 'transactions'), ('staging', 'dict_regions'), ('staging', 'users'), ('staging', 'accounts')]
[2026-02-26T17:50:19.327+0000] {base.py:84} INFO - Using connection ID 'minio_conn_id' for task execution.
[2026-02-26T17:50:19.330+0000] {connection_wrapper.py:384} INFO - AWS Connection (conn_id='minio_conn_id', conn_type='aws') credentials retrieved from login and ***.
[2026-02-26T17:50:19.703+0000] {base.py:84} INFO - Using connection ID 'postgres_dwh' for task execution.
[2026-02-26T17:50:19.729+0000] {logging_mixin.py:188} INFO - Successfully loaded dict_tariffs using copy_expert
[2026-02-26T17:50:19.731+0000] {python.py:237} INFO - Done. Returned value was: None
[2026-02-26T17:50:19.732+0000] {taskinstance.py:441} INFO - ::group::Post task execution logs
[2026-02-26T17:50:19.789+0000] {taskinstance.py:1206} INFO - Marking task as SUCCESS. dag_id=oltp_s3_dwh, task_id=upload_s3_to_dwh_dict_tariffs, run_id=scheduled__2025-01-01T00:00:00+00:00, execution_date=20250101T000000, start_date=20260226T175018, end_date=20260226T175019
[2026-02-26T17:50:19.867+0000] {local_task_job_runner.py:243} INFO - Task exited with return code 0
[2026-02-26T17:50:19.895+0000] {taskinstance.py:3503} INFO - 0 downstream tasks scheduled from follow-on schedule check
[2026-02-26T17:50:19.900+0000] {local_task_job_runner.py:222} INFO - ::endgroup::
[2026-02-27T18:59:05.243+0000] {local_task_job_runner.py:120} INFO - ::group::Pre task execution logs
[2026-02-27T18:59:05.295+0000] {taskinstance.py:2076} INFO - Dependencies all met for dep_context=non-requeueable deps ti=<TaskInstance: oltp_s3_dwh.upload_s3_to_dwh_dict_tariffs scheduled__2025-01-01T00:00:00+00:00 [queued]>
[2026-02-27T18:59:05.323+0000] {taskinstance.py:2076} INFO - Dependencies all met for dep_context=requeueable deps ti=<TaskInstance: oltp_s3_dwh.upload_s3_to_dwh_dict_tariffs scheduled__2025-01-01T00:00:00+00:00 [queued]>
[2026-02-27T18:59:05.324+0000] {taskinstance.py:2306} INFO - Starting attempt 1 of 1
[2026-02-27T18:59:05.387+0000] {taskinstance.py:2330} INFO - Executing <Task(PythonOperator): upload_s3_to_dwh_dict_tariffs> on 2025-01-01 00:00:00+00:00
[2026-02-27T18:59:05.401+0000] {logging_mixin.py:188} WARNING - /home/***/.local/lib/python3.12/site-packages/***/task/task_runner/standard_task_runner.py:62 DeprecationWarning: This process (pid=31813) is multi-threaded, use of fork() may lead to deadlocks in the child.
[2026-02-27T18:59:05.411+0000] {standard_task_runner.py:64} INFO - Started process 31824 to run task
[2026-02-27T18:59:05.418+0000] {standard_task_runner.py:90} INFO - Running: ['***', 'tasks', 'run', 'oltp_s3_dwh', 'upload_s3_to_dwh_dict_tariffs', 'scheduled__2025-01-01T00:00:00+00:00', '--job-id', '1513', '--raw', '--subdir', 'DAGS_FOLDER/oltp_s3_dwh.py', '--cfg-path', '/tmp/tmp6nn8iys7']
[2026-02-27T18:59:05.430+0000] {standard_task_runner.py:91} INFO - Job 1513: Subtask upload_s3_to_dwh_dict_tariffs
[2026-02-27T18:59:05.553+0000] {task_command.py:426} INFO - Running <TaskInstance: oltp_s3_dwh.upload_s3_to_dwh_dict_tariffs scheduled__2025-01-01T00:00:00+00:00 [running]> on host 31b45edbecf3
[2026-02-27T18:59:05.743+0000] {taskinstance.py:2648} INFO - Exporting env vars: AIRFLOW_CTX_DAG_OWNER='***' AIRFLOW_CTX_DAG_ID='oltp_s3_dwh' AIRFLOW_CTX_TASK_ID='upload_s3_to_dwh_dict_tariffs' AIRFLOW_CTX_EXECUTION_DATE='2025-01-01T00:00:00+00:00' AIRFLOW_CTX_TRY_NUMBER='1' AIRFLOW_CTX_DAG_RUN_ID='scheduled__2025-01-01T00:00:00+00:00'
[2026-02-27T18:59:05.745+0000] {taskinstance.py:430} INFO - ::endgroup::
[2026-02-27T18:59:05.815+0000] {base.py:84} INFO - Using connection ID 'postgres_dwh' for task execution.
[2026-02-27T18:59:05.834+0000] {sql.py:495} INFO - Running statement: SELECT table_schema, table_name FROM information_schema.tables WHERE table_schema = 'staging';, parameters: None
[2026-02-27T18:59:05.840+0000] {sql.py:504} INFO - Rows affected: 9
[2026-02-27T18:59:05.844+0000] {logging_mixin.py:188} INFO - DEBUG: Доступные таблицы в схеме staging: [('staging', 'exchange_rates'), ('staging', 'transactions'), ('staging', 'cards'), ('staging', 'dict_merchants'), ('staging', 'dict_mcc'), ('staging', 'accounts'), ('staging', 'dict_tariffs'), ('staging', 'users'), ('staging', 'dict_regions')]
[2026-02-27T18:59:05.859+0000] {base.py:84} INFO - Using connection ID 'minio_conn_id' for task execution.
[2026-02-27T18:59:05.863+0000] {connection_wrapper.py:384} INFO - AWS Connection (conn_id='minio_conn_id', conn_type='aws') credentials retrieved from login and ***.
[2026-02-27T18:59:06.915+0000] {base.py:84} INFO - Using connection ID 'postgres_dwh' for task execution.
[2026-02-27T18:59:06.951+0000] {logging_mixin.py:188} INFO - Successfully loaded dict_tariffs using copy_expert
[2026-02-27T18:59:06.952+0000] {python.py:237} INFO - Done. Returned value was: None
[2026-02-27T18:59:06.953+0000] {taskinstance.py:441} INFO - ::group::Post task execution logs
[2026-02-27T18:59:06.965+0000] {taskinstance.py:1206} INFO - Marking task as SUCCESS. dag_id=oltp_s3_dwh, task_id=upload_s3_to_dwh_dict_tariffs, run_id=scheduled__2025-01-01T00:00:00+00:00, execution_date=20250101T000000, start_date=20260227T185905, end_date=20260227T185906
[2026-02-27T18:59:07.018+0000] {local_task_job_runner.py:243} INFO - Task exited with return code 0
[2026-02-27T18:59:07.038+0000] {local_task_job_runner.py:222} INFO - ::endgroup::
