[2026-02-28T11:47:29.690+0000] {local_task_job_runner.py:120} INFO - ::group::Pre task execution logs
[2026-02-28T11:47:29.796+0000] {taskinstance.py:2076} INFO - Dependencies all met for dep_context=non-requeueable deps ti=<TaskInstance: oltp_s3_dwh.upload_s3_to_dwh_dict_tariffs scheduled__2025-01-01T00:00:00+00:00 [queued]>
[2026-02-28T11:47:29.824+0000] {taskinstance.py:2076} INFO - Dependencies all met for dep_context=requeueable deps ti=<TaskInstance: oltp_s3_dwh.upload_s3_to_dwh_dict_tariffs scheduled__2025-01-01T00:00:00+00:00 [queued]>
[2026-02-28T11:47:29.825+0000] {taskinstance.py:2306} INFO - Starting attempt 5 of 5
[2026-02-28T11:47:29.882+0000] {taskinstance.py:2330} INFO - Executing <Task(PythonOperator): upload_s3_to_dwh_dict_tariffs> on 2025-01-01 00:00:00+00:00
[2026-02-28T11:47:29.935+0000] {logging_mixin.py:188} WARNING - /home/***/.local/lib/python3.12/site-packages/***/task/task_runner/standard_task_runner.py:62 DeprecationWarning: This process (pid=9465) is multi-threaded, use of fork() may lead to deadlocks in the child.
[2026-02-28T11:47:29.940+0000] {standard_task_runner.py:64} INFO - Started process 9485 to run task
[2026-02-28T11:47:29.958+0000] {standard_task_runner.py:90} INFO - Running: ['***', 'tasks', 'run', 'oltp_s3_dwh', 'upload_s3_to_dwh_dict_tariffs', 'scheduled__2025-01-01T00:00:00+00:00', '--job-id', '2087', '--raw', '--subdir', 'DAGS_FOLDER/oltp_s3_dwh.py', '--cfg-path', '/tmp/tmpphiw3col']
[2026-02-28T11:47:29.962+0000] {standard_task_runner.py:91} INFO - Job 2087: Subtask upload_s3_to_dwh_dict_tariffs
[2026-02-28T11:47:30.149+0000] {task_command.py:426} INFO - Running <TaskInstance: oltp_s3_dwh.upload_s3_to_dwh_dict_tariffs scheduled__2025-01-01T00:00:00+00:00 [running]> on host 31b45edbecf3
[2026-02-28T11:47:30.542+0000] {taskinstance.py:2648} INFO - Exporting env vars: AIRFLOW_CTX_DAG_OWNER='***' AIRFLOW_CTX_DAG_ID='oltp_s3_dwh' AIRFLOW_CTX_TASK_ID='upload_s3_to_dwh_dict_tariffs' AIRFLOW_CTX_EXECUTION_DATE='2025-01-01T00:00:00+00:00' AIRFLOW_CTX_TRY_NUMBER='5' AIRFLOW_CTX_DAG_RUN_ID='scheduled__2025-01-01T00:00:00+00:00'
[2026-02-28T11:47:30.544+0000] {taskinstance.py:430} INFO - ::endgroup::
[2026-02-28T11:47:30.784+0000] {base.py:84} INFO - Using connection ID 'postgres_dwh' for task execution.
[2026-02-28T11:47:30.796+0000] {sql.py:495} INFO - Running statement: SELECT table_schema, table_name FROM information_schema.tables WHERE table_schema = 'staging';, parameters: None
[2026-02-28T11:47:30.806+0000] {sql.py:504} INFO - Rows affected: 9
[2026-02-28T11:47:30.811+0000] {logging_mixin.py:188} INFO - DEBUG: Доступные таблицы в схеме staging: [('staging', 'exchange_rates'), ('staging', 'cards'), ('staging', 'users'), ('staging', 'accounts'), ('staging', 'dict_merchants'), ('staging', 'dict_mcc'), ('staging', 'dict_tariffs'), ('staging', 'dict_regions'), ('staging', 'transactions')]
[2026-02-28T11:47:30.887+0000] {base.py:84} INFO - Using connection ID 'minio_conn_id' for task execution.
[2026-02-28T11:47:30.911+0000] {connection_wrapper.py:384} INFO - AWS Connection (conn_id='minio_conn_id', conn_type='aws') credentials retrieved from login and ***.
[2026-02-28T11:47:32.307+0000] {logging_mixin.py:188} INFO - За 2025-01-01 из s3 выгружено 3 строк
[2026-02-28T11:47:32.323+0000] {base.py:84} INFO - Using connection ID 'postgres_dwh' for task execution.
[2026-02-28T11:47:32.341+0000] {logging_mixin.py:188} INFO - Successfully loaded dict_tariffs using copy_expert
[2026-02-28T11:47:32.342+0000] {python.py:237} INFO - Done. Returned value was: None
[2026-02-28T11:47:32.343+0000] {taskinstance.py:441} INFO - ::group::Post task execution logs
[2026-02-28T11:47:32.364+0000] {taskinstance.py:1206} INFO - Marking task as SUCCESS. dag_id=oltp_s3_dwh, task_id=upload_s3_to_dwh_dict_tariffs, run_id=scheduled__2025-01-01T00:00:00+00:00, execution_date=20250101T000000, start_date=20260228T114729, end_date=20260228T114732
[2026-02-28T11:47:32.446+0000] {local_task_job_runner.py:243} INFO - Task exited with return code 0
[2026-02-28T11:47:32.457+0000] {local_task_job_runner.py:222} INFO - ::endgroup::
