[2026-02-26T12:06:56.592+0000] {local_task_job_runner.py:120} INFO - ::group::Pre task execution logs
[2026-02-26T12:06:56.656+0000] {taskinstance.py:2076} INFO - Dependencies all met for dep_context=non-requeueable deps ti=<TaskInstance: oltp_s3_dwh.upload_postgre_to_s3_dict_mcc scheduled__2025-04-01T00:00:00+00:00 [queued]>
[2026-02-26T12:06:56.706+0000] {taskinstance.py:2076} INFO - Dependencies all met for dep_context=requeueable deps ti=<TaskInstance: oltp_s3_dwh.upload_postgre_to_s3_dict_mcc scheduled__2025-04-01T00:00:00+00:00 [queued]>
[2026-02-26T12:06:56.707+0000] {taskinstance.py:2306} INFO - Starting attempt 1 of 1
[2026-02-26T12:06:56.843+0000] {taskinstance.py:2330} INFO - Executing <Task(PythonOperator): upload_postgre_to_s3_dict_mcc> on 2025-04-01 00:00:00+00:00
[2026-02-26T12:06:56.937+0000] {standard_task_runner.py:90} INFO - Running: ['***', 'tasks', 'run', 'oltp_s3_dwh', 'upload_postgre_to_s3_dict_mcc', 'scheduled__2025-04-01T00:00:00+00:00', '--job-id', '1018', '--raw', '--subdir', 'DAGS_FOLDER/oltp_s3_dwh_dict.py', '--cfg-path', '/tmp/tmp21fmailx']
[2026-02-26T12:06:56.941+0000] {standard_task_runner.py:91} INFO - Job 1018: Subtask upload_postgre_to_s3_dict_mcc
[2026-02-26T12:06:56.949+0000] {logging_mixin.py:188} WARNING - /home/***/.local/lib/python3.12/site-packages/***/task/task_runner/standard_task_runner.py:62 DeprecationWarning: This process (pid=4473) is multi-threaded, use of fork() may lead to deadlocks in the child.
[2026-02-26T12:06:56.959+0000] {standard_task_runner.py:64} INFO - Started process 4519 to run task
[2026-02-26T12:06:57.207+0000] {task_command.py:426} INFO - Running <TaskInstance: oltp_s3_dwh.upload_postgre_to_s3_dict_mcc scheduled__2025-04-01T00:00:00+00:00 [running]> on host 31b45edbecf3
[2026-02-26T12:06:57.879+0000] {taskinstance.py:2648} INFO - Exporting env vars: AIRFLOW_CTX_DAG_OWNER='***' AIRFLOW_CTX_DAG_ID='oltp_s3_dwh' AIRFLOW_CTX_TASK_ID='upload_postgre_to_s3_dict_mcc' AIRFLOW_CTX_EXECUTION_DATE='2025-04-01T00:00:00+00:00' AIRFLOW_CTX_TRY_NUMBER='1' AIRFLOW_CTX_DAG_RUN_ID='scheduled__2025-04-01T00:00:00+00:00'
[2026-02-26T12:06:57.891+0000] {taskinstance.py:430} INFO - ::endgroup::
[2026-02-26T12:06:58.072+0000] {base.py:84} INFO - Using connection ID 'postgres_oltp' for task execution.
[2026-02-26T12:06:58.106+0000] {logging_mixin.py:188} WARNING - /home/***/.local/lib/python3.12/site-packages/***/providers/common/sql/hooks/sql.py:269 UserWarning: pandas only supports SQLAlchemy connectable (engine/connection) or database string URI or sqlite3 DBAPI2 connection. Other DBAPI2 objects are not tested. Please consider using SQLAlchemy.
[2026-02-26T12:06:58.412+0000] {base.py:84} INFO - Using connection ID 'minio_conn_id' for task execution.
[2026-02-26T12:06:58.434+0000] {connection_wrapper.py:384} INFO - AWS Connection (conn_id='minio_conn_id', conn_type='aws') credentials retrieved from login and ***.
[2026-02-26T12:07:01.221+0000] {python.py:237} INFO - Done. Returned value was: None
[2026-02-26T12:07:01.223+0000] {taskinstance.py:441} INFO - ::group::Post task execution logs
[2026-02-26T12:07:01.238+0000] {taskinstance.py:1206} INFO - Marking task as SUCCESS. dag_id=oltp_s3_dwh, task_id=upload_postgre_to_s3_dict_mcc, run_id=scheduled__2025-04-01T00:00:00+00:00, execution_date=20250401T000000, start_date=20260226T120656, end_date=20260226T120701
[2026-02-26T12:07:01.493+0000] {local_task_job_runner.py:243} INFO - Task exited with return code 0
[2026-02-26T12:07:01.514+0000] {local_task_job_runner.py:222} INFO - ::endgroup::
[2026-02-27T19:00:18.601+0000] {local_task_job_runner.py:120} INFO - ::group::Pre task execution logs
[2026-02-27T19:00:18.639+0000] {taskinstance.py:2076} INFO - Dependencies all met for dep_context=non-requeueable deps ti=<TaskInstance: oltp_s3_dwh.upload_postgre_to_s3_dict_mcc scheduled__2025-04-01T00:00:00+00:00 [queued]>
[2026-02-27T19:00:18.658+0000] {taskinstance.py:2076} INFO - Dependencies all met for dep_context=requeueable deps ti=<TaskInstance: oltp_s3_dwh.upload_postgre_to_s3_dict_mcc scheduled__2025-04-01T00:00:00+00:00 [queued]>
[2026-02-27T19:00:18.659+0000] {taskinstance.py:2306} INFO - Starting attempt 1 of 1
[2026-02-27T19:00:18.714+0000] {taskinstance.py:2330} INFO - Executing <Task(PythonOperator): upload_postgre_to_s3_dict_mcc> on 2025-04-01 00:00:00+00:00
[2026-02-27T19:00:18.733+0000] {logging_mixin.py:188} WARNING - /home/***/.local/lib/python3.12/site-packages/***/task/task_runner/standard_task_runner.py:62 DeprecationWarning: This process (pid=32186) is multi-threaded, use of fork() may lead to deadlocks in the child.
[2026-02-27T19:00:18.743+0000] {standard_task_runner.py:64} INFO - Started process 32204 to run task
[2026-02-27T19:00:18.743+0000] {standard_task_runner.py:90} INFO - Running: ['***', 'tasks', 'run', 'oltp_s3_dwh', 'upload_postgre_to_s3_dict_mcc', 'scheduled__2025-04-01T00:00:00+00:00', '--job-id', '1569', '--raw', '--subdir', 'DAGS_FOLDER/oltp_s3_dwh.py', '--cfg-path', '/tmp/tmpo2d2gle5']
[2026-02-27T19:00:18.747+0000] {standard_task_runner.py:91} INFO - Job 1569: Subtask upload_postgre_to_s3_dict_mcc
[2026-02-27T19:00:18.885+0000] {task_command.py:426} INFO - Running <TaskInstance: oltp_s3_dwh.upload_postgre_to_s3_dict_mcc scheduled__2025-04-01T00:00:00+00:00 [running]> on host 31b45edbecf3
[2026-02-27T19:00:19.131+0000] {taskinstance.py:2648} INFO - Exporting env vars: AIRFLOW_CTX_DAG_OWNER='***' AIRFLOW_CTX_DAG_ID='oltp_s3_dwh' AIRFLOW_CTX_TASK_ID='upload_postgre_to_s3_dict_mcc' AIRFLOW_CTX_EXECUTION_DATE='2025-04-01T00:00:00+00:00' AIRFLOW_CTX_TRY_NUMBER='1' AIRFLOW_CTX_DAG_RUN_ID='scheduled__2025-04-01T00:00:00+00:00'
[2026-02-27T19:00:19.133+0000] {taskinstance.py:430} INFO - ::endgroup::
[2026-02-27T19:00:19.224+0000] {base.py:84} INFO - Using connection ID 'postgres_oltp' for task execution.
[2026-02-27T19:00:19.267+0000] {logging_mixin.py:188} WARNING - /home/***/.local/lib/python3.12/site-packages/***/providers/common/sql/hooks/sql.py:269 UserWarning: pandas only supports SQLAlchemy connectable (engine/connection) or database string URI or sqlite3 DBAPI2 connection. Other DBAPI2 objects are not tested. Please consider using SQLAlchemy.
[2026-02-27T19:00:19.358+0000] {base.py:84} INFO - Using connection ID 'minio_conn_id' for task execution.
[2026-02-27T19:00:19.365+0000] {connection_wrapper.py:384} INFO - AWS Connection (conn_id='minio_conn_id', conn_type='aws') credentials retrieved from login and ***.
[2026-02-27T19:00:20.364+0000] {python.py:237} INFO - Done. Returned value was: None
[2026-02-27T19:00:20.365+0000] {taskinstance.py:441} INFO - ::group::Post task execution logs
[2026-02-27T19:00:20.378+0000] {taskinstance.py:1206} INFO - Marking task as SUCCESS. dag_id=oltp_s3_dwh, task_id=upload_postgre_to_s3_dict_mcc, run_id=scheduled__2025-04-01T00:00:00+00:00, execution_date=20250401T000000, start_date=20260227T190018, end_date=20260227T190020
[2026-02-27T19:00:20.476+0000] {local_task_job_runner.py:243} INFO - Task exited with return code 0
[2026-02-27T19:00:20.523+0000] {taskinstance.py:3503} INFO - 1 downstream tasks scheduled from follow-on schedule check
[2026-02-27T19:00:20.544+0000] {local_task_job_runner.py:222} INFO - ::endgroup::
