[2026-02-26T17:40:55.169+0000] {local_task_job_runner.py:120} INFO - ::group::Pre task execution logs
[2026-02-26T17:40:55.212+0000] {taskinstance.py:2076} INFO - Dependencies all met for dep_context=non-requeueable deps ti=<TaskInstance: oltp_s3_dwh.upload_s3_to_dwh_accounts manual__2026-02-26T12:02:57.810764+00:00 [queued]>
[2026-02-26T17:40:55.244+0000] {taskinstance.py:2076} INFO - Dependencies all met for dep_context=requeueable deps ti=<TaskInstance: oltp_s3_dwh.upload_s3_to_dwh_accounts manual__2026-02-26T12:02:57.810764+00:00 [queued]>
[2026-02-26T17:40:55.246+0000] {taskinstance.py:2306} INFO - Starting attempt 5 of 5
[2026-02-26T17:40:55.300+0000] {taskinstance.py:2330} INFO - Executing <Task(PythonOperator): upload_s3_to_dwh_accounts> on 2026-02-26 12:02:57.810764+00:00
[2026-02-26T17:40:55.322+0000] {logging_mixin.py:188} WARNING - /home/***/.local/lib/python3.12/site-packages/***/task/task_runner/standard_task_runner.py:62 DeprecationWarning: This process (pid=5715) is multi-threaded, use of fork() may lead to deadlocks in the child.
[2026-02-26T17:40:55.325+0000] {standard_task_runner.py:64} INFO - Started process 5732 to run task
[2026-02-26T17:40:55.357+0000] {standard_task_runner.py:90} INFO - Running: ['***', 'tasks', 'run', 'oltp_s3_dwh', 'upload_s3_to_dwh_accounts', 'manual__2026-02-26T12:02:57.810764+00:00', '--job-id', '1152', '--raw', '--subdir', 'DAGS_FOLDER/oltp_s3_dwh.py', '--cfg-path', '/tmp/tmpukgvgm85']
[2026-02-26T17:40:55.372+0000] {standard_task_runner.py:91} INFO - Job 1152: Subtask upload_s3_to_dwh_accounts
[2026-02-26T17:40:55.596+0000] {task_command.py:426} INFO - Running <TaskInstance: oltp_s3_dwh.upload_s3_to_dwh_accounts manual__2026-02-26T12:02:57.810764+00:00 [running]> on host 31b45edbecf3
[2026-02-26T17:40:56.096+0000] {taskinstance.py:2648} INFO - Exporting env vars: AIRFLOW_CTX_DAG_OWNER='***' AIRFLOW_CTX_DAG_ID='oltp_s3_dwh' AIRFLOW_CTX_TASK_ID='upload_s3_to_dwh_accounts' AIRFLOW_CTX_EXECUTION_DATE='2026-02-26T12:02:57.810764+00:00' AIRFLOW_CTX_TRY_NUMBER='5' AIRFLOW_CTX_DAG_RUN_ID='manual__2026-02-26T12:02:57.810764+00:00'
[2026-02-26T17:40:56.100+0000] {taskinstance.py:430} INFO - ::endgroup::
[2026-02-26T17:40:56.192+0000] {base.py:84} INFO - Using connection ID 'postgres_dwh' for task execution.
[2026-02-26T17:40:56.201+0000] {sql.py:495} INFO - Running statement: SELECT table_schema, table_name FROM information_schema.tables WHERE table_schema = 'staging';, parameters: None
[2026-02-26T17:40:56.207+0000] {sql.py:504} INFO - Rows affected: 9
[2026-02-26T17:40:56.211+0000] {logging_mixin.py:188} INFO - DEBUG: Доступные таблицы в схеме staging: [('staging', 'exchange_rates'), ('staging', 'accounts'), ('staging', 'users'), ('staging', 'dict_merchants'), ('staging', 'dict_regions'), ('staging', 'transactions'), ('staging', 'dict_tariffs'), ('staging', 'dict_mcc'), ('staging', 'cards')]
[2026-02-26T17:40:56.227+0000] {base.py:84} INFO - Using connection ID 'minio_conn_id' for task execution.
[2026-02-26T17:40:56.233+0000] {connection_wrapper.py:384} INFO - AWS Connection (conn_id='minio_conn_id', conn_type='aws') credentials retrieved from login and ***.
[2026-02-26T17:40:57.236+0000] {base.py:84} INFO - Using connection ID 'postgres_dwh' for task execution.
[2026-02-26T17:40:57.300+0000] {logging_mixin.py:188} INFO - Truncating table accounts...
[2026-02-26T17:40:57.336+0000] {logging_mixin.py:188} INFO - Copying data to accounts...
[2026-02-26T17:40:57.536+0000] {logging_mixin.py:188} INFO - Successfully loaded 19848 rows to staging.accounts
[2026-02-26T17:40:57.539+0000] {python.py:237} INFO - Done. Returned value was: None
[2026-02-26T17:40:57.540+0000] {taskinstance.py:441} INFO - ::group::Post task execution logs
[2026-02-26T17:40:57.567+0000] {taskinstance.py:1206} INFO - Marking task as SUCCESS. dag_id=oltp_s3_dwh, task_id=upload_s3_to_dwh_accounts, run_id=manual__2026-02-26T12:02:57.810764+00:00, execution_date=20260226T120257, start_date=20260226T174055, end_date=20260226T174057
[2026-02-26T17:40:57.629+0000] {local_task_job_runner.py:243} INFO - Task exited with return code 0
[2026-02-26T17:40:57.656+0000] {taskinstance.py:3503} INFO - 0 downstream tasks scheduled from follow-on schedule check
[2026-02-26T17:40:57.663+0000] {local_task_job_runner.py:222} INFO - ::endgroup::
