[2026-02-20T12:34:07.816+0000] {local_task_job_runner.py:120} INFO - ::group::Pre task execution logs
[2026-02-20T12:34:07.857+0000] {taskinstance.py:2076} INFO - Dependencies all met for dep_context=non-requeueable deps ti=<TaskInstance: load_cb_courses.extract_cbr scheduled__2025-10-16T00:00:00+00:00 [queued]>
[2026-02-20T12:34:07.875+0000] {taskinstance.py:2076} INFO - Dependencies all met for dep_context=requeueable deps ti=<TaskInstance: load_cb_courses.extract_cbr scheduled__2025-10-16T00:00:00+00:00 [queued]>
[2026-02-20T12:34:07.877+0000] {taskinstance.py:2306} INFO - Starting attempt 1 of 1
[2026-02-20T12:34:07.895+0000] {taskinstance.py:2330} INFO - Executing <Task(PythonOperator): extract_cbr> on 2025-10-16 00:00:00+00:00
[2026-02-20T12:34:07.906+0000] {logging_mixin.py:188} WARNING - /home/***/.local/lib/python3.12/site-packages/***/task/task_runner/standard_task_runner.py:62 DeprecationWarning: This process (pid=7984) is multi-threaded, use of fork() may lead to deadlocks in the child.
[2026-02-20T12:34:07.908+0000] {standard_task_runner.py:64} INFO - Started process 7990 to run task
[2026-02-20T12:34:07.909+0000] {standard_task_runner.py:90} INFO - Running: ['***', 'tasks', 'run', 'load_cb_courses', 'extract_cbr', 'scheduled__2025-10-16T00:00:00+00:00', '--job-id', '579', '--raw', '--subdir', 'DAGS_FOLDER/api_cb.py', '--cfg-path', '/tmp/tmpoa8k0g0m']
[2026-02-20T12:34:07.912+0000] {standard_task_runner.py:91} INFO - Job 579: Subtask extract_cbr
[2026-02-20T12:34:07.991+0000] {task_command.py:426} INFO - Running <TaskInstance: load_cb_courses.extract_cbr scheduled__2025-10-16T00:00:00+00:00 [running]> on host 78aa58ce5a8d
[2026-02-20T12:34:08.112+0000] {taskinstance.py:2648} INFO - Exporting env vars: AIRFLOW_CTX_DAG_OWNER='Umar Mazoriev' AIRFLOW_CTX_DAG_ID='load_cb_courses' AIRFLOW_CTX_TASK_ID='extract_cbr' AIRFLOW_CTX_EXECUTION_DATE='2025-10-16T00:00:00+00:00' AIRFLOW_CTX_TRY_NUMBER='1' AIRFLOW_CTX_DAG_RUN_ID='scheduled__2025-10-16T00:00:00+00:00'
[2026-02-20T12:34:08.114+0000] {taskinstance.py:430} INFO - ::endgroup::
[2026-02-20T12:34:28.584+0000] {taskinstance.py:441} INFO - ::group::Post task execution logs
[2026-02-20T12:34:28.585+0000] {taskinstance.py:2905} ERROR - Task failed with exception
Traceback (most recent call last):
  File "/home/airflow/.local/lib/python3.12/site-packages/urllib3/connection.py", line 203, in _new_conn
    sock = connection.create_connection(
           ^^^^^^^^^^^^^^^^^^^^^^^^^^^^^
  File "/home/airflow/.local/lib/python3.12/site-packages/urllib3/util/connection.py", line 85, in create_connection
    raise err
  File "/home/airflow/.local/lib/python3.12/site-packages/urllib3/util/connection.py", line 73, in create_connection
    sock.connect(sa)
ConnectionRefusedError: [Errno 111] Connection refused

The above exception was the direct cause of the following exception:

Traceback (most recent call last):
  File "/home/airflow/.local/lib/python3.12/site-packages/urllib3/connectionpool.py", line 791, in urlopen
    response = self._make_request(
               ^^^^^^^^^^^^^^^^^^^
  File "/home/airflow/.local/lib/python3.12/site-packages/urllib3/connectionpool.py", line 497, in _make_request
    conn.request(
  File "/home/airflow/.local/lib/python3.12/site-packages/urllib3/connection.py", line 395, in request
    self.endheaders()
  File "/usr/local/lib/python3.12/http/client.py", line 1331, in endheaders
    self._send_output(message_body, encode_chunked=encode_chunked)
  File "/usr/local/lib/python3.12/http/client.py", line 1091, in _send_output
    self.send(msg)
  File "/usr/local/lib/python3.12/http/client.py", line 1035, in send
    self.connect()
  File "/home/airflow/.local/lib/python3.12/site-packages/urllib3/connection.py", line 243, in connect
    self.sock = self._new_conn()
                ^^^^^^^^^^^^^^^^
  File "/home/airflow/.local/lib/python3.12/site-packages/urllib3/connection.py", line 218, in _new_conn
    raise NewConnectionError(
urllib3.exceptions.NewConnectionError: <urllib3.connection.HTTPConnection object at 0x7f6155e80230>: Failed to establish a new connection: [Errno 111] Connection refused

The above exception was the direct cause of the following exception:

Traceback (most recent call last):
  File "/home/airflow/.local/lib/python3.12/site-packages/requests/adapters.py", line 667, in send
    resp = conn.urlopen(
           ^^^^^^^^^^^^^
  File "/home/airflow/.local/lib/python3.12/site-packages/urllib3/connectionpool.py", line 845, in urlopen
    retries = retries.increment(
              ^^^^^^^^^^^^^^^^^^
  File "/home/airflow/.local/lib/python3.12/site-packages/urllib3/util/retry.py", line 515, in increment
    raise MaxRetryError(_pool, url, reason) from reason  # type: ignore[arg-type]
    ^^^^^^^^^^^^^^^^^^^^^^^^^^^^^^^^^^^^^^^^^^^^^^^^^^^
urllib3.exceptions.MaxRetryError: HTTPConnectionPool(host='www.cbr.ru', port=80): Max retries exceeded with url: /scripts/XML_daily.asp?date_req=16/10/2025 (Caused by NewConnectionError('<urllib3.connection.HTTPConnection object at 0x7f6155e80230>: Failed to establish a new connection: [Errno 111] Connection refused'))

During handling of the above exception, another exception occurred:

Traceback (most recent call last):
  File "/home/airflow/.local/lib/python3.12/site-packages/airflow/models/taskinstance.py", line 465, in _execute_task
    result = _execute_callable(context=context, **execute_callable_kwargs)
             ^^^^^^^^^^^^^^^^^^^^^^^^^^^^^^^^^^^^^^^^^^^^^^^^^^^^^^^^^^^^^
  File "/home/airflow/.local/lib/python3.12/site-packages/airflow/models/taskinstance.py", line 432, in _execute_callable
    return execute_callable(context=context, **execute_callable_kwargs)
           ^^^^^^^^^^^^^^^^^^^^^^^^^^^^^^^^^^^^^^^^^^^^^^^^^^^^^^^^^^^^
  File "/home/airflow/.local/lib/python3.12/site-packages/airflow/models/baseoperator.py", line 401, in wrapper
    return func(self, *args, **kwargs)
           ^^^^^^^^^^^^^^^^^^^^^^^^^^^
  File "/home/airflow/.local/lib/python3.12/site-packages/airflow/operators/python.py", line 235, in execute
    return_value = self.execute_callable()
                   ^^^^^^^^^^^^^^^^^^^^^^^
  File "/home/airflow/.local/lib/python3.12/site-packages/airflow/operators/python.py", line 252, in execute_callable
    return self.python_callable(*self.op_args, **self.op_kwargs)
           ^^^^^^^^^^^^^^^^^^^^^^^^^^^^^^^^^^^^^^^^^^^^^^^^^^^^^
  File "/opt/airflow/dags/api_cb.py", line 16, in extract_from_cbr_to_s3
    response = requests.get(url)
               ^^^^^^^^^^^^^^^^^
  File "/home/airflow/.local/lib/python3.12/site-packages/requests/api.py", line 73, in get
    return request("get", url, params=params, **kwargs)
           ^^^^^^^^^^^^^^^^^^^^^^^^^^^^^^^^^^^^^^^^^^^^
  File "/home/airflow/.local/lib/python3.12/site-packages/requests/api.py", line 59, in request
    return session.request(method=method, url=url, **kwargs)
           ^^^^^^^^^^^^^^^^^^^^^^^^^^^^^^^^^^^^^^^^^^^^^^^^^
  File "/home/airflow/.local/lib/python3.12/site-packages/requests/sessions.py", line 589, in request
    resp = self.send(prep, **send_kwargs)
           ^^^^^^^^^^^^^^^^^^^^^^^^^^^^^^
  File "/home/airflow/.local/lib/python3.12/site-packages/requests/sessions.py", line 703, in send
    r = adapter.send(request, **kwargs)
        ^^^^^^^^^^^^^^^^^^^^^^^^^^^^^^^
  File "/home/airflow/.local/lib/python3.12/site-packages/requests/adapters.py", line 700, in send
    raise ConnectionError(e, request=request)
requests.exceptions.ConnectionError: HTTPConnectionPool(host='www.cbr.ru', port=80): Max retries exceeded with url: /scripts/XML_daily.asp?date_req=16/10/2025 (Caused by NewConnectionError('<urllib3.connection.HTTPConnection object at 0x7f6155e80230>: Failed to establish a new connection: [Errno 111] Connection refused'))
[2026-02-20T12:34:28.611+0000] {taskinstance.py:1206} INFO - Marking task as FAILED. dag_id=load_cb_courses, task_id=extract_cbr, run_id=scheduled__2025-10-16T00:00:00+00:00, execution_date=20251016T000000, start_date=20260220T123407, end_date=20260220T123428
[2026-02-20T12:34:28.631+0000] {standard_task_runner.py:110} ERROR - Failed to execute job 579 for task extract_cbr (HTTPConnectionPool(host='www.cbr.ru', port=80): Max retries exceeded with url: /scripts/XML_daily.asp?date_req=16/10/2025 (Caused by NewConnectionError('<urllib3.connection.HTTPConnection object at 0x7f6155e80230>: Failed to establish a new connection: [Errno 111] Connection refused')); 7990)
[2026-02-20T12:34:28.644+0000] {local_task_job_runner.py:243} INFO - Task exited with return code 1
[2026-02-20T12:34:28.668+0000] {taskinstance.py:3503} INFO - 0 downstream tasks scheduled from follow-on schedule check
[2026-02-20T12:34:28.674+0000] {local_task_job_runner.py:222} INFO - ::endgroup::
