[2026-02-27T10:29:46.399+0000] {local_task_job_runner.py:120} INFO - ::group::Pre task execution logs
[2026-02-27T10:29:46.437+0000] {taskinstance.py:2076} INFO - Dependencies all met for dep_context=non-requeueable deps ti=<TaskInstance: staging_to_core.wait_for_dict_merchants scheduled__2025-02-01T00:00:00+00:00 [queued]>
[2026-02-27T10:29:46.446+0000] {taskinstance.py:2076} INFO - Dependencies all met for dep_context=requeueable deps ti=<TaskInstance: staging_to_core.wait_for_dict_merchants scheduled__2025-02-01T00:00:00+00:00 [queued]>
[2026-02-27T10:29:46.447+0000] {taskinstance.py:2306} INFO - Starting attempt 1 of 1
[2026-02-27T10:29:46.462+0000] {taskinstance.py:2330} INFO - Executing <Task(ExternalTaskSensor): wait_for_dict_merchants> on 2025-02-01 00:00:00+00:00
[2026-02-27T10:29:46.470+0000] {standard_task_runner.py:90} INFO - Running: ['***', 'tasks', 'run', 'staging_to_core', 'wait_for_dict_merchants', 'scheduled__2025-02-01T00:00:00+00:00', '--job-id', '1315', '--raw', '--subdir', 'DAGS_FOLDER/staging_to_core.py', '--cfg-path', '/tmp/tmpv3zpgkeq']
[2026-02-27T10:29:46.472+0000] {logging_mixin.py:188} WARNING - /home/***/.local/lib/python3.12/site-packages/***/task/task_runner/standard_task_runner.py:62 DeprecationWarning: This process (pid=9085) is multi-threaded, use of fork() may lead to deadlocks in the child.
[2026-02-27T10:29:46.473+0000] {standard_task_runner.py:91} INFO - Job 1315: Subtask wait_for_dict_merchants
[2026-02-27T10:29:46.473+0000] {standard_task_runner.py:64} INFO - Started process 9086 to run task
[2026-02-27T10:29:46.541+0000] {task_command.py:426} INFO - Running <TaskInstance: staging_to_core.wait_for_dict_merchants scheduled__2025-02-01T00:00:00+00:00 [running]> on host 31b45edbecf3
[2026-02-27T10:29:46.663+0000] {taskinstance.py:2648} INFO - Exporting env vars: AIRFLOW_CTX_DAG_OWNER='***' AIRFLOW_CTX_DAG_ID='staging_to_core' AIRFLOW_CTX_TASK_ID='wait_for_dict_merchants' AIRFLOW_CTX_EXECUTION_DATE='2025-02-01T00:00:00+00:00' AIRFLOW_CTX_TRY_NUMBER='1' AIRFLOW_CTX_DAG_RUN_ID='scheduled__2025-02-01T00:00:00+00:00'
[2026-02-27T10:29:46.665+0000] {taskinstance.py:430} INFO - ::endgroup::
[2026-02-27T10:29:46.689+0000] {baseoperator.py:400} WARNING - ExternalTaskSensor.execute cannot be called outside TaskInstance!
[2026-02-27T10:29:46.705+0000] {external_task.py:258} INFO - Poking for tasks ['upload_s3_to_dwh_dict_merchants'] in dag oltp_s3_dwh on 2025-02-01T00:00:00+00:00 ... 
[2026-02-27T10:29:46.708+0000] {logging_mixin.py:188} WARNING - /home/***/.local/lib/python3.12/site-packages/***/utils/session.py:79 DeprecationWarning: This method is deprecated and will be removed in future.
[2026-02-27T10:29:46.722+0000] {base.py:294} INFO - Success criteria met. Exiting.
[2026-02-27T10:29:46.723+0000] {taskinstance.py:441} INFO - ::group::Post task execution logs
[2026-02-27T10:29:46.737+0000] {taskinstance.py:1206} INFO - Marking task as SUCCESS. dag_id=staging_to_core, task_id=wait_for_dict_merchants, run_id=scheduled__2025-02-01T00:00:00+00:00, execution_date=20250201T000000, start_date=20260227T102946, end_date=20260227T102946
[2026-02-27T10:29:46.770+0000] {local_task_job_runner.py:243} INFO - Task exited with return code 0
[2026-02-27T10:29:46.788+0000] {logging_mixin.py:188} WARNING - /home/***/.local/lib/python3.12/site-packages/***/models/baseoperator.py:1297 AirflowProviderDeprecationWarning: Call to deprecated class PostgresOperator. (Please use `***.providers.common.sql.operators.sql.SQLExecuteQueryOperator`.Also, you can provide `hook_params={'schema': <database>}`.)
[2026-02-27T10:29:46.828+0000] {taskinstance.py:3503} INFO - 1 downstream tasks scheduled from follow-on schedule check
[2026-02-27T10:29:46.833+0000] {local_task_job_runner.py:222} INFO - ::endgroup::
[2026-02-27T19:01:08.573+0000] {local_task_job_runner.py:120} INFO - ::group::Pre task execution logs
[2026-02-27T19:01:08.721+0000] {taskinstance.py:2076} INFO - Dependencies all met for dep_context=non-requeueable deps ti=<TaskInstance: staging_to_core.wait_for_dict_merchants scheduled__2025-02-01T00:00:00+00:00 [queued]>
[2026-02-27T19:01:08.778+0000] {taskinstance.py:2076} INFO - Dependencies all met for dep_context=requeueable deps ti=<TaskInstance: staging_to_core.wait_for_dict_merchants scheduled__2025-02-01T00:00:00+00:00 [queued]>
[2026-02-27T19:01:08.780+0000] {taskinstance.py:2306} INFO - Starting attempt 1 of 1
[2026-02-27T19:01:08.846+0000] {taskinstance.py:2330} INFO - Executing <Task(ExternalTaskSensor): wait_for_dict_merchants> on 2025-02-01 00:00:00+00:00
[2026-02-27T19:01:08.863+0000] {logging_mixin.py:188} WARNING - /home/***/.local/lib/python3.12/site-packages/***/task/task_runner/standard_task_runner.py:62 DeprecationWarning: This process (pid=32641) is multi-threaded, use of fork() may lead to deadlocks in the child.
[2026-02-27T19:01:08.871+0000] {standard_task_runner.py:64} INFO - Started process 32660 to run task
[2026-02-27T19:01:08.880+0000] {standard_task_runner.py:90} INFO - Running: ['***', 'tasks', 'run', 'staging_to_core', 'wait_for_dict_merchants', 'scheduled__2025-02-01T00:00:00+00:00', '--job-id', '1659', '--raw', '--subdir', 'DAGS_FOLDER/staging_to_core.py', '--cfg-path', '/tmp/tmpl_njvzkr']
[2026-02-27T19:01:08.886+0000] {standard_task_runner.py:91} INFO - Job 1659: Subtask wait_for_dict_merchants
[2026-02-27T19:01:09.011+0000] {task_command.py:426} INFO - Running <TaskInstance: staging_to_core.wait_for_dict_merchants scheduled__2025-02-01T00:00:00+00:00 [running]> on host 31b45edbecf3
[2026-02-27T19:01:09.264+0000] {taskinstance.py:2648} INFO - Exporting env vars: AIRFLOW_CTX_DAG_OWNER='***' AIRFLOW_CTX_DAG_ID='staging_to_core' AIRFLOW_CTX_TASK_ID='wait_for_dict_merchants' AIRFLOW_CTX_EXECUTION_DATE='2025-02-01T00:00:00+00:00' AIRFLOW_CTX_TRY_NUMBER='1' AIRFLOW_CTX_DAG_RUN_ID='scheduled__2025-02-01T00:00:00+00:00'
[2026-02-27T19:01:09.265+0000] {taskinstance.py:430} INFO - ::endgroup::
[2026-02-27T19:01:09.319+0000] {baseoperator.py:400} WARNING - ExternalTaskSensor.execute cannot be called outside TaskInstance!
[2026-02-27T19:01:09.342+0000] {external_task.py:258} INFO - Poking for tasks ['upload_s3_to_dwh_dict_merchants'] in dag oltp_s3_dwh on 2025-02-01T00:00:00+00:00 ... 
[2026-02-27T19:01:09.345+0000] {logging_mixin.py:188} WARNING - /home/***/.local/lib/python3.12/site-packages/***/utils/session.py:79 DeprecationWarning: This method is deprecated and will be removed in future.
[2026-02-27T19:01:09.418+0000] {base.py:294} INFO - Success criteria met. Exiting.
[2026-02-27T19:01:09.419+0000] {taskinstance.py:441} INFO - ::group::Post task execution logs
[2026-02-27T19:01:09.449+0000] {taskinstance.py:1206} INFO - Marking task as SUCCESS. dag_id=staging_to_core, task_id=wait_for_dict_merchants, run_id=scheduled__2025-02-01T00:00:00+00:00, execution_date=20250201T000000, start_date=20260227T190108, end_date=20260227T190109
[2026-02-27T19:01:09.500+0000] {local_task_job_runner.py:243} INFO - Task exited with return code 0
[2026-02-27T19:01:09.516+0000] {logging_mixin.py:188} WARNING - /home/***/.local/lib/python3.12/site-packages/***/models/baseoperator.py:1297 AirflowProviderDeprecationWarning: Call to deprecated class PostgresOperator. (Please use `***.providers.common.sql.operators.sql.SQLExecuteQueryOperator`.Also, you can provide `hook_params={'schema': <database>}`.)
[2026-02-27T19:01:09.572+0000] {taskinstance.py:3503} INFO - 1 downstream tasks scheduled from follow-on schedule check
[2026-02-27T19:01:09.578+0000] {local_task_job_runner.py:222} INFO - ::endgroup::
