[2026-02-26T17:56:28.978+0000] {local_task_job_runner.py:120} INFO - ::group::Pre task execution logs
[2026-02-26T17:56:29.054+0000] {taskinstance.py:2076} INFO - Dependencies all met for dep_context=non-requeueable deps ti=<TaskInstance: oltp_s3_dwh.upload_s3_to_dwh_dict_mcc scheduled__2026-01-01T00:00:00+00:00 [queued]>
[2026-02-26T17:56:29.125+0000] {taskinstance.py:2076} INFO - Dependencies all met for dep_context=requeueable deps ti=<TaskInstance: oltp_s3_dwh.upload_s3_to_dwh_dict_mcc scheduled__2026-01-01T00:00:00+00:00 [queued]>
[2026-02-26T17:56:29.126+0000] {taskinstance.py:2306} INFO - Starting attempt 1 of 1
[2026-02-26T17:56:29.223+0000] {taskinstance.py:2330} INFO - Executing <Task(PythonOperator): upload_s3_to_dwh_dict_mcc> on 2026-01-01 00:00:00+00:00
[2026-02-26T17:56:29.293+0000] {standard_task_runner.py:90} INFO - Running: ['***', 'tasks', 'run', 'oltp_s3_dwh', 'upload_s3_to_dwh_dict_mcc', 'scheduled__2026-01-01T00:00:00+00:00', '--job-id', '1267', '--raw', '--subdir', 'DAGS_FOLDER/oltp_s3_dwh.py', '--cfg-path', '/tmp/tmp6vie3les']
[2026-02-26T17:56:29.303+0000] {standard_task_runner.py:91} INFO - Job 1267: Subtask upload_s3_to_dwh_dict_mcc
[2026-02-26T17:56:29.296+0000] {logging_mixin.py:188} WARNING - /home/***/.local/lib/python3.12/site-packages/***/task/task_runner/standard_task_runner.py:62 DeprecationWarning: This process (pid=7325) is multi-threaded, use of fork() may lead to deadlocks in the child.
[2026-02-26T17:56:29.314+0000] {standard_task_runner.py:64} INFO - Started process 7389 to run task
[2026-02-26T17:56:29.501+0000] {task_command.py:426} INFO - Running <TaskInstance: oltp_s3_dwh.upload_s3_to_dwh_dict_mcc scheduled__2026-01-01T00:00:00+00:00 [running]> on host 31b45edbecf3
[2026-02-26T17:56:29.835+0000] {taskinstance.py:2648} INFO - Exporting env vars: AIRFLOW_CTX_DAG_OWNER='***' AIRFLOW_CTX_DAG_ID='oltp_s3_dwh' AIRFLOW_CTX_TASK_ID='upload_s3_to_dwh_dict_mcc' AIRFLOW_CTX_EXECUTION_DATE='2026-01-01T00:00:00+00:00' AIRFLOW_CTX_TRY_NUMBER='1' AIRFLOW_CTX_DAG_RUN_ID='scheduled__2026-01-01T00:00:00+00:00'
[2026-02-26T17:56:29.838+0000] {taskinstance.py:430} INFO - ::endgroup::
[2026-02-26T17:56:29.927+0000] {base.py:84} INFO - Using connection ID 'postgres_dwh' for task execution.
[2026-02-26T17:56:29.935+0000] {sql.py:495} INFO - Running statement: SELECT table_schema, table_name FROM information_schema.tables WHERE table_schema = 'staging';, parameters: None
[2026-02-26T17:56:29.938+0000] {sql.py:504} INFO - Rows affected: 9
[2026-02-26T17:56:29.939+0000] {logging_mixin.py:188} INFO - DEBUG: Доступные таблицы в схеме staging: [('staging', 'exchange_rates'), ('staging', 'users'), ('staging', 'accounts'), ('staging', 'dict_regions'), ('staging', 'transactions'), ('staging', 'dict_mcc'), ('staging', 'cards'), ('staging', 'dict_tariffs'), ('staging', 'dict_merchants')]
[2026-02-26T17:56:29.965+0000] {base.py:84} INFO - Using connection ID 'minio_conn_id' for task execution.
[2026-02-26T17:56:29.967+0000] {connection_wrapper.py:384} INFO - AWS Connection (conn_id='minio_conn_id', conn_type='aws') credentials retrieved from login and ***.
[2026-02-26T17:56:32.817+0000] {base.py:84} INFO - Using connection ID 'postgres_dwh' for task execution.
[2026-02-26T17:56:32.847+0000] {logging_mixin.py:188} INFO - Successfully loaded dict_mcc using copy_expert
[2026-02-26T17:56:32.850+0000] {python.py:237} INFO - Done. Returned value was: None
[2026-02-26T17:56:32.853+0000] {taskinstance.py:441} INFO - ::group::Post task execution logs
[2026-02-26T17:56:32.880+0000] {taskinstance.py:1206} INFO - Marking task as SUCCESS. dag_id=oltp_s3_dwh, task_id=upload_s3_to_dwh_dict_mcc, run_id=scheduled__2026-01-01T00:00:00+00:00, execution_date=20260101T000000, start_date=20260226T175629, end_date=20260226T175632
[2026-02-26T17:56:32.977+0000] {local_task_job_runner.py:243} INFO - Task exited with return code 0
[2026-02-26T17:56:33.004+0000] {local_task_job_runner.py:222} INFO - ::endgroup::
[2026-02-27T19:02:10.256+0000] {local_task_job_runner.py:120} INFO - ::group::Pre task execution logs
[2026-02-27T19:02:10.334+0000] {taskinstance.py:2076} INFO - Dependencies all met for dep_context=non-requeueable deps ti=<TaskInstance: oltp_s3_dwh.upload_s3_to_dwh_dict_mcc scheduled__2026-01-01T00:00:00+00:00 [queued]>
[2026-02-27T19:02:10.379+0000] {taskinstance.py:2076} INFO - Dependencies all met for dep_context=requeueable deps ti=<TaskInstance: oltp_s3_dwh.upload_s3_to_dwh_dict_mcc scheduled__2026-01-01T00:00:00+00:00 [queued]>
[2026-02-27T19:02:10.382+0000] {taskinstance.py:2306} INFO - Starting attempt 1 of 1
[2026-02-27T19:02:10.511+0000] {taskinstance.py:2330} INFO - Executing <Task(PythonOperator): upload_s3_to_dwh_dict_mcc> on 2026-01-01 00:00:00+00:00
[2026-02-27T19:02:10.542+0000] {logging_mixin.py:188} WARNING - /home/***/.local/lib/python3.12/site-packages/***/task/task_runner/standard_task_runner.py:62 DeprecationWarning: This process (pid=33197) is multi-threaded, use of fork() may lead to deadlocks in the child.
[2026-02-27T19:02:10.545+0000] {standard_task_runner.py:64} INFO - Started process 33210 to run task
[2026-02-27T19:02:10.575+0000] {standard_task_runner.py:90} INFO - Running: ['***', 'tasks', 'run', 'oltp_s3_dwh', 'upload_s3_to_dwh_dict_mcc', 'scheduled__2026-01-01T00:00:00+00:00', '--job-id', '1774', '--raw', '--subdir', 'DAGS_FOLDER/oltp_s3_dwh.py', '--cfg-path', '/tmp/tmpxrgc8x1z']
[2026-02-27T19:02:10.585+0000] {standard_task_runner.py:91} INFO - Job 1774: Subtask upload_s3_to_dwh_dict_mcc
[2026-02-27T19:02:10.749+0000] {task_command.py:426} INFO - Running <TaskInstance: oltp_s3_dwh.upload_s3_to_dwh_dict_mcc scheduled__2026-01-01T00:00:00+00:00 [running]> on host 31b45edbecf3
[2026-02-27T19:02:10.995+0000] {taskinstance.py:2648} INFO - Exporting env vars: AIRFLOW_CTX_DAG_OWNER='***' AIRFLOW_CTX_DAG_ID='oltp_s3_dwh' AIRFLOW_CTX_TASK_ID='upload_s3_to_dwh_dict_mcc' AIRFLOW_CTX_EXECUTION_DATE='2026-01-01T00:00:00+00:00' AIRFLOW_CTX_TRY_NUMBER='1' AIRFLOW_CTX_DAG_RUN_ID='scheduled__2026-01-01T00:00:00+00:00'
[2026-02-27T19:02:10.997+0000] {taskinstance.py:430} INFO - ::endgroup::
[2026-02-27T19:02:11.051+0000] {base.py:84} INFO - Using connection ID 'postgres_dwh' for task execution.
[2026-02-27T19:02:11.062+0000] {sql.py:495} INFO - Running statement: SELECT table_schema, table_name FROM information_schema.tables WHERE table_schema = 'staging';, parameters: None
[2026-02-27T19:02:11.068+0000] {sql.py:504} INFO - Rows affected: 9
[2026-02-27T19:02:11.072+0000] {logging_mixin.py:188} INFO - DEBUG: Доступные таблицы в схеме staging: [('staging', 'exchange_rates'), ('staging', 'cards'), ('staging', 'users'), ('staging', 'accounts'), ('staging', 'dict_regions'), ('staging', 'dict_mcc'), ('staging', 'dict_tariffs'), ('staging', 'dict_merchants'), ('staging', 'transactions')]
[2026-02-27T19:02:11.116+0000] {base.py:84} INFO - Using connection ID 'minio_conn_id' for task execution.
[2026-02-27T19:02:11.117+0000] {connection_wrapper.py:384} INFO - AWS Connection (conn_id='minio_conn_id', conn_type='aws') credentials retrieved from login and ***.
[2026-02-27T19:02:12.187+0000] {base.py:84} INFO - Using connection ID 'postgres_dwh' for task execution.
[2026-02-27T19:02:12.230+0000] {logging_mixin.py:188} INFO - Successfully loaded dict_mcc using copy_expert
[2026-02-27T19:02:12.233+0000] {python.py:237} INFO - Done. Returned value was: None
[2026-02-27T19:02:12.234+0000] {taskinstance.py:441} INFO - ::group::Post task execution logs
[2026-02-27T19:02:12.246+0000] {taskinstance.py:1206} INFO - Marking task as SUCCESS. dag_id=oltp_s3_dwh, task_id=upload_s3_to_dwh_dict_mcc, run_id=scheduled__2026-01-01T00:00:00+00:00, execution_date=20260101T000000, start_date=20260227T190210, end_date=20260227T190212
[2026-02-27T19:02:12.313+0000] {local_task_job_runner.py:243} INFO - Task exited with return code 0
[2026-02-27T19:02:12.331+0000] {local_task_job_runner.py:222} INFO - ::endgroup::
