[2026-02-26T12:06:56.712+0000] {local_task_job_runner.py:120} INFO - ::group::Pre task execution logs
[2026-02-26T12:06:56.833+0000] {taskinstance.py:2076} INFO - Dependencies all met for dep_context=non-requeueable deps ti=<TaskInstance: oltp_s3_dwh.upload_postgre_to_s3_accounts scheduled__2025-04-01T00:00:00+00:00 [queued]>
[2026-02-26T12:06:56.948+0000] {taskinstance.py:2076} INFO - Dependencies all met for dep_context=requeueable deps ti=<TaskInstance: oltp_s3_dwh.upload_postgre_to_s3_accounts scheduled__2025-04-01T00:00:00+00:00 [queued]>
[2026-02-26T12:06:56.950+0000] {taskinstance.py:2306} INFO - Starting attempt 1 of 1
[2026-02-26T12:06:57.011+0000] {taskinstance.py:2330} INFO - Executing <Task(PythonOperator): upload_postgre_to_s3_accounts> on 2025-04-01 00:00:00+00:00
[2026-02-26T12:06:57.070+0000] {logging_mixin.py:188} WARNING - /home/***/.local/lib/python3.12/site-packages/***/task/task_runner/standard_task_runner.py:62 DeprecationWarning: This process (pid=4482) is multi-threaded, use of fork() may lead to deadlocks in the child.
[2026-02-26T12:06:57.080+0000] {standard_task_runner.py:64} INFO - Started process 4520 to run task
[2026-02-26T12:06:57.087+0000] {standard_task_runner.py:90} INFO - Running: ['***', 'tasks', 'run', 'oltp_s3_dwh', 'upload_postgre_to_s3_accounts', 'scheduled__2025-04-01T00:00:00+00:00', '--job-id', '1019', '--raw', '--subdir', 'DAGS_FOLDER/oltp_s3_dwh_dict.py', '--cfg-path', '/tmp/tmp4lmtfsbo']
[2026-02-26T12:06:57.104+0000] {standard_task_runner.py:91} INFO - Job 1019: Subtask upload_postgre_to_s3_accounts
[2026-02-26T12:06:57.355+0000] {task_command.py:426} INFO - Running <TaskInstance: oltp_s3_dwh.upload_postgre_to_s3_accounts scheduled__2025-04-01T00:00:00+00:00 [running]> on host 31b45edbecf3
[2026-02-26T12:06:57.880+0000] {taskinstance.py:2648} INFO - Exporting env vars: AIRFLOW_CTX_DAG_OWNER='***' AIRFLOW_CTX_DAG_ID='oltp_s3_dwh' AIRFLOW_CTX_TASK_ID='upload_postgre_to_s3_accounts' AIRFLOW_CTX_EXECUTION_DATE='2025-04-01T00:00:00+00:00' AIRFLOW_CTX_TRY_NUMBER='1' AIRFLOW_CTX_DAG_RUN_ID='scheduled__2025-04-01T00:00:00+00:00'
[2026-02-26T12:06:57.883+0000] {taskinstance.py:430} INFO - ::endgroup::
[2026-02-26T12:06:57.945+0000] {base.py:84} INFO - Using connection ID 'postgres_oltp' for task execution.
[2026-02-26T12:06:57.986+0000] {logging_mixin.py:188} WARNING - /home/***/.local/lib/python3.12/site-packages/***/providers/common/sql/hooks/sql.py:269 UserWarning: pandas only supports SQLAlchemy connectable (engine/connection) or database string URI or sqlite3 DBAPI2 connection. Other DBAPI2 objects are not tested. Please consider using SQLAlchemy.
[2026-02-26T12:06:58.056+0000] {logging_mixin.py:188} INFO - В таблице accounts нет данных
[2026-02-26T12:06:58.065+0000] {python.py:237} INFO - Done. Returned value was: None
[2026-02-26T12:06:58.066+0000] {taskinstance.py:441} INFO - ::group::Post task execution logs
[2026-02-26T12:06:58.090+0000] {taskinstance.py:1206} INFO - Marking task as SUCCESS. dag_id=oltp_s3_dwh, task_id=upload_postgre_to_s3_accounts, run_id=scheduled__2025-04-01T00:00:00+00:00, execution_date=20250401T000000, start_date=20260226T120656, end_date=20260226T120658
[2026-02-26T12:06:58.238+0000] {local_task_job_runner.py:243} INFO - Task exited with return code 0
[2026-02-26T12:06:58.371+0000] {taskinstance.py:3503} INFO - 0 downstream tasks scheduled from follow-on schedule check
[2026-02-26T12:06:58.379+0000] {local_task_job_runner.py:222} INFO - ::endgroup::
[2026-02-27T19:00:17.853+0000] {local_task_job_runner.py:120} INFO - ::group::Pre task execution logs
[2026-02-27T19:00:17.904+0000] {taskinstance.py:2076} INFO - Dependencies all met for dep_context=non-requeueable deps ti=<TaskInstance: oltp_s3_dwh.upload_postgre_to_s3_accounts scheduled__2025-04-01T00:00:00+00:00 [queued]>
[2026-02-27T19:00:17.947+0000] {taskinstance.py:2076} INFO - Dependencies all met for dep_context=requeueable deps ti=<TaskInstance: oltp_s3_dwh.upload_postgre_to_s3_accounts scheduled__2025-04-01T00:00:00+00:00 [queued]>
[2026-02-27T19:00:17.957+0000] {taskinstance.py:2306} INFO - Starting attempt 1 of 1
[2026-02-27T19:00:18.027+0000] {taskinstance.py:2330} INFO - Executing <Task(PythonOperator): upload_postgre_to_s3_accounts> on 2025-04-01 00:00:00+00:00
[2026-02-27T19:00:18.059+0000] {logging_mixin.py:188} WARNING - /home/***/.local/lib/python3.12/site-packages/***/task/task_runner/standard_task_runner.py:62 DeprecationWarning: This process (pid=32188) is multi-threaded, use of fork() may lead to deadlocks in the child.
[2026-02-27T19:00:18.068+0000] {standard_task_runner.py:90} INFO - Running: ['***', 'tasks', 'run', 'oltp_s3_dwh', 'upload_postgre_to_s3_accounts', 'scheduled__2025-04-01T00:00:00+00:00', '--job-id', '1565', '--raw', '--subdir', 'DAGS_FOLDER/oltp_s3_dwh.py', '--cfg-path', '/tmp/tmp3ps1_kqv']
[2026-02-27T19:00:18.069+0000] {standard_task_runner.py:64} INFO - Started process 32201 to run task
[2026-02-27T19:00:18.082+0000] {standard_task_runner.py:91} INFO - Job 1565: Subtask upload_postgre_to_s3_accounts
[2026-02-27T19:00:18.244+0000] {task_command.py:426} INFO - Running <TaskInstance: oltp_s3_dwh.upload_postgre_to_s3_accounts scheduled__2025-04-01T00:00:00+00:00 [running]> on host 31b45edbecf3
[2026-02-27T19:00:18.498+0000] {taskinstance.py:2648} INFO - Exporting env vars: AIRFLOW_CTX_DAG_OWNER='***' AIRFLOW_CTX_DAG_ID='oltp_s3_dwh' AIRFLOW_CTX_TASK_ID='upload_postgre_to_s3_accounts' AIRFLOW_CTX_EXECUTION_DATE='2025-04-01T00:00:00+00:00' AIRFLOW_CTX_TRY_NUMBER='1' AIRFLOW_CTX_DAG_RUN_ID='scheduled__2025-04-01T00:00:00+00:00'
[2026-02-27T19:00:18.503+0000] {taskinstance.py:430} INFO - ::endgroup::
[2026-02-27T19:00:18.560+0000] {base.py:84} INFO - Using connection ID 'postgres_oltp' for task execution.
[2026-02-27T19:00:18.597+0000] {logging_mixin.py:188} WARNING - /home/***/.local/lib/python3.12/site-packages/***/providers/common/sql/hooks/sql.py:269 UserWarning: pandas only supports SQLAlchemy connectable (engine/connection) or database string URI or sqlite3 DBAPI2 connection. Other DBAPI2 objects are not tested. Please consider using SQLAlchemy.
[2026-02-27T19:00:18.644+0000] {logging_mixin.py:188} INFO - В таблице accounts нет данных
[2026-02-27T19:00:18.645+0000] {python.py:237} INFO - Done. Returned value was: None
[2026-02-27T19:00:18.649+0000] {taskinstance.py:441} INFO - ::group::Post task execution logs
[2026-02-27T19:00:18.667+0000] {taskinstance.py:1206} INFO - Marking task as SUCCESS. dag_id=oltp_s3_dwh, task_id=upload_postgre_to_s3_accounts, run_id=scheduled__2025-04-01T00:00:00+00:00, execution_date=20250401T000000, start_date=20260227T190017, end_date=20260227T190018
[2026-02-27T19:00:18.746+0000] {local_task_job_runner.py:243} INFO - Task exited with return code 0
[2026-02-27T19:00:18.816+0000] {taskinstance.py:3503} INFO - 1 downstream tasks scheduled from follow-on schedule check
[2026-02-27T19:00:18.827+0000] {local_task_job_runner.py:222} INFO - ::endgroup::
