[2026-02-26T12:06:51.462+0000] {local_task_job_runner.py:120} INFO - ::group::Pre task execution logs
[2026-02-26T12:06:51.500+0000] {taskinstance.py:2076} INFO - Dependencies all met for dep_context=non-requeueable deps ti=<TaskInstance: oltp_s3_dwh.upload_postgre_to_s3_accounts scheduled__2025-03-01T00:00:00+00:00 [queued]>
[2026-02-26T12:06:51.524+0000] {taskinstance.py:2076} INFO - Dependencies all met for dep_context=requeueable deps ti=<TaskInstance: oltp_s3_dwh.upload_postgre_to_s3_accounts scheduled__2025-03-01T00:00:00+00:00 [queued]>
[2026-02-26T12:06:51.526+0000] {taskinstance.py:2306} INFO - Starting attempt 1 of 1
[2026-02-26T12:06:51.690+0000] {taskinstance.py:2330} INFO - Executing <Task(PythonOperator): upload_postgre_to_s3_accounts> on 2025-03-01 00:00:00+00:00
[2026-02-26T12:06:51.782+0000] {logging_mixin.py:188} WARNING - /home/***/.local/lib/python3.12/site-packages/***/task/task_runner/standard_task_runner.py:62 DeprecationWarning: This process (pid=4444) is multi-threaded, use of fork() may lead to deadlocks in the child.
[2026-02-26T12:06:51.808+0000] {standard_task_runner.py:64} INFO - Started process 4459 to run task
[2026-02-26T12:06:51.811+0000] {standard_task_runner.py:90} INFO - Running: ['***', 'tasks', 'run', 'oltp_s3_dwh', 'upload_postgre_to_s3_accounts', 'scheduled__2025-03-01T00:00:00+00:00', '--job-id', '1007', '--raw', '--subdir', 'DAGS_FOLDER/oltp_s3_dwh_dict.py', '--cfg-path', '/tmp/tmpzplh904j']
[2026-02-26T12:06:51.824+0000] {standard_task_runner.py:91} INFO - Job 1007: Subtask upload_postgre_to_s3_accounts
[2026-02-26T12:06:52.095+0000] {task_command.py:426} INFO - Running <TaskInstance: oltp_s3_dwh.upload_postgre_to_s3_accounts scheduled__2025-03-01T00:00:00+00:00 [running]> on host 31b45edbecf3
[2026-02-26T12:06:52.333+0000] {taskinstance.py:2648} INFO - Exporting env vars: AIRFLOW_CTX_DAG_OWNER='***' AIRFLOW_CTX_DAG_ID='oltp_s3_dwh' AIRFLOW_CTX_TASK_ID='upload_postgre_to_s3_accounts' AIRFLOW_CTX_EXECUTION_DATE='2025-03-01T00:00:00+00:00' AIRFLOW_CTX_TRY_NUMBER='1' AIRFLOW_CTX_DAG_RUN_ID='scheduled__2025-03-01T00:00:00+00:00'
[2026-02-26T12:06:52.336+0000] {taskinstance.py:430} INFO - ::endgroup::
[2026-02-26T12:06:52.392+0000] {base.py:84} INFO - Using connection ID 'postgres_oltp' for task execution.
[2026-02-26T12:06:52.441+0000] {logging_mixin.py:188} WARNING - /home/***/.local/lib/python3.12/site-packages/***/providers/common/sql/hooks/sql.py:269 UserWarning: pandas only supports SQLAlchemy connectable (engine/connection) or database string URI or sqlite3 DBAPI2 connection. Other DBAPI2 objects are not tested. Please consider using SQLAlchemy.
[2026-02-26T12:06:52.460+0000] {logging_mixin.py:188} INFO - В таблице accounts нет данных
[2026-02-26T12:06:52.462+0000] {python.py:237} INFO - Done. Returned value was: None
[2026-02-26T12:06:52.463+0000] {taskinstance.py:441} INFO - ::group::Post task execution logs
[2026-02-26T12:06:52.492+0000] {taskinstance.py:1206} INFO - Marking task as SUCCESS. dag_id=oltp_s3_dwh, task_id=upload_postgre_to_s3_accounts, run_id=scheduled__2025-03-01T00:00:00+00:00, execution_date=20250301T000000, start_date=20260226T120651, end_date=20260226T120652
[2026-02-26T12:06:52.557+0000] {local_task_job_runner.py:243} INFO - Task exited with return code 0
[2026-02-26T12:06:52.584+0000] {taskinstance.py:3503} INFO - 0 downstream tasks scheduled from follow-on schedule check
[2026-02-26T12:06:52.592+0000] {local_task_job_runner.py:222} INFO - ::endgroup::
[2026-02-27T19:00:05.808+0000] {local_task_job_runner.py:120} INFO - ::group::Pre task execution logs
[2026-02-27T19:00:05.892+0000] {taskinstance.py:2076} INFO - Dependencies all met for dep_context=non-requeueable deps ti=<TaskInstance: oltp_s3_dwh.upload_postgre_to_s3_accounts scheduled__2025-03-01T00:00:00+00:00 [queued]>
[2026-02-27T19:00:05.941+0000] {taskinstance.py:2076} INFO - Dependencies all met for dep_context=requeueable deps ti=<TaskInstance: oltp_s3_dwh.upload_postgre_to_s3_accounts scheduled__2025-03-01T00:00:00+00:00 [queued]>
[2026-02-27T19:00:05.942+0000] {taskinstance.py:2306} INFO - Starting attempt 1 of 1
[2026-02-27T19:00:06.004+0000] {taskinstance.py:2330} INFO - Executing <Task(PythonOperator): upload_postgre_to_s3_accounts> on 2025-03-01 00:00:00+00:00
[2026-02-27T19:00:06.021+0000] {logging_mixin.py:188} WARNING - /home/***/.local/lib/python3.12/site-packages/***/task/task_runner/standard_task_runner.py:62 DeprecationWarning: This process (pid=32103) is multi-threaded, use of fork() may lead to deadlocks in the child.
[2026-02-27T19:00:06.026+0000] {standard_task_runner.py:64} INFO - Started process 32115 to run task
[2026-02-27T19:00:06.032+0000] {standard_task_runner.py:90} INFO - Running: ['***', 'tasks', 'run', 'oltp_s3_dwh', 'upload_postgre_to_s3_accounts', 'scheduled__2025-03-01T00:00:00+00:00', '--job-id', '1550', '--raw', '--subdir', 'DAGS_FOLDER/oltp_s3_dwh.py', '--cfg-path', '/tmp/tmp1hnxa27c']
[2026-02-27T19:00:06.038+0000] {standard_task_runner.py:91} INFO - Job 1550: Subtask upload_postgre_to_s3_accounts
[2026-02-27T19:00:06.273+0000] {task_command.py:426} INFO - Running <TaskInstance: oltp_s3_dwh.upload_postgre_to_s3_accounts scheduled__2025-03-01T00:00:00+00:00 [running]> on host 31b45edbecf3
[2026-02-27T19:00:06.630+0000] {taskinstance.py:2648} INFO - Exporting env vars: AIRFLOW_CTX_DAG_OWNER='***' AIRFLOW_CTX_DAG_ID='oltp_s3_dwh' AIRFLOW_CTX_TASK_ID='upload_postgre_to_s3_accounts' AIRFLOW_CTX_EXECUTION_DATE='2025-03-01T00:00:00+00:00' AIRFLOW_CTX_TRY_NUMBER='1' AIRFLOW_CTX_DAG_RUN_ID='scheduled__2025-03-01T00:00:00+00:00'
[2026-02-27T19:00:06.632+0000] {taskinstance.py:430} INFO - ::endgroup::
[2026-02-27T19:00:06.695+0000] {base.py:84} INFO - Using connection ID 'postgres_oltp' for task execution.
[2026-02-27T19:00:06.722+0000] {logging_mixin.py:188} WARNING - /home/***/.local/lib/python3.12/site-packages/***/providers/common/sql/hooks/sql.py:269 UserWarning: pandas only supports SQLAlchemy connectable (engine/connection) or database string URI or sqlite3 DBAPI2 connection. Other DBAPI2 objects are not tested. Please consider using SQLAlchemy.
[2026-02-27T19:00:06.765+0000] {logging_mixin.py:188} INFO - В таблице accounts нет данных
[2026-02-27T19:00:06.772+0000] {python.py:237} INFO - Done. Returned value was: None
[2026-02-27T19:00:06.774+0000] {taskinstance.py:441} INFO - ::group::Post task execution logs
[2026-02-27T19:00:06.797+0000] {taskinstance.py:1206} INFO - Marking task as SUCCESS. dag_id=oltp_s3_dwh, task_id=upload_postgre_to_s3_accounts, run_id=scheduled__2025-03-01T00:00:00+00:00, execution_date=20250301T000000, start_date=20260227T190005, end_date=20260227T190006
[2026-02-27T19:00:06.872+0000] {local_task_job_runner.py:243} INFO - Task exited with return code 0
[2026-02-27T19:00:06.899+0000] {local_task_job_runner.py:222} INFO - ::endgroup::
