[2026-02-27T10:32:35.659+0000] {local_task_job_runner.py:120} INFO - ::group::Pre task execution logs
[2026-02-27T10:32:35.711+0000] {taskinstance.py:2076} INFO - Dependencies all met for dep_context=non-requeueable deps ti=<TaskInstance: staging_to_core.transform_dict_regions_to_core scheduled__2025-11-01T00:00:00+00:00 [queued]>
[2026-02-27T10:32:35.724+0000] {taskinstance.py:2076} INFO - Dependencies all met for dep_context=requeueable deps ti=<TaskInstance: staging_to_core.transform_dict_regions_to_core scheduled__2025-11-01T00:00:00+00:00 [queued]>
[2026-02-27T10:32:35.724+0000] {taskinstance.py:2306} INFO - Starting attempt 1 of 1
[2026-02-27T10:32:35.740+0000] {taskinstance.py:2330} INFO - Executing <Task(PostgresOperator): transform_dict_regions_to_core> on 2025-11-01 00:00:00+00:00
[2026-02-27T10:32:35.747+0000] {logging_mixin.py:188} WARNING - /home/***/.local/lib/python3.12/site-packages/***/task/task_runner/standard_task_runner.py:62 DeprecationWarning: This process (pid=9554) is multi-threaded, use of fork() may lead to deadlocks in the child.
[2026-02-27T10:32:35.749+0000] {standard_task_runner.py:64} INFO - Started process 9559 to run task
[2026-02-27T10:32:35.748+0000] {standard_task_runner.py:90} INFO - Running: ['***', 'tasks', 'run', 'staging_to_core', 'transform_dict_regions_to_core', 'scheduled__2025-11-01T00:00:00+00:00', '--job-id', '1454', '--raw', '--subdir', 'DAGS_FOLDER/staging_to_core.py', '--cfg-path', '/tmp/tmpsebvd04h']
[2026-02-27T10:32:35.750+0000] {standard_task_runner.py:91} INFO - Job 1454: Subtask transform_dict_regions_to_core
[2026-02-27T10:32:35.807+0000] {task_command.py:426} INFO - Running <TaskInstance: staging_to_core.transform_dict_regions_to_core scheduled__2025-11-01T00:00:00+00:00 [running]> on host 31b45edbecf3
[2026-02-27T10:32:35.896+0000] {taskinstance.py:2648} INFO - Exporting env vars: AIRFLOW_CTX_DAG_OWNER='***' AIRFLOW_CTX_DAG_ID='staging_to_core' AIRFLOW_CTX_TASK_ID='transform_dict_regions_to_core' AIRFLOW_CTX_EXECUTION_DATE='2025-11-01T00:00:00+00:00' AIRFLOW_CTX_TRY_NUMBER='1' AIRFLOW_CTX_DAG_RUN_ID='scheduled__2025-11-01T00:00:00+00:00'
[2026-02-27T10:32:35.897+0000] {taskinstance.py:430} INFO - ::endgroup::
[2026-02-27T10:32:35.913+0000] {sql.py:282} INFO - Executing: 
                    INSERT INTO core.dict_regions
                    SELECT * FROM staging.dict_regions
                    ON CONFLICT (region_id) 
                    DO UPDATE SET
                        region_name = EXCLUDED.region_name, city = EXCLUDED.city, timezone = EXCLUDED.timezone;
                
[2026-02-27T10:32:35.923+0000] {base.py:84} INFO - Using connection ID 'postgres_dwh' for task execution.
[2026-02-27T10:32:35.933+0000] {base.py:84} INFO - Using connection ID 'postgres_dwh' for task execution.
[2026-02-27T10:32:35.939+0000] {sql.py:495} INFO - Running statement: 
                    INSERT INTO core.dict_regions
                    SELECT * FROM staging.dict_regions
                    ON CONFLICT (region_id) 
                    DO UPDATE SET
                        region_name = EXCLUDED.region_name, city = EXCLUDED.city, timezone = EXCLUDED.timezone;
                , parameters: None
[2026-02-27T10:32:35.941+0000] {sql.py:504} INFO - Rows affected: 24
[2026-02-27T10:32:35.944+0000] {taskinstance.py:441} INFO - ::group::Post task execution logs
[2026-02-27T10:32:35.953+0000] {taskinstance.py:1206} INFO - Marking task as SUCCESS. dag_id=staging_to_core, task_id=transform_dict_regions_to_core, run_id=scheduled__2025-11-01T00:00:00+00:00, execution_date=20251101T000000, start_date=20260227T103235, end_date=20260227T103235
[2026-02-27T10:32:36.006+0000] {local_task_job_runner.py:243} INFO - Task exited with return code 0
[2026-02-27T10:32:36.019+0000] {logging_mixin.py:188} WARNING - /home/***/.local/lib/python3.12/site-packages/***/models/baseoperator.py:1297 AirflowProviderDeprecationWarning: Call to deprecated class PostgresOperator. (Please use `***.providers.common.sql.operators.sql.SQLExecuteQueryOperator`.Also, you can provide `hook_params={'schema': <database>}`.)
[2026-02-27T10:32:36.050+0000] {taskinstance.py:3503} INFO - 1 downstream tasks scheduled from follow-on schedule check
[2026-02-27T10:32:36.064+0000] {local_task_job_runner.py:222} INFO - ::endgroup::
[2026-02-27T19:04:31.528+0000] {local_task_job_runner.py:120} INFO - ::group::Pre task execution logs
[2026-02-27T19:04:31.569+0000] {taskinstance.py:2076} INFO - Dependencies all met for dep_context=non-requeueable deps ti=<TaskInstance: staging_to_core.transform_dict_regions_to_core scheduled__2025-11-01T00:00:00+00:00 [queued]>
[2026-02-27T19:04:31.580+0000] {taskinstance.py:2076} INFO - Dependencies all met for dep_context=requeueable deps ti=<TaskInstance: staging_to_core.transform_dict_regions_to_core scheduled__2025-11-01T00:00:00+00:00 [queued]>
[2026-02-27T19:04:31.581+0000] {taskinstance.py:2306} INFO - Starting attempt 1 of 1
[2026-02-27T19:04:31.595+0000] {taskinstance.py:2330} INFO - Executing <Task(PostgresOperator): transform_dict_regions_to_core> on 2025-11-01 00:00:00+00:00
[2026-02-27T19:04:31.603+0000] {logging_mixin.py:188} WARNING - /home/***/.local/lib/python3.12/site-packages/***/task/task_runner/standard_task_runner.py:62 DeprecationWarning: This process (pid=33619) is multi-threaded, use of fork() may lead to deadlocks in the child.
[2026-02-27T19:04:31.604+0000] {standard_task_runner.py:64} INFO - Started process 33620 to run task
[2026-02-27T19:04:31.603+0000] {standard_task_runner.py:90} INFO - Running: ['***', 'tasks', 'run', 'staging_to_core', 'transform_dict_regions_to_core', 'scheduled__2025-11-01T00:00:00+00:00', '--job-id', '1886', '--raw', '--subdir', 'DAGS_FOLDER/staging_to_core.py', '--cfg-path', '/tmp/tmpqth2rc7e']
[2026-02-27T19:04:31.606+0000] {standard_task_runner.py:91} INFO - Job 1886: Subtask transform_dict_regions_to_core
[2026-02-27T19:04:31.660+0000] {task_command.py:426} INFO - Running <TaskInstance: staging_to_core.transform_dict_regions_to_core scheduled__2025-11-01T00:00:00+00:00 [running]> on host 31b45edbecf3
[2026-02-27T19:04:31.764+0000] {taskinstance.py:2648} INFO - Exporting env vars: AIRFLOW_CTX_DAG_OWNER='***' AIRFLOW_CTX_DAG_ID='staging_to_core' AIRFLOW_CTX_TASK_ID='transform_dict_regions_to_core' AIRFLOW_CTX_EXECUTION_DATE='2025-11-01T00:00:00+00:00' AIRFLOW_CTX_TRY_NUMBER='1' AIRFLOW_CTX_DAG_RUN_ID='scheduled__2025-11-01T00:00:00+00:00'
[2026-02-27T19:04:31.766+0000] {taskinstance.py:430} INFO - ::endgroup::
[2026-02-27T19:04:31.787+0000] {sql.py:282} INFO - Executing: 
                    INSERT INTO core.dict_regions
                    SELECT * FROM staging.dict_regions
                    ON CONFLICT (region_id) 
                    DO UPDATE SET
                        region_name = EXCLUDED.region_name, city = EXCLUDED.city, timezone = EXCLUDED.timezone;
                
[2026-02-27T19:04:31.798+0000] {base.py:84} INFO - Using connection ID 'postgres_dwh' for task execution.
[2026-02-27T19:04:31.810+0000] {base.py:84} INFO - Using connection ID 'postgres_dwh' for task execution.
[2026-02-27T19:04:31.817+0000] {sql.py:495} INFO - Running statement: 
                    INSERT INTO core.dict_regions
                    SELECT * FROM staging.dict_regions
                    ON CONFLICT (region_id) 
                    DO UPDATE SET
                        region_name = EXCLUDED.region_name, city = EXCLUDED.city, timezone = EXCLUDED.timezone;
                , parameters: None
[2026-02-27T19:04:31.819+0000] {sql.py:504} INFO - Rows affected: 3
[2026-02-27T19:04:31.822+0000] {taskinstance.py:441} INFO - ::group::Post task execution logs
[2026-02-27T19:04:31.834+0000] {taskinstance.py:1206} INFO - Marking task as SUCCESS. dag_id=staging_to_core, task_id=transform_dict_regions_to_core, run_id=scheduled__2025-11-01T00:00:00+00:00, execution_date=20251101T000000, start_date=20260227T190431, end_date=20260227T190431
[2026-02-27T19:04:31.862+0000] {local_task_job_runner.py:243} INFO - Task exited with return code 0
[2026-02-27T19:04:31.878+0000] {logging_mixin.py:188} WARNING - /home/***/.local/lib/python3.12/site-packages/***/models/baseoperator.py:1297 AirflowProviderDeprecationWarning: Call to deprecated class PostgresOperator. (Please use `***.providers.common.sql.operators.sql.SQLExecuteQueryOperator`.Also, you can provide `hook_params={'schema': <database>}`.)
[2026-02-27T19:04:31.910+0000] {taskinstance.py:3503} INFO - 1 downstream tasks scheduled from follow-on schedule check
[2026-02-27T19:04:31.915+0000] {local_task_job_runner.py:222} INFO - ::endgroup::
