[2026-02-26T17:56:16.878+0000] {local_task_job_runner.py:120} INFO - ::group::Pre task execution logs
[2026-02-26T17:56:16.953+0000] {taskinstance.py:2076} INFO - Dependencies all met for dep_context=non-requeueable deps ti=<TaskInstance: oltp_s3_dwh.upload_s3_to_dwh_users scheduled__2025-11-01T00:00:00+00:00 [queued]>
[2026-02-26T17:56:16.981+0000] {taskinstance.py:2076} INFO - Dependencies all met for dep_context=requeueable deps ti=<TaskInstance: oltp_s3_dwh.upload_s3_to_dwh_users scheduled__2025-11-01T00:00:00+00:00 [queued]>
[2026-02-26T17:56:16.991+0000] {taskinstance.py:2306} INFO - Starting attempt 1 of 1
[2026-02-26T17:56:17.085+0000] {taskinstance.py:2330} INFO - Executing <Task(PythonOperator): upload_s3_to_dwh_users> on 2025-11-01 00:00:00+00:00
[2026-02-26T17:56:17.142+0000] {standard_task_runner.py:90} INFO - Running: ['***', 'tasks', 'run', 'oltp_s3_dwh', 'upload_s3_to_dwh_users', 'scheduled__2025-11-01T00:00:00+00:00', '--job-id', '1247', '--raw', '--subdir', 'DAGS_FOLDER/oltp_s3_dwh.py', '--cfg-path', '/tmp/tmpz1b9ov2_']
[2026-02-26T17:56:17.171+0000] {standard_task_runner.py:91} INFO - Job 1247: Subtask upload_s3_to_dwh_users
[2026-02-26T17:56:17.179+0000] {logging_mixin.py:188} WARNING - /home/***/.local/lib/python3.12/site-packages/***/task/task_runner/standard_task_runner.py:62 DeprecationWarning: This process (pid=7204) is multi-threaded, use of fork() may lead to deadlocks in the child.
[2026-02-26T17:56:17.183+0000] {standard_task_runner.py:64} INFO - Started process 7238 to run task
[2026-02-26T17:56:17.478+0000] {task_command.py:426} INFO - Running <TaskInstance: oltp_s3_dwh.upload_s3_to_dwh_users scheduled__2025-11-01T00:00:00+00:00 [running]> on host 31b45edbecf3
[2026-02-26T17:56:18.240+0000] {taskinstance.py:2648} INFO - Exporting env vars: AIRFLOW_CTX_DAG_OWNER='***' AIRFLOW_CTX_DAG_ID='oltp_s3_dwh' AIRFLOW_CTX_TASK_ID='upload_s3_to_dwh_users' AIRFLOW_CTX_EXECUTION_DATE='2025-11-01T00:00:00+00:00' AIRFLOW_CTX_TRY_NUMBER='1' AIRFLOW_CTX_DAG_RUN_ID='scheduled__2025-11-01T00:00:00+00:00'
[2026-02-26T17:56:18.244+0000] {taskinstance.py:430} INFO - ::endgroup::
[2026-02-26T17:56:18.405+0000] {base.py:84} INFO - Using connection ID 'postgres_dwh' for task execution.
[2026-02-26T17:56:18.416+0000] {sql.py:495} INFO - Running statement: SELECT table_schema, table_name FROM information_schema.tables WHERE table_schema = 'staging';, parameters: None
[2026-02-26T17:56:18.429+0000] {sql.py:504} INFO - Rows affected: 9
[2026-02-26T17:56:18.439+0000] {logging_mixin.py:188} INFO - DEBUG: Доступные таблицы в схеме staging: [('staging', 'exchange_rates'), ('staging', 'users'), ('staging', 'accounts'), ('staging', 'transactions'), ('staging', 'dict_regions'), ('staging', 'dict_tariffs'), ('staging', 'dict_merchants'), ('staging', 'cards'), ('staging', 'dict_mcc')]
[2026-02-26T17:56:18.470+0000] {base.py:84} INFO - Using connection ID 'minio_conn_id' for task execution.
[2026-02-26T17:56:18.471+0000] {connection_wrapper.py:384} INFO - AWS Connection (conn_id='minio_conn_id', conn_type='aws') credentials retrieved from login and ***.
[2026-02-26T17:56:20.686+0000] {logging_mixin.py:188} INFO - Файл raw/not_dict/users/2025-11-01/data.parquet не найден в S3. Пропускаем загрузку.
[2026-02-26T17:56:20.691+0000] {python.py:237} INFO - Done. Returned value was: None
[2026-02-26T17:56:20.712+0000] {taskinstance.py:441} INFO - ::group::Post task execution logs
[2026-02-26T17:56:20.739+0000] {taskinstance.py:1206} INFO - Marking task as SUCCESS. dag_id=oltp_s3_dwh, task_id=upload_s3_to_dwh_users, run_id=scheduled__2025-11-01T00:00:00+00:00, execution_date=20251101T000000, start_date=20260226T175616, end_date=20260226T175620
[2026-02-26T17:56:20.865+0000] {local_task_job_runner.py:243} INFO - Task exited with return code 0
[2026-02-26T17:56:20.909+0000] {taskinstance.py:3503} INFO - 0 downstream tasks scheduled from follow-on schedule check
[2026-02-26T17:56:20.923+0000] {local_task_job_runner.py:222} INFO - ::endgroup::
[2026-02-27T19:01:46.381+0000] {local_task_job_runner.py:120} INFO - ::group::Pre task execution logs
[2026-02-27T19:01:46.416+0000] {taskinstance.py:2076} INFO - Dependencies all met for dep_context=non-requeueable deps ti=<TaskInstance: oltp_s3_dwh.upload_s3_to_dwh_users scheduled__2025-11-01T00:00:00+00:00 [queued]>
[2026-02-27T19:01:46.477+0000] {taskinstance.py:2076} INFO - Dependencies all met for dep_context=requeueable deps ti=<TaskInstance: oltp_s3_dwh.upload_s3_to_dwh_users scheduled__2025-11-01T00:00:00+00:00 [queued]>
[2026-02-27T19:01:46.480+0000] {taskinstance.py:2306} INFO - Starting attempt 1 of 1
[2026-02-27T19:01:46.595+0000] {taskinstance.py:2330} INFO - Executing <Task(PythonOperator): upload_s3_to_dwh_users> on 2025-11-01 00:00:00+00:00
[2026-02-27T19:01:46.701+0000] {logging_mixin.py:188} WARNING - /home/***/.local/lib/python3.12/site-packages/***/task/task_runner/standard_task_runner.py:62 DeprecationWarning: This process (pid=32974) is multi-threaded, use of fork() may lead to deadlocks in the child.
[2026-02-27T19:01:46.705+0000] {standard_task_runner.py:64} INFO - Started process 32991 to run task
[2026-02-27T19:01:46.833+0000] {standard_task_runner.py:90} INFO - Running: ['***', 'tasks', 'run', 'oltp_s3_dwh', 'upload_s3_to_dwh_users', 'scheduled__2025-11-01T00:00:00+00:00', '--job-id', '1728', '--raw', '--subdir', 'DAGS_FOLDER/oltp_s3_dwh.py', '--cfg-path', '/tmp/tmpa9nv8fvb']
[2026-02-27T19:01:46.848+0000] {standard_task_runner.py:91} INFO - Job 1728: Subtask upload_s3_to_dwh_users
[2026-02-27T19:01:47.172+0000] {task_command.py:426} INFO - Running <TaskInstance: oltp_s3_dwh.upload_s3_to_dwh_users scheduled__2025-11-01T00:00:00+00:00 [running]> on host 31b45edbecf3
[2026-02-27T19:01:47.592+0000] {taskinstance.py:2648} INFO - Exporting env vars: AIRFLOW_CTX_DAG_OWNER='***' AIRFLOW_CTX_DAG_ID='oltp_s3_dwh' AIRFLOW_CTX_TASK_ID='upload_s3_to_dwh_users' AIRFLOW_CTX_EXECUTION_DATE='2025-11-01T00:00:00+00:00' AIRFLOW_CTX_TRY_NUMBER='1' AIRFLOW_CTX_DAG_RUN_ID='scheduled__2025-11-01T00:00:00+00:00'
[2026-02-27T19:01:47.595+0000] {taskinstance.py:430} INFO - ::endgroup::
[2026-02-27T19:01:47.702+0000] {base.py:84} INFO - Using connection ID 'postgres_dwh' for task execution.
[2026-02-27T19:01:47.725+0000] {sql.py:495} INFO - Running statement: SELECT table_schema, table_name FROM information_schema.tables WHERE table_schema = 'staging';, parameters: None
[2026-02-27T19:01:47.731+0000] {sql.py:504} INFO - Rows affected: 9
[2026-02-27T19:01:47.733+0000] {logging_mixin.py:188} INFO - DEBUG: Доступные таблицы в схеме staging: [('staging', 'exchange_rates'), ('staging', 'cards'), ('staging', 'users'), ('staging', 'accounts'), ('staging', 'dict_regions'), ('staging', 'dict_tariffs'), ('staging', 'dict_merchants'), ('staging', 'dict_mcc'), ('staging', 'transactions')]
[2026-02-27T19:01:47.754+0000] {base.py:84} INFO - Using connection ID 'minio_conn_id' for task execution.
[2026-02-27T19:01:47.756+0000] {connection_wrapper.py:384} INFO - AWS Connection (conn_id='minio_conn_id', conn_type='aws') credentials retrieved from login and ***.
[2026-02-27T19:01:48.539+0000] {logging_mixin.py:188} INFO - Файл raw/not_dict/users/2025-11-01/data.parquet не найден в S3. Пропускаем загрузку.
[2026-02-27T19:01:48.548+0000] {python.py:237} INFO - Done. Returned value was: None
[2026-02-27T19:01:48.550+0000] {taskinstance.py:441} INFO - ::group::Post task execution logs
[2026-02-27T19:01:48.579+0000] {taskinstance.py:1206} INFO - Marking task as SUCCESS. dag_id=oltp_s3_dwh, task_id=upload_s3_to_dwh_users, run_id=scheduled__2025-11-01T00:00:00+00:00, execution_date=20251101T000000, start_date=20260227T190146, end_date=20260227T190148
[2026-02-27T19:01:48.644+0000] {local_task_job_runner.py:243} INFO - Task exited with return code 0
[2026-02-27T19:01:48.694+0000] {taskinstance.py:3503} INFO - 0 downstream tasks scheduled from follow-on schedule check
[2026-02-27T19:01:48.700+0000] {local_task_job_runner.py:222} INFO - ::endgroup::
