[2026-02-26T17:56:17.200+0000] {local_task_job_runner.py:120} INFO - ::group::Pre task execution logs
[2026-02-26T17:56:17.312+0000] {taskinstance.py:2076} INFO - Dependencies all met for dep_context=non-requeueable deps ti=<TaskInstance: oltp_s3_dwh.upload_s3_to_dwh_accounts scheduled__2025-11-01T00:00:00+00:00 [queued]>
[2026-02-26T17:56:17.393+0000] {taskinstance.py:2076} INFO - Dependencies all met for dep_context=requeueable deps ti=<TaskInstance: oltp_s3_dwh.upload_s3_to_dwh_accounts scheduled__2025-11-01T00:00:00+00:00 [queued]>
[2026-02-26T17:56:17.399+0000] {taskinstance.py:2306} INFO - Starting attempt 1 of 1
[2026-02-26T17:56:17.550+0000] {taskinstance.py:2330} INFO - Executing <Task(PythonOperator): upload_s3_to_dwh_accounts> on 2025-11-01 00:00:00+00:00
[2026-02-26T17:56:17.596+0000] {logging_mixin.py:188} WARNING - /home/***/.local/lib/python3.12/site-packages/***/task/task_runner/standard_task_runner.py:62 DeprecationWarning: This process (pid=7203) is multi-threaded, use of fork() may lead to deadlocks in the child.
[2026-02-26T17:56:17.600+0000] {standard_task_runner.py:64} INFO - Started process 7246 to run task
[2026-02-26T17:56:17.630+0000] {standard_task_runner.py:90} INFO - Running: ['***', 'tasks', 'run', 'oltp_s3_dwh', 'upload_s3_to_dwh_accounts', 'scheduled__2025-11-01T00:00:00+00:00', '--job-id', '1249', '--raw', '--subdir', 'DAGS_FOLDER/oltp_s3_dwh.py', '--cfg-path', '/tmp/tmp683g35h6']
[2026-02-26T17:56:17.689+0000] {standard_task_runner.py:91} INFO - Job 1249: Subtask upload_s3_to_dwh_accounts
[2026-02-26T17:56:18.061+0000] {task_command.py:426} INFO - Running <TaskInstance: oltp_s3_dwh.upload_s3_to_dwh_accounts scheduled__2025-11-01T00:00:00+00:00 [running]> on host 31b45edbecf3
[2026-02-26T17:56:18.569+0000] {taskinstance.py:2648} INFO - Exporting env vars: AIRFLOW_CTX_DAG_OWNER='***' AIRFLOW_CTX_DAG_ID='oltp_s3_dwh' AIRFLOW_CTX_TASK_ID='upload_s3_to_dwh_accounts' AIRFLOW_CTX_EXECUTION_DATE='2025-11-01T00:00:00+00:00' AIRFLOW_CTX_TRY_NUMBER='1' AIRFLOW_CTX_DAG_RUN_ID='scheduled__2025-11-01T00:00:00+00:00'
[2026-02-26T17:56:18.571+0000] {taskinstance.py:430} INFO - ::endgroup::
[2026-02-26T17:56:18.693+0000] {base.py:84} INFO - Using connection ID 'postgres_dwh' for task execution.
[2026-02-26T17:56:18.704+0000] {sql.py:495} INFO - Running statement: SELECT table_schema, table_name FROM information_schema.tables WHERE table_schema = 'staging';, parameters: None
[2026-02-26T17:56:18.717+0000] {sql.py:504} INFO - Rows affected: 9
[2026-02-26T17:56:18.726+0000] {logging_mixin.py:188} INFO - DEBUG: Доступные таблицы в схеме staging: [('staging', 'exchange_rates'), ('staging', 'users'), ('staging', 'accounts'), ('staging', 'transactions'), ('staging', 'dict_regions'), ('staging', 'dict_tariffs'), ('staging', 'dict_merchants'), ('staging', 'cards'), ('staging', 'dict_mcc')]
[2026-02-26T17:56:18.790+0000] {base.py:84} INFO - Using connection ID 'minio_conn_id' for task execution.
[2026-02-26T17:56:18.808+0000] {connection_wrapper.py:384} INFO - AWS Connection (conn_id='minio_conn_id', conn_type='aws') credentials retrieved from login and ***.
[2026-02-26T17:56:20.761+0000] {logging_mixin.py:188} INFO - Файл raw/not_dict/accounts/2025-11-01/data.parquet не найден в S3. Пропускаем загрузку.
[2026-02-26T17:56:20.763+0000] {python.py:237} INFO - Done. Returned value was: None
[2026-02-26T17:56:20.773+0000] {taskinstance.py:441} INFO - ::group::Post task execution logs
[2026-02-26T17:56:20.827+0000] {taskinstance.py:1206} INFO - Marking task as SUCCESS. dag_id=oltp_s3_dwh, task_id=upload_s3_to_dwh_accounts, run_id=scheduled__2025-11-01T00:00:00+00:00, execution_date=20251101T000000, start_date=20260226T175617, end_date=20260226T175620
[2026-02-26T17:56:20.906+0000] {local_task_job_runner.py:243} INFO - Task exited with return code 0
[2026-02-26T17:56:20.922+0000] {local_task_job_runner.py:222} INFO - ::endgroup::
[2026-02-27T19:01:45.113+0000] {local_task_job_runner.py:120} INFO - ::group::Pre task execution logs
[2026-02-27T19:01:45.162+0000] {taskinstance.py:2076} INFO - Dependencies all met for dep_context=non-requeueable deps ti=<TaskInstance: oltp_s3_dwh.upload_s3_to_dwh_accounts scheduled__2025-11-01T00:00:00+00:00 [queued]>
[2026-02-27T19:01:45.223+0000] {taskinstance.py:2076} INFO - Dependencies all met for dep_context=requeueable deps ti=<TaskInstance: oltp_s3_dwh.upload_s3_to_dwh_accounts scheduled__2025-11-01T00:00:00+00:00 [queued]>
[2026-02-27T19:01:45.233+0000] {taskinstance.py:2306} INFO - Starting attempt 1 of 1
[2026-02-27T19:01:45.292+0000] {taskinstance.py:2330} INFO - Executing <Task(PythonOperator): upload_s3_to_dwh_accounts> on 2025-11-01 00:00:00+00:00
[2026-02-27T19:01:45.319+0000] {standard_task_runner.py:90} INFO - Running: ['***', 'tasks', 'run', 'oltp_s3_dwh', 'upload_s3_to_dwh_accounts', 'scheduled__2025-11-01T00:00:00+00:00', '--job-id', '1725', '--raw', '--subdir', 'DAGS_FOLDER/oltp_s3_dwh.py', '--cfg-path', '/tmp/tmp7hp9sfeo']
[2026-02-27T19:01:45.322+0000] {standard_task_runner.py:91} INFO - Job 1725: Subtask upload_s3_to_dwh_accounts
[2026-02-27T19:01:45.321+0000] {logging_mixin.py:188} WARNING - /home/***/.local/lib/python3.12/site-packages/***/task/task_runner/standard_task_runner.py:62 DeprecationWarning: This process (pid=32955) is multi-threaded, use of fork() may lead to deadlocks in the child.
[2026-02-27T19:01:45.342+0000] {standard_task_runner.py:64} INFO - Started process 32985 to run task
[2026-02-27T19:01:45.491+0000] {task_command.py:426} INFO - Running <TaskInstance: oltp_s3_dwh.upload_s3_to_dwh_accounts scheduled__2025-11-01T00:00:00+00:00 [running]> on host 31b45edbecf3
[2026-02-27T19:01:45.640+0000] {taskinstance.py:2648} INFO - Exporting env vars: AIRFLOW_CTX_DAG_OWNER='***' AIRFLOW_CTX_DAG_ID='oltp_s3_dwh' AIRFLOW_CTX_TASK_ID='upload_s3_to_dwh_accounts' AIRFLOW_CTX_EXECUTION_DATE='2025-11-01T00:00:00+00:00' AIRFLOW_CTX_TRY_NUMBER='1' AIRFLOW_CTX_DAG_RUN_ID='scheduled__2025-11-01T00:00:00+00:00'
[2026-02-27T19:01:45.648+0000] {taskinstance.py:430} INFO - ::endgroup::
[2026-02-27T19:01:45.676+0000] {base.py:84} INFO - Using connection ID 'postgres_dwh' for task execution.
[2026-02-27T19:01:45.698+0000] {sql.py:495} INFO - Running statement: SELECT table_schema, table_name FROM information_schema.tables WHERE table_schema = 'staging';, parameters: None
[2026-02-27T19:01:45.710+0000] {sql.py:504} INFO - Rows affected: 9
[2026-02-27T19:01:45.712+0000] {logging_mixin.py:188} INFO - DEBUG: Доступные таблицы в схеме staging: [('staging', 'exchange_rates'), ('staging', 'cards'), ('staging', 'users'), ('staging', 'accounts'), ('staging', 'dict_regions'), ('staging', 'dict_tariffs'), ('staging', 'dict_merchants'), ('staging', 'dict_mcc'), ('staging', 'transactions')]
[2026-02-27T19:01:45.734+0000] {base.py:84} INFO - Using connection ID 'minio_conn_id' for task execution.
[2026-02-27T19:01:45.735+0000] {connection_wrapper.py:384} INFO - AWS Connection (conn_id='minio_conn_id', conn_type='aws') credentials retrieved from login and ***.
[2026-02-27T19:01:47.430+0000] {logging_mixin.py:188} INFO - Файл raw/not_dict/accounts/2025-11-01/data.parquet не найден в S3. Пропускаем загрузку.
[2026-02-27T19:01:47.467+0000] {python.py:237} INFO - Done. Returned value was: None
[2026-02-27T19:01:47.469+0000] {taskinstance.py:441} INFO - ::group::Post task execution logs
[2026-02-27T19:01:47.486+0000] {taskinstance.py:1206} INFO - Marking task as SUCCESS. dag_id=oltp_s3_dwh, task_id=upload_s3_to_dwh_accounts, run_id=scheduled__2025-11-01T00:00:00+00:00, execution_date=20251101T000000, start_date=20260227T190145, end_date=20260227T190147
[2026-02-27T19:01:47.632+0000] {local_task_job_runner.py:243} INFO - Task exited with return code 0
[2026-02-27T19:01:47.686+0000] {taskinstance.py:3503} INFO - 0 downstream tasks scheduled from follow-on schedule check
[2026-02-27T19:01:47.694+0000] {local_task_job_runner.py:222} INFO - ::endgroup::
