[2026-02-27T10:30:43.728+0000] {local_task_job_runner.py:120} INFO - ::group::Pre task execution logs
[2026-02-27T10:30:43.766+0000] {taskinstance.py:2076} INFO - Dependencies all met for dep_context=non-requeueable deps ti=<TaskInstance: staging_to_core.wait_for_dict_merchants scheduled__2025-05-01T00:00:00+00:00 [queued]>
[2026-02-27T10:30:43.775+0000] {taskinstance.py:2076} INFO - Dependencies all met for dep_context=requeueable deps ti=<TaskInstance: staging_to_core.wait_for_dict_merchants scheduled__2025-05-01T00:00:00+00:00 [queued]>
[2026-02-27T10:30:43.776+0000] {taskinstance.py:2306} INFO - Starting attempt 1 of 1
[2026-02-27T10:30:43.791+0000] {taskinstance.py:2330} INFO - Executing <Task(ExternalTaskSensor): wait_for_dict_merchants> on 2025-05-01 00:00:00+00:00
[2026-02-27T10:30:43.800+0000] {logging_mixin.py:188} WARNING - /home/***/.local/lib/python3.12/site-packages/***/task/task_runner/standard_task_runner.py:62 DeprecationWarning: This process (pid=9251) is multi-threaded, use of fork() may lead to deadlocks in the child.
[2026-02-27T10:30:43.802+0000] {standard_task_runner.py:64} INFO - Started process 9252 to run task
[2026-02-27T10:30:43.800+0000] {standard_task_runner.py:90} INFO - Running: ['***', 'tasks', 'run', 'staging_to_core', 'wait_for_dict_merchants', 'scheduled__2025-05-01T00:00:00+00:00', '--job-id', '1363', '--raw', '--subdir', 'DAGS_FOLDER/staging_to_core.py', '--cfg-path', '/tmp/tmp4svufiqo']
[2026-02-27T10:30:43.802+0000] {standard_task_runner.py:91} INFO - Job 1363: Subtask wait_for_dict_merchants
[2026-02-27T10:30:43.858+0000] {task_command.py:426} INFO - Running <TaskInstance: staging_to_core.wait_for_dict_merchants scheduled__2025-05-01T00:00:00+00:00 [running]> on host 31b45edbecf3
[2026-02-27T10:30:43.948+0000] {taskinstance.py:2648} INFO - Exporting env vars: AIRFLOW_CTX_DAG_OWNER='***' AIRFLOW_CTX_DAG_ID='staging_to_core' AIRFLOW_CTX_TASK_ID='wait_for_dict_merchants' AIRFLOW_CTX_EXECUTION_DATE='2025-05-01T00:00:00+00:00' AIRFLOW_CTX_TRY_NUMBER='1' AIRFLOW_CTX_DAG_RUN_ID='scheduled__2025-05-01T00:00:00+00:00'
[2026-02-27T10:30:43.950+0000] {taskinstance.py:430} INFO - ::endgroup::
[2026-02-27T10:30:43.966+0000] {baseoperator.py:400} WARNING - ExternalTaskSensor.execute cannot be called outside TaskInstance!
[2026-02-27T10:30:43.976+0000] {external_task.py:258} INFO - Poking for tasks ['upload_s3_to_dwh_dict_merchants'] in dag oltp_s3_dwh on 2025-05-01T00:00:00+00:00 ... 
[2026-02-27T10:30:43.979+0000] {logging_mixin.py:188} WARNING - /home/***/.local/lib/python3.12/site-packages/***/utils/session.py:79 DeprecationWarning: This method is deprecated and will be removed in future.
[2026-02-27T10:30:43.990+0000] {base.py:294} INFO - Success criteria met. Exiting.
[2026-02-27T10:30:43.990+0000] {taskinstance.py:441} INFO - ::group::Post task execution logs
[2026-02-27T10:30:44.000+0000] {taskinstance.py:1206} INFO - Marking task as SUCCESS. dag_id=staging_to_core, task_id=wait_for_dict_merchants, run_id=scheduled__2025-05-01T00:00:00+00:00, execution_date=20250501T000000, start_date=20260227T103043, end_date=20260227T103044
[2026-02-27T10:30:44.018+0000] {local_task_job_runner.py:243} INFO - Task exited with return code 0
[2026-02-27T10:30:44.030+0000] {logging_mixin.py:188} WARNING - /home/***/.local/lib/python3.12/site-packages/***/models/baseoperator.py:1297 AirflowProviderDeprecationWarning: Call to deprecated class PostgresOperator. (Please use `***.providers.common.sql.operators.sql.SQLExecuteQueryOperator`.Also, you can provide `hook_params={'schema': <database>}`.)
[2026-02-27T10:30:44.061+0000] {taskinstance.py:3503} INFO - 1 downstream tasks scheduled from follow-on schedule check
[2026-02-27T10:30:44.064+0000] {local_task_job_runner.py:222} INFO - ::endgroup::
[2026-02-27T19:02:34.901+0000] {local_task_job_runner.py:120} INFO - ::group::Pre task execution logs
[2026-02-27T19:02:34.943+0000] {taskinstance.py:2076} INFO - Dependencies all met for dep_context=non-requeueable deps ti=<TaskInstance: staging_to_core.wait_for_dict_merchants scheduled__2025-05-01T00:00:00+00:00 [queued]>
[2026-02-27T19:02:34.957+0000] {taskinstance.py:2076} INFO - Dependencies all met for dep_context=requeueable deps ti=<TaskInstance: staging_to_core.wait_for_dict_merchants scheduled__2025-05-01T00:00:00+00:00 [queued]>
[2026-02-27T19:02:34.958+0000] {taskinstance.py:2306} INFO - Starting attempt 1 of 1
[2026-02-27T19:02:34.977+0000] {taskinstance.py:2330} INFO - Executing <Task(ExternalTaskSensor): wait_for_dict_merchants> on 2025-05-01 00:00:00+00:00
[2026-02-27T19:02:34.987+0000] {logging_mixin.py:188} WARNING - /home/***/.local/lib/python3.12/site-packages/***/task/task_runner/standard_task_runner.py:62 DeprecationWarning: This process (pid=33298) is multi-threaded, use of fork() may lead to deadlocks in the child.
[2026-02-27T19:02:34.989+0000] {standard_task_runner.py:64} INFO - Started process 33299 to run task
[2026-02-27T19:02:34.992+0000] {standard_task_runner.py:90} INFO - Running: ['***', 'tasks', 'run', 'staging_to_core', 'wait_for_dict_merchants', 'scheduled__2025-05-01T00:00:00+00:00', '--job-id', '1795', '--raw', '--subdir', 'DAGS_FOLDER/staging_to_core.py', '--cfg-path', '/tmp/tmpymb1w02j']
[2026-02-27T19:02:34.997+0000] {standard_task_runner.py:91} INFO - Job 1795: Subtask wait_for_dict_merchants
[2026-02-27T19:02:35.077+0000] {task_command.py:426} INFO - Running <TaskInstance: staging_to_core.wait_for_dict_merchants scheduled__2025-05-01T00:00:00+00:00 [running]> on host 31b45edbecf3
[2026-02-27T19:02:35.209+0000] {taskinstance.py:2648} INFO - Exporting env vars: AIRFLOW_CTX_DAG_OWNER='***' AIRFLOW_CTX_DAG_ID='staging_to_core' AIRFLOW_CTX_TASK_ID='wait_for_dict_merchants' AIRFLOW_CTX_EXECUTION_DATE='2025-05-01T00:00:00+00:00' AIRFLOW_CTX_TRY_NUMBER='1' AIRFLOW_CTX_DAG_RUN_ID='scheduled__2025-05-01T00:00:00+00:00'
[2026-02-27T19:02:35.211+0000] {taskinstance.py:430} INFO - ::endgroup::
[2026-02-27T19:02:35.229+0000] {baseoperator.py:400} WARNING - ExternalTaskSensor.execute cannot be called outside TaskInstance!
[2026-02-27T19:02:35.245+0000] {external_task.py:258} INFO - Poking for tasks ['upload_s3_to_dwh_dict_merchants'] in dag oltp_s3_dwh on 2025-05-01T00:00:00+00:00 ... 
[2026-02-27T19:02:35.248+0000] {logging_mixin.py:188} WARNING - /home/***/.local/lib/python3.12/site-packages/***/utils/session.py:79 DeprecationWarning: This method is deprecated and will be removed in future.
[2026-02-27T19:02:35.267+0000] {base.py:294} INFO - Success criteria met. Exiting.
[2026-02-27T19:02:35.268+0000] {taskinstance.py:441} INFO - ::group::Post task execution logs
[2026-02-27T19:02:35.282+0000] {taskinstance.py:1206} INFO - Marking task as SUCCESS. dag_id=staging_to_core, task_id=wait_for_dict_merchants, run_id=scheduled__2025-05-01T00:00:00+00:00, execution_date=20250501T000000, start_date=20260227T190234, end_date=20260227T190235
[2026-02-27T19:02:35.329+0000] {local_task_job_runner.py:243} INFO - Task exited with return code 0
[2026-02-27T19:02:35.353+0000] {logging_mixin.py:188} WARNING - /home/***/.local/lib/python3.12/site-packages/***/models/baseoperator.py:1297 AirflowProviderDeprecationWarning: Call to deprecated class PostgresOperator. (Please use `***.providers.common.sql.operators.sql.SQLExecuteQueryOperator`.Also, you can provide `hook_params={'schema': <database>}`.)
[2026-02-27T19:02:35.454+0000] {taskinstance.py:3503} INFO - 1 downstream tasks scheduled from follow-on schedule check
[2026-02-27T19:02:35.480+0000] {local_task_job_runner.py:222} INFO - ::endgroup::
