[2026-02-26T12:07:08.231+0000] {local_task_job_runner.py:120} INFO - ::group::Pre task execution logs
[2026-02-26T12:07:08.323+0000] {taskinstance.py:2076} INFO - Dependencies all met for dep_context=non-requeueable deps ti=<TaskInstance: oltp_s3_dwh.upload_postgre_to_s3_dict_mcc scheduled__2025-07-01T00:00:00+00:00 [queued]>
[2026-02-26T12:07:08.373+0000] {taskinstance.py:2076} INFO - Dependencies all met for dep_context=requeueable deps ti=<TaskInstance: oltp_s3_dwh.upload_postgre_to_s3_dict_mcc scheduled__2025-07-01T00:00:00+00:00 [queued]>
[2026-02-26T12:07:08.381+0000] {taskinstance.py:2306} INFO - Starting attempt 1 of 1
[2026-02-26T12:07:08.470+0000] {taskinstance.py:2330} INFO - Executing <Task(PythonOperator): upload_postgre_to_s3_dict_mcc> on 2025-07-01 00:00:00+00:00
[2026-02-26T12:07:08.518+0000] {standard_task_runner.py:90} INFO - Running: ['***', 'tasks', 'run', 'oltp_s3_dwh', 'upload_postgre_to_s3_dict_mcc', 'scheduled__2025-07-01T00:00:00+00:00', '--job-id', '1036', '--raw', '--subdir', 'DAGS_FOLDER/oltp_s3_dwh_dict.py', '--cfg-path', '/tmp/tmp566ucig6']
[2026-02-26T12:07:08.543+0000] {standard_task_runner.py:91} INFO - Job 1036: Subtask upload_postgre_to_s3_dict_mcc
[2026-02-26T12:07:08.530+0000] {logging_mixin.py:188} WARNING - /home/***/.local/lib/python3.12/site-packages/***/task/task_runner/standard_task_runner.py:62 DeprecationWarning: This process (pid=4606) is multi-threaded, use of fork() may lead to deadlocks in the child.
[2026-02-26T12:07:08.550+0000] {standard_task_runner.py:64} INFO - Started process 4650 to run task
[2026-02-26T12:07:08.779+0000] {task_command.py:426} INFO - Running <TaskInstance: oltp_s3_dwh.upload_postgre_to_s3_dict_mcc scheduled__2025-07-01T00:00:00+00:00 [running]> on host 31b45edbecf3
[2026-02-26T12:07:09.298+0000] {taskinstance.py:2648} INFO - Exporting env vars: AIRFLOW_CTX_DAG_OWNER='***' AIRFLOW_CTX_DAG_ID='oltp_s3_dwh' AIRFLOW_CTX_TASK_ID='upload_postgre_to_s3_dict_mcc' AIRFLOW_CTX_EXECUTION_DATE='2025-07-01T00:00:00+00:00' AIRFLOW_CTX_TRY_NUMBER='1' AIRFLOW_CTX_DAG_RUN_ID='scheduled__2025-07-01T00:00:00+00:00'
[2026-02-26T12:07:09.303+0000] {taskinstance.py:430} INFO - ::endgroup::
[2026-02-26T12:07:09.423+0000] {base.py:84} INFO - Using connection ID 'postgres_oltp' for task execution.
[2026-02-26T12:07:09.483+0000] {logging_mixin.py:188} WARNING - /home/***/.local/lib/python3.12/site-packages/***/providers/common/sql/hooks/sql.py:269 UserWarning: pandas only supports SQLAlchemy connectable (engine/connection) or database string URI or sqlite3 DBAPI2 connection. Other DBAPI2 objects are not tested. Please consider using SQLAlchemy.
[2026-02-26T12:07:09.683+0000] {base.py:84} INFO - Using connection ID 'minio_conn_id' for task execution.
[2026-02-26T12:07:09.686+0000] {connection_wrapper.py:384} INFO - AWS Connection (conn_id='minio_conn_id', conn_type='aws') credentials retrieved from login and ***.
[2026-02-26T12:07:11.206+0000] {python.py:237} INFO - Done. Returned value was: None
[2026-02-26T12:07:11.207+0000] {taskinstance.py:441} INFO - ::group::Post task execution logs
[2026-02-26T12:07:11.225+0000] {taskinstance.py:1206} INFO - Marking task as SUCCESS. dag_id=oltp_s3_dwh, task_id=upload_postgre_to_s3_dict_mcc, run_id=scheduled__2025-07-01T00:00:00+00:00, execution_date=20250701T000000, start_date=20260226T120708, end_date=20260226T120711
[2026-02-26T12:07:11.352+0000] {local_task_job_runner.py:243} INFO - Task exited with return code 0
[2026-02-26T12:07:11.372+0000] {local_task_job_runner.py:222} INFO - ::endgroup::
[2026-02-27T19:00:55.573+0000] {local_task_job_runner.py:120} INFO - ::group::Pre task execution logs
[2026-02-27T19:00:55.653+0000] {taskinstance.py:2076} INFO - Dependencies all met for dep_context=non-requeueable deps ti=<TaskInstance: oltp_s3_dwh.upload_postgre_to_s3_dict_mcc scheduled__2025-07-01T00:00:00+00:00 [queued]>
[2026-02-27T19:00:55.694+0000] {taskinstance.py:2076} INFO - Dependencies all met for dep_context=requeueable deps ti=<TaskInstance: oltp_s3_dwh.upload_postgre_to_s3_dict_mcc scheduled__2025-07-01T00:00:00+00:00 [queued]>
[2026-02-27T19:00:55.700+0000] {taskinstance.py:2306} INFO - Starting attempt 1 of 1
[2026-02-27T19:00:55.774+0000] {taskinstance.py:2330} INFO - Executing <Task(PythonOperator): upload_postgre_to_s3_dict_mcc> on 2025-07-01 00:00:00+00:00
[2026-02-27T19:00:55.842+0000] {logging_mixin.py:188} WARNING - /home/***/.local/lib/python3.12/site-packages/***/task/task_runner/standard_task_runner.py:62 DeprecationWarning: This process (pid=32511) is multi-threaded, use of fork() may lead to deadlocks in the child.
[2026-02-27T19:00:55.844+0000] {standard_task_runner.py:64} INFO - Started process 32537 to run task
[2026-02-27T19:00:55.844+0000] {standard_task_runner.py:90} INFO - Running: ['***', 'tasks', 'run', 'oltp_s3_dwh', 'upload_postgre_to_s3_dict_mcc', 'scheduled__2025-07-01T00:00:00+00:00', '--job-id', '1634', '--raw', '--subdir', 'DAGS_FOLDER/oltp_s3_dwh.py', '--cfg-path', '/tmp/tmpnyz0hd62']
[2026-02-27T19:00:55.863+0000] {standard_task_runner.py:91} INFO - Job 1634: Subtask upload_postgre_to_s3_dict_mcc
[2026-02-27T19:00:56.058+0000] {task_command.py:426} INFO - Running <TaskInstance: oltp_s3_dwh.upload_postgre_to_s3_dict_mcc scheduled__2025-07-01T00:00:00+00:00 [running]> on host 31b45edbecf3
[2026-02-27T19:00:56.354+0000] {taskinstance.py:2648} INFO - Exporting env vars: AIRFLOW_CTX_DAG_OWNER='***' AIRFLOW_CTX_DAG_ID='oltp_s3_dwh' AIRFLOW_CTX_TASK_ID='upload_postgre_to_s3_dict_mcc' AIRFLOW_CTX_EXECUTION_DATE='2025-07-01T00:00:00+00:00' AIRFLOW_CTX_TRY_NUMBER='1' AIRFLOW_CTX_DAG_RUN_ID='scheduled__2025-07-01T00:00:00+00:00'
[2026-02-27T19:00:56.384+0000] {taskinstance.py:430} INFO - ::endgroup::
[2026-02-27T19:00:56.475+0000] {base.py:84} INFO - Using connection ID 'postgres_oltp' for task execution.
[2026-02-27T19:00:56.504+0000] {logging_mixin.py:188} WARNING - /home/***/.local/lib/python3.12/site-packages/***/providers/common/sql/hooks/sql.py:269 UserWarning: pandas only supports SQLAlchemy connectable (engine/connection) or database string URI or sqlite3 DBAPI2 connection. Other DBAPI2 objects are not tested. Please consider using SQLAlchemy.
[2026-02-27T19:00:56.583+0000] {base.py:84} INFO - Using connection ID 'minio_conn_id' for task execution.
[2026-02-27T19:00:56.585+0000] {connection_wrapper.py:384} INFO - AWS Connection (conn_id='minio_conn_id', conn_type='aws') credentials retrieved from login and ***.
[2026-02-27T19:00:57.855+0000] {python.py:237} INFO - Done. Returned value was: None
[2026-02-27T19:00:57.857+0000] {taskinstance.py:441} INFO - ::group::Post task execution logs
[2026-02-27T19:00:57.868+0000] {taskinstance.py:1206} INFO - Marking task as SUCCESS. dag_id=oltp_s3_dwh, task_id=upload_postgre_to_s3_dict_mcc, run_id=scheduled__2025-07-01T00:00:00+00:00, execution_date=20250701T000000, start_date=20260227T190055, end_date=20260227T190057
[2026-02-27T19:00:57.973+0000] {local_task_job_runner.py:243} INFO - Task exited with return code 0
[2026-02-27T19:00:57.986+0000] {local_task_job_runner.py:222} INFO - ::endgroup::
