[2026-02-26T17:56:04.768+0000] {local_task_job_runner.py:120} INFO - ::group::Pre task execution logs
[2026-02-26T17:56:04.846+0000] {taskinstance.py:2076} INFO - Dependencies all met for dep_context=non-requeueable deps ti=<TaskInstance: oltp_s3_dwh.upload_s3_to_dwh_transactions scheduled__2025-08-01T00:00:00+00:00 [queued]>
[2026-02-26T17:56:04.880+0000] {taskinstance.py:2076} INFO - Dependencies all met for dep_context=requeueable deps ti=<TaskInstance: oltp_s3_dwh.upload_s3_to_dwh_transactions scheduled__2025-08-01T00:00:00+00:00 [queued]>
[2026-02-26T17:56:04.886+0000] {taskinstance.py:2306} INFO - Starting attempt 1 of 1
[2026-02-26T17:56:04.991+0000] {taskinstance.py:2330} INFO - Executing <Task(PythonOperator): upload_s3_to_dwh_transactions> on 2025-08-01 00:00:00+00:00
[2026-02-26T17:56:05.032+0000] {logging_mixin.py:188} WARNING - /home/***/.local/lib/python3.12/site-packages/***/task/task_runner/standard_task_runner.py:62 DeprecationWarning: This process (pid=7050) is multi-threaded, use of fork() may lead to deadlocks in the child.
[2026-02-26T17:56:05.052+0000] {standard_task_runner.py:64} INFO - Started process 7111 to run task
[2026-02-26T17:56:05.029+0000] {standard_task_runner.py:90} INFO - Running: ['***', 'tasks', 'run', 'oltp_s3_dwh', 'upload_s3_to_dwh_transactions', 'scheduled__2025-08-01T00:00:00+00:00', '--job-id', '1230', '--raw', '--subdir', 'DAGS_FOLDER/oltp_s3_dwh.py', '--cfg-path', '/tmp/tmp1letweg1']
[2026-02-26T17:56:05.062+0000] {standard_task_runner.py:91} INFO - Job 1230: Subtask upload_s3_to_dwh_transactions
[2026-02-26T17:56:05.286+0000] {task_command.py:426} INFO - Running <TaskInstance: oltp_s3_dwh.upload_s3_to_dwh_transactions scheduled__2025-08-01T00:00:00+00:00 [running]> on host 31b45edbecf3
[2026-02-26T17:56:05.731+0000] {taskinstance.py:2648} INFO - Exporting env vars: AIRFLOW_CTX_DAG_OWNER='***' AIRFLOW_CTX_DAG_ID='oltp_s3_dwh' AIRFLOW_CTX_TASK_ID='upload_s3_to_dwh_transactions' AIRFLOW_CTX_EXECUTION_DATE='2025-08-01T00:00:00+00:00' AIRFLOW_CTX_TRY_NUMBER='1' AIRFLOW_CTX_DAG_RUN_ID='scheduled__2025-08-01T00:00:00+00:00'
[2026-02-26T17:56:05.733+0000] {taskinstance.py:430} INFO - ::endgroup::
[2026-02-26T17:56:05.898+0000] {base.py:84} INFO - Using connection ID 'postgres_dwh' for task execution.
[2026-02-26T17:56:05.920+0000] {sql.py:495} INFO - Running statement: SELECT table_schema, table_name FROM information_schema.tables WHERE table_schema = 'staging';, parameters: None
[2026-02-26T17:56:05.950+0000] {sql.py:504} INFO - Rows affected: 9
[2026-02-26T17:56:05.952+0000] {logging_mixin.py:188} INFO - DEBUG: Доступные таблицы в схеме staging: [('staging', 'exchange_rates'), ('staging', 'users'), ('staging', 'accounts'), ('staging', 'dict_merchants'), ('staging', 'cards'), ('staging', 'transactions'), ('staging', 'dict_tariffs'), ('staging', 'dict_regions'), ('staging', 'dict_mcc')]
[2026-02-26T17:56:05.997+0000] {base.py:84} INFO - Using connection ID 'minio_conn_id' for task execution.
[2026-02-26T17:56:06.004+0000] {connection_wrapper.py:384} INFO - AWS Connection (conn_id='minio_conn_id', conn_type='aws') credentials retrieved from login and ***.
[2026-02-26T17:56:09.138+0000] {base.py:84} INFO - Using connection ID 'postgres_dwh' for task execution.
[2026-02-26T17:56:09.221+0000] {logging_mixin.py:188} INFO - Successfully loaded transactions using copy_expert
[2026-02-26T17:56:09.227+0000] {python.py:237} INFO - Done. Returned value was: None
[2026-02-26T17:56:09.231+0000] {taskinstance.py:441} INFO - ::group::Post task execution logs
[2026-02-26T17:56:09.275+0000] {taskinstance.py:1206} INFO - Marking task as SUCCESS. dag_id=oltp_s3_dwh, task_id=upload_s3_to_dwh_transactions, run_id=scheduled__2025-08-01T00:00:00+00:00, execution_date=20250801T000000, start_date=20260226T175604, end_date=20260226T175609
[2026-02-26T17:56:09.371+0000] {local_task_job_runner.py:243} INFO - Task exited with return code 0
[2026-02-26T17:56:09.439+0000] {taskinstance.py:3503} INFO - 0 downstream tasks scheduled from follow-on schedule check
[2026-02-26T17:56:09.444+0000] {local_task_job_runner.py:222} INFO - ::endgroup::
[2026-02-27T19:01:11.484+0000] {local_task_job_runner.py:120} INFO - ::group::Pre task execution logs
[2026-02-27T19:01:11.523+0000] {taskinstance.py:2076} INFO - Dependencies all met for dep_context=non-requeueable deps ti=<TaskInstance: oltp_s3_dwh.upload_s3_to_dwh_transactions scheduled__2025-08-01T00:00:00+00:00 [queued]>
[2026-02-27T19:01:11.556+0000] {taskinstance.py:2076} INFO - Dependencies all met for dep_context=requeueable deps ti=<TaskInstance: oltp_s3_dwh.upload_s3_to_dwh_transactions scheduled__2025-08-01T00:00:00+00:00 [queued]>
[2026-02-27T19:01:11.557+0000] {taskinstance.py:2306} INFO - Starting attempt 1 of 1
[2026-02-27T19:01:11.623+0000] {taskinstance.py:2330} INFO - Executing <Task(PythonOperator): upload_s3_to_dwh_transactions> on 2025-08-01 00:00:00+00:00
[2026-02-27T19:01:11.654+0000] {standard_task_runner.py:90} INFO - Running: ['***', 'tasks', 'run', 'oltp_s3_dwh', 'upload_s3_to_dwh_transactions', 'scheduled__2025-08-01T00:00:00+00:00', '--job-id', '1668', '--raw', '--subdir', 'DAGS_FOLDER/oltp_s3_dwh.py', '--cfg-path', '/tmp/tmppf0ml9qg']
[2026-02-27T19:01:11.661+0000] {standard_task_runner.py:91} INFO - Job 1668: Subtask upload_s3_to_dwh_transactions
[2026-02-27T19:01:11.650+0000] {logging_mixin.py:188} WARNING - /home/***/.local/lib/python3.12/site-packages/***/task/task_runner/standard_task_runner.py:62 DeprecationWarning: This process (pid=32664) is multi-threaded, use of fork() may lead to deadlocks in the child.
[2026-02-27T19:01:11.665+0000] {standard_task_runner.py:64} INFO - Started process 32679 to run task
[2026-02-27T19:01:11.790+0000] {task_command.py:426} INFO - Running <TaskInstance: oltp_s3_dwh.upload_s3_to_dwh_transactions scheduled__2025-08-01T00:00:00+00:00 [running]> on host 31b45edbecf3
[2026-02-27T19:01:11.978+0000] {taskinstance.py:2648} INFO - Exporting env vars: AIRFLOW_CTX_DAG_OWNER='***' AIRFLOW_CTX_DAG_ID='oltp_s3_dwh' AIRFLOW_CTX_TASK_ID='upload_s3_to_dwh_transactions' AIRFLOW_CTX_EXECUTION_DATE='2025-08-01T00:00:00+00:00' AIRFLOW_CTX_TRY_NUMBER='1' AIRFLOW_CTX_DAG_RUN_ID='scheduled__2025-08-01T00:00:00+00:00'
[2026-02-27T19:01:11.979+0000] {taskinstance.py:430} INFO - ::endgroup::
[2026-02-27T19:01:12.062+0000] {base.py:84} INFO - Using connection ID 'postgres_dwh' for task execution.
[2026-02-27T19:01:12.069+0000] {sql.py:495} INFO - Running statement: SELECT table_schema, table_name FROM information_schema.tables WHERE table_schema = 'staging';, parameters: None
[2026-02-27T19:01:12.076+0000] {sql.py:504} INFO - Rows affected: 9
[2026-02-27T19:01:12.078+0000] {logging_mixin.py:188} INFO - DEBUG: Доступные таблицы в схеме staging: [('staging', 'exchange_rates'), ('staging', 'cards'), ('staging', 'users'), ('staging', 'accounts'), ('staging', 'dict_merchants'), ('staging', 'dict_mcc'), ('staging', 'dict_regions'), ('staging', 'dict_tariffs'), ('staging', 'transactions')]
[2026-02-27T19:01:12.100+0000] {base.py:84} INFO - Using connection ID 'minio_conn_id' for task execution.
[2026-02-27T19:01:12.101+0000] {connection_wrapper.py:384} INFO - AWS Connection (conn_id='minio_conn_id', conn_type='aws') credentials retrieved from login and ***.
[2026-02-27T19:01:12.940+0000] {base.py:84} INFO - Using connection ID 'postgres_dwh' for task execution.
[2026-02-27T19:01:12.954+0000] {logging_mixin.py:188} INFO - Successfully loaded transactions using copy_expert
[2026-02-27T19:01:12.956+0000] {python.py:237} INFO - Done. Returned value was: None
[2026-02-27T19:01:12.958+0000] {taskinstance.py:441} INFO - ::group::Post task execution logs
[2026-02-27T19:01:12.990+0000] {taskinstance.py:1206} INFO - Marking task as SUCCESS. dag_id=oltp_s3_dwh, task_id=upload_s3_to_dwh_transactions, run_id=scheduled__2025-08-01T00:00:00+00:00, execution_date=20250801T000000, start_date=20260227T190111, end_date=20260227T190112
[2026-02-27T19:01:13.061+0000] {local_task_job_runner.py:243} INFO - Task exited with return code 0
[2026-02-27T19:01:13.114+0000] {taskinstance.py:3503} INFO - 0 downstream tasks scheduled from follow-on schedule check
[2026-02-27T19:01:13.129+0000] {local_task_job_runner.py:222} INFO - ::endgroup::
