[2026-02-27T10:33:11.463+0000] {local_task_job_runner.py:120} INFO - ::group::Pre task execution logs
[2026-02-27T10:33:11.500+0000] {taskinstance.py:2076} INFO - Dependencies all met for dep_context=non-requeueable deps ti=<TaskInstance: staging_to_core.wait_for_dict_regions scheduled__2026-01-01T00:00:00+00:00 [queued]>
[2026-02-27T10:33:11.509+0000] {taskinstance.py:2076} INFO - Dependencies all met for dep_context=requeueable deps ti=<TaskInstance: staging_to_core.wait_for_dict_regions scheduled__2026-01-01T00:00:00+00:00 [queued]>
[2026-02-27T10:33:11.510+0000] {taskinstance.py:2306} INFO - Starting attempt 1 of 1
[2026-02-27T10:33:11.525+0000] {taskinstance.py:2330} INFO - Executing <Task(ExternalTaskSensor): wait_for_dict_regions> on 2026-01-01 00:00:00+00:00
[2026-02-27T10:33:11.532+0000] {logging_mixin.py:188} WARNING - /home/***/.local/lib/python3.12/site-packages/***/task/task_runner/standard_task_runner.py:62 DeprecationWarning: This process (pid=9657) is multi-threaded, use of fork() may lead to deadlocks in the child.
[2026-02-27T10:33:11.534+0000] {standard_task_runner.py:64} INFO - Started process 9658 to run task
[2026-02-27T10:33:11.532+0000] {standard_task_runner.py:90} INFO - Running: ['***', 'tasks', 'run', 'staging_to_core', 'wait_for_dict_regions', 'scheduled__2026-01-01T00:00:00+00:00', '--job-id', '1485', '--raw', '--subdir', 'DAGS_FOLDER/staging_to_core.py', '--cfg-path', '/tmp/tmpsdkdztf1']
[2026-02-27T10:33:11.534+0000] {standard_task_runner.py:91} INFO - Job 1485: Subtask wait_for_dict_regions
[2026-02-27T10:33:11.600+0000] {task_command.py:426} INFO - Running <TaskInstance: staging_to_core.wait_for_dict_regions scheduled__2026-01-01T00:00:00+00:00 [running]> on host 31b45edbecf3
[2026-02-27T10:33:11.721+0000] {taskinstance.py:2648} INFO - Exporting env vars: AIRFLOW_CTX_DAG_OWNER='***' AIRFLOW_CTX_DAG_ID='staging_to_core' AIRFLOW_CTX_TASK_ID='wait_for_dict_regions' AIRFLOW_CTX_EXECUTION_DATE='2026-01-01T00:00:00+00:00' AIRFLOW_CTX_TRY_NUMBER='1' AIRFLOW_CTX_DAG_RUN_ID='scheduled__2026-01-01T00:00:00+00:00'
[2026-02-27T10:33:11.722+0000] {taskinstance.py:430} INFO - ::endgroup::
[2026-02-27T10:33:11.741+0000] {baseoperator.py:400} WARNING - ExternalTaskSensor.execute cannot be called outside TaskInstance!
[2026-02-27T10:33:11.755+0000] {external_task.py:258} INFO - Poking for tasks ['upload_s3_to_dwh_dict_regions'] in dag oltp_s3_dwh on 2026-01-01T00:00:00+00:00 ... 
[2026-02-27T10:33:11.759+0000] {logging_mixin.py:188} WARNING - /home/***/.local/lib/python3.12/site-packages/***/utils/session.py:79 DeprecationWarning: This method is deprecated and will be removed in future.
[2026-02-27T10:33:11.774+0000] {base.py:294} INFO - Success criteria met. Exiting.
[2026-02-27T10:33:11.775+0000] {taskinstance.py:441} INFO - ::group::Post task execution logs
[2026-02-27T10:33:11.790+0000] {taskinstance.py:1206} INFO - Marking task as SUCCESS. dag_id=staging_to_core, task_id=wait_for_dict_regions, run_id=scheduled__2026-01-01T00:00:00+00:00, execution_date=20260101T000000, start_date=20260227T103311, end_date=20260227T103311
[2026-02-27T10:33:11.831+0000] {local_task_job_runner.py:243} INFO - Task exited with return code 0
[2026-02-27T10:33:11.853+0000] {logging_mixin.py:188} WARNING - /home/***/.local/lib/python3.12/site-packages/***/models/baseoperator.py:1297 AirflowProviderDeprecationWarning: Call to deprecated class PostgresOperator. (Please use `***.providers.common.sql.operators.sql.SQLExecuteQueryOperator`.Also, you can provide `hook_params={'schema': <database>}`.)
[2026-02-27T10:33:11.910+0000] {taskinstance.py:3503} INFO - 1 downstream tasks scheduled from follow-on schedule check
[2026-02-27T10:33:11.915+0000] {local_task_job_runner.py:222} INFO - ::endgroup::
[2026-02-27T19:05:08.706+0000] {local_task_job_runner.py:120} INFO - ::group::Pre task execution logs
[2026-02-27T19:05:08.742+0000] {taskinstance.py:2076} INFO - Dependencies all met for dep_context=non-requeueable deps ti=<TaskInstance: staging_to_core.wait_for_dict_regions scheduled__2026-01-01T00:00:00+00:00 [queued]>
[2026-02-27T19:05:08.751+0000] {taskinstance.py:2076} INFO - Dependencies all met for dep_context=requeueable deps ti=<TaskInstance: staging_to_core.wait_for_dict_regions scheduled__2026-01-01T00:00:00+00:00 [queued]>
[2026-02-27T19:05:08.753+0000] {taskinstance.py:2306} INFO - Starting attempt 1 of 1
[2026-02-27T19:05:08.768+0000] {taskinstance.py:2330} INFO - Executing <Task(ExternalTaskSensor): wait_for_dict_regions> on 2026-01-01 00:00:00+00:00
[2026-02-27T19:05:08.776+0000] {logging_mixin.py:188} WARNING - /home/***/.local/lib/python3.12/site-packages/***/task/task_runner/standard_task_runner.py:62 DeprecationWarning: This process (pid=33724) is multi-threaded, use of fork() may lead to deadlocks in the child.
[2026-02-27T19:05:08.776+0000] {standard_task_runner.py:90} INFO - Running: ['***', 'tasks', 'run', 'staging_to_core', 'wait_for_dict_regions', 'scheduled__2026-01-01T00:00:00+00:00', '--job-id', '1917', '--raw', '--subdir', 'DAGS_FOLDER/staging_to_core.py', '--cfg-path', '/tmp/tmpmr_t4ctk']
[2026-02-27T19:05:08.777+0000] {standard_task_runner.py:64} INFO - Started process 33725 to run task
[2026-02-27T19:05:08.778+0000] {standard_task_runner.py:91} INFO - Job 1917: Subtask wait_for_dict_regions
[2026-02-27T19:05:08.831+0000] {task_command.py:426} INFO - Running <TaskInstance: staging_to_core.wait_for_dict_regions scheduled__2026-01-01T00:00:00+00:00 [running]> on host 31b45edbecf3
[2026-02-27T19:05:08.929+0000] {taskinstance.py:2648} INFO - Exporting env vars: AIRFLOW_CTX_DAG_OWNER='***' AIRFLOW_CTX_DAG_ID='staging_to_core' AIRFLOW_CTX_TASK_ID='wait_for_dict_regions' AIRFLOW_CTX_EXECUTION_DATE='2026-01-01T00:00:00+00:00' AIRFLOW_CTX_TRY_NUMBER='1' AIRFLOW_CTX_DAG_RUN_ID='scheduled__2026-01-01T00:00:00+00:00'
[2026-02-27T19:05:08.931+0000] {taskinstance.py:430} INFO - ::endgroup::
[2026-02-27T19:05:08.946+0000] {baseoperator.py:400} WARNING - ExternalTaskSensor.execute cannot be called outside TaskInstance!
[2026-02-27T19:05:08.956+0000] {external_task.py:258} INFO - Poking for tasks ['upload_s3_to_dwh_dict_regions'] in dag oltp_s3_dwh on 2026-01-01T00:00:00+00:00 ... 
[2026-02-27T19:05:08.958+0000] {logging_mixin.py:188} WARNING - /home/***/.local/lib/python3.12/site-packages/***/utils/session.py:79 DeprecationWarning: This method is deprecated and will be removed in future.
[2026-02-27T19:05:08.969+0000] {base.py:294} INFO - Success criteria met. Exiting.
[2026-02-27T19:05:08.969+0000] {taskinstance.py:441} INFO - ::group::Post task execution logs
[2026-02-27T19:05:08.979+0000] {taskinstance.py:1206} INFO - Marking task as SUCCESS. dag_id=staging_to_core, task_id=wait_for_dict_regions, run_id=scheduled__2026-01-01T00:00:00+00:00, execution_date=20260101T000000, start_date=20260227T190508, end_date=20260227T190508
[2026-02-27T19:05:09.034+0000] {local_task_job_runner.py:243} INFO - Task exited with return code 0
[2026-02-27T19:05:09.047+0000] {logging_mixin.py:188} WARNING - /home/***/.local/lib/python3.12/site-packages/***/models/baseoperator.py:1297 AirflowProviderDeprecationWarning: Call to deprecated class PostgresOperator. (Please use `***.providers.common.sql.operators.sql.SQLExecuteQueryOperator`.Also, you can provide `hook_params={'schema': <database>}`.)
[2026-02-27T19:05:09.085+0000] {taskinstance.py:3503} INFO - 1 downstream tasks scheduled from follow-on schedule check
[2026-02-27T19:05:09.089+0000] {local_task_job_runner.py:222} INFO - ::endgroup::
