[2026-02-26T17:56:14.152+0000] {local_task_job_runner.py:120} INFO - ::group::Pre task execution logs
[2026-02-26T17:56:14.240+0000] {taskinstance.py:2076} INFO - Dependencies all met for dep_context=non-requeueable deps ti=<TaskInstance: oltp_s3_dwh.upload_s3_to_dwh_transactions scheduled__2025-10-01T00:00:00+00:00 [queued]>
[2026-02-26T17:56:14.325+0000] {taskinstance.py:2076} INFO - Dependencies all met for dep_context=requeueable deps ti=<TaskInstance: oltp_s3_dwh.upload_s3_to_dwh_transactions scheduled__2025-10-01T00:00:00+00:00 [queued]>
[2026-02-26T17:56:14.331+0000] {taskinstance.py:2306} INFO - Starting attempt 1 of 1
[2026-02-26T17:56:14.551+0000] {taskinstance.py:2330} INFO - Executing <Task(PythonOperator): upload_s3_to_dwh_transactions> on 2025-10-01 00:00:00+00:00
[2026-02-26T17:56:14.684+0000] {standard_task_runner.py:90} INFO - Running: ['***', 'tasks', 'run', 'oltp_s3_dwh', 'upload_s3_to_dwh_transactions', 'scheduled__2025-10-01T00:00:00+00:00', '--job-id', '1245', '--raw', '--subdir', 'DAGS_FOLDER/oltp_s3_dwh.py', '--cfg-path', '/tmp/tmptayg1sch']
[2026-02-26T17:56:14.696+0000] {standard_task_runner.py:91} INFO - Job 1245: Subtask upload_s3_to_dwh_transactions
[2026-02-26T17:56:14.672+0000] {logging_mixin.py:188} WARNING - /home/***/.local/lib/python3.12/site-packages/***/task/task_runner/standard_task_runner.py:62 DeprecationWarning: This process (pid=7147) is multi-threaded, use of fork() may lead to deadlocks in the child.
[2026-02-26T17:56:14.761+0000] {standard_task_runner.py:64} INFO - Started process 7225 to run task
[2026-02-26T17:56:15.054+0000] {task_command.py:426} INFO - Running <TaskInstance: oltp_s3_dwh.upload_s3_to_dwh_transactions scheduled__2025-10-01T00:00:00+00:00 [running]> on host 31b45edbecf3
[2026-02-26T17:56:15.361+0000] {taskinstance.py:2648} INFO - Exporting env vars: AIRFLOW_CTX_DAG_OWNER='***' AIRFLOW_CTX_DAG_ID='oltp_s3_dwh' AIRFLOW_CTX_TASK_ID='upload_s3_to_dwh_transactions' AIRFLOW_CTX_EXECUTION_DATE='2025-10-01T00:00:00+00:00' AIRFLOW_CTX_TRY_NUMBER='1' AIRFLOW_CTX_DAG_RUN_ID='scheduled__2025-10-01T00:00:00+00:00'
[2026-02-26T17:56:15.363+0000] {taskinstance.py:430} INFO - ::endgroup::
[2026-02-26T17:56:15.458+0000] {base.py:84} INFO - Using connection ID 'postgres_dwh' for task execution.
[2026-02-26T17:56:15.471+0000] {sql.py:495} INFO - Running statement: SELECT table_schema, table_name FROM information_schema.tables WHERE table_schema = 'staging';, parameters: None
[2026-02-26T17:56:15.484+0000] {sql.py:504} INFO - Rows affected: 9
[2026-02-26T17:56:15.486+0000] {logging_mixin.py:188} INFO - DEBUG: Доступные таблицы в схеме staging: [('staging', 'exchange_rates'), ('staging', 'users'), ('staging', 'accounts'), ('staging', 'transactions'), ('staging', 'dict_mcc'), ('staging', 'dict_merchants'), ('staging', 'dict_tariffs'), ('staging', 'cards'), ('staging', 'dict_regions')]
[2026-02-26T17:56:15.496+0000] {base.py:84} INFO - Using connection ID 'minio_conn_id' for task execution.
[2026-02-26T17:56:15.497+0000] {connection_wrapper.py:384} INFO - AWS Connection (conn_id='minio_conn_id', conn_type='aws') credentials retrieved from login and ***.
[2026-02-26T17:56:19.142+0000] {base.py:84} INFO - Using connection ID 'postgres_dwh' for task execution.
[2026-02-26T17:56:19.208+0000] {logging_mixin.py:188} INFO - Successfully loaded transactions using copy_expert
[2026-02-26T17:56:19.210+0000] {python.py:237} INFO - Done. Returned value was: None
[2026-02-26T17:56:19.211+0000] {taskinstance.py:441} INFO - ::group::Post task execution logs
[2026-02-26T17:56:19.225+0000] {taskinstance.py:1206} INFO - Marking task as SUCCESS. dag_id=oltp_s3_dwh, task_id=upload_s3_to_dwh_transactions, run_id=scheduled__2025-10-01T00:00:00+00:00, execution_date=20251001T000000, start_date=20260226T175614, end_date=20260226T175619
[2026-02-26T17:56:19.331+0000] {local_task_job_runner.py:243} INFO - Task exited with return code 0
[2026-02-26T17:56:19.413+0000] {taskinstance.py:3503} INFO - 0 downstream tasks scheduled from follow-on schedule check
[2026-02-26T17:56:19.425+0000] {local_task_job_runner.py:222} INFO - ::endgroup::
[2026-02-27T19:01:34.046+0000] {local_task_job_runner.py:120} INFO - ::group::Pre task execution logs
[2026-02-27T19:01:34.081+0000] {taskinstance.py:2076} INFO - Dependencies all met for dep_context=non-requeueable deps ti=<TaskInstance: oltp_s3_dwh.upload_s3_to_dwh_transactions scheduled__2025-10-01T00:00:00+00:00 [queued]>
[2026-02-27T19:01:34.108+0000] {taskinstance.py:2076} INFO - Dependencies all met for dep_context=requeueable deps ti=<TaskInstance: oltp_s3_dwh.upload_s3_to_dwh_transactions scheduled__2025-10-01T00:00:00+00:00 [queued]>
[2026-02-27T19:01:34.109+0000] {taskinstance.py:2306} INFO - Starting attempt 1 of 1
[2026-02-27T19:01:34.193+0000] {taskinstance.py:2330} INFO - Executing <Task(PythonOperator): upload_s3_to_dwh_transactions> on 2025-10-01 00:00:00+00:00
[2026-02-27T19:01:34.208+0000] {logging_mixin.py:188} WARNING - /home/***/.local/lib/python3.12/site-packages/***/task/task_runner/standard_task_runner.py:62 DeprecationWarning: This process (pid=32870) is multi-threaded, use of fork() may lead to deadlocks in the child.
[2026-02-27T19:01:34.210+0000] {standard_task_runner.py:64} INFO - Started process 32890 to run task
[2026-02-27T19:01:34.214+0000] {standard_task_runner.py:90} INFO - Running: ['***', 'tasks', 'run', 'oltp_s3_dwh', 'upload_s3_to_dwh_transactions', 'scheduled__2025-10-01T00:00:00+00:00', '--job-id', '1710', '--raw', '--subdir', 'DAGS_FOLDER/oltp_s3_dwh.py', '--cfg-path', '/tmp/tmp6atsvvsy']
[2026-02-27T19:01:34.238+0000] {standard_task_runner.py:91} INFO - Job 1710: Subtask upload_s3_to_dwh_transactions
[2026-02-27T19:01:34.423+0000] {task_command.py:426} INFO - Running <TaskInstance: oltp_s3_dwh.upload_s3_to_dwh_transactions scheduled__2025-10-01T00:00:00+00:00 [running]> on host 31b45edbecf3
[2026-02-27T19:01:34.680+0000] {taskinstance.py:2648} INFO - Exporting env vars: AIRFLOW_CTX_DAG_OWNER='***' AIRFLOW_CTX_DAG_ID='oltp_s3_dwh' AIRFLOW_CTX_TASK_ID='upload_s3_to_dwh_transactions' AIRFLOW_CTX_EXECUTION_DATE='2025-10-01T00:00:00+00:00' AIRFLOW_CTX_TRY_NUMBER='1' AIRFLOW_CTX_DAG_RUN_ID='scheduled__2025-10-01T00:00:00+00:00'
[2026-02-27T19:01:34.686+0000] {taskinstance.py:430} INFO - ::endgroup::
[2026-02-27T19:01:34.800+0000] {base.py:84} INFO - Using connection ID 'postgres_dwh' for task execution.
[2026-02-27T19:01:34.809+0000] {sql.py:495} INFO - Running statement: SELECT table_schema, table_name FROM information_schema.tables WHERE table_schema = 'staging';, parameters: None
[2026-02-27T19:01:34.814+0000] {sql.py:504} INFO - Rows affected: 9
[2026-02-27T19:01:34.815+0000] {logging_mixin.py:188} INFO - DEBUG: Доступные таблицы в схеме staging: [('staging', 'exchange_rates'), ('staging', 'cards'), ('staging', 'users'), ('staging', 'accounts'), ('staging', 'dict_regions'), ('staging', 'dict_tariffs'), ('staging', 'transactions'), ('staging', 'dict_merchants'), ('staging', 'dict_mcc')]
[2026-02-27T19:01:34.829+0000] {base.py:84} INFO - Using connection ID 'minio_conn_id' for task execution.
[2026-02-27T19:01:34.836+0000] {connection_wrapper.py:384} INFO - AWS Connection (conn_id='minio_conn_id', conn_type='aws') credentials retrieved from login and ***.
[2026-02-27T19:01:36.320+0000] {base.py:84} INFO - Using connection ID 'postgres_dwh' for task execution.
[2026-02-27T19:01:36.351+0000] {logging_mixin.py:188} INFO - Successfully loaded transactions using copy_expert
[2026-02-27T19:01:36.355+0000] {python.py:237} INFO - Done. Returned value was: None
[2026-02-27T19:01:36.356+0000] {taskinstance.py:441} INFO - ::group::Post task execution logs
[2026-02-27T19:01:36.382+0000] {taskinstance.py:1206} INFO - Marking task as SUCCESS. dag_id=oltp_s3_dwh, task_id=upload_s3_to_dwh_transactions, run_id=scheduled__2025-10-01T00:00:00+00:00, execution_date=20251001T000000, start_date=20260227T190134, end_date=20260227T190136
[2026-02-27T19:01:36.467+0000] {local_task_job_runner.py:243} INFO - Task exited with return code 0
[2026-02-27T19:01:36.498+0000] {local_task_job_runner.py:222} INFO - ::endgroup::
