[2026-02-26T17:55:44.654+0000] {local_task_job_runner.py:120} INFO - ::group::Pre task execution logs
[2026-02-26T17:55:44.725+0000] {taskinstance.py:2076} INFO - Dependencies all met for dep_context=non-requeueable deps ti=<TaskInstance: oltp_s3_dwh.upload_s3_to_dwh_cards scheduled__2025-04-01T00:00:00+00:00 [queued]>
[2026-02-26T17:55:44.778+0000] {taskinstance.py:2076} INFO - Dependencies all met for dep_context=requeueable deps ti=<TaskInstance: oltp_s3_dwh.upload_s3_to_dwh_cards scheduled__2025-04-01T00:00:00+00:00 [queued]>
[2026-02-26T17:55:44.782+0000] {taskinstance.py:2306} INFO - Starting attempt 1 of 1
[2026-02-26T17:55:44.877+0000] {taskinstance.py:2330} INFO - Executing <Task(PythonOperator): upload_s3_to_dwh_cards> on 2025-04-01 00:00:00+00:00
[2026-02-26T17:55:44.888+0000] {logging_mixin.py:188} WARNING - /home/***/.local/lib/python3.12/site-packages/***/task/task_runner/standard_task_runner.py:62 DeprecationWarning: This process (pid=6825) is multi-threaded, use of fork() may lead to deadlocks in the child.
[2026-02-26T17:55:44.892+0000] {standard_task_runner.py:64} INFO - Started process 6863 to run task
[2026-02-26T17:55:44.902+0000] {standard_task_runner.py:90} INFO - Running: ['***', 'tasks', 'run', 'oltp_s3_dwh', 'upload_s3_to_dwh_cards', 'scheduled__2025-04-01T00:00:00+00:00', '--job-id', '1197', '--raw', '--subdir', 'DAGS_FOLDER/oltp_s3_dwh.py', '--cfg-path', '/tmp/tmpz71379mb']
[2026-02-26T17:55:44.907+0000] {standard_task_runner.py:91} INFO - Job 1197: Subtask upload_s3_to_dwh_cards
[2026-02-26T17:55:45.129+0000] {task_command.py:426} INFO - Running <TaskInstance: oltp_s3_dwh.upload_s3_to_dwh_cards scheduled__2025-04-01T00:00:00+00:00 [running]> on host 31b45edbecf3
[2026-02-26T17:55:45.722+0000] {taskinstance.py:2648} INFO - Exporting env vars: AIRFLOW_CTX_DAG_OWNER='***' AIRFLOW_CTX_DAG_ID='oltp_s3_dwh' AIRFLOW_CTX_TASK_ID='upload_s3_to_dwh_cards' AIRFLOW_CTX_EXECUTION_DATE='2025-04-01T00:00:00+00:00' AIRFLOW_CTX_TRY_NUMBER='1' AIRFLOW_CTX_DAG_RUN_ID='scheduled__2025-04-01T00:00:00+00:00'
[2026-02-26T17:55:45.729+0000] {taskinstance.py:430} INFO - ::endgroup::
[2026-02-26T17:55:45.986+0000] {base.py:84} INFO - Using connection ID 'postgres_dwh' for task execution.
[2026-02-26T17:55:46.004+0000] {sql.py:495} INFO - Running statement: SELECT table_schema, table_name FROM information_schema.tables WHERE table_schema = 'staging';, parameters: None
[2026-02-26T17:55:46.010+0000] {sql.py:504} INFO - Rows affected: 9
[2026-02-26T17:55:46.015+0000] {logging_mixin.py:188} INFO - DEBUG: Доступные таблицы в схеме staging: [('staging', 'exchange_rates'), ('staging', 'users'), ('staging', 'accounts'), ('staging', 'dict_mcc'), ('staging', 'dict_regions'), ('staging', 'dict_tariffs'), ('staging', 'dict_merchants'), ('staging', 'cards'), ('staging', 'transactions')]
[2026-02-26T17:55:46.041+0000] {base.py:84} INFO - Using connection ID 'minio_conn_id' for task execution.
[2026-02-26T17:55:46.042+0000] {connection_wrapper.py:384} INFO - AWS Connection (conn_id='minio_conn_id', conn_type='aws') credentials retrieved from login and ***.
[2026-02-26T17:55:49.210+0000] {base.py:84} INFO - Using connection ID 'postgres_dwh' for task execution.
[2026-02-26T17:55:49.273+0000] {logging_mixin.py:188} INFO - Successfully loaded cards using copy_expert
[2026-02-26T17:55:49.275+0000] {python.py:237} INFO - Done. Returned value was: None
[2026-02-26T17:55:49.276+0000] {taskinstance.py:441} INFO - ::group::Post task execution logs
[2026-02-26T17:55:49.302+0000] {taskinstance.py:1206} INFO - Marking task as SUCCESS. dag_id=oltp_s3_dwh, task_id=upload_s3_to_dwh_cards, run_id=scheduled__2025-04-01T00:00:00+00:00, execution_date=20250401T000000, start_date=20260226T175544, end_date=20260226T175549
[2026-02-26T17:55:49.436+0000] {local_task_job_runner.py:243} INFO - Task exited with return code 0
[2026-02-26T17:55:49.469+0000] {taskinstance.py:3503} INFO - 0 downstream tasks scheduled from follow-on schedule check
[2026-02-26T17:55:49.477+0000] {local_task_job_runner.py:222} INFO - ::endgroup::
[2026-02-27T19:00:22.093+0000] {local_task_job_runner.py:120} INFO - ::group::Pre task execution logs
[2026-02-27T19:00:22.135+0000] {taskinstance.py:2076} INFO - Dependencies all met for dep_context=non-requeueable deps ti=<TaskInstance: oltp_s3_dwh.upload_s3_to_dwh_cards scheduled__2025-04-01T00:00:00+00:00 [queued]>
[2026-02-27T19:00:22.156+0000] {taskinstance.py:2076} INFO - Dependencies all met for dep_context=requeueable deps ti=<TaskInstance: oltp_s3_dwh.upload_s3_to_dwh_cards scheduled__2025-04-01T00:00:00+00:00 [queued]>
[2026-02-27T19:00:22.157+0000] {taskinstance.py:2306} INFO - Starting attempt 1 of 1
[2026-02-27T19:00:22.198+0000] {taskinstance.py:2330} INFO - Executing <Task(PythonOperator): upload_s3_to_dwh_cards> on 2025-04-01 00:00:00+00:00
[2026-02-27T19:00:22.232+0000] {standard_task_runner.py:90} INFO - Running: ['***', 'tasks', 'run', 'oltp_s3_dwh', 'upload_s3_to_dwh_cards', 'scheduled__2025-04-01T00:00:00+00:00', '--job-id', '1575', '--raw', '--subdir', 'DAGS_FOLDER/oltp_s3_dwh.py', '--cfg-path', '/tmp/tmphg1z0plg']
[2026-02-27T19:00:22.246+0000] {standard_task_runner.py:91} INFO - Job 1575: Subtask upload_s3_to_dwh_cards
[2026-02-27T19:00:22.246+0000] {logging_mixin.py:188} WARNING - /home/***/.local/lib/python3.12/site-packages/***/task/task_runner/standard_task_runner.py:62 DeprecationWarning: This process (pid=32219) is multi-threaded, use of fork() may lead to deadlocks in the child.
[2026-02-27T19:00:22.253+0000] {standard_task_runner.py:64} INFO - Started process 32256 to run task
[2026-02-27T19:00:22.359+0000] {task_command.py:426} INFO - Running <TaskInstance: oltp_s3_dwh.upload_s3_to_dwh_cards scheduled__2025-04-01T00:00:00+00:00 [running]> on host 31b45edbecf3
[2026-02-27T19:00:22.609+0000] {taskinstance.py:2648} INFO - Exporting env vars: AIRFLOW_CTX_DAG_OWNER='***' AIRFLOW_CTX_DAG_ID='oltp_s3_dwh' AIRFLOW_CTX_TASK_ID='upload_s3_to_dwh_cards' AIRFLOW_CTX_EXECUTION_DATE='2025-04-01T00:00:00+00:00' AIRFLOW_CTX_TRY_NUMBER='1' AIRFLOW_CTX_DAG_RUN_ID='scheduled__2025-04-01T00:00:00+00:00'
[2026-02-27T19:00:22.612+0000] {taskinstance.py:430} INFO - ::endgroup::
[2026-02-27T19:00:22.710+0000] {base.py:84} INFO - Using connection ID 'postgres_dwh' for task execution.
[2026-02-27T19:00:22.720+0000] {sql.py:495} INFO - Running statement: SELECT table_schema, table_name FROM information_schema.tables WHERE table_schema = 'staging';, parameters: None
[2026-02-27T19:00:22.736+0000] {sql.py:504} INFO - Rows affected: 9
[2026-02-27T19:00:22.741+0000] {logging_mixin.py:188} INFO - DEBUG: Доступные таблицы в схеме staging: [('staging', 'exchange_rates'), ('staging', 'cards'), ('staging', 'users'), ('staging', 'accounts'), ('staging', 'dict_tariffs'), ('staging', 'transactions'), ('staging', 'dict_mcc'), ('staging', 'dict_regions'), ('staging', 'dict_merchants')]
[2026-02-27T19:00:22.757+0000] {base.py:84} INFO - Using connection ID 'minio_conn_id' for task execution.
[2026-02-27T19:00:22.758+0000] {connection_wrapper.py:384} INFO - AWS Connection (conn_id='minio_conn_id', conn_type='aws') credentials retrieved from login and ***.
[2026-02-27T19:00:23.595+0000] {logging_mixin.py:188} INFO - Файл raw/not_dict/cards/2025-04-01/data.parquet не найден в S3. Пропускаем загрузку.
[2026-02-27T19:00:23.598+0000] {python.py:237} INFO - Done. Returned value was: None
[2026-02-27T19:00:23.599+0000] {taskinstance.py:441} INFO - ::group::Post task execution logs
[2026-02-27T19:00:23.641+0000] {taskinstance.py:1206} INFO - Marking task as SUCCESS. dag_id=oltp_s3_dwh, task_id=upload_s3_to_dwh_cards, run_id=scheduled__2025-04-01T00:00:00+00:00, execution_date=20250401T000000, start_date=20260227T190022, end_date=20260227T190023
[2026-02-27T19:00:23.851+0000] {local_task_job_runner.py:243} INFO - Task exited with return code 0
[2026-02-27T19:00:23.895+0000] {local_task_job_runner.py:222} INFO - ::endgroup::
