[2026-02-27T10:32:16.490+0000] {local_task_job_runner.py:120} INFO - ::group::Pre task execution logs
[2026-02-27T10:32:16.544+0000] {taskinstance.py:2076} INFO - Dependencies all met for dep_context=non-requeueable deps ti=<TaskInstance: staging_to_core.wait_for_dict_mcc scheduled__2025-10-01T00:00:00+00:00 [queued]>
[2026-02-27T10:32:16.563+0000] {taskinstance.py:2076} INFO - Dependencies all met for dep_context=requeueable deps ti=<TaskInstance: staging_to_core.wait_for_dict_mcc scheduled__2025-10-01T00:00:00+00:00 [queued]>
[2026-02-27T10:32:16.565+0000] {taskinstance.py:2306} INFO - Starting attempt 1 of 1
[2026-02-27T10:32:16.595+0000] {taskinstance.py:2330} INFO - Executing <Task(ExternalTaskSensor): wait_for_dict_mcc> on 2025-10-01 00:00:00+00:00
[2026-02-27T10:32:16.607+0000] {logging_mixin.py:188} WARNING - /home/***/.local/lib/python3.12/site-packages/***/task/task_runner/standard_task_runner.py:62 DeprecationWarning: This process (pid=9509) is multi-threaded, use of fork() may lead to deadlocks in the child.
[2026-02-27T10:32:16.609+0000] {standard_task_runner.py:64} INFO - Started process 9510 to run task
[2026-02-27T10:32:16.609+0000] {standard_task_runner.py:90} INFO - Running: ['***', 'tasks', 'run', 'staging_to_core', 'wait_for_dict_mcc', 'scheduled__2025-10-01T00:00:00+00:00', '--job-id', '1439', '--raw', '--subdir', 'DAGS_FOLDER/staging_to_core.py', '--cfg-path', '/tmp/tmpplhuhikc']
[2026-02-27T10:32:16.611+0000] {standard_task_runner.py:91} INFO - Job 1439: Subtask wait_for_dict_mcc
[2026-02-27T10:32:16.697+0000] {task_command.py:426} INFO - Running <TaskInstance: staging_to_core.wait_for_dict_mcc scheduled__2025-10-01T00:00:00+00:00 [running]> on host 31b45edbecf3
[2026-02-27T10:32:16.838+0000] {taskinstance.py:2648} INFO - Exporting env vars: AIRFLOW_CTX_DAG_OWNER='***' AIRFLOW_CTX_DAG_ID='staging_to_core' AIRFLOW_CTX_TASK_ID='wait_for_dict_mcc' AIRFLOW_CTX_EXECUTION_DATE='2025-10-01T00:00:00+00:00' AIRFLOW_CTX_TRY_NUMBER='1' AIRFLOW_CTX_DAG_RUN_ID='scheduled__2025-10-01T00:00:00+00:00'
[2026-02-27T10:32:16.840+0000] {taskinstance.py:430} INFO - ::endgroup::
[2026-02-27T10:32:16.858+0000] {baseoperator.py:400} WARNING - ExternalTaskSensor.execute cannot be called outside TaskInstance!
[2026-02-27T10:32:16.872+0000] {external_task.py:258} INFO - Poking for tasks ['upload_s3_to_dwh_dict_mcc'] in dag oltp_s3_dwh on 2025-10-01T00:00:00+00:00 ... 
[2026-02-27T10:32:16.875+0000] {logging_mixin.py:188} WARNING - /home/***/.local/lib/python3.12/site-packages/***/utils/session.py:79 DeprecationWarning: This method is deprecated and will be removed in future.
[2026-02-27T10:32:16.889+0000] {base.py:294} INFO - Success criteria met. Exiting.
[2026-02-27T10:32:16.890+0000] {taskinstance.py:441} INFO - ::group::Post task execution logs
[2026-02-27T10:32:16.904+0000] {taskinstance.py:1206} INFO - Marking task as SUCCESS. dag_id=staging_to_core, task_id=wait_for_dict_mcc, run_id=scheduled__2025-10-01T00:00:00+00:00, execution_date=20251001T000000, start_date=20260227T103216, end_date=20260227T103216
[2026-02-27T10:32:16.951+0000] {local_task_job_runner.py:243} INFO - Task exited with return code 0
[2026-02-27T10:32:16.970+0000] {logging_mixin.py:188} WARNING - /home/***/.local/lib/python3.12/site-packages/***/models/baseoperator.py:1297 AirflowProviderDeprecationWarning: Call to deprecated class PostgresOperator. (Please use `***.providers.common.sql.operators.sql.SQLExecuteQueryOperator`.Also, you can provide `hook_params={'schema': <database>}`.)
[2026-02-27T10:32:17.016+0000] {taskinstance.py:3503} INFO - 1 downstream tasks scheduled from follow-on schedule check
[2026-02-27T10:32:17.033+0000] {local_task_job_runner.py:222} INFO - ::endgroup::
[2026-02-27T19:04:11.891+0000] {local_task_job_runner.py:120} INFO - ::group::Pre task execution logs
[2026-02-27T19:04:11.936+0000] {taskinstance.py:2076} INFO - Dependencies all met for dep_context=non-requeueable deps ti=<TaskInstance: staging_to_core.wait_for_dict_mcc scheduled__2025-10-01T00:00:00+00:00 [queued]>
[2026-02-27T19:04:11.947+0000] {taskinstance.py:2076} INFO - Dependencies all met for dep_context=requeueable deps ti=<TaskInstance: staging_to_core.wait_for_dict_mcc scheduled__2025-10-01T00:00:00+00:00 [queued]>
[2026-02-27T19:04:11.948+0000] {taskinstance.py:2306} INFO - Starting attempt 1 of 1
[2026-02-27T19:04:11.964+0000] {taskinstance.py:2330} INFO - Executing <Task(ExternalTaskSensor): wait_for_dict_mcc> on 2025-10-01 00:00:00+00:00
[2026-02-27T19:04:11.973+0000] {logging_mixin.py:188} WARNING - /home/***/.local/lib/python3.12/site-packages/***/task/task_runner/standard_task_runner.py:62 DeprecationWarning: This process (pid=33558) is multi-threaded, use of fork() may lead to deadlocks in the child.
[2026-02-27T19:04:11.973+0000] {standard_task_runner.py:90} INFO - Running: ['***', 'tasks', 'run', 'staging_to_core', 'wait_for_dict_mcc', 'scheduled__2025-10-01T00:00:00+00:00', '--job-id', '1871', '--raw', '--subdir', 'DAGS_FOLDER/staging_to_core.py', '--cfg-path', '/tmp/tmpsbp62vet']
[2026-02-27T19:04:11.974+0000] {standard_task_runner.py:64} INFO - Started process 33559 to run task
[2026-02-27T19:04:11.975+0000] {standard_task_runner.py:91} INFO - Job 1871: Subtask wait_for_dict_mcc
[2026-02-27T19:04:12.038+0000] {task_command.py:426} INFO - Running <TaskInstance: staging_to_core.wait_for_dict_mcc scheduled__2025-10-01T00:00:00+00:00 [running]> on host 31b45edbecf3
[2026-02-27T19:04:12.157+0000] {taskinstance.py:2648} INFO - Exporting env vars: AIRFLOW_CTX_DAG_OWNER='***' AIRFLOW_CTX_DAG_ID='staging_to_core' AIRFLOW_CTX_TASK_ID='wait_for_dict_mcc' AIRFLOW_CTX_EXECUTION_DATE='2025-10-01T00:00:00+00:00' AIRFLOW_CTX_TRY_NUMBER='1' AIRFLOW_CTX_DAG_RUN_ID='scheduled__2025-10-01T00:00:00+00:00'
[2026-02-27T19:04:12.159+0000] {taskinstance.py:430} INFO - ::endgroup::
[2026-02-27T19:04:12.176+0000] {baseoperator.py:400} WARNING - ExternalTaskSensor.execute cannot be called outside TaskInstance!
[2026-02-27T19:04:12.187+0000] {external_task.py:258} INFO - Poking for tasks ['upload_s3_to_dwh_dict_mcc'] in dag oltp_s3_dwh on 2025-10-01T00:00:00+00:00 ... 
[2026-02-27T19:04:12.190+0000] {logging_mixin.py:188} WARNING - /home/***/.local/lib/python3.12/site-packages/***/utils/session.py:79 DeprecationWarning: This method is deprecated and will be removed in future.
[2026-02-27T19:04:12.204+0000] {base.py:294} INFO - Success criteria met. Exiting.
[2026-02-27T19:04:12.205+0000] {taskinstance.py:441} INFO - ::group::Post task execution logs
[2026-02-27T19:04:12.217+0000] {taskinstance.py:1206} INFO - Marking task as SUCCESS. dag_id=staging_to_core, task_id=wait_for_dict_mcc, run_id=scheduled__2025-10-01T00:00:00+00:00, execution_date=20251001T000000, start_date=20260227T190411, end_date=20260227T190412
[2026-02-27T19:04:12.272+0000] {local_task_job_runner.py:243} INFO - Task exited with return code 0
[2026-02-27T19:04:12.287+0000] {logging_mixin.py:188} WARNING - /home/***/.local/lib/python3.12/site-packages/***/models/baseoperator.py:1297 AirflowProviderDeprecationWarning: Call to deprecated class PostgresOperator. (Please use `***.providers.common.sql.operators.sql.SQLExecuteQueryOperator`.Also, you can provide `hook_params={'schema': <database>}`.)
[2026-02-27T19:04:12.329+0000] {taskinstance.py:3503} INFO - 1 downstream tasks scheduled from follow-on schedule check
[2026-02-27T19:04:12.332+0000] {local_task_job_runner.py:222} INFO - ::endgroup::
