[2026-02-26T17:50:18.608+0000] {local_task_job_runner.py:120} INFO - ::group::Pre task execution logs
[2026-02-26T17:50:18.638+0000] {taskinstance.py:2076} INFO - Dependencies all met for dep_context=non-requeueable deps ti=<TaskInstance: oltp_s3_dwh.upload_s3_to_dwh_dict_merchants scheduled__2025-01-01T00:00:00+00:00 [queued]>
[2026-02-26T17:50:18.666+0000] {taskinstance.py:2076} INFO - Dependencies all met for dep_context=requeueable deps ti=<TaskInstance: oltp_s3_dwh.upload_s3_to_dwh_dict_merchants scheduled__2025-01-01T00:00:00+00:00 [queued]>
[2026-02-26T17:50:18.696+0000] {taskinstance.py:2306} INFO - Starting attempt 1 of 1
[2026-02-26T17:50:18.738+0000] {taskinstance.py:2330} INFO - Executing <Task(PythonOperator): upload_s3_to_dwh_dict_merchants> on 2025-01-01 00:00:00+00:00
[2026-02-26T17:50:18.768+0000] {logging_mixin.py:188} WARNING - /home/***/.local/lib/python3.12/site-packages/***/task/task_runner/standard_task_runner.py:62 DeprecationWarning: This process (pid=6375) is multi-threaded, use of fork() may lead to deadlocks in the child.
[2026-02-26T17:50:18.776+0000] {standard_task_runner.py:64} INFO - Started process 6393 to run task
[2026-02-26T17:50:18.776+0000] {standard_task_runner.py:90} INFO - Running: ['***', 'tasks', 'run', 'oltp_s3_dwh', 'upload_s3_to_dwh_dict_merchants', 'scheduled__2025-01-01T00:00:00+00:00', '--job-id', '1169', '--raw', '--subdir', 'DAGS_FOLDER/oltp_s3_dwh.py', '--cfg-path', '/tmp/tmp7qqkii6e']
[2026-02-26T17:50:18.784+0000] {standard_task_runner.py:91} INFO - Job 1169: Subtask upload_s3_to_dwh_dict_merchants
[2026-02-26T17:50:18.909+0000] {task_command.py:426} INFO - Running <TaskInstance: oltp_s3_dwh.upload_s3_to_dwh_dict_merchants scheduled__2025-01-01T00:00:00+00:00 [running]> on host 31b45edbecf3
[2026-02-26T17:50:19.153+0000] {taskinstance.py:2648} INFO - Exporting env vars: AIRFLOW_CTX_DAG_OWNER='***' AIRFLOW_CTX_DAG_ID='oltp_s3_dwh' AIRFLOW_CTX_TASK_ID='upload_s3_to_dwh_dict_merchants' AIRFLOW_CTX_EXECUTION_DATE='2025-01-01T00:00:00+00:00' AIRFLOW_CTX_TRY_NUMBER='1' AIRFLOW_CTX_DAG_RUN_ID='scheduled__2025-01-01T00:00:00+00:00'
[2026-02-26T17:50:19.156+0000] {taskinstance.py:430} INFO - ::endgroup::
[2026-02-26T17:50:19.236+0000] {base.py:84} INFO - Using connection ID 'postgres_dwh' for task execution.
[2026-02-26T17:50:19.261+0000] {sql.py:495} INFO - Running statement: SELECT table_schema, table_name FROM information_schema.tables WHERE table_schema = 'staging';, parameters: None
[2026-02-26T17:50:19.265+0000] {sql.py:504} INFO - Rows affected: 9
[2026-02-26T17:50:19.269+0000] {logging_mixin.py:188} INFO - DEBUG: Доступные таблицы в схеме staging: [('staging', 'exchange_rates'), ('staging', 'dict_mcc'), ('staging', 'dict_merchants'), ('staging', 'cards'), ('staging', 'dict_tariffs'), ('staging', 'transactions'), ('staging', 'dict_regions'), ('staging', 'users'), ('staging', 'accounts')]
[2026-02-26T17:50:19.281+0000] {base.py:84} INFO - Using connection ID 'minio_conn_id' for task execution.
[2026-02-26T17:50:19.292+0000] {connection_wrapper.py:384} INFO - AWS Connection (conn_id='minio_conn_id', conn_type='aws') credentials retrieved from login and ***.
[2026-02-26T17:50:19.790+0000] {base.py:84} INFO - Using connection ID 'postgres_dwh' for task execution.
[2026-02-26T17:50:19.805+0000] {logging_mixin.py:188} INFO - Successfully loaded dict_merchants using copy_expert
[2026-02-26T17:50:19.809+0000] {python.py:237} INFO - Done. Returned value was: None
[2026-02-26T17:50:19.814+0000] {taskinstance.py:441} INFO - ::group::Post task execution logs
[2026-02-26T17:50:19.828+0000] {taskinstance.py:1206} INFO - Marking task as SUCCESS. dag_id=oltp_s3_dwh, task_id=upload_s3_to_dwh_dict_merchants, run_id=scheduled__2025-01-01T00:00:00+00:00, execution_date=20250101T000000, start_date=20260226T175018, end_date=20260226T175019
[2026-02-26T17:50:19.909+0000] {local_task_job_runner.py:243} INFO - Task exited with return code 0
[2026-02-26T17:50:19.936+0000] {taskinstance.py:3503} INFO - 0 downstream tasks scheduled from follow-on schedule check
[2026-02-26T17:50:19.941+0000] {local_task_job_runner.py:222} INFO - ::endgroup::
[2026-02-27T18:59:05.338+0000] {local_task_job_runner.py:120} INFO - ::group::Pre task execution logs
[2026-02-27T18:59:05.379+0000] {taskinstance.py:2076} INFO - Dependencies all met for dep_context=non-requeueable deps ti=<TaskInstance: oltp_s3_dwh.upload_s3_to_dwh_dict_merchants scheduled__2025-01-01T00:00:00+00:00 [queued]>
[2026-02-27T18:59:05.397+0000] {taskinstance.py:2076} INFO - Dependencies all met for dep_context=requeueable deps ti=<TaskInstance: oltp_s3_dwh.upload_s3_to_dwh_dict_merchants scheduled__2025-01-01T00:00:00+00:00 [queued]>
[2026-02-27T18:59:05.407+0000] {taskinstance.py:2306} INFO - Starting attempt 1 of 1
[2026-02-27T18:59:05.439+0000] {taskinstance.py:2330} INFO - Executing <Task(PythonOperator): upload_s3_to_dwh_dict_merchants> on 2025-01-01 00:00:00+00:00
[2026-02-27T18:59:05.466+0000] {logging_mixin.py:188} WARNING - /home/***/.local/lib/python3.12/site-packages/***/task/task_runner/standard_task_runner.py:62 DeprecationWarning: This process (pid=31812) is multi-threaded, use of fork() may lead to deadlocks in the child.
[2026-02-27T18:59:05.474+0000] {standard_task_runner.py:64} INFO - Started process 31825 to run task
[2026-02-27T18:59:05.500+0000] {standard_task_runner.py:90} INFO - Running: ['***', 'tasks', 'run', 'oltp_s3_dwh', 'upload_s3_to_dwh_dict_merchants', 'scheduled__2025-01-01T00:00:00+00:00', '--job-id', '1514', '--raw', '--subdir', 'DAGS_FOLDER/oltp_s3_dwh.py', '--cfg-path', '/tmp/tmptqde_sff']
[2026-02-27T18:59:05.504+0000] {standard_task_runner.py:91} INFO - Job 1514: Subtask upload_s3_to_dwh_dict_merchants
[2026-02-27T18:59:05.678+0000] {task_command.py:426} INFO - Running <TaskInstance: oltp_s3_dwh.upload_s3_to_dwh_dict_merchants scheduled__2025-01-01T00:00:00+00:00 [running]> on host 31b45edbecf3
[2026-02-27T18:59:05.925+0000] {taskinstance.py:2648} INFO - Exporting env vars: AIRFLOW_CTX_DAG_OWNER='***' AIRFLOW_CTX_DAG_ID='oltp_s3_dwh' AIRFLOW_CTX_TASK_ID='upload_s3_to_dwh_dict_merchants' AIRFLOW_CTX_EXECUTION_DATE='2025-01-01T00:00:00+00:00' AIRFLOW_CTX_TRY_NUMBER='1' AIRFLOW_CTX_DAG_RUN_ID='scheduled__2025-01-01T00:00:00+00:00'
[2026-02-27T18:59:05.931+0000] {taskinstance.py:430} INFO - ::endgroup::
[2026-02-27T18:59:06.051+0000] {base.py:84} INFO - Using connection ID 'postgres_dwh' for task execution.
[2026-02-27T18:59:06.075+0000] {sql.py:495} INFO - Running statement: SELECT table_schema, table_name FROM information_schema.tables WHERE table_schema = 'staging';, parameters: None
[2026-02-27T18:59:06.078+0000] {sql.py:504} INFO - Rows affected: 9
[2026-02-27T18:59:06.083+0000] {logging_mixin.py:188} INFO - DEBUG: Доступные таблицы в схеме staging: [('staging', 'exchange_rates'), ('staging', 'transactions'), ('staging', 'cards'), ('staging', 'dict_merchants'), ('staging', 'dict_mcc'), ('staging', 'accounts'), ('staging', 'dict_tariffs'), ('staging', 'users'), ('staging', 'dict_regions')]
[2026-02-27T18:59:06.111+0000] {base.py:84} INFO - Using connection ID 'minio_conn_id' for task execution.
[2026-02-27T18:59:06.115+0000] {connection_wrapper.py:384} INFO - AWS Connection (conn_id='minio_conn_id', conn_type='aws') credentials retrieved from login and ***.
[2026-02-27T18:59:06.926+0000] {base.py:84} INFO - Using connection ID 'postgres_dwh' for task execution.
[2026-02-27T18:59:06.950+0000] {logging_mixin.py:188} INFO - Successfully loaded dict_merchants using copy_expert
[2026-02-27T18:59:06.952+0000] {python.py:237} INFO - Done. Returned value was: None
[2026-02-27T18:59:06.953+0000] {taskinstance.py:441} INFO - ::group::Post task execution logs
[2026-02-27T18:59:06.964+0000] {taskinstance.py:1206} INFO - Marking task as SUCCESS. dag_id=oltp_s3_dwh, task_id=upload_s3_to_dwh_dict_merchants, run_id=scheduled__2025-01-01T00:00:00+00:00, execution_date=20250101T000000, start_date=20260227T185905, end_date=20260227T185906
[2026-02-27T18:59:07.027+0000] {local_task_job_runner.py:243} INFO - Task exited with return code 0
[2026-02-27T18:59:07.064+0000] {taskinstance.py:3503} INFO - 0 downstream tasks scheduled from follow-on schedule check
[2026-02-27T18:59:07.076+0000] {local_task_job_runner.py:222} INFO - ::endgroup::
