[2026-02-28T11:49:27.769+0000] {local_task_job_runner.py:120} INFO - ::group::Pre task execution logs
[2026-02-28T11:49:27.798+0000] {taskinstance.py:2076} INFO - Dependencies all met for dep_context=non-requeueable deps ti=<TaskInstance: oltp_s3_dwh.upload_postgre_to_s3_dict_merchants scheduled__2025-02-01T00:00:00+00:00 [queued]>
[2026-02-28T11:49:27.809+0000] {taskinstance.py:2076} INFO - Dependencies all met for dep_context=requeueable deps ti=<TaskInstance: oltp_s3_dwh.upload_postgre_to_s3_dict_merchants scheduled__2025-02-01T00:00:00+00:00 [queued]>
[2026-02-28T11:49:27.810+0000] {taskinstance.py:2306} INFO - Starting attempt 7 of 7
[2026-02-28T11:49:27.857+0000] {taskinstance.py:2330} INFO - Executing <Task(PythonOperator): upload_postgre_to_s3_dict_merchants> on 2025-02-01 00:00:00+00:00
[2026-02-28T11:49:27.893+0000] {logging_mixin.py:188} WARNING - /home/***/.local/lib/python3.12/site-packages/***/task/task_runner/standard_task_runner.py:62 DeprecationWarning: This process (pid=9634) is multi-threaded, use of fork() may lead to deadlocks in the child.
[2026-02-28T11:49:27.896+0000] {standard_task_runner.py:64} INFO - Started process 9653 to run task
[2026-02-28T11:49:27.924+0000] {standard_task_runner.py:90} INFO - Running: ['***', 'tasks', 'run', 'oltp_s3_dwh', 'upload_postgre_to_s3_dict_merchants', 'scheduled__2025-02-01T00:00:00+00:00', '--job-id', '2089', '--raw', '--subdir', 'DAGS_FOLDER/oltp_s3_dwh.py', '--cfg-path', '/tmp/tmp4wwd6dsm']
[2026-02-28T11:49:27.933+0000] {standard_task_runner.py:91} INFO - Job 2089: Subtask upload_postgre_to_s3_dict_merchants
[2026-02-28T11:49:28.070+0000] {task_command.py:426} INFO - Running <TaskInstance: oltp_s3_dwh.upload_postgre_to_s3_dict_merchants scheduled__2025-02-01T00:00:00+00:00 [running]> on host 31b45edbecf3
[2026-02-28T11:49:28.452+0000] {taskinstance.py:2648} INFO - Exporting env vars: AIRFLOW_CTX_DAG_OWNER='***' AIRFLOW_CTX_DAG_ID='oltp_s3_dwh' AIRFLOW_CTX_TASK_ID='upload_postgre_to_s3_dict_merchants' AIRFLOW_CTX_EXECUTION_DATE='2025-02-01T00:00:00+00:00' AIRFLOW_CTX_TRY_NUMBER='7' AIRFLOW_CTX_DAG_RUN_ID='scheduled__2025-02-01T00:00:00+00:00'
[2026-02-28T11:49:28.456+0000] {taskinstance.py:430} INFO - ::endgroup::
[2026-02-28T11:49:28.559+0000] {base.py:84} INFO - Using connection ID 'postgres_oltp' for task execution.
[2026-02-28T11:49:28.560+0000] {logging_mixin.py:188} INFO - DEBUG: Host: postgres_oltp
[2026-02-28T11:49:28.563+0000] {logging_mixin.py:188} INFO - DEBUG: DB Name: oltp_db
[2026-02-28T11:49:28.564+0000] {logging_mixin.py:188} INFO - DEBUG: Генерируемый SQL-запрос: select * from dict_merchants
[2026-02-28T11:49:28.592+0000] {base.py:84} INFO - Using connection ID 'postgres_oltp' for task execution.
[2026-02-28T11:49:28.610+0000] {logging_mixin.py:188} WARNING - /home/***/.local/lib/python3.12/site-packages/***/providers/common/sql/hooks/sql.py:269 UserWarning: pandas only supports SQLAlchemy connectable (engine/connection) or database string URI or sqlite3 DBAPI2 connection. Other DBAPI2 objects are not tested. Please consider using SQLAlchemy.
[2026-02-28T11:49:28.786+0000] {base.py:84} INFO - Using connection ID 'minio_conn_id' for task execution.
[2026-02-28T11:49:28.788+0000] {connection_wrapper.py:384} INFO - AWS Connection (conn_id='minio_conn_id', conn_type='aws') credentials retrieved from login and ***.
[2026-02-28T11:49:30.189+0000] {logging_mixin.py:188} INFO - За 2025-02-01 в S3 загружено - 100 строк
[2026-02-28T11:49:30.190+0000] {python.py:237} INFO - Done. Returned value was: None
[2026-02-28T11:49:30.191+0000] {taskinstance.py:441} INFO - ::group::Post task execution logs
[2026-02-28T11:49:30.211+0000] {taskinstance.py:1206} INFO - Marking task as SUCCESS. dag_id=oltp_s3_dwh, task_id=upload_postgre_to_s3_dict_merchants, run_id=scheduled__2025-02-01T00:00:00+00:00, execution_date=20250201T000000, start_date=20260228T114927, end_date=20260228T114930
[2026-02-28T11:49:30.341+0000] {local_task_job_runner.py:243} INFO - Task exited with return code 0
[2026-02-28T11:49:30.558+0000] {taskinstance.py:3503} INFO - 1 downstream tasks scheduled from follow-on schedule check
[2026-02-28T11:49:30.599+0000] {local_task_job_runner.py:222} INFO - ::endgroup::
