[2026-02-26T17:56:22.136+0000] {local_task_job_runner.py:120} INFO - ::group::Pre task execution logs
[2026-02-26T17:56:22.208+0000] {taskinstance.py:2076} INFO - Dependencies all met for dep_context=non-requeueable deps ti=<TaskInstance: oltp_s3_dwh.upload_s3_to_dwh_transactions scheduled__2025-12-01T00:00:00+00:00 [queued]>
[2026-02-26T17:56:22.236+0000] {taskinstance.py:2076} INFO - Dependencies all met for dep_context=requeueable deps ti=<TaskInstance: oltp_s3_dwh.upload_s3_to_dwh_transactions scheduled__2025-12-01T00:00:00+00:00 [queued]>
[2026-02-26T17:56:22.242+0000] {taskinstance.py:2306} INFO - Starting attempt 1 of 1
[2026-02-26T17:56:22.292+0000] {taskinstance.py:2330} INFO - Executing <Task(PythonOperator): upload_s3_to_dwh_transactions> on 2025-12-01 00:00:00+00:00
[2026-02-26T17:56:22.327+0000] {logging_mixin.py:188} WARNING - /home/***/.local/lib/python3.12/site-packages/***/task/task_runner/standard_task_runner.py:62 DeprecationWarning: This process (pid=7245) is multi-threaded, use of fork() may lead to deadlocks in the child.
[2026-02-26T17:56:22.345+0000] {standard_task_runner.py:64} INFO - Started process 7312 to run task
[2026-02-26T17:56:22.357+0000] {standard_task_runner.py:90} INFO - Running: ['***', 'tasks', 'run', 'oltp_s3_dwh', 'upload_s3_to_dwh_transactions', 'scheduled__2025-12-01T00:00:00+00:00', '--job-id', '1255', '--raw', '--subdir', 'DAGS_FOLDER/oltp_s3_dwh.py', '--cfg-path', '/tmp/tmp48vyirpv']
[2026-02-26T17:56:22.371+0000] {standard_task_runner.py:91} INFO - Job 1255: Subtask upload_s3_to_dwh_transactions
[2026-02-26T17:56:22.520+0000] {task_command.py:426} INFO - Running <TaskInstance: oltp_s3_dwh.upload_s3_to_dwh_transactions scheduled__2025-12-01T00:00:00+00:00 [running]> on host 31b45edbecf3
[2026-02-26T17:56:22.789+0000] {taskinstance.py:2648} INFO - Exporting env vars: AIRFLOW_CTX_DAG_OWNER='***' AIRFLOW_CTX_DAG_ID='oltp_s3_dwh' AIRFLOW_CTX_TASK_ID='upload_s3_to_dwh_transactions' AIRFLOW_CTX_EXECUTION_DATE='2025-12-01T00:00:00+00:00' AIRFLOW_CTX_TRY_NUMBER='1' AIRFLOW_CTX_DAG_RUN_ID='scheduled__2025-12-01T00:00:00+00:00'
[2026-02-26T17:56:22.791+0000] {taskinstance.py:430} INFO - ::endgroup::
[2026-02-26T17:56:22.872+0000] {base.py:84} INFO - Using connection ID 'postgres_dwh' for task execution.
[2026-02-26T17:56:22.891+0000] {sql.py:495} INFO - Running statement: SELECT table_schema, table_name FROM information_schema.tables WHERE table_schema = 'staging';, parameters: None
[2026-02-26T17:56:22.899+0000] {sql.py:504} INFO - Rows affected: 9
[2026-02-26T17:56:22.902+0000] {logging_mixin.py:188} INFO - DEBUG: Доступные таблицы в схеме staging: [('staging', 'exchange_rates'), ('staging', 'users'), ('staging', 'accounts'), ('staging', 'dict_mcc'), ('staging', 'dict_tariffs'), ('staging', 'cards'), ('staging', 'dict_merchants'), ('staging', 'dict_regions'), ('staging', 'transactions')]
[2026-02-26T17:56:22.924+0000] {base.py:84} INFO - Using connection ID 'minio_conn_id' for task execution.
[2026-02-26T17:56:22.928+0000] {connection_wrapper.py:384} INFO - AWS Connection (conn_id='minio_conn_id', conn_type='aws') credentials retrieved from login and ***.
[2026-02-26T17:56:26.081+0000] {base.py:84} INFO - Using connection ID 'postgres_dwh' for task execution.
[2026-02-26T17:56:26.179+0000] {logging_mixin.py:188} INFO - Successfully loaded transactions using copy_expert
[2026-02-26T17:56:26.181+0000] {python.py:237} INFO - Done. Returned value was: None
[2026-02-26T17:56:26.190+0000] {taskinstance.py:441} INFO - ::group::Post task execution logs
[2026-02-26T17:56:26.282+0000] {taskinstance.py:1206} INFO - Marking task as SUCCESS. dag_id=oltp_s3_dwh, task_id=upload_s3_to_dwh_transactions, run_id=scheduled__2025-12-01T00:00:00+00:00, execution_date=20251201T000000, start_date=20260226T175622, end_date=20260226T175626
[2026-02-26T17:56:26.402+0000] {local_task_job_runner.py:243} INFO - Task exited with return code 0
[2026-02-26T17:56:26.514+0000] {taskinstance.py:3503} INFO - 0 downstream tasks scheduled from follow-on schedule check
[2026-02-26T17:56:26.541+0000] {local_task_job_runner.py:222} INFO - ::endgroup::
[2026-02-27T19:01:58.144+0000] {local_task_job_runner.py:120} INFO - ::group::Pre task execution logs
[2026-02-27T19:01:58.239+0000] {taskinstance.py:2076} INFO - Dependencies all met for dep_context=non-requeueable deps ti=<TaskInstance: oltp_s3_dwh.upload_s3_to_dwh_transactions scheduled__2025-12-01T00:00:00+00:00 [queued]>
[2026-02-27T19:01:58.250+0000] {taskinstance.py:2076} INFO - Dependencies all met for dep_context=requeueable deps ti=<TaskInstance: oltp_s3_dwh.upload_s3_to_dwh_transactions scheduled__2025-12-01T00:00:00+00:00 [queued]>
[2026-02-27T19:01:58.251+0000] {taskinstance.py:2306} INFO - Starting attempt 1 of 1
[2026-02-27T19:01:58.270+0000] {taskinstance.py:2330} INFO - Executing <Task(PythonOperator): upload_s3_to_dwh_transactions> on 2025-12-01 00:00:00+00:00
[2026-02-27T19:01:58.294+0000] {logging_mixin.py:188} WARNING - /home/***/.local/lib/python3.12/site-packages/***/task/task_runner/standard_task_runner.py:62 DeprecationWarning: This process (pid=33094) is multi-threaded, use of fork() may lead to deadlocks in the child.
[2026-02-27T19:01:58.314+0000] {standard_task_runner.py:64} INFO - Started process 33112 to run task
[2026-02-27T19:01:58.308+0000] {standard_task_runner.py:90} INFO - Running: ['***', 'tasks', 'run', 'oltp_s3_dwh', 'upload_s3_to_dwh_transactions', 'scheduled__2025-12-01T00:00:00+00:00', '--job-id', '1755', '--raw', '--subdir', 'DAGS_FOLDER/oltp_s3_dwh.py', '--cfg-path', '/tmp/tmp_lkwous0']
[2026-02-27T19:01:58.323+0000] {standard_task_runner.py:91} INFO - Job 1755: Subtask upload_s3_to_dwh_transactions
[2026-02-27T19:01:58.464+0000] {task_command.py:426} INFO - Running <TaskInstance: oltp_s3_dwh.upload_s3_to_dwh_transactions scheduled__2025-12-01T00:00:00+00:00 [running]> on host 31b45edbecf3
[2026-02-27T19:01:58.737+0000] {taskinstance.py:2648} INFO - Exporting env vars: AIRFLOW_CTX_DAG_OWNER='***' AIRFLOW_CTX_DAG_ID='oltp_s3_dwh' AIRFLOW_CTX_TASK_ID='upload_s3_to_dwh_transactions' AIRFLOW_CTX_EXECUTION_DATE='2025-12-01T00:00:00+00:00' AIRFLOW_CTX_TRY_NUMBER='1' AIRFLOW_CTX_DAG_RUN_ID='scheduled__2025-12-01T00:00:00+00:00'
[2026-02-27T19:01:58.749+0000] {taskinstance.py:430} INFO - ::endgroup::
[2026-02-27T19:01:58.847+0000] {base.py:84} INFO - Using connection ID 'postgres_dwh' for task execution.
[2026-02-27T19:01:58.854+0000] {sql.py:495} INFO - Running statement: SELECT table_schema, table_name FROM information_schema.tables WHERE table_schema = 'staging';, parameters: None
[2026-02-27T19:01:58.858+0000] {sql.py:504} INFO - Rows affected: 9
[2026-02-27T19:01:58.863+0000] {logging_mixin.py:188} INFO - DEBUG: Доступные таблицы в схеме staging: [('staging', 'exchange_rates'), ('staging', 'cards'), ('staging', 'users'), ('staging', 'accounts'), ('staging', 'dict_tariffs'), ('staging', 'dict_merchants'), ('staging', 'dict_mcc'), ('staging', 'dict_regions'), ('staging', 'transactions')]
[2026-02-27T19:01:58.924+0000] {base.py:84} INFO - Using connection ID 'minio_conn_id' for task execution.
[2026-02-27T19:01:58.926+0000] {connection_wrapper.py:384} INFO - AWS Connection (conn_id='minio_conn_id', conn_type='aws') credentials retrieved from login and ***.
[2026-02-27T19:01:59.784+0000] {base.py:84} INFO - Using connection ID 'postgres_dwh' for task execution.
[2026-02-27T19:01:59.800+0000] {logging_mixin.py:188} INFO - Successfully loaded transactions using copy_expert
[2026-02-27T19:01:59.803+0000] {python.py:237} INFO - Done. Returned value was: None
[2026-02-27T19:01:59.804+0000] {taskinstance.py:441} INFO - ::group::Post task execution logs
[2026-02-27T19:01:59.823+0000] {taskinstance.py:1206} INFO - Marking task as SUCCESS. dag_id=oltp_s3_dwh, task_id=upload_s3_to_dwh_transactions, run_id=scheduled__2025-12-01T00:00:00+00:00, execution_date=20251201T000000, start_date=20260227T190158, end_date=20260227T190159
[2026-02-27T19:01:59.856+0000] {local_task_job_runner.py:243} INFO - Task exited with return code 0
[2026-02-27T19:01:59.881+0000] {taskinstance.py:3503} INFO - 0 downstream tasks scheduled from follow-on schedule check
[2026-02-27T19:01:59.884+0000] {local_task_job_runner.py:222} INFO - ::endgroup::
