[2026-02-26T11:50:53.615+0000] {local_task_job_runner.py:120} INFO - ::group::Pre task execution logs
[2026-02-26T11:50:53.683+0000] {taskinstance.py:2076} INFO - Dependencies all met for dep_context=non-requeueable deps ti=<TaskInstance: oltp_s3_dwh.upload_postgre_to_s3_dict_merchants scheduled__2025-03-01T00:00:00+00:00 [queued]>
[2026-02-26T11:50:53.728+0000] {taskinstance.py:2076} INFO - Dependencies all met for dep_context=requeueable deps ti=<TaskInstance: oltp_s3_dwh.upload_postgre_to_s3_dict_merchants scheduled__2025-03-01T00:00:00+00:00 [queued]>
[2026-02-26T11:50:53.729+0000] {taskinstance.py:2306} INFO - Starting attempt 1 of 1
[2026-02-26T11:50:53.757+0000] {taskinstance.py:2330} INFO - Executing <Task(PythonOperator): upload_postgre_to_s3_dict_merchants> on 2025-03-01 00:00:00+00:00
[2026-02-26T11:50:53.774+0000] {logging_mixin.py:188} WARNING - /home/***/.local/lib/python3.12/site-packages/***/task/task_runner/standard_task_runner.py:62 DeprecationWarning: This process (pid=3064) is multi-threaded, use of fork() may lead to deadlocks in the child.
[2026-02-26T11:50:53.788+0000] {standard_task_runner.py:90} INFO - Running: ['***', 'tasks', 'run', 'oltp_s3_dwh', 'upload_postgre_to_s3_dict_merchants', 'scheduled__2025-03-01T00:00:00+00:00', '--job-id', '931', '--raw', '--subdir', 'DAGS_FOLDER/oltp_s3_dwh_dict.py', '--cfg-path', '/tmp/tmpcfxqq8cq']
[2026-02-26T11:50:53.797+0000] {standard_task_runner.py:64} INFO - Started process 3074 to run task
[2026-02-26T11:50:53.798+0000] {standard_task_runner.py:91} INFO - Job 931: Subtask upload_postgre_to_s3_dict_merchants
[2026-02-26T11:50:53.936+0000] {task_command.py:426} INFO - Running <TaskInstance: oltp_s3_dwh.upload_postgre_to_s3_dict_merchants scheduled__2025-03-01T00:00:00+00:00 [running]> on host 31b45edbecf3
[2026-02-26T11:50:54.151+0000] {taskinstance.py:2648} INFO - Exporting env vars: AIRFLOW_CTX_DAG_OWNER='***' AIRFLOW_CTX_DAG_ID='oltp_s3_dwh' AIRFLOW_CTX_TASK_ID='upload_postgre_to_s3_dict_merchants' AIRFLOW_CTX_EXECUTION_DATE='2025-03-01T00:00:00+00:00' AIRFLOW_CTX_TRY_NUMBER='1' AIRFLOW_CTX_DAG_RUN_ID='scheduled__2025-03-01T00:00:00+00:00'
[2026-02-26T11:50:54.153+0000] {taskinstance.py:430} INFO - ::endgroup::
[2026-02-26T11:50:54.211+0000] {base.py:84} INFO - Using connection ID 'postgres_oltp' for task execution.
[2026-02-26T11:50:54.271+0000] {logging_mixin.py:188} WARNING - /home/***/.local/lib/python3.12/site-packages/***/providers/common/sql/hooks/sql.py:269 UserWarning: pandas only supports SQLAlchemy connectable (engine/connection) or database string URI or sqlite3 DBAPI2 connection. Other DBAPI2 objects are not tested. Please consider using SQLAlchemy.
[2026-02-26T11:50:54.457+0000] {base.py:84} INFO - Using connection ID 'minio_conn_id' for task execution.
[2026-02-26T11:50:54.458+0000] {connection_wrapper.py:384} INFO - AWS Connection (conn_id='minio_conn_id', conn_type='aws') credentials retrieved from login and ***.
[2026-02-26T11:50:55.320+0000] {python.py:237} INFO - Done. Returned value was: None
[2026-02-26T11:50:55.321+0000] {taskinstance.py:441} INFO - ::group::Post task execution logs
[2026-02-26T11:50:55.338+0000] {taskinstance.py:1206} INFO - Marking task as SUCCESS. dag_id=oltp_s3_dwh, task_id=upload_postgre_to_s3_dict_merchants, run_id=scheduled__2025-03-01T00:00:00+00:00, execution_date=20250301T000000, start_date=20260226T115053, end_date=20260226T115055
[2026-02-26T11:50:55.382+0000] {local_task_job_runner.py:243} INFO - Task exited with return code 0
[2026-02-26T11:50:55.403+0000] {taskinstance.py:3503} INFO - 0 downstream tasks scheduled from follow-on schedule check
[2026-02-26T11:50:55.409+0000] {local_task_job_runner.py:222} INFO - ::endgroup::
[2026-02-27T19:00:05.898+0000] {local_task_job_runner.py:120} INFO - ::group::Pre task execution logs
[2026-02-27T19:00:05.959+0000] {taskinstance.py:2076} INFO - Dependencies all met for dep_context=non-requeueable deps ti=<TaskInstance: oltp_s3_dwh.upload_postgre_to_s3_dict_merchants scheduled__2025-03-01T00:00:00+00:00 [queued]>
[2026-02-27T19:00:05.994+0000] {taskinstance.py:2076} INFO - Dependencies all met for dep_context=requeueable deps ti=<TaskInstance: oltp_s3_dwh.upload_postgre_to_s3_dict_merchants scheduled__2025-03-01T00:00:00+00:00 [queued]>
[2026-02-27T19:00:05.995+0000] {taskinstance.py:2306} INFO - Starting attempt 1 of 1
[2026-02-27T19:00:06.045+0000] {taskinstance.py:2330} INFO - Executing <Task(PythonOperator): upload_postgre_to_s3_dict_merchants> on 2025-03-01 00:00:00+00:00
[2026-02-27T19:00:06.072+0000] {standard_task_runner.py:90} INFO - Running: ['***', 'tasks', 'run', 'oltp_s3_dwh', 'upload_postgre_to_s3_dict_merchants', 'scheduled__2025-03-01T00:00:00+00:00', '--job-id', '1552', '--raw', '--subdir', 'DAGS_FOLDER/oltp_s3_dwh.py', '--cfg-path', '/tmp/tmp3xv84rtd']
[2026-02-27T19:00:06.085+0000] {standard_task_runner.py:91} INFO - Job 1552: Subtask upload_postgre_to_s3_dict_merchants
[2026-02-27T19:00:06.076+0000] {logging_mixin.py:188} WARNING - /home/***/.local/lib/python3.12/site-packages/***/task/task_runner/standard_task_runner.py:62 DeprecationWarning: This process (pid=32098) is multi-threaded, use of fork() may lead to deadlocks in the child.
[2026-02-27T19:00:06.104+0000] {standard_task_runner.py:64} INFO - Started process 32116 to run task
[2026-02-27T19:00:06.350+0000] {task_command.py:426} INFO - Running <TaskInstance: oltp_s3_dwh.upload_postgre_to_s3_dict_merchants scheduled__2025-03-01T00:00:00+00:00 [running]> on host 31b45edbecf3
[2026-02-27T19:00:06.662+0000] {taskinstance.py:2648} INFO - Exporting env vars: AIRFLOW_CTX_DAG_OWNER='***' AIRFLOW_CTX_DAG_ID='oltp_s3_dwh' AIRFLOW_CTX_TASK_ID='upload_postgre_to_s3_dict_merchants' AIRFLOW_CTX_EXECUTION_DATE='2025-03-01T00:00:00+00:00' AIRFLOW_CTX_TRY_NUMBER='1' AIRFLOW_CTX_DAG_RUN_ID='scheduled__2025-03-01T00:00:00+00:00'
[2026-02-27T19:00:06.664+0000] {taskinstance.py:430} INFO - ::endgroup::
[2026-02-27T19:00:06.738+0000] {base.py:84} INFO - Using connection ID 'postgres_oltp' for task execution.
[2026-02-27T19:00:06.762+0000] {logging_mixin.py:188} WARNING - /home/***/.local/lib/python3.12/site-packages/***/providers/common/sql/hooks/sql.py:269 UserWarning: pandas only supports SQLAlchemy connectable (engine/connection) or database string URI or sqlite3 DBAPI2 connection. Other DBAPI2 objects are not tested. Please consider using SQLAlchemy.
[2026-02-27T19:00:06.877+0000] {base.py:84} INFO - Using connection ID 'minio_conn_id' for task execution.
[2026-02-27T19:00:06.887+0000] {connection_wrapper.py:384} INFO - AWS Connection (conn_id='minio_conn_id', conn_type='aws') credentials retrieved from login and ***.
[2026-02-27T19:00:07.465+0000] {python.py:237} INFO - Done. Returned value was: None
[2026-02-27T19:00:07.467+0000] {taskinstance.py:441} INFO - ::group::Post task execution logs
[2026-02-27T19:00:07.480+0000] {taskinstance.py:1206} INFO - Marking task as SUCCESS. dag_id=oltp_s3_dwh, task_id=upload_postgre_to_s3_dict_merchants, run_id=scheduled__2025-03-01T00:00:00+00:00, execution_date=20250301T000000, start_date=20260227T190005, end_date=20260227T190007
[2026-02-27T19:00:07.526+0000] {local_task_job_runner.py:243} INFO - Task exited with return code 0
[2026-02-27T19:00:07.560+0000] {local_task_job_runner.py:222} INFO - ::endgroup::
