[2026-02-26T17:56:23.152+0000] {local_task_job_runner.py:120} INFO - ::group::Pre task execution logs
[2026-02-26T17:56:23.238+0000] {taskinstance.py:2076} INFO - Dependencies all met for dep_context=non-requeueable deps ti=<TaskInstance: oltp_s3_dwh.upload_s3_to_dwh_dict_tariffs scheduled__2025-12-01T00:00:00+00:00 [queued]>
[2026-02-26T17:56:23.282+0000] {taskinstance.py:2076} INFO - Dependencies all met for dep_context=requeueable deps ti=<TaskInstance: oltp_s3_dwh.upload_s3_to_dwh_dict_tariffs scheduled__2025-12-01T00:00:00+00:00 [queued]>
[2026-02-26T17:56:23.284+0000] {taskinstance.py:2306} INFO - Starting attempt 1 of 1
[2026-02-26T17:56:23.361+0000] {taskinstance.py:2330} INFO - Executing <Task(PythonOperator): upload_s3_to_dwh_dict_tariffs> on 2025-12-01 00:00:00+00:00
[2026-02-26T17:56:23.424+0000] {logging_mixin.py:188} WARNING - /home/***/.local/lib/python3.12/site-packages/***/task/task_runner/standard_task_runner.py:62 DeprecationWarning: This process (pid=7274) is multi-threaded, use of fork() may lead to deadlocks in the child.
[2026-02-26T17:56:23.441+0000] {standard_task_runner.py:64} INFO - Started process 7332 to run task
[2026-02-26T17:56:23.456+0000] {standard_task_runner.py:90} INFO - Running: ['***', 'tasks', 'run', 'oltp_s3_dwh', 'upload_s3_to_dwh_dict_tariffs', 'scheduled__2025-12-01T00:00:00+00:00', '--job-id', '1261', '--raw', '--subdir', 'DAGS_FOLDER/oltp_s3_dwh.py', '--cfg-path', '/tmp/tmp2yuz0i72']
[2026-02-26T17:56:23.045+0000] {standard_task_runner.py:91} INFO - Job 1261: Subtask upload_s3_to_dwh_dict_tariffs
[2026-02-26T17:56:22.801+0000] {task_command.py:426} INFO - Running <TaskInstance: oltp_s3_dwh.upload_s3_to_dwh_dict_tariffs scheduled__2025-12-01T00:00:00+00:00 [running]> on host 31b45edbecf3
[2026-02-26T17:56:23.352+0000] {taskinstance.py:2648} INFO - Exporting env vars: AIRFLOW_CTX_DAG_OWNER='***' AIRFLOW_CTX_DAG_ID='oltp_s3_dwh' AIRFLOW_CTX_TASK_ID='upload_s3_to_dwh_dict_tariffs' AIRFLOW_CTX_EXECUTION_DATE='2025-12-01T00:00:00+00:00' AIRFLOW_CTX_TRY_NUMBER='1' AIRFLOW_CTX_DAG_RUN_ID='scheduled__2025-12-01T00:00:00+00:00'
[2026-02-26T17:56:23.374+0000] {taskinstance.py:430} INFO - ::endgroup::
[2026-02-26T17:56:23.827+0000] {base.py:84} INFO - Using connection ID 'postgres_dwh' for task execution.
[2026-02-26T17:56:23.861+0000] {sql.py:495} INFO - Running statement: SELECT table_schema, table_name FROM information_schema.tables WHERE table_schema = 'staging';, parameters: None
[2026-02-26T17:56:23.866+0000] {sql.py:504} INFO - Rows affected: 9
[2026-02-26T17:56:23.870+0000] {logging_mixin.py:188} INFO - DEBUG: Доступные таблицы в схеме staging: [('staging', 'exchange_rates'), ('staging', 'users'), ('staging', 'accounts'), ('staging', 'dict_mcc'), ('staging', 'dict_tariffs'), ('staging', 'cards'), ('staging', 'dict_merchants'), ('staging', 'dict_regions'), ('staging', 'transactions')]
[2026-02-26T17:56:23.895+0000] {base.py:84} INFO - Using connection ID 'minio_conn_id' for task execution.
[2026-02-26T17:56:23.922+0000] {connection_wrapper.py:384} INFO - AWS Connection (conn_id='minio_conn_id', conn_type='aws') credentials retrieved from login and ***.
[2026-02-26T17:56:27.515+0000] {base.py:84} INFO - Using connection ID 'postgres_dwh' for task execution.
[2026-02-26T17:56:27.547+0000] {logging_mixin.py:188} INFO - Successfully loaded dict_tariffs using copy_expert
[2026-02-26T17:56:27.565+0000] {python.py:237} INFO - Done. Returned value was: None
[2026-02-26T17:56:27.584+0000] {taskinstance.py:441} INFO - ::group::Post task execution logs
[2026-02-26T17:56:27.658+0000] {taskinstance.py:1206} INFO - Marking task as SUCCESS. dag_id=oltp_s3_dwh, task_id=upload_s3_to_dwh_dict_tariffs, run_id=scheduled__2025-12-01T00:00:00+00:00, execution_date=20251201T000000, start_date=20260226T175623, end_date=20260226T175627
[2026-02-26T17:56:27.934+0000] {local_task_job_runner.py:243} INFO - Task exited with return code 0
[2026-02-26T17:56:28.144+0000] {taskinstance.py:3503} INFO - 0 downstream tasks scheduled from follow-on schedule check
[2026-02-26T17:56:28.186+0000] {local_task_job_runner.py:222} INFO - ::endgroup::
[2026-02-27T19:01:57.726+0000] {local_task_job_runner.py:120} INFO - ::group::Pre task execution logs
[2026-02-27T19:01:57.762+0000] {taskinstance.py:2076} INFO - Dependencies all met for dep_context=non-requeueable deps ti=<TaskInstance: oltp_s3_dwh.upload_s3_to_dwh_dict_tariffs scheduled__2025-12-01T00:00:00+00:00 [queued]>
[2026-02-27T19:01:57.785+0000] {taskinstance.py:2076} INFO - Dependencies all met for dep_context=requeueable deps ti=<TaskInstance: oltp_s3_dwh.upload_s3_to_dwh_dict_tariffs scheduled__2025-12-01T00:00:00+00:00 [queued]>
[2026-02-27T19:01:57.786+0000] {taskinstance.py:2306} INFO - Starting attempt 1 of 1
[2026-02-27T19:01:57.848+0000] {taskinstance.py:2330} INFO - Executing <Task(PythonOperator): upload_s3_to_dwh_dict_tariffs> on 2025-12-01 00:00:00+00:00
[2026-02-27T19:01:57.883+0000] {logging_mixin.py:188} WARNING - /home/***/.local/lib/python3.12/site-packages/***/task/task_runner/standard_task_runner.py:62 DeprecationWarning: This process (pid=33095) is multi-threaded, use of fork() may lead to deadlocks in the child.
[2026-02-27T19:01:57.886+0000] {standard_task_runner.py:64} INFO - Started process 33108 to run task
[2026-02-27T19:01:57.876+0000] {standard_task_runner.py:90} INFO - Running: ['***', 'tasks', 'run', 'oltp_s3_dwh', 'upload_s3_to_dwh_dict_tariffs', 'scheduled__2025-12-01T00:00:00+00:00', '--job-id', '1751', '--raw', '--subdir', 'DAGS_FOLDER/oltp_s3_dwh.py', '--cfg-path', '/tmp/tmp706cehd6']
[2026-02-27T19:01:57.891+0000] {standard_task_runner.py:91} INFO - Job 1751: Subtask upload_s3_to_dwh_dict_tariffs
[2026-02-27T19:01:58.055+0000] {task_command.py:426} INFO - Running <TaskInstance: oltp_s3_dwh.upload_s3_to_dwh_dict_tariffs scheduled__2025-12-01T00:00:00+00:00 [running]> on host 31b45edbecf3
[2026-02-27T19:01:58.339+0000] {taskinstance.py:2648} INFO - Exporting env vars: AIRFLOW_CTX_DAG_OWNER='***' AIRFLOW_CTX_DAG_ID='oltp_s3_dwh' AIRFLOW_CTX_TASK_ID='upload_s3_to_dwh_dict_tariffs' AIRFLOW_CTX_EXECUTION_DATE='2025-12-01T00:00:00+00:00' AIRFLOW_CTX_TRY_NUMBER='1' AIRFLOW_CTX_DAG_RUN_ID='scheduled__2025-12-01T00:00:00+00:00'
[2026-02-27T19:01:58.341+0000] {taskinstance.py:430} INFO - ::endgroup::
[2026-02-27T19:01:58.394+0000] {base.py:84} INFO - Using connection ID 'postgres_dwh' for task execution.
[2026-02-27T19:01:58.405+0000] {sql.py:495} INFO - Running statement: SELECT table_schema, table_name FROM information_schema.tables WHERE table_schema = 'staging';, parameters: None
[2026-02-27T19:01:58.411+0000] {sql.py:504} INFO - Rows affected: 9
[2026-02-27T19:01:58.418+0000] {logging_mixin.py:188} INFO - DEBUG: Доступные таблицы в схеме staging: [('staging', 'exchange_rates'), ('staging', 'cards'), ('staging', 'users'), ('staging', 'accounts'), ('staging', 'dict_tariffs'), ('staging', 'dict_merchants'), ('staging', 'dict_mcc'), ('staging', 'dict_regions'), ('staging', 'transactions')]
[2026-02-27T19:01:58.434+0000] {base.py:84} INFO - Using connection ID 'minio_conn_id' for task execution.
[2026-02-27T19:01:58.436+0000] {connection_wrapper.py:384} INFO - AWS Connection (conn_id='minio_conn_id', conn_type='aws') credentials retrieved from login and ***.
[2026-02-27T19:01:59.536+0000] {base.py:84} INFO - Using connection ID 'postgres_dwh' for task execution.
[2026-02-27T19:01:59.556+0000] {logging_mixin.py:188} INFO - Successfully loaded dict_tariffs using copy_expert
[2026-02-27T19:01:59.558+0000] {python.py:237} INFO - Done. Returned value was: None
[2026-02-27T19:01:59.559+0000] {taskinstance.py:441} INFO - ::group::Post task execution logs
[2026-02-27T19:01:59.591+0000] {taskinstance.py:1206} INFO - Marking task as SUCCESS. dag_id=oltp_s3_dwh, task_id=upload_s3_to_dwh_dict_tariffs, run_id=scheduled__2025-12-01T00:00:00+00:00, execution_date=20251201T000000, start_date=20260227T190157, end_date=20260227T190159
[2026-02-27T19:01:59.652+0000] {local_task_job_runner.py:243} INFO - Task exited with return code 0
[2026-02-27T19:01:59.686+0000] {taskinstance.py:3503} INFO - 0 downstream tasks scheduled from follow-on schedule check
[2026-02-27T19:01:59.694+0000] {local_task_job_runner.py:222} INFO - ::endgroup::
