[2026-02-28T11:50:50.016+0000] {local_task_job_runner.py:120} INFO - ::group::Pre task execution logs
[2026-02-28T11:50:50.056+0000] {taskinstance.py:2076} INFO - Dependencies all met for dep_context=non-requeueable deps ti=<TaskInstance: staging_to_core.transform_users_to_core scheduled__2025-02-01T00:00:00+00:00 [queued]>
[2026-02-28T11:50:50.066+0000] {taskinstance.py:2076} INFO - Dependencies all met for dep_context=requeueable deps ti=<TaskInstance: staging_to_core.transform_users_to_core scheduled__2025-02-01T00:00:00+00:00 [queued]>
[2026-02-28T11:50:50.066+0000] {taskinstance.py:2306} INFO - Starting attempt 2 of 2
[2026-02-28T11:50:50.080+0000] {taskinstance.py:2330} INFO - Executing <Task(PostgresOperator): transform_users_to_core> on 2025-02-01 00:00:00+00:00
[2026-02-28T11:50:50.088+0000] {logging_mixin.py:188} WARNING - /home/***/.local/lib/python3.12/site-packages/***/task/task_runner/standard_task_runner.py:62 DeprecationWarning: This process (pid=9836) is multi-threaded, use of fork() may lead to deadlocks in the child.
[2026-02-28T11:50:50.087+0000] {standard_task_runner.py:90} INFO - Running: ['***', 'tasks', 'run', 'staging_to_core', 'transform_users_to_core', 'scheduled__2025-02-01T00:00:00+00:00', '--job-id', '2113', '--raw', '--subdir', 'DAGS_FOLDER/staging_to_core.py', '--cfg-path', '/tmp/tmpswp_2d5o']
[2026-02-28T11:50:50.089+0000] {standard_task_runner.py:64} INFO - Started process 9837 to run task
[2026-02-28T11:50:50.089+0000] {standard_task_runner.py:91} INFO - Job 2113: Subtask transform_users_to_core
[2026-02-28T11:50:50.140+0000] {task_command.py:426} INFO - Running <TaskInstance: staging_to_core.transform_users_to_core scheduled__2025-02-01T00:00:00+00:00 [running]> on host 31b45edbecf3
[2026-02-28T11:50:50.252+0000] {taskinstance.py:2648} INFO - Exporting env vars: AIRFLOW_CTX_DAG_OWNER='***' AIRFLOW_CTX_DAG_ID='staging_to_core' AIRFLOW_CTX_TASK_ID='transform_users_to_core' AIRFLOW_CTX_EXECUTION_DATE='2025-02-01T00:00:00+00:00' AIRFLOW_CTX_TRY_NUMBER='2' AIRFLOW_CTX_DAG_RUN_ID='scheduled__2025-02-01T00:00:00+00:00'
[2026-02-28T11:50:50.254+0000] {taskinstance.py:430} INFO - ::endgroup::
[2026-02-28T11:50:50.271+0000] {sql.py:282} INFO - Executing: 
                    INSERT INTO core.users
                    SELECT * FROM staging.users
                    ON CONFLICT (user_id) 
                    DO UPDATE SET
                        full_name = EXCLUDED.full_name, gender = EXCLUDED.gender, birth_date = EXCLUDED.birth_date, region_id = EXCLUDED.region_id, is_active = EXCLUDED.is_active;
                
[2026-02-28T11:50:50.289+0000] {base.py:84} INFO - Using connection ID 'postgres_dwh' for task execution.
[2026-02-28T11:50:50.304+0000] {base.py:84} INFO - Using connection ID 'postgres_dwh' for task execution.
[2026-02-28T11:50:50.317+0000] {sql.py:495} INFO - Running statement: 
                    INSERT INTO core.users
                    SELECT * FROM staging.users
                    ON CONFLICT (user_id) 
                    DO UPDATE SET
                        full_name = EXCLUDED.full_name, gender = EXCLUDED.gender, birth_date = EXCLUDED.birth_date, region_id = EXCLUDED.region_id, is_active = EXCLUDED.is_active;
                , parameters: None
[2026-02-28T11:50:50.336+0000] {sql.py:504} INFO - Rows affected: 751
[2026-02-28T11:50:50.342+0000] {taskinstance.py:441} INFO - ::group::Post task execution logs
[2026-02-28T11:50:50.355+0000] {taskinstance.py:1206} INFO - Marking task as SUCCESS. dag_id=staging_to_core, task_id=transform_users_to_core, run_id=scheduled__2025-02-01T00:00:00+00:00, execution_date=20250201T000000, start_date=20260228T115050, end_date=20260228T115050
[2026-02-28T11:50:50.430+0000] {local_task_job_runner.py:243} INFO - Task exited with return code 0
[2026-02-28T11:50:50.465+0000] {logging_mixin.py:188} WARNING - /home/***/.local/lib/python3.12/site-packages/***/models/baseoperator.py:1297 AirflowProviderDeprecationWarning: Call to deprecated class PostgresOperator. (Please use `***.providers.common.sql.operators.sql.SQLExecuteQueryOperator`.Also, you can provide `hook_params={'schema': <database>}`.)
[2026-02-28T11:50:50.521+0000] {taskinstance.py:3503} INFO - 0 downstream tasks scheduled from follow-on schedule check
[2026-02-28T11:50:50.527+0000] {local_task_job_runner.py:222} INFO - ::endgroup::
