[2026-02-26T12:07:03.251+0000] {local_task_job_runner.py:120} INFO - ::group::Pre task execution logs
[2026-02-26T12:07:03.305+0000] {taskinstance.py:2076} INFO - Dependencies all met for dep_context=non-requeueable deps ti=<TaskInstance: oltp_s3_dwh.upload_postgre_to_s3_users scheduled__2025-06-01T00:00:00+00:00 [queued]>
[2026-02-26T12:07:03.330+0000] {taskinstance.py:2076} INFO - Dependencies all met for dep_context=requeueable deps ti=<TaskInstance: oltp_s3_dwh.upload_postgre_to_s3_users scheduled__2025-06-01T00:00:00+00:00 [queued]>
[2026-02-26T12:07:03.333+0000] {taskinstance.py:2306} INFO - Starting attempt 1 of 1
[2026-02-26T12:07:03.356+0000] {taskinstance.py:2330} INFO - Executing <Task(PythonOperator): upload_postgre_to_s3_users> on 2025-06-01 00:00:00+00:00
[2026-02-26T12:07:03.388+0000] {standard_task_runner.py:90} INFO - Running: ['***', 'tasks', 'run', 'oltp_s3_dwh', 'upload_postgre_to_s3_users', 'scheduled__2025-06-01T00:00:00+00:00', '--job-id', '1031', '--raw', '--subdir', 'DAGS_FOLDER/oltp_s3_dwh_dict.py', '--cfg-path', '/tmp/tmptx8oy_a_']
[2026-02-26T12:07:03.398+0000] {standard_task_runner.py:91} INFO - Job 1031: Subtask upload_postgre_to_s3_users
[2026-02-26T12:07:03.390+0000] {logging_mixin.py:188} WARNING - /home/***/.local/lib/python3.12/site-packages/***/task/task_runner/standard_task_runner.py:62 DeprecationWarning: This process (pid=4556) is multi-threaded, use of fork() may lead to deadlocks in the child.
[2026-02-26T12:07:03.401+0000] {standard_task_runner.py:64} INFO - Started process 4584 to run task
[2026-02-26T12:07:03.537+0000] {task_command.py:426} INFO - Running <TaskInstance: oltp_s3_dwh.upload_postgre_to_s3_users scheduled__2025-06-01T00:00:00+00:00 [running]> on host 31b45edbecf3
[2026-02-26T12:07:03.811+0000] {taskinstance.py:2648} INFO - Exporting env vars: AIRFLOW_CTX_DAG_OWNER='***' AIRFLOW_CTX_DAG_ID='oltp_s3_dwh' AIRFLOW_CTX_TASK_ID='upload_postgre_to_s3_users' AIRFLOW_CTX_EXECUTION_DATE='2025-06-01T00:00:00+00:00' AIRFLOW_CTX_TRY_NUMBER='1' AIRFLOW_CTX_DAG_RUN_ID='scheduled__2025-06-01T00:00:00+00:00'
[2026-02-26T12:07:03.815+0000] {taskinstance.py:430} INFO - ::endgroup::
[2026-02-26T12:07:03.869+0000] {base.py:84} INFO - Using connection ID 'postgres_oltp' for task execution.
[2026-02-26T12:07:03.888+0000] {logging_mixin.py:188} WARNING - /home/***/.local/lib/python3.12/site-packages/***/providers/common/sql/hooks/sql.py:269 UserWarning: pandas only supports SQLAlchemy connectable (engine/connection) or database string URI or sqlite3 DBAPI2 connection. Other DBAPI2 objects are not tested. Please consider using SQLAlchemy.
[2026-02-26T12:07:03.943+0000] {logging_mixin.py:188} INFO - В таблице users нет данных
[2026-02-26T12:07:03.943+0000] {python.py:237} INFO - Done. Returned value was: None
[2026-02-26T12:07:03.945+0000] {taskinstance.py:441} INFO - ::group::Post task execution logs
[2026-02-26T12:07:03.961+0000] {taskinstance.py:1206} INFO - Marking task as SUCCESS. dag_id=oltp_s3_dwh, task_id=upload_postgre_to_s3_users, run_id=scheduled__2025-06-01T00:00:00+00:00, execution_date=20250601T000000, start_date=20260226T120703, end_date=20260226T120703
[2026-02-26T12:07:04.044+0000] {local_task_job_runner.py:243} INFO - Task exited with return code 0
[2026-02-26T12:07:04.100+0000] {taskinstance.py:3503} INFO - 0 downstream tasks scheduled from follow-on schedule check
[2026-02-26T12:07:04.119+0000] {local_task_job_runner.py:222} INFO - ::endgroup::
[2026-02-27T19:00:43.608+0000] {local_task_job_runner.py:120} INFO - ::group::Pre task execution logs
[2026-02-27T19:00:43.656+0000] {taskinstance.py:2076} INFO - Dependencies all met for dep_context=non-requeueable deps ti=<TaskInstance: oltp_s3_dwh.upload_postgre_to_s3_users scheduled__2025-06-01T00:00:00+00:00 [queued]>
[2026-02-27T19:00:43.684+0000] {taskinstance.py:2076} INFO - Dependencies all met for dep_context=requeueable deps ti=<TaskInstance: oltp_s3_dwh.upload_postgre_to_s3_users scheduled__2025-06-01T00:00:00+00:00 [queued]>
[2026-02-27T19:00:43.688+0000] {taskinstance.py:2306} INFO - Starting attempt 1 of 1
[2026-02-27T19:00:43.729+0000] {taskinstance.py:2330} INFO - Executing <Task(PythonOperator): upload_postgre_to_s3_users> on 2025-06-01 00:00:00+00:00
[2026-02-27T19:00:43.764+0000] {logging_mixin.py:188} WARNING - /home/***/.local/lib/python3.12/site-packages/***/task/task_runner/standard_task_runner.py:62 DeprecationWarning: This process (pid=32400) is multi-threaded, use of fork() may lead to deadlocks in the child.
[2026-02-27T19:00:43.767+0000] {standard_task_runner.py:64} INFO - Started process 32420 to run task
[2026-02-27T19:00:43.775+0000] {standard_task_runner.py:90} INFO - Running: ['***', 'tasks', 'run', 'oltp_s3_dwh', 'upload_postgre_to_s3_users', 'scheduled__2025-06-01T00:00:00+00:00', '--job-id', '1614', '--raw', '--subdir', 'DAGS_FOLDER/oltp_s3_dwh.py', '--cfg-path', '/tmp/tmp6e7xuay4']
[2026-02-27T19:00:43.794+0000] {standard_task_runner.py:91} INFO - Job 1614: Subtask upload_postgre_to_s3_users
[2026-02-27T19:00:44.016+0000] {task_command.py:426} INFO - Running <TaskInstance: oltp_s3_dwh.upload_postgre_to_s3_users scheduled__2025-06-01T00:00:00+00:00 [running]> on host 31b45edbecf3
[2026-02-27T19:00:44.386+0000] {taskinstance.py:2648} INFO - Exporting env vars: AIRFLOW_CTX_DAG_OWNER='***' AIRFLOW_CTX_DAG_ID='oltp_s3_dwh' AIRFLOW_CTX_TASK_ID='upload_postgre_to_s3_users' AIRFLOW_CTX_EXECUTION_DATE='2025-06-01T00:00:00+00:00' AIRFLOW_CTX_TRY_NUMBER='1' AIRFLOW_CTX_DAG_RUN_ID='scheduled__2025-06-01T00:00:00+00:00'
[2026-02-27T19:00:44.390+0000] {taskinstance.py:430} INFO - ::endgroup::
[2026-02-27T19:00:44.435+0000] {base.py:84} INFO - Using connection ID 'postgres_oltp' for task execution.
[2026-02-27T19:00:44.462+0000] {logging_mixin.py:188} WARNING - /home/***/.local/lib/python3.12/site-packages/***/providers/common/sql/hooks/sql.py:269 UserWarning: pandas only supports SQLAlchemy connectable (engine/connection) or database string URI or sqlite3 DBAPI2 connection. Other DBAPI2 objects are not tested. Please consider using SQLAlchemy.
[2026-02-27T19:00:44.494+0000] {logging_mixin.py:188} INFO - В таблице users нет данных
[2026-02-27T19:00:44.503+0000] {python.py:237} INFO - Done. Returned value was: None
[2026-02-27T19:00:44.507+0000] {taskinstance.py:441} INFO - ::group::Post task execution logs
[2026-02-27T19:00:44.538+0000] {taskinstance.py:1206} INFO - Marking task as SUCCESS. dag_id=oltp_s3_dwh, task_id=upload_postgre_to_s3_users, run_id=scheduled__2025-06-01T00:00:00+00:00, execution_date=20250601T000000, start_date=20260227T190043, end_date=20260227T190044
[2026-02-27T19:00:44.578+0000] {local_task_job_runner.py:243} INFO - Task exited with return code 0
[2026-02-27T19:00:44.600+0000] {local_task_job_runner.py:222} INFO - ::endgroup::
