[2026-02-27T10:31:28.905+0000] {local_task_job_runner.py:120} INFO - ::group::Pre task execution logs
[2026-02-27T10:31:28.969+0000] {taskinstance.py:2076} INFO - Dependencies all met for dep_context=non-requeueable deps ti=<TaskInstance: staging_to_core.transform_accounts_to_core scheduled__2025-07-01T00:00:00+00:00 [queued]>
[2026-02-27T10:31:28.984+0000] {taskinstance.py:2076} INFO - Dependencies all met for dep_context=requeueable deps ti=<TaskInstance: staging_to_core.transform_accounts_to_core scheduled__2025-07-01T00:00:00+00:00 [queued]>
[2026-02-27T10:31:28.985+0000] {taskinstance.py:2306} INFO - Starting attempt 1 of 1
[2026-02-27T10:31:29.004+0000] {taskinstance.py:2330} INFO - Executing <Task(PostgresOperator): transform_accounts_to_core> on 2025-07-01 00:00:00+00:00
[2026-02-27T10:31:29.014+0000] {logging_mixin.py:188} WARNING - /home/***/.local/lib/python3.12/site-packages/***/task/task_runner/standard_task_runner.py:62 DeprecationWarning: This process (pid=9369) is multi-threaded, use of fork() may lead to deadlocks in the child.
[2026-02-27T10:31:29.016+0000] {standard_task_runner.py:64} INFO - Started process 9370 to run task
[2026-02-27T10:31:29.015+0000] {standard_task_runner.py:90} INFO - Running: ['***', 'tasks', 'run', 'staging_to_core', 'transform_accounts_to_core', 'scheduled__2025-07-01T00:00:00+00:00', '--job-id', '1400', '--raw', '--subdir', 'DAGS_FOLDER/staging_to_core.py', '--cfg-path', '/tmp/tmp_ac_ozie']
[2026-02-27T10:31:29.018+0000] {standard_task_runner.py:91} INFO - Job 1400: Subtask transform_accounts_to_core
[2026-02-27T10:31:29.093+0000] {task_command.py:426} INFO - Running <TaskInstance: staging_to_core.transform_accounts_to_core scheduled__2025-07-01T00:00:00+00:00 [running]> on host 31b45edbecf3
[2026-02-27T10:31:29.211+0000] {taskinstance.py:2648} INFO - Exporting env vars: AIRFLOW_CTX_DAG_OWNER='***' AIRFLOW_CTX_DAG_ID='staging_to_core' AIRFLOW_CTX_TASK_ID='transform_accounts_to_core' AIRFLOW_CTX_EXECUTION_DATE='2025-07-01T00:00:00+00:00' AIRFLOW_CTX_TRY_NUMBER='1' AIRFLOW_CTX_DAG_RUN_ID='scheduled__2025-07-01T00:00:00+00:00'
[2026-02-27T10:31:29.213+0000] {taskinstance.py:430} INFO - ::endgroup::
[2026-02-27T10:31:29.230+0000] {sql.py:282} INFO - Executing: 
                    INSERT INTO core.accounts
                    SELECT * FROM staging.accounts
                    ON CONFLICT (account_id) 
                    DO UPDATE SET
                        user_id = EXCLUDED.user_id, tariff_id = EXCLUDED.tariff_id, currency_code = EXCLUDED.currency_code, balance = EXCLUDED.balance, is_blocked = EXCLUDED.is_blocked;
                
[2026-02-27T10:31:29.244+0000] {base.py:84} INFO - Using connection ID 'postgres_dwh' for task execution.
[2026-02-27T10:31:29.258+0000] {base.py:84} INFO - Using connection ID 'postgres_dwh' for task execution.
[2026-02-27T10:31:29.265+0000] {sql.py:495} INFO - Running statement: 
                    INSERT INTO core.accounts
                    SELECT * FROM staging.accounts
                    ON CONFLICT (account_id) 
                    DO UPDATE SET
                        user_id = EXCLUDED.user_id, tariff_id = EXCLUDED.tariff_id, currency_code = EXCLUDED.currency_code, balance = EXCLUDED.balance, is_blocked = EXCLUDED.is_blocked;
                , parameters: None
[2026-02-27T10:31:29.413+0000] {sql.py:504} INFO - Rows affected: 19848
[2026-02-27T10:31:29.420+0000] {taskinstance.py:441} INFO - ::group::Post task execution logs
[2026-02-27T10:31:29.437+0000] {taskinstance.py:1206} INFO - Marking task as SUCCESS. dag_id=staging_to_core, task_id=transform_accounts_to_core, run_id=scheduled__2025-07-01T00:00:00+00:00, execution_date=20250701T000000, start_date=20260227T103128, end_date=20260227T103129
[2026-02-27T10:31:29.477+0000] {local_task_job_runner.py:243} INFO - Task exited with return code 0
[2026-02-27T10:31:29.494+0000] {logging_mixin.py:188} WARNING - /home/***/.local/lib/python3.12/site-packages/***/models/baseoperator.py:1297 AirflowProviderDeprecationWarning: Call to deprecated class PostgresOperator. (Please use `***.providers.common.sql.operators.sql.SQLExecuteQueryOperator`.Also, you can provide `hook_params={'schema': <database>}`.)
[2026-02-27T10:31:29.523+0000] {taskinstance.py:3503} INFO - 1 downstream tasks scheduled from follow-on schedule check
[2026-02-27T10:31:29.528+0000] {local_task_job_runner.py:222} INFO - ::endgroup::
[2026-02-27T19:03:19.337+0000] {local_task_job_runner.py:120} INFO - ::group::Pre task execution logs
[2026-02-27T19:03:19.377+0000] {taskinstance.py:2076} INFO - Dependencies all met for dep_context=non-requeueable deps ti=<TaskInstance: staging_to_core.transform_accounts_to_core scheduled__2025-07-01T00:00:00+00:00 [queued]>
[2026-02-27T19:03:19.389+0000] {taskinstance.py:2076} INFO - Dependencies all met for dep_context=requeueable deps ti=<TaskInstance: staging_to_core.transform_accounts_to_core scheduled__2025-07-01T00:00:00+00:00 [queued]>
[2026-02-27T19:03:19.390+0000] {taskinstance.py:2306} INFO - Starting attempt 1 of 1
[2026-02-27T19:03:19.404+0000] {taskinstance.py:2330} INFO - Executing <Task(PostgresOperator): transform_accounts_to_core> on 2025-07-01 00:00:00+00:00
[2026-02-27T19:03:19.414+0000] {logging_mixin.py:188} WARNING - /home/***/.local/lib/python3.12/site-packages/***/task/task_runner/standard_task_runner.py:62 DeprecationWarning: This process (pid=33421) is multi-threaded, use of fork() may lead to deadlocks in the child.
[2026-02-27T19:03:19.412+0000] {standard_task_runner.py:90} INFO - Running: ['***', 'tasks', 'run', 'staging_to_core', 'transform_accounts_to_core', 'scheduled__2025-07-01T00:00:00+00:00', '--job-id', '1832', '--raw', '--subdir', 'DAGS_FOLDER/staging_to_core.py', '--cfg-path', '/tmp/tmp0vi2v_bx']
[2026-02-27T19:03:19.417+0000] {standard_task_runner.py:64} INFO - Started process 33422 to run task
[2026-02-27T19:03:19.417+0000] {standard_task_runner.py:91} INFO - Job 1832: Subtask transform_accounts_to_core
[2026-02-27T19:03:19.475+0000] {task_command.py:426} INFO - Running <TaskInstance: staging_to_core.transform_accounts_to_core scheduled__2025-07-01T00:00:00+00:00 [running]> on host 31b45edbecf3
[2026-02-27T19:03:19.693+0000] {taskinstance.py:2648} INFO - Exporting env vars: AIRFLOW_CTX_DAG_OWNER='***' AIRFLOW_CTX_DAG_ID='staging_to_core' AIRFLOW_CTX_TASK_ID='transform_accounts_to_core' AIRFLOW_CTX_EXECUTION_DATE='2025-07-01T00:00:00+00:00' AIRFLOW_CTX_TRY_NUMBER='1' AIRFLOW_CTX_DAG_RUN_ID='scheduled__2025-07-01T00:00:00+00:00'
[2026-02-27T19:03:19.697+0000] {taskinstance.py:430} INFO - ::endgroup::
[2026-02-27T19:03:19.727+0000] {sql.py:282} INFO - Executing: 
                    INSERT INTO core.accounts
                    SELECT * FROM staging.accounts
                    ON CONFLICT (account_id) 
                    DO UPDATE SET
                        user_id = EXCLUDED.user_id, tariff_id = EXCLUDED.tariff_id, currency_code = EXCLUDED.currency_code, balance = EXCLUDED.balance, is_blocked = EXCLUDED.is_blocked;
                
[2026-02-27T19:03:19.742+0000] {base.py:84} INFO - Using connection ID 'postgres_dwh' for task execution.
[2026-02-27T19:03:19.755+0000] {base.py:84} INFO - Using connection ID 'postgres_dwh' for task execution.
[2026-02-27T19:03:19.762+0000] {sql.py:495} INFO - Running statement: 
                    INSERT INTO core.accounts
                    SELECT * FROM staging.accounts
                    ON CONFLICT (account_id) 
                    DO UPDATE SET
                        user_id = EXCLUDED.user_id, tariff_id = EXCLUDED.tariff_id, currency_code = EXCLUDED.currency_code, balance = EXCLUDED.balance, is_blocked = EXCLUDED.is_blocked;
                , parameters: None
[2026-02-27T19:03:19.764+0000] {sql.py:504} INFO - Rows affected: 10
[2026-02-27T19:03:19.767+0000] {taskinstance.py:441} INFO - ::group::Post task execution logs
[2026-02-27T19:03:19.779+0000] {taskinstance.py:1206} INFO - Marking task as SUCCESS. dag_id=staging_to_core, task_id=transform_accounts_to_core, run_id=scheduled__2025-07-01T00:00:00+00:00, execution_date=20250701T000000, start_date=20260227T190319, end_date=20260227T190319
[2026-02-27T19:03:19.837+0000] {local_task_job_runner.py:243} INFO - Task exited with return code 0
[2026-02-27T19:03:19.854+0000] {logging_mixin.py:188} WARNING - /home/***/.local/lib/python3.12/site-packages/***/models/baseoperator.py:1297 AirflowProviderDeprecationWarning: Call to deprecated class PostgresOperator. (Please use `***.providers.common.sql.operators.sql.SQLExecuteQueryOperator`.Also, you can provide `hook_params={'schema': <database>}`.)
[2026-02-27T19:03:19.879+0000] {taskinstance.py:3503} INFO - 1 downstream tasks scheduled from follow-on schedule check
[2026-02-27T19:03:19.896+0000] {local_task_job_runner.py:222} INFO - ::endgroup::
