[2026-02-26T17:56:03.366+0000] {local_task_job_runner.py:120} INFO - ::group::Pre task execution logs
[2026-02-26T17:56:03.393+0000] {taskinstance.py:2076} INFO - Dependencies all met for dep_context=non-requeueable deps ti=<TaskInstance: oltp_s3_dwh.upload_s3_to_dwh_dict_regions scheduled__2025-08-01T00:00:00+00:00 [queued]>
[2026-02-26T17:56:03.444+0000] {taskinstance.py:2076} INFO - Dependencies all met for dep_context=requeueable deps ti=<TaskInstance: oltp_s3_dwh.upload_s3_to_dwh_dict_regions scheduled__2025-08-01T00:00:00+00:00 [queued]>
[2026-02-26T17:56:03.445+0000] {taskinstance.py:2306} INFO - Starting attempt 1 of 1
[2026-02-26T17:56:03.461+0000] {taskinstance.py:2330} INFO - Executing <Task(PythonOperator): upload_s3_to_dwh_dict_regions> on 2025-08-01 00:00:00+00:00
[2026-02-26T17:56:03.513+0000] {logging_mixin.py:188} WARNING - /home/***/.local/lib/python3.12/site-packages/***/task/task_runner/standard_task_runner.py:62 DeprecationWarning: This process (pid=7048) is multi-threaded, use of fork() may lead to deadlocks in the child.
[2026-02-26T17:56:03.531+0000] {standard_task_runner.py:64} INFO - Started process 7102 to run task
[2026-02-26T17:56:03.488+0000] {standard_task_runner.py:90} INFO - Running: ['***', 'tasks', 'run', 'oltp_s3_dwh', 'upload_s3_to_dwh_dict_regions', 'scheduled__2025-08-01T00:00:00+00:00', '--job-id', '1224', '--raw', '--subdir', 'DAGS_FOLDER/oltp_s3_dwh.py', '--cfg-path', '/tmp/tmpyagiyb6t']
[2026-02-26T17:56:03.533+0000] {standard_task_runner.py:91} INFO - Job 1224: Subtask upload_s3_to_dwh_dict_regions
[2026-02-26T17:56:03.656+0000] {task_command.py:426} INFO - Running <TaskInstance: oltp_s3_dwh.upload_s3_to_dwh_dict_regions scheduled__2025-08-01T00:00:00+00:00 [running]> on host 31b45edbecf3
[2026-02-26T17:56:04.051+0000] {taskinstance.py:2648} INFO - Exporting env vars: AIRFLOW_CTX_DAG_OWNER='***' AIRFLOW_CTX_DAG_ID='oltp_s3_dwh' AIRFLOW_CTX_TASK_ID='upload_s3_to_dwh_dict_regions' AIRFLOW_CTX_EXECUTION_DATE='2025-08-01T00:00:00+00:00' AIRFLOW_CTX_TRY_NUMBER='1' AIRFLOW_CTX_DAG_RUN_ID='scheduled__2025-08-01T00:00:00+00:00'
[2026-02-26T17:56:04.057+0000] {taskinstance.py:430} INFO - ::endgroup::
[2026-02-26T17:56:04.215+0000] {base.py:84} INFO - Using connection ID 'postgres_dwh' for task execution.
[2026-02-26T17:56:04.250+0000] {sql.py:495} INFO - Running statement: SELECT table_schema, table_name FROM information_schema.tables WHERE table_schema = 'staging';, parameters: None
[2026-02-26T17:56:04.260+0000] {sql.py:504} INFO - Rows affected: 9
[2026-02-26T17:56:04.262+0000] {logging_mixin.py:188} INFO - DEBUG: Доступные таблицы в схеме staging: [('staging', 'exchange_rates'), ('staging', 'users'), ('staging', 'accounts'), ('staging', 'dict_merchants'), ('staging', 'cards'), ('staging', 'transactions'), ('staging', 'dict_tariffs'), ('staging', 'dict_regions'), ('staging', 'dict_mcc')]
[2026-02-26T17:56:04.282+0000] {base.py:84} INFO - Using connection ID 'minio_conn_id' for task execution.
[2026-02-26T17:56:04.283+0000] {connection_wrapper.py:384} INFO - AWS Connection (conn_id='minio_conn_id', conn_type='aws') credentials retrieved from login and ***.
[2026-02-26T17:56:07.199+0000] {base.py:84} INFO - Using connection ID 'postgres_dwh' for task execution.
[2026-02-26T17:56:07.285+0000] {logging_mixin.py:188} INFO - Successfully loaded dict_regions using copy_expert
[2026-02-26T17:56:07.290+0000] {python.py:237} INFO - Done. Returned value was: None
[2026-02-26T17:56:07.298+0000] {taskinstance.py:441} INFO - ::group::Post task execution logs
[2026-02-26T17:56:07.348+0000] {taskinstance.py:1206} INFO - Marking task as SUCCESS. dag_id=oltp_s3_dwh, task_id=upload_s3_to_dwh_dict_regions, run_id=scheduled__2025-08-01T00:00:00+00:00, execution_date=20250801T000000, start_date=20260226T175603, end_date=20260226T175607
[2026-02-26T17:56:07.491+0000] {local_task_job_runner.py:243} INFO - Task exited with return code 0
[2026-02-26T17:56:07.582+0000] {taskinstance.py:3503} INFO - 0 downstream tasks scheduled from follow-on schedule check
[2026-02-26T17:56:07.589+0000] {local_task_job_runner.py:222} INFO - ::endgroup::
[2026-02-27T19:01:10.956+0000] {local_task_job_runner.py:120} INFO - ::group::Pre task execution logs
[2026-02-27T19:01:11.005+0000] {taskinstance.py:2076} INFO - Dependencies all met for dep_context=non-requeueable deps ti=<TaskInstance: oltp_s3_dwh.upload_s3_to_dwh_dict_regions scheduled__2025-08-01T00:00:00+00:00 [queued]>
[2026-02-27T19:01:11.032+0000] {taskinstance.py:2076} INFO - Dependencies all met for dep_context=requeueable deps ti=<TaskInstance: oltp_s3_dwh.upload_s3_to_dwh_dict_regions scheduled__2025-08-01T00:00:00+00:00 [queued]>
[2026-02-27T19:01:11.034+0000] {taskinstance.py:2306} INFO - Starting attempt 1 of 1
[2026-02-27T19:01:11.092+0000] {taskinstance.py:2330} INFO - Executing <Task(PythonOperator): upload_s3_to_dwh_dict_regions> on 2025-08-01 00:00:00+00:00
[2026-02-27T19:01:11.123+0000] {logging_mixin.py:188} WARNING - /home/***/.local/lib/python3.12/site-packages/***/task/task_runner/standard_task_runner.py:62 DeprecationWarning: This process (pid=32657) is multi-threaded, use of fork() may lead to deadlocks in the child.
[2026-02-27T19:01:11.127+0000] {standard_task_runner.py:64} INFO - Started process 32675 to run task
[2026-02-27T19:01:11.143+0000] {standard_task_runner.py:90} INFO - Running: ['***', 'tasks', 'run', 'oltp_s3_dwh', 'upload_s3_to_dwh_dict_regions', 'scheduled__2025-08-01T00:00:00+00:00', '--job-id', '1664', '--raw', '--subdir', 'DAGS_FOLDER/oltp_s3_dwh.py', '--cfg-path', '/tmp/tmpiowpdmuq']
[2026-02-27T19:01:11.146+0000] {standard_task_runner.py:91} INFO - Job 1664: Subtask upload_s3_to_dwh_dict_regions
[2026-02-27T19:01:11.293+0000] {task_command.py:426} INFO - Running <TaskInstance: oltp_s3_dwh.upload_s3_to_dwh_dict_regions scheduled__2025-08-01T00:00:00+00:00 [running]> on host 31b45edbecf3
[2026-02-27T19:01:11.518+0000] {taskinstance.py:2648} INFO - Exporting env vars: AIRFLOW_CTX_DAG_OWNER='***' AIRFLOW_CTX_DAG_ID='oltp_s3_dwh' AIRFLOW_CTX_TASK_ID='upload_s3_to_dwh_dict_regions' AIRFLOW_CTX_EXECUTION_DATE='2025-08-01T00:00:00+00:00' AIRFLOW_CTX_TRY_NUMBER='1' AIRFLOW_CTX_DAG_RUN_ID='scheduled__2025-08-01T00:00:00+00:00'
[2026-02-27T19:01:11.524+0000] {taskinstance.py:430} INFO - ::endgroup::
[2026-02-27T19:01:11.596+0000] {base.py:84} INFO - Using connection ID 'postgres_dwh' for task execution.
[2026-02-27T19:01:11.607+0000] {sql.py:495} INFO - Running statement: SELECT table_schema, table_name FROM information_schema.tables WHERE table_schema = 'staging';, parameters: None
[2026-02-27T19:01:11.615+0000] {sql.py:504} INFO - Rows affected: 9
[2026-02-27T19:01:11.618+0000] {logging_mixin.py:188} INFO - DEBUG: Доступные таблицы в схеме staging: [('staging', 'exchange_rates'), ('staging', 'cards'), ('staging', 'users'), ('staging', 'accounts'), ('staging', 'dict_merchants'), ('staging', 'dict_mcc'), ('staging', 'dict_regions'), ('staging', 'dict_tariffs'), ('staging', 'transactions')]
[2026-02-27T19:01:11.637+0000] {base.py:84} INFO - Using connection ID 'minio_conn_id' for task execution.
[2026-02-27T19:01:11.643+0000] {connection_wrapper.py:384} INFO - AWS Connection (conn_id='minio_conn_id', conn_type='aws') credentials retrieved from login and ***.
[2026-02-27T19:01:12.841+0000] {base.py:84} INFO - Using connection ID 'postgres_dwh' for task execution.
[2026-02-27T19:01:12.860+0000] {logging_mixin.py:188} INFO - Successfully loaded dict_regions using copy_expert
[2026-02-27T19:01:12.862+0000] {python.py:237} INFO - Done. Returned value was: None
[2026-02-27T19:01:12.862+0000] {taskinstance.py:441} INFO - ::group::Post task execution logs
[2026-02-27T19:01:12.874+0000] {taskinstance.py:1206} INFO - Marking task as SUCCESS. dag_id=oltp_s3_dwh, task_id=upload_s3_to_dwh_dict_regions, run_id=scheduled__2025-08-01T00:00:00+00:00, execution_date=20250801T000000, start_date=20260227T190111, end_date=20260227T190112
[2026-02-27T19:01:12.969+0000] {local_task_job_runner.py:243} INFO - Task exited with return code 0
[2026-02-27T19:01:13.041+0000] {taskinstance.py:3503} INFO - 0 downstream tasks scheduled from follow-on schedule check
[2026-02-27T19:01:13.051+0000] {local_task_job_runner.py:222} INFO - ::endgroup::
