[2026-02-27T10:30:23.106+0000] {local_task_job_runner.py:120} INFO - ::group::Pre task execution logs
[2026-02-27T10:30:23.147+0000] {taskinstance.py:2076} INFO - Dependencies all met for dep_context=non-requeueable deps ti=<TaskInstance: staging_to_core.transform_dict_mcc_to_core scheduled__2025-04-01T00:00:00+00:00 [queued]>
[2026-02-27T10:30:19.686+0000] {taskinstance.py:2076} INFO - Dependencies all met for dep_context=requeueable deps ti=<TaskInstance: staging_to_core.transform_dict_mcc_to_core scheduled__2025-04-01T00:00:00+00:00 [queued]>
[2026-02-27T10:30:19.687+0000] {taskinstance.py:2306} INFO - Starting attempt 1 of 1
[2026-02-27T10:30:19.705+0000] {taskinstance.py:2330} INFO - Executing <Task(PostgresOperator): transform_dict_mcc_to_core> on 2025-04-01 00:00:00+00:00
[2026-02-27T10:30:19.713+0000] {logging_mixin.py:188} WARNING - /home/***/.local/lib/python3.12/site-packages/***/task/task_runner/standard_task_runner.py:62 DeprecationWarning: This process (pid=9183) is multi-threaded, use of fork() may lead to deadlocks in the child.
[2026-02-27T10:30:19.716+0000] {standard_task_runner.py:64} INFO - Started process 9184 to run task
[2026-02-27T10:30:19.715+0000] {standard_task_runner.py:90} INFO - Running: ['***', 'tasks', 'run', 'staging_to_core', 'transform_dict_mcc_to_core', 'scheduled__2025-04-01T00:00:00+00:00', '--job-id', '1344', '--raw', '--subdir', 'DAGS_FOLDER/staging_to_core.py', '--cfg-path', '/tmp/tmpd1xiijaq']
[2026-02-27T10:30:19.717+0000] {standard_task_runner.py:91} INFO - Job 1344: Subtask transform_dict_mcc_to_core
[2026-02-27T10:30:19.783+0000] {task_command.py:426} INFO - Running <TaskInstance: staging_to_core.transform_dict_mcc_to_core scheduled__2025-04-01T00:00:00+00:00 [running]> on host 31b45edbecf3
[2026-02-27T10:30:19.873+0000] {taskinstance.py:2648} INFO - Exporting env vars: AIRFLOW_CTX_DAG_OWNER='***' AIRFLOW_CTX_DAG_ID='staging_to_core' AIRFLOW_CTX_TASK_ID='transform_dict_mcc_to_core' AIRFLOW_CTX_EXECUTION_DATE='2025-04-01T00:00:00+00:00' AIRFLOW_CTX_TRY_NUMBER='1' AIRFLOW_CTX_DAG_RUN_ID='scheduled__2025-04-01T00:00:00+00:00'
[2026-02-27T10:30:19.874+0000] {taskinstance.py:430} INFO - ::endgroup::
[2026-02-27T10:30:19.890+0000] {sql.py:282} INFO - Executing: 
                    INSERT INTO core.dict_mcc
                    SELECT * FROM staging.dict_mcc
                    ON CONFLICT (mcc_code) 
                    DO UPDATE SET
                        category_name = EXCLUDED.category_name, description = EXCLUDED.description;
                
[2026-02-27T10:30:19.900+0000] {base.py:84} INFO - Using connection ID 'postgres_dwh' for task execution.
[2026-02-27T10:30:19.910+0000] {base.py:84} INFO - Using connection ID 'postgres_dwh' for task execution.
[2026-02-27T10:30:19.917+0000] {sql.py:495} INFO - Running statement: 
                    INSERT INTO core.dict_mcc
                    SELECT * FROM staging.dict_mcc
                    ON CONFLICT (mcc_code) 
                    DO UPDATE SET
                        category_name = EXCLUDED.category_name, description = EXCLUDED.description;
                , parameters: None
[2026-02-27T10:30:19.918+0000] {sql.py:504} INFO - Rows affected: 7
[2026-02-27T10:30:19.921+0000] {taskinstance.py:441} INFO - ::group::Post task execution logs
[2026-02-27T10:30:19.931+0000] {taskinstance.py:1206} INFO - Marking task as SUCCESS. dag_id=staging_to_core, task_id=transform_dict_mcc_to_core, run_id=scheduled__2025-04-01T00:00:00+00:00, execution_date=20250401T000000, start_date=20260227T103023, end_date=20260227T103019
[2026-02-27T10:30:19.975+0000] {local_task_job_runner.py:243} INFO - Task exited with return code 0
[2026-02-27T10:30:19.987+0000] {logging_mixin.py:188} WARNING - /home/***/.local/lib/python3.12/site-packages/***/models/baseoperator.py:1297 AirflowProviderDeprecationWarning: Call to deprecated class PostgresOperator. (Please use `***.providers.common.sql.operators.sql.SQLExecuteQueryOperator`.Also, you can provide `hook_params={'schema': <database>}`.)
[2026-02-27T10:30:20.017+0000] {taskinstance.py:3503} INFO - 1 downstream tasks scheduled from follow-on schedule check
[2026-02-27T10:30:20.020+0000] {local_task_job_runner.py:222} INFO - ::endgroup::
[2026-02-27T19:02:10.981+0000] {local_task_job_runner.py:120} INFO - ::group::Pre task execution logs
[2026-02-27T19:02:11.091+0000] {taskinstance.py:2076} INFO - Dependencies all met for dep_context=non-requeueable deps ti=<TaskInstance: staging_to_core.transform_dict_mcc_to_core scheduled__2025-04-01T00:00:00+00:00 [queued]>
[2026-02-27T19:02:11.107+0000] {taskinstance.py:2076} INFO - Dependencies all met for dep_context=requeueable deps ti=<TaskInstance: staging_to_core.transform_dict_mcc_to_core scheduled__2025-04-01T00:00:00+00:00 [queued]>
[2026-02-27T19:02:11.108+0000] {taskinstance.py:2306} INFO - Starting attempt 1 of 1
[2026-02-27T19:02:11.147+0000] {taskinstance.py:2330} INFO - Executing <Task(PostgresOperator): transform_dict_mcc_to_core> on 2025-04-01 00:00:00+00:00
[2026-02-27T19:02:11.182+0000] {logging_mixin.py:188} WARNING - /home/***/.local/lib/python3.12/site-packages/***/task/task_runner/standard_task_runner.py:62 DeprecationWarning: This process (pid=33208) is multi-threaded, use of fork() may lead to deadlocks in the child.
[2026-02-27T19:02:11.195+0000] {standard_task_runner.py:64} INFO - Started process 33212 to run task
[2026-02-27T19:02:11.187+0000] {standard_task_runner.py:90} INFO - Running: ['***', 'tasks', 'run', 'staging_to_core', 'transform_dict_mcc_to_core', 'scheduled__2025-04-01T00:00:00+00:00', '--job-id', '1776', '--raw', '--subdir', 'DAGS_FOLDER/staging_to_core.py', '--cfg-path', '/tmp/tmpgbqu7y5h']
[2026-02-27T19:02:11.217+0000] {standard_task_runner.py:91} INFO - Job 1776: Subtask transform_dict_mcc_to_core
[2026-02-27T19:02:11.331+0000] {task_command.py:426} INFO - Running <TaskInstance: staging_to_core.transform_dict_mcc_to_core scheduled__2025-04-01T00:00:00+00:00 [running]> on host 31b45edbecf3
[2026-02-27T19:02:11.692+0000] {taskinstance.py:2648} INFO - Exporting env vars: AIRFLOW_CTX_DAG_OWNER='***' AIRFLOW_CTX_DAG_ID='staging_to_core' AIRFLOW_CTX_TASK_ID='transform_dict_mcc_to_core' AIRFLOW_CTX_EXECUTION_DATE='2025-04-01T00:00:00+00:00' AIRFLOW_CTX_TRY_NUMBER='1' AIRFLOW_CTX_DAG_RUN_ID='scheduled__2025-04-01T00:00:00+00:00'
[2026-02-27T19:02:11.700+0000] {taskinstance.py:430} INFO - ::endgroup::
[2026-02-27T19:02:11.747+0000] {sql.py:282} INFO - Executing: 
                    INSERT INTO core.dict_mcc
                    SELECT * FROM staging.dict_mcc
                    ON CONFLICT (mcc_code) 
                    DO UPDATE SET
                        category_name = EXCLUDED.category_name, description = EXCLUDED.description;
                
[2026-02-27T19:02:11.770+0000] {base.py:84} INFO - Using connection ID 'postgres_dwh' for task execution.
[2026-02-27T19:02:11.792+0000] {base.py:84} INFO - Using connection ID 'postgres_dwh' for task execution.
[2026-02-27T19:02:11.798+0000] {sql.py:495} INFO - Running statement: 
                    INSERT INTO core.dict_mcc
                    SELECT * FROM staging.dict_mcc
                    ON CONFLICT (mcc_code) 
                    DO UPDATE SET
                        category_name = EXCLUDED.category_name, description = EXCLUDED.description;
                , parameters: None
[2026-02-27T19:02:11.802+0000] {sql.py:504} INFO - Rows affected: 3
[2026-02-27T19:02:11.806+0000] {taskinstance.py:441} INFO - ::group::Post task execution logs
[2026-02-27T19:02:11.824+0000] {taskinstance.py:1206} INFO - Marking task as SUCCESS. dag_id=staging_to_core, task_id=transform_dict_mcc_to_core, run_id=scheduled__2025-04-01T00:00:00+00:00, execution_date=20250401T000000, start_date=20260227T190211, end_date=20260227T190211
[2026-02-27T19:02:11.861+0000] {local_task_job_runner.py:243} INFO - Task exited with return code 0
[2026-02-27T19:02:11.897+0000] {logging_mixin.py:188} WARNING - /home/***/.local/lib/python3.12/site-packages/***/models/baseoperator.py:1297 AirflowProviderDeprecationWarning: Call to deprecated class PostgresOperator. (Please use `***.providers.common.sql.operators.sql.SQLExecuteQueryOperator`.Also, you can provide `hook_params={'schema': <database>}`.)
[2026-02-27T19:02:11.994+0000] {taskinstance.py:3503} INFO - 1 downstream tasks scheduled from follow-on schedule check
[2026-02-27T19:02:11.999+0000] {local_task_job_runner.py:222} INFO - ::endgroup::
