[2026-02-27T10:32:36.800+0000] {local_task_job_runner.py:120} INFO - ::group::Pre task execution logs
[2026-02-27T10:32:36.852+0000] {taskinstance.py:2076} INFO - Dependencies all met for dep_context=non-requeueable deps ti=<TaskInstance: staging_to_core.wait_for_dict_mcc scheduled__2025-11-01T00:00:00+00:00 [queued]>
[2026-02-27T10:32:36.866+0000] {taskinstance.py:2076} INFO - Dependencies all met for dep_context=requeueable deps ti=<TaskInstance: staging_to_core.wait_for_dict_mcc scheduled__2025-11-01T00:00:00+00:00 [queued]>
[2026-02-27T10:32:36.867+0000] {taskinstance.py:2306} INFO - Starting attempt 1 of 1
[2026-02-27T10:32:36.886+0000] {taskinstance.py:2330} INFO - Executing <Task(ExternalTaskSensor): wait_for_dict_mcc> on 2025-11-01 00:00:00+00:00
[2026-02-27T10:32:36.895+0000] {logging_mixin.py:188} WARNING - /home/***/.local/lib/python3.12/site-packages/***/task/task_runner/standard_task_runner.py:62 DeprecationWarning: This process (pid=9560) is multi-threaded, use of fork() may lead to deadlocks in the child.
[2026-02-27T10:32:36.897+0000] {standard_task_runner.py:64} INFO - Started process 9561 to run task
[2026-02-27T10:32:36.897+0000] {standard_task_runner.py:90} INFO - Running: ['***', 'tasks', 'run', 'staging_to_core', 'wait_for_dict_mcc', 'scheduled__2025-11-01T00:00:00+00:00', '--job-id', '1455', '--raw', '--subdir', 'DAGS_FOLDER/staging_to_core.py', '--cfg-path', '/tmp/tmpas__p8cm']
[2026-02-27T10:32:36.900+0000] {standard_task_runner.py:91} INFO - Job 1455: Subtask wait_for_dict_mcc
[2026-02-27T10:32:36.964+0000] {task_command.py:426} INFO - Running <TaskInstance: staging_to_core.wait_for_dict_mcc scheduled__2025-11-01T00:00:00+00:00 [running]> on host 31b45edbecf3
[2026-02-27T10:32:37.075+0000] {taskinstance.py:2648} INFO - Exporting env vars: AIRFLOW_CTX_DAG_OWNER='***' AIRFLOW_CTX_DAG_ID='staging_to_core' AIRFLOW_CTX_TASK_ID='wait_for_dict_mcc' AIRFLOW_CTX_EXECUTION_DATE='2025-11-01T00:00:00+00:00' AIRFLOW_CTX_TRY_NUMBER='1' AIRFLOW_CTX_DAG_RUN_ID='scheduled__2025-11-01T00:00:00+00:00'
[2026-02-27T10:32:37.077+0000] {taskinstance.py:430} INFO - ::endgroup::
[2026-02-27T10:32:37.094+0000] {baseoperator.py:400} WARNING - ExternalTaskSensor.execute cannot be called outside TaskInstance!
[2026-02-27T10:32:37.109+0000] {external_task.py:258} INFO - Poking for tasks ['upload_s3_to_dwh_dict_mcc'] in dag oltp_s3_dwh on 2025-11-01T00:00:00+00:00 ... 
[2026-02-27T10:32:37.113+0000] {logging_mixin.py:188} WARNING - /home/***/.local/lib/python3.12/site-packages/***/utils/session.py:79 DeprecationWarning: This method is deprecated and will be removed in future.
[2026-02-27T10:32:37.129+0000] {base.py:294} INFO - Success criteria met. Exiting.
[2026-02-27T10:32:37.132+0000] {taskinstance.py:441} INFO - ::group::Post task execution logs
[2026-02-27T10:32:37.145+0000] {taskinstance.py:1206} INFO - Marking task as SUCCESS. dag_id=staging_to_core, task_id=wait_for_dict_mcc, run_id=scheduled__2025-11-01T00:00:00+00:00, execution_date=20251101T000000, start_date=20260227T103236, end_date=20260227T103237
[2026-02-27T10:32:37.193+0000] {local_task_job_runner.py:243} INFO - Task exited with return code 0
[2026-02-27T10:32:37.210+0000] {logging_mixin.py:188} WARNING - /home/***/.local/lib/python3.12/site-packages/***/models/baseoperator.py:1297 AirflowProviderDeprecationWarning: Call to deprecated class PostgresOperator. (Please use `***.providers.common.sql.operators.sql.SQLExecuteQueryOperator`.Also, you can provide `hook_params={'schema': <database>}`.)
[2026-02-27T10:32:37.280+0000] {taskinstance.py:3503} INFO - 1 downstream tasks scheduled from follow-on schedule check
[2026-02-27T10:32:37.286+0000] {local_task_job_runner.py:222} INFO - ::endgroup::
[2026-02-27T19:04:32.739+0000] {local_task_job_runner.py:120} INFO - ::group::Pre task execution logs
[2026-02-27T19:04:32.783+0000] {taskinstance.py:2076} INFO - Dependencies all met for dep_context=non-requeueable deps ti=<TaskInstance: staging_to_core.wait_for_dict_mcc scheduled__2025-11-01T00:00:00+00:00 [queued]>
[2026-02-27T19:04:32.796+0000] {taskinstance.py:2076} INFO - Dependencies all met for dep_context=requeueable deps ti=<TaskInstance: staging_to_core.wait_for_dict_mcc scheduled__2025-11-01T00:00:00+00:00 [queued]>
[2026-02-27T19:04:32.797+0000] {taskinstance.py:2306} INFO - Starting attempt 1 of 1
[2026-02-27T19:04:32.815+0000] {taskinstance.py:2330} INFO - Executing <Task(ExternalTaskSensor): wait_for_dict_mcc> on 2025-11-01 00:00:00+00:00
[2026-02-27T19:04:32.824+0000] {logging_mixin.py:188} WARNING - /home/***/.local/lib/python3.12/site-packages/***/task/task_runner/standard_task_runner.py:62 DeprecationWarning: This process (pid=33621) is multi-threaded, use of fork() may lead to deadlocks in the child.
[2026-02-27T19:04:32.824+0000] {standard_task_runner.py:90} INFO - Running: ['***', 'tasks', 'run', 'staging_to_core', 'wait_for_dict_mcc', 'scheduled__2025-11-01T00:00:00+00:00', '--job-id', '1887', '--raw', '--subdir', 'DAGS_FOLDER/staging_to_core.py', '--cfg-path', '/tmp/tmpuw4ckxu7']
[2026-02-27T19:04:32.826+0000] {standard_task_runner.py:64} INFO - Started process 33622 to run task
[2026-02-27T19:04:32.827+0000] {standard_task_runner.py:91} INFO - Job 1887: Subtask wait_for_dict_mcc
[2026-02-27T19:04:32.889+0000] {task_command.py:426} INFO - Running <TaskInstance: staging_to_core.wait_for_dict_mcc scheduled__2025-11-01T00:00:00+00:00 [running]> on host 31b45edbecf3
[2026-02-27T19:04:32.994+0000] {taskinstance.py:2648} INFO - Exporting env vars: AIRFLOW_CTX_DAG_OWNER='***' AIRFLOW_CTX_DAG_ID='staging_to_core' AIRFLOW_CTX_TASK_ID='wait_for_dict_mcc' AIRFLOW_CTX_EXECUTION_DATE='2025-11-01T00:00:00+00:00' AIRFLOW_CTX_TRY_NUMBER='1' AIRFLOW_CTX_DAG_RUN_ID='scheduled__2025-11-01T00:00:00+00:00'
[2026-02-27T19:04:32.995+0000] {taskinstance.py:430} INFO - ::endgroup::
[2026-02-27T19:04:33.012+0000] {baseoperator.py:400} WARNING - ExternalTaskSensor.execute cannot be called outside TaskInstance!
[2026-02-27T19:04:33.022+0000] {external_task.py:258} INFO - Poking for tasks ['upload_s3_to_dwh_dict_mcc'] in dag oltp_s3_dwh on 2025-11-01T00:00:00+00:00 ... 
[2026-02-27T19:04:33.024+0000] {logging_mixin.py:188} WARNING - /home/***/.local/lib/python3.12/site-packages/***/utils/session.py:79 DeprecationWarning: This method is deprecated and will be removed in future.
[2026-02-27T19:04:33.035+0000] {base.py:294} INFO - Success criteria met. Exiting.
[2026-02-27T19:04:33.036+0000] {taskinstance.py:441} INFO - ::group::Post task execution logs
[2026-02-27T19:04:33.047+0000] {taskinstance.py:1206} INFO - Marking task as SUCCESS. dag_id=staging_to_core, task_id=wait_for_dict_mcc, run_id=scheduled__2025-11-01T00:00:00+00:00, execution_date=20251101T000000, start_date=20260227T190432, end_date=20260227T190433
[2026-02-27T19:04:33.082+0000] {local_task_job_runner.py:243} INFO - Task exited with return code 0
[2026-02-27T19:04:33.095+0000] {logging_mixin.py:188} WARNING - /home/***/.local/lib/python3.12/site-packages/***/models/baseoperator.py:1297 AirflowProviderDeprecationWarning: Call to deprecated class PostgresOperator. (Please use `***.providers.common.sql.operators.sql.SQLExecuteQueryOperator`.Also, you can provide `hook_params={'schema': <database>}`.)
[2026-02-27T19:04:33.133+0000] {taskinstance.py:3503} INFO - 1 downstream tasks scheduled from follow-on schedule check
[2026-02-27T19:04:33.137+0000] {local_task_job_runner.py:222} INFO - ::endgroup::
