[2026-02-20T11:56:37.482+0000] {processor.py:161} INFO - Started process (PID=3124) to work on /opt/airflow/dags/extract_api.py
[2026-02-20T11:56:37.484+0000] {processor.py:830} INFO - Processing file /opt/airflow/dags/extract_api.py for tasks to queue
[2026-02-20T11:56:37.497+0000] {logging_mixin.py:188} INFO - [2026-02-20T11:56:37.494+0000] {dagbag.py:545} INFO - Filling up the DagBag from /opt/airflow/dags/extract_api.py
[2026-02-20T11:56:37.619+0000] {processor.py:840} INFO - DAG(s) 'a_test_minio_connection' retrieved from /opt/airflow/dags/extract_api.py
[2026-02-20T11:56:38.169+0000] {logging_mixin.py:188} INFO - [2026-02-20T11:56:38.167+0000] {override.py:1858} INFO - Created Permission View: can edit on DAG:a_test_minio_connection
[2026-02-20T11:56:38.185+0000] {logging_mixin.py:188} INFO - [2026-02-20T11:56:38.185+0000] {override.py:1858} INFO - Created Permission View: can delete on DAG:a_test_minio_connection
[2026-02-20T11:56:38.194+0000] {logging_mixin.py:188} INFO - [2026-02-20T11:56:38.194+0000] {override.py:1858} INFO - Created Permission View: can read on DAG:a_test_minio_connection
[2026-02-20T11:56:38.195+0000] {logging_mixin.py:188} INFO - [2026-02-20T11:56:38.195+0000] {dag.py:3089} INFO - Sync 1 DAGs
[2026-02-20T11:56:38.222+0000] {logging_mixin.py:188} INFO - [2026-02-20T11:56:38.222+0000] {dag.py:3111} INFO - Creating ORM DAG for a_test_minio_connection
[2026-02-20T11:56:38.224+0000] {logging_mixin.py:188} INFO - [2026-02-20T11:56:38.224+0000] {dag.py:3947} INFO - Setting next_dagrun for a_test_minio_connection to None, run_after=None
[2026-02-20T11:56:38.254+0000] {processor.py:183} INFO - Processing /opt/airflow/dags/extract_api.py took 0.791 seconds
[2026-02-20T11:57:08.915+0000] {processor.py:161} INFO - Started process (PID=3152) to work on /opt/airflow/dags/extract_api.py
[2026-02-20T11:57:08.917+0000] {processor.py:830} INFO - Processing file /opt/airflow/dags/extract_api.py for tasks to queue
[2026-02-20T11:57:08.922+0000] {logging_mixin.py:188} INFO - [2026-02-20T11:57:08.921+0000] {dagbag.py:545} INFO - Filling up the DagBag from /opt/airflow/dags/extract_api.py
[2026-02-20T11:57:08.958+0000] {processor.py:840} INFO - DAG(s) 'a_test_minio_connection' retrieved from /opt/airflow/dags/extract_api.py
[2026-02-20T11:57:08.995+0000] {logging_mixin.py:188} INFO - [2026-02-20T11:57:08.994+0000] {dag.py:3089} INFO - Sync 1 DAGs
[2026-02-20T11:57:09.018+0000] {logging_mixin.py:188} INFO - [2026-02-20T11:57:09.017+0000] {dag.py:3947} INFO - Setting next_dagrun for a_test_minio_connection to None, run_after=None
[2026-02-20T11:57:09.063+0000] {processor.py:183} INFO - Processing /opt/airflow/dags/extract_api.py took 0.159 seconds
[2026-02-20T11:57:39.454+0000] {processor.py:161} INFO - Started process (PID=3171) to work on /opt/airflow/dags/extract_api.py
[2026-02-20T11:57:39.455+0000] {processor.py:830} INFO - Processing file /opt/airflow/dags/extract_api.py for tasks to queue
[2026-02-20T11:57:39.459+0000] {logging_mixin.py:188} INFO - [2026-02-20T11:57:39.458+0000] {dagbag.py:545} INFO - Filling up the DagBag from /opt/airflow/dags/extract_api.py
[2026-02-20T11:57:39.490+0000] {processor.py:840} INFO - DAG(s) 'a_test_minio_connection' retrieved from /opt/airflow/dags/extract_api.py
[2026-02-20T11:57:39.526+0000] {logging_mixin.py:188} INFO - [2026-02-20T11:57:39.526+0000] {dag.py:3089} INFO - Sync 1 DAGs
[2026-02-20T11:57:39.543+0000] {logging_mixin.py:188} INFO - [2026-02-20T11:57:39.542+0000] {dag.py:3947} INFO - Setting next_dagrun for a_test_minio_connection to None, run_after=None
[2026-02-20T11:57:39.571+0000] {processor.py:183} INFO - Processing /opt/airflow/dags/extract_api.py took 0.125 seconds
[2026-02-20T11:58:10.267+0000] {processor.py:161} INFO - Started process (PID=3201) to work on /opt/airflow/dags/extract_api.py
[2026-02-20T11:58:10.268+0000] {processor.py:830} INFO - Processing file /opt/airflow/dags/extract_api.py for tasks to queue
[2026-02-20T11:58:10.274+0000] {logging_mixin.py:188} INFO - [2026-02-20T11:58:10.273+0000] {dagbag.py:545} INFO - Filling up the DagBag from /opt/airflow/dags/extract_api.py
[2026-02-20T11:58:10.295+0000] {processor.py:840} INFO - DAG(s) 'a_test_minio_connection' retrieved from /opt/airflow/dags/extract_api.py
[2026-02-20T11:58:10.328+0000] {logging_mixin.py:188} INFO - [2026-02-20T11:58:10.327+0000] {dag.py:3089} INFO - Sync 1 DAGs
[2026-02-20T11:58:10.343+0000] {logging_mixin.py:188} INFO - [2026-02-20T11:58:10.343+0000] {dag.py:3947} INFO - Setting next_dagrun for a_test_minio_connection to None, run_after=None
[2026-02-20T11:58:10.381+0000] {processor.py:183} INFO - Processing /opt/airflow/dags/extract_api.py took 0.124 seconds
[2026-02-20T11:58:40.994+0000] {processor.py:161} INFO - Started process (PID=3220) to work on /opt/airflow/dags/extract_api.py
[2026-02-20T11:58:40.997+0000] {processor.py:830} INFO - Processing file /opt/airflow/dags/extract_api.py for tasks to queue
[2026-02-20T11:58:41.003+0000] {logging_mixin.py:188} INFO - [2026-02-20T11:58:41.002+0000] {dagbag.py:545} INFO - Filling up the DagBag from /opt/airflow/dags/extract_api.py
[2026-02-20T11:58:41.040+0000] {processor.py:840} INFO - DAG(s) 'a_test_minio_connection' retrieved from /opt/airflow/dags/extract_api.py
[2026-02-20T11:58:41.085+0000] {logging_mixin.py:188} INFO - [2026-02-20T11:58:41.085+0000] {dag.py:3089} INFO - Sync 1 DAGs
[2026-02-20T11:58:41.105+0000] {logging_mixin.py:188} INFO - [2026-02-20T11:58:41.105+0000] {dag.py:3947} INFO - Setting next_dagrun for a_test_minio_connection to None, run_after=None
[2026-02-20T11:58:41.148+0000] {processor.py:183} INFO - Processing /opt/airflow/dags/extract_api.py took 0.162 seconds
[2026-02-20T11:59:11.529+0000] {processor.py:161} INFO - Started process (PID=3248) to work on /opt/airflow/dags/extract_api.py
[2026-02-20T11:59:11.530+0000] {processor.py:830} INFO - Processing file /opt/airflow/dags/extract_api.py for tasks to queue
[2026-02-20T11:59:11.533+0000] {logging_mixin.py:188} INFO - [2026-02-20T11:59:11.533+0000] {dagbag.py:545} INFO - Filling up the DagBag from /opt/airflow/dags/extract_api.py
[2026-02-20T11:59:11.560+0000] {processor.py:840} INFO - DAG(s) 'a_test_minio_connection' retrieved from /opt/airflow/dags/extract_api.py
[2026-02-20T11:59:11.593+0000] {logging_mixin.py:188} INFO - [2026-02-20T11:59:11.592+0000] {dag.py:3089} INFO - Sync 1 DAGs
[2026-02-20T11:59:11.608+0000] {logging_mixin.py:188} INFO - [2026-02-20T11:59:11.608+0000] {dag.py:3947} INFO - Setting next_dagrun for a_test_minio_connection to None, run_after=None
[2026-02-20T11:59:11.647+0000] {processor.py:183} INFO - Processing /opt/airflow/dags/extract_api.py took 0.126 seconds
[2026-02-20T11:59:42.207+0000] {processor.py:161} INFO - Started process (PID=3267) to work on /opt/airflow/dags/extract_api.py
[2026-02-20T11:59:42.209+0000] {processor.py:830} INFO - Processing file /opt/airflow/dags/extract_api.py for tasks to queue
[2026-02-20T11:59:42.211+0000] {logging_mixin.py:188} INFO - [2026-02-20T11:59:42.211+0000] {dagbag.py:545} INFO - Filling up the DagBag from /opt/airflow/dags/extract_api.py
[2026-02-20T11:59:42.244+0000] {processor.py:840} INFO - DAG(s) 'a_test_minio_connection' retrieved from /opt/airflow/dags/extract_api.py
[2026-02-20T11:59:42.272+0000] {logging_mixin.py:188} INFO - [2026-02-20T11:59:42.272+0000] {dag.py:3089} INFO - Sync 1 DAGs
[2026-02-20T11:59:42.289+0000] {logging_mixin.py:188} INFO - [2026-02-20T11:59:42.288+0000] {dag.py:3947} INFO - Setting next_dagrun for a_test_minio_connection to None, run_after=None
[2026-02-20T11:59:42.334+0000] {processor.py:183} INFO - Processing /opt/airflow/dags/extract_api.py took 0.133 seconds
[2026-02-20T12:00:12.759+0000] {processor.py:161} INFO - Started process (PID=3294) to work on /opt/airflow/dags/extract_api.py
[2026-02-20T12:00:12.761+0000] {processor.py:830} INFO - Processing file /opt/airflow/dags/extract_api.py for tasks to queue
[2026-02-20T12:00:12.764+0000] {logging_mixin.py:188} INFO - [2026-02-20T12:00:12.763+0000] {dagbag.py:545} INFO - Filling up the DagBag from /opt/airflow/dags/extract_api.py
[2026-02-20T12:00:12.792+0000] {processor.py:840} INFO - DAG(s) 'a_test_minio_connection' retrieved from /opt/airflow/dags/extract_api.py
[2026-02-20T12:00:12.823+0000] {logging_mixin.py:188} INFO - [2026-02-20T12:00:12.823+0000] {dag.py:3089} INFO - Sync 1 DAGs
[2026-02-20T12:00:12.843+0000] {logging_mixin.py:188} INFO - [2026-02-20T12:00:12.843+0000] {dag.py:3947} INFO - Setting next_dagrun for a_test_minio_connection to None, run_after=None
[2026-02-20T12:00:12.875+0000] {processor.py:183} INFO - Processing /opt/airflow/dags/extract_api.py took 0.122 seconds
[2026-02-20T12:00:43.406+0000] {processor.py:161} INFO - Started process (PID=3313) to work on /opt/airflow/dags/extract_api.py
[2026-02-20T12:00:43.408+0000] {processor.py:830} INFO - Processing file /opt/airflow/dags/extract_api.py for tasks to queue
[2026-02-20T12:00:43.411+0000] {logging_mixin.py:188} INFO - [2026-02-20T12:00:43.410+0000] {dagbag.py:545} INFO - Filling up the DagBag from /opt/airflow/dags/extract_api.py
[2026-02-20T12:00:43.437+0000] {processor.py:840} INFO - DAG(s) 'a_test_minio_connection' retrieved from /opt/airflow/dags/extract_api.py
[2026-02-20T12:00:43.469+0000] {logging_mixin.py:188} INFO - [2026-02-20T12:00:43.468+0000] {dag.py:3089} INFO - Sync 1 DAGs
[2026-02-20T12:00:43.489+0000] {logging_mixin.py:188} INFO - [2026-02-20T12:00:43.489+0000] {dag.py:3947} INFO - Setting next_dagrun for a_test_minio_connection to None, run_after=None
[2026-02-20T12:00:43.515+0000] {processor.py:183} INFO - Processing /opt/airflow/dags/extract_api.py took 0.118 seconds
[2026-02-20T12:01:13.988+0000] {processor.py:161} INFO - Started process (PID=3339) to work on /opt/airflow/dags/extract_api.py
[2026-02-20T12:01:13.990+0000] {processor.py:830} INFO - Processing file /opt/airflow/dags/extract_api.py for tasks to queue
[2026-02-20T12:01:13.993+0000] {logging_mixin.py:188} INFO - [2026-02-20T12:01:13.993+0000] {dagbag.py:545} INFO - Filling up the DagBag from /opt/airflow/dags/extract_api.py
[2026-02-20T12:01:14.028+0000] {processor.py:840} INFO - DAG(s) 'a_test_minio_connection' retrieved from /opt/airflow/dags/extract_api.py
[2026-02-20T12:01:14.071+0000] {logging_mixin.py:188} INFO - [2026-02-20T12:01:14.071+0000] {dag.py:3089} INFO - Sync 1 DAGs
[2026-02-20T12:01:14.092+0000] {logging_mixin.py:188} INFO - [2026-02-20T12:01:14.092+0000] {dag.py:3947} INFO - Setting next_dagrun for a_test_minio_connection to None, run_after=None
[2026-02-20T12:01:14.126+0000] {processor.py:183} INFO - Processing /opt/airflow/dags/extract_api.py took 0.146 seconds
[2026-02-20T12:01:45.043+0000] {processor.py:161} INFO - Started process (PID=3358) to work on /opt/airflow/dags/extract_api.py
[2026-02-20T12:01:45.044+0000] {processor.py:830} INFO - Processing file /opt/airflow/dags/extract_api.py for tasks to queue
[2026-02-20T12:01:45.047+0000] {logging_mixin.py:188} INFO - [2026-02-20T12:01:45.046+0000] {dagbag.py:545} INFO - Filling up the DagBag from /opt/airflow/dags/extract_api.py
[2026-02-20T12:01:45.077+0000] {processor.py:840} INFO - DAG(s) 'a_test_minio_connection' retrieved from /opt/airflow/dags/extract_api.py
[2026-02-20T12:01:45.105+0000] {logging_mixin.py:188} INFO - [2026-02-20T12:01:45.104+0000] {dag.py:3089} INFO - Sync 1 DAGs
[2026-02-20T12:01:45.121+0000] {logging_mixin.py:188} INFO - [2026-02-20T12:01:45.120+0000] {dag.py:3947} INFO - Setting next_dagrun for a_test_minio_connection to None, run_after=None
[2026-02-20T12:01:45.150+0000] {processor.py:183} INFO - Processing /opt/airflow/dags/extract_api.py took 0.114 seconds
[2026-02-20T12:02:15.871+0000] {processor.py:161} INFO - Started process (PID=3385) to work on /opt/airflow/dags/extract_api.py
[2026-02-20T12:02:15.873+0000] {processor.py:830} INFO - Processing file /opt/airflow/dags/extract_api.py for tasks to queue
[2026-02-20T12:02:15.876+0000] {logging_mixin.py:188} INFO - [2026-02-20T12:02:15.876+0000] {dagbag.py:545} INFO - Filling up the DagBag from /opt/airflow/dags/extract_api.py
[2026-02-20T12:02:15.914+0000] {processor.py:840} INFO - DAG(s) 'a_test_minio_connection' retrieved from /opt/airflow/dags/extract_api.py
[2026-02-20T12:02:15.963+0000] {logging_mixin.py:188} INFO - [2026-02-20T12:02:15.963+0000] {dag.py:3089} INFO - Sync 1 DAGs
[2026-02-20T12:02:15.984+0000] {logging_mixin.py:188} INFO - [2026-02-20T12:02:15.983+0000] {dag.py:3947} INFO - Setting next_dagrun for a_test_minio_connection to None, run_after=None
[2026-02-20T12:02:16.019+0000] {processor.py:183} INFO - Processing /opt/airflow/dags/extract_api.py took 0.158 seconds
[2026-02-20T12:02:46.576+0000] {processor.py:161} INFO - Started process (PID=3411) to work on /opt/airflow/dags/extract_api.py
[2026-02-20T12:02:46.578+0000] {processor.py:830} INFO - Processing file /opt/airflow/dags/extract_api.py for tasks to queue
[2026-02-20T12:02:46.582+0000] {logging_mixin.py:188} INFO - [2026-02-20T12:02:46.581+0000] {dagbag.py:545} INFO - Filling up the DagBag from /opt/airflow/dags/extract_api.py
[2026-02-20T12:02:46.625+0000] {processor.py:840} INFO - DAG(s) 'a_test_minio_connection' retrieved from /opt/airflow/dags/extract_api.py
[2026-02-20T12:02:46.659+0000] {logging_mixin.py:188} INFO - [2026-02-20T12:02:46.659+0000] {dag.py:3089} INFO - Sync 1 DAGs
[2026-02-20T12:02:46.676+0000] {logging_mixin.py:188} INFO - [2026-02-20T12:02:46.676+0000] {dag.py:3947} INFO - Setting next_dagrun for a_test_minio_connection to None, run_after=None
[2026-02-20T12:02:46.709+0000] {processor.py:183} INFO - Processing /opt/airflow/dags/extract_api.py took 0.142 seconds
[2026-02-20T12:03:17.137+0000] {processor.py:161} INFO - Started process (PID=3431) to work on /opt/airflow/dags/extract_api.py
[2026-02-20T12:03:17.139+0000] {processor.py:830} INFO - Processing file /opt/airflow/dags/extract_api.py for tasks to queue
[2026-02-20T12:03:17.142+0000] {logging_mixin.py:188} INFO - [2026-02-20T12:03:17.142+0000] {dagbag.py:545} INFO - Filling up the DagBag from /opt/airflow/dags/extract_api.py
[2026-02-20T12:03:17.178+0000] {processor.py:840} INFO - DAG(s) 'a_test_minio_connection' retrieved from /opt/airflow/dags/extract_api.py
[2026-02-20T12:03:17.215+0000] {logging_mixin.py:188} INFO - [2026-02-20T12:03:17.215+0000] {dag.py:3089} INFO - Sync 1 DAGs
[2026-02-20T12:03:17.233+0000] {logging_mixin.py:188} INFO - [2026-02-20T12:03:17.232+0000] {dag.py:3947} INFO - Setting next_dagrun for a_test_minio_connection to None, run_after=None
[2026-02-20T12:03:17.264+0000] {processor.py:183} INFO - Processing /opt/airflow/dags/extract_api.py took 0.138 seconds
[2026-02-20T12:03:47.810+0000] {processor.py:161} INFO - Started process (PID=3457) to work on /opt/airflow/dags/extract_api.py
[2026-02-20T12:03:47.812+0000] {processor.py:830} INFO - Processing file /opt/airflow/dags/extract_api.py for tasks to queue
[2026-02-20T12:03:47.815+0000] {logging_mixin.py:188} INFO - [2026-02-20T12:03:47.815+0000] {dagbag.py:545} INFO - Filling up the DagBag from /opt/airflow/dags/extract_api.py
[2026-02-20T12:03:47.849+0000] {processor.py:840} INFO - DAG(s) 'a_test_minio_connection' retrieved from /opt/airflow/dags/extract_api.py
[2026-02-20T12:03:47.889+0000] {logging_mixin.py:188} INFO - [2026-02-20T12:03:47.888+0000] {dag.py:3089} INFO - Sync 1 DAGs
[2026-02-20T12:03:47.908+0000] {logging_mixin.py:188} INFO - [2026-02-20T12:03:47.908+0000] {dag.py:3947} INFO - Setting next_dagrun for a_test_minio_connection to None, run_after=None
[2026-02-20T12:03:47.944+0000] {processor.py:183} INFO - Processing /opt/airflow/dags/extract_api.py took 0.141 seconds
[2026-02-20T12:04:18.361+0000] {processor.py:161} INFO - Started process (PID=3476) to work on /opt/airflow/dags/extract_api.py
[2026-02-20T12:04:18.363+0000] {processor.py:830} INFO - Processing file /opt/airflow/dags/extract_api.py for tasks to queue
[2026-02-20T12:04:18.367+0000] {logging_mixin.py:188} INFO - [2026-02-20T12:04:18.366+0000] {dagbag.py:545} INFO - Filling up the DagBag from /opt/airflow/dags/extract_api.py
[2026-02-20T12:04:18.398+0000] {processor.py:840} INFO - DAG(s) 'a_test_minio_connection' retrieved from /opt/airflow/dags/extract_api.py
[2026-02-20T12:04:18.433+0000] {logging_mixin.py:188} INFO - [2026-02-20T12:04:18.433+0000] {dag.py:3089} INFO - Sync 1 DAGs
[2026-02-20T12:04:18.450+0000] {logging_mixin.py:188} INFO - [2026-02-20T12:04:18.450+0000] {dag.py:3947} INFO - Setting next_dagrun for a_test_minio_connection to None, run_after=None
[2026-02-20T12:04:18.478+0000] {processor.py:183} INFO - Processing /opt/airflow/dags/extract_api.py took 0.125 seconds
[2026-02-20T12:04:49.067+0000] {processor.py:161} INFO - Started process (PID=3494) to work on /opt/airflow/dags/extract_api.py
[2026-02-20T12:04:49.069+0000] {processor.py:830} INFO - Processing file /opt/airflow/dags/extract_api.py for tasks to queue
[2026-02-20T12:04:49.072+0000] {logging_mixin.py:188} INFO - [2026-02-20T12:04:49.072+0000] {dagbag.py:545} INFO - Filling up the DagBag from /opt/airflow/dags/extract_api.py
[2026-02-20T12:04:49.121+0000] {processor.py:840} INFO - DAG(s) 'a_test_minio_connection' retrieved from /opt/airflow/dags/extract_api.py
[2026-02-20T12:04:49.156+0000] {logging_mixin.py:188} INFO - [2026-02-20T12:04:49.155+0000] {dag.py:3089} INFO - Sync 1 DAGs
[2026-02-20T12:04:49.172+0000] {logging_mixin.py:188} INFO - [2026-02-20T12:04:49.172+0000] {dag.py:3947} INFO - Setting next_dagrun for a_test_minio_connection to None, run_after=None
[2026-02-20T12:04:49.201+0000] {processor.py:183} INFO - Processing /opt/airflow/dags/extract_api.py took 0.143 seconds
[2026-02-20T12:05:19.632+0000] {processor.py:161} INFO - Started process (PID=3521) to work on /opt/airflow/dags/extract_api.py
[2026-02-20T12:05:19.634+0000] {processor.py:830} INFO - Processing file /opt/airflow/dags/extract_api.py for tasks to queue
[2026-02-20T12:05:19.637+0000] {logging_mixin.py:188} INFO - [2026-02-20T12:05:19.637+0000] {dagbag.py:545} INFO - Filling up the DagBag from /opt/airflow/dags/extract_api.py
[2026-02-20T12:05:19.673+0000] {processor.py:840} INFO - DAG(s) 'a_test_minio_connection' retrieved from /opt/airflow/dags/extract_api.py
[2026-02-20T12:05:19.710+0000] {logging_mixin.py:188} INFO - [2026-02-20T12:05:19.709+0000] {dag.py:3089} INFO - Sync 1 DAGs
[2026-02-20T12:05:19.729+0000] {logging_mixin.py:188} INFO - [2026-02-20T12:05:19.729+0000] {dag.py:3947} INFO - Setting next_dagrun for a_test_minio_connection to None, run_after=None
[2026-02-20T12:05:19.761+0000] {processor.py:183} INFO - Processing /opt/airflow/dags/extract_api.py took 0.137 seconds
[2026-02-20T12:05:50.333+0000] {processor.py:161} INFO - Started process (PID=3540) to work on /opt/airflow/dags/extract_api.py
[2026-02-20T12:05:50.334+0000] {processor.py:830} INFO - Processing file /opt/airflow/dags/extract_api.py for tasks to queue
[2026-02-20T12:05:50.338+0000] {logging_mixin.py:188} INFO - [2026-02-20T12:05:50.338+0000] {dagbag.py:545} INFO - Filling up the DagBag from /opt/airflow/dags/extract_api.py
[2026-02-20T12:05:50.368+0000] {processor.py:840} INFO - DAG(s) 'a_test_minio_connection' retrieved from /opt/airflow/dags/extract_api.py
[2026-02-20T12:05:50.404+0000] {logging_mixin.py:188} INFO - [2026-02-20T12:05:50.404+0000] {dag.py:3089} INFO - Sync 1 DAGs
[2026-02-20T12:05:50.420+0000] {logging_mixin.py:188} INFO - [2026-02-20T12:05:50.420+0000] {dag.py:3947} INFO - Setting next_dagrun for a_test_minio_connection to None, run_after=None
[2026-02-20T12:05:50.446+0000] {processor.py:183} INFO - Processing /opt/airflow/dags/extract_api.py took 0.120 seconds
[2026-02-20T12:06:21.177+0000] {processor.py:161} INFO - Started process (PID=3567) to work on /opt/airflow/dags/extract_api.py
[2026-02-20T12:06:21.179+0000] {processor.py:830} INFO - Processing file /opt/airflow/dags/extract_api.py for tasks to queue
[2026-02-20T12:06:21.183+0000] {logging_mixin.py:188} INFO - [2026-02-20T12:06:21.182+0000] {dagbag.py:545} INFO - Filling up the DagBag from /opt/airflow/dags/extract_api.py
[2026-02-20T12:06:21.215+0000] {processor.py:840} INFO - DAG(s) 'a_test_minio_connection' retrieved from /opt/airflow/dags/extract_api.py
[2026-02-20T12:06:21.252+0000] {logging_mixin.py:188} INFO - [2026-02-20T12:06:21.252+0000] {dag.py:3089} INFO - Sync 1 DAGs
[2026-02-20T12:06:21.270+0000] {logging_mixin.py:188} INFO - [2026-02-20T12:06:21.270+0000] {dag.py:3947} INFO - Setting next_dagrun for a_test_minio_connection to None, run_after=None
[2026-02-20T12:06:21.305+0000] {processor.py:183} INFO - Processing /opt/airflow/dags/extract_api.py took 0.136 seconds
[2026-02-20T12:06:51.921+0000] {processor.py:161} INFO - Started process (PID=3585) to work on /opt/airflow/dags/extract_api.py
[2026-02-20T12:06:51.922+0000] {processor.py:830} INFO - Processing file /opt/airflow/dags/extract_api.py for tasks to queue
[2026-02-20T12:06:51.926+0000] {logging_mixin.py:188} INFO - [2026-02-20T12:06:51.925+0000] {dagbag.py:545} INFO - Filling up the DagBag from /opt/airflow/dags/extract_api.py
[2026-02-20T12:06:51.959+0000] {processor.py:840} INFO - DAG(s) 'a_test_minio_connection' retrieved from /opt/airflow/dags/extract_api.py
[2026-02-20T12:06:51.994+0000] {logging_mixin.py:188} INFO - [2026-02-20T12:06:51.993+0000] {dag.py:3089} INFO - Sync 1 DAGs
[2026-02-20T12:06:52.014+0000] {logging_mixin.py:188} INFO - [2026-02-20T12:06:52.013+0000] {dag.py:3947} INFO - Setting next_dagrun for a_test_minio_connection to None, run_after=None
[2026-02-20T12:06:52.060+0000] {processor.py:183} INFO - Processing /opt/airflow/dags/extract_api.py took 0.148 seconds
[2026-02-20T12:07:22.793+0000] {processor.py:161} INFO - Started process (PID=3612) to work on /opt/airflow/dags/extract_api.py
[2026-02-20T12:07:22.795+0000] {processor.py:830} INFO - Processing file /opt/airflow/dags/extract_api.py for tasks to queue
[2026-02-20T12:07:22.798+0000] {logging_mixin.py:188} INFO - [2026-02-20T12:07:22.798+0000] {dagbag.py:545} INFO - Filling up the DagBag from /opt/airflow/dags/extract_api.py
[2026-02-20T12:07:22.827+0000] {processor.py:840} INFO - DAG(s) 'a_test_minio_connection' retrieved from /opt/airflow/dags/extract_api.py
[2026-02-20T12:07:22.859+0000] {logging_mixin.py:188} INFO - [2026-02-20T12:07:22.858+0000] {dag.py:3089} INFO - Sync 1 DAGs
[2026-02-20T12:07:22.877+0000] {logging_mixin.py:188} INFO - [2026-02-20T12:07:22.877+0000] {dag.py:3947} INFO - Setting next_dagrun for a_test_minio_connection to None, run_after=None
[2026-02-20T12:07:22.911+0000] {processor.py:183} INFO - Processing /opt/airflow/dags/extract_api.py took 0.128 seconds
[2026-02-20T12:07:53.100+0000] {processor.py:161} INFO - Started process (PID=3630) to work on /opt/airflow/dags/extract_api.py
[2026-02-20T12:07:53.102+0000] {processor.py:830} INFO - Processing file /opt/airflow/dags/extract_api.py for tasks to queue
[2026-02-20T12:07:53.104+0000] {logging_mixin.py:188} INFO - [2026-02-20T12:07:53.104+0000] {dagbag.py:545} INFO - Filling up the DagBag from /opt/airflow/dags/extract_api.py
[2026-02-20T12:07:53.135+0000] {processor.py:840} INFO - DAG(s) 'a_test_minio_connection' retrieved from /opt/airflow/dags/extract_api.py
[2026-02-20T12:07:53.166+0000] {logging_mixin.py:188} INFO - [2026-02-20T12:07:53.165+0000] {dag.py:3089} INFO - Sync 1 DAGs
[2026-02-20T12:07:53.181+0000] {logging_mixin.py:188} INFO - [2026-02-20T12:07:53.181+0000] {dag.py:3947} INFO - Setting next_dagrun for a_test_minio_connection to None, run_after=None
[2026-02-20T12:07:53.210+0000] {processor.py:183} INFO - Processing /opt/airflow/dags/extract_api.py took 0.117 seconds
[2026-02-20T12:08:23.763+0000] {processor.py:161} INFO - Started process (PID=3657) to work on /opt/airflow/dags/extract_api.py
[2026-02-20T12:08:23.764+0000] {processor.py:830} INFO - Processing file /opt/airflow/dags/extract_api.py for tasks to queue
[2026-02-20T12:08:23.767+0000] {logging_mixin.py:188} INFO - [2026-02-20T12:08:23.766+0000] {dagbag.py:545} INFO - Filling up the DagBag from /opt/airflow/dags/extract_api.py
[2026-02-20T12:08:23.788+0000] {processor.py:840} INFO - DAG(s) 'a_test_minio_connection' retrieved from /opt/airflow/dags/extract_api.py
[2026-02-20T12:08:23.814+0000] {logging_mixin.py:188} INFO - [2026-02-20T12:08:23.814+0000] {dag.py:3089} INFO - Sync 1 DAGs
[2026-02-20T12:08:23.826+0000] {logging_mixin.py:188} INFO - [2026-02-20T12:08:23.826+0000] {dag.py:3947} INFO - Setting next_dagrun for a_test_minio_connection to None, run_after=None
[2026-02-20T12:08:23.851+0000] {processor.py:183} INFO - Processing /opt/airflow/dags/extract_api.py took 0.095 seconds
[2026-02-20T12:08:54.350+0000] {processor.py:161} INFO - Started process (PID=3675) to work on /opt/airflow/dags/extract_api.py
[2026-02-20T12:08:54.351+0000] {processor.py:830} INFO - Processing file /opt/airflow/dags/extract_api.py for tasks to queue
[2026-02-20T12:08:54.355+0000] {logging_mixin.py:188} INFO - [2026-02-20T12:08:54.354+0000] {dagbag.py:545} INFO - Filling up the DagBag from /opt/airflow/dags/extract_api.py
[2026-02-20T12:08:54.397+0000] {processor.py:840} INFO - DAG(s) 'a_test_minio_connection' retrieved from /opt/airflow/dags/extract_api.py
[2026-02-20T12:08:54.433+0000] {logging_mixin.py:188} INFO - [2026-02-20T12:08:54.433+0000] {dag.py:3089} INFO - Sync 1 DAGs
[2026-02-20T12:08:54.451+0000] {logging_mixin.py:188} INFO - [2026-02-20T12:08:54.450+0000] {dag.py:3947} INFO - Setting next_dagrun for a_test_minio_connection to None, run_after=None
[2026-02-20T12:08:54.485+0000] {processor.py:183} INFO - Processing /opt/airflow/dags/extract_api.py took 0.147 seconds
[2026-02-20T12:09:24.883+0000] {processor.py:161} INFO - Started process (PID=3700) to work on /opt/airflow/dags/extract_api.py
[2026-02-20T12:09:24.885+0000] {processor.py:830} INFO - Processing file /opt/airflow/dags/extract_api.py for tasks to queue
[2026-02-20T12:09:24.890+0000] {logging_mixin.py:188} INFO - [2026-02-20T12:09:24.889+0000] {dagbag.py:545} INFO - Filling up the DagBag from /opt/airflow/dags/extract_api.py
[2026-02-20T12:09:24.927+0000] {processor.py:840} INFO - DAG(s) 'a_test_minio_connection' retrieved from /opt/airflow/dags/extract_api.py
[2026-02-20T12:09:24.969+0000] {logging_mixin.py:188} INFO - [2026-02-20T12:09:24.968+0000] {dag.py:3089} INFO - Sync 1 DAGs
[2026-02-20T12:09:24.987+0000] {logging_mixin.py:188} INFO - [2026-02-20T12:09:24.987+0000] {dag.py:3947} INFO - Setting next_dagrun for a_test_minio_connection to None, run_after=None
[2026-02-20T12:09:25.025+0000] {processor.py:183} INFO - Processing /opt/airflow/dags/extract_api.py took 0.150 seconds
[2026-02-20T12:09:55.449+0000] {processor.py:161} INFO - Started process (PID=3720) to work on /opt/airflow/dags/extract_api.py
[2026-02-20T12:09:55.451+0000] {processor.py:830} INFO - Processing file /opt/airflow/dags/extract_api.py for tasks to queue
[2026-02-20T12:09:55.454+0000] {logging_mixin.py:188} INFO - [2026-02-20T12:09:55.453+0000] {dagbag.py:545} INFO - Filling up the DagBag from /opt/airflow/dags/extract_api.py
[2026-02-20T12:09:55.494+0000] {processor.py:840} INFO - DAG(s) 'a_test_minio_connection' retrieved from /opt/airflow/dags/extract_api.py
[2026-02-20T12:09:55.541+0000] {logging_mixin.py:188} INFO - [2026-02-20T12:09:55.541+0000] {dag.py:3089} INFO - Sync 1 DAGs
[2026-02-20T12:09:55.560+0000] {logging_mixin.py:188} INFO - [2026-02-20T12:09:55.560+0000] {dag.py:3947} INFO - Setting next_dagrun for a_test_minio_connection to None, run_after=None
[2026-02-20T12:09:55.597+0000] {processor.py:183} INFO - Processing /opt/airflow/dags/extract_api.py took 0.158 seconds
[2026-02-20T12:10:26.517+0000] {processor.py:161} INFO - Started process (PID=3746) to work on /opt/airflow/dags/extract_api.py
[2026-02-20T12:10:26.519+0000] {processor.py:830} INFO - Processing file /opt/airflow/dags/extract_api.py for tasks to queue
[2026-02-20T12:10:26.522+0000] {logging_mixin.py:188} INFO - [2026-02-20T12:10:26.521+0000] {dagbag.py:545} INFO - Filling up the DagBag from /opt/airflow/dags/extract_api.py
[2026-02-20T12:10:26.561+0000] {processor.py:840} INFO - DAG(s) 'a_test_minio_connection' retrieved from /opt/airflow/dags/extract_api.py
[2026-02-20T12:10:26.598+0000] {logging_mixin.py:188} INFO - [2026-02-20T12:10:26.597+0000] {dag.py:3089} INFO - Sync 1 DAGs
[2026-02-20T12:10:26.615+0000] {logging_mixin.py:188} INFO - [2026-02-20T12:10:26.615+0000] {dag.py:3947} INFO - Setting next_dagrun for a_test_minio_connection to None, run_after=None
[2026-02-20T12:10:26.648+0000] {processor.py:183} INFO - Processing /opt/airflow/dags/extract_api.py took 0.141 seconds
[2026-02-20T12:10:57.076+0000] {processor.py:161} INFO - Started process (PID=3765) to work on /opt/airflow/dags/extract_api.py
[2026-02-20T12:10:57.077+0000] {processor.py:830} INFO - Processing file /opt/airflow/dags/extract_api.py for tasks to queue
[2026-02-20T12:10:57.080+0000] {logging_mixin.py:188} INFO - [2026-02-20T12:10:57.080+0000] {dagbag.py:545} INFO - Filling up the DagBag from /opt/airflow/dags/extract_api.py
[2026-02-20T12:10:57.110+0000] {processor.py:840} INFO - DAG(s) 'a_test_minio_connection' retrieved from /opt/airflow/dags/extract_api.py
[2026-02-20T12:10:57.140+0000] {logging_mixin.py:188} INFO - [2026-02-20T12:10:57.139+0000] {dag.py:3089} INFO - Sync 1 DAGs
[2026-02-20T12:10:57.161+0000] {logging_mixin.py:188} INFO - [2026-02-20T12:10:57.161+0000] {dag.py:3947} INFO - Setting next_dagrun for a_test_minio_connection to None, run_after=None
[2026-02-20T12:10:57.201+0000] {processor.py:183} INFO - Processing /opt/airflow/dags/extract_api.py took 0.133 seconds
[2026-02-20T12:11:27.764+0000] {processor.py:161} INFO - Started process (PID=3789) to work on /opt/airflow/dags/extract_api.py
[2026-02-20T12:11:27.765+0000] {processor.py:830} INFO - Processing file /opt/airflow/dags/extract_api.py for tasks to queue
[2026-02-20T12:11:27.769+0000] {logging_mixin.py:188} INFO - [2026-02-20T12:11:27.768+0000] {dagbag.py:545} INFO - Filling up the DagBag from /opt/airflow/dags/extract_api.py
[2026-02-20T12:11:27.837+0000] {processor.py:840} INFO - DAG(s) 'a_test_minio_connection' retrieved from /opt/airflow/dags/extract_api.py
[2026-02-20T12:11:27.883+0000] {logging_mixin.py:188} INFO - [2026-02-20T12:11:27.882+0000] {dag.py:3089} INFO - Sync 1 DAGs
[2026-02-20T12:11:27.963+0000] {logging_mixin.py:188} INFO - [2026-02-20T12:11:27.962+0000] {dag.py:3947} INFO - Setting next_dagrun for a_test_minio_connection to None, run_after=None
[2026-02-20T12:11:28.026+0000] {processor.py:183} INFO - Processing /opt/airflow/dags/extract_api.py took 0.270 seconds
[2026-02-20T12:11:58.521+0000] {processor.py:161} INFO - Started process (PID=3814) to work on /opt/airflow/dags/extract_api.py
[2026-02-20T12:11:58.523+0000] {processor.py:830} INFO - Processing file /opt/airflow/dags/extract_api.py for tasks to queue
[2026-02-20T12:11:58.526+0000] {logging_mixin.py:188} INFO - [2026-02-20T12:11:58.526+0000] {dagbag.py:545} INFO - Filling up the DagBag from /opt/airflow/dags/extract_api.py
[2026-02-20T12:11:58.559+0000] {processor.py:840} INFO - DAG(s) 'a_test_minio_connection' retrieved from /opt/airflow/dags/extract_api.py
[2026-02-20T12:11:58.587+0000] {logging_mixin.py:188} INFO - [2026-02-20T12:11:58.587+0000] {dag.py:3089} INFO - Sync 1 DAGs
[2026-02-20T12:11:58.603+0000] {logging_mixin.py:188} INFO - [2026-02-20T12:11:58.603+0000] {dag.py:3947} INFO - Setting next_dagrun for a_test_minio_connection to None, run_after=None
[2026-02-20T12:11:58.630+0000] {processor.py:183} INFO - Processing /opt/airflow/dags/extract_api.py took 0.125 seconds
[2026-02-20T12:12:29.050+0000] {processor.py:161} INFO - Started process (PID=3900) to work on /opt/airflow/dags/extract_api.py
[2026-02-20T12:12:29.052+0000] {processor.py:830} INFO - Processing file /opt/airflow/dags/extract_api.py for tasks to queue
[2026-02-20T12:12:29.056+0000] {logging_mixin.py:188} INFO - [2026-02-20T12:12:29.056+0000] {dagbag.py:545} INFO - Filling up the DagBag from /opt/airflow/dags/extract_api.py
[2026-02-20T12:12:29.103+0000] {processor.py:840} INFO - DAG(s) 'a_test_minio_connection' retrieved from /opt/airflow/dags/extract_api.py
[2026-02-20T12:12:29.147+0000] {logging_mixin.py:188} INFO - [2026-02-20T12:12:29.146+0000] {dag.py:3089} INFO - Sync 1 DAGs
[2026-02-20T12:12:29.269+0000] {logging_mixin.py:188} INFO - [2026-02-20T12:12:29.269+0000] {dag.py:3947} INFO - Setting next_dagrun for a_test_minio_connection to None, run_after=None
[2026-02-20T12:12:29.302+0000] {processor.py:183} INFO - Processing /opt/airflow/dags/extract_api.py took 0.271 seconds
[2026-02-20T12:12:59.516+0000] {processor.py:161} INFO - Started process (PID=3998) to work on /opt/airflow/dags/extract_api.py
[2026-02-20T12:12:59.520+0000] {processor.py:830} INFO - Processing file /opt/airflow/dags/extract_api.py for tasks to queue
[2026-02-20T12:12:59.523+0000] {logging_mixin.py:188} INFO - [2026-02-20T12:12:59.523+0000] {dagbag.py:545} INFO - Filling up the DagBag from /opt/airflow/dags/extract_api.py
[2026-02-20T12:12:59.559+0000] {processor.py:840} INFO - DAG(s) 'a_test_minio_connection' retrieved from /opt/airflow/dags/extract_api.py
[2026-02-20T12:12:59.597+0000] {logging_mixin.py:188} INFO - [2026-02-20T12:12:59.596+0000] {dag.py:3089} INFO - Sync 1 DAGs
[2026-02-20T12:12:59.617+0000] {logging_mixin.py:188} INFO - [2026-02-20T12:12:59.616+0000] {dag.py:3947} INFO - Setting next_dagrun for a_test_minio_connection to None, run_after=None
[2026-02-20T12:12:59.652+0000] {processor.py:183} INFO - Processing /opt/airflow/dags/extract_api.py took 0.143 seconds
[2026-02-20T12:13:30.258+0000] {processor.py:161} INFO - Started process (PID=4027) to work on /opt/airflow/dags/extract_api.py
[2026-02-20T12:13:30.260+0000] {processor.py:830} INFO - Processing file /opt/airflow/dags/extract_api.py for tasks to queue
[2026-02-20T12:13:30.262+0000] {logging_mixin.py:188} INFO - [2026-02-20T12:13:30.262+0000] {dagbag.py:545} INFO - Filling up the DagBag from /opt/airflow/dags/extract_api.py
[2026-02-20T12:13:30.291+0000] {processor.py:840} INFO - DAG(s) 'a_test_minio_connection' retrieved from /opt/airflow/dags/extract_api.py
[2026-02-20T12:13:30.328+0000] {logging_mixin.py:188} INFO - [2026-02-20T12:13:30.328+0000] {dag.py:3089} INFO - Sync 1 DAGs
[2026-02-20T12:13:30.346+0000] {logging_mixin.py:188} INFO - [2026-02-20T12:13:30.345+0000] {dag.py:3947} INFO - Setting next_dagrun for a_test_minio_connection to None, run_after=None
[2026-02-20T12:13:30.390+0000] {processor.py:183} INFO - Processing /opt/airflow/dags/extract_api.py took 0.143 seconds
[2026-02-20T12:14:01.093+0000] {processor.py:161} INFO - Started process (PID=4061) to work on /opt/airflow/dags/extract_api.py
[2026-02-20T12:14:01.095+0000] {processor.py:830} INFO - Processing file /opt/airflow/dags/extract_api.py for tasks to queue
[2026-02-20T12:14:01.097+0000] {logging_mixin.py:188} INFO - [2026-02-20T12:14:01.097+0000] {dagbag.py:545} INFO - Filling up the DagBag from /opt/airflow/dags/extract_api.py
[2026-02-20T12:14:01.148+0000] {processor.py:840} INFO - DAG(s) 'a_test_minio_connection' retrieved from /opt/airflow/dags/extract_api.py
[2026-02-20T12:14:01.179+0000] {logging_mixin.py:188} INFO - [2026-02-20T12:14:01.179+0000] {dag.py:3089} INFO - Sync 1 DAGs
[2026-02-20T12:14:01.194+0000] {logging_mixin.py:188} INFO - [2026-02-20T12:14:01.194+0000] {dag.py:3947} INFO - Setting next_dagrun for a_test_minio_connection to None, run_after=None
[2026-02-20T12:14:01.218+0000] {processor.py:183} INFO - Processing /opt/airflow/dags/extract_api.py took 0.132 seconds
[2026-02-20T12:14:32.260+0000] {processor.py:161} INFO - Started process (PID=4150) to work on /opt/airflow/dags/extract_api.py
[2026-02-20T12:14:32.269+0000] {processor.py:830} INFO - Processing file /opt/airflow/dags/extract_api.py for tasks to queue
[2026-02-20T12:14:32.272+0000] {logging_mixin.py:188} INFO - [2026-02-20T12:14:32.272+0000] {dagbag.py:545} INFO - Filling up the DagBag from /opt/airflow/dags/extract_api.py
[2026-02-20T12:14:32.305+0000] {processor.py:840} INFO - DAG(s) 'a_test_minio_connection' retrieved from /opt/airflow/dags/extract_api.py
[2026-02-20T12:14:32.346+0000] {logging_mixin.py:188} INFO - [2026-02-20T12:14:32.345+0000] {dag.py:3089} INFO - Sync 1 DAGs
[2026-02-20T12:14:32.363+0000] {logging_mixin.py:188} INFO - [2026-02-20T12:14:32.363+0000] {dag.py:3947} INFO - Setting next_dagrun for a_test_minio_connection to None, run_after=None
[2026-02-20T12:14:32.396+0000] {processor.py:183} INFO - Processing /opt/airflow/dags/extract_api.py took 0.148 seconds
[2026-02-20T12:15:02.551+0000] {processor.py:161} INFO - Started process (PID=4276) to work on /opt/airflow/dags/extract_api.py
[2026-02-20T12:15:02.554+0000] {processor.py:830} INFO - Processing file /opt/airflow/dags/extract_api.py for tasks to queue
[2026-02-20T12:15:02.558+0000] {logging_mixin.py:188} INFO - [2026-02-20T12:15:02.557+0000] {dagbag.py:545} INFO - Filling up the DagBag from /opt/airflow/dags/extract_api.py
[2026-02-20T12:15:02.596+0000] {processor.py:840} INFO - DAG(s) 'a_test_minio_connection' retrieved from /opt/airflow/dags/extract_api.py
[2026-02-20T12:15:02.626+0000] {logging_mixin.py:188} INFO - [2026-02-20T12:15:02.626+0000] {dag.py:3089} INFO - Sync 1 DAGs
[2026-02-20T12:15:02.642+0000] {logging_mixin.py:188} INFO - [2026-02-20T12:15:02.641+0000] {dag.py:3947} INFO - Setting next_dagrun for a_test_minio_connection to None, run_after=None
[2026-02-20T12:15:02.666+0000] {processor.py:183} INFO - Processing /opt/airflow/dags/extract_api.py took 0.127 seconds
[2026-02-20T12:15:33.227+0000] {processor.py:161} INFO - Started process (PID=4307) to work on /opt/airflow/dags/extract_api.py
[2026-02-20T12:15:33.229+0000] {processor.py:830} INFO - Processing file /opt/airflow/dags/extract_api.py for tasks to queue
[2026-02-20T12:15:33.233+0000] {logging_mixin.py:188} INFO - [2026-02-20T12:15:33.232+0000] {dagbag.py:545} INFO - Filling up the DagBag from /opt/airflow/dags/extract_api.py
[2026-02-20T12:15:33.268+0000] {processor.py:840} INFO - DAG(s) 'a_test_minio_connection' retrieved from /opt/airflow/dags/extract_api.py
[2026-02-20T12:15:33.315+0000] {logging_mixin.py:188} INFO - [2026-02-20T12:15:33.315+0000] {dag.py:3089} INFO - Sync 1 DAGs
[2026-02-20T12:15:33.336+0000] {logging_mixin.py:188} INFO - [2026-02-20T12:15:33.335+0000] {dag.py:3947} INFO - Setting next_dagrun for a_test_minio_connection to None, run_after=None
[2026-02-20T12:15:33.373+0000] {processor.py:183} INFO - Processing /opt/airflow/dags/extract_api.py took 0.155 seconds
[2026-02-20T12:16:03.526+0000] {processor.py:161} INFO - Started process (PID=4378) to work on /opt/airflow/dags/extract_api.py
[2026-02-20T12:16:03.527+0000] {processor.py:830} INFO - Processing file /opt/airflow/dags/extract_api.py for tasks to queue
[2026-02-20T12:16:03.541+0000] {logging_mixin.py:188} INFO - [2026-02-20T12:16:03.540+0000] {dagbag.py:545} INFO - Filling up the DagBag from /opt/airflow/dags/extract_api.py
[2026-02-20T12:16:04.041+0000] {processor.py:840} INFO - DAG(s) 'a_test_minio_connection' retrieved from /opt/airflow/dags/extract_api.py
[2026-02-20T12:16:04.081+0000] {logging_mixin.py:188} INFO - [2026-02-20T12:16:04.080+0000] {dag.py:3089} INFO - Sync 1 DAGs
[2026-02-20T12:16:04.099+0000] {logging_mixin.py:188} INFO - [2026-02-20T12:16:04.099+0000] {dag.py:3947} INFO - Setting next_dagrun for a_test_minio_connection to None, run_after=None
[2026-02-20T12:16:04.134+0000] {processor.py:183} INFO - Processing /opt/airflow/dags/extract_api.py took 0.617 seconds
[2026-02-20T12:16:34.212+0000] {processor.py:161} INFO - Started process (PID=4529) to work on /opt/airflow/dags/extract_api.py
[2026-02-20T12:16:34.213+0000] {processor.py:830} INFO - Processing file /opt/airflow/dags/extract_api.py for tasks to queue
[2026-02-20T12:16:34.217+0000] {logging_mixin.py:188} INFO - [2026-02-20T12:16:34.216+0000] {dagbag.py:545} INFO - Filling up the DagBag from /opt/airflow/dags/extract_api.py
[2026-02-20T12:16:34.253+0000] {processor.py:840} INFO - DAG(s) 'a_test_minio_connection' retrieved from /opt/airflow/dags/extract_api.py
[2026-02-20T12:16:34.284+0000] {logging_mixin.py:188} INFO - [2026-02-20T12:16:34.283+0000] {dag.py:3089} INFO - Sync 1 DAGs
[2026-02-20T12:16:34.300+0000] {logging_mixin.py:188} INFO - [2026-02-20T12:16:34.299+0000] {dag.py:3947} INFO - Setting next_dagrun for a_test_minio_connection to None, run_after=None
[2026-02-20T12:16:34.332+0000] {processor.py:183} INFO - Processing /opt/airflow/dags/extract_api.py took 0.129 seconds
[2026-02-20T12:17:05.033+0000] {processor.py:161} INFO - Started process (PID=4654) to work on /opt/airflow/dags/extract_api.py
[2026-02-20T12:17:05.035+0000] {processor.py:830} INFO - Processing file /opt/airflow/dags/extract_api.py for tasks to queue
[2026-02-20T12:17:05.041+0000] {logging_mixin.py:188} INFO - [2026-02-20T12:17:05.040+0000] {dagbag.py:545} INFO - Filling up the DagBag from /opt/airflow/dags/extract_api.py
[2026-02-20T12:17:05.082+0000] {processor.py:840} INFO - DAG(s) 'a_test_minio_connection' retrieved from /opt/airflow/dags/extract_api.py
[2026-02-20T12:17:05.121+0000] {logging_mixin.py:188} INFO - [2026-02-20T12:17:05.121+0000] {dag.py:3089} INFO - Sync 1 DAGs
[2026-02-20T12:17:05.137+0000] {logging_mixin.py:188} INFO - [2026-02-20T12:17:05.136+0000] {dag.py:3947} INFO - Setting next_dagrun for a_test_minio_connection to None, run_after=None
[2026-02-20T12:17:05.162+0000] {processor.py:183} INFO - Processing /opt/airflow/dags/extract_api.py took 0.141 seconds
[2026-02-20T12:17:35.559+0000] {processor.py:161} INFO - Started process (PID=4766) to work on /opt/airflow/dags/extract_api.py
[2026-02-20T12:17:35.561+0000] {processor.py:830} INFO - Processing file /opt/airflow/dags/extract_api.py for tasks to queue
[2026-02-20T12:17:35.566+0000] {logging_mixin.py:188} INFO - [2026-02-20T12:17:35.565+0000] {dagbag.py:545} INFO - Filling up the DagBag from /opt/airflow/dags/extract_api.py
[2026-02-20T12:17:35.599+0000] {processor.py:840} INFO - DAG(s) 'a_test_minio_connection' retrieved from /opt/airflow/dags/extract_api.py
[2026-02-20T12:17:35.630+0000] {logging_mixin.py:188} INFO - [2026-02-20T12:17:35.630+0000] {dag.py:3089} INFO - Sync 1 DAGs
[2026-02-20T12:17:35.647+0000] {logging_mixin.py:188} INFO - [2026-02-20T12:17:35.647+0000] {dag.py:3947} INFO - Setting next_dagrun for a_test_minio_connection to None, run_after=None
[2026-02-20T12:17:35.678+0000] {processor.py:183} INFO - Processing /opt/airflow/dags/extract_api.py took 0.128 seconds
[2026-02-20T12:18:06.549+0000] {processor.py:161} INFO - Started process (PID=4808) to work on /opt/airflow/dags/extract_api.py
[2026-02-20T12:18:06.551+0000] {processor.py:830} INFO - Processing file /opt/airflow/dags/extract_api.py for tasks to queue
[2026-02-20T12:18:06.554+0000] {logging_mixin.py:188} INFO - [2026-02-20T12:18:06.553+0000] {dagbag.py:545} INFO - Filling up the DagBag from /opt/airflow/dags/extract_api.py
[2026-02-20T12:18:06.585+0000] {processor.py:840} INFO - DAG(s) 'a_test_minio_connection' retrieved from /opt/airflow/dags/extract_api.py
[2026-02-20T12:18:06.614+0000] {logging_mixin.py:188} INFO - [2026-02-20T12:18:06.614+0000] {dag.py:3089} INFO - Sync 1 DAGs
[2026-02-20T12:18:06.631+0000] {logging_mixin.py:188} INFO - [2026-02-20T12:18:06.631+0000] {dag.py:3947} INFO - Setting next_dagrun for a_test_minio_connection to None, run_after=None
[2026-02-20T12:18:06.660+0000] {processor.py:183} INFO - Processing /opt/airflow/dags/extract_api.py took 0.119 seconds
[2026-02-20T12:18:37.668+0000] {processor.py:161} INFO - Started process (PID=4838) to work on /opt/airflow/dags/extract_api.py
[2026-02-20T12:18:37.670+0000] {processor.py:830} INFO - Processing file /opt/airflow/dags/extract_api.py for tasks to queue
[2026-02-20T12:18:37.672+0000] {logging_mixin.py:188} INFO - [2026-02-20T12:18:37.672+0000] {dagbag.py:545} INFO - Filling up the DagBag from /opt/airflow/dags/extract_api.py
[2026-02-20T12:18:37.717+0000] {processor.py:840} INFO - DAG(s) 'a_test_minio_connection' retrieved from /opt/airflow/dags/extract_api.py
[2026-02-20T12:18:37.749+0000] {logging_mixin.py:188} INFO - [2026-02-20T12:18:37.749+0000] {dag.py:3089} INFO - Sync 1 DAGs
[2026-02-20T12:18:37.766+0000] {logging_mixin.py:188} INFO - [2026-02-20T12:18:37.766+0000] {dag.py:3947} INFO - Setting next_dagrun for a_test_minio_connection to None, run_after=None
[2026-02-20T12:18:37.796+0000] {processor.py:183} INFO - Processing /opt/airflow/dags/extract_api.py took 0.139 seconds
[2026-02-20T12:19:08.369+0000] {processor.py:161} INFO - Started process (PID=4862) to work on /opt/airflow/dags/extract_api.py
[2026-02-20T12:19:08.371+0000] {processor.py:830} INFO - Processing file /opt/airflow/dags/extract_api.py for tasks to queue
[2026-02-20T12:19:08.374+0000] {logging_mixin.py:188} INFO - [2026-02-20T12:19:08.373+0000] {dagbag.py:545} INFO - Filling up the DagBag from /opt/airflow/dags/extract_api.py
[2026-02-20T12:19:08.412+0000] {processor.py:840} INFO - DAG(s) 'a_test_minio_connection' retrieved from /opt/airflow/dags/extract_api.py
[2026-02-20T12:19:08.443+0000] {logging_mixin.py:188} INFO - [2026-02-20T12:19:08.442+0000] {dag.py:3089} INFO - Sync 1 DAGs
[2026-02-20T12:19:08.459+0000] {logging_mixin.py:188} INFO - [2026-02-20T12:19:08.459+0000] {dag.py:3947} INFO - Setting next_dagrun for a_test_minio_connection to None, run_after=None
[2026-02-20T12:19:08.486+0000] {processor.py:183} INFO - Processing /opt/airflow/dags/extract_api.py took 0.130 seconds
[2026-02-20T12:19:39.151+0000] {processor.py:161} INFO - Started process (PID=4893) to work on /opt/airflow/dags/extract_api.py
[2026-02-20T12:19:39.153+0000] {processor.py:830} INFO - Processing file /opt/airflow/dags/extract_api.py for tasks to queue
[2026-02-20T12:19:39.155+0000] {logging_mixin.py:188} INFO - [2026-02-20T12:19:39.155+0000] {dagbag.py:545} INFO - Filling up the DagBag from /opt/airflow/dags/extract_api.py
[2026-02-20T12:19:39.185+0000] {processor.py:840} INFO - DAG(s) 'a_test_minio_connection' retrieved from /opt/airflow/dags/extract_api.py
[2026-02-20T12:19:39.216+0000] {logging_mixin.py:188} INFO - [2026-02-20T12:19:39.216+0000] {dag.py:3089} INFO - Sync 1 DAGs
[2026-02-20T12:19:39.234+0000] {logging_mixin.py:188} INFO - [2026-02-20T12:19:39.233+0000] {dag.py:3947} INFO - Setting next_dagrun for a_test_minio_connection to None, run_after=None
[2026-02-20T12:19:39.260+0000] {processor.py:183} INFO - Processing /opt/airflow/dags/extract_api.py took 0.117 seconds
[2026-02-20T12:20:09.928+0000] {processor.py:161} INFO - Started process (PID=4918) to work on /opt/airflow/dags/extract_api.py
[2026-02-20T12:20:09.930+0000] {processor.py:830} INFO - Processing file /opt/airflow/dags/extract_api.py for tasks to queue
[2026-02-20T12:20:09.932+0000] {logging_mixin.py:188} INFO - [2026-02-20T12:20:09.932+0000] {dagbag.py:545} INFO - Filling up the DagBag from /opt/airflow/dags/extract_api.py
[2026-02-20T12:20:09.967+0000] {processor.py:840} INFO - DAG(s) 'a_test_minio_connection' retrieved from /opt/airflow/dags/extract_api.py
[2026-02-20T12:20:09.998+0000] {logging_mixin.py:188} INFO - [2026-02-20T12:20:09.998+0000] {dag.py:3089} INFO - Sync 1 DAGs
[2026-02-20T12:20:10.033+0000] {logging_mixin.py:188} INFO - [2026-02-20T12:20:10.033+0000] {dag.py:3947} INFO - Setting next_dagrun for a_test_minio_connection to None, run_after=None
[2026-02-20T12:20:10.068+0000] {processor.py:183} INFO - Processing /opt/airflow/dags/extract_api.py took 0.148 seconds
[2026-02-20T12:20:40.893+0000] {processor.py:161} INFO - Started process (PID=4943) to work on /opt/airflow/dags/extract_api.py
[2026-02-20T12:20:40.894+0000] {processor.py:830} INFO - Processing file /opt/airflow/dags/extract_api.py for tasks to queue
[2026-02-20T12:20:40.898+0000] {logging_mixin.py:188} INFO - [2026-02-20T12:20:40.897+0000] {dagbag.py:545} INFO - Filling up the DagBag from /opt/airflow/dags/extract_api.py
[2026-02-20T12:20:40.928+0000] {processor.py:840} INFO - DAG(s) 'a_test_minio_connection' retrieved from /opt/airflow/dags/extract_api.py
[2026-02-20T12:20:40.973+0000] {logging_mixin.py:188} INFO - [2026-02-20T12:20:40.973+0000] {dag.py:3089} INFO - Sync 1 DAGs
[2026-02-20T12:20:40.994+0000] {logging_mixin.py:188} INFO - [2026-02-20T12:20:40.994+0000] {dag.py:3947} INFO - Setting next_dagrun for a_test_minio_connection to None, run_after=None
[2026-02-20T12:20:41.023+0000] {processor.py:183} INFO - Processing /opt/airflow/dags/extract_api.py took 0.139 seconds
[2026-02-20T12:21:11.715+0000] {processor.py:161} INFO - Started process (PID=4975) to work on /opt/airflow/dags/extract_api.py
[2026-02-20T12:21:11.716+0000] {processor.py:830} INFO - Processing file /opt/airflow/dags/extract_api.py for tasks to queue
[2026-02-20T12:21:11.718+0000] {logging_mixin.py:188} INFO - [2026-02-20T12:21:11.718+0000] {dagbag.py:545} INFO - Filling up the DagBag from /opt/airflow/dags/extract_api.py
[2026-02-20T12:21:11.742+0000] {processor.py:840} INFO - DAG(s) 'a_test_minio_connection' retrieved from /opt/airflow/dags/extract_api.py
[2026-02-20T12:21:11.772+0000] {logging_mixin.py:188} INFO - [2026-02-20T12:21:11.772+0000] {dag.py:3089} INFO - Sync 1 DAGs
[2026-02-20T12:21:11.788+0000] {logging_mixin.py:188} INFO - [2026-02-20T12:21:11.788+0000] {dag.py:3947} INFO - Setting next_dagrun for a_test_minio_connection to None, run_after=None
[2026-02-20T12:21:11.814+0000] {processor.py:183} INFO - Processing /opt/airflow/dags/extract_api.py took 0.107 seconds
[2026-02-20T12:21:42.115+0000] {processor.py:161} INFO - Started process (PID=5000) to work on /opt/airflow/dags/extract_api.py
[2026-02-20T12:21:42.116+0000] {processor.py:830} INFO - Processing file /opt/airflow/dags/extract_api.py for tasks to queue
[2026-02-20T12:21:42.119+0000] {logging_mixin.py:188} INFO - [2026-02-20T12:21:42.119+0000] {dagbag.py:545} INFO - Filling up the DagBag from /opt/airflow/dags/extract_api.py
[2026-02-20T12:21:42.157+0000] {processor.py:840} INFO - DAG(s) 'a_test_minio_connection' retrieved from /opt/airflow/dags/extract_api.py
[2026-02-20T12:21:42.191+0000] {logging_mixin.py:188} INFO - [2026-02-20T12:21:42.190+0000] {dag.py:3089} INFO - Sync 1 DAGs
[2026-02-20T12:21:42.211+0000] {logging_mixin.py:188} INFO - [2026-02-20T12:21:42.211+0000] {dag.py:3947} INFO - Setting next_dagrun for a_test_minio_connection to None, run_after=None
[2026-02-20T12:21:42.250+0000] {processor.py:183} INFO - Processing /opt/airflow/dags/extract_api.py took 0.144 seconds
[2026-02-20T12:22:12.779+0000] {processor.py:161} INFO - Started process (PID=5031) to work on /opt/airflow/dags/extract_api.py
[2026-02-20T12:22:12.781+0000] {processor.py:830} INFO - Processing file /opt/airflow/dags/extract_api.py for tasks to queue
[2026-02-20T12:22:12.785+0000] {logging_mixin.py:188} INFO - [2026-02-20T12:22:12.784+0000] {dagbag.py:545} INFO - Filling up the DagBag from /opt/airflow/dags/extract_api.py
[2026-02-20T12:22:12.828+0000] {processor.py:840} INFO - DAG(s) 'a_test_minio_connection' retrieved from /opt/airflow/dags/extract_api.py
[2026-02-20T12:22:12.878+0000] {logging_mixin.py:188} INFO - [2026-02-20T12:22:12.877+0000] {dag.py:3089} INFO - Sync 1 DAGs
[2026-02-20T12:22:12.898+0000] {logging_mixin.py:188} INFO - [2026-02-20T12:22:12.898+0000] {dag.py:3947} INFO - Setting next_dagrun for a_test_minio_connection to None, run_after=None
[2026-02-20T12:22:12.925+0000] {processor.py:183} INFO - Processing /opt/airflow/dags/extract_api.py took 0.158 seconds
[2026-02-20T12:22:43.867+0000] {processor.py:161} INFO - Started process (PID=5069) to work on /opt/airflow/dags/extract_api.py
[2026-02-20T12:22:43.870+0000] {processor.py:830} INFO - Processing file /opt/airflow/dags/extract_api.py for tasks to queue
[2026-02-20T12:22:43.873+0000] {logging_mixin.py:188} INFO - [2026-02-20T12:22:43.873+0000] {dagbag.py:545} INFO - Filling up the DagBag from /opt/airflow/dags/extract_api.py
[2026-02-20T12:22:43.899+0000] {processor.py:840} INFO - DAG(s) 'a_test_minio_connection' retrieved from /opt/airflow/dags/extract_api.py
[2026-02-20T12:22:43.927+0000] {logging_mixin.py:188} INFO - [2026-02-20T12:22:43.927+0000] {dag.py:3089} INFO - Sync 1 DAGs
[2026-02-20T12:22:43.943+0000] {logging_mixin.py:188} INFO - [2026-02-20T12:22:43.942+0000] {dag.py:3947} INFO - Setting next_dagrun for a_test_minio_connection to None, run_after=None
[2026-02-20T12:22:43.971+0000] {processor.py:183} INFO - Processing /opt/airflow/dags/extract_api.py took 0.110 seconds
[2026-02-20T12:23:14.260+0000] {processor.py:161} INFO - Started process (PID=5095) to work on /opt/airflow/dags/extract_api.py
[2026-02-20T12:23:14.261+0000] {processor.py:830} INFO - Processing file /opt/airflow/dags/extract_api.py for tasks to queue
[2026-02-20T12:23:14.264+0000] {logging_mixin.py:188} INFO - [2026-02-20T12:23:14.264+0000] {dagbag.py:545} INFO - Filling up the DagBag from /opt/airflow/dags/extract_api.py
[2026-02-20T12:23:14.301+0000] {processor.py:840} INFO - DAG(s) 'a_test_minio_connection' retrieved from /opt/airflow/dags/extract_api.py
[2026-02-20T12:23:14.337+0000] {logging_mixin.py:188} INFO - [2026-02-20T12:23:14.336+0000] {dag.py:3089} INFO - Sync 1 DAGs
[2026-02-20T12:23:14.353+0000] {logging_mixin.py:188} INFO - [2026-02-20T12:23:14.353+0000] {dag.py:3947} INFO - Setting next_dagrun for a_test_minio_connection to None, run_after=None
[2026-02-20T12:23:14.379+0000] {processor.py:183} INFO - Processing /opt/airflow/dags/extract_api.py took 0.128 seconds
[2026-02-20T12:23:44.879+0000] {processor.py:161} INFO - Started process (PID=5128) to work on /opt/airflow/dags/extract_api.py
[2026-02-20T12:23:44.881+0000] {processor.py:830} INFO - Processing file /opt/airflow/dags/extract_api.py for tasks to queue
[2026-02-20T12:23:44.884+0000] {logging_mixin.py:188} INFO - [2026-02-20T12:23:44.884+0000] {dagbag.py:545} INFO - Filling up the DagBag from /opt/airflow/dags/extract_api.py
[2026-02-20T12:23:44.923+0000] {processor.py:840} INFO - DAG(s) 'a_test_minio_connection' retrieved from /opt/airflow/dags/extract_api.py
[2026-02-20T12:23:44.975+0000] {logging_mixin.py:188} INFO - [2026-02-20T12:23:44.974+0000] {dag.py:3089} INFO - Sync 1 DAGs
[2026-02-20T12:23:45.008+0000] {logging_mixin.py:188} INFO - [2026-02-20T12:23:45.008+0000] {dag.py:3947} INFO - Setting next_dagrun for a_test_minio_connection to None, run_after=None
[2026-02-20T12:23:45.041+0000] {processor.py:183} INFO - Processing /opt/airflow/dags/extract_api.py took 0.171 seconds
[2026-02-20T12:24:15.137+0000] {processor.py:161} INFO - Started process (PID=5250) to work on /opt/airflow/dags/extract_api.py
[2026-02-20T12:24:15.139+0000] {processor.py:830} INFO - Processing file /opt/airflow/dags/extract_api.py for tasks to queue
[2026-02-20T12:24:15.142+0000] {logging_mixin.py:188} INFO - [2026-02-20T12:24:15.141+0000] {dagbag.py:545} INFO - Filling up the DagBag from /opt/airflow/dags/extract_api.py
[2026-02-20T12:24:15.176+0000] {processor.py:840} INFO - DAG(s) 'a_test_minio_connection' retrieved from /opt/airflow/dags/extract_api.py
[2026-02-20T12:24:15.206+0000] {logging_mixin.py:188} INFO - [2026-02-20T12:24:15.206+0000] {dag.py:3089} INFO - Sync 1 DAGs
[2026-02-20T12:24:15.225+0000] {logging_mixin.py:188} INFO - [2026-02-20T12:24:15.225+0000] {dag.py:3947} INFO - Setting next_dagrun for a_test_minio_connection to None, run_after=None
[2026-02-20T12:24:15.257+0000] {processor.py:183} INFO - Processing /opt/airflow/dags/extract_api.py took 0.128 seconds
[2026-02-20T12:24:45.469+0000] {processor.py:161} INFO - Started process (PID=5394) to work on /opt/airflow/dags/extract_api.py
[2026-02-20T12:24:45.471+0000] {processor.py:830} INFO - Processing file /opt/airflow/dags/extract_api.py for tasks to queue
[2026-02-20T12:24:45.476+0000] {logging_mixin.py:188} INFO - [2026-02-20T12:24:45.475+0000] {dagbag.py:545} INFO - Filling up the DagBag from /opt/airflow/dags/extract_api.py
[2026-02-20T12:24:45.508+0000] {processor.py:840} INFO - DAG(s) 'a_test_minio_connection' retrieved from /opt/airflow/dags/extract_api.py
[2026-02-20T12:24:45.543+0000] {logging_mixin.py:188} INFO - [2026-02-20T12:24:45.543+0000] {dag.py:3089} INFO - Sync 1 DAGs
[2026-02-20T12:24:45.565+0000] {logging_mixin.py:188} INFO - [2026-02-20T12:24:45.564+0000] {dag.py:3947} INFO - Setting next_dagrun for a_test_minio_connection to None, run_after=None
[2026-02-20T12:24:45.606+0000] {processor.py:183} INFO - Processing /opt/airflow/dags/extract_api.py took 0.145 seconds
[2026-02-20T12:25:15.787+0000] {processor.py:161} INFO - Started process (PID=5515) to work on /opt/airflow/dags/extract_api.py
[2026-02-20T12:25:15.789+0000] {processor.py:830} INFO - Processing file /opt/airflow/dags/extract_api.py for tasks to queue
[2026-02-20T12:25:15.792+0000] {logging_mixin.py:188} INFO - [2026-02-20T12:25:15.791+0000] {dagbag.py:545} INFO - Filling up the DagBag from /opt/airflow/dags/extract_api.py
[2026-02-20T12:25:15.825+0000] {processor.py:840} INFO - DAG(s) 'a_test_minio_connection' retrieved from /opt/airflow/dags/extract_api.py
[2026-02-20T12:25:15.895+0000] {logging_mixin.py:188} INFO - [2026-02-20T12:25:15.894+0000] {dag.py:3089} INFO - Sync 1 DAGs
[2026-02-20T12:25:15.930+0000] {logging_mixin.py:188} INFO - [2026-02-20T12:25:15.929+0000] {dag.py:3947} INFO - Setting next_dagrun for a_test_minio_connection to None, run_after=None
[2026-02-20T12:25:15.978+0000] {processor.py:183} INFO - Processing /opt/airflow/dags/extract_api.py took 0.198 seconds
[2026-02-20T12:25:46.789+0000] {processor.py:161} INFO - Started process (PID=5667) to work on /opt/airflow/dags/extract_api.py
[2026-02-20T12:25:46.790+0000] {processor.py:830} INFO - Processing file /opt/airflow/dags/extract_api.py for tasks to queue
[2026-02-20T12:25:46.794+0000] {logging_mixin.py:188} INFO - [2026-02-20T12:25:46.793+0000] {dagbag.py:545} INFO - Filling up the DagBag from /opt/airflow/dags/extract_api.py
[2026-02-20T12:25:46.817+0000] {processor.py:840} INFO - DAG(s) 'a_test_minio_connection' retrieved from /opt/airflow/dags/extract_api.py
[2026-02-20T12:25:46.849+0000] {logging_mixin.py:188} INFO - [2026-02-20T12:25:46.849+0000] {dag.py:3089} INFO - Sync 1 DAGs
[2026-02-20T12:25:46.869+0000] {logging_mixin.py:188} INFO - [2026-02-20T12:25:46.868+0000] {dag.py:3947} INFO - Setting next_dagrun for a_test_minio_connection to None, run_after=None
[2026-02-20T12:25:46.897+0000] {processor.py:183} INFO - Processing /opt/airflow/dags/extract_api.py took 0.116 seconds
[2026-02-20T12:26:17.421+0000] {processor.py:161} INFO - Started process (PID=5794) to work on /opt/airflow/dags/extract_api.py
[2026-02-20T12:26:17.428+0000] {processor.py:830} INFO - Processing file /opt/airflow/dags/extract_api.py for tasks to queue
[2026-02-20T12:26:17.430+0000] {logging_mixin.py:188} INFO - [2026-02-20T12:26:17.430+0000] {dagbag.py:545} INFO - Filling up the DagBag from /opt/airflow/dags/extract_api.py
[2026-02-20T12:26:17.463+0000] {processor.py:840} INFO - DAG(s) 'a_test_minio_connection' retrieved from /opt/airflow/dags/extract_api.py
[2026-02-20T12:26:17.531+0000] {logging_mixin.py:188} INFO - [2026-02-20T12:26:17.531+0000] {dag.py:3089} INFO - Sync 1 DAGs
[2026-02-20T12:26:17.583+0000] {logging_mixin.py:188} INFO - [2026-02-20T12:26:17.583+0000] {dag.py:3947} INFO - Setting next_dagrun for a_test_minio_connection to None, run_after=None
[2026-02-20T12:26:17.650+0000] {processor.py:183} INFO - Processing /opt/airflow/dags/extract_api.py took 0.237 seconds
[2026-02-20T12:26:49.234+0000] {processor.py:161} INFO - Started process (PID=5940) to work on /opt/airflow/dags/extract_api.py
[2026-02-20T12:26:49.239+0000] {processor.py:830} INFO - Processing file /opt/airflow/dags/extract_api.py for tasks to queue
[2026-02-20T12:26:49.243+0000] {logging_mixin.py:188} INFO - [2026-02-20T12:26:49.243+0000] {dagbag.py:545} INFO - Filling up the DagBag from /opt/airflow/dags/extract_api.py
[2026-02-20T12:26:49.318+0000] {processor.py:840} INFO - DAG(s) 'a_test_minio_connection' retrieved from /opt/airflow/dags/extract_api.py
[2026-02-20T12:26:49.394+0000] {logging_mixin.py:188} INFO - [2026-02-20T12:26:49.394+0000] {dag.py:3089} INFO - Sync 1 DAGs
[2026-02-20T12:26:49.413+0000] {logging_mixin.py:188} INFO - [2026-02-20T12:26:49.413+0000] {dag.py:3947} INFO - Setting next_dagrun for a_test_minio_connection to None, run_after=None
[2026-02-20T12:26:49.470+0000] {processor.py:183} INFO - Processing /opt/airflow/dags/extract_api.py took 0.255 seconds
[2026-02-20T12:27:20.147+0000] {processor.py:161} INFO - Started process (PID=6085) to work on /opt/airflow/dags/extract_api.py
[2026-02-20T12:27:20.157+0000] {processor.py:830} INFO - Processing file /opt/airflow/dags/extract_api.py for tasks to queue
[2026-02-20T12:27:20.163+0000] {logging_mixin.py:188} INFO - [2026-02-20T12:27:20.162+0000] {dagbag.py:545} INFO - Filling up the DagBag from /opt/airflow/dags/extract_api.py
[2026-02-20T12:27:20.200+0000] {processor.py:840} INFO - DAG(s) 'a_test_minio_connection' retrieved from /opt/airflow/dags/extract_api.py
[2026-02-20T12:27:20.244+0000] {logging_mixin.py:188} INFO - [2026-02-20T12:27:20.244+0000] {dag.py:3089} INFO - Sync 1 DAGs
[2026-02-20T12:27:20.263+0000] {logging_mixin.py:188} INFO - [2026-02-20T12:27:20.262+0000] {dag.py:3947} INFO - Setting next_dagrun for a_test_minio_connection to None, run_after=None
[2026-02-20T12:27:20.296+0000] {processor.py:183} INFO - Processing /opt/airflow/dags/extract_api.py took 0.164 seconds
[2026-02-20T12:27:51.517+0000] {processor.py:161} INFO - Started process (PID=6227) to work on /opt/airflow/dags/extract_api.py
[2026-02-20T12:27:51.520+0000] {processor.py:830} INFO - Processing file /opt/airflow/dags/extract_api.py for tasks to queue
[2026-02-20T12:27:51.533+0000] {logging_mixin.py:188} INFO - [2026-02-20T12:27:51.532+0000] {dagbag.py:545} INFO - Filling up the DagBag from /opt/airflow/dags/extract_api.py
[2026-02-20T12:27:51.647+0000] {processor.py:840} INFO - DAG(s) 'a_test_minio_connection' retrieved from /opt/airflow/dags/extract_api.py
[2026-02-20T12:27:51.690+0000] {logging_mixin.py:188} INFO - [2026-02-20T12:27:51.690+0000] {dag.py:3089} INFO - Sync 1 DAGs
[2026-02-20T12:27:51.725+0000] {logging_mixin.py:188} INFO - [2026-02-20T12:27:51.725+0000] {dag.py:3947} INFO - Setting next_dagrun for a_test_minio_connection to None, run_after=None
[2026-02-20T12:27:51.768+0000] {processor.py:183} INFO - Processing /opt/airflow/dags/extract_api.py took 0.267 seconds
[2026-02-20T12:28:22.105+0000] {processor.py:161} INFO - Started process (PID=6366) to work on /opt/airflow/dags/extract_api.py
[2026-02-20T12:28:22.108+0000] {processor.py:830} INFO - Processing file /opt/airflow/dags/extract_api.py for tasks to queue
[2026-02-20T12:28:22.113+0000] {logging_mixin.py:188} INFO - [2026-02-20T12:28:22.112+0000] {dagbag.py:545} INFO - Filling up the DagBag from /opt/airflow/dags/extract_api.py
[2026-02-20T12:28:22.160+0000] {processor.py:840} INFO - DAG(s) 'a_test_minio_connection' retrieved from /opt/airflow/dags/extract_api.py
[2026-02-20T12:28:22.198+0000] {logging_mixin.py:188} INFO - [2026-02-20T12:28:22.198+0000] {dag.py:3089} INFO - Sync 1 DAGs
[2026-02-20T12:28:22.223+0000] {logging_mixin.py:188} INFO - [2026-02-20T12:28:22.221+0000] {dag.py:3947} INFO - Setting next_dagrun for a_test_minio_connection to None, run_after=None
[2026-02-20T12:28:22.265+0000] {processor.py:183} INFO - Processing /opt/airflow/dags/extract_api.py took 0.167 seconds
[2026-02-20T12:28:53.113+0000] {processor.py:161} INFO - Started process (PID=6518) to work on /opt/airflow/dags/extract_api.py
[2026-02-20T12:28:53.121+0000] {processor.py:830} INFO - Processing file /opt/airflow/dags/extract_api.py for tasks to queue
[2026-02-20T12:28:53.124+0000] {logging_mixin.py:188} INFO - [2026-02-20T12:28:53.124+0000] {dagbag.py:545} INFO - Filling up the DagBag from /opt/airflow/dags/extract_api.py
[2026-02-20T12:28:53.148+0000] {processor.py:840} INFO - DAG(s) 'a_test_minio_connection' retrieved from /opt/airflow/dags/extract_api.py
[2026-02-20T12:28:53.183+0000] {logging_mixin.py:188} INFO - [2026-02-20T12:28:53.182+0000] {dag.py:3089} INFO - Sync 1 DAGs
[2026-02-20T12:28:53.207+0000] {logging_mixin.py:188} INFO - [2026-02-20T12:28:53.207+0000] {dag.py:3947} INFO - Setting next_dagrun for a_test_minio_connection to None, run_after=None
[2026-02-20T12:28:53.240+0000] {processor.py:183} INFO - Processing /opt/airflow/dags/extract_api.py took 0.135 seconds
[2026-02-20T12:29:23.620+0000] {processor.py:161} INFO - Started process (PID=6664) to work on /opt/airflow/dags/extract_api.py
[2026-02-20T12:29:23.621+0000] {processor.py:830} INFO - Processing file /opt/airflow/dags/extract_api.py for tasks to queue
[2026-02-20T12:29:23.624+0000] {logging_mixin.py:188} INFO - [2026-02-20T12:29:23.623+0000] {dagbag.py:545} INFO - Filling up the DagBag from /opt/airflow/dags/extract_api.py
[2026-02-20T12:29:23.657+0000] {processor.py:840} INFO - DAG(s) 'a_test_minio_connection' retrieved from /opt/airflow/dags/extract_api.py
[2026-02-20T12:29:23.704+0000] {logging_mixin.py:188} INFO - [2026-02-20T12:29:23.703+0000] {dag.py:3089} INFO - Sync 1 DAGs
[2026-02-20T12:29:23.721+0000] {logging_mixin.py:188} INFO - [2026-02-20T12:29:23.721+0000] {dag.py:3947} INFO - Setting next_dagrun for a_test_minio_connection to None, run_after=None
[2026-02-20T12:29:23.751+0000] {processor.py:183} INFO - Processing /opt/airflow/dags/extract_api.py took 0.138 seconds
[2026-02-20T12:29:54.343+0000] {processor.py:161} INFO - Started process (PID=6809) to work on /opt/airflow/dags/extract_api.py
[2026-02-20T12:29:54.345+0000] {processor.py:830} INFO - Processing file /opt/airflow/dags/extract_api.py for tasks to queue
[2026-02-20T12:29:54.349+0000] {logging_mixin.py:188} INFO - [2026-02-20T12:29:54.348+0000] {dagbag.py:545} INFO - Filling up the DagBag from /opt/airflow/dags/extract_api.py
[2026-02-20T12:29:54.384+0000] {processor.py:840} INFO - DAG(s) 'a_test_minio_connection' retrieved from /opt/airflow/dags/extract_api.py
[2026-02-20T12:29:54.413+0000] {logging_mixin.py:188} INFO - [2026-02-20T12:29:54.413+0000] {dag.py:3089} INFO - Sync 1 DAGs
[2026-02-20T12:29:54.430+0000] {logging_mixin.py:188} INFO - [2026-02-20T12:29:54.430+0000] {dag.py:3947} INFO - Setting next_dagrun for a_test_minio_connection to None, run_after=None
[2026-02-20T12:29:54.456+0000] {processor.py:183} INFO - Processing /opt/airflow/dags/extract_api.py took 0.120 seconds
[2026-02-20T12:30:24.655+0000] {processor.py:161} INFO - Started process (PID=6946) to work on /opt/airflow/dags/extract_api.py
[2026-02-20T12:30:24.659+0000] {processor.py:830} INFO - Processing file /opt/airflow/dags/extract_api.py for tasks to queue
[2026-02-20T12:30:24.669+0000] {logging_mixin.py:188} INFO - [2026-02-20T12:30:24.668+0000] {dagbag.py:545} INFO - Filling up the DagBag from /opt/airflow/dags/extract_api.py
[2026-02-20T12:30:24.758+0000] {processor.py:840} INFO - DAG(s) 'a_test_minio_connection' retrieved from /opt/airflow/dags/extract_api.py
[2026-02-20T12:30:24.900+0000] {logging_mixin.py:188} INFO - [2026-02-20T12:30:24.899+0000] {dag.py:3089} INFO - Sync 1 DAGs
[2026-02-20T12:30:24.940+0000] {logging_mixin.py:188} INFO - [2026-02-20T12:30:24.939+0000] {dag.py:3947} INFO - Setting next_dagrun for a_test_minio_connection to None, run_after=None
[2026-02-20T12:30:24.987+0000] {processor.py:183} INFO - Processing /opt/airflow/dags/extract_api.py took 0.349 seconds
[2026-02-20T12:30:55.472+0000] {processor.py:161} INFO - Started process (PID=7083) to work on /opt/airflow/dags/extract_api.py
[2026-02-20T12:30:55.473+0000] {processor.py:830} INFO - Processing file /opt/airflow/dags/extract_api.py for tasks to queue
[2026-02-20T12:30:55.476+0000] {logging_mixin.py:188} INFO - [2026-02-20T12:30:55.476+0000] {dagbag.py:545} INFO - Filling up the DagBag from /opt/airflow/dags/extract_api.py
[2026-02-20T12:30:55.507+0000] {processor.py:840} INFO - DAG(s) 'a_test_minio_connection' retrieved from /opt/airflow/dags/extract_api.py
[2026-02-20T12:30:55.539+0000] {logging_mixin.py:188} INFO - [2026-02-20T12:30:55.539+0000] {dag.py:3089} INFO - Sync 1 DAGs
[2026-02-20T12:30:55.555+0000] {logging_mixin.py:188} INFO - [2026-02-20T12:30:55.555+0000] {dag.py:3947} INFO - Setting next_dagrun for a_test_minio_connection to None, run_after=None
[2026-02-20T12:30:55.581+0000] {processor.py:183} INFO - Processing /opt/airflow/dags/extract_api.py took 0.116 seconds
[2026-02-20T12:31:26.233+0000] {processor.py:161} INFO - Started process (PID=7235) to work on /opt/airflow/dags/extract_api.py
[2026-02-20T12:31:26.234+0000] {processor.py:830} INFO - Processing file /opt/airflow/dags/extract_api.py for tasks to queue
[2026-02-20T12:31:26.239+0000] {logging_mixin.py:188} INFO - [2026-02-20T12:31:26.238+0000] {dagbag.py:545} INFO - Filling up the DagBag from /opt/airflow/dags/extract_api.py
[2026-02-20T12:31:26.266+0000] {processor.py:840} INFO - DAG(s) 'a_test_minio_connection' retrieved from /opt/airflow/dags/extract_api.py
[2026-02-20T12:31:26.302+0000] {logging_mixin.py:188} INFO - [2026-02-20T12:31:26.302+0000] {dag.py:3089} INFO - Sync 1 DAGs
[2026-02-20T12:31:26.321+0000] {logging_mixin.py:188} INFO - [2026-02-20T12:31:26.320+0000] {dag.py:3947} INFO - Setting next_dagrun for a_test_minio_connection to None, run_after=None
[2026-02-20T12:31:26.349+0000] {processor.py:183} INFO - Processing /opt/airflow/dags/extract_api.py took 0.124 seconds
[2026-02-20T12:31:57.129+0000] {processor.py:161} INFO - Started process (PID=7379) to work on /opt/airflow/dags/extract_api.py
[2026-02-20T12:31:57.131+0000] {processor.py:830} INFO - Processing file /opt/airflow/dags/extract_api.py for tasks to queue
[2026-02-20T12:31:57.134+0000] {logging_mixin.py:188} INFO - [2026-02-20T12:31:57.133+0000] {dagbag.py:545} INFO - Filling up the DagBag from /opt/airflow/dags/extract_api.py
[2026-02-20T12:31:57.167+0000] {processor.py:840} INFO - DAG(s) 'a_test_minio_connection' retrieved from /opt/airflow/dags/extract_api.py
[2026-02-20T12:31:57.196+0000] {logging_mixin.py:188} INFO - [2026-02-20T12:31:57.195+0000] {dag.py:3089} INFO - Sync 1 DAGs
[2026-02-20T12:31:57.211+0000] {logging_mixin.py:188} INFO - [2026-02-20T12:31:57.211+0000] {dag.py:3947} INFO - Setting next_dagrun for a_test_minio_connection to None, run_after=None
[2026-02-20T12:31:57.236+0000] {processor.py:183} INFO - Processing /opt/airflow/dags/extract_api.py took 0.114 seconds
[2026-02-20T12:32:27.656+0000] {processor.py:161} INFO - Started process (PID=7522) to work on /opt/airflow/dags/extract_api.py
[2026-02-20T12:32:27.657+0000] {processor.py:830} INFO - Processing file /opt/airflow/dags/extract_api.py for tasks to queue
[2026-02-20T12:32:27.660+0000] {logging_mixin.py:188} INFO - [2026-02-20T12:32:27.659+0000] {dagbag.py:545} INFO - Filling up the DagBag from /opt/airflow/dags/extract_api.py
[2026-02-20T12:32:27.690+0000] {processor.py:840} INFO - DAG(s) 'a_test_minio_connection' retrieved from /opt/airflow/dags/extract_api.py
[2026-02-20T12:32:27.725+0000] {logging_mixin.py:188} INFO - [2026-02-20T12:32:27.725+0000] {dag.py:3089} INFO - Sync 1 DAGs
[2026-02-20T12:32:27.744+0000] {logging_mixin.py:188} INFO - [2026-02-20T12:32:27.743+0000] {dag.py:3947} INFO - Setting next_dagrun for a_test_minio_connection to None, run_after=None
[2026-02-20T12:32:27.787+0000] {processor.py:183} INFO - Processing /opt/airflow/dags/extract_api.py took 0.138 seconds
[2026-02-20T12:32:58.146+0000] {processor.py:161} INFO - Started process (PID=7653) to work on /opt/airflow/dags/extract_api.py
[2026-02-20T12:32:58.148+0000] {processor.py:830} INFO - Processing file /opt/airflow/dags/extract_api.py for tasks to queue
[2026-02-20T12:32:58.150+0000] {logging_mixin.py:188} INFO - [2026-02-20T12:32:58.150+0000] {dagbag.py:545} INFO - Filling up the DagBag from /opt/airflow/dags/extract_api.py
[2026-02-20T12:32:58.187+0000] {processor.py:840} INFO - DAG(s) 'a_test_minio_connection' retrieved from /opt/airflow/dags/extract_api.py
[2026-02-20T12:32:58.237+0000] {logging_mixin.py:188} INFO - [2026-02-20T12:32:58.236+0000] {dag.py:3089} INFO - Sync 1 DAGs
[2026-02-20T12:32:58.255+0000] {logging_mixin.py:188} INFO - [2026-02-20T12:32:58.255+0000] {dag.py:3947} INFO - Setting next_dagrun for a_test_minio_connection to None, run_after=None
[2026-02-20T12:32:58.288+0000] {processor.py:183} INFO - Processing /opt/airflow/dags/extract_api.py took 0.149 seconds
[2026-02-20T12:33:28.847+0000] {processor.py:161} INFO - Started process (PID=7804) to work on /opt/airflow/dags/extract_api.py
[2026-02-20T12:33:28.848+0000] {processor.py:830} INFO - Processing file /opt/airflow/dags/extract_api.py for tasks to queue
[2026-02-20T12:33:28.851+0000] {logging_mixin.py:188} INFO - [2026-02-20T12:33:28.851+0000] {dagbag.py:545} INFO - Filling up the DagBag from /opt/airflow/dags/extract_api.py
[2026-02-20T12:33:28.889+0000] {processor.py:840} INFO - DAG(s) 'a_test_minio_connection' retrieved from /opt/airflow/dags/extract_api.py
[2026-02-20T12:33:28.921+0000] {logging_mixin.py:188} INFO - [2026-02-20T12:33:28.920+0000] {dag.py:3089} INFO - Sync 1 DAGs
[2026-02-20T12:33:28.936+0000] {logging_mixin.py:188} INFO - [2026-02-20T12:33:28.936+0000] {dag.py:3947} INFO - Setting next_dagrun for a_test_minio_connection to None, run_after=None
[2026-02-20T12:33:28.965+0000] {processor.py:183} INFO - Processing /opt/airflow/dags/extract_api.py took 0.126 seconds
[2026-02-20T12:33:59.168+0000] {processor.py:161} INFO - Started process (PID=7947) to work on /opt/airflow/dags/extract_api.py
[2026-02-20T12:33:59.171+0000] {processor.py:830} INFO - Processing file /opt/airflow/dags/extract_api.py for tasks to queue
[2026-02-20T12:33:59.174+0000] {logging_mixin.py:188} INFO - [2026-02-20T12:33:59.174+0000] {dagbag.py:545} INFO - Filling up the DagBag from /opt/airflow/dags/extract_api.py
[2026-02-20T12:33:59.221+0000] {processor.py:840} INFO - DAG(s) 'a_test_minio_connection' retrieved from /opt/airflow/dags/extract_api.py
[2026-02-20T12:33:59.269+0000] {logging_mixin.py:188} INFO - [2026-02-20T12:33:59.268+0000] {dag.py:3089} INFO - Sync 1 DAGs
[2026-02-20T12:33:59.291+0000] {logging_mixin.py:188} INFO - [2026-02-20T12:33:59.290+0000] {dag.py:3947} INFO - Setting next_dagrun for a_test_minio_connection to None, run_after=None
[2026-02-20T12:33:59.340+0000] {processor.py:183} INFO - Processing /opt/airflow/dags/extract_api.py took 0.189 seconds
[2026-02-20T12:34:30.088+0000] {processor.py:161} INFO - Started process (PID=8067) to work on /opt/airflow/dags/extract_api.py
[2026-02-20T12:34:30.090+0000] {processor.py:830} INFO - Processing file /opt/airflow/dags/extract_api.py for tasks to queue
[2026-02-20T12:34:30.093+0000] {logging_mixin.py:188} INFO - [2026-02-20T12:34:30.093+0000] {dagbag.py:545} INFO - Filling up the DagBag from /opt/airflow/dags/extract_api.py
[2026-02-20T12:34:30.133+0000] {processor.py:840} INFO - DAG(s) 'a_test_minio_connection' retrieved from /opt/airflow/dags/extract_api.py
[2026-02-20T12:34:30.168+0000] {logging_mixin.py:188} INFO - [2026-02-20T12:34:30.168+0000] {dag.py:3089} INFO - Sync 1 DAGs
[2026-02-20T12:34:30.187+0000] {logging_mixin.py:188} INFO - [2026-02-20T12:34:30.186+0000] {dag.py:3947} INFO - Setting next_dagrun for a_test_minio_connection to None, run_after=None
[2026-02-20T12:34:29.499+0000] {processor.py:183} INFO - Processing /opt/airflow/dags/extract_api.py took 0.131 seconds
[2026-02-20T12:35:00.117+0000] {processor.py:161} INFO - Started process (PID=8188) to work on /opt/airflow/dags/extract_api.py
[2026-02-20T12:35:00.119+0000] {processor.py:830} INFO - Processing file /opt/airflow/dags/extract_api.py for tasks to queue
[2026-02-20T12:35:00.122+0000] {logging_mixin.py:188} INFO - [2026-02-20T12:35:00.122+0000] {dagbag.py:545} INFO - Filling up the DagBag from /opt/airflow/dags/extract_api.py
[2026-02-20T12:35:00.176+0000] {processor.py:840} INFO - DAG(s) 'a_test_minio_connection' retrieved from /opt/airflow/dags/extract_api.py
[2026-02-20T12:35:00.219+0000] {logging_mixin.py:188} INFO - [2026-02-20T12:35:00.218+0000] {dag.py:3089} INFO - Sync 1 DAGs
[2026-02-20T12:35:00.252+0000] {logging_mixin.py:188} INFO - [2026-02-20T12:35:00.252+0000] {dag.py:3947} INFO - Setting next_dagrun for a_test_minio_connection to None, run_after=None
[2026-02-20T12:35:00.288+0000] {processor.py:183} INFO - Processing /opt/airflow/dags/extract_api.py took 0.183 seconds
[2026-02-20T12:35:30.655+0000] {processor.py:161} INFO - Started process (PID=8307) to work on /opt/airflow/dags/extract_api.py
[2026-02-20T12:35:30.656+0000] {processor.py:830} INFO - Processing file /opt/airflow/dags/extract_api.py for tasks to queue
[2026-02-20T12:35:30.659+0000] {logging_mixin.py:188} INFO - [2026-02-20T12:35:30.659+0000] {dagbag.py:545} INFO - Filling up the DagBag from /opt/airflow/dags/extract_api.py
[2026-02-20T12:35:30.689+0000] {processor.py:840} INFO - DAG(s) 'a_test_minio_connection' retrieved from /opt/airflow/dags/extract_api.py
[2026-02-20T12:35:30.720+0000] {logging_mixin.py:188} INFO - [2026-02-20T12:35:30.720+0000] {dag.py:3089} INFO - Sync 1 DAGs
[2026-02-20T12:35:30.736+0000] {logging_mixin.py:188} INFO - [2026-02-20T12:35:30.736+0000] {dag.py:3947} INFO - Setting next_dagrun for a_test_minio_connection to None, run_after=None
[2026-02-20T12:35:30.765+0000] {processor.py:183} INFO - Processing /opt/airflow/dags/extract_api.py took 0.116 seconds
[2026-02-20T12:36:00.975+0000] {processor.py:161} INFO - Started process (PID=8433) to work on /opt/airflow/dags/extract_api.py
[2026-02-20T12:36:00.977+0000] {processor.py:830} INFO - Processing file /opt/airflow/dags/extract_api.py for tasks to queue
[2026-02-20T12:36:00.979+0000] {logging_mixin.py:188} INFO - [2026-02-20T12:36:00.979+0000] {dagbag.py:545} INFO - Filling up the DagBag from /opt/airflow/dags/extract_api.py
[2026-02-20T12:36:01.012+0000] {processor.py:840} INFO - DAG(s) 'a_test_minio_connection' retrieved from /opt/airflow/dags/extract_api.py
[2026-02-20T12:36:01.044+0000] {logging_mixin.py:188} INFO - [2026-02-20T12:36:01.043+0000] {dag.py:3089} INFO - Sync 1 DAGs
[2026-02-20T12:36:01.061+0000] {logging_mixin.py:188} INFO - [2026-02-20T12:36:01.060+0000] {dag.py:3947} INFO - Setting next_dagrun for a_test_minio_connection to None, run_after=None
[2026-02-20T12:36:01.091+0000] {processor.py:183} INFO - Processing /opt/airflow/dags/extract_api.py took 0.126 seconds
[2026-02-20T12:36:31.498+0000] {processor.py:161} INFO - Started process (PID=8571) to work on /opt/airflow/dags/extract_api.py
[2026-02-20T12:36:31.499+0000] {processor.py:830} INFO - Processing file /opt/airflow/dags/extract_api.py for tasks to queue
[2026-02-20T12:36:31.508+0000] {logging_mixin.py:188} INFO - [2026-02-20T12:36:31.502+0000] {dagbag.py:545} INFO - Filling up the DagBag from /opt/airflow/dags/extract_api.py
[2026-02-20T12:36:31.536+0000] {processor.py:840} INFO - DAG(s) 'a_test_minio_connection' retrieved from /opt/airflow/dags/extract_api.py
[2026-02-20T12:36:31.608+0000] {logging_mixin.py:188} INFO - [2026-02-20T12:36:31.608+0000] {dag.py:3089} INFO - Sync 1 DAGs
[2026-02-20T12:36:31.645+0000] {logging_mixin.py:188} INFO - [2026-02-20T12:36:31.644+0000] {dag.py:3947} INFO - Setting next_dagrun for a_test_minio_connection to None, run_after=None
[2026-02-20T12:36:31.679+0000] {processor.py:183} INFO - Processing /opt/airflow/dags/extract_api.py took 0.188 seconds
[2026-02-20T12:37:01.982+0000] {processor.py:161} INFO - Started process (PID=8707) to work on /opt/airflow/dags/extract_api.py
[2026-02-20T12:37:01.985+0000] {processor.py:830} INFO - Processing file /opt/airflow/dags/extract_api.py for tasks to queue
[2026-02-20T12:37:01.989+0000] {logging_mixin.py:188} INFO - [2026-02-20T12:37:01.988+0000] {dagbag.py:545} INFO - Filling up the DagBag from /opt/airflow/dags/extract_api.py
[2026-02-20T12:37:02.015+0000] {processor.py:840} INFO - DAG(s) 'a_test_minio_connection' retrieved from /opt/airflow/dags/extract_api.py
[2026-02-20T12:37:02.044+0000] {logging_mixin.py:188} INFO - [2026-02-20T12:37:02.044+0000] {dag.py:3089} INFO - Sync 1 DAGs
[2026-02-20T12:37:02.060+0000] {logging_mixin.py:188} INFO - [2026-02-20T12:37:02.060+0000] {dag.py:3947} INFO - Setting next_dagrun for a_test_minio_connection to None, run_after=None
[2026-02-20T12:37:02.088+0000] {processor.py:183} INFO - Processing /opt/airflow/dags/extract_api.py took 0.114 seconds
[2026-02-20T12:37:32.785+0000] {processor.py:161} INFO - Started process (PID=8848) to work on /opt/airflow/dags/extract_api.py
[2026-02-20T12:37:32.787+0000] {processor.py:830} INFO - Processing file /opt/airflow/dags/extract_api.py for tasks to queue
[2026-02-20T12:37:32.790+0000] {logging_mixin.py:188} INFO - [2026-02-20T12:37:32.789+0000] {dagbag.py:545} INFO - Filling up the DagBag from /opt/airflow/dags/extract_api.py
[2026-02-20T12:37:32.822+0000] {processor.py:840} INFO - DAG(s) 'a_test_minio_connection' retrieved from /opt/airflow/dags/extract_api.py
[2026-02-20T12:37:32.872+0000] {logging_mixin.py:188} INFO - [2026-02-20T12:37:32.871+0000] {dag.py:3089} INFO - Sync 1 DAGs
[2026-02-20T12:37:32.895+0000] {logging_mixin.py:188} INFO - [2026-02-20T12:37:32.895+0000] {dag.py:3947} INFO - Setting next_dagrun for a_test_minio_connection to None, run_after=None
[2026-02-20T12:37:32.924+0000] {processor.py:183} INFO - Processing /opt/airflow/dags/extract_api.py took 0.148 seconds
[2026-02-20T12:38:03.776+0000] {processor.py:161} INFO - Started process (PID=8980) to work on /opt/airflow/dags/extract_api.py
[2026-02-20T12:38:03.778+0000] {processor.py:830} INFO - Processing file /opt/airflow/dags/extract_api.py for tasks to queue
[2026-02-20T12:38:03.780+0000] {logging_mixin.py:188} INFO - [2026-02-20T12:38:03.780+0000] {dagbag.py:545} INFO - Filling up the DagBag from /opt/airflow/dags/extract_api.py
[2026-02-20T12:38:03.821+0000] {processor.py:840} INFO - DAG(s) 'a_test_minio_connection' retrieved from /opt/airflow/dags/extract_api.py
[2026-02-20T12:38:03.855+0000] {logging_mixin.py:188} INFO - [2026-02-20T12:38:03.854+0000] {dag.py:3089} INFO - Sync 1 DAGs
[2026-02-20T12:38:03.875+0000] {logging_mixin.py:188} INFO - [2026-02-20T12:38:03.875+0000] {dag.py:3947} INFO - Setting next_dagrun for a_test_minio_connection to None, run_after=None
[2026-02-20T12:38:03.902+0000] {processor.py:183} INFO - Processing /opt/airflow/dags/extract_api.py took 0.134 seconds
[2026-02-20T12:38:34.496+0000] {processor.py:161} INFO - Started process (PID=9116) to work on /opt/airflow/dags/extract_api.py
[2026-02-20T12:38:34.498+0000] {processor.py:830} INFO - Processing file /opt/airflow/dags/extract_api.py for tasks to queue
[2026-02-20T12:38:34.502+0000] {logging_mixin.py:188} INFO - [2026-02-20T12:38:34.501+0000] {dagbag.py:545} INFO - Filling up the DagBag from /opt/airflow/dags/extract_api.py
[2026-02-20T12:38:34.547+0000] {processor.py:840} INFO - DAG(s) 'a_test_minio_connection' retrieved from /opt/airflow/dags/extract_api.py
[2026-02-20T12:38:34.597+0000] {logging_mixin.py:188} INFO - [2026-02-20T12:38:34.597+0000] {dag.py:3089} INFO - Sync 1 DAGs
[2026-02-20T12:38:34.620+0000] {logging_mixin.py:188} INFO - [2026-02-20T12:38:34.619+0000] {dag.py:3947} INFO - Setting next_dagrun for a_test_minio_connection to None, run_after=None
[2026-02-20T12:38:34.656+0000] {processor.py:183} INFO - Processing /opt/airflow/dags/extract_api.py took 0.168 seconds
[2026-02-20T12:39:05.696+0000] {processor.py:161} INFO - Started process (PID=9261) to work on /opt/airflow/dags/extract_api.py
[2026-02-20T12:39:05.706+0000] {processor.py:830} INFO - Processing file /opt/airflow/dags/extract_api.py for tasks to queue
[2026-02-20T12:39:05.719+0000] {logging_mixin.py:188} INFO - [2026-02-20T12:39:05.718+0000] {dagbag.py:545} INFO - Filling up the DagBag from /opt/airflow/dags/extract_api.py
[2026-02-20T12:39:06.167+0000] {processor.py:840} INFO - DAG(s) 'a_test_minio_connection' retrieved from /opt/airflow/dags/extract_api.py
[2026-02-20T12:39:06.232+0000] {logging_mixin.py:188} INFO - [2026-02-20T12:39:06.232+0000] {dag.py:3089} INFO - Sync 1 DAGs
[2026-02-20T12:39:06.305+0000] {logging_mixin.py:188} INFO - [2026-02-20T12:39:06.305+0000] {dag.py:3947} INFO - Setting next_dagrun for a_test_minio_connection to None, run_after=None
[2026-02-20T12:39:06.388+0000] {processor.py:183} INFO - Processing /opt/airflow/dags/extract_api.py took 0.713 seconds
[2026-02-20T12:39:36.992+0000] {processor.py:161} INFO - Started process (PID=9310) to work on /opt/airflow/dags/extract_api.py
[2026-02-20T12:39:36.994+0000] {processor.py:830} INFO - Processing file /opt/airflow/dags/extract_api.py for tasks to queue
[2026-02-20T12:39:36.997+0000] {logging_mixin.py:188} INFO - [2026-02-20T12:39:36.996+0000] {dagbag.py:545} INFO - Filling up the DagBag from /opt/airflow/dags/extract_api.py
[2026-02-20T12:39:37.037+0000] {processor.py:840} INFO - DAG(s) 'a_test_minio_connection' retrieved from /opt/airflow/dags/extract_api.py
[2026-02-20T12:39:37.074+0000] {logging_mixin.py:188} INFO - [2026-02-20T12:39:37.073+0000] {dag.py:3089} INFO - Sync 1 DAGs
[2026-02-20T12:39:37.090+0000] {logging_mixin.py:188} INFO - [2026-02-20T12:39:37.090+0000] {dag.py:3947} INFO - Setting next_dagrun for a_test_minio_connection to None, run_after=None
[2026-02-20T12:39:37.117+0000] {processor.py:183} INFO - Processing /opt/airflow/dags/extract_api.py took 0.133 seconds
[2026-02-20T12:40:07.713+0000] {processor.py:161} INFO - Started process (PID=9335) to work on /opt/airflow/dags/extract_api.py
[2026-02-20T12:40:07.716+0000] {processor.py:830} INFO - Processing file /opt/airflow/dags/extract_api.py for tasks to queue
[2026-02-20T12:40:07.720+0000] {logging_mixin.py:188} INFO - [2026-02-20T12:40:07.719+0000] {dagbag.py:545} INFO - Filling up the DagBag from /opt/airflow/dags/extract_api.py
[2026-02-20T12:40:07.760+0000] {processor.py:840} INFO - DAG(s) 'a_test_minio_connection' retrieved from /opt/airflow/dags/extract_api.py
[2026-02-20T12:40:07.792+0000] {logging_mixin.py:188} INFO - [2026-02-20T12:40:07.791+0000] {dag.py:3089} INFO - Sync 1 DAGs
[2026-02-20T12:40:07.809+0000] {logging_mixin.py:188} INFO - [2026-02-20T12:40:07.808+0000] {dag.py:3947} INFO - Setting next_dagrun for a_test_minio_connection to None, run_after=None
[2026-02-20T12:40:07.835+0000] {processor.py:183} INFO - Processing /opt/airflow/dags/extract_api.py took 0.130 seconds
[2026-02-20T12:40:37.960+0000] {processor.py:161} INFO - Started process (PID=9367) to work on /opt/airflow/dags/extract_api.py
[2026-02-20T12:40:37.961+0000] {processor.py:830} INFO - Processing file /opt/airflow/dags/extract_api.py for tasks to queue
[2026-02-20T12:40:37.964+0000] {logging_mixin.py:188} INFO - [2026-02-20T12:40:37.964+0000] {dagbag.py:545} INFO - Filling up the DagBag from /opt/airflow/dags/extract_api.py
[2026-02-20T12:40:37.987+0000] {processor.py:840} INFO - DAG(s) 'a_test_minio_connection' retrieved from /opt/airflow/dags/extract_api.py
[2026-02-20T12:40:38.017+0000] {logging_mixin.py:188} INFO - [2026-02-20T12:40:38.016+0000] {dag.py:3089} INFO - Sync 1 DAGs
[2026-02-20T12:40:38.034+0000] {logging_mixin.py:188} INFO - [2026-02-20T12:40:38.033+0000] {dag.py:3947} INFO - Setting next_dagrun for a_test_minio_connection to None, run_after=None
[2026-02-20T12:40:38.062+0000] {processor.py:183} INFO - Processing /opt/airflow/dags/extract_api.py took 0.109 seconds
[2026-02-20T12:41:08.364+0000] {processor.py:161} INFO - Started process (PID=9393) to work on /opt/airflow/dags/extract_api.py
[2026-02-20T12:41:08.367+0000] {processor.py:830} INFO - Processing file /opt/airflow/dags/extract_api.py for tasks to queue
[2026-02-20T12:41:08.370+0000] {logging_mixin.py:188} INFO - [2026-02-20T12:41:08.370+0000] {dagbag.py:545} INFO - Filling up the DagBag from /opt/airflow/dags/extract_api.py
[2026-02-20T12:41:08.410+0000] {processor.py:840} INFO - DAG(s) 'a_test_minio_connection' retrieved from /opt/airflow/dags/extract_api.py
[2026-02-20T12:41:08.443+0000] {logging_mixin.py:188} INFO - [2026-02-20T12:41:08.442+0000] {dag.py:3089} INFO - Sync 1 DAGs
[2026-02-20T12:41:08.459+0000] {logging_mixin.py:188} INFO - [2026-02-20T12:41:08.459+0000] {dag.py:3947} INFO - Setting next_dagrun for a_test_minio_connection to None, run_after=None
[2026-02-20T12:41:08.491+0000] {processor.py:183} INFO - Processing /opt/airflow/dags/extract_api.py took 0.135 seconds
[2026-02-20T12:41:38.967+0000] {processor.py:161} INFO - Started process (PID=9426) to work on /opt/airflow/dags/extract_api.py
[2026-02-20T12:41:38.968+0000] {processor.py:830} INFO - Processing file /opt/airflow/dags/extract_api.py for tasks to queue
[2026-02-20T12:41:38.973+0000] {logging_mixin.py:188} INFO - [2026-02-20T12:41:38.972+0000] {dagbag.py:545} INFO - Filling up the DagBag from /opt/airflow/dags/extract_api.py
[2026-02-20T12:41:39.002+0000] {processor.py:840} INFO - DAG(s) 'a_test_minio_connection' retrieved from /opt/airflow/dags/extract_api.py
[2026-02-20T12:41:39.033+0000] {logging_mixin.py:188} INFO - [2026-02-20T12:41:39.032+0000] {dag.py:3089} INFO - Sync 1 DAGs
[2026-02-20T12:41:39.049+0000] {logging_mixin.py:188} INFO - [2026-02-20T12:41:39.049+0000] {dag.py:3947} INFO - Setting next_dagrun for a_test_minio_connection to None, run_after=None
[2026-02-20T12:41:39.078+0000] {processor.py:183} INFO - Processing /opt/airflow/dags/extract_api.py took 0.118 seconds
[2026-02-20T12:42:09.453+0000] {processor.py:161} INFO - Started process (PID=9451) to work on /opt/airflow/dags/extract_api.py
[2026-02-20T12:42:09.455+0000] {processor.py:830} INFO - Processing file /opt/airflow/dags/extract_api.py for tasks to queue
[2026-02-20T12:42:09.458+0000] {logging_mixin.py:188} INFO - [2026-02-20T12:42:09.458+0000] {dagbag.py:545} INFO - Filling up the DagBag from /opt/airflow/dags/extract_api.py
[2026-02-20T12:42:09.494+0000] {processor.py:840} INFO - DAG(s) 'a_test_minio_connection' retrieved from /opt/airflow/dags/extract_api.py
[2026-02-20T12:42:09.525+0000] {logging_mixin.py:188} INFO - [2026-02-20T12:42:09.525+0000] {dag.py:3089} INFO - Sync 1 DAGs
[2026-02-20T12:42:09.543+0000] {logging_mixin.py:188} INFO - [2026-02-20T12:42:09.543+0000] {dag.py:3947} INFO - Setting next_dagrun for a_test_minio_connection to None, run_after=None
[2026-02-20T12:42:09.574+0000] {processor.py:183} INFO - Processing /opt/airflow/dags/extract_api.py took 0.129 seconds
[2026-02-20T12:42:39.888+0000] {processor.py:161} INFO - Started process (PID=9483) to work on /opt/airflow/dags/extract_api.py
[2026-02-20T12:42:39.891+0000] {processor.py:830} INFO - Processing file /opt/airflow/dags/extract_api.py for tasks to queue
[2026-02-20T12:42:39.896+0000] {logging_mixin.py:188} INFO - [2026-02-20T12:42:39.895+0000] {dagbag.py:545} INFO - Filling up the DagBag from /opt/airflow/dags/extract_api.py
[2026-02-20T12:42:39.932+0000] {processor.py:840} INFO - DAG(s) 'a_test_minio_connection' retrieved from /opt/airflow/dags/extract_api.py
[2026-02-20T12:42:39.966+0000] {logging_mixin.py:188} INFO - [2026-02-20T12:42:39.965+0000] {dag.py:3089} INFO - Sync 1 DAGs
[2026-02-20T12:42:39.982+0000] {logging_mixin.py:188} INFO - [2026-02-20T12:42:39.982+0000] {dag.py:3947} INFO - Setting next_dagrun for a_test_minio_connection to None, run_after=None
[2026-02-20T12:42:40.013+0000] {processor.py:183} INFO - Processing /opt/airflow/dags/extract_api.py took 0.141 seconds
[2026-02-20T12:43:10.730+0000] {processor.py:161} INFO - Started process (PID=9515) to work on /opt/airflow/dags/extract_api.py
[2026-02-20T12:43:10.731+0000] {processor.py:830} INFO - Processing file /opt/airflow/dags/extract_api.py for tasks to queue
[2026-02-20T12:43:10.734+0000] {logging_mixin.py:188} INFO - [2026-02-20T12:43:10.734+0000] {dagbag.py:545} INFO - Filling up the DagBag from /opt/airflow/dags/extract_api.py
[2026-02-20T12:43:10.773+0000] {processor.py:840} INFO - DAG(s) 'a_test_minio_connection' retrieved from /opt/airflow/dags/extract_api.py
[2026-02-20T12:43:10.817+0000] {logging_mixin.py:188} INFO - [2026-02-20T12:43:10.816+0000] {dag.py:3089} INFO - Sync 1 DAGs
[2026-02-20T12:43:10.839+0000] {logging_mixin.py:188} INFO - [2026-02-20T12:43:10.839+0000] {dag.py:3947} INFO - Setting next_dagrun for a_test_minio_connection to None, run_after=None
[2026-02-20T12:43:10.873+0000] {processor.py:183} INFO - Processing /opt/airflow/dags/extract_api.py took 0.152 seconds
[2026-02-20T12:43:41.519+0000] {processor.py:161} INFO - Started process (PID=9539) to work on /opt/airflow/dags/extract_api.py
[2026-02-20T12:43:41.520+0000] {processor.py:830} INFO - Processing file /opt/airflow/dags/extract_api.py for tasks to queue
[2026-02-20T12:43:41.524+0000] {logging_mixin.py:188} INFO - [2026-02-20T12:43:41.524+0000] {dagbag.py:545} INFO - Filling up the DagBag from /opt/airflow/dags/extract_api.py
[2026-02-20T12:43:41.558+0000] {processor.py:840} INFO - DAG(s) 'a_test_minio_connection' retrieved from /opt/airflow/dags/extract_api.py
[2026-02-20T12:43:41.592+0000] {logging_mixin.py:188} INFO - [2026-02-20T12:43:41.591+0000] {dag.py:3089} INFO - Sync 1 DAGs
[2026-02-20T12:43:41.616+0000] {logging_mixin.py:188} INFO - [2026-02-20T12:43:41.615+0000] {dag.py:3947} INFO - Setting next_dagrun for a_test_minio_connection to None, run_after=None
[2026-02-20T12:43:41.669+0000] {processor.py:183} INFO - Processing /opt/airflow/dags/extract_api.py took 0.160 seconds
[2026-02-20T12:44:12.014+0000] {processor.py:161} INFO - Started process (PID=9571) to work on /opt/airflow/dags/extract_api.py
[2026-02-20T12:44:12.016+0000] {processor.py:830} INFO - Processing file /opt/airflow/dags/extract_api.py for tasks to queue
[2026-02-20T12:44:12.020+0000] {logging_mixin.py:188} INFO - [2026-02-20T12:44:12.019+0000] {dagbag.py:545} INFO - Filling up the DagBag from /opt/airflow/dags/extract_api.py
[2026-02-20T12:44:12.084+0000] {processor.py:840} INFO - DAG(s) 'a_test_minio_connection' retrieved from /opt/airflow/dags/extract_api.py
[2026-02-20T12:44:12.123+0000] {logging_mixin.py:188} INFO - [2026-02-20T12:44:12.122+0000] {dag.py:3089} INFO - Sync 1 DAGs
[2026-02-20T12:44:12.141+0000] {logging_mixin.py:188} INFO - [2026-02-20T12:44:12.141+0000] {dag.py:3947} INFO - Setting next_dagrun for a_test_minio_connection to None, run_after=None
[2026-02-20T12:44:12.181+0000] {processor.py:183} INFO - Processing /opt/airflow/dags/extract_api.py took 0.183 seconds
[2026-02-20T12:44:42.519+0000] {processor.py:161} INFO - Started process (PID=9596) to work on /opt/airflow/dags/extract_api.py
[2026-02-20T12:44:42.520+0000] {processor.py:830} INFO - Processing file /opt/airflow/dags/extract_api.py for tasks to queue
[2026-02-20T12:44:42.523+0000] {logging_mixin.py:188} INFO - [2026-02-20T12:44:42.523+0000] {dagbag.py:545} INFO - Filling up the DagBag from /opt/airflow/dags/extract_api.py
[2026-02-20T12:44:42.551+0000] {processor.py:840} INFO - DAG(s) 'a_test_minio_connection' retrieved from /opt/airflow/dags/extract_api.py
[2026-02-20T12:44:42.592+0000] {logging_mixin.py:188} INFO - [2026-02-20T12:44:42.592+0000] {dag.py:3089} INFO - Sync 1 DAGs
[2026-02-20T12:44:42.610+0000] {logging_mixin.py:188} INFO - [2026-02-20T12:44:42.610+0000] {dag.py:3947} INFO - Setting next_dagrun for a_test_minio_connection to None, run_after=None
[2026-02-20T12:44:42.636+0000] {processor.py:183} INFO - Processing /opt/airflow/dags/extract_api.py took 0.126 seconds
