[2026-02-20T14:45:09.349+0000] {processor.py:161} INFO - Started process (PID=4893) to work on /opt/airflow/dags/oltp_s3_dwh_dict.py
[2026-02-20T14:45:09.350+0000] {processor.py:830} INFO - Processing file /opt/airflow/dags/oltp_s3_dwh_dict.py for tasks to queue
[2026-02-20T14:45:09.352+0000] {logging_mixin.py:188} INFO - [2026-02-20T14:45:09.351+0000] {dagbag.py:545} INFO - Filling up the DagBag from /opt/airflow/dags/oltp_s3_dwh_dict.py
[2026-02-20T14:45:09.390+0000] {processor.py:842} WARNING - No viable dags retrieved from /opt/airflow/dags/oltp_s3_dwh_dict.py
[2026-02-20T14:45:09.410+0000] {processor.py:183} INFO - Processing /opt/airflow/dags/oltp_s3_dwh_dict.py took 0.069 seconds
[2026-02-20T14:45:39.736+0000] {processor.py:161} INFO - Started process (PID=4924) to work on /opt/airflow/dags/oltp_s3_dwh_dict.py
[2026-02-20T14:45:39.738+0000] {processor.py:830} INFO - Processing file /opt/airflow/dags/oltp_s3_dwh_dict.py for tasks to queue
[2026-02-20T14:45:39.740+0000] {logging_mixin.py:188} INFO - [2026-02-20T14:45:39.740+0000] {dagbag.py:545} INFO - Filling up the DagBag from /opt/airflow/dags/oltp_s3_dwh_dict.py
[2026-02-20T14:45:39.767+0000] {processor.py:842} WARNING - No viable dags retrieved from /opt/airflow/dags/oltp_s3_dwh_dict.py
[2026-02-20T14:45:39.799+0000] {processor.py:183} INFO - Processing /opt/airflow/dags/oltp_s3_dwh_dict.py took 0.072 seconds
[2026-02-20T14:46:10.113+0000] {processor.py:161} INFO - Started process (PID=4950) to work on /opt/airflow/dags/oltp_s3_dwh_dict.py
[2026-02-20T14:46:10.114+0000] {processor.py:830} INFO - Processing file /opt/airflow/dags/oltp_s3_dwh_dict.py for tasks to queue
[2026-02-20T14:46:10.116+0000] {logging_mixin.py:188} INFO - [2026-02-20T14:46:10.116+0000] {dagbag.py:545} INFO - Filling up the DagBag from /opt/airflow/dags/oltp_s3_dwh_dict.py
[2026-02-20T14:46:10.140+0000] {processor.py:842} WARNING - No viable dags retrieved from /opt/airflow/dags/oltp_s3_dwh_dict.py
[2026-02-20T14:46:10.162+0000] {processor.py:183} INFO - Processing /opt/airflow/dags/oltp_s3_dwh_dict.py took 0.057 seconds
[2026-02-20T14:46:40.603+0000] {processor.py:161} INFO - Started process (PID=4974) to work on /opt/airflow/dags/oltp_s3_dwh_dict.py
[2026-02-20T14:46:40.605+0000] {processor.py:830} INFO - Processing file /opt/airflow/dags/oltp_s3_dwh_dict.py for tasks to queue
[2026-02-20T14:46:40.607+0000] {logging_mixin.py:188} INFO - [2026-02-20T14:46:40.607+0000] {dagbag.py:545} INFO - Filling up the DagBag from /opt/airflow/dags/oltp_s3_dwh_dict.py
[2026-02-20T14:46:40.642+0000] {processor.py:842} WARNING - No viable dags retrieved from /opt/airflow/dags/oltp_s3_dwh_dict.py
[2026-02-20T14:46:40.664+0000] {processor.py:183} INFO - Processing /opt/airflow/dags/oltp_s3_dwh_dict.py took 0.068 seconds
[2026-02-20T14:47:10.920+0000] {processor.py:161} INFO - Started process (PID=5006) to work on /opt/airflow/dags/oltp_s3_dwh_dict.py
[2026-02-20T14:47:10.922+0000] {processor.py:830} INFO - Processing file /opt/airflow/dags/oltp_s3_dwh_dict.py for tasks to queue
[2026-02-20T14:47:10.923+0000] {logging_mixin.py:188} INFO - [2026-02-20T14:47:10.923+0000] {dagbag.py:545} INFO - Filling up the DagBag from /opt/airflow/dags/oltp_s3_dwh_dict.py
[2026-02-20T14:47:10.948+0000] {processor.py:842} WARNING - No viable dags retrieved from /opt/airflow/dags/oltp_s3_dwh_dict.py
[2026-02-20T14:47:10.969+0000] {processor.py:183} INFO - Processing /opt/airflow/dags/oltp_s3_dwh_dict.py took 0.058 seconds
[2026-02-20T14:47:41.318+0000] {processor.py:161} INFO - Started process (PID=5031) to work on /opt/airflow/dags/oltp_s3_dwh_dict.py
[2026-02-20T14:47:41.320+0000] {processor.py:830} INFO - Processing file /opt/airflow/dags/oltp_s3_dwh_dict.py for tasks to queue
[2026-02-20T14:47:41.321+0000] {logging_mixin.py:188} INFO - [2026-02-20T14:47:41.321+0000] {dagbag.py:545} INFO - Filling up the DagBag from /opt/airflow/dags/oltp_s3_dwh_dict.py
[2026-02-20T14:47:41.345+0000] {processor.py:842} WARNING - No viable dags retrieved from /opt/airflow/dags/oltp_s3_dwh_dict.py
[2026-02-20T14:47:41.366+0000] {processor.py:183} INFO - Processing /opt/airflow/dags/oltp_s3_dwh_dict.py took 0.055 seconds
[2026-02-20T14:48:12.115+0000] {processor.py:161} INFO - Started process (PID=5063) to work on /opt/airflow/dags/oltp_s3_dwh_dict.py
[2026-02-20T14:48:12.117+0000] {processor.py:830} INFO - Processing file /opt/airflow/dags/oltp_s3_dwh_dict.py for tasks to queue
[2026-02-20T14:48:12.119+0000] {logging_mixin.py:188} INFO - [2026-02-20T14:48:12.118+0000] {dagbag.py:545} INFO - Filling up the DagBag from /opt/airflow/dags/oltp_s3_dwh_dict.py
[2026-02-20T14:48:12.141+0000] {processor.py:842} WARNING - No viable dags retrieved from /opt/airflow/dags/oltp_s3_dwh_dict.py
[2026-02-20T14:48:12.163+0000] {processor.py:183} INFO - Processing /opt/airflow/dags/oltp_s3_dwh_dict.py took 0.063 seconds
[2026-02-20T14:48:42.598+0000] {processor.py:161} INFO - Started process (PID=5089) to work on /opt/airflow/dags/oltp_s3_dwh_dict.py
[2026-02-20T14:48:42.600+0000] {processor.py:830} INFO - Processing file /opt/airflow/dags/oltp_s3_dwh_dict.py for tasks to queue
[2026-02-20T14:48:42.601+0000] {logging_mixin.py:188} INFO - [2026-02-20T14:48:42.601+0000] {dagbag.py:545} INFO - Filling up the DagBag from /opt/airflow/dags/oltp_s3_dwh_dict.py
[2026-02-20T14:48:42.632+0000] {processor.py:842} WARNING - No viable dags retrieved from /opt/airflow/dags/oltp_s3_dwh_dict.py
[2026-02-20T14:48:42.667+0000] {processor.py:183} INFO - Processing /opt/airflow/dags/oltp_s3_dwh_dict.py took 0.077 seconds
[2026-02-20T14:48:43.621+0000] {processor.py:161} INFO - Started process (PID=5094) to work on /opt/airflow/dags/oltp_s3_dwh_dict.py
[2026-02-20T14:48:43.622+0000] {processor.py:830} INFO - Processing file /opt/airflow/dags/oltp_s3_dwh_dict.py for tasks to queue
[2026-02-20T14:48:43.624+0000] {logging_mixin.py:188} INFO - [2026-02-20T14:48:43.623+0000] {dagbag.py:545} INFO - Filling up the DagBag from /opt/airflow/dags/oltp_s3_dwh_dict.py
[2026-02-20T14:48:43.668+0000] {logging_mixin.py:188} INFO - [2026-02-20T14:48:43.663+0000] {dagbag.py:355} ERROR - Failed to import: /opt/airflow/dags/oltp_s3_dwh_dict.py
Traceback (most recent call last):
  File "/home/airflow/.local/lib/python3.12/site-packages/airflow/models/dagbag.py", line 351, in parse
    loader.exec_module(new_module)
  File "<frozen importlib._bootstrap_external>", line 991, in exec_module
  File "<frozen importlib._bootstrap_external>", line 1129, in get_code
  File "<frozen importlib._bootstrap_external>", line 1059, in source_to_code
  File "<frozen importlib._bootstrap>", line 488, in _call_with_frames_removed
  File "/opt/airflow/dags/oltp_s3_dwh_dict.py", line 8
    def 
        ^
SyntaxError: invalid syntax
[2026-02-20T14:48:43.669+0000] {processor.py:842} WARNING - No viable dags retrieved from /opt/airflow/dags/oltp_s3_dwh_dict.py
[2026-02-20T14:48:43.711+0000] {processor.py:183} INFO - Processing /opt/airflow/dags/oltp_s3_dwh_dict.py took 0.099 seconds
[2026-02-20T14:48:43.802+0000] {processor.py:161} INFO - Started process (PID=5099) to work on /opt/airflow/dags/oltp_s3_dwh_dict.py
[2026-02-20T14:48:43.803+0000] {processor.py:830} INFO - Processing file /opt/airflow/dags/oltp_s3_dwh_dict.py for tasks to queue
[2026-02-20T14:48:43.805+0000] {logging_mixin.py:188} INFO - [2026-02-20T14:48:43.804+0000] {dagbag.py:545} INFO - Filling up the DagBag from /opt/airflow/dags/oltp_s3_dwh_dict.py
[2026-02-20T14:48:43.837+0000] {logging_mixin.py:188} INFO - [2026-02-20T14:48:43.834+0000] {dagbag.py:355} ERROR - Failed to import: /opt/airflow/dags/oltp_s3_dwh_dict.py
Traceback (most recent call last):
  File "/home/airflow/.local/lib/python3.12/site-packages/airflow/models/dagbag.py", line 351, in parse
    loader.exec_module(new_module)
  File "<frozen importlib._bootstrap_external>", line 991, in exec_module
  File "<frozen importlib._bootstrap_external>", line 1129, in get_code
  File "<frozen importlib._bootstrap_external>", line 1059, in source_to_code
  File "<frozen importlib._bootstrap>", line 488, in _call_with_frames_removed
  File "/opt/airflow/dags/oltp_s3_dwh_dict.py", line 8
    def 
        ^
SyntaxError: invalid syntax
[2026-02-20T14:48:43.839+0000] {processor.py:842} WARNING - No viable dags retrieved from /opt/airflow/dags/oltp_s3_dwh_dict.py
[2026-02-20T14:48:43.877+0000] {processor.py:183} INFO - Processing /opt/airflow/dags/oltp_s3_dwh_dict.py took 0.086 seconds
[2026-02-20T14:48:43.961+0000] {processor.py:161} INFO - Started process (PID=5104) to work on /opt/airflow/dags/oltp_s3_dwh_dict.py
[2026-02-20T14:48:43.962+0000] {processor.py:830} INFO - Processing file /opt/airflow/dags/oltp_s3_dwh_dict.py for tasks to queue
[2026-02-20T14:48:43.964+0000] {logging_mixin.py:188} INFO - [2026-02-20T14:48:43.964+0000] {dagbag.py:545} INFO - Filling up the DagBag from /opt/airflow/dags/oltp_s3_dwh_dict.py
[2026-02-20T14:48:43.994+0000] {logging_mixin.py:188} INFO - [2026-02-20T14:48:43.993+0000] {dagbag.py:355} ERROR - Failed to import: /opt/airflow/dags/oltp_s3_dwh_dict.py
Traceback (most recent call last):
  File "/home/airflow/.local/lib/python3.12/site-packages/airflow/models/dagbag.py", line 351, in parse
    loader.exec_module(new_module)
  File "<frozen importlib._bootstrap_external>", line 991, in exec_module
  File "<frozen importlib._bootstrap_external>", line 1129, in get_code
  File "<frozen importlib._bootstrap_external>", line 1059, in source_to_code
  File "<frozen importlib._bootstrap>", line 488, in _call_with_frames_removed
  File "/opt/airflow/dags/oltp_s3_dwh_dict.py", line 8
    def 
        ^
SyntaxError: invalid syntax
[2026-02-20T14:48:43.996+0000] {processor.py:842} WARNING - No viable dags retrieved from /opt/airflow/dags/oltp_s3_dwh_dict.py
[2026-02-20T14:48:44.033+0000] {processor.py:183} INFO - Processing /opt/airflow/dags/oltp_s3_dwh_dict.py took 0.082 seconds
[2026-02-20T14:48:44.105+0000] {processor.py:161} INFO - Started process (PID=5109) to work on /opt/airflow/dags/oltp_s3_dwh_dict.py
[2026-02-20T14:48:44.106+0000] {processor.py:830} INFO - Processing file /opt/airflow/dags/oltp_s3_dwh_dict.py for tasks to queue
[2026-02-20T14:48:44.108+0000] {logging_mixin.py:188} INFO - [2026-02-20T14:48:44.107+0000] {dagbag.py:545} INFO - Filling up the DagBag from /opt/airflow/dags/oltp_s3_dwh_dict.py
[2026-02-20T14:48:44.138+0000] {logging_mixin.py:188} INFO - [2026-02-20T14:48:44.137+0000] {dagbag.py:355} ERROR - Failed to import: /opt/airflow/dags/oltp_s3_dwh_dict.py
Traceback (most recent call last):
  File "/home/airflow/.local/lib/python3.12/site-packages/airflow/models/dagbag.py", line 351, in parse
    loader.exec_module(new_module)
  File "<frozen importlib._bootstrap_external>", line 991, in exec_module
  File "<frozen importlib._bootstrap_external>", line 1129, in get_code
  File "<frozen importlib._bootstrap_external>", line 1059, in source_to_code
  File "<frozen importlib._bootstrap>", line 488, in _call_with_frames_removed
  File "/opt/airflow/dags/oltp_s3_dwh_dict.py", line 8
    def 
        ^
SyntaxError: invalid syntax
[2026-02-20T14:48:44.139+0000] {processor.py:842} WARNING - No viable dags retrieved from /opt/airflow/dags/oltp_s3_dwh_dict.py
[2026-02-20T14:48:44.172+0000] {processor.py:183} INFO - Processing /opt/airflow/dags/oltp_s3_dwh_dict.py took 0.076 seconds
[2026-02-20T14:48:44.270+0000] {processor.py:161} INFO - Started process (PID=5114) to work on /opt/airflow/dags/oltp_s3_dwh_dict.py
[2026-02-20T14:48:44.272+0000] {processor.py:830} INFO - Processing file /opt/airflow/dags/oltp_s3_dwh_dict.py for tasks to queue
[2026-02-20T14:48:44.275+0000] {logging_mixin.py:188} INFO - [2026-02-20T14:48:44.274+0000] {dagbag.py:545} INFO - Filling up the DagBag from /opt/airflow/dags/oltp_s3_dwh_dict.py
[2026-02-20T14:48:44.317+0000] {logging_mixin.py:188} INFO - [2026-02-20T14:48:44.315+0000] {dagbag.py:355} ERROR - Failed to import: /opt/airflow/dags/oltp_s3_dwh_dict.py
Traceback (most recent call last):
  File "/home/airflow/.local/lib/python3.12/site-packages/airflow/models/dagbag.py", line 351, in parse
    loader.exec_module(new_module)
  File "<frozen importlib._bootstrap_external>", line 991, in exec_module
  File "<frozen importlib._bootstrap_external>", line 1129, in get_code
  File "<frozen importlib._bootstrap_external>", line 1059, in source_to_code
  File "<frozen importlib._bootstrap>", line 488, in _call_with_frames_removed
  File "/opt/airflow/dags/oltp_s3_dwh_dict.py", line 8
    def 
        ^
SyntaxError: invalid syntax
[2026-02-20T14:48:44.319+0000] {processor.py:842} WARNING - No viable dags retrieved from /opt/airflow/dags/oltp_s3_dwh_dict.py
[2026-02-20T14:48:44.356+0000] {processor.py:183} INFO - Processing /opt/airflow/dags/oltp_s3_dwh_dict.py took 0.102 seconds
[2026-02-20T14:48:50.333+0000] {processor.py:161} INFO - Started process (PID=5126) to work on /opt/airflow/dags/oltp_s3_dwh_dict.py
[2026-02-20T14:48:50.334+0000] {processor.py:830} INFO - Processing file /opt/airflow/dags/oltp_s3_dwh_dict.py for tasks to queue
[2026-02-20T14:48:50.336+0000] {logging_mixin.py:188} INFO - [2026-02-20T14:48:50.335+0000] {dagbag.py:545} INFO - Filling up the DagBag from /opt/airflow/dags/oltp_s3_dwh_dict.py
[2026-02-20T14:48:50.397+0000] {logging_mixin.py:188} INFO - [2026-02-20T14:48:50.392+0000] {dagbag.py:355} ERROR - Failed to import: /opt/airflow/dags/oltp_s3_dwh_dict.py
Traceback (most recent call last):
  File "/home/airflow/.local/lib/python3.12/site-packages/airflow/models/dagbag.py", line 351, in parse
    loader.exec_module(new_module)
  File "<frozen importlib._bootstrap_external>", line 991, in exec_module
  File "<frozen importlib._bootstrap_external>", line 1129, in get_code
  File "<frozen importlib._bootstrap_external>", line 1059, in source_to_code
  File "<frozen importlib._bootstrap>", line 488, in _call_with_frames_removed
  File "/opt/airflow/dags/oltp_s3_dwh_dict.py", line 8
    def upload_to_s3()
                      ^
SyntaxError: expected ':'
[2026-02-20T14:48:50.405+0000] {processor.py:842} WARNING - No viable dags retrieved from /opt/airflow/dags/oltp_s3_dwh_dict.py
[2026-02-20T14:48:50.504+0000] {processor.py:183} INFO - Processing /opt/airflow/dags/oltp_s3_dwh_dict.py took 0.179 seconds
[2026-02-20T14:48:50.587+0000] {processor.py:161} INFO - Started process (PID=5131) to work on /opt/airflow/dags/oltp_s3_dwh_dict.py
[2026-02-20T14:48:50.589+0000] {processor.py:830} INFO - Processing file /opt/airflow/dags/oltp_s3_dwh_dict.py for tasks to queue
[2026-02-20T14:48:50.590+0000] {logging_mixin.py:188} INFO - [2026-02-20T14:48:50.590+0000] {dagbag.py:545} INFO - Filling up the DagBag from /opt/airflow/dags/oltp_s3_dwh_dict.py
[2026-02-20T14:48:50.623+0000] {logging_mixin.py:188} INFO - [2026-02-20T14:48:50.621+0000] {dagbag.py:355} ERROR - Failed to import: /opt/airflow/dags/oltp_s3_dwh_dict.py
Traceback (most recent call last):
  File "/home/airflow/.local/lib/python3.12/site-packages/airflow/models/dagbag.py", line 351, in parse
    loader.exec_module(new_module)
  File "<frozen importlib._bootstrap_external>", line 991, in exec_module
  File "<frozen importlib._bootstrap_external>", line 1129, in get_code
  File "<frozen importlib._bootstrap_external>", line 1059, in source_to_code
  File "<frozen importlib._bootstrap>", line 488, in _call_with_frames_removed
  File "/opt/airflow/dags/oltp_s3_dwh_dict.py", line 8
    def upload_to_s3()
                      ^
SyntaxError: expected ':'
[2026-02-20T14:48:50.624+0000] {processor.py:842} WARNING - No viable dags retrieved from /opt/airflow/dags/oltp_s3_dwh_dict.py
[2026-02-20T14:48:50.659+0000] {processor.py:183} INFO - Processing /opt/airflow/dags/oltp_s3_dwh_dict.py took 0.082 seconds
[2026-02-20T14:48:56.679+0000] {processor.py:161} INFO - Started process (PID=5136) to work on /opt/airflow/dags/oltp_s3_dwh_dict.py
[2026-02-20T14:48:56.681+0000] {processor.py:830} INFO - Processing file /opt/airflow/dags/oltp_s3_dwh_dict.py for tasks to queue
[2026-02-20T14:48:56.683+0000] {logging_mixin.py:188} INFO - [2026-02-20T14:48:56.682+0000] {dagbag.py:545} INFO - Filling up the DagBag from /opt/airflow/dags/oltp_s3_dwh_dict.py
[2026-02-20T14:48:56.719+0000] {logging_mixin.py:188} INFO - [2026-02-20T14:48:56.717+0000] {dagbag.py:355} ERROR - Failed to import: /opt/airflow/dags/oltp_s3_dwh_dict.py
Traceback (most recent call last):
  File "/home/airflow/.local/lib/python3.12/site-packages/airflow/models/dagbag.py", line 351, in parse
    loader.exec_module(new_module)
  File "<frozen importlib._bootstrap_external>", line 991, in exec_module
  File "<frozen importlib._bootstrap_external>", line 1129, in get_code
  File "<frozen importlib._bootstrap_external>", line 1059, in source_to_code
  File "<frozen importlib._bootstrap>", line 488, in _call_with_frames_removed
  File "/opt/airflow/dags/oltp_s3_dwh_dict.py", line 9
    
    ^
IndentationError: expected an indented block after function definition on line 8
[2026-02-20T14:48:56.721+0000] {processor.py:842} WARNING - No viable dags retrieved from /opt/airflow/dags/oltp_s3_dwh_dict.py
[2026-02-20T14:48:56.748+0000] {processor.py:183} INFO - Processing /opt/airflow/dags/oltp_s3_dwh_dict.py took 0.077 seconds
[2026-02-20T14:49:27.303+0000] {processor.py:161} INFO - Started process (PID=5169) to work on /opt/airflow/dags/oltp_s3_dwh_dict.py
[2026-02-20T14:49:27.305+0000] {processor.py:830} INFO - Processing file /opt/airflow/dags/oltp_s3_dwh_dict.py for tasks to queue
[2026-02-20T14:49:27.307+0000] {logging_mixin.py:188} INFO - [2026-02-20T14:49:27.307+0000] {dagbag.py:545} INFO - Filling up the DagBag from /opt/airflow/dags/oltp_s3_dwh_dict.py
[2026-02-20T14:49:27.352+0000] {logging_mixin.py:188} INFO - [2026-02-20T14:49:27.349+0000] {dagbag.py:355} ERROR - Failed to import: /opt/airflow/dags/oltp_s3_dwh_dict.py
Traceback (most recent call last):
  File "/home/airflow/.local/lib/python3.12/site-packages/airflow/models/dagbag.py", line 351, in parse
    loader.exec_module(new_module)
  File "<frozen importlib._bootstrap_external>", line 991, in exec_module
  File "<frozen importlib._bootstrap_external>", line 1129, in get_code
  File "<frozen importlib._bootstrap_external>", line 1059, in source_to_code
  File "<frozen importlib._bootstrap>", line 488, in _call_with_frames_removed
  File "/opt/airflow/dags/oltp_s3_dwh_dict.py", line 9
    
    ^
IndentationError: expected an indented block after function definition on line 8
[2026-02-20T14:49:27.357+0000] {processor.py:842} WARNING - No viable dags retrieved from /opt/airflow/dags/oltp_s3_dwh_dict.py
[2026-02-20T14:49:27.398+0000] {processor.py:183} INFO - Processing /opt/airflow/dags/oltp_s3_dwh_dict.py took 0.104 seconds
[2026-02-20T14:49:57.762+0000] {processor.py:161} INFO - Started process (PID=5194) to work on /opt/airflow/dags/oltp_s3_dwh_dict.py
[2026-02-20T14:49:57.764+0000] {processor.py:830} INFO - Processing file /opt/airflow/dags/oltp_s3_dwh_dict.py for tasks to queue
[2026-02-20T14:49:57.766+0000] {logging_mixin.py:188} INFO - [2026-02-20T14:49:57.765+0000] {dagbag.py:545} INFO - Filling up the DagBag from /opt/airflow/dags/oltp_s3_dwh_dict.py
[2026-02-20T14:49:57.796+0000] {logging_mixin.py:188} INFO - [2026-02-20T14:49:57.795+0000] {dagbag.py:355} ERROR - Failed to import: /opt/airflow/dags/oltp_s3_dwh_dict.py
Traceback (most recent call last):
  File "/home/airflow/.local/lib/python3.12/site-packages/airflow/models/dagbag.py", line 351, in parse
    loader.exec_module(new_module)
  File "<frozen importlib._bootstrap_external>", line 991, in exec_module
  File "<frozen importlib._bootstrap_external>", line 1129, in get_code
  File "<frozen importlib._bootstrap_external>", line 1059, in source_to_code
  File "<frozen importlib._bootstrap>", line 488, in _call_with_frames_removed
  File "/opt/airflow/dags/oltp_s3_dwh_dict.py", line 9
    
    ^
IndentationError: expected an indented block after function definition on line 8
[2026-02-20T14:49:57.797+0000] {processor.py:842} WARNING - No viable dags retrieved from /opt/airflow/dags/oltp_s3_dwh_dict.py
[2026-02-20T14:49:57.829+0000] {processor.py:183} INFO - Processing /opt/airflow/dags/oltp_s3_dwh_dict.py took 0.076 seconds
[2026-02-20T14:50:02.203+0000] {processor.py:161} INFO - Started process (PID=5206) to work on /opt/airflow/dags/oltp_s3_dwh_dict.py
[2026-02-20T14:50:02.205+0000] {processor.py:830} INFO - Processing file /opt/airflow/dags/oltp_s3_dwh_dict.py for tasks to queue
[2026-02-20T14:50:02.207+0000] {logging_mixin.py:188} INFO - [2026-02-20T14:50:02.206+0000] {dagbag.py:545} INFO - Filling up the DagBag from /opt/airflow/dags/oltp_s3_dwh_dict.py
[2026-02-20T14:50:02.280+0000] {processor.py:842} WARNING - No viable dags retrieved from /opt/airflow/dags/oltp_s3_dwh_dict.py
[2026-02-20T14:50:02.334+0000] {processor.py:183} INFO - Processing /opt/airflow/dags/oltp_s3_dwh_dict.py took 0.154 seconds
[2026-02-20T14:50:02.434+0000] {processor.py:161} INFO - Started process (PID=5211) to work on /opt/airflow/dags/oltp_s3_dwh_dict.py
[2026-02-20T14:50:02.436+0000] {processor.py:830} INFO - Processing file /opt/airflow/dags/oltp_s3_dwh_dict.py for tasks to queue
[2026-02-20T14:50:02.437+0000] {logging_mixin.py:188} INFO - [2026-02-20T14:50:02.437+0000] {dagbag.py:545} INFO - Filling up the DagBag from /opt/airflow/dags/oltp_s3_dwh_dict.py
[2026-02-20T14:50:02.458+0000] {processor.py:842} WARNING - No viable dags retrieved from /opt/airflow/dags/oltp_s3_dwh_dict.py
[2026-02-20T14:50:02.481+0000] {processor.py:183} INFO - Processing /opt/airflow/dags/oltp_s3_dwh_dict.py took 0.056 seconds
[2026-02-20T14:50:02.557+0000] {processor.py:161} INFO - Started process (PID=5216) to work on /opt/airflow/dags/oltp_s3_dwh_dict.py
[2026-02-20T14:50:02.559+0000] {processor.py:830} INFO - Processing file /opt/airflow/dags/oltp_s3_dwh_dict.py for tasks to queue
[2026-02-20T14:50:02.561+0000] {logging_mixin.py:188} INFO - [2026-02-20T14:50:02.560+0000] {dagbag.py:545} INFO - Filling up the DagBag from /opt/airflow/dags/oltp_s3_dwh_dict.py
[2026-02-20T14:50:02.582+0000] {processor.py:842} WARNING - No viable dags retrieved from /opt/airflow/dags/oltp_s3_dwh_dict.py
[2026-02-20T14:50:02.604+0000] {processor.py:183} INFO - Processing /opt/airflow/dags/oltp_s3_dwh_dict.py took 0.055 seconds
[2026-02-20T14:50:02.694+0000] {processor.py:161} INFO - Started process (PID=5221) to work on /opt/airflow/dags/oltp_s3_dwh_dict.py
[2026-02-20T14:50:02.697+0000] {processor.py:830} INFO - Processing file /opt/airflow/dags/oltp_s3_dwh_dict.py for tasks to queue
[2026-02-20T14:50:02.700+0000] {logging_mixin.py:188} INFO - [2026-02-20T14:50:02.699+0000] {dagbag.py:545} INFO - Filling up the DagBag from /opt/airflow/dags/oltp_s3_dwh_dict.py
[2026-02-20T14:50:02.748+0000] {processor.py:842} WARNING - No viable dags retrieved from /opt/airflow/dags/oltp_s3_dwh_dict.py
[2026-02-20T14:50:02.785+0000] {processor.py:183} INFO - Processing /opt/airflow/dags/oltp_s3_dwh_dict.py took 0.100 seconds
[2026-02-20T14:50:02.871+0000] {processor.py:161} INFO - Started process (PID=5226) to work on /opt/airflow/dags/oltp_s3_dwh_dict.py
[2026-02-20T14:50:02.873+0000] {processor.py:830} INFO - Processing file /opt/airflow/dags/oltp_s3_dwh_dict.py for tasks to queue
[2026-02-20T14:50:02.874+0000] {logging_mixin.py:188} INFO - [2026-02-20T14:50:02.874+0000] {dagbag.py:545} INFO - Filling up the DagBag from /opt/airflow/dags/oltp_s3_dwh_dict.py
[2026-02-20T14:50:02.905+0000] {processor.py:842} WARNING - No viable dags retrieved from /opt/airflow/dags/oltp_s3_dwh_dict.py
[2026-02-20T14:50:02.937+0000] {processor.py:183} INFO - Processing /opt/airflow/dags/oltp_s3_dwh_dict.py took 0.075 seconds
[2026-02-20T14:50:03.028+0000] {processor.py:161} INFO - Started process (PID=5231) to work on /opt/airflow/dags/oltp_s3_dwh_dict.py
[2026-02-20T14:50:03.030+0000] {processor.py:830} INFO - Processing file /opt/airflow/dags/oltp_s3_dwh_dict.py for tasks to queue
[2026-02-20T14:50:03.032+0000] {logging_mixin.py:188} INFO - [2026-02-20T14:50:03.031+0000] {dagbag.py:545} INFO - Filling up the DagBag from /opt/airflow/dags/oltp_s3_dwh_dict.py
[2026-02-20T14:50:03.060+0000] {processor.py:842} WARNING - No viable dags retrieved from /opt/airflow/dags/oltp_s3_dwh_dict.py
[2026-02-20T14:50:03.086+0000] {processor.py:183} INFO - Processing /opt/airflow/dags/oltp_s3_dwh_dict.py took 0.069 seconds
[2026-02-20T14:50:03.168+0000] {processor.py:161} INFO - Started process (PID=5236) to work on /opt/airflow/dags/oltp_s3_dwh_dict.py
[2026-02-20T14:50:03.169+0000] {processor.py:830} INFO - Processing file /opt/airflow/dags/oltp_s3_dwh_dict.py for tasks to queue
[2026-02-20T14:50:03.172+0000] {logging_mixin.py:188} INFO - [2026-02-20T14:50:03.171+0000] {dagbag.py:545} INFO - Filling up the DagBag from /opt/airflow/dags/oltp_s3_dwh_dict.py
[2026-02-20T14:50:03.202+0000] {processor.py:842} WARNING - No viable dags retrieved from /opt/airflow/dags/oltp_s3_dwh_dict.py
[2026-02-20T14:50:03.229+0000] {processor.py:183} INFO - Processing /opt/airflow/dags/oltp_s3_dwh_dict.py took 0.069 seconds
[2026-02-20T14:50:33.667+0000] {processor.py:161} INFO - Started process (PID=5261) to work on /opt/airflow/dags/oltp_s3_dwh_dict.py
[2026-02-20T14:50:33.669+0000] {processor.py:830} INFO - Processing file /opt/airflow/dags/oltp_s3_dwh_dict.py for tasks to queue
[2026-02-20T14:50:33.671+0000] {logging_mixin.py:188} INFO - [2026-02-20T14:50:33.670+0000] {dagbag.py:545} INFO - Filling up the DagBag from /opt/airflow/dags/oltp_s3_dwh_dict.py
[2026-02-20T14:50:33.693+0000] {processor.py:842} WARNING - No viable dags retrieved from /opt/airflow/dags/oltp_s3_dwh_dict.py
[2026-02-20T14:50:33.715+0000] {processor.py:183} INFO - Processing /opt/airflow/dags/oltp_s3_dwh_dict.py took 0.059 seconds
[2026-02-20T14:51:03.983+0000] {processor.py:161} INFO - Started process (PID=5294) to work on /opt/airflow/dags/oltp_s3_dwh_dict.py
[2026-02-20T14:51:03.985+0000] {processor.py:830} INFO - Processing file /opt/airflow/dags/oltp_s3_dwh_dict.py for tasks to queue
[2026-02-20T14:51:03.989+0000] {logging_mixin.py:188} INFO - [2026-02-20T14:51:03.989+0000] {dagbag.py:545} INFO - Filling up the DagBag from /opt/airflow/dags/oltp_s3_dwh_dict.py
[2026-02-20T14:51:04.021+0000] {processor.py:842} WARNING - No viable dags retrieved from /opt/airflow/dags/oltp_s3_dwh_dict.py
[2026-02-20T14:51:04.043+0000] {processor.py:183} INFO - Processing /opt/airflow/dags/oltp_s3_dwh_dict.py took 0.068 seconds
[2026-02-20T14:51:34.559+0000] {processor.py:161} INFO - Started process (PID=5318) to work on /opt/airflow/dags/oltp_s3_dwh_dict.py
[2026-02-20T14:51:34.561+0000] {processor.py:830} INFO - Processing file /opt/airflow/dags/oltp_s3_dwh_dict.py for tasks to queue
[2026-02-20T14:51:34.562+0000] {logging_mixin.py:188} INFO - [2026-02-20T14:51:34.562+0000] {dagbag.py:545} INFO - Filling up the DagBag from /opt/airflow/dags/oltp_s3_dwh_dict.py
[2026-02-20T14:51:34.589+0000] {processor.py:842} WARNING - No viable dags retrieved from /opt/airflow/dags/oltp_s3_dwh_dict.py
[2026-02-20T14:51:34.612+0000] {processor.py:183} INFO - Processing /opt/airflow/dags/oltp_s3_dwh_dict.py took 0.061 seconds
[2026-02-20T14:52:04.737+0000] {processor.py:161} INFO - Started process (PID=5343) to work on /opt/airflow/dags/oltp_s3_dwh_dict.py
[2026-02-20T14:52:04.739+0000] {processor.py:830} INFO - Processing file /opt/airflow/dags/oltp_s3_dwh_dict.py for tasks to queue
[2026-02-20T14:52:04.740+0000] {logging_mixin.py:188} INFO - [2026-02-20T14:52:04.740+0000] {dagbag.py:545} INFO - Filling up the DagBag from /opt/airflow/dags/oltp_s3_dwh_dict.py
[2026-02-20T14:52:04.774+0000] {processor.py:842} WARNING - No viable dags retrieved from /opt/airflow/dags/oltp_s3_dwh_dict.py
[2026-02-20T14:52:04.819+0000] {processor.py:183} INFO - Processing /opt/airflow/dags/oltp_s3_dwh_dict.py took 0.090 seconds
[2026-02-20T14:52:35.052+0000] {processor.py:161} INFO - Started process (PID=5375) to work on /opt/airflow/dags/oltp_s3_dwh_dict.py
[2026-02-20T14:52:35.053+0000] {processor.py:830} INFO - Processing file /opt/airflow/dags/oltp_s3_dwh_dict.py for tasks to queue
[2026-02-20T14:52:35.055+0000] {logging_mixin.py:188} INFO - [2026-02-20T14:52:35.054+0000] {dagbag.py:545} INFO - Filling up the DagBag from /opt/airflow/dags/oltp_s3_dwh_dict.py
[2026-02-20T14:52:35.081+0000] {processor.py:842} WARNING - No viable dags retrieved from /opt/airflow/dags/oltp_s3_dwh_dict.py
[2026-02-20T14:52:35.102+0000] {processor.py:183} INFO - Processing /opt/airflow/dags/oltp_s3_dwh_dict.py took 0.059 seconds
[2026-02-20T14:53:05.633+0000] {processor.py:161} INFO - Started process (PID=5400) to work on /opt/airflow/dags/oltp_s3_dwh_dict.py
[2026-02-20T14:53:05.636+0000] {processor.py:830} INFO - Processing file /opt/airflow/dags/oltp_s3_dwh_dict.py for tasks to queue
[2026-02-20T14:53:05.638+0000] {logging_mixin.py:188} INFO - [2026-02-20T14:53:05.638+0000] {dagbag.py:545} INFO - Filling up the DagBag from /opt/airflow/dags/oltp_s3_dwh_dict.py
[2026-02-20T14:53:05.665+0000] {processor.py:842} WARNING - No viable dags retrieved from /opt/airflow/dags/oltp_s3_dwh_dict.py
[2026-02-20T14:53:05.687+0000] {processor.py:183} INFO - Processing /opt/airflow/dags/oltp_s3_dwh_dict.py took 0.065 seconds
[2026-02-20T14:53:36.295+0000] {processor.py:161} INFO - Started process (PID=5431) to work on /opt/airflow/dags/oltp_s3_dwh_dict.py
[2026-02-20T14:53:36.296+0000] {processor.py:830} INFO - Processing file /opt/airflow/dags/oltp_s3_dwh_dict.py for tasks to queue
[2026-02-20T14:53:36.298+0000] {logging_mixin.py:188} INFO - [2026-02-20T14:53:36.298+0000] {dagbag.py:545} INFO - Filling up the DagBag from /opt/airflow/dags/oltp_s3_dwh_dict.py
[2026-02-20T14:53:36.321+0000] {processor.py:842} WARNING - No viable dags retrieved from /opt/airflow/dags/oltp_s3_dwh_dict.py
[2026-02-20T14:53:36.357+0000] {processor.py:183} INFO - Processing /opt/airflow/dags/oltp_s3_dwh_dict.py took 0.074 seconds
[2026-02-20T14:54:07.171+0000] {processor.py:161} INFO - Started process (PID=5456) to work on /opt/airflow/dags/oltp_s3_dwh_dict.py
[2026-02-20T14:54:07.173+0000] {processor.py:830} INFO - Processing file /opt/airflow/dags/oltp_s3_dwh_dict.py for tasks to queue
[2026-02-20T14:54:07.175+0000] {logging_mixin.py:188} INFO - [2026-02-20T14:54:07.175+0000] {dagbag.py:545} INFO - Filling up the DagBag from /opt/airflow/dags/oltp_s3_dwh_dict.py
[2026-02-20T14:54:07.192+0000] {processor.py:842} WARNING - No viable dags retrieved from /opt/airflow/dags/oltp_s3_dwh_dict.py
[2026-02-20T14:54:07.212+0000] {processor.py:183} INFO - Processing /opt/airflow/dags/oltp_s3_dwh_dict.py took 0.049 seconds
[2026-02-20T14:54:37.562+0000] {processor.py:161} INFO - Started process (PID=5486) to work on /opt/airflow/dags/oltp_s3_dwh_dict.py
[2026-02-20T14:54:37.565+0000] {processor.py:830} INFO - Processing file /opt/airflow/dags/oltp_s3_dwh_dict.py for tasks to queue
[2026-02-20T14:54:37.567+0000] {logging_mixin.py:188} INFO - [2026-02-20T14:54:37.566+0000] {dagbag.py:545} INFO - Filling up the DagBag from /opt/airflow/dags/oltp_s3_dwh_dict.py
[2026-02-20T14:54:37.588+0000] {processor.py:842} WARNING - No viable dags retrieved from /opt/airflow/dags/oltp_s3_dwh_dict.py
[2026-02-20T14:54:37.613+0000] {processor.py:183} INFO - Processing /opt/airflow/dags/oltp_s3_dwh_dict.py took 0.062 seconds
[2026-02-20T14:55:07.884+0000] {processor.py:161} INFO - Started process (PID=5510) to work on /opt/airflow/dags/oltp_s3_dwh_dict.py
[2026-02-20T14:55:07.886+0000] {processor.py:830} INFO - Processing file /opt/airflow/dags/oltp_s3_dwh_dict.py for tasks to queue
[2026-02-20T14:55:07.887+0000] {logging_mixin.py:188} INFO - [2026-02-20T14:55:07.887+0000] {dagbag.py:545} INFO - Filling up the DagBag from /opt/airflow/dags/oltp_s3_dwh_dict.py
[2026-02-20T14:55:07.909+0000] {processor.py:842} WARNING - No viable dags retrieved from /opt/airflow/dags/oltp_s3_dwh_dict.py
[2026-02-20T14:55:07.927+0000] {processor.py:183} INFO - Processing /opt/airflow/dags/oltp_s3_dwh_dict.py took 0.050 seconds
[2026-02-20T14:55:38.241+0000] {processor.py:161} INFO - Started process (PID=5543) to work on /opt/airflow/dags/oltp_s3_dwh_dict.py
[2026-02-20T14:55:38.243+0000] {processor.py:830} INFO - Processing file /opt/airflow/dags/oltp_s3_dwh_dict.py for tasks to queue
[2026-02-20T14:55:38.245+0000] {logging_mixin.py:188} INFO - [2026-02-20T14:55:38.244+0000] {dagbag.py:545} INFO - Filling up the DagBag from /opt/airflow/dags/oltp_s3_dwh_dict.py
[2026-02-20T14:55:38.271+0000] {processor.py:842} WARNING - No viable dags retrieved from /opt/airflow/dags/oltp_s3_dwh_dict.py
[2026-02-20T14:55:38.293+0000] {processor.py:183} INFO - Processing /opt/airflow/dags/oltp_s3_dwh_dict.py took 0.060 seconds
[2026-02-20T14:56:08.523+0000] {processor.py:161} INFO - Started process (PID=5568) to work on /opt/airflow/dags/oltp_s3_dwh_dict.py
[2026-02-20T14:56:08.526+0000] {processor.py:830} INFO - Processing file /opt/airflow/dags/oltp_s3_dwh_dict.py for tasks to queue
[2026-02-20T14:56:08.528+0000] {logging_mixin.py:188} INFO - [2026-02-20T14:56:08.528+0000] {dagbag.py:545} INFO - Filling up the DagBag from /opt/airflow/dags/oltp_s3_dwh_dict.py
[2026-02-20T14:56:08.561+0000] {processor.py:842} WARNING - No viable dags retrieved from /opt/airflow/dags/oltp_s3_dwh_dict.py
[2026-02-20T14:56:08.617+0000] {processor.py:183} INFO - Processing /opt/airflow/dags/oltp_s3_dwh_dict.py took 0.103 seconds
[2026-02-20T14:56:39.126+0000] {processor.py:161} INFO - Started process (PID=5599) to work on /opt/airflow/dags/oltp_s3_dwh_dict.py
[2026-02-20T14:56:39.128+0000] {processor.py:830} INFO - Processing file /opt/airflow/dags/oltp_s3_dwh_dict.py for tasks to queue
[2026-02-20T14:56:39.130+0000] {logging_mixin.py:188} INFO - [2026-02-20T14:56:39.129+0000] {dagbag.py:545} INFO - Filling up the DagBag from /opt/airflow/dags/oltp_s3_dwh_dict.py
[2026-02-20T14:56:39.150+0000] {processor.py:842} WARNING - No viable dags retrieved from /opt/airflow/dags/oltp_s3_dwh_dict.py
[2026-02-20T14:56:39.174+0000] {processor.py:183} INFO - Processing /opt/airflow/dags/oltp_s3_dwh_dict.py took 0.058 seconds
[2026-02-20T14:57:09.461+0000] {processor.py:161} INFO - Started process (PID=5624) to work on /opt/airflow/dags/oltp_s3_dwh_dict.py
[2026-02-20T14:57:09.463+0000] {processor.py:830} INFO - Processing file /opt/airflow/dags/oltp_s3_dwh_dict.py for tasks to queue
[2026-02-20T14:57:09.465+0000] {logging_mixin.py:188} INFO - [2026-02-20T14:57:09.465+0000] {dagbag.py:545} INFO - Filling up the DagBag from /opt/airflow/dags/oltp_s3_dwh_dict.py
[2026-02-20T14:57:09.501+0000] {processor.py:842} WARNING - No viable dags retrieved from /opt/airflow/dags/oltp_s3_dwh_dict.py
[2026-02-20T14:57:09.520+0000] {processor.py:183} INFO - Processing /opt/airflow/dags/oltp_s3_dwh_dict.py took 0.072 seconds
[2026-02-20T14:57:40.366+0000] {processor.py:161} INFO - Started process (PID=5648) to work on /opt/airflow/dags/oltp_s3_dwh_dict.py
[2026-02-20T14:57:40.369+0000] {processor.py:830} INFO - Processing file /opt/airflow/dags/oltp_s3_dwh_dict.py for tasks to queue
[2026-02-20T14:57:40.370+0000] {logging_mixin.py:188} INFO - [2026-02-20T14:57:40.370+0000] {dagbag.py:545} INFO - Filling up the DagBag from /opt/airflow/dags/oltp_s3_dwh_dict.py
[2026-02-20T14:57:40.400+0000] {processor.py:842} WARNING - No viable dags retrieved from /opt/airflow/dags/oltp_s3_dwh_dict.py
[2026-02-20T14:57:40.421+0000] {processor.py:183} INFO - Processing /opt/airflow/dags/oltp_s3_dwh_dict.py took 0.064 seconds
[2026-02-20T14:58:11.111+0000] {processor.py:161} INFO - Started process (PID=5680) to work on /opt/airflow/dags/oltp_s3_dwh_dict.py
[2026-02-20T14:58:11.113+0000] {processor.py:830} INFO - Processing file /opt/airflow/dags/oltp_s3_dwh_dict.py for tasks to queue
[2026-02-20T14:58:11.115+0000] {logging_mixin.py:188} INFO - [2026-02-20T14:58:11.115+0000] {dagbag.py:545} INFO - Filling up the DagBag from /opt/airflow/dags/oltp_s3_dwh_dict.py
[2026-02-20T14:58:11.148+0000] {processor.py:842} WARNING - No viable dags retrieved from /opt/airflow/dags/oltp_s3_dwh_dict.py
[2026-02-20T14:58:11.173+0000] {processor.py:183} INFO - Processing /opt/airflow/dags/oltp_s3_dwh_dict.py took 0.074 seconds
[2026-02-20T14:58:41.396+0000] {processor.py:161} INFO - Started process (PID=5705) to work on /opt/airflow/dags/oltp_s3_dwh_dict.py
[2026-02-20T14:58:41.398+0000] {processor.py:830} INFO - Processing file /opt/airflow/dags/oltp_s3_dwh_dict.py for tasks to queue
[2026-02-20T14:58:41.399+0000] {logging_mixin.py:188} INFO - [2026-02-20T14:58:41.399+0000] {dagbag.py:545} INFO - Filling up the DagBag from /opt/airflow/dags/oltp_s3_dwh_dict.py
[2026-02-20T14:58:41.423+0000] {processor.py:842} WARNING - No viable dags retrieved from /opt/airflow/dags/oltp_s3_dwh_dict.py
[2026-02-20T14:58:41.446+0000] {processor.py:183} INFO - Processing /opt/airflow/dags/oltp_s3_dwh_dict.py took 0.059 seconds
[2026-02-20T14:59:11.995+0000] {processor.py:161} INFO - Started process (PID=5736) to work on /opt/airflow/dags/oltp_s3_dwh_dict.py
[2026-02-20T14:59:11.998+0000] {processor.py:830} INFO - Processing file /opt/airflow/dags/oltp_s3_dwh_dict.py for tasks to queue
[2026-02-20T14:59:12.000+0000] {logging_mixin.py:188} INFO - [2026-02-20T14:59:11.999+0000] {dagbag.py:545} INFO - Filling up the DagBag from /opt/airflow/dags/oltp_s3_dwh_dict.py
[2026-02-20T14:59:12.027+0000] {processor.py:842} WARNING - No viable dags retrieved from /opt/airflow/dags/oltp_s3_dwh_dict.py
[2026-02-20T14:59:12.056+0000] {processor.py:183} INFO - Processing /opt/airflow/dags/oltp_s3_dwh_dict.py took 0.069 seconds
[2026-02-20T14:59:42.596+0000] {processor.py:161} INFO - Started process (PID=5761) to work on /opt/airflow/dags/oltp_s3_dwh_dict.py
[2026-02-20T14:59:42.598+0000] {processor.py:830} INFO - Processing file /opt/airflow/dags/oltp_s3_dwh_dict.py for tasks to queue
[2026-02-20T14:59:42.600+0000] {logging_mixin.py:188} INFO - [2026-02-20T14:59:42.599+0000] {dagbag.py:545} INFO - Filling up the DagBag from /opt/airflow/dags/oltp_s3_dwh_dict.py
[2026-02-20T14:59:42.627+0000] {processor.py:842} WARNING - No viable dags retrieved from /opt/airflow/dags/oltp_s3_dwh_dict.py
[2026-02-20T14:59:42.655+0000] {processor.py:183} INFO - Processing /opt/airflow/dags/oltp_s3_dwh_dict.py took 0.065 seconds
[2026-02-20T15:00:13.162+0000] {processor.py:161} INFO - Started process (PID=5793) to work on /opt/airflow/dags/oltp_s3_dwh_dict.py
[2026-02-20T15:00:13.164+0000] {processor.py:830} INFO - Processing file /opt/airflow/dags/oltp_s3_dwh_dict.py for tasks to queue
[2026-02-20T15:00:13.166+0000] {logging_mixin.py:188} INFO - [2026-02-20T15:00:13.165+0000] {dagbag.py:545} INFO - Filling up the DagBag from /opt/airflow/dags/oltp_s3_dwh_dict.py
[2026-02-20T15:00:13.191+0000] {processor.py:842} WARNING - No viable dags retrieved from /opt/airflow/dags/oltp_s3_dwh_dict.py
[2026-02-20T15:00:13.217+0000] {processor.py:183} INFO - Processing /opt/airflow/dags/oltp_s3_dwh_dict.py took 0.063 seconds
[2026-02-20T15:00:43.660+0000] {processor.py:161} INFO - Started process (PID=5818) to work on /opt/airflow/dags/oltp_s3_dwh_dict.py
[2026-02-20T15:00:43.661+0000] {processor.py:830} INFO - Processing file /opt/airflow/dags/oltp_s3_dwh_dict.py for tasks to queue
[2026-02-20T15:00:43.663+0000] {logging_mixin.py:188} INFO - [2026-02-20T15:00:43.663+0000] {dagbag.py:545} INFO - Filling up the DagBag from /opt/airflow/dags/oltp_s3_dwh_dict.py
[2026-02-20T15:00:43.696+0000] {processor.py:842} WARNING - No viable dags retrieved from /opt/airflow/dags/oltp_s3_dwh_dict.py
[2026-02-20T15:00:43.729+0000] {processor.py:183} INFO - Processing /opt/airflow/dags/oltp_s3_dwh_dict.py took 0.077 seconds
[2026-02-20T15:01:14.134+0000] {processor.py:161} INFO - Started process (PID=5851) to work on /opt/airflow/dags/oltp_s3_dwh_dict.py
[2026-02-20T15:01:14.137+0000] {processor.py:830} INFO - Processing file /opt/airflow/dags/oltp_s3_dwh_dict.py for tasks to queue
[2026-02-20T15:01:14.140+0000] {logging_mixin.py:188} INFO - [2026-02-20T15:01:14.139+0000] {dagbag.py:545} INFO - Filling up the DagBag from /opt/airflow/dags/oltp_s3_dwh_dict.py
[2026-02-20T15:01:14.191+0000] {processor.py:842} WARNING - No viable dags retrieved from /opt/airflow/dags/oltp_s3_dwh_dict.py
[2026-02-20T15:01:14.295+0000] {processor.py:183} INFO - Processing /opt/airflow/dags/oltp_s3_dwh_dict.py took 0.181 seconds
[2026-02-20T15:01:44.896+0000] {processor.py:161} INFO - Started process (PID=5876) to work on /opt/airflow/dags/oltp_s3_dwh_dict.py
[2026-02-20T15:01:44.899+0000] {processor.py:830} INFO - Processing file /opt/airflow/dags/oltp_s3_dwh_dict.py for tasks to queue
[2026-02-20T15:01:44.902+0000] {logging_mixin.py:188} INFO - [2026-02-20T15:01:44.901+0000] {dagbag.py:545} INFO - Filling up the DagBag from /opt/airflow/dags/oltp_s3_dwh_dict.py
[2026-02-20T15:01:44.926+0000] {processor.py:842} WARNING - No viable dags retrieved from /opt/airflow/dags/oltp_s3_dwh_dict.py
[2026-02-20T15:01:44.947+0000] {processor.py:183} INFO - Processing /opt/airflow/dags/oltp_s3_dwh_dict.py took 0.065 seconds
[2026-02-20T15:02:15.280+0000] {processor.py:161} INFO - Started process (PID=5908) to work on /opt/airflow/dags/oltp_s3_dwh_dict.py
[2026-02-20T15:02:15.281+0000] {processor.py:830} INFO - Processing file /opt/airflow/dags/oltp_s3_dwh_dict.py for tasks to queue
[2026-02-20T15:02:15.283+0000] {logging_mixin.py:188} INFO - [2026-02-20T15:02:15.283+0000] {dagbag.py:545} INFO - Filling up the DagBag from /opt/airflow/dags/oltp_s3_dwh_dict.py
[2026-02-20T15:02:15.306+0000] {processor.py:842} WARNING - No viable dags retrieved from /opt/airflow/dags/oltp_s3_dwh_dict.py
[2026-02-20T15:02:15.335+0000] {processor.py:183} INFO - Processing /opt/airflow/dags/oltp_s3_dwh_dict.py took 0.063 seconds
[2026-02-20T15:02:46.047+0000] {processor.py:161} INFO - Started process (PID=5933) to work on /opt/airflow/dags/oltp_s3_dwh_dict.py
[2026-02-20T15:02:46.050+0000] {processor.py:830} INFO - Processing file /opt/airflow/dags/oltp_s3_dwh_dict.py for tasks to queue
[2026-02-20T15:02:46.053+0000] {logging_mixin.py:188} INFO - [2026-02-20T15:02:46.052+0000] {dagbag.py:545} INFO - Filling up the DagBag from /opt/airflow/dags/oltp_s3_dwh_dict.py
[2026-02-20T15:02:46.085+0000] {processor.py:842} WARNING - No viable dags retrieved from /opt/airflow/dags/oltp_s3_dwh_dict.py
[2026-02-20T15:02:46.110+0000] {processor.py:183} INFO - Processing /opt/airflow/dags/oltp_s3_dwh_dict.py took 0.082 seconds
[2026-02-20T15:03:16.329+0000] {processor.py:161} INFO - Started process (PID=5964) to work on /opt/airflow/dags/oltp_s3_dwh_dict.py
[2026-02-20T15:03:16.331+0000] {processor.py:830} INFO - Processing file /opt/airflow/dags/oltp_s3_dwh_dict.py for tasks to queue
[2026-02-20T15:03:16.333+0000] {logging_mixin.py:188} INFO - [2026-02-20T15:03:16.332+0000] {dagbag.py:545} INFO - Filling up the DagBag from /opt/airflow/dags/oltp_s3_dwh_dict.py
[2026-02-20T15:03:16.358+0000] {processor.py:842} WARNING - No viable dags retrieved from /opt/airflow/dags/oltp_s3_dwh_dict.py
[2026-02-20T15:03:16.382+0000] {processor.py:183} INFO - Processing /opt/airflow/dags/oltp_s3_dwh_dict.py took 0.062 seconds
[2026-02-20T15:03:46.908+0000] {processor.py:161} INFO - Started process (PID=5990) to work on /opt/airflow/dags/oltp_s3_dwh_dict.py
[2026-02-20T15:03:46.910+0000] {processor.py:830} INFO - Processing file /opt/airflow/dags/oltp_s3_dwh_dict.py for tasks to queue
[2026-02-20T15:03:46.913+0000] {logging_mixin.py:188} INFO - [2026-02-20T15:03:46.912+0000] {dagbag.py:545} INFO - Filling up the DagBag from /opt/airflow/dags/oltp_s3_dwh_dict.py
[2026-02-20T15:03:47.132+0000] {processor.py:842} WARNING - No viable dags retrieved from /opt/airflow/dags/oltp_s3_dwh_dict.py
[2026-02-20T15:03:47.156+0000] {processor.py:183} INFO - Processing /opt/airflow/dags/oltp_s3_dwh_dict.py took 0.260 seconds
