[2026-02-26T12:06:51.476+0000] {local_task_job_runner.py:120} INFO - ::group::Pre task execution logs
[2026-02-26T12:06:51.516+0000] {taskinstance.py:2076} INFO - Dependencies all met for dep_context=non-requeueable deps ti=<TaskInstance: oltp_s3_dwh.upload_postgre_to_s3_dict_regions scheduled__2025-03-01T00:00:00+00:00 [queued]>
[2026-02-26T12:06:51.548+0000] {taskinstance.py:2076} INFO - Dependencies all met for dep_context=requeueable deps ti=<TaskInstance: oltp_s3_dwh.upload_postgre_to_s3_dict_regions scheduled__2025-03-01T00:00:00+00:00 [queued]>
[2026-02-26T12:06:51.549+0000] {taskinstance.py:2306} INFO - Starting attempt 1 of 1
[2026-02-26T12:06:51.703+0000] {taskinstance.py:2330} INFO - Executing <Task(PythonOperator): upload_postgre_to_s3_dict_regions> on 2025-03-01 00:00:00+00:00
[2026-02-26T12:06:51.713+0000] {logging_mixin.py:188} WARNING - /home/***/.local/lib/python3.12/site-packages/***/task/task_runner/standard_task_runner.py:62 DeprecationWarning: This process (pid=4445) is multi-threaded, use of fork() may lead to deadlocks in the child.
[2026-02-26T12:06:51.728+0000] {standard_task_runner.py:64} INFO - Started process 4457 to run task
[2026-02-26T12:06:51.739+0000] {standard_task_runner.py:90} INFO - Running: ['***', 'tasks', 'run', 'oltp_s3_dwh', 'upload_postgre_to_s3_dict_regions', 'scheduled__2025-03-01T00:00:00+00:00', '--job-id', '1008', '--raw', '--subdir', 'DAGS_FOLDER/oltp_s3_dwh_dict.py', '--cfg-path', '/tmp/tmpteqszyb2']
[2026-02-26T12:06:51.762+0000] {standard_task_runner.py:91} INFO - Job 1008: Subtask upload_postgre_to_s3_dict_regions
[2026-02-26T12:06:52.118+0000] {task_command.py:426} INFO - Running <TaskInstance: oltp_s3_dwh.upload_postgre_to_s3_dict_regions scheduled__2025-03-01T00:00:00+00:00 [running]> on host 31b45edbecf3
[2026-02-26T12:06:52.378+0000] {taskinstance.py:2648} INFO - Exporting env vars: AIRFLOW_CTX_DAG_OWNER='***' AIRFLOW_CTX_DAG_ID='oltp_s3_dwh' AIRFLOW_CTX_TASK_ID='upload_postgre_to_s3_dict_regions' AIRFLOW_CTX_EXECUTION_DATE='2025-03-01T00:00:00+00:00' AIRFLOW_CTX_TRY_NUMBER='1' AIRFLOW_CTX_DAG_RUN_ID='scheduled__2025-03-01T00:00:00+00:00'
[2026-02-26T12:06:52.380+0000] {taskinstance.py:430} INFO - ::endgroup::
[2026-02-26T12:06:52.445+0000] {base.py:84} INFO - Using connection ID 'postgres_oltp' for task execution.
[2026-02-26T12:06:52.472+0000] {logging_mixin.py:188} WARNING - /home/***/.local/lib/python3.12/site-packages/***/providers/common/sql/hooks/sql.py:269 UserWarning: pandas only supports SQLAlchemy connectable (engine/connection) or database string URI or sqlite3 DBAPI2 connection. Other DBAPI2 objects are not tested. Please consider using SQLAlchemy.
[2026-02-26T12:06:52.544+0000] {base.py:84} INFO - Using connection ID 'minio_conn_id' for task execution.
[2026-02-26T12:06:52.545+0000] {connection_wrapper.py:384} INFO - AWS Connection (conn_id='minio_conn_id', conn_type='aws') credentials retrieved from login and ***.
[2026-02-26T12:06:53.647+0000] {python.py:237} INFO - Done. Returned value was: None
[2026-02-26T12:06:53.649+0000] {taskinstance.py:441} INFO - ::group::Post task execution logs
[2026-02-26T12:06:53.662+0000] {taskinstance.py:1206} INFO - Marking task as SUCCESS. dag_id=oltp_s3_dwh, task_id=upload_postgre_to_s3_dict_regions, run_id=scheduled__2025-03-01T00:00:00+00:00, execution_date=20250301T000000, start_date=20260226T120651, end_date=20260226T120653
[2026-02-26T12:06:53.785+0000] {local_task_job_runner.py:243} INFO - Task exited with return code 0
[2026-02-26T12:06:53.842+0000] {taskinstance.py:3503} INFO - 0 downstream tasks scheduled from follow-on schedule check
[2026-02-26T12:06:53.854+0000] {local_task_job_runner.py:222} INFO - ::endgroup::
[2026-02-27T19:00:05.905+0000] {local_task_job_runner.py:120} INFO - ::group::Pre task execution logs
[2026-02-27T19:00:05.966+0000] {taskinstance.py:2076} INFO - Dependencies all met for dep_context=non-requeueable deps ti=<TaskInstance: oltp_s3_dwh.upload_postgre_to_s3_dict_regions scheduled__2025-03-01T00:00:00+00:00 [queued]>
[2026-02-27T19:00:06.009+0000] {taskinstance.py:2076} INFO - Dependencies all met for dep_context=requeueable deps ti=<TaskInstance: oltp_s3_dwh.upload_postgre_to_s3_dict_regions scheduled__2025-03-01T00:00:00+00:00 [queued]>
[2026-02-27T19:00:06.014+0000] {taskinstance.py:2306} INFO - Starting attempt 1 of 1
[2026-02-27T19:00:06.072+0000] {taskinstance.py:2330} INFO - Executing <Task(PythonOperator): upload_postgre_to_s3_dict_regions> on 2025-03-01 00:00:00+00:00
[2026-02-27T19:00:06.084+0000] {logging_mixin.py:188} WARNING - /home/***/.local/lib/python3.12/site-packages/***/task/task_runner/standard_task_runner.py:62 DeprecationWarning: This process (pid=32104) is multi-threaded, use of fork() may lead to deadlocks in the child.
[2026-02-27T19:00:06.117+0000] {standard_task_runner.py:64} INFO - Started process 32117 to run task
[2026-02-27T19:00:06.143+0000] {standard_task_runner.py:90} INFO - Running: ['***', 'tasks', 'run', 'oltp_s3_dwh', 'upload_postgre_to_s3_dict_regions', 'scheduled__2025-03-01T00:00:00+00:00', '--job-id', '1553', '--raw', '--subdir', 'DAGS_FOLDER/oltp_s3_dwh.py', '--cfg-path', '/tmp/tmpmxm0v9z2']
[2026-02-27T19:00:06.147+0000] {standard_task_runner.py:91} INFO - Job 1553: Subtask upload_postgre_to_s3_dict_regions
[2026-02-27T19:00:06.357+0000] {task_command.py:426} INFO - Running <TaskInstance: oltp_s3_dwh.upload_postgre_to_s3_dict_regions scheduled__2025-03-01T00:00:00+00:00 [running]> on host 31b45edbecf3
[2026-02-27T19:00:06.582+0000] {taskinstance.py:2648} INFO - Exporting env vars: AIRFLOW_CTX_DAG_OWNER='***' AIRFLOW_CTX_DAG_ID='oltp_s3_dwh' AIRFLOW_CTX_TASK_ID='upload_postgre_to_s3_dict_regions' AIRFLOW_CTX_EXECUTION_DATE='2025-03-01T00:00:00+00:00' AIRFLOW_CTX_TRY_NUMBER='1' AIRFLOW_CTX_DAG_RUN_ID='scheduled__2025-03-01T00:00:00+00:00'
[2026-02-27T19:00:06.593+0000] {taskinstance.py:430} INFO - ::endgroup::
[2026-02-27T19:00:06.664+0000] {base.py:84} INFO - Using connection ID 'postgres_oltp' for task execution.
[2026-02-27T19:00:06.676+0000] {logging_mixin.py:188} WARNING - /home/***/.local/lib/python3.12/site-packages/***/providers/common/sql/hooks/sql.py:269 UserWarning: pandas only supports SQLAlchemy connectable (engine/connection) or database string URI or sqlite3 DBAPI2 connection. Other DBAPI2 objects are not tested. Please consider using SQLAlchemy.
[2026-02-27T19:00:06.799+0000] {base.py:84} INFO - Using connection ID 'minio_conn_id' for task execution.
[2026-02-27T19:00:06.801+0000] {connection_wrapper.py:384} INFO - AWS Connection (conn_id='minio_conn_id', conn_type='aws') credentials retrieved from login and ***.
[2026-02-27T19:00:07.433+0000] {python.py:237} INFO - Done. Returned value was: None
[2026-02-27T19:00:07.434+0000] {taskinstance.py:441} INFO - ::group::Post task execution logs
[2026-02-27T19:00:07.447+0000] {taskinstance.py:1206} INFO - Marking task as SUCCESS. dag_id=oltp_s3_dwh, task_id=upload_postgre_to_s3_dict_regions, run_id=scheduled__2025-03-01T00:00:00+00:00, execution_date=20250301T000000, start_date=20260227T190005, end_date=20260227T190007
[2026-02-27T19:00:07.527+0000] {local_task_job_runner.py:243} INFO - Task exited with return code 0
[2026-02-27T19:00:07.539+0000] {local_task_job_runner.py:222} INFO - ::endgroup::
