[2026-02-28T11:49:28.003+0000] {local_task_job_runner.py:120} INFO - ::group::Pre task execution logs
[2026-02-28T11:49:28.091+0000] {taskinstance.py:2076} INFO - Dependencies all met for dep_context=non-requeueable deps ti=<TaskInstance: oltp_s3_dwh.upload_postgre_to_s3_users scheduled__2025-02-01T00:00:00+00:00 [queued]>
[2026-02-28T11:49:28.168+0000] {taskinstance.py:2076} INFO - Dependencies all met for dep_context=requeueable deps ti=<TaskInstance: oltp_s3_dwh.upload_postgre_to_s3_users scheduled__2025-02-01T00:00:00+00:00 [queued]>
[2026-02-28T11:49:28.170+0000] {taskinstance.py:2306} INFO - Starting attempt 7 of 7
[2026-02-28T11:49:28.280+0000] {taskinstance.py:2330} INFO - Executing <Task(PythonOperator): upload_postgre_to_s3_users> on 2025-02-01 00:00:00+00:00
[2026-02-28T11:49:28.293+0000] {logging_mixin.py:188} WARNING - /home/***/.local/lib/python3.12/site-packages/***/task/task_runner/standard_task_runner.py:62 DeprecationWarning: This process (pid=9635) is multi-threaded, use of fork() may lead to deadlocks in the child.
[2026-02-28T11:49:28.301+0000] {standard_task_runner.py:64} INFO - Started process 9657 to run task
[2026-02-28T11:49:28.317+0000] {standard_task_runner.py:90} INFO - Running: ['***', 'tasks', 'run', 'oltp_s3_dwh', 'upload_postgre_to_s3_users', 'scheduled__2025-02-01T00:00:00+00:00', '--job-id', '2091', '--raw', '--subdir', 'DAGS_FOLDER/oltp_s3_dwh.py', '--cfg-path', '/tmp/tmpv3822r27']
[2026-02-28T11:49:28.340+0000] {standard_task_runner.py:91} INFO - Job 2091: Subtask upload_postgre_to_s3_users
[2026-02-28T11:49:28.564+0000] {task_command.py:426} INFO - Running <TaskInstance: oltp_s3_dwh.upload_postgre_to_s3_users scheduled__2025-02-01T00:00:00+00:00 [running]> on host 31b45edbecf3
[2026-02-28T11:49:28.984+0000] {taskinstance.py:2648} INFO - Exporting env vars: AIRFLOW_CTX_DAG_OWNER='***' AIRFLOW_CTX_DAG_ID='oltp_s3_dwh' AIRFLOW_CTX_TASK_ID='upload_postgre_to_s3_users' AIRFLOW_CTX_EXECUTION_DATE='2025-02-01T00:00:00+00:00' AIRFLOW_CTX_TRY_NUMBER='7' AIRFLOW_CTX_DAG_RUN_ID='scheduled__2025-02-01T00:00:00+00:00'
[2026-02-28T11:49:28.986+0000] {taskinstance.py:430} INFO - ::endgroup::
[2026-02-28T11:49:29.094+0000] {base.py:84} INFO - Using connection ID 'postgres_oltp' for task execution.
[2026-02-28T11:49:29.104+0000] {logging_mixin.py:188} INFO - DEBUG: Host: postgres_oltp
[2026-02-28T11:49:29.105+0000] {logging_mixin.py:188} INFO - DEBUG: DB Name: oltp_db
[2026-02-28T11:49:29.106+0000] {logging_mixin.py:188} INFO - DEBUG: Генерируемый SQL-запрос: select * from users where date_trunc('month', registration_date AT TIME ZONE 'UTC') = date_trunc('month','2025-02-01'::date AT TIME ZONE 'UTC')
[2026-02-28T11:49:29.138+0000] {base.py:84} INFO - Using connection ID 'postgres_oltp' for task execution.
[2026-02-28T11:49:29.203+0000] {logging_mixin.py:188} WARNING - /home/***/.local/lib/python3.12/site-packages/***/providers/common/sql/hooks/sql.py:269 UserWarning: pandas only supports SQLAlchemy connectable (engine/connection) or database string URI or sqlite3 DBAPI2 connection. Other DBAPI2 objects are not tested. Please consider using SQLAlchemy.
[2026-02-28T11:49:29.467+0000] {base.py:84} INFO - Using connection ID 'minio_conn_id' for task execution.
[2026-02-28T11:49:29.468+0000] {connection_wrapper.py:384} INFO - AWS Connection (conn_id='minio_conn_id', conn_type='aws') credentials retrieved from login and ***.
[2026-02-28T11:49:30.353+0000] {logging_mixin.py:188} INFO - За 2025-02-01 в S3 загружено - 751 строк
[2026-02-28T11:49:30.355+0000] {python.py:237} INFO - Done. Returned value was: None
[2026-02-28T11:49:30.359+0000] {taskinstance.py:441} INFO - ::group::Post task execution logs
[2026-02-28T11:49:30.382+0000] {taskinstance.py:1206} INFO - Marking task as SUCCESS. dag_id=oltp_s3_dwh, task_id=upload_postgre_to_s3_users, run_id=scheduled__2025-02-01T00:00:00+00:00, execution_date=20250201T000000, start_date=20260228T114928, end_date=20260228T114930
[2026-02-28T11:49:30.623+0000] {local_task_job_runner.py:243} INFO - Task exited with return code 0
[2026-02-28T11:49:30.837+0000] {taskinstance.py:3503} INFO - 1 downstream tasks scheduled from follow-on schedule check
[2026-02-28T11:49:30.871+0000] {local_task_job_runner.py:222} INFO - ::endgroup::
