[2026-02-26T12:05:08.683+0000] {local_task_job_runner.py:120} INFO - ::group::Pre task execution logs
[2026-02-26T12:05:08.707+0000] {taskinstance.py:2076} INFO - Dependencies all met for dep_context=non-requeueable deps ti=<TaskInstance: oltp_s3_dwh.upload_postgre_to_s3_users scheduled__2025-02-01T00:00:00+00:00 [queued]>
[2026-02-26T12:05:08.726+0000] {taskinstance.py:2076} INFO - Dependencies all met for dep_context=requeueable deps ti=<TaskInstance: oltp_s3_dwh.upload_postgre_to_s3_users scheduled__2025-02-01T00:00:00+00:00 [queued]>
[2026-02-26T12:05:08.730+0000] {taskinstance.py:2306} INFO - Starting attempt 1 of 1
[2026-02-26T12:05:08.765+0000] {taskinstance.py:2330} INFO - Executing <Task(PythonOperator): upload_postgre_to_s3_users> on 2025-02-01 00:00:00+00:00
[2026-02-26T12:05:08.778+0000] {logging_mixin.py:188} WARNING - /home/***/.local/lib/python3.12/site-packages/***/task/task_runner/standard_task_runner.py:62 DeprecationWarning: This process (pid=4234) is multi-threaded, use of fork() may lead to deadlocks in the child.
[2026-02-26T12:05:08.781+0000] {standard_task_runner.py:64} INFO - Started process 4242 to run task
[2026-02-26T12:05:08.782+0000] {standard_task_runner.py:90} INFO - Running: ['***', 'tasks', 'run', 'oltp_s3_dwh', 'upload_postgre_to_s3_users', 'scheduled__2025-02-01T00:00:00+00:00', '--job-id', '982', '--raw', '--subdir', 'DAGS_FOLDER/oltp_s3_dwh_dict.py', '--cfg-path', '/tmp/tmpb6tt0lpp']
[2026-02-26T12:05:08.785+0000] {standard_task_runner.py:91} INFO - Job 982: Subtask upload_postgre_to_s3_users
[2026-02-26T12:05:08.899+0000] {task_command.py:426} INFO - Running <TaskInstance: oltp_s3_dwh.upload_postgre_to_s3_users scheduled__2025-02-01T00:00:00+00:00 [running]> on host 31b45edbecf3
[2026-02-26T12:05:09.057+0000] {taskinstance.py:2648} INFO - Exporting env vars: AIRFLOW_CTX_DAG_OWNER='***' AIRFLOW_CTX_DAG_ID='oltp_s3_dwh' AIRFLOW_CTX_TASK_ID='upload_postgre_to_s3_users' AIRFLOW_CTX_EXECUTION_DATE='2025-02-01T00:00:00+00:00' AIRFLOW_CTX_TRY_NUMBER='1' AIRFLOW_CTX_DAG_RUN_ID='scheduled__2025-02-01T00:00:00+00:00'
[2026-02-26T12:05:09.059+0000] {taskinstance.py:430} INFO - ::endgroup::
[2026-02-26T12:05:09.109+0000] {base.py:84} INFO - Using connection ID 'postgres_oltp' for task execution.
[2026-02-26T12:05:09.136+0000] {logging_mixin.py:188} WARNING - /home/***/.local/lib/python3.12/site-packages/***/providers/common/sql/hooks/sql.py:269 UserWarning: pandas only supports SQLAlchemy connectable (engine/connection) or database string URI or sqlite3 DBAPI2 connection. Other DBAPI2 objects are not tested. Please consider using SQLAlchemy.
[2026-02-26T12:05:09.153+0000] {logging_mixin.py:188} INFO - В таблице users нет данных
[2026-02-26T12:05:09.154+0000] {python.py:237} INFO - Done. Returned value was: None
[2026-02-26T12:05:09.156+0000] {taskinstance.py:441} INFO - ::group::Post task execution logs
[2026-02-26T12:05:09.170+0000] {taskinstance.py:1206} INFO - Marking task as SUCCESS. dag_id=oltp_s3_dwh, task_id=upload_postgre_to_s3_users, run_id=scheduled__2025-02-01T00:00:00+00:00, execution_date=20250201T000000, start_date=20260226T120508, end_date=20260226T120509
[2026-02-26T12:05:09.206+0000] {local_task_job_runner.py:243} INFO - Task exited with return code 0
[2026-02-26T12:05:09.222+0000] {local_task_job_runner.py:222} INFO - ::endgroup::
[2026-02-27T18:59:52.745+0000] {local_task_job_runner.py:120} INFO - ::group::Pre task execution logs
[2026-02-27T18:59:52.802+0000] {taskinstance.py:2076} INFO - Dependencies all met for dep_context=non-requeueable deps ti=<TaskInstance: oltp_s3_dwh.upload_postgre_to_s3_users scheduled__2025-02-01T00:00:00+00:00 [queued]>
[2026-02-27T18:59:52.833+0000] {taskinstance.py:2076} INFO - Dependencies all met for dep_context=requeueable deps ti=<TaskInstance: oltp_s3_dwh.upload_postgre_to_s3_users scheduled__2025-02-01T00:00:00+00:00 [queued]>
[2026-02-27T18:59:52.837+0000] {taskinstance.py:2306} INFO - Starting attempt 1 of 1
[2026-02-27T18:59:52.869+0000] {taskinstance.py:2330} INFO - Executing <Task(PythonOperator): upload_postgre_to_s3_users> on 2025-02-01 00:00:00+00:00
[2026-02-27T18:59:52.891+0000] {standard_task_runner.py:90} INFO - Running: ['***', 'tasks', 'run', 'oltp_s3_dwh', 'upload_postgre_to_s3_users', 'scheduled__2025-02-01T00:00:00+00:00', '--job-id', '1533', '--raw', '--subdir', 'DAGS_FOLDER/oltp_s3_dwh.py', '--cfg-path', '/tmp/tmplk2nma8h']
[2026-02-27T18:59:52.893+0000] {logging_mixin.py:188} WARNING - /home/***/.local/lib/python3.12/site-packages/***/task/task_runner/standard_task_runner.py:62 DeprecationWarning: This process (pid=32018) is multi-threaded, use of fork() may lead to deadlocks in the child.
[2026-02-27T18:59:52.899+0000] {standard_task_runner.py:64} INFO - Started process 32030 to run task
[2026-02-27T18:59:52.911+0000] {standard_task_runner.py:91} INFO - Job 1533: Subtask upload_postgre_to_s3_users
[2026-02-27T18:59:53.156+0000] {task_command.py:426} INFO - Running <TaskInstance: oltp_s3_dwh.upload_postgre_to_s3_users scheduled__2025-02-01T00:00:00+00:00 [running]> on host 31b45edbecf3
[2026-02-27T18:59:53.506+0000] {taskinstance.py:2648} INFO - Exporting env vars: AIRFLOW_CTX_DAG_OWNER='***' AIRFLOW_CTX_DAG_ID='oltp_s3_dwh' AIRFLOW_CTX_TASK_ID='upload_postgre_to_s3_users' AIRFLOW_CTX_EXECUTION_DATE='2025-02-01T00:00:00+00:00' AIRFLOW_CTX_TRY_NUMBER='1' AIRFLOW_CTX_DAG_RUN_ID='scheduled__2025-02-01T00:00:00+00:00'
[2026-02-27T18:59:53.507+0000] {taskinstance.py:430} INFO - ::endgroup::
[2026-02-27T18:59:53.565+0000] {base.py:84} INFO - Using connection ID 'postgres_oltp' for task execution.
[2026-02-27T18:59:53.587+0000] {logging_mixin.py:188} WARNING - /home/***/.local/lib/python3.12/site-packages/***/providers/common/sql/hooks/sql.py:269 UserWarning: pandas only supports SQLAlchemy connectable (engine/connection) or database string URI or sqlite3 DBAPI2 connection. Other DBAPI2 objects are not tested. Please consider using SQLAlchemy.
[2026-02-27T18:59:53.635+0000] {logging_mixin.py:188} INFO - В таблице users нет данных
[2026-02-27T18:59:53.642+0000] {python.py:237} INFO - Done. Returned value was: None
[2026-02-27T18:59:53.643+0000] {taskinstance.py:441} INFO - ::group::Post task execution logs
[2026-02-27T18:59:53.663+0000] {taskinstance.py:1206} INFO - Marking task as SUCCESS. dag_id=oltp_s3_dwh, task_id=upload_postgre_to_s3_users, run_id=scheduled__2025-02-01T00:00:00+00:00, execution_date=20250201T000000, start_date=20260227T185952, end_date=20260227T185953
[2026-02-27T18:59:53.709+0000] {local_task_job_runner.py:243} INFO - Task exited with return code 0
[2026-02-27T18:59:53.800+0000] {taskinstance.py:3503} INFO - 1 downstream tasks scheduled from follow-on schedule check
[2026-02-27T18:59:53.816+0000] {local_task_job_runner.py:222} INFO - ::endgroup::
