[2026-02-27T10:29:55.301+0000] {local_task_job_runner.py:120} INFO - ::group::Pre task execution logs
[2026-02-27T10:29:55.345+0000] {taskinstance.py:2076} INFO - Dependencies all met for dep_context=non-requeueable deps ti=<TaskInstance: staging_to_core.transform_transactions_to_core scheduled__2025-02-01T00:00:00+00:00 [queued]>
[2026-02-27T10:29:55.356+0000] {taskinstance.py:2076} INFO - Dependencies all met for dep_context=requeueable deps ti=<TaskInstance: staging_to_core.transform_transactions_to_core scheduled__2025-02-01T00:00:00+00:00 [queued]>
[2026-02-27T10:29:55.356+0000] {taskinstance.py:2306} INFO - Starting attempt 1 of 1
[2026-02-27T10:29:55.371+0000] {taskinstance.py:2330} INFO - Executing <Task(PostgresOperator): transform_transactions_to_core> on 2025-02-01 00:00:00+00:00
[2026-02-27T10:29:55.382+0000] {logging_mixin.py:188} WARNING - /home/***/.local/lib/python3.12/site-packages/***/task/task_runner/standard_task_runner.py:62 DeprecationWarning: This process (pid=9111) is multi-threaded, use of fork() may lead to deadlocks in the child.
[2026-02-27T10:29:55.381+0000] {standard_task_runner.py:90} INFO - Running: ['***', 'tasks', 'run', 'staging_to_core', 'transform_transactions_to_core', 'scheduled__2025-02-01T00:00:00+00:00', '--job-id', '1324', '--raw', '--subdir', 'DAGS_FOLDER/staging_to_core.py', '--cfg-path', '/tmp/tmp3pambtoo']
[2026-02-27T10:29:55.383+0000] {standard_task_runner.py:64} INFO - Started process 9112 to run task
[2026-02-27T10:29:55.383+0000] {standard_task_runner.py:91} INFO - Job 1324: Subtask transform_transactions_to_core
[2026-02-27T10:29:55.437+0000] {task_command.py:426} INFO - Running <TaskInstance: staging_to_core.transform_transactions_to_core scheduled__2025-02-01T00:00:00+00:00 [running]> on host 31b45edbecf3
[2026-02-27T10:29:55.527+0000] {taskinstance.py:2648} INFO - Exporting env vars: AIRFLOW_CTX_DAG_OWNER='***' AIRFLOW_CTX_DAG_ID='staging_to_core' AIRFLOW_CTX_TASK_ID='transform_transactions_to_core' AIRFLOW_CTX_EXECUTION_DATE='2025-02-01T00:00:00+00:00' AIRFLOW_CTX_TRY_NUMBER='1' AIRFLOW_CTX_DAG_RUN_ID='scheduled__2025-02-01T00:00:00+00:00'
[2026-02-27T10:29:55.528+0000] {taskinstance.py:430} INFO - ::endgroup::
[2026-02-27T10:29:55.544+0000] {sql.py:282} INFO - Executing: 
                    INSERT INTO core.transactions
                    SELECT * FROM staging.transactions
                    ON CONFLICT (transaction_id) 
                    DO UPDATE SET
                        amount_rub = EXCLUDED.amount_rub, cashback_amount = EXCLUDED.cashback_amount, status = EXCLUDED.status;
                
[2026-02-27T10:29:55.554+0000] {base.py:84} INFO - Using connection ID 'postgres_dwh' for task execution.
[2026-02-27T10:29:55.569+0000] {base.py:84} INFO - Using connection ID 'postgres_dwh' for task execution.
[2026-02-27T10:29:55.578+0000] {sql.py:495} INFO - Running statement: 
                    INSERT INTO core.transactions
                    SELECT * FROM staging.transactions
                    ON CONFLICT (transaction_id) 
                    DO UPDATE SET
                        amount_rub = EXCLUDED.amount_rub, cashback_amount = EXCLUDED.cashback_amount, status = EXCLUDED.status;
                , parameters: None
[2026-02-27T10:29:55.608+0000] {taskinstance.py:441} INFO - ::group::Post task execution logs
[2026-02-27T10:29:55.609+0000] {taskinstance.py:2905} ERROR - Task failed with exception
Traceback (most recent call last):
  File "/home/airflow/.local/lib/python3.12/site-packages/airflow/models/taskinstance.py", line 465, in _execute_task
    result = _execute_callable(context=context, **execute_callable_kwargs)
             ^^^^^^^^^^^^^^^^^^^^^^^^^^^^^^^^^^^^^^^^^^^^^^^^^^^^^^^^^^^^^
  File "/home/airflow/.local/lib/python3.12/site-packages/airflow/models/taskinstance.py", line 432, in _execute_callable
    return execute_callable(context=context, **execute_callable_kwargs)
           ^^^^^^^^^^^^^^^^^^^^^^^^^^^^^^^^^^^^^^^^^^^^^^^^^^^^^^^^^^^^
  File "/home/airflow/.local/lib/python3.12/site-packages/airflow/models/baseoperator.py", line 401, in wrapper
    return func(self, *args, **kwargs)
           ^^^^^^^^^^^^^^^^^^^^^^^^^^^
  File "/home/airflow/.local/lib/python3.12/site-packages/airflow/providers/common/sql/operators/sql.py", line 288, in execute
    output = hook.run(
             ^^^^^^^^^
  File "/home/airflow/.local/lib/python3.12/site-packages/airflow/providers/common/sql/hooks/sql.py", line 442, in run
    self._run_command(cur, sql_statement, parameters)
  File "/home/airflow/.local/lib/python3.12/site-packages/airflow/providers/common/sql/hooks/sql.py", line 500, in _run_command
    cur.execute(sql_statement)
psycopg2.errors.ForeignKeyViolation: insert or update on table "transactions" violates foreign key constraint "transactions_card_id_fkey"
DETAIL:  Key (card_id)=(af574d89-ad1f-4151-b790-9f22d35e0ec9) is not present in table "cards".

[2026-02-27T10:29:55.621+0000] {taskinstance.py:1206} INFO - Marking task as FAILED. dag_id=staging_to_core, task_id=transform_transactions_to_core, run_id=scheduled__2025-02-01T00:00:00+00:00, execution_date=20250201T000000, start_date=20260227T102955, end_date=20260227T102955
[2026-02-27T10:29:55.635+0000] {standard_task_runner.py:110} ERROR - Failed to execute job 1324 for task transform_transactions_to_core (insert or update on table "transactions" violates foreign key constraint "transactions_card_id_fkey"
DETAIL:  Key (card_id)=(af574d89-ad1f-4151-b790-9f22d35e0ec9) is not present in table "cards".
; 9112)
[2026-02-27T10:29:55.682+0000] {local_task_job_runner.py:243} INFO - Task exited with return code 1
[2026-02-27T10:29:55.695+0000] {logging_mixin.py:188} WARNING - /home/***/.local/lib/python3.12/site-packages/***/models/baseoperator.py:1297 AirflowProviderDeprecationWarning: Call to deprecated class PostgresOperator. (Please use `***.providers.common.sql.operators.sql.SQLExecuteQueryOperator`.Also, you can provide `hook_params={'schema': <database>}`.)
[2026-02-27T10:29:55.708+0000] {taskinstance.py:3503} INFO - 0 downstream tasks scheduled from follow-on schedule check
[2026-02-27T10:29:55.713+0000] {local_task_job_runner.py:222} INFO - ::endgroup::
[2026-02-27T19:01:26.748+0000] {local_task_job_runner.py:120} INFO - ::group::Pre task execution logs
[2026-02-27T19:01:26.797+0000] {taskinstance.py:2076} INFO - Dependencies all met for dep_context=non-requeueable deps ti=<TaskInstance: staging_to_core.transform_transactions_to_core scheduled__2025-02-01T00:00:00+00:00 [queued]>
[2026-02-27T19:01:26.813+0000] {taskinstance.py:2076} INFO - Dependencies all met for dep_context=requeueable deps ti=<TaskInstance: staging_to_core.transform_transactions_to_core scheduled__2025-02-01T00:00:00+00:00 [queued]>
[2026-02-27T19:01:26.814+0000] {taskinstance.py:2306} INFO - Starting attempt 1 of 1
[2026-02-27T19:01:26.834+0000] {taskinstance.py:2330} INFO - Executing <Task(PostgresOperator): transform_transactions_to_core> on 2025-02-01 00:00:00+00:00
[2026-02-27T19:01:26.843+0000] {logging_mixin.py:188} WARNING - /home/***/.local/lib/python3.12/site-packages/***/task/task_runner/standard_task_runner.py:62 DeprecationWarning: This process (pid=32826) is multi-threaded, use of fork() may lead to deadlocks in the child.
[2026-02-27T19:01:26.844+0000] {standard_task_runner.py:64} INFO - Started process 32827 to run task
[2026-02-27T19:01:26.844+0000] {standard_task_runner.py:90} INFO - Running: ['***', 'tasks', 'run', 'staging_to_core', 'transform_transactions_to_core', 'scheduled__2025-02-01T00:00:00+00:00', '--job-id', '1692', '--raw', '--subdir', 'DAGS_FOLDER/staging_to_core.py', '--cfg-path', '/tmp/tmpkcotuuus']
[2026-02-27T19:01:26.846+0000] {standard_task_runner.py:91} INFO - Job 1692: Subtask transform_transactions_to_core
[2026-02-27T19:01:26.912+0000] {task_command.py:426} INFO - Running <TaskInstance: staging_to_core.transform_transactions_to_core scheduled__2025-02-01T00:00:00+00:00 [running]> on host 31b45edbecf3
[2026-02-27T19:01:27.042+0000] {taskinstance.py:2648} INFO - Exporting env vars: AIRFLOW_CTX_DAG_OWNER='***' AIRFLOW_CTX_DAG_ID='staging_to_core' AIRFLOW_CTX_TASK_ID='transform_transactions_to_core' AIRFLOW_CTX_EXECUTION_DATE='2025-02-01T00:00:00+00:00' AIRFLOW_CTX_TRY_NUMBER='1' AIRFLOW_CTX_DAG_RUN_ID='scheduled__2025-02-01T00:00:00+00:00'
[2026-02-27T19:01:27.044+0000] {taskinstance.py:430} INFO - ::endgroup::
[2026-02-27T19:01:27.062+0000] {sql.py:282} INFO - Executing: 
                    INSERT INTO core.transactions
                    SELECT * FROM staging.transactions
                    ON CONFLICT (transaction_id) 
                    DO UPDATE SET
                        amount_rub = EXCLUDED.amount_rub, cashback_amount = EXCLUDED.cashback_amount, status = EXCLUDED.status;
                
[2026-02-27T19:01:27.075+0000] {base.py:84} INFO - Using connection ID 'postgres_dwh' for task execution.
[2026-02-27T19:01:27.090+0000] {base.py:84} INFO - Using connection ID 'postgres_dwh' for task execution.
[2026-02-27T19:01:27.102+0000] {sql.py:495} INFO - Running statement: 
                    INSERT INTO core.transactions
                    SELECT * FROM staging.transactions
                    ON CONFLICT (transaction_id) 
                    DO UPDATE SET
                        amount_rub = EXCLUDED.amount_rub, cashback_amount = EXCLUDED.cashback_amount, status = EXCLUDED.status;
                , parameters: None
[2026-02-27T19:01:27.109+0000] {sql.py:504} INFO - Rows affected: 3
[2026-02-27T19:01:27.112+0000] {taskinstance.py:441} INFO - ::group::Post task execution logs
[2026-02-27T19:01:27.135+0000] {taskinstance.py:1206} INFO - Marking task as SUCCESS. dag_id=staging_to_core, task_id=transform_transactions_to_core, run_id=scheduled__2025-02-01T00:00:00+00:00, execution_date=20250201T000000, start_date=20260227T190126, end_date=20260227T190127
[2026-02-27T19:01:27.183+0000] {local_task_job_runner.py:243} INFO - Task exited with return code 0
[2026-02-27T19:01:27.202+0000] {logging_mixin.py:188} WARNING - /home/***/.local/lib/python3.12/site-packages/***/models/baseoperator.py:1297 AirflowProviderDeprecationWarning: Call to deprecated class PostgresOperator. (Please use `***.providers.common.sql.operators.sql.SQLExecuteQueryOperator`.Also, you can provide `hook_params={'schema': <database>}`.)
[2026-02-27T19:01:27.212+0000] {taskinstance.py:3503} INFO - 0 downstream tasks scheduled from follow-on schedule check
[2026-02-27T19:01:27.224+0000] {local_task_job_runner.py:222} INFO - ::endgroup::
