[2026-02-28T11:49:28.521+0000] {local_task_job_runner.py:120} INFO - ::group::Pre task execution logs
[2026-02-28T11:49:28.577+0000] {taskinstance.py:2076} INFO - Dependencies all met for dep_context=non-requeueable deps ti=<TaskInstance: oltp_s3_dwh.upload_postgre_to_s3_cards scheduled__2025-02-01T00:00:00+00:00 [queued]>
[2026-02-28T11:49:28.606+0000] {taskinstance.py:2076} INFO - Dependencies all met for dep_context=requeueable deps ti=<TaskInstance: oltp_s3_dwh.upload_postgre_to_s3_cards scheduled__2025-02-01T00:00:00+00:00 [queued]>
[2026-02-28T11:49:28.607+0000] {taskinstance.py:2306} INFO - Starting attempt 7 of 7
[2026-02-28T11:49:28.662+0000] {taskinstance.py:2330} INFO - Executing <Task(PythonOperator): upload_postgre_to_s3_cards> on 2025-02-01 00:00:00+00:00
[2026-02-28T11:49:28.705+0000] {standard_task_runner.py:90} INFO - Running: ['***', 'tasks', 'run', 'oltp_s3_dwh', 'upload_postgre_to_s3_cards', 'scheduled__2025-02-01T00:00:00+00:00', '--job-id', '2095', '--raw', '--subdir', 'DAGS_FOLDER/oltp_s3_dwh.py', '--cfg-path', '/tmp/tmptdmid05c']
[2026-02-28T11:49:28.688+0000] {logging_mixin.py:188} WARNING - /home/***/.local/lib/python3.12/site-packages/***/task/task_runner/standard_task_runner.py:62 DeprecationWarning: This process (pid=9629) is multi-threaded, use of fork() may lead to deadlocks in the child.
[2026-02-28T11:49:28.726+0000] {standard_task_runner.py:64} INFO - Started process 9659 to run task
[2026-02-28T11:49:28.726+0000] {standard_task_runner.py:91} INFO - Job 2095: Subtask upload_postgre_to_s3_cards
[2026-02-28T11:49:28.968+0000] {task_command.py:426} INFO - Running <TaskInstance: oltp_s3_dwh.upload_postgre_to_s3_cards scheduled__2025-02-01T00:00:00+00:00 [running]> on host 31b45edbecf3
[2026-02-28T11:49:29.261+0000] {taskinstance.py:2648} INFO - Exporting env vars: AIRFLOW_CTX_DAG_OWNER='***' AIRFLOW_CTX_DAG_ID='oltp_s3_dwh' AIRFLOW_CTX_TASK_ID='upload_postgre_to_s3_cards' AIRFLOW_CTX_EXECUTION_DATE='2025-02-01T00:00:00+00:00' AIRFLOW_CTX_TRY_NUMBER='7' AIRFLOW_CTX_DAG_RUN_ID='scheduled__2025-02-01T00:00:00+00:00'
[2026-02-28T11:49:29.273+0000] {taskinstance.py:430} INFO - ::endgroup::
[2026-02-28T11:49:29.346+0000] {base.py:84} INFO - Using connection ID 'postgres_oltp' for task execution.
[2026-02-28T11:49:29.347+0000] {logging_mixin.py:188} INFO - DEBUG: Host: postgres_oltp
[2026-02-28T11:49:29.349+0000] {logging_mixin.py:188} INFO - DEBUG: DB Name: oltp_db
[2026-02-28T11:49:29.357+0000] {logging_mixin.py:188} INFO - DEBUG: Генерируемый SQL-запрос: select * from cards where date_trunc('month', created_at AT TIME ZONE 'UTC') = date_trunc('month','2025-02-01'::date AT TIME ZONE 'UTC')
[2026-02-28T11:49:29.379+0000] {base.py:84} INFO - Using connection ID 'postgres_oltp' for task execution.
[2026-02-28T11:49:29.416+0000] {logging_mixin.py:188} WARNING - /home/***/.local/lib/python3.12/site-packages/***/providers/common/sql/hooks/sql.py:269 UserWarning: pandas only supports SQLAlchemy connectable (engine/connection) or database string URI or sqlite3 DBAPI2 connection. Other DBAPI2 objects are not tested. Please consider using SQLAlchemy.
[2026-02-28T11:49:29.445+0000] {logging_mixin.py:188} INFO - В таблице cards нет данных за логическую дату 2025-02-01
[2026-02-28T11:49:29.448+0000] {python.py:237} INFO - Done. Returned value was: None
[2026-02-28T11:49:29.461+0000] {taskinstance.py:441} INFO - ::group::Post task execution logs
[2026-02-28T11:49:29.484+0000] {taskinstance.py:1206} INFO - Marking task as SUCCESS. dag_id=oltp_s3_dwh, task_id=upload_postgre_to_s3_cards, run_id=scheduled__2025-02-01T00:00:00+00:00, execution_date=20250201T000000, start_date=20260228T114928, end_date=20260228T114929
[2026-02-28T11:49:29.550+0000] {local_task_job_runner.py:243} INFO - Task exited with return code 0
[2026-02-28T11:49:29.565+0000] {local_task_job_runner.py:222} INFO - ::endgroup::
