[2026-02-26T12:06:45.187+0000] {local_task_job_runner.py:120} INFO - ::group::Pre task execution logs
[2026-02-26T12:06:45.347+0000] {taskinstance.py:2076} INFO - Dependencies all met for dep_context=non-requeueable deps ti=<TaskInstance: oltp_s3_dwh.upload_postgre_to_s3_cards scheduled__2025-02-01T00:00:00+00:00 [queued]>
[2026-02-26T12:06:45.431+0000] {taskinstance.py:2076} INFO - Dependencies all met for dep_context=requeueable deps ti=<TaskInstance: oltp_s3_dwh.upload_postgre_to_s3_cards scheduled__2025-02-01T00:00:00+00:00 [queued]>
[2026-02-26T12:06:45.440+0000] {taskinstance.py:2306} INFO - Starting attempt 2 of 2
[2026-02-26T12:06:45.569+0000] {taskinstance.py:2330} INFO - Executing <Task(PythonOperator): upload_postgre_to_s3_cards> on 2025-02-01 00:00:00+00:00
[2026-02-26T12:06:45.671+0000] {logging_mixin.py:188} WARNING - /home/***/.local/lib/python3.12/site-packages/***/task/task_runner/standard_task_runner.py:62 DeprecationWarning: This process (pid=4350) is multi-threaded, use of fork() may lead to deadlocks in the child.
[2026-02-26T12:06:45.691+0000] {standard_task_runner.py:64} INFO - Started process 4383 to run task
[2026-02-26T12:06:45.687+0000] {standard_task_runner.py:90} INFO - Running: ['***', 'tasks', 'run', 'oltp_s3_dwh', 'upload_postgre_to_s3_cards', 'scheduled__2025-02-01T00:00:00+00:00', '--job-id', '993', '--raw', '--subdir', 'DAGS_FOLDER/oltp_s3_dwh_dict.py', '--cfg-path', '/tmp/tmp634sqbtu']
[2026-02-26T12:06:45.743+0000] {standard_task_runner.py:91} INFO - Job 993: Subtask upload_postgre_to_s3_cards
[2026-02-26T12:06:46.133+0000] {task_command.py:426} INFO - Running <TaskInstance: oltp_s3_dwh.upload_postgre_to_s3_cards scheduled__2025-02-01T00:00:00+00:00 [running]> on host 31b45edbecf3
[2026-02-26T12:06:46.734+0000] {taskinstance.py:2648} INFO - Exporting env vars: AIRFLOW_CTX_DAG_OWNER='***' AIRFLOW_CTX_DAG_ID='oltp_s3_dwh' AIRFLOW_CTX_TASK_ID='upload_postgre_to_s3_cards' AIRFLOW_CTX_EXECUTION_DATE='2025-02-01T00:00:00+00:00' AIRFLOW_CTX_TRY_NUMBER='2' AIRFLOW_CTX_DAG_RUN_ID='scheduled__2025-02-01T00:00:00+00:00'
[2026-02-26T12:06:46.775+0000] {taskinstance.py:430} INFO - ::endgroup::
[2026-02-26T12:06:46.970+0000] {base.py:84} INFO - Using connection ID 'postgres_oltp' for task execution.
[2026-02-26T12:06:47.069+0000] {logging_mixin.py:188} WARNING - /home/***/.local/lib/python3.12/site-packages/***/providers/common/sql/hooks/sql.py:269 UserWarning: pandas only supports SQLAlchemy connectable (engine/connection) or database string URI or sqlite3 DBAPI2 connection. Other DBAPI2 objects are not tested. Please consider using SQLAlchemy.
[2026-02-26T12:06:47.452+0000] {base.py:84} INFO - Using connection ID 'minio_conn_id' for task execution.
[2026-02-26T12:06:47.464+0000] {connection_wrapper.py:384} INFO - AWS Connection (conn_id='minio_conn_id', conn_type='aws') credentials retrieved from login and ***.
[2026-02-26T12:06:48.924+0000] {python.py:237} INFO - Done. Returned value was: None
[2026-02-26T12:06:48.925+0000] {taskinstance.py:441} INFO - ::group::Post task execution logs
[2026-02-26T12:06:48.980+0000] {taskinstance.py:1206} INFO - Marking task as SUCCESS. dag_id=oltp_s3_dwh, task_id=upload_postgre_to_s3_cards, run_id=scheduled__2025-02-01T00:00:00+00:00, execution_date=20250201T000000, start_date=20260226T120645, end_date=20260226T120648
[2026-02-26T12:06:49.113+0000] {local_task_job_runner.py:243} INFO - Task exited with return code 0
[2026-02-26T12:06:49.173+0000] {local_task_job_runner.py:222} INFO - ::endgroup::
[2026-02-28T10:00:56.448+0000] {local_task_job_runner.py:120} INFO - ::group::Pre task execution logs
[2026-02-28T10:00:56.487+0000] {taskinstance.py:2076} INFO - Dependencies all met for dep_context=non-requeueable deps ti=<TaskInstance: oltp_s3_dwh.upload_postgre_to_s3_cards scheduled__2025-02-01T00:00:00+00:00 [queued]>
[2026-02-28T10:00:56.516+0000] {taskinstance.py:2076} INFO - Dependencies all met for dep_context=requeueable deps ti=<TaskInstance: oltp_s3_dwh.upload_postgre_to_s3_cards scheduled__2025-02-01T00:00:00+00:00 [queued]>
[2026-02-28T10:00:56.517+0000] {taskinstance.py:2306} INFO - Starting attempt 2 of 2
[2026-02-28T10:00:56.548+0000] {taskinstance.py:2330} INFO - Executing <Task(PythonOperator): upload_postgre_to_s3_cards> on 2025-02-01 00:00:00+00:00
[2026-02-28T10:00:56.577+0000] {standard_task_runner.py:90} INFO - Running: ['***', 'tasks', 'run', 'oltp_s3_dwh', 'upload_postgre_to_s3_cards', 'scheduled__2025-02-01T00:00:00+00:00', '--job-id', '1952', '--raw', '--subdir', 'DAGS_FOLDER/oltp_s3_dwh.py', '--cfg-path', '/tmp/tmpvc3cbolq']
[2026-02-28T10:00:56.594+0000] {standard_task_runner.py:91} INFO - Job 1952: Subtask upload_postgre_to_s3_cards
[2026-02-28T10:00:56.582+0000] {logging_mixin.py:188} WARNING - /home/***/.local/lib/python3.12/site-packages/***/task/task_runner/standard_task_runner.py:62 DeprecationWarning: This process (pid=1813) is multi-threaded, use of fork() may lead to deadlocks in the child.
[2026-02-28T10:00:56.606+0000] {standard_task_runner.py:64} INFO - Started process 1827 to run task
[2026-02-28T10:00:56.734+0000] {task_command.py:426} INFO - Running <TaskInstance: oltp_s3_dwh.upload_postgre_to_s3_cards scheduled__2025-02-01T00:00:00+00:00 [running]> on host 31b45edbecf3
[2026-02-28T10:00:56.982+0000] {taskinstance.py:2648} INFO - Exporting env vars: AIRFLOW_CTX_DAG_OWNER='***' AIRFLOW_CTX_DAG_ID='oltp_s3_dwh' AIRFLOW_CTX_TASK_ID='upload_postgre_to_s3_cards' AIRFLOW_CTX_EXECUTION_DATE='2025-02-01T00:00:00+00:00' AIRFLOW_CTX_TRY_NUMBER='2' AIRFLOW_CTX_DAG_RUN_ID='scheduled__2025-02-01T00:00:00+00:00'
[2026-02-28T10:00:56.984+0000] {taskinstance.py:430} INFO - ::endgroup::
[2026-02-28T10:00:57.053+0000] {base.py:84} INFO - Using connection ID 'postgres_oltp' for task execution.
[2026-02-28T10:00:57.083+0000] {logging_mixin.py:188} WARNING - /home/***/.local/lib/python3.12/site-packages/***/providers/common/sql/hooks/sql.py:269 UserWarning: pandas only supports SQLAlchemy connectable (engine/connection) or database string URI or sqlite3 DBAPI2 connection. Other DBAPI2 objects are not tested. Please consider using SQLAlchemy.
[2026-02-28T10:00:57.150+0000] {logging_mixin.py:188} INFO - В таблице cards нет данных
[2026-02-28T10:00:57.151+0000] {python.py:237} INFO - Done. Returned value was: None
[2026-02-28T10:00:57.153+0000] {taskinstance.py:441} INFO - ::group::Post task execution logs
[2026-02-28T10:00:57.181+0000] {taskinstance.py:1206} INFO - Marking task as SUCCESS. dag_id=oltp_s3_dwh, task_id=upload_postgre_to_s3_cards, run_id=scheduled__2025-02-01T00:00:00+00:00, execution_date=20250201T000000, start_date=20260228T100056, end_date=20260228T100057
[2026-02-28T10:00:57.242+0000] {local_task_job_runner.py:243} INFO - Task exited with return code 0
[2026-02-28T10:00:57.274+0000] {local_task_job_runner.py:222} INFO - ::endgroup::
