[2026-02-26T17:47:17.653+0000] {local_task_job_runner.py:120} INFO - ::group::Pre task execution logs
[2026-02-26T17:47:17.671+0000] {taskinstance.py:2076} INFO - Dependencies all met for dep_context=non-requeueable deps ti=<TaskInstance: oltp_s3_dwh.upload_s3_to_dwh_cards manual__2026-02-26T12:02:57.810764+00:00 [queued]>
[2026-02-26T17:47:17.683+0000] {taskinstance.py:2076} INFO - Dependencies all met for dep_context=requeueable deps ti=<TaskInstance: oltp_s3_dwh.upload_s3_to_dwh_cards manual__2026-02-26T12:02:57.810764+00:00 [queued]>
[2026-02-26T17:47:17.684+0000] {taskinstance.py:2306} INFO - Starting attempt 6 of 6
[2026-02-26T17:47:17.700+0000] {taskinstance.py:2330} INFO - Executing <Task(PythonOperator): upload_s3_to_dwh_cards> on 2026-02-26 12:02:57.810764+00:00
[2026-02-26T17:47:17.710+0000] {logging_mixin.py:188} WARNING - /home/***/.local/lib/python3.12/site-packages/***/task/task_runner/standard_task_runner.py:62 DeprecationWarning: This process (pid=6133) is multi-threaded, use of fork() may lead to deadlocks in the child.
[2026-02-26T17:47:17.712+0000] {standard_task_runner.py:64} INFO - Started process 6135 to run task
[2026-02-26T17:47:17.711+0000] {standard_task_runner.py:90} INFO - Running: ['***', 'tasks', 'run', 'oltp_s3_dwh', 'upload_s3_to_dwh_cards', 'manual__2026-02-26T12:02:57.810764+00:00', '--job-id', '1156', '--raw', '--subdir', 'DAGS_FOLDER/oltp_s3_dwh.py', '--cfg-path', '/tmp/tmpbxanf0iu']
[2026-02-26T17:47:17.713+0000] {standard_task_runner.py:91} INFO - Job 1156: Subtask upload_s3_to_dwh_cards
[2026-02-26T17:47:17.770+0000] {task_command.py:426} INFO - Running <TaskInstance: oltp_s3_dwh.upload_s3_to_dwh_cards manual__2026-02-26T12:02:57.810764+00:00 [running]> on host 31b45edbecf3
[2026-02-26T17:47:17.884+0000] {taskinstance.py:2648} INFO - Exporting env vars: AIRFLOW_CTX_DAG_OWNER='***' AIRFLOW_CTX_DAG_ID='oltp_s3_dwh' AIRFLOW_CTX_TASK_ID='upload_s3_to_dwh_cards' AIRFLOW_CTX_EXECUTION_DATE='2026-02-26T12:02:57.810764+00:00' AIRFLOW_CTX_TRY_NUMBER='6' AIRFLOW_CTX_DAG_RUN_ID='manual__2026-02-26T12:02:57.810764+00:00'
[2026-02-26T17:47:17.886+0000] {taskinstance.py:430} INFO - ::endgroup::
[2026-02-26T17:47:17.912+0000] {base.py:84} INFO - Using connection ID 'postgres_dwh' for task execution.
[2026-02-26T17:47:17.918+0000] {sql.py:495} INFO - Running statement: SELECT table_schema, table_name FROM information_schema.tables WHERE table_schema = 'staging';, parameters: None
[2026-02-26T17:47:17.921+0000] {sql.py:504} INFO - Rows affected: 9
[2026-02-26T17:47:17.922+0000] {logging_mixin.py:188} INFO - DEBUG: Доступные таблицы в схеме staging: [('staging', 'exchange_rates'), ('staging', 'cards'), ('staging', 'dict_mcc'), ('staging', 'dict_merchants'), ('staging', 'dict_regions'), ('staging', 'dict_tariffs'), ('staging', 'accounts'), ('staging', 'users'), ('staging', 'transactions')]
[2026-02-26T17:47:17.932+0000] {base.py:84} INFO - Using connection ID 'minio_conn_id' for task execution.
[2026-02-26T17:47:17.933+0000] {connection_wrapper.py:384} INFO - AWS Connection (conn_id='minio_conn_id', conn_type='aws') credentials retrieved from login and ***.
[2026-02-26T17:47:18.110+0000] {base.py:84} INFO - Using connection ID 'postgres_dwh' for task execution.
[2026-02-26T17:47:18.129+0000] {logging_mixin.py:188} INFO - Successfully loaded cards using copy_expert
[2026-02-26T17:47:18.131+0000] {python.py:237} INFO - Done. Returned value was: None
[2026-02-26T17:47:18.132+0000] {taskinstance.py:441} INFO - ::group::Post task execution logs
[2026-02-26T17:47:18.144+0000] {taskinstance.py:1206} INFO - Marking task as SUCCESS. dag_id=oltp_s3_dwh, task_id=upload_s3_to_dwh_cards, run_id=manual__2026-02-26T12:02:57.810764+00:00, execution_date=20260226T120257, start_date=20260226T174717, end_date=20260226T174718
[2026-02-26T17:47:18.170+0000] {local_task_job_runner.py:243} INFO - Task exited with return code 0
[2026-02-26T17:47:18.191+0000] {taskinstance.py:3503} INFO - 0 downstream tasks scheduled from follow-on schedule check
[2026-02-26T17:47:18.195+0000] {local_task_job_runner.py:222} INFO - ::endgroup::
