[2026-02-26T17:36:08.320+0000] {local_task_job_runner.py:120} INFO - ::group::Pre task execution logs
[2026-02-26T17:36:08.410+0000] {taskinstance.py:2076} INFO - Dependencies all met for dep_context=non-requeueable deps ti=<TaskInstance: oltp_s3_dwh.upload_s3_to_dwh_cards manual__2026-02-26T12:02:57.810764+00:00 [queued]>
[2026-02-26T17:36:08.435+0000] {taskinstance.py:2076} INFO - Dependencies all met for dep_context=requeueable deps ti=<TaskInstance: oltp_s3_dwh.upload_s3_to_dwh_cards manual__2026-02-26T12:02:57.810764+00:00 [queued]>
[2026-02-26T17:36:08.443+0000] {taskinstance.py:2306} INFO - Starting attempt 3 of 3
[2026-02-26T17:36:08.485+0000] {taskinstance.py:2330} INFO - Executing <Task(PythonOperator): upload_s3_to_dwh_cards> on 2026-02-26 12:02:57.810764+00:00
[2026-02-26T17:36:08.515+0000] {standard_task_runner.py:90} INFO - Running: ['***', 'tasks', 'run', 'oltp_s3_dwh', 'upload_s3_to_dwh_cards', 'manual__2026-02-26T12:02:57.810764+00:00', '--job-id', '1139', '--raw', '--subdir', 'DAGS_FOLDER/oltp_s3_dwh.py', '--cfg-path', '/tmp/tmp8y_fa3g6']
[2026-02-26T17:36:08.518+0000] {logging_mixin.py:188} WARNING - /home/***/.local/lib/python3.12/site-packages/***/task/task_runner/standard_task_runner.py:62 DeprecationWarning: This process (pid=5299) is multi-threaded, use of fork() may lead to deadlocks in the child.
[2026-02-26T17:36:08.529+0000] {standard_task_runner.py:64} INFO - Started process 5334 to run task
[2026-02-26T17:36:08.519+0000] {standard_task_runner.py:91} INFO - Job 1139: Subtask upload_s3_to_dwh_cards
[2026-02-26T17:36:08.693+0000] {task_command.py:426} INFO - Running <TaskInstance: oltp_s3_dwh.upload_s3_to_dwh_cards manual__2026-02-26T12:02:57.810764+00:00 [running]> on host 31b45edbecf3
[2026-02-26T17:36:08.943+0000] {taskinstance.py:2648} INFO - Exporting env vars: AIRFLOW_CTX_DAG_OWNER='***' AIRFLOW_CTX_DAG_ID='oltp_s3_dwh' AIRFLOW_CTX_TASK_ID='upload_s3_to_dwh_cards' AIRFLOW_CTX_EXECUTION_DATE='2026-02-26T12:02:57.810764+00:00' AIRFLOW_CTX_TRY_NUMBER='3' AIRFLOW_CTX_DAG_RUN_ID='manual__2026-02-26T12:02:57.810764+00:00'
[2026-02-26T17:36:08.946+0000] {taskinstance.py:430} INFO - ::endgroup::
[2026-02-26T17:36:09.001+0000] {base.py:84} INFO - Using connection ID 'postgres_dwh' for task execution.
[2026-02-26T17:36:09.012+0000] {sql.py:495} INFO - Running statement: SELECT table_schema, table_name FROM information_schema.tables WHERE table_schema = 'staging';, parameters: None
[2026-02-26T17:36:09.031+0000] {sql.py:504} INFO - Rows affected: 9
[2026-02-26T17:36:09.033+0000] {logging_mixin.py:188} INFO - DEBUG: Доступные таблицы в схеме staging: [('staging', 'exchange_rates'), ('staging', 'dict_mcc'), ('staging', 'transactions'), ('staging', 'dict_tariffs'), ('staging', 'dict_regions'), ('staging', 'cards'), ('staging', 'accounts'), ('staging', 'users'), ('staging', 'dict_merchants')]
[2026-02-26T17:36:09.065+0000] {base.py:84} INFO - Using connection ID 'minio_conn_id' for task execution.
[2026-02-26T17:36:09.066+0000] {connection_wrapper.py:384} INFO - AWS Connection (conn_id='minio_conn_id', conn_type='aws') credentials retrieved from login and ***.
[2026-02-26T17:36:09.417+0000] {base.py:84} INFO - Using connection ID 'postgres_dwh' for task execution.
[2026-02-26T17:36:09.426+0000] {sql.py:495} INFO - Running statement: Truncate table staging.cards, parameters: None
[2026-02-26T17:36:09.448+0000] {base.py:84} INFO - Using connection ID 'postgres_dwh' for task execution.
[2026-02-26T17:36:09.459+0000] {taskinstance.py:441} INFO - ::group::Post task execution logs
[2026-02-26T17:36:09.461+0000] {taskinstance.py:2905} ERROR - Task failed with exception
Traceback (most recent call last):
  File "/home/airflow/.local/lib/python3.12/site-packages/airflow/models/taskinstance.py", line 465, in _execute_task
    result = _execute_callable(context=context, **execute_callable_kwargs)
             ^^^^^^^^^^^^^^^^^^^^^^^^^^^^^^^^^^^^^^^^^^^^^^^^^^^^^^^^^^^^^
  File "/home/airflow/.local/lib/python3.12/site-packages/airflow/models/taskinstance.py", line 432, in _execute_callable
    return execute_callable(context=context, **execute_callable_kwargs)
           ^^^^^^^^^^^^^^^^^^^^^^^^^^^^^^^^^^^^^^^^^^^^^^^^^^^^^^^^^^^^
  File "/home/airflow/.local/lib/python3.12/site-packages/airflow/models/baseoperator.py", line 401, in wrapper
    return func(self, *args, **kwargs)
           ^^^^^^^^^^^^^^^^^^^^^^^^^^^
  File "/home/airflow/.local/lib/python3.12/site-packages/airflow/operators/python.py", line 235, in execute
    return_value = self.execute_callable()
                   ^^^^^^^^^^^^^^^^^^^^^^^
  File "/home/airflow/.local/lib/python3.12/site-packages/airflow/operators/python.py", line 252, in execute_callable
    return self.python_callable(*self.op_args, **self.op_kwargs)
           ^^^^^^^^^^^^^^^^^^^^^^^^^^^^^^^^^^^^^^^^^^^^^^^^^^^^^
  File "/opt/airflow/dags/oltp_s3_dwh.py", line 85, in upload_s3_to_dwh
    cursor.copy_from(output, f"staging.{table_name}", sep='\t', null="")
psycopg2.errors.UndefinedTable: relation "staging.cards" does not exist

[2026-02-26T17:36:09.481+0000] {taskinstance.py:1206} INFO - Marking task as FAILED. dag_id=oltp_s3_dwh, task_id=upload_s3_to_dwh_cards, run_id=manual__2026-02-26T12:02:57.810764+00:00, execution_date=20260226T120257, start_date=20260226T173608, end_date=20260226T173609
[2026-02-26T17:36:09.509+0000] {standard_task_runner.py:110} ERROR - Failed to execute job 1139 for task upload_s3_to_dwh_cards (relation "staging.cards" does not exist
; 5334)
[2026-02-26T17:36:09.532+0000] {local_task_job_runner.py:243} INFO - Task exited with return code 1
[2026-02-26T17:36:09.563+0000] {taskinstance.py:3503} INFO - 0 downstream tasks scheduled from follow-on schedule check
[2026-02-26T17:36:09.570+0000] {local_task_job_runner.py:222} INFO - ::endgroup::
