[2026-02-28T11:50:40.598+0000] {local_task_job_runner.py:120} INFO - ::group::Pre task execution logs
[2026-02-28T11:50:40.731+0000] {taskinstance.py:2076} INFO - Dependencies all met for dep_context=non-requeueable deps ti=<TaskInstance: staging_to_core.transform_dict_regions_to_core scheduled__2025-02-01T00:00:00+00:00 [queued]>
[2026-02-28T11:50:40.813+0000] {taskinstance.py:2076} INFO - Dependencies all met for dep_context=requeueable deps ti=<TaskInstance: staging_to_core.transform_dict_regions_to_core scheduled__2025-02-01T00:00:00+00:00 [queued]>
[2026-02-28T11:50:40.828+0000] {taskinstance.py:2306} INFO - Starting attempt 2 of 2
[2026-02-28T11:50:40.924+0000] {taskinstance.py:2330} INFO - Executing <Task(PostgresOperator): transform_dict_regions_to_core> on 2025-02-01 00:00:00+00:00
[2026-02-28T11:50:40.968+0000] {standard_task_runner.py:90} INFO - Running: ['***', 'tasks', 'run', 'staging_to_core', 'transform_dict_regions_to_core', 'scheduled__2025-02-01T00:00:00+00:00', '--job-id', '2105', '--raw', '--subdir', 'DAGS_FOLDER/staging_to_core.py', '--cfg-path', '/tmp/tmpc8vnxi4u']
[2026-02-28T11:50:40.983+0000] {standard_task_runner.py:91} INFO - Job 2105: Subtask transform_dict_regions_to_core
[2026-02-28T11:50:40.987+0000] {logging_mixin.py:188} WARNING - /home/***/.local/lib/python3.12/site-packages/***/task/task_runner/standard_task_runner.py:62 DeprecationWarning: This process (pid=9820) is multi-threaded, use of fork() may lead to deadlocks in the child.
[2026-02-28T11:50:40.990+0000] {standard_task_runner.py:64} INFO - Started process 9821 to run task
[2026-02-28T11:50:41.067+0000] {task_command.py:426} INFO - Running <TaskInstance: staging_to_core.transform_dict_regions_to_core scheduled__2025-02-01T00:00:00+00:00 [running]> on host 31b45edbecf3
[2026-02-28T11:50:41.179+0000] {taskinstance.py:2648} INFO - Exporting env vars: AIRFLOW_CTX_DAG_OWNER='***' AIRFLOW_CTX_DAG_ID='staging_to_core' AIRFLOW_CTX_TASK_ID='transform_dict_regions_to_core' AIRFLOW_CTX_EXECUTION_DATE='2025-02-01T00:00:00+00:00' AIRFLOW_CTX_TRY_NUMBER='2' AIRFLOW_CTX_DAG_RUN_ID='scheduled__2025-02-01T00:00:00+00:00'
[2026-02-28T11:50:41.180+0000] {taskinstance.py:430} INFO - ::endgroup::
[2026-02-28T11:50:41.200+0000] {sql.py:282} INFO - Executing: 
                    INSERT INTO core.dict_regions
                    SELECT * FROM staging.dict_regions
                    ON CONFLICT (region_id) 
                    DO UPDATE SET
                        region_name = EXCLUDED.region_name, city = EXCLUDED.city, timezone = EXCLUDED.timezone;
                
[2026-02-28T11:50:41.218+0000] {base.py:84} INFO - Using connection ID 'postgres_dwh' for task execution.
[2026-02-28T11:50:41.233+0000] {base.py:84} INFO - Using connection ID 'postgres_dwh' for task execution.
[2026-02-28T11:50:41.248+0000] {sql.py:495} INFO - Running statement: 
                    INSERT INTO core.dict_regions
                    SELECT * FROM staging.dict_regions
                    ON CONFLICT (region_id) 
                    DO UPDATE SET
                        region_name = EXCLUDED.region_name, city = EXCLUDED.city, timezone = EXCLUDED.timezone;
                , parameters: None
[2026-02-28T11:50:41.251+0000] {sql.py:504} INFO - Rows affected: 3
[2026-02-28T11:50:41.262+0000] {taskinstance.py:441} INFO - ::group::Post task execution logs
[2026-02-28T11:50:41.277+0000] {taskinstance.py:1206} INFO - Marking task as SUCCESS. dag_id=staging_to_core, task_id=transform_dict_regions_to_core, run_id=scheduled__2025-02-01T00:00:00+00:00, execution_date=20250201T000000, start_date=20260228T115040, end_date=20260228T115041
[2026-02-28T11:50:41.330+0000] {local_task_job_runner.py:243} INFO - Task exited with return code 0
[2026-02-28T11:50:41.344+0000] {logging_mixin.py:188} WARNING - /home/***/.local/lib/python3.12/site-packages/***/models/baseoperator.py:1297 AirflowProviderDeprecationWarning: Call to deprecated class PostgresOperator. (Please use `***.providers.common.sql.operators.sql.SQLExecuteQueryOperator`.Also, you can provide `hook_params={'schema': <database>}`.)
[2026-02-28T11:50:41.395+0000] {taskinstance.py:3503} INFO - 1 downstream tasks scheduled from follow-on schedule check
[2026-02-28T11:50:41.399+0000] {local_task_job_runner.py:222} INFO - ::endgroup::
