[2026-02-26T12:07:15.770+0000] {local_task_job_runner.py:120} INFO - ::group::Pre task execution logs
[2026-02-26T12:07:15.827+0000] {taskinstance.py:2076} INFO - Dependencies all met for dep_context=non-requeueable deps ti=<TaskInstance: oltp_s3_dwh.upload_postgre_to_s3_dict_regions scheduled__2025-09-01T00:00:00+00:00 [queued]>
[2026-02-26T12:07:15.845+0000] {taskinstance.py:2076} INFO - Dependencies all met for dep_context=requeueable deps ti=<TaskInstance: oltp_s3_dwh.upload_postgre_to_s3_dict_regions scheduled__2025-09-01T00:00:00+00:00 [queued]>
[2026-02-26T12:07:15.846+0000] {taskinstance.py:2306} INFO - Starting attempt 1 of 1
[2026-02-26T12:07:15.876+0000] {taskinstance.py:2330} INFO - Executing <Task(PythonOperator): upload_postgre_to_s3_dict_regions> on 2025-09-01 00:00:00+00:00
[2026-02-26T12:07:15.895+0000] {logging_mixin.py:188} WARNING - /home/***/.local/lib/python3.12/site-packages/***/task/task_runner/standard_task_runner.py:62 DeprecationWarning: This process (pid=4707) is multi-threaded, use of fork() may lead to deadlocks in the child.
[2026-02-26T12:07:15.902+0000] {standard_task_runner.py:64} INFO - Started process 4728 to run task
[2026-02-26T12:07:15.899+0000] {standard_task_runner.py:90} INFO - Running: ['***', 'tasks', 'run', 'oltp_s3_dwh', 'upload_postgre_to_s3_dict_regions', 'scheduled__2025-09-01T00:00:00+00:00', '--job-id', '1057', '--raw', '--subdir', 'DAGS_FOLDER/oltp_s3_dwh_dict.py', '--cfg-path', '/tmp/tmpxshlqlca']
[2026-02-26T12:07:15.905+0000] {standard_task_runner.py:91} INFO - Job 1057: Subtask upload_postgre_to_s3_dict_regions
[2026-02-26T12:07:16.026+0000] {task_command.py:426} INFO - Running <TaskInstance: oltp_s3_dwh.upload_postgre_to_s3_dict_regions scheduled__2025-09-01T00:00:00+00:00 [running]> on host 31b45edbecf3
[2026-02-26T12:07:16.260+0000] {taskinstance.py:2648} INFO - Exporting env vars: AIRFLOW_CTX_DAG_OWNER='***' AIRFLOW_CTX_DAG_ID='oltp_s3_dwh' AIRFLOW_CTX_TASK_ID='upload_postgre_to_s3_dict_regions' AIRFLOW_CTX_EXECUTION_DATE='2025-09-01T00:00:00+00:00' AIRFLOW_CTX_TRY_NUMBER='1' AIRFLOW_CTX_DAG_RUN_ID='scheduled__2025-09-01T00:00:00+00:00'
[2026-02-26T12:07:16.266+0000] {taskinstance.py:430} INFO - ::endgroup::
[2026-02-26T12:07:16.373+0000] {base.py:84} INFO - Using connection ID 'postgres_oltp' for task execution.
[2026-02-26T12:07:16.412+0000] {logging_mixin.py:188} WARNING - /home/***/.local/lib/python3.12/site-packages/***/providers/common/sql/hooks/sql.py:269 UserWarning: pandas only supports SQLAlchemy connectable (engine/connection) or database string URI or sqlite3 DBAPI2 connection. Other DBAPI2 objects are not tested. Please consider using SQLAlchemy.
[2026-02-26T12:07:16.483+0000] {base.py:84} INFO - Using connection ID 'minio_conn_id' for task execution.
[2026-02-26T12:07:16.486+0000] {connection_wrapper.py:384} INFO - AWS Connection (conn_id='minio_conn_id', conn_type='aws') credentials retrieved from login and ***.
[2026-02-26T12:07:16.954+0000] {python.py:237} INFO - Done. Returned value was: None
[2026-02-26T12:07:16.955+0000] {taskinstance.py:441} INFO - ::group::Post task execution logs
[2026-02-26T12:07:16.967+0000] {taskinstance.py:1206} INFO - Marking task as SUCCESS. dag_id=oltp_s3_dwh, task_id=upload_postgre_to_s3_dict_regions, run_id=scheduled__2025-09-01T00:00:00+00:00, execution_date=20250901T000000, start_date=20260226T120715, end_date=20260226T120716
[2026-02-26T12:07:17.012+0000] {local_task_job_runner.py:243} INFO - Task exited with return code 0
[2026-02-26T12:07:17.049+0000] {taskinstance.py:3503} INFO - 0 downstream tasks scheduled from follow-on schedule check
[2026-02-26T12:07:17.056+0000] {local_task_job_runner.py:222} INFO - ::endgroup::
[2026-02-27T19:01:17.195+0000] {local_task_job_runner.py:120} INFO - ::group::Pre task execution logs
[2026-02-27T19:01:17.239+0000] {taskinstance.py:2076} INFO - Dependencies all met for dep_context=non-requeueable deps ti=<TaskInstance: oltp_s3_dwh.upload_postgre_to_s3_dict_regions scheduled__2025-09-01T00:00:00+00:00 [queued]>
[2026-02-27T19:01:17.275+0000] {taskinstance.py:2076} INFO - Dependencies all met for dep_context=requeueable deps ti=<TaskInstance: oltp_s3_dwh.upload_postgre_to_s3_dict_regions scheduled__2025-09-01T00:00:00+00:00 [queued]>
[2026-02-27T19:01:17.277+0000] {taskinstance.py:2306} INFO - Starting attempt 1 of 1
[2026-02-27T19:01:17.318+0000] {taskinstance.py:2330} INFO - Executing <Task(PythonOperator): upload_postgre_to_s3_dict_regions> on 2025-09-01 00:00:00+00:00
[2026-02-27T19:01:17.328+0000] {logging_mixin.py:188} WARNING - /home/***/.local/lib/python3.12/site-packages/***/task/task_runner/standard_task_runner.py:62 DeprecationWarning: This process (pid=32717) is multi-threaded, use of fork() may lead to deadlocks in the child.
[2026-02-27T19:01:17.343+0000] {standard_task_runner.py:64} INFO - Started process 32732 to run task
[2026-02-27T19:01:17.348+0000] {standard_task_runner.py:90} INFO - Running: ['***', 'tasks', 'run', 'oltp_s3_dwh', 'upload_postgre_to_s3_dict_regions', 'scheduled__2025-09-01T00:00:00+00:00', '--job-id', '1672', '--raw', '--subdir', 'DAGS_FOLDER/oltp_s3_dwh.py', '--cfg-path', '/tmp/tmpen_5ji0w']
[2026-02-27T19:01:17.356+0000] {standard_task_runner.py:91} INFO - Job 1672: Subtask upload_postgre_to_s3_dict_regions
[2026-02-27T19:01:17.498+0000] {task_command.py:426} INFO - Running <TaskInstance: oltp_s3_dwh.upload_postgre_to_s3_dict_regions scheduled__2025-09-01T00:00:00+00:00 [running]> on host 31b45edbecf3
[2026-02-27T19:01:17.890+0000] {taskinstance.py:2648} INFO - Exporting env vars: AIRFLOW_CTX_DAG_OWNER='***' AIRFLOW_CTX_DAG_ID='oltp_s3_dwh' AIRFLOW_CTX_TASK_ID='upload_postgre_to_s3_dict_regions' AIRFLOW_CTX_EXECUTION_DATE='2025-09-01T00:00:00+00:00' AIRFLOW_CTX_TRY_NUMBER='1' AIRFLOW_CTX_DAG_RUN_ID='scheduled__2025-09-01T00:00:00+00:00'
[2026-02-27T19:01:17.897+0000] {taskinstance.py:430} INFO - ::endgroup::
[2026-02-27T19:01:18.043+0000] {base.py:84} INFO - Using connection ID 'postgres_oltp' for task execution.
[2026-02-27T19:01:18.076+0000] {logging_mixin.py:188} WARNING - /home/***/.local/lib/python3.12/site-packages/***/providers/common/sql/hooks/sql.py:269 UserWarning: pandas only supports SQLAlchemy connectable (engine/connection) or database string URI or sqlite3 DBAPI2 connection. Other DBAPI2 objects are not tested. Please consider using SQLAlchemy.
[2026-02-27T19:01:18.178+0000] {base.py:84} INFO - Using connection ID 'minio_conn_id' for task execution.
[2026-02-27T19:01:18.181+0000] {connection_wrapper.py:384} INFO - AWS Connection (conn_id='minio_conn_id', conn_type='aws') credentials retrieved from login and ***.
[2026-02-27T19:01:19.289+0000] {python.py:237} INFO - Done. Returned value was: None
[2026-02-27T19:01:19.290+0000] {taskinstance.py:441} INFO - ::group::Post task execution logs
[2026-02-27T19:01:19.301+0000] {taskinstance.py:1206} INFO - Marking task as SUCCESS. dag_id=oltp_s3_dwh, task_id=upload_postgre_to_s3_dict_regions, run_id=scheduled__2025-09-01T00:00:00+00:00, execution_date=20250901T000000, start_date=20260227T190117, end_date=20260227T190119
[2026-02-27T19:01:19.401+0000] {local_task_job_runner.py:243} INFO - Task exited with return code 0
[2026-02-27T19:01:19.420+0000] {local_task_job_runner.py:222} INFO - ::endgroup::
