[2026-02-26T17:56:13.428+0000] {local_task_job_runner.py:120} INFO - ::group::Pre task execution logs
[2026-02-26T17:56:13.458+0000] {taskinstance.py:2076} INFO - Dependencies all met for dep_context=non-requeueable deps ti=<TaskInstance: oltp_s3_dwh.upload_s3_to_dwh_dict_merchants scheduled__2025-10-01T00:00:00+00:00 [queued]>
[2026-02-26T17:56:13.498+0000] {taskinstance.py:2076} INFO - Dependencies all met for dep_context=requeueable deps ti=<TaskInstance: oltp_s3_dwh.upload_s3_to_dwh_dict_merchants scheduled__2025-10-01T00:00:00+00:00 [queued]>
[2026-02-26T17:56:13.500+0000] {taskinstance.py:2306} INFO - Starting attempt 1 of 1
[2026-02-26T17:56:13.560+0000] {taskinstance.py:2330} INFO - Executing <Task(PythonOperator): upload_s3_to_dwh_dict_merchants> on 2025-10-01 00:00:00+00:00
[2026-02-26T17:56:13.660+0000] {standard_task_runner.py:90} INFO - Running: ['***', 'tasks', 'run', 'oltp_s3_dwh', 'upload_s3_to_dwh_dict_merchants', 'scheduled__2025-10-01T00:00:00+00:00', '--job-id', '1243', '--raw', '--subdir', 'DAGS_FOLDER/oltp_s3_dwh.py', '--cfg-path', '/tmp/tmp2f_dg9z2']
[2026-02-26T17:56:13.680+0000] {logging_mixin.py:188} WARNING - /home/***/.local/lib/python3.12/site-packages/***/task/task_runner/standard_task_runner.py:62 DeprecationWarning: This process (pid=7146) is multi-threaded, use of fork() may lead to deadlocks in the child.
[2026-02-26T17:56:13.802+0000] {standard_task_runner.py:64} INFO - Started process 7215 to run task
[2026-02-26T17:56:13.802+0000] {standard_task_runner.py:91} INFO - Job 1243: Subtask upload_s3_to_dwh_dict_merchants
[2026-02-26T17:56:14.163+0000] {task_command.py:426} INFO - Running <TaskInstance: oltp_s3_dwh.upload_s3_to_dwh_dict_merchants scheduled__2025-10-01T00:00:00+00:00 [running]> on host 31b45edbecf3
[2026-02-26T17:56:14.584+0000] {taskinstance.py:2648} INFO - Exporting env vars: AIRFLOW_CTX_DAG_OWNER='***' AIRFLOW_CTX_DAG_ID='oltp_s3_dwh' AIRFLOW_CTX_TASK_ID='upload_s3_to_dwh_dict_merchants' AIRFLOW_CTX_EXECUTION_DATE='2025-10-01T00:00:00+00:00' AIRFLOW_CTX_TRY_NUMBER='1' AIRFLOW_CTX_DAG_RUN_ID='scheduled__2025-10-01T00:00:00+00:00'
[2026-02-26T17:56:14.587+0000] {taskinstance.py:430} INFO - ::endgroup::
[2026-02-26T17:56:14.695+0000] {base.py:84} INFO - Using connection ID 'postgres_dwh' for task execution.
[2026-02-26T17:56:14.716+0000] {sql.py:495} INFO - Running statement: SELECT table_schema, table_name FROM information_schema.tables WHERE table_schema = 'staging';, parameters: None
[2026-02-26T17:56:14.734+0000] {sql.py:504} INFO - Rows affected: 9
[2026-02-26T17:56:14.763+0000] {logging_mixin.py:188} INFO - DEBUG: Доступные таблицы в схеме staging: [('staging', 'exchange_rates'), ('staging', 'users'), ('staging', 'accounts'), ('staging', 'transactions'), ('staging', 'dict_mcc'), ('staging', 'dict_merchants'), ('staging', 'dict_tariffs'), ('staging', 'cards'), ('staging', 'dict_regions')]
[2026-02-26T17:56:14.882+0000] {base.py:84} INFO - Using connection ID 'minio_conn_id' for task execution.
[2026-02-26T17:56:14.887+0000] {connection_wrapper.py:384} INFO - AWS Connection (conn_id='minio_conn_id', conn_type='aws') credentials retrieved from login and ***.
[2026-02-26T17:56:17.264+0000] {base.py:84} INFO - Using connection ID 'postgres_dwh' for task execution.
[2026-02-26T17:56:17.315+0000] {logging_mixin.py:188} INFO - Successfully loaded dict_merchants using copy_expert
[2026-02-26T17:56:17.317+0000] {python.py:237} INFO - Done. Returned value was: None
[2026-02-26T17:56:17.323+0000] {taskinstance.py:441} INFO - ::group::Post task execution logs
[2026-02-26T17:56:17.413+0000] {taskinstance.py:1206} INFO - Marking task as SUCCESS. dag_id=oltp_s3_dwh, task_id=upload_s3_to_dwh_dict_merchants, run_id=scheduled__2025-10-01T00:00:00+00:00, execution_date=20251001T000000, start_date=20260226T175613, end_date=20260226T175617
[2026-02-26T17:56:17.493+0000] {local_task_job_runner.py:243} INFO - Task exited with return code 0
[2026-02-26T17:56:17.518+0000] {local_task_job_runner.py:222} INFO - ::endgroup::
[2026-02-27T19:01:33.970+0000] {local_task_job_runner.py:120} INFO - ::group::Pre task execution logs
[2026-02-27T19:01:34.042+0000] {taskinstance.py:2076} INFO - Dependencies all met for dep_context=non-requeueable deps ti=<TaskInstance: oltp_s3_dwh.upload_s3_to_dwh_dict_merchants scheduled__2025-10-01T00:00:00+00:00 [queued]>
[2026-02-27T19:01:34.070+0000] {taskinstance.py:2076} INFO - Dependencies all met for dep_context=requeueable deps ti=<TaskInstance: oltp_s3_dwh.upload_s3_to_dwh_dict_merchants scheduled__2025-10-01T00:00:00+00:00 [queued]>
[2026-02-27T19:01:34.073+0000] {taskinstance.py:2306} INFO - Starting attempt 1 of 1
[2026-02-27T19:01:34.125+0000] {taskinstance.py:2330} INFO - Executing <Task(PythonOperator): upload_s3_to_dwh_dict_merchants> on 2025-10-01 00:00:00+00:00
[2026-02-27T19:01:34.154+0000] {logging_mixin.py:188} WARNING - /home/***/.local/lib/python3.12/site-packages/***/task/task_runner/standard_task_runner.py:62 DeprecationWarning: This process (pid=32871) is multi-threaded, use of fork() may lead to deadlocks in the child.
[2026-02-27T19:01:34.162+0000] {standard_task_runner.py:64} INFO - Started process 32888 to run task
[2026-02-27T19:01:34.162+0000] {standard_task_runner.py:90} INFO - Running: ['***', 'tasks', 'run', 'oltp_s3_dwh', 'upload_s3_to_dwh_dict_merchants', 'scheduled__2025-10-01T00:00:00+00:00', '--job-id', '1708', '--raw', '--subdir', 'DAGS_FOLDER/oltp_s3_dwh.py', '--cfg-path', '/tmp/tmpgbo4uknf']
[2026-02-27T19:01:34.170+0000] {standard_task_runner.py:91} INFO - Job 1708: Subtask upload_s3_to_dwh_dict_merchants
[2026-02-27T19:01:34.382+0000] {task_command.py:426} INFO - Running <TaskInstance: oltp_s3_dwh.upload_s3_to_dwh_dict_merchants scheduled__2025-10-01T00:00:00+00:00 [running]> on host 31b45edbecf3
[2026-02-27T19:01:34.641+0000] {taskinstance.py:2648} INFO - Exporting env vars: AIRFLOW_CTX_DAG_OWNER='***' AIRFLOW_CTX_DAG_ID='oltp_s3_dwh' AIRFLOW_CTX_TASK_ID='upload_s3_to_dwh_dict_merchants' AIRFLOW_CTX_EXECUTION_DATE='2025-10-01T00:00:00+00:00' AIRFLOW_CTX_TRY_NUMBER='1' AIRFLOW_CTX_DAG_RUN_ID='scheduled__2025-10-01T00:00:00+00:00'
[2026-02-27T19:01:34.649+0000] {taskinstance.py:430} INFO - ::endgroup::
[2026-02-27T19:01:34.713+0000] {base.py:84} INFO - Using connection ID 'postgres_dwh' for task execution.
[2026-02-27T19:01:34.732+0000] {sql.py:495} INFO - Running statement: SELECT table_schema, table_name FROM information_schema.tables WHERE table_schema = 'staging';, parameters: None
[2026-02-27T19:01:34.740+0000] {sql.py:504} INFO - Rows affected: 9
[2026-02-27T19:01:34.741+0000] {logging_mixin.py:188} INFO - DEBUG: Доступные таблицы в схеме staging: [('staging', 'exchange_rates'), ('staging', 'cards'), ('staging', 'users'), ('staging', 'accounts'), ('staging', 'dict_regions'), ('staging', 'dict_tariffs'), ('staging', 'transactions'), ('staging', 'dict_merchants'), ('staging', 'dict_mcc')]
[2026-02-27T19:01:34.760+0000] {base.py:84} INFO - Using connection ID 'minio_conn_id' for task execution.
[2026-02-27T19:01:34.762+0000] {connection_wrapper.py:384} INFO - AWS Connection (conn_id='minio_conn_id', conn_type='aws') credentials retrieved from login and ***.
[2026-02-27T19:01:36.191+0000] {base.py:84} INFO - Using connection ID 'postgres_dwh' for task execution.
[2026-02-27T19:01:36.218+0000] {logging_mixin.py:188} INFO - Successfully loaded dict_merchants using copy_expert
[2026-02-27T19:01:36.222+0000] {python.py:237} INFO - Done. Returned value was: None
[2026-02-27T19:01:36.223+0000] {taskinstance.py:441} INFO - ::group::Post task execution logs
[2026-02-27T19:01:36.245+0000] {taskinstance.py:1206} INFO - Marking task as SUCCESS. dag_id=oltp_s3_dwh, task_id=upload_s3_to_dwh_dict_merchants, run_id=scheduled__2025-10-01T00:00:00+00:00, execution_date=20251001T000000, start_date=20260227T190134, end_date=20260227T190136
[2026-02-27T19:01:36.358+0000] {local_task_job_runner.py:243} INFO - Task exited with return code 0
[2026-02-27T19:01:36.385+0000] {taskinstance.py:3503} INFO - 0 downstream tasks scheduled from follow-on schedule check
[2026-02-27T19:01:36.416+0000] {local_task_job_runner.py:222} INFO - ::endgroup::
