[2026-02-26T17:56:06.644+0000] {local_task_job_runner.py:120} INFO - ::group::Pre task execution logs
[2026-02-26T17:56:06.734+0000] {taskinstance.py:2076} INFO - Dependencies all met for dep_context=non-requeueable deps ti=<TaskInstance: oltp_s3_dwh.upload_s3_to_dwh_cards scheduled__2025-09-01T00:00:00+00:00 [queued]>
[2026-02-26T17:56:06.773+0000] {taskinstance.py:2076} INFO - Dependencies all met for dep_context=requeueable deps ti=<TaskInstance: oltp_s3_dwh.upload_s3_to_dwh_cards scheduled__2025-09-01T00:00:00+00:00 [queued]>
[2026-02-26T17:56:06.791+0000] {taskinstance.py:2306} INFO - Starting attempt 1 of 1
[2026-02-26T17:56:06.871+0000] {taskinstance.py:2330} INFO - Executing <Task(PythonOperator): upload_s3_to_dwh_cards> on 2025-09-01 00:00:00+00:00
[2026-02-26T17:56:06.900+0000] {standard_task_runner.py:90} INFO - Running: ['***', 'tasks', 'run', 'oltp_s3_dwh', 'upload_s3_to_dwh_cards', 'scheduled__2025-09-01T00:00:00+00:00', '--job-id', '1237', '--raw', '--subdir', 'DAGS_FOLDER/oltp_s3_dwh.py', '--cfg-path', '/tmp/tmpwlju5ukr']
[2026-02-26T17:56:06.884+0000] {logging_mixin.py:188} WARNING - /home/***/.local/lib/python3.12/site-packages/***/task/task_runner/standard_task_runner.py:62 DeprecationWarning: This process (pid=7087) is multi-threaded, use of fork() may lead to deadlocks in the child.
[2026-02-26T17:56:06.935+0000] {standard_task_runner.py:64} INFO - Started process 7119 to run task
[2026-02-26T17:56:06.934+0000] {standard_task_runner.py:91} INFO - Job 1237: Subtask upload_s3_to_dwh_cards
[2026-02-26T17:56:07.138+0000] {task_command.py:426} INFO - Running <TaskInstance: oltp_s3_dwh.upload_s3_to_dwh_cards scheduled__2025-09-01T00:00:00+00:00 [running]> on host 31b45edbecf3
[2026-02-26T17:56:07.584+0000] {taskinstance.py:2648} INFO - Exporting env vars: AIRFLOW_CTX_DAG_OWNER='***' AIRFLOW_CTX_DAG_ID='oltp_s3_dwh' AIRFLOW_CTX_TASK_ID='upload_s3_to_dwh_cards' AIRFLOW_CTX_EXECUTION_DATE='2025-09-01T00:00:00+00:00' AIRFLOW_CTX_TRY_NUMBER='1' AIRFLOW_CTX_DAG_RUN_ID='scheduled__2025-09-01T00:00:00+00:00'
[2026-02-26T17:56:07.588+0000] {taskinstance.py:430} INFO - ::endgroup::
[2026-02-26T17:56:07.645+0000] {base.py:84} INFO - Using connection ID 'postgres_dwh' for task execution.
[2026-02-26T17:56:07.670+0000] {sql.py:495} INFO - Running statement: SELECT table_schema, table_name FROM information_schema.tables WHERE table_schema = 'staging';, parameters: None
[2026-02-26T17:56:07.679+0000] {sql.py:504} INFO - Rows affected: 9
[2026-02-26T17:56:07.681+0000] {logging_mixin.py:188} INFO - DEBUG: Доступные таблицы в схеме staging: [('staging', 'exchange_rates'), ('staging', 'users'), ('staging', 'accounts'), ('staging', 'dict_merchants'), ('staging', 'cards'), ('staging', 'transactions'), ('staging', 'dict_tariffs'), ('staging', 'dict_mcc'), ('staging', 'dict_regions')]
[2026-02-26T17:56:07.708+0000] {base.py:84} INFO - Using connection ID 'minio_conn_id' for task execution.
[2026-02-26T17:56:07.710+0000] {connection_wrapper.py:384} INFO - AWS Connection (conn_id='minio_conn_id', conn_type='aws') credentials retrieved from login and ***.
[2026-02-26T17:56:10.265+0000] {base.py:84} INFO - Using connection ID 'postgres_dwh' for task execution.
[2026-02-26T17:56:10.325+0000] {logging_mixin.py:188} INFO - Successfully loaded cards using copy_expert
[2026-02-26T17:56:10.328+0000] {python.py:237} INFO - Done. Returned value was: None
[2026-02-26T17:56:10.335+0000] {taskinstance.py:441} INFO - ::group::Post task execution logs
[2026-02-26T17:56:10.354+0000] {taskinstance.py:1206} INFO - Marking task as SUCCESS. dag_id=oltp_s3_dwh, task_id=upload_s3_to_dwh_cards, run_id=scheduled__2025-09-01T00:00:00+00:00, execution_date=20250901T000000, start_date=20260226T175606, end_date=20260226T175610
[2026-02-26T17:56:10.514+0000] {local_task_job_runner.py:243} INFO - Task exited with return code 0
[2026-02-26T17:56:10.600+0000] {taskinstance.py:3503} INFO - 0 downstream tasks scheduled from follow-on schedule check
[2026-02-26T17:56:10.606+0000] {local_task_job_runner.py:222} INFO - ::endgroup::
[2026-02-27T19:01:22.280+0000] {local_task_job_runner.py:120} INFO - ::group::Pre task execution logs
[2026-02-27T19:01:22.311+0000] {taskinstance.py:2076} INFO - Dependencies all met for dep_context=non-requeueable deps ti=<TaskInstance: oltp_s3_dwh.upload_s3_to_dwh_cards scheduled__2025-09-01T00:00:00+00:00 [queued]>
[2026-02-27T19:01:22.346+0000] {taskinstance.py:2076} INFO - Dependencies all met for dep_context=requeueable deps ti=<TaskInstance: oltp_s3_dwh.upload_s3_to_dwh_cards scheduled__2025-09-01T00:00:00+00:00 [queued]>
[2026-02-27T19:01:22.348+0000] {taskinstance.py:2306} INFO - Starting attempt 1 of 1
[2026-02-27T19:01:22.402+0000] {taskinstance.py:2330} INFO - Executing <Task(PythonOperator): upload_s3_to_dwh_cards> on 2025-09-01 00:00:00+00:00
[2026-02-27T19:01:22.419+0000] {logging_mixin.py:188} WARNING - /home/***/.local/lib/python3.12/site-packages/***/task/task_runner/standard_task_runner.py:62 DeprecationWarning: This process (pid=32749) is multi-threaded, use of fork() may lead to deadlocks in the child.
[2026-02-27T19:01:22.421+0000] {standard_task_runner.py:64} INFO - Started process 32770 to run task
[2026-02-27T19:01:22.427+0000] {standard_task_runner.py:90} INFO - Running: ['***', 'tasks', 'run', 'oltp_s3_dwh', 'upload_s3_to_dwh_cards', 'scheduled__2025-09-01T00:00:00+00:00', '--job-id', '1682', '--raw', '--subdir', 'DAGS_FOLDER/oltp_s3_dwh.py', '--cfg-path', '/tmp/tmp5g9yrfd3']
[2026-02-27T19:01:22.430+0000] {standard_task_runner.py:91} INFO - Job 1682: Subtask upload_s3_to_dwh_cards
[2026-02-27T19:01:22.538+0000] {task_command.py:426} INFO - Running <TaskInstance: oltp_s3_dwh.upload_s3_to_dwh_cards scheduled__2025-09-01T00:00:00+00:00 [running]> on host 31b45edbecf3
[2026-02-27T19:01:22.841+0000] {taskinstance.py:2648} INFO - Exporting env vars: AIRFLOW_CTX_DAG_OWNER='***' AIRFLOW_CTX_DAG_ID='oltp_s3_dwh' AIRFLOW_CTX_TASK_ID='upload_s3_to_dwh_cards' AIRFLOW_CTX_EXECUTION_DATE='2025-09-01T00:00:00+00:00' AIRFLOW_CTX_TRY_NUMBER='1' AIRFLOW_CTX_DAG_RUN_ID='scheduled__2025-09-01T00:00:00+00:00'
[2026-02-27T19:01:22.844+0000] {taskinstance.py:430} INFO - ::endgroup::
[2026-02-27T19:01:22.905+0000] {base.py:84} INFO - Using connection ID 'postgres_dwh' for task execution.
[2026-02-27T19:01:22.930+0000] {sql.py:495} INFO - Running statement: SELECT table_schema, table_name FROM information_schema.tables WHERE table_schema = 'staging';, parameters: None
[2026-02-27T19:01:22.962+0000] {sql.py:504} INFO - Rows affected: 9
[2026-02-27T19:01:22.968+0000] {logging_mixin.py:188} INFO - DEBUG: Доступные таблицы в схеме staging: [('staging', 'exchange_rates'), ('staging', 'cards'), ('staging', 'users'), ('staging', 'accounts'), ('staging', 'dict_mcc'), ('staging', 'dict_regions'), ('staging', 'transactions'), ('staging', 'dict_tariffs'), ('staging', 'dict_merchants')]
[2026-02-27T19:01:23.021+0000] {base.py:84} INFO - Using connection ID 'minio_conn_id' for task execution.
[2026-02-27T19:01:23.023+0000] {connection_wrapper.py:384} INFO - AWS Connection (conn_id='minio_conn_id', conn_type='aws') credentials retrieved from login and ***.
[2026-02-27T19:01:24.122+0000] {logging_mixin.py:188} INFO - Файл raw/not_dict/cards/2025-09-01/data.parquet не найден в S3. Пропускаем загрузку.
[2026-02-27T19:01:24.126+0000] {python.py:237} INFO - Done. Returned value was: None
[2026-02-27T19:01:24.127+0000] {taskinstance.py:441} INFO - ::group::Post task execution logs
[2026-02-27T19:01:24.165+0000] {taskinstance.py:1206} INFO - Marking task as SUCCESS. dag_id=oltp_s3_dwh, task_id=upload_s3_to_dwh_cards, run_id=scheduled__2025-09-01T00:00:00+00:00, execution_date=20250901T000000, start_date=20260227T190122, end_date=20260227T190124
[2026-02-27T19:01:24.229+0000] {local_task_job_runner.py:243} INFO - Task exited with return code 0
[2026-02-27T19:01:24.265+0000] {taskinstance.py:3503} INFO - 0 downstream tasks scheduled from follow-on schedule check
[2026-02-27T19:01:24.271+0000] {local_task_job_runner.py:222} INFO - ::endgroup::
