[2026-02-27T10:32:34.446+0000] {local_task_job_runner.py:120} INFO - ::group::Pre task execution logs
[2026-02-27T10:32:34.502+0000] {taskinstance.py:2076} INFO - Dependencies all met for dep_context=non-requeueable deps ti=<TaskInstance: staging_to_core.wait_for_dict_regions scheduled__2025-11-01T00:00:00+00:00 [queued]>
[2026-02-27T10:32:34.517+0000] {taskinstance.py:2076} INFO - Dependencies all met for dep_context=requeueable deps ti=<TaskInstance: staging_to_core.wait_for_dict_regions scheduled__2025-11-01T00:00:00+00:00 [queued]>
[2026-02-27T10:32:34.518+0000] {taskinstance.py:2306} INFO - Starting attempt 1 of 1
[2026-02-27T10:32:34.539+0000] {taskinstance.py:2330} INFO - Executing <Task(ExternalTaskSensor): wait_for_dict_regions> on 2025-11-01 00:00:00+00:00
[2026-02-27T10:32:34.549+0000] {logging_mixin.py:188} WARNING - /home/***/.local/lib/python3.12/site-packages/***/task/task_runner/standard_task_runner.py:62 DeprecationWarning: This process (pid=9544) is multi-threaded, use of fork() may lead to deadlocks in the child.
[2026-02-27T10:32:34.551+0000] {standard_task_runner.py:64} INFO - Started process 9545 to run task
[2026-02-27T10:32:34.549+0000] {standard_task_runner.py:90} INFO - Running: ['***', 'tasks', 'run', 'staging_to_core', 'wait_for_dict_regions', 'scheduled__2025-11-01T00:00:00+00:00', '--job-id', '1453', '--raw', '--subdir', 'DAGS_FOLDER/staging_to_core.py', '--cfg-path', '/tmp/tmp5l5vg8g8']
[2026-02-27T10:32:34.552+0000] {standard_task_runner.py:91} INFO - Job 1453: Subtask wait_for_dict_regions
[2026-02-27T10:32:34.628+0000] {task_command.py:426} INFO - Running <TaskInstance: staging_to_core.wait_for_dict_regions scheduled__2025-11-01T00:00:00+00:00 [running]> on host 31b45edbecf3
[2026-02-27T10:32:34.722+0000] {taskinstance.py:2648} INFO - Exporting env vars: AIRFLOW_CTX_DAG_OWNER='***' AIRFLOW_CTX_DAG_ID='staging_to_core' AIRFLOW_CTX_TASK_ID='wait_for_dict_regions' AIRFLOW_CTX_EXECUTION_DATE='2025-11-01T00:00:00+00:00' AIRFLOW_CTX_TRY_NUMBER='1' AIRFLOW_CTX_DAG_RUN_ID='scheduled__2025-11-01T00:00:00+00:00'
[2026-02-27T10:32:34.723+0000] {taskinstance.py:430} INFO - ::endgroup::
[2026-02-27T10:32:34.740+0000] {baseoperator.py:400} WARNING - ExternalTaskSensor.execute cannot be called outside TaskInstance!
[2026-02-27T10:32:34.750+0000] {external_task.py:258} INFO - Poking for tasks ['upload_s3_to_dwh_dict_regions'] in dag oltp_s3_dwh on 2025-11-01T00:00:00+00:00 ... 
[2026-02-27T10:32:34.752+0000] {logging_mixin.py:188} WARNING - /home/***/.local/lib/python3.12/site-packages/***/utils/session.py:79 DeprecationWarning: This method is deprecated and will be removed in future.
[2026-02-27T10:32:34.763+0000] {base.py:294} INFO - Success criteria met. Exiting.
[2026-02-27T10:32:34.764+0000] {taskinstance.py:441} INFO - ::group::Post task execution logs
[2026-02-27T10:32:34.775+0000] {taskinstance.py:1206} INFO - Marking task as SUCCESS. dag_id=staging_to_core, task_id=wait_for_dict_regions, run_id=scheduled__2025-11-01T00:00:00+00:00, execution_date=20251101T000000, start_date=20260227T103234, end_date=20260227T103234
[2026-02-27T10:32:34.810+0000] {local_task_job_runner.py:243} INFO - Task exited with return code 0
[2026-02-27T10:32:34.823+0000] {logging_mixin.py:188} WARNING - /home/***/.local/lib/python3.12/site-packages/***/models/baseoperator.py:1297 AirflowProviderDeprecationWarning: Call to deprecated class PostgresOperator. (Please use `***.providers.common.sql.operators.sql.SQLExecuteQueryOperator`.Also, you can provide `hook_params={'schema': <database>}`.)
[2026-02-27T10:32:34.859+0000] {taskinstance.py:3503} INFO - 1 downstream tasks scheduled from follow-on schedule check
[2026-02-27T10:32:34.862+0000] {local_task_job_runner.py:222} INFO - ::endgroup::
[2026-02-27T19:04:30.217+0000] {local_task_job_runner.py:120} INFO - ::group::Pre task execution logs
[2026-02-27T19:04:30.261+0000] {taskinstance.py:2076} INFO - Dependencies all met for dep_context=non-requeueable deps ti=<TaskInstance: staging_to_core.wait_for_dict_regions scheduled__2025-11-01T00:00:00+00:00 [queued]>
[2026-02-27T19:04:30.281+0000] {taskinstance.py:2076} INFO - Dependencies all met for dep_context=requeueable deps ti=<TaskInstance: staging_to_core.wait_for_dict_regions scheduled__2025-11-01T00:00:00+00:00 [queued]>
[2026-02-27T19:04:30.282+0000] {taskinstance.py:2306} INFO - Starting attempt 1 of 1
[2026-02-27T19:04:30.310+0000] {taskinstance.py:2330} INFO - Executing <Task(ExternalTaskSensor): wait_for_dict_regions> on 2025-11-01 00:00:00+00:00
[2026-02-27T19:04:30.325+0000] {logging_mixin.py:188} WARNING - /home/***/.local/lib/python3.12/site-packages/***/task/task_runner/standard_task_runner.py:62 DeprecationWarning: This process (pid=33617) is multi-threaded, use of fork() may lead to deadlocks in the child.
[2026-02-27T19:04:30.326+0000] {standard_task_runner.py:64} INFO - Started process 33618 to run task
[2026-02-27T19:04:30.328+0000] {standard_task_runner.py:90} INFO - Running: ['***', 'tasks', 'run', 'staging_to_core', 'wait_for_dict_regions', 'scheduled__2025-11-01T00:00:00+00:00', '--job-id', '1885', '--raw', '--subdir', 'DAGS_FOLDER/staging_to_core.py', '--cfg-path', '/tmp/tmphi039b7d']
[2026-02-27T19:04:30.332+0000] {standard_task_runner.py:91} INFO - Job 1885: Subtask wait_for_dict_regions
[2026-02-27T19:04:30.409+0000] {task_command.py:426} INFO - Running <TaskInstance: staging_to_core.wait_for_dict_regions scheduled__2025-11-01T00:00:00+00:00 [running]> on host 31b45edbecf3
[2026-02-27T19:04:30.538+0000] {taskinstance.py:2648} INFO - Exporting env vars: AIRFLOW_CTX_DAG_OWNER='***' AIRFLOW_CTX_DAG_ID='staging_to_core' AIRFLOW_CTX_TASK_ID='wait_for_dict_regions' AIRFLOW_CTX_EXECUTION_DATE='2025-11-01T00:00:00+00:00' AIRFLOW_CTX_TRY_NUMBER='1' AIRFLOW_CTX_DAG_RUN_ID='scheduled__2025-11-01T00:00:00+00:00'
[2026-02-27T19:04:30.540+0000] {taskinstance.py:430} INFO - ::endgroup::
[2026-02-27T19:04:30.557+0000] {baseoperator.py:400} WARNING - ExternalTaskSensor.execute cannot be called outside TaskInstance!
[2026-02-27T19:04:30.572+0000] {external_task.py:258} INFO - Poking for tasks ['upload_s3_to_dwh_dict_regions'] in dag oltp_s3_dwh on 2025-11-01T00:00:00+00:00 ... 
[2026-02-27T19:04:30.576+0000] {logging_mixin.py:188} WARNING - /home/***/.local/lib/python3.12/site-packages/***/utils/session.py:79 DeprecationWarning: This method is deprecated and will be removed in future.
[2026-02-27T19:04:30.589+0000] {base.py:294} INFO - Success criteria met. Exiting.
[2026-02-27T19:04:30.590+0000] {taskinstance.py:441} INFO - ::group::Post task execution logs
[2026-02-27T19:04:30.602+0000] {taskinstance.py:1206} INFO - Marking task as SUCCESS. dag_id=staging_to_core, task_id=wait_for_dict_regions, run_id=scheduled__2025-11-01T00:00:00+00:00, execution_date=20251101T000000, start_date=20260227T190430, end_date=20260227T190430
[2026-02-27T19:04:30.626+0000] {local_task_job_runner.py:243} INFO - Task exited with return code 0
[2026-02-27T19:04:30.644+0000] {logging_mixin.py:188} WARNING - /home/***/.local/lib/python3.12/site-packages/***/models/baseoperator.py:1297 AirflowProviderDeprecationWarning: Call to deprecated class PostgresOperator. (Please use `***.providers.common.sql.operators.sql.SQLExecuteQueryOperator`.Also, you can provide `hook_params={'schema': <database>}`.)
[2026-02-27T19:04:30.693+0000] {taskinstance.py:3503} INFO - 1 downstream tasks scheduled from follow-on schedule check
[2026-02-27T19:04:30.697+0000] {local_task_job_runner.py:222} INFO - ::endgroup::
