[2026-02-26T12:06:59.586+0000] {local_task_job_runner.py:120} INFO - ::group::Pre task execution logs
[2026-02-26T12:06:59.726+0000] {taskinstance.py:2076} INFO - Dependencies all met for dep_context=non-requeueable deps ti=<TaskInstance: oltp_s3_dwh.upload_postgre_to_s3_accounts scheduled__2025-05-01T00:00:00+00:00 [queued]>
[2026-02-26T12:06:59.831+0000] {taskinstance.py:2076} INFO - Dependencies all met for dep_context=requeueable deps ti=<TaskInstance: oltp_s3_dwh.upload_postgre_to_s3_accounts scheduled__2025-05-01T00:00:00+00:00 [queued]>
[2026-02-26T12:06:59.872+0000] {taskinstance.py:2306} INFO - Starting attempt 1 of 1
[2026-02-26T12:07:00.000+0000] {taskinstance.py:2330} INFO - Executing <Task(PythonOperator): upload_postgre_to_s3_accounts> on 2025-05-01 00:00:00+00:00
[2026-02-26T12:07:00.022+0000] {standard_task_runner.py:90} INFO - Running: ['***', 'tasks', 'run', 'oltp_s3_dwh', 'upload_postgre_to_s3_accounts', 'scheduled__2025-05-01T00:00:00+00:00', '--job-id', '1023', '--raw', '--subdir', 'DAGS_FOLDER/oltp_s3_dwh_dict.py', '--cfg-path', '/tmp/tmp2urk_cu2']
[2026-02-26T12:07:00.027+0000] {logging_mixin.py:188} WARNING - /home/***/.local/lib/python3.12/site-packages/***/task/task_runner/standard_task_runner.py:62 DeprecationWarning: This process (pid=4504) is multi-threaded, use of fork() may lead to deadlocks in the child.
[2026-02-26T12:07:00.059+0000] {standard_task_runner.py:91} INFO - Job 1023: Subtask upload_postgre_to_s3_accounts
[2026-02-26T12:07:00.059+0000] {standard_task_runner.py:64} INFO - Started process 4543 to run task
[2026-02-26T12:07:00.445+0000] {task_command.py:426} INFO - Running <TaskInstance: oltp_s3_dwh.upload_postgre_to_s3_accounts scheduled__2025-05-01T00:00:00+00:00 [running]> on host 31b45edbecf3
[2026-02-26T12:07:00.892+0000] {taskinstance.py:2648} INFO - Exporting env vars: AIRFLOW_CTX_DAG_OWNER='***' AIRFLOW_CTX_DAG_ID='oltp_s3_dwh' AIRFLOW_CTX_TASK_ID='upload_postgre_to_s3_accounts' AIRFLOW_CTX_EXECUTION_DATE='2025-05-01T00:00:00+00:00' AIRFLOW_CTX_TRY_NUMBER='1' AIRFLOW_CTX_DAG_RUN_ID='scheduled__2025-05-01T00:00:00+00:00'
[2026-02-26T12:07:00.898+0000] {taskinstance.py:430} INFO - ::endgroup::
[2026-02-26T12:07:01.055+0000] {base.py:84} INFO - Using connection ID 'postgres_oltp' for task execution.
[2026-02-26T12:07:01.118+0000] {logging_mixin.py:188} WARNING - /home/***/.local/lib/python3.12/site-packages/***/providers/common/sql/hooks/sql.py:269 UserWarning: pandas only supports SQLAlchemy connectable (engine/connection) or database string URI or sqlite3 DBAPI2 connection. Other DBAPI2 objects are not tested. Please consider using SQLAlchemy.
[2026-02-26T12:07:01.174+0000] {logging_mixin.py:188} INFO - В таблице accounts нет данных
[2026-02-26T12:07:01.177+0000] {python.py:237} INFO - Done. Returned value was: None
[2026-02-26T12:07:01.181+0000] {taskinstance.py:441} INFO - ::group::Post task execution logs
[2026-02-26T12:07:01.213+0000] {taskinstance.py:1206} INFO - Marking task as SUCCESS. dag_id=oltp_s3_dwh, task_id=upload_postgre_to_s3_accounts, run_id=scheduled__2025-05-01T00:00:00+00:00, execution_date=20250501T000000, start_date=20260226T120659, end_date=20260226T120701
[2026-02-26T12:07:01.299+0000] {local_task_job_runner.py:243} INFO - Task exited with return code 0
[2026-02-26T12:07:01.339+0000] {local_task_job_runner.py:222} INFO - ::endgroup::
[2026-02-27T19:00:30.864+0000] {local_task_job_runner.py:120} INFO - ::group::Pre task execution logs
[2026-02-27T19:00:30.912+0000] {taskinstance.py:2076} INFO - Dependencies all met for dep_context=non-requeueable deps ti=<TaskInstance: oltp_s3_dwh.upload_postgre_to_s3_accounts scheduled__2025-05-01T00:00:00+00:00 [queued]>
[2026-02-27T19:00:30.938+0000] {taskinstance.py:2076} INFO - Dependencies all met for dep_context=requeueable deps ti=<TaskInstance: oltp_s3_dwh.upload_postgre_to_s3_accounts scheduled__2025-05-01T00:00:00+00:00 [queued]>
[2026-02-27T19:00:30.941+0000] {taskinstance.py:2306} INFO - Starting attempt 1 of 1
[2026-02-27T19:00:30.993+0000] {taskinstance.py:2330} INFO - Executing <Task(PythonOperator): upload_postgre_to_s3_accounts> on 2025-05-01 00:00:00+00:00
[2026-02-27T19:00:31.059+0000] {logging_mixin.py:188} WARNING - /home/***/.local/lib/python3.12/site-packages/***/task/task_runner/standard_task_runner.py:62 DeprecationWarning: This process (pid=32295) is multi-threaded, use of fork() may lead to deadlocks in the child.
[2026-02-27T19:00:31.073+0000] {standard_task_runner.py:64} INFO - Started process 32316 to run task
[2026-02-27T19:00:33.677+0000] {standard_task_runner.py:90} INFO - Running: ['***', 'tasks', 'run', 'oltp_s3_dwh', 'upload_postgre_to_s3_accounts', 'scheduled__2025-05-01T00:00:00+00:00', '--job-id', '1591', '--raw', '--subdir', 'DAGS_FOLDER/oltp_s3_dwh.py', '--cfg-path', '/tmp/tmp81bwoe35']
[2026-02-27T19:00:33.693+0000] {standard_task_runner.py:91} INFO - Job 1591: Subtask upload_postgre_to_s3_accounts
[2026-02-27T19:00:30.040+0000] {task_command.py:426} INFO - Running <TaskInstance: oltp_s3_dwh.upload_postgre_to_s3_accounts scheduled__2025-05-01T00:00:00+00:00 [running]> on host 31b45edbecf3
[2026-02-27T19:00:30.438+0000] {taskinstance.py:2648} INFO - Exporting env vars: AIRFLOW_CTX_DAG_OWNER='***' AIRFLOW_CTX_DAG_ID='oltp_s3_dwh' AIRFLOW_CTX_TASK_ID='upload_postgre_to_s3_accounts' AIRFLOW_CTX_EXECUTION_DATE='2025-05-01T00:00:00+00:00' AIRFLOW_CTX_TRY_NUMBER='1' AIRFLOW_CTX_DAG_RUN_ID='scheduled__2025-05-01T00:00:00+00:00'
[2026-02-27T19:00:30.439+0000] {taskinstance.py:430} INFO - ::endgroup::
[2026-02-27T19:00:30.508+0000] {base.py:84} INFO - Using connection ID 'postgres_oltp' for task execution.
[2026-02-27T19:00:30.564+0000] {logging_mixin.py:188} WARNING - /home/***/.local/lib/python3.12/site-packages/***/providers/common/sql/hooks/sql.py:269 UserWarning: pandas only supports SQLAlchemy connectable (engine/connection) or database string URI or sqlite3 DBAPI2 connection. Other DBAPI2 objects are not tested. Please consider using SQLAlchemy.
[2026-02-27T19:00:30.580+0000] {logging_mixin.py:188} INFO - В таблице accounts нет данных
[2026-02-27T19:00:30.596+0000] {python.py:237} INFO - Done. Returned value was: None
[2026-02-27T19:00:30.598+0000] {taskinstance.py:441} INFO - ::group::Post task execution logs
[2026-02-27T19:00:30.631+0000] {taskinstance.py:1206} INFO - Marking task as SUCCESS. dag_id=oltp_s3_dwh, task_id=upload_postgre_to_s3_accounts, run_id=scheduled__2025-05-01T00:00:00+00:00, execution_date=20250501T000000, start_date=20260227T190030, end_date=20260227T190030
[2026-02-27T19:00:30.704+0000] {local_task_job_runner.py:243} INFO - Task exited with return code 0
[2026-02-27T19:00:30.755+0000] {taskinstance.py:3503} INFO - 1 downstream tasks scheduled from follow-on schedule check
[2026-02-27T19:00:30.760+0000] {local_task_job_runner.py:222} INFO - ::endgroup::
