[2026-02-26T17:55:50.512+0000] {local_task_job_runner.py:120} INFO - ::group::Pre task execution logs
[2026-02-26T17:55:50.635+0000] {taskinstance.py:2076} INFO - Dependencies all met for dep_context=non-requeueable deps ti=<TaskInstance: oltp_s3_dwh.upload_s3_to_dwh_cards scheduled__2025-05-01T00:00:00+00:00 [queued]>
[2026-02-26T17:55:50.714+0000] {taskinstance.py:2076} INFO - Dependencies all met for dep_context=requeueable deps ti=<TaskInstance: oltp_s3_dwh.upload_s3_to_dwh_cards scheduled__2025-05-01T00:00:00+00:00 [queued]>
[2026-02-26T17:55:50.719+0000] {taskinstance.py:2306} INFO - Starting attempt 1 of 1
[2026-02-26T17:55:50.799+0000] {taskinstance.py:2330} INFO - Executing <Task(PythonOperator): upload_s3_to_dwh_cards> on 2025-05-01 00:00:00+00:00
[2026-02-26T17:55:50.864+0000] {standard_task_runner.py:90} INFO - Running: ['***', 'tasks', 'run', 'oltp_s3_dwh', 'upload_s3_to_dwh_cards', 'scheduled__2025-05-01T00:00:00+00:00', '--job-id', '1202', '--raw', '--subdir', 'DAGS_FOLDER/oltp_s3_dwh.py', '--cfg-path', '/tmp/tmpubwp6l5t']
[2026-02-26T17:55:50.833+0000] {logging_mixin.py:188} WARNING - /home/***/.local/lib/python3.12/site-packages/***/task/task_runner/standard_task_runner.py:62 DeprecationWarning: This process (pid=6869) is multi-threaded, use of fork() may lead to deadlocks in the child.
[2026-02-26T17:55:50.889+0000] {standard_task_runner.py:64} INFO - Started process 6935 to run task
[2026-02-26T17:55:50.888+0000] {standard_task_runner.py:91} INFO - Job 1202: Subtask upload_s3_to_dwh_cards
[2026-02-26T17:55:51.177+0000] {task_command.py:426} INFO - Running <TaskInstance: oltp_s3_dwh.upload_s3_to_dwh_cards scheduled__2025-05-01T00:00:00+00:00 [running]> on host 31b45edbecf3
[2026-02-26T17:55:51.915+0000] {taskinstance.py:2648} INFO - Exporting env vars: AIRFLOW_CTX_DAG_OWNER='***' AIRFLOW_CTX_DAG_ID='oltp_s3_dwh' AIRFLOW_CTX_TASK_ID='upload_s3_to_dwh_cards' AIRFLOW_CTX_EXECUTION_DATE='2025-05-01T00:00:00+00:00' AIRFLOW_CTX_TRY_NUMBER='1' AIRFLOW_CTX_DAG_RUN_ID='scheduled__2025-05-01T00:00:00+00:00'
[2026-02-26T17:55:51.925+0000] {taskinstance.py:430} INFO - ::endgroup::
[2026-02-26T17:55:52.068+0000] {base.py:84} INFO - Using connection ID 'postgres_dwh' for task execution.
[2026-02-26T17:55:52.086+0000] {sql.py:495} INFO - Running statement: SELECT table_schema, table_name FROM information_schema.tables WHERE table_schema = 'staging';, parameters: None
[2026-02-26T17:55:52.093+0000] {sql.py:504} INFO - Rows affected: 9
[2026-02-26T17:55:52.096+0000] {logging_mixin.py:188} INFO - DEBUG: Доступные таблицы в схеме staging: [('staging', 'exchange_rates'), ('staging', 'users'), ('staging', 'accounts'), ('staging', 'transactions'), ('staging', 'dict_merchants'), ('staging', 'dict_mcc'), ('staging', 'cards'), ('staging', 'dict_regions'), ('staging', 'dict_tariffs')]
[2026-02-26T17:55:52.147+0000] {base.py:84} INFO - Using connection ID 'minio_conn_id' for task execution.
[2026-02-26T17:55:52.159+0000] {connection_wrapper.py:384} INFO - AWS Connection (conn_id='minio_conn_id', conn_type='aws') credentials retrieved from login and ***.
[2026-02-26T17:55:54.526+0000] {base.py:84} INFO - Using connection ID 'postgres_dwh' for task execution.
[2026-02-26T17:55:54.593+0000] {logging_mixin.py:188} INFO - Successfully loaded cards using copy_expert
[2026-02-26T17:55:54.597+0000] {python.py:237} INFO - Done. Returned value was: None
[2026-02-26T17:55:54.599+0000] {taskinstance.py:441} INFO - ::group::Post task execution logs
[2026-02-26T17:55:54.609+0000] {taskinstance.py:1206} INFO - Marking task as SUCCESS. dag_id=oltp_s3_dwh, task_id=upload_s3_to_dwh_cards, run_id=scheduled__2025-05-01T00:00:00+00:00, execution_date=20250501T000000, start_date=20260226T175550, end_date=20260226T175554
[2026-02-26T17:55:54.687+0000] {local_task_job_runner.py:243} INFO - Task exited with return code 0
[2026-02-26T17:55:54.773+0000] {taskinstance.py:3503} INFO - 0 downstream tasks scheduled from follow-on schedule check
[2026-02-26T17:55:54.780+0000] {local_task_job_runner.py:222} INFO - ::endgroup::
[2026-02-27T19:00:32.776+0000] {local_task_job_runner.py:120} INFO - ::group::Pre task execution logs
[2026-02-27T19:00:32.847+0000] {taskinstance.py:2076} INFO - Dependencies all met for dep_context=non-requeueable deps ti=<TaskInstance: oltp_s3_dwh.upload_s3_to_dwh_cards scheduled__2025-05-01T00:00:00+00:00 [queued]>
[2026-02-27T19:00:32.883+0000] {taskinstance.py:2076} INFO - Dependencies all met for dep_context=requeueable deps ti=<TaskInstance: oltp_s3_dwh.upload_s3_to_dwh_cards scheduled__2025-05-01T00:00:00+00:00 [queued]>
[2026-02-27T19:00:32.884+0000] {taskinstance.py:2306} INFO - Starting attempt 1 of 1
[2026-02-27T19:00:32.933+0000] {taskinstance.py:2330} INFO - Executing <Task(PythonOperator): upload_s3_to_dwh_cards> on 2025-05-01 00:00:00+00:00
[2026-02-27T19:00:32.976+0000] {logging_mixin.py:188} WARNING - /home/***/.local/lib/python3.12/site-packages/***/task/task_runner/standard_task_runner.py:62 DeprecationWarning: This process (pid=32320) is multi-threaded, use of fork() may lead to deadlocks in the child.
[2026-02-27T19:00:32.983+0000] {standard_task_runner.py:64} INFO - Started process 32350 to run task
[2026-02-27T19:00:32.974+0000] {standard_task_runner.py:90} INFO - Running: ['***', 'tasks', 'run', 'oltp_s3_dwh', 'upload_s3_to_dwh_cards', 'scheduled__2025-05-01T00:00:00+00:00', '--job-id', '1596', '--raw', '--subdir', 'DAGS_FOLDER/oltp_s3_dwh.py', '--cfg-path', '/tmp/tmp511qjczv']
[2026-02-27T19:00:32.988+0000] {standard_task_runner.py:91} INFO - Job 1596: Subtask upload_s3_to_dwh_cards
[2026-02-27T19:00:33.074+0000] {task_command.py:426} INFO - Running <TaskInstance: oltp_s3_dwh.upload_s3_to_dwh_cards scheduled__2025-05-01T00:00:00+00:00 [running]> on host 31b45edbecf3
[2026-02-27T19:00:33.274+0000] {taskinstance.py:2648} INFO - Exporting env vars: AIRFLOW_CTX_DAG_OWNER='***' AIRFLOW_CTX_DAG_ID='oltp_s3_dwh' AIRFLOW_CTX_TASK_ID='upload_s3_to_dwh_cards' AIRFLOW_CTX_EXECUTION_DATE='2025-05-01T00:00:00+00:00' AIRFLOW_CTX_TRY_NUMBER='1' AIRFLOW_CTX_DAG_RUN_ID='scheduled__2025-05-01T00:00:00+00:00'
[2026-02-27T19:00:33.293+0000] {taskinstance.py:430} INFO - ::endgroup::
[2026-02-27T19:00:33.359+0000] {base.py:84} INFO - Using connection ID 'postgres_dwh' for task execution.
[2026-02-27T19:00:33.375+0000] {sql.py:495} INFO - Running statement: SELECT table_schema, table_name FROM information_schema.tables WHERE table_schema = 'staging';, parameters: None
[2026-02-27T19:00:33.378+0000] {sql.py:504} INFO - Rows affected: 9
[2026-02-27T19:00:33.379+0000] {logging_mixin.py:188} INFO - DEBUG: Доступные таблицы в схеме staging: [('staging', 'exchange_rates'), ('staging', 'cards'), ('staging', 'users'), ('staging', 'accounts'), ('staging', 'transactions'), ('staging', 'dict_regions'), ('staging', 'dict_tariffs'), ('staging', 'dict_merchants'), ('staging', 'dict_mcc')]
[2026-02-27T19:00:33.389+0000] {base.py:84} INFO - Using connection ID 'minio_conn_id' for task execution.
[2026-02-27T19:00:33.391+0000] {connection_wrapper.py:384} INFO - AWS Connection (conn_id='minio_conn_id', conn_type='aws') credentials retrieved from login and ***.
[2026-02-27T19:00:34.398+0000] {logging_mixin.py:188} INFO - Файл raw/not_dict/cards/2025-05-01/data.parquet не найден в S3. Пропускаем загрузку.
[2026-02-27T19:00:34.403+0000] {python.py:237} INFO - Done. Returned value was: None
[2026-02-27T19:00:34.414+0000] {taskinstance.py:441} INFO - ::group::Post task execution logs
[2026-02-27T19:00:34.432+0000] {taskinstance.py:1206} INFO - Marking task as SUCCESS. dag_id=oltp_s3_dwh, task_id=upload_s3_to_dwh_cards, run_id=scheduled__2025-05-01T00:00:00+00:00, execution_date=20250501T000000, start_date=20260227T190032, end_date=20260227T190034
[2026-02-27T19:00:34.512+0000] {local_task_job_runner.py:243} INFO - Task exited with return code 0
[2026-02-27T19:00:34.545+0000] {taskinstance.py:3503} INFO - 0 downstream tasks scheduled from follow-on schedule check
[2026-02-27T19:00:34.557+0000] {local_task_job_runner.py:222} INFO - ::endgroup::
