[2026-02-27T10:18:47.032+0000] {local_task_job_runner.py:120} INFO - ::group::Pre task execution logs
[2026-02-27T10:18:47.087+0000] {taskinstance.py:2076} INFO - Dependencies all met for dep_context=non-requeueable deps ti=<TaskInstance: staging_to_core.wait_for_users scheduled__2025-01-01T00:00:00+00:00 [queued]>
[2026-02-27T10:18:47.104+0000] {taskinstance.py:2076} INFO - Dependencies all met for dep_context=requeueable deps ti=<TaskInstance: staging_to_core.wait_for_users scheduled__2025-01-01T00:00:00+00:00 [queued]>
[2026-02-27T10:18:47.106+0000] {taskinstance.py:2306} INFO - Starting attempt 1 of 1
[2026-02-27T10:18:47.126+0000] {taskinstance.py:2330} INFO - Executing <Task(ExternalTaskSensor): wait_for_users> on 2025-01-01 00:00:00+00:00
[2026-02-27T10:18:47.138+0000] {standard_task_runner.py:90} INFO - Running: ['***', 'tasks', 'run', 'staging_to_core', 'wait_for_users', 'scheduled__2025-01-01T00:00:00+00:00', '--job-id', '1290', '--raw', '--subdir', 'DAGS_FOLDER/staging_to_core.py', '--cfg-path', '/tmp/tmp8u706hdf']
[2026-02-27T10:18:47.139+0000] {logging_mixin.py:188} WARNING - /home/***/.local/lib/python3.12/site-packages/***/task/task_runner/standard_task_runner.py:62 DeprecationWarning: This process (pid=8299) is multi-threaded, use of fork() may lead to deadlocks in the child.
[2026-02-27T10:18:47.142+0000] {standard_task_runner.py:91} INFO - Job 1290: Subtask wait_for_users
[2026-02-27T10:18:47.143+0000] {standard_task_runner.py:64} INFO - Started process 8300 to run task
[2026-02-27T10:18:47.210+0000] {task_command.py:426} INFO - Running <TaskInstance: staging_to_core.wait_for_users scheduled__2025-01-01T00:00:00+00:00 [running]> on host 31b45edbecf3
[2026-02-27T10:18:47.332+0000] {taskinstance.py:2648} INFO - Exporting env vars: AIRFLOW_CTX_DAG_OWNER='***' AIRFLOW_CTX_DAG_ID='staging_to_core' AIRFLOW_CTX_TASK_ID='wait_for_users' AIRFLOW_CTX_EXECUTION_DATE='2025-01-01T00:00:00+00:00' AIRFLOW_CTX_TRY_NUMBER='1' AIRFLOW_CTX_DAG_RUN_ID='scheduled__2025-01-01T00:00:00+00:00'
[2026-02-27T10:18:47.334+0000] {taskinstance.py:430} INFO - ::endgroup::
[2026-02-27T10:18:47.353+0000] {baseoperator.py:400} WARNING - ExternalTaskSensor.execute cannot be called outside TaskInstance!
[2026-02-27T10:18:47.369+0000] {external_task.py:258} INFO - Poking for tasks ['upload_s3_to_dwh_users'] in dag oltp_s3_dwh on 2025-01-01T00:00:00+00:00 ... 
[2026-02-27T10:18:47.376+0000] {logging_mixin.py:188} WARNING - /home/***/.local/lib/python3.12/site-packages/***/utils/session.py:79 DeprecationWarning: This method is deprecated and will be removed in future.
[2026-02-27T10:18:47.392+0000] {base.py:294} INFO - Success criteria met. Exiting.
[2026-02-27T10:18:47.393+0000] {taskinstance.py:441} INFO - ::group::Post task execution logs
[2026-02-27T10:18:47.409+0000] {taskinstance.py:1206} INFO - Marking task as SUCCESS. dag_id=staging_to_core, task_id=wait_for_users, run_id=scheduled__2025-01-01T00:00:00+00:00, execution_date=20250101T000000, start_date=20260227T101847, end_date=20260227T101847
[2026-02-27T10:18:47.442+0000] {local_task_job_runner.py:243} INFO - Task exited with return code 0
[2026-02-27T10:18:47.462+0000] {logging_mixin.py:188} WARNING - /home/***/.local/lib/python3.12/site-packages/***/models/baseoperator.py:1297 AirflowProviderDeprecationWarning: Call to deprecated class PostgresOperator. (Please use `***.providers.common.sql.operators.sql.SQLExecuteQueryOperator`.Also, you can provide `hook_params={'schema': <database>}`.)
[2026-02-27T10:18:47.512+0000] {taskinstance.py:3503} INFO - 1 downstream tasks scheduled from follow-on schedule check
[2026-02-27T10:18:47.517+0000] {local_task_job_runner.py:222} INFO - ::endgroup::
[2026-02-27T19:00:39.439+0000] {local_task_job_runner.py:120} INFO - ::group::Pre task execution logs
[2026-02-27T19:00:39.492+0000] {taskinstance.py:2076} INFO - Dependencies all met for dep_context=non-requeueable deps ti=<TaskInstance: staging_to_core.wait_for_users scheduled__2025-01-01T00:00:00+00:00 [queued]>
[2026-02-27T19:00:39.504+0000] {taskinstance.py:2076} INFO - Dependencies all met for dep_context=requeueable deps ti=<TaskInstance: staging_to_core.wait_for_users scheduled__2025-01-01T00:00:00+00:00 [queued]>
[2026-02-27T19:00:39.505+0000] {taskinstance.py:2306} INFO - Starting attempt 1 of 1
[2026-02-27T19:00:39.531+0000] {taskinstance.py:2330} INFO - Executing <Task(ExternalTaskSensor): wait_for_users> on 2025-01-01 00:00:00+00:00
[2026-02-27T19:00:39.543+0000] {logging_mixin.py:188} WARNING - /home/***/.local/lib/python3.12/site-packages/***/task/task_runner/standard_task_runner.py:62 DeprecationWarning: This process (pid=32392) is multi-threaded, use of fork() may lead to deadlocks in the child.
[2026-02-27T19:00:39.545+0000] {standard_task_runner.py:64} INFO - Started process 32393 to run task
[2026-02-27T19:00:39.545+0000] {standard_task_runner.py:90} INFO - Running: ['***', 'tasks', 'run', 'staging_to_core', 'wait_for_users', 'scheduled__2025-01-01T00:00:00+00:00', '--job-id', '1605', '--raw', '--subdir', 'DAGS_FOLDER/staging_to_core.py', '--cfg-path', '/tmp/tmp5klratj9']
[2026-02-27T19:00:39.547+0000] {standard_task_runner.py:91} INFO - Job 1605: Subtask wait_for_users
[2026-02-27T19:00:39.680+0000] {task_command.py:426} INFO - Running <TaskInstance: staging_to_core.wait_for_users scheduled__2025-01-01T00:00:00+00:00 [running]> on host 31b45edbecf3
[2026-02-27T19:00:39.843+0000] {taskinstance.py:2648} INFO - Exporting env vars: AIRFLOW_CTX_DAG_OWNER='***' AIRFLOW_CTX_DAG_ID='staging_to_core' AIRFLOW_CTX_TASK_ID='wait_for_users' AIRFLOW_CTX_EXECUTION_DATE='2025-01-01T00:00:00+00:00' AIRFLOW_CTX_TRY_NUMBER='1' AIRFLOW_CTX_DAG_RUN_ID='scheduled__2025-01-01T00:00:00+00:00'
[2026-02-27T19:00:39.845+0000] {taskinstance.py:430} INFO - ::endgroup::
[2026-02-27T19:00:39.874+0000] {baseoperator.py:400} WARNING - ExternalTaskSensor.execute cannot be called outside TaskInstance!
[2026-02-27T19:00:39.891+0000] {external_task.py:258} INFO - Poking for tasks ['upload_s3_to_dwh_users'] in dag oltp_s3_dwh on 2025-01-01T00:00:00+00:00 ... 
[2026-02-27T19:00:39.895+0000] {logging_mixin.py:188} WARNING - /home/***/.local/lib/python3.12/site-packages/***/utils/session.py:79 DeprecationWarning: This method is deprecated and will be removed in future.
[2026-02-27T19:00:39.915+0000] {base.py:294} INFO - Success criteria met. Exiting.
[2026-02-27T19:00:39.917+0000] {taskinstance.py:441} INFO - ::group::Post task execution logs
[2026-02-27T19:00:39.937+0000] {taskinstance.py:1206} INFO - Marking task as SUCCESS. dag_id=staging_to_core, task_id=wait_for_users, run_id=scheduled__2025-01-01T00:00:00+00:00, execution_date=20250101T000000, start_date=20260227T190039, end_date=20260227T190039
[2026-02-27T19:00:40.006+0000] {local_task_job_runner.py:243} INFO - Task exited with return code 0
[2026-02-27T19:00:40.027+0000] {logging_mixin.py:188} WARNING - /home/***/.local/lib/python3.12/site-packages/***/models/baseoperator.py:1297 AirflowProviderDeprecationWarning: Call to deprecated class PostgresOperator. (Please use `***.providers.common.sql.operators.sql.SQLExecuteQueryOperator`.Also, you can provide `hook_params={'schema': <database>}`.)
[2026-02-27T19:00:40.091+0000] {taskinstance.py:3503} INFO - 1 downstream tasks scheduled from follow-on schedule check
[2026-02-27T19:00:40.103+0000] {local_task_job_runner.py:222} INFO - ::endgroup::
