[2026-02-28T10:16:22.292+0000] {local_task_job_runner.py:120} INFO - ::group::Pre task execution logs
[2026-02-28T10:16:22.329+0000] {taskinstance.py:2076} INFO - Dependencies all met for dep_context=non-requeueable deps ti=<TaskInstance: oltp_s3_dwh.upload_s3_to_dwh_transactions scheduled__2025-03-01T00:00:00+00:00 [queued]>
[2026-02-28T10:16:22.338+0000] {taskinstance.py:2076} INFO - Dependencies all met for dep_context=requeueable deps ti=<TaskInstance: oltp_s3_dwh.upload_s3_to_dwh_transactions scheduled__2025-03-01T00:00:00+00:00 [queued]>
[2026-02-28T10:16:22.339+0000] {taskinstance.py:2306} INFO - Starting attempt 2 of 2
[2026-02-28T10:16:22.352+0000] {taskinstance.py:2330} INFO - Executing <Task(PythonOperator): upload_s3_to_dwh_transactions> on 2025-03-01 00:00:00+00:00
[2026-02-28T10:16:22.361+0000] {logging_mixin.py:188} WARNING - /home/***/.local/lib/python3.12/site-packages/***/task/task_runner/standard_task_runner.py:62 DeprecationWarning: This process (pid=3038) is multi-threaded, use of fork() may lead to deadlocks in the child.
[2026-02-28T10:16:22.362+0000] {standard_task_runner.py:64} INFO - Started process 3052 to run task
[2026-02-28T10:16:22.362+0000] {standard_task_runner.py:90} INFO - Running: ['***', 'tasks', 'run', 'oltp_s3_dwh', 'upload_s3_to_dwh_transactions', 'scheduled__2025-03-01T00:00:00+00:00', '--job-id', '1999', '--raw', '--subdir', 'DAGS_FOLDER/oltp_s3_dwh.py', '--cfg-path', '/tmp/tmp5h3k_t35']
[2026-02-28T10:16:22.364+0000] {standard_task_runner.py:91} INFO - Job 1999: Subtask upload_s3_to_dwh_transactions
[2026-02-28T10:16:22.423+0000] {task_command.py:426} INFO - Running <TaskInstance: oltp_s3_dwh.upload_s3_to_dwh_transactions scheduled__2025-03-01T00:00:00+00:00 [running]> on host 31b45edbecf3
[2026-02-28T10:16:22.535+0000] {taskinstance.py:2648} INFO - Exporting env vars: AIRFLOW_CTX_DAG_OWNER='***' AIRFLOW_CTX_DAG_ID='oltp_s3_dwh' AIRFLOW_CTX_TASK_ID='upload_s3_to_dwh_transactions' AIRFLOW_CTX_EXECUTION_DATE='2025-03-01T00:00:00+00:00' AIRFLOW_CTX_TRY_NUMBER='2' AIRFLOW_CTX_DAG_RUN_ID='scheduled__2025-03-01T00:00:00+00:00'
[2026-02-28T10:16:22.537+0000] {taskinstance.py:430} INFO - ::endgroup::
[2026-02-28T10:16:22.558+0000] {base.py:84} INFO - Using connection ID 'postgres_dwh' for task execution.
[2026-02-28T10:16:22.565+0000] {sql.py:495} INFO - Running statement: SELECT table_schema, table_name FROM information_schema.tables WHERE table_schema = 'staging';, parameters: None
[2026-02-28T10:16:22.568+0000] {sql.py:504} INFO - Rows affected: 9
[2026-02-28T10:16:22.569+0000] {logging_mixin.py:188} INFO - DEBUG: Доступные таблицы в схеме staging: [('staging', 'exchange_rates'), ('staging', 'transactions'), ('staging', 'cards'), ('staging', 'users'), ('staging', 'accounts'), ('staging', 'dict_regions'), ('staging', 'dict_merchants'), ('staging', 'dict_tariffs'), ('staging', 'dict_mcc')]
[2026-02-28T10:16:22.578+0000] {base.py:84} INFO - Using connection ID 'minio_conn_id' for task execution.
[2026-02-28T10:16:22.579+0000] {connection_wrapper.py:384} INFO - AWS Connection (conn_id='minio_conn_id', conn_type='aws') credentials retrieved from login and ***.
[2026-02-28T10:16:23.609+0000] {base.py:84} INFO - Using connection ID 'postgres_dwh' for task execution.
[2026-02-28T10:16:23.864+0000] {logging_mixin.py:188} INFO - Successfully loaded transactions using copy_expert
[2026-02-28T10:16:23.868+0000] {python.py:237} INFO - Done. Returned value was: None
[2026-02-28T10:16:23.869+0000] {taskinstance.py:441} INFO - ::group::Post task execution logs
[2026-02-28T10:16:23.879+0000] {taskinstance.py:1206} INFO - Marking task as SUCCESS. dag_id=oltp_s3_dwh, task_id=upload_s3_to_dwh_transactions, run_id=scheduled__2025-03-01T00:00:00+00:00, execution_date=20250301T000000, start_date=20260228T101622, end_date=20260228T101623
[2026-02-28T10:16:23.942+0000] {local_task_job_runner.py:243} INFO - Task exited with return code 0
[2026-02-28T10:16:23.960+0000] {taskinstance.py:3503} INFO - 0 downstream tasks scheduled from follow-on schedule check
[2026-02-28T10:16:23.963+0000] {local_task_job_runner.py:222} INFO - ::endgroup::
