[2026-02-26T12:07:14.478+0000] {local_task_job_runner.py:120} INFO - ::group::Pre task execution logs
[2026-02-26T12:07:14.509+0000] {taskinstance.py:2076} INFO - Dependencies all met for dep_context=non-requeueable deps ti=<TaskInstance: oltp_s3_dwh.upload_postgre_to_s3_dict_mcc scheduled__2025-09-01T00:00:00+00:00 [queued]>
[2026-02-26T12:07:14.539+0000] {taskinstance.py:2076} INFO - Dependencies all met for dep_context=requeueable deps ti=<TaskInstance: oltp_s3_dwh.upload_postgre_to_s3_dict_mcc scheduled__2025-09-01T00:00:00+00:00 [queued]>
[2026-02-26T12:07:14.549+0000] {taskinstance.py:2306} INFO - Starting attempt 1 of 1
[2026-02-26T12:07:14.577+0000] {taskinstance.py:2330} INFO - Executing <Task(PythonOperator): upload_postgre_to_s3_dict_mcc> on 2025-09-01 00:00:00+00:00
[2026-02-26T12:07:14.602+0000] {logging_mixin.py:188} WARNING - /home/***/.local/lib/python3.12/site-packages/***/task/task_runner/standard_task_runner.py:62 DeprecationWarning: This process (pid=4676) is multi-threaded, use of fork() may lead to deadlocks in the child.
[2026-02-26T12:07:14.608+0000] {standard_task_runner.py:64} INFO - Started process 4720 to run task
[2026-02-26T12:07:14.602+0000] {standard_task_runner.py:90} INFO - Running: ['***', 'tasks', 'run', 'oltp_s3_dwh', 'upload_postgre_to_s3_dict_mcc', 'scheduled__2025-09-01T00:00:00+00:00', '--job-id', '1052', '--raw', '--subdir', 'DAGS_FOLDER/oltp_s3_dwh_dict.py', '--cfg-path', '/tmp/tmpu21xo7s9']
[2026-02-26T12:07:14.624+0000] {standard_task_runner.py:91} INFO - Job 1052: Subtask upload_postgre_to_s3_dict_mcc
[2026-02-26T12:07:14.762+0000] {task_command.py:426} INFO - Running <TaskInstance: oltp_s3_dwh.upload_postgre_to_s3_dict_mcc scheduled__2025-09-01T00:00:00+00:00 [running]> on host 31b45edbecf3
[2026-02-26T12:07:15.099+0000] {taskinstance.py:2648} INFO - Exporting env vars: AIRFLOW_CTX_DAG_OWNER='***' AIRFLOW_CTX_DAG_ID='oltp_s3_dwh' AIRFLOW_CTX_TASK_ID='upload_postgre_to_s3_dict_mcc' AIRFLOW_CTX_EXECUTION_DATE='2025-09-01T00:00:00+00:00' AIRFLOW_CTX_TRY_NUMBER='1' AIRFLOW_CTX_DAG_RUN_ID='scheduled__2025-09-01T00:00:00+00:00'
[2026-02-26T12:07:15.121+0000] {taskinstance.py:430} INFO - ::endgroup::
[2026-02-26T12:07:15.210+0000] {base.py:84} INFO - Using connection ID 'postgres_oltp' for task execution.
[2026-02-26T12:07:15.238+0000] {logging_mixin.py:188} WARNING - /home/***/.local/lib/python3.12/site-packages/***/providers/common/sql/hooks/sql.py:269 UserWarning: pandas only supports SQLAlchemy connectable (engine/connection) or database string URI or sqlite3 DBAPI2 connection. Other DBAPI2 objects are not tested. Please consider using SQLAlchemy.
[2026-02-26T12:07:15.352+0000] {base.py:84} INFO - Using connection ID 'minio_conn_id' for task execution.
[2026-02-26T12:07:15.354+0000] {connection_wrapper.py:384} INFO - AWS Connection (conn_id='minio_conn_id', conn_type='aws') credentials retrieved from login and ***.
[2026-02-26T12:07:16.225+0000] {python.py:237} INFO - Done. Returned value was: None
[2026-02-26T12:07:16.226+0000] {taskinstance.py:441} INFO - ::group::Post task execution logs
[2026-02-26T12:07:16.267+0000] {taskinstance.py:1206} INFO - Marking task as SUCCESS. dag_id=oltp_s3_dwh, task_id=upload_postgre_to_s3_dict_mcc, run_id=scheduled__2025-09-01T00:00:00+00:00, execution_date=20250901T000000, start_date=20260226T120714, end_date=20260226T120716
[2026-02-26T12:07:16.383+0000] {local_task_job_runner.py:243} INFO - Task exited with return code 0
[2026-02-26T12:07:16.398+0000] {local_task_job_runner.py:222} INFO - ::endgroup::
[2026-02-27T19:01:17.997+0000] {local_task_job_runner.py:120} INFO - ::group::Pre task execution logs
[2026-02-27T19:01:18.051+0000] {taskinstance.py:2076} INFO - Dependencies all met for dep_context=non-requeueable deps ti=<TaskInstance: oltp_s3_dwh.upload_postgre_to_s3_dict_mcc scheduled__2025-09-01T00:00:00+00:00 [queued]>
[2026-02-27T19:01:18.097+0000] {taskinstance.py:2076} INFO - Dependencies all met for dep_context=requeueable deps ti=<TaskInstance: oltp_s3_dwh.upload_postgre_to_s3_dict_mcc scheduled__2025-09-01T00:00:00+00:00 [queued]>
[2026-02-27T19:01:18.100+0000] {taskinstance.py:2306} INFO - Starting attempt 1 of 1
[2026-02-27T19:01:18.207+0000] {taskinstance.py:2330} INFO - Executing <Task(PythonOperator): upload_postgre_to_s3_dict_mcc> on 2025-09-01 00:00:00+00:00
[2026-02-27T19:01:18.263+0000] {logging_mixin.py:188} WARNING - /home/***/.local/lib/python3.12/site-packages/***/task/task_runner/standard_task_runner.py:62 DeprecationWarning: This process (pid=32716) is multi-threaded, use of fork() may lead to deadlocks in the child.
[2026-02-27T19:01:18.272+0000] {standard_task_runner.py:64} INFO - Started process 32740 to run task
[2026-02-27T19:01:18.269+0000] {standard_task_runner.py:90} INFO - Running: ['***', 'tasks', 'run', 'oltp_s3_dwh', 'upload_postgre_to_s3_dict_mcc', 'scheduled__2025-09-01T00:00:00+00:00', '--job-id', '1678', '--raw', '--subdir', 'DAGS_FOLDER/oltp_s3_dwh.py', '--cfg-path', '/tmp/tmpx1k7u3tz']
[2026-02-27T19:01:18.297+0000] {standard_task_runner.py:91} INFO - Job 1678: Subtask upload_postgre_to_s3_dict_mcc
[2026-02-27T19:01:18.514+0000] {task_command.py:426} INFO - Running <TaskInstance: oltp_s3_dwh.upload_postgre_to_s3_dict_mcc scheduled__2025-09-01T00:00:00+00:00 [running]> on host 31b45edbecf3
[2026-02-27T19:01:18.840+0000] {taskinstance.py:2648} INFO - Exporting env vars: AIRFLOW_CTX_DAG_OWNER='***' AIRFLOW_CTX_DAG_ID='oltp_s3_dwh' AIRFLOW_CTX_TASK_ID='upload_postgre_to_s3_dict_mcc' AIRFLOW_CTX_EXECUTION_DATE='2025-09-01T00:00:00+00:00' AIRFLOW_CTX_TRY_NUMBER='1' AIRFLOW_CTX_DAG_RUN_ID='scheduled__2025-09-01T00:00:00+00:00'
[2026-02-27T19:01:18.841+0000] {taskinstance.py:430} INFO - ::endgroup::
[2026-02-27T19:01:18.942+0000] {base.py:84} INFO - Using connection ID 'postgres_oltp' for task execution.
[2026-02-27T19:01:18.961+0000] {logging_mixin.py:188} WARNING - /home/***/.local/lib/python3.12/site-packages/***/providers/common/sql/hooks/sql.py:269 UserWarning: pandas only supports SQLAlchemy connectable (engine/connection) or database string URI or sqlite3 DBAPI2 connection. Other DBAPI2 objects are not tested. Please consider using SQLAlchemy.
[2026-02-27T19:01:19.060+0000] {base.py:84} INFO - Using connection ID 'minio_conn_id' for task execution.
[2026-02-27T19:01:19.070+0000] {connection_wrapper.py:384} INFO - AWS Connection (conn_id='minio_conn_id', conn_type='aws') credentials retrieved from login and ***.
[2026-02-27T19:01:20.244+0000] {python.py:237} INFO - Done. Returned value was: None
[2026-02-27T19:01:20.245+0000] {taskinstance.py:441} INFO - ::group::Post task execution logs
[2026-02-27T19:01:20.257+0000] {taskinstance.py:1206} INFO - Marking task as SUCCESS. dag_id=oltp_s3_dwh, task_id=upload_postgre_to_s3_dict_mcc, run_id=scheduled__2025-09-01T00:00:00+00:00, execution_date=20250901T000000, start_date=20260227T190118, end_date=20260227T190120
[2026-02-27T19:01:20.387+0000] {local_task_job_runner.py:243} INFO - Task exited with return code 0
[2026-02-27T19:01:20.451+0000] {taskinstance.py:3503} INFO - 1 downstream tasks scheduled from follow-on schedule check
[2026-02-27T19:01:20.469+0000] {local_task_job_runner.py:222} INFO - ::endgroup::
