[2026-02-26T12:07:08.212+0000] {local_task_job_runner.py:120} INFO - ::group::Pre task execution logs
[2026-02-26T12:07:08.283+0000] {taskinstance.py:2076} INFO - Dependencies all met for dep_context=non-requeueable deps ti=<TaskInstance: oltp_s3_dwh.upload_postgre_to_s3_users scheduled__2025-07-01T00:00:00+00:00 [queued]>
[2026-02-26T12:07:08.326+0000] {taskinstance.py:2076} INFO - Dependencies all met for dep_context=requeueable deps ti=<TaskInstance: oltp_s3_dwh.upload_postgre_to_s3_users scheduled__2025-07-01T00:00:00+00:00 [queued]>
[2026-02-26T12:07:08.329+0000] {taskinstance.py:2306} INFO - Starting attempt 1 of 1
[2026-02-26T12:07:08.411+0000] {taskinstance.py:2330} INFO - Executing <Task(PythonOperator): upload_postgre_to_s3_users> on 2025-07-01 00:00:00+00:00
[2026-02-26T12:07:08.476+0000] {logging_mixin.py:188} WARNING - /home/***/.local/lib/python3.12/site-packages/***/task/task_runner/standard_task_runner.py:62 DeprecationWarning: This process (pid=4611) is multi-threaded, use of fork() may lead to deadlocks in the child.
[2026-02-26T12:07:08.487+0000] {standard_task_runner.py:64} INFO - Started process 4649 to run task
[2026-02-26T12:07:08.491+0000] {standard_task_runner.py:90} INFO - Running: ['***', 'tasks', 'run', 'oltp_s3_dwh', 'upload_postgre_to_s3_users', 'scheduled__2025-07-01T00:00:00+00:00', '--job-id', '1035', '--raw', '--subdir', 'DAGS_FOLDER/oltp_s3_dwh_dict.py', '--cfg-path', '/tmp/tmp5fhh02bg']
[2026-02-26T12:07:08.501+0000] {standard_task_runner.py:91} INFO - Job 1035: Subtask upload_postgre_to_s3_users
[2026-02-26T12:07:08.659+0000] {task_command.py:426} INFO - Running <TaskInstance: oltp_s3_dwh.upload_postgre_to_s3_users scheduled__2025-07-01T00:00:00+00:00 [running]> on host 31b45edbecf3
[2026-02-26T12:07:09.138+0000] {taskinstance.py:2648} INFO - Exporting env vars: AIRFLOW_CTX_DAG_OWNER='***' AIRFLOW_CTX_DAG_ID='oltp_s3_dwh' AIRFLOW_CTX_TASK_ID='upload_postgre_to_s3_users' AIRFLOW_CTX_EXECUTION_DATE='2025-07-01T00:00:00+00:00' AIRFLOW_CTX_TRY_NUMBER='1' AIRFLOW_CTX_DAG_RUN_ID='scheduled__2025-07-01T00:00:00+00:00'
[2026-02-26T12:07:09.140+0000] {taskinstance.py:430} INFO - ::endgroup::
[2026-02-26T12:07:09.278+0000] {base.py:84} INFO - Using connection ID 'postgres_oltp' for task execution.
[2026-02-26T12:07:09.344+0000] {logging_mixin.py:188} WARNING - /home/***/.local/lib/python3.12/site-packages/***/providers/common/sql/hooks/sql.py:269 UserWarning: pandas only supports SQLAlchemy connectable (engine/connection) or database string URI or sqlite3 DBAPI2 connection. Other DBAPI2 objects are not tested. Please consider using SQLAlchemy.
[2026-02-26T12:07:09.366+0000] {logging_mixin.py:188} INFO - В таблице users нет данных
[2026-02-26T12:07:09.376+0000] {python.py:237} INFO - Done. Returned value was: None
[2026-02-26T12:07:09.381+0000] {taskinstance.py:441} INFO - ::group::Post task execution logs
[2026-02-26T12:07:09.442+0000] {taskinstance.py:1206} INFO - Marking task as SUCCESS. dag_id=oltp_s3_dwh, task_id=upload_postgre_to_s3_users, run_id=scheduled__2025-07-01T00:00:00+00:00, execution_date=20250701T000000, start_date=20260226T120708, end_date=20260226T120709
[2026-02-26T12:07:09.598+0000] {local_task_job_runner.py:243} INFO - Task exited with return code 0
[2026-02-26T12:07:09.701+0000] {taskinstance.py:3503} INFO - 0 downstream tasks scheduled from follow-on schedule check
[2026-02-26T12:07:09.719+0000] {local_task_job_runner.py:222} INFO - ::endgroup::
[2026-02-27T19:00:55.026+0000] {local_task_job_runner.py:120} INFO - ::group::Pre task execution logs
[2026-02-27T19:00:55.050+0000] {taskinstance.py:2076} INFO - Dependencies all met for dep_context=non-requeueable deps ti=<TaskInstance: oltp_s3_dwh.upload_postgre_to_s3_users scheduled__2025-07-01T00:00:00+00:00 [queued]>
[2026-02-27T19:00:55.065+0000] {taskinstance.py:2076} INFO - Dependencies all met for dep_context=requeueable deps ti=<TaskInstance: oltp_s3_dwh.upload_postgre_to_s3_users scheduled__2025-07-01T00:00:00+00:00 [queued]>
[2026-02-27T19:00:55.067+0000] {taskinstance.py:2306} INFO - Starting attempt 1 of 1
[2026-02-27T19:00:55.134+0000] {taskinstance.py:2330} INFO - Executing <Task(PythonOperator): upload_postgre_to_s3_users> on 2025-07-01 00:00:00+00:00
[2026-02-27T19:00:55.183+0000] {logging_mixin.py:188} WARNING - /home/***/.local/lib/python3.12/site-packages/***/task/task_runner/standard_task_runner.py:62 DeprecationWarning: This process (pid=32509) is multi-threaded, use of fork() may lead to deadlocks in the child.
[2026-02-27T19:00:55.189+0000] {standard_task_runner.py:64} INFO - Started process 32531 to run task
[2026-02-27T19:00:55.192+0000] {standard_task_runner.py:90} INFO - Running: ['***', 'tasks', 'run', 'oltp_s3_dwh', 'upload_postgre_to_s3_users', 'scheduled__2025-07-01T00:00:00+00:00', '--job-id', '1628', '--raw', '--subdir', 'DAGS_FOLDER/oltp_s3_dwh.py', '--cfg-path', '/tmp/tmpnjifjw98']
[2026-02-27T19:00:55.212+0000] {standard_task_runner.py:91} INFO - Job 1628: Subtask upload_postgre_to_s3_users
[2026-02-27T19:00:55.390+0000] {task_command.py:426} INFO - Running <TaskInstance: oltp_s3_dwh.upload_postgre_to_s3_users scheduled__2025-07-01T00:00:00+00:00 [running]> on host 31b45edbecf3
[2026-02-27T19:00:55.782+0000] {taskinstance.py:2648} INFO - Exporting env vars: AIRFLOW_CTX_DAG_OWNER='***' AIRFLOW_CTX_DAG_ID='oltp_s3_dwh' AIRFLOW_CTX_TASK_ID='upload_postgre_to_s3_users' AIRFLOW_CTX_EXECUTION_DATE='2025-07-01T00:00:00+00:00' AIRFLOW_CTX_TRY_NUMBER='1' AIRFLOW_CTX_DAG_RUN_ID='scheduled__2025-07-01T00:00:00+00:00'
[2026-02-27T19:00:55.789+0000] {taskinstance.py:430} INFO - ::endgroup::
[2026-02-27T19:00:55.914+0000] {base.py:84} INFO - Using connection ID 'postgres_oltp' for task execution.
[2026-02-27T19:00:55.952+0000] {logging_mixin.py:188} WARNING - /home/***/.local/lib/python3.12/site-packages/***/providers/common/sql/hooks/sql.py:269 UserWarning: pandas only supports SQLAlchemy connectable (engine/connection) or database string URI or sqlite3 DBAPI2 connection. Other DBAPI2 objects are not tested. Please consider using SQLAlchemy.
[2026-02-27T19:00:55.981+0000] {logging_mixin.py:188} INFO - В таблице users нет данных
[2026-02-27T19:00:55.985+0000] {python.py:237} INFO - Done. Returned value was: None
[2026-02-27T19:00:55.988+0000] {taskinstance.py:441} INFO - ::group::Post task execution logs
[2026-02-27T19:00:56.013+0000] {taskinstance.py:1206} INFO - Marking task as SUCCESS. dag_id=oltp_s3_dwh, task_id=upload_postgre_to_s3_users, run_id=scheduled__2025-07-01T00:00:00+00:00, execution_date=20250701T000000, start_date=20260227T190055, end_date=20260227T190056
[2026-02-27T19:00:56.065+0000] {local_task_job_runner.py:243} INFO - Task exited with return code 0
[2026-02-27T19:00:56.144+0000] {taskinstance.py:3503} INFO - 1 downstream tasks scheduled from follow-on schedule check
[2026-02-27T19:00:56.165+0000] {local_task_job_runner.py:222} INFO - ::endgroup::
