[2026-02-26T17:56:05.928+0000] {local_task_job_runner.py:120} INFO - ::group::Pre task execution logs
[2026-02-26T17:56:06.006+0000] {taskinstance.py:2076} INFO - Dependencies all met for dep_context=non-requeueable deps ti=<TaskInstance: oltp_s3_dwh.upload_s3_to_dwh_dict_merchants scheduled__2025-09-01T00:00:00+00:00 [queued]>
[2026-02-26T17:56:06.063+0000] {taskinstance.py:2076} INFO - Dependencies all met for dep_context=requeueable deps ti=<TaskInstance: oltp_s3_dwh.upload_s3_to_dwh_dict_merchants scheduled__2025-09-01T00:00:00+00:00 [queued]>
[2026-02-26T17:56:06.064+0000] {taskinstance.py:2306} INFO - Starting attempt 1 of 1
[2026-02-26T17:56:06.101+0000] {taskinstance.py:2330} INFO - Executing <Task(PythonOperator): upload_s3_to_dwh_dict_merchants> on 2025-09-01 00:00:00+00:00
[2026-02-26T17:56:06.127+0000] {logging_mixin.py:188} WARNING - /home/***/.local/lib/python3.12/site-packages/***/task/task_runner/standard_task_runner.py:62 DeprecationWarning: This process (pid=7075) is multi-threaded, use of fork() may lead to deadlocks in the child.
[2026-02-26T17:56:06.137+0000] {standard_task_runner.py:64} INFO - Started process 7116 to run task
[2026-02-26T17:56:06.140+0000] {standard_task_runner.py:90} INFO - Running: ['***', 'tasks', 'run', 'oltp_s3_dwh', 'upload_s3_to_dwh_dict_merchants', 'scheduled__2025-09-01T00:00:00+00:00', '--job-id', '1234', '--raw', '--subdir', 'DAGS_FOLDER/oltp_s3_dwh.py', '--cfg-path', '/tmp/tmpduell_ng']
[2026-02-26T17:56:06.152+0000] {standard_task_runner.py:91} INFO - Job 1234: Subtask upload_s3_to_dwh_dict_merchants
[2026-02-26T17:56:06.424+0000] {task_command.py:426} INFO - Running <TaskInstance: oltp_s3_dwh.upload_s3_to_dwh_dict_merchants scheduled__2025-09-01T00:00:00+00:00 [running]> on host 31b45edbecf3
[2026-02-26T17:56:06.989+0000] {taskinstance.py:2648} INFO - Exporting env vars: AIRFLOW_CTX_DAG_OWNER='***' AIRFLOW_CTX_DAG_ID='oltp_s3_dwh' AIRFLOW_CTX_TASK_ID='upload_s3_to_dwh_dict_merchants' AIRFLOW_CTX_EXECUTION_DATE='2025-09-01T00:00:00+00:00' AIRFLOW_CTX_TRY_NUMBER='1' AIRFLOW_CTX_DAG_RUN_ID='scheduled__2025-09-01T00:00:00+00:00'
[2026-02-26T17:56:06.999+0000] {taskinstance.py:430} INFO - ::endgroup::
[2026-02-26T17:56:07.234+0000] {base.py:84} INFO - Using connection ID 'postgres_dwh' for task execution.
[2026-02-26T17:56:07.257+0000] {sql.py:495} INFO - Running statement: SELECT table_schema, table_name FROM information_schema.tables WHERE table_schema = 'staging';, parameters: None
[2026-02-26T17:56:07.276+0000] {sql.py:504} INFO - Rows affected: 9
[2026-02-26T17:56:07.284+0000] {logging_mixin.py:188} INFO - DEBUG: Доступные таблицы в схеме staging: [('staging', 'exchange_rates'), ('staging', 'users'), ('staging', 'accounts'), ('staging', 'dict_merchants'), ('staging', 'cards'), ('staging', 'transactions'), ('staging', 'dict_tariffs'), ('staging', 'dict_regions'), ('staging', 'dict_mcc')]
[2026-02-26T17:56:07.305+0000] {base.py:84} INFO - Using connection ID 'minio_conn_id' for task execution.
[2026-02-26T17:56:07.341+0000] {connection_wrapper.py:384} INFO - AWS Connection (conn_id='minio_conn_id', conn_type='aws') credentials retrieved from login and ***.
[2026-02-26T17:56:10.043+0000] {base.py:84} INFO - Using connection ID 'postgres_dwh' for task execution.
[2026-02-26T17:56:10.055+0000] {logging_mixin.py:188} INFO - Successfully loaded dict_merchants using copy_expert
[2026-02-26T17:56:10.064+0000] {python.py:237} INFO - Done. Returned value was: None
[2026-02-26T17:56:10.075+0000] {taskinstance.py:441} INFO - ::group::Post task execution logs
[2026-02-26T17:56:10.104+0000] {taskinstance.py:1206} INFO - Marking task as SUCCESS. dag_id=oltp_s3_dwh, task_id=upload_s3_to_dwh_dict_merchants, run_id=scheduled__2025-09-01T00:00:00+00:00, execution_date=20250901T000000, start_date=20260226T175606, end_date=20260226T175610
[2026-02-26T17:56:10.223+0000] {local_task_job_runner.py:243} INFO - Task exited with return code 0
[2026-02-26T17:56:10.277+0000] {taskinstance.py:3503} INFO - 0 downstream tasks scheduled from follow-on schedule check
[2026-02-26T17:56:10.283+0000] {local_task_job_runner.py:222} INFO - ::endgroup::
[2026-02-27T19:01:23.077+0000] {local_task_job_runner.py:120} INFO - ::group::Pre task execution logs
[2026-02-27T19:01:23.125+0000] {taskinstance.py:2076} INFO - Dependencies all met for dep_context=non-requeueable deps ti=<TaskInstance: oltp_s3_dwh.upload_s3_to_dwh_dict_merchants scheduled__2025-09-01T00:00:00+00:00 [queued]>
[2026-02-27T19:01:23.178+0000] {taskinstance.py:2076} INFO - Dependencies all met for dep_context=requeueable deps ti=<TaskInstance: oltp_s3_dwh.upload_s3_to_dwh_dict_merchants scheduled__2025-09-01T00:00:00+00:00 [queued]>
[2026-02-27T19:01:23.182+0000] {taskinstance.py:2306} INFO - Starting attempt 1 of 1
[2026-02-27T19:01:23.219+0000] {taskinstance.py:2330} INFO - Executing <Task(PythonOperator): upload_s3_to_dwh_dict_merchants> on 2025-09-01 00:00:00+00:00
[2026-02-27T19:01:23.249+0000] {logging_mixin.py:188} WARNING - /home/***/.local/lib/python3.12/site-packages/***/task/task_runner/standard_task_runner.py:62 DeprecationWarning: This process (pid=32755) is multi-threaded, use of fork() may lead to deadlocks in the child.
[2026-02-27T19:01:23.255+0000] {standard_task_runner.py:64} INFO - Started process 32784 to run task
[2026-02-27T19:01:23.254+0000] {standard_task_runner.py:90} INFO - Running: ['***', 'tasks', 'run', 'oltp_s3_dwh', 'upload_s3_to_dwh_dict_merchants', 'scheduled__2025-09-01T00:00:00+00:00', '--job-id', '1687', '--raw', '--subdir', 'DAGS_FOLDER/oltp_s3_dwh.py', '--cfg-path', '/tmp/tmp_hzmudk7']
[2026-02-27T19:01:23.258+0000] {standard_task_runner.py:91} INFO - Job 1687: Subtask upload_s3_to_dwh_dict_merchants
[2026-02-27T19:01:23.432+0000] {task_command.py:426} INFO - Running <TaskInstance: oltp_s3_dwh.upload_s3_to_dwh_dict_merchants scheduled__2025-09-01T00:00:00+00:00 [running]> on host 31b45edbecf3
[2026-02-27T19:01:23.763+0000] {taskinstance.py:2648} INFO - Exporting env vars: AIRFLOW_CTX_DAG_OWNER='***' AIRFLOW_CTX_DAG_ID='oltp_s3_dwh' AIRFLOW_CTX_TASK_ID='upload_s3_to_dwh_dict_merchants' AIRFLOW_CTX_EXECUTION_DATE='2025-09-01T00:00:00+00:00' AIRFLOW_CTX_TRY_NUMBER='1' AIRFLOW_CTX_DAG_RUN_ID='scheduled__2025-09-01T00:00:00+00:00'
[2026-02-27T19:01:23.766+0000] {taskinstance.py:430} INFO - ::endgroup::
[2026-02-27T19:01:23.880+0000] {base.py:84} INFO - Using connection ID 'postgres_dwh' for task execution.
[2026-02-27T19:01:23.893+0000] {sql.py:495} INFO - Running statement: SELECT table_schema, table_name FROM information_schema.tables WHERE table_schema = 'staging';, parameters: None
[2026-02-27T19:01:23.899+0000] {sql.py:504} INFO - Rows affected: 9
[2026-02-27T19:01:23.901+0000] {logging_mixin.py:188} INFO - DEBUG: Доступные таблицы в схеме staging: [('staging', 'exchange_rates'), ('staging', 'cards'), ('staging', 'users'), ('staging', 'accounts'), ('staging', 'dict_mcc'), ('staging', 'dict_regions'), ('staging', 'transactions'), ('staging', 'dict_tariffs'), ('staging', 'dict_merchants')]
[2026-02-27T19:01:23.932+0000] {base.py:84} INFO - Using connection ID 'minio_conn_id' for task execution.
[2026-02-27T19:01:23.936+0000] {connection_wrapper.py:384} INFO - AWS Connection (conn_id='minio_conn_id', conn_type='aws') credentials retrieved from login and ***.
[2026-02-27T19:01:25.074+0000] {base.py:84} INFO - Using connection ID 'postgres_dwh' for task execution.
[2026-02-27T19:01:25.089+0000] {logging_mixin.py:188} INFO - Successfully loaded dict_merchants using copy_expert
[2026-02-27T19:01:25.092+0000] {python.py:237} INFO - Done. Returned value was: None
[2026-02-27T19:01:25.094+0000] {taskinstance.py:441} INFO - ::group::Post task execution logs
[2026-02-27T19:01:25.114+0000] {taskinstance.py:1206} INFO - Marking task as SUCCESS. dag_id=oltp_s3_dwh, task_id=upload_s3_to_dwh_dict_merchants, run_id=scheduled__2025-09-01T00:00:00+00:00, execution_date=20250901T000000, start_date=20260227T190123, end_date=20260227T190125
[2026-02-27T19:01:25.153+0000] {local_task_job_runner.py:243} INFO - Task exited with return code 0
[2026-02-27T19:01:25.180+0000] {taskinstance.py:3503} INFO - 0 downstream tasks scheduled from follow-on schedule check
[2026-02-27T19:01:25.193+0000] {local_task_job_runner.py:222} INFO - ::endgroup::
