[2026-02-27T10:31:22.026+0000] {local_task_job_runner.py:120} INFO - ::group::Pre task execution logs
[2026-02-27T10:31:22.071+0000] {taskinstance.py:2076} INFO - Dependencies all met for dep_context=non-requeueable deps ti=<TaskInstance: staging_to_core.transform_dict_tariffs_to_core scheduled__2025-07-01T00:00:00+00:00 [queued]>
[2026-02-27T10:31:22.082+0000] {taskinstance.py:2076} INFO - Dependencies all met for dep_context=requeueable deps ti=<TaskInstance: staging_to_core.transform_dict_tariffs_to_core scheduled__2025-07-01T00:00:00+00:00 [queued]>
[2026-02-27T10:31:22.083+0000] {taskinstance.py:2306} INFO - Starting attempt 1 of 1
[2026-02-27T10:31:22.100+0000] {taskinstance.py:2330} INFO - Executing <Task(PostgresOperator): transform_dict_tariffs_to_core> on 2025-07-01 00:00:00+00:00
[2026-02-27T10:31:22.108+0000] {logging_mixin.py:188} WARNING - /home/***/.local/lib/python3.12/site-packages/***/task/task_runner/standard_task_runner.py:62 DeprecationWarning: This process (pid=9350) is multi-threaded, use of fork() may lead to deadlocks in the child.
[2026-02-27T10:31:22.109+0000] {standard_task_runner.py:64} INFO - Started process 9351 to run task
[2026-02-27T10:31:22.108+0000] {standard_task_runner.py:90} INFO - Running: ['***', 'tasks', 'run', 'staging_to_core', 'transform_dict_tariffs_to_core', 'scheduled__2025-07-01T00:00:00+00:00', '--job-id', '1394', '--raw', '--subdir', 'DAGS_FOLDER/staging_to_core.py', '--cfg-path', '/tmp/tmpnfzotnvq']
[2026-02-27T10:31:22.110+0000] {standard_task_runner.py:91} INFO - Job 1394: Subtask transform_dict_tariffs_to_core
[2026-02-27T10:31:22.167+0000] {task_command.py:426} INFO - Running <TaskInstance: staging_to_core.transform_dict_tariffs_to_core scheduled__2025-07-01T00:00:00+00:00 [running]> on host 31b45edbecf3
[2026-02-27T10:31:22.262+0000] {taskinstance.py:2648} INFO - Exporting env vars: AIRFLOW_CTX_DAG_OWNER='***' AIRFLOW_CTX_DAG_ID='staging_to_core' AIRFLOW_CTX_TASK_ID='transform_dict_tariffs_to_core' AIRFLOW_CTX_EXECUTION_DATE='2025-07-01T00:00:00+00:00' AIRFLOW_CTX_TRY_NUMBER='1' AIRFLOW_CTX_DAG_RUN_ID='scheduled__2025-07-01T00:00:00+00:00'
[2026-02-27T10:31:22.263+0000] {taskinstance.py:430} INFO - ::endgroup::
[2026-02-27T10:31:22.278+0000] {sql.py:282} INFO - Executing: 
                    INSERT INTO core.dict_tariffs
                    SELECT * FROM staging.dict_tariffs
                    ON CONFLICT (tariff_id) 
                    DO UPDATE SET
                        tariff_name = EXCLUDED.tariff_name, monthly_cost = EXCLUDED.monthly_cost, cashback_percent = EXCLUDED.cashback_percent;
                
[2026-02-27T10:31:22.289+0000] {base.py:84} INFO - Using connection ID 'postgres_dwh' for task execution.
[2026-02-27T10:31:22.300+0000] {base.py:84} INFO - Using connection ID 'postgres_dwh' for task execution.
[2026-02-27T10:31:22.305+0000] {sql.py:495} INFO - Running statement: 
                    INSERT INTO core.dict_tariffs
                    SELECT * FROM staging.dict_tariffs
                    ON CONFLICT (tariff_id) 
                    DO UPDATE SET
                        tariff_name = EXCLUDED.tariff_name, monthly_cost = EXCLUDED.monthly_cost, cashback_percent = EXCLUDED.cashback_percent;
                , parameters: None
[2026-02-27T10:31:22.307+0000] {sql.py:504} INFO - Rows affected: 12
[2026-02-27T10:31:22.310+0000] {taskinstance.py:441} INFO - ::group::Post task execution logs
[2026-02-27T10:31:22.320+0000] {taskinstance.py:1206} INFO - Marking task as SUCCESS. dag_id=staging_to_core, task_id=transform_dict_tariffs_to_core, run_id=scheduled__2025-07-01T00:00:00+00:00, execution_date=20250701T000000, start_date=20260227T103122, end_date=20260227T103122
[2026-02-27T10:31:22.367+0000] {local_task_job_runner.py:243} INFO - Task exited with return code 0
[2026-02-27T10:31:22.381+0000] {logging_mixin.py:188} WARNING - /home/***/.local/lib/python3.12/site-packages/***/models/baseoperator.py:1297 AirflowProviderDeprecationWarning: Call to deprecated class PostgresOperator. (Please use `***.providers.common.sql.operators.sql.SQLExecuteQueryOperator`.Also, you can provide `hook_params={'schema': <database>}`.)
[2026-02-27T10:31:22.414+0000] {taskinstance.py:3503} INFO - 1 downstream tasks scheduled from follow-on schedule check
[2026-02-27T10:31:22.417+0000] {local_task_job_runner.py:222} INFO - ::endgroup::
[2026-02-27T19:03:14.461+0000] {local_task_job_runner.py:120} INFO - ::group::Pre task execution logs
[2026-02-27T19:03:14.518+0000] {taskinstance.py:2076} INFO - Dependencies all met for dep_context=non-requeueable deps ti=<TaskInstance: staging_to_core.transform_dict_tariffs_to_core scheduled__2025-07-01T00:00:00+00:00 [queued]>
[2026-02-27T19:03:14.540+0000] {taskinstance.py:2076} INFO - Dependencies all met for dep_context=requeueable deps ti=<TaskInstance: staging_to_core.transform_dict_tariffs_to_core scheduled__2025-07-01T00:00:00+00:00 [queued]>
[2026-02-27T19:03:14.541+0000] {taskinstance.py:2306} INFO - Starting attempt 1 of 1
[2026-02-27T19:03:14.566+0000] {taskinstance.py:2330} INFO - Executing <Task(PostgresOperator): transform_dict_tariffs_to_core> on 2025-07-01 00:00:00+00:00
[2026-02-27T19:03:14.581+0000] {logging_mixin.py:188} WARNING - /home/***/.local/lib/python3.12/site-packages/***/task/task_runner/standard_task_runner.py:62 DeprecationWarning: This process (pid=33404) is multi-threaded, use of fork() may lead to deadlocks in the child.
[2026-02-27T19:03:14.582+0000] {standard_task_runner.py:64} INFO - Started process 33405 to run task
[2026-02-27T19:03:14.587+0000] {standard_task_runner.py:90} INFO - Running: ['***', 'tasks', 'run', 'staging_to_core', 'transform_dict_tariffs_to_core', 'scheduled__2025-07-01T00:00:00+00:00', '--job-id', '1826', '--raw', '--subdir', 'DAGS_FOLDER/staging_to_core.py', '--cfg-path', '/tmp/tmpa93qlnfn']
[2026-02-27T19:03:14.590+0000] {standard_task_runner.py:91} INFO - Job 1826: Subtask transform_dict_tariffs_to_core
[2026-02-27T19:03:14.680+0000] {task_command.py:426} INFO - Running <TaskInstance: staging_to_core.transform_dict_tariffs_to_core scheduled__2025-07-01T00:00:00+00:00 [running]> on host 31b45edbecf3
[2026-02-27T19:03:14.851+0000] {taskinstance.py:2648} INFO - Exporting env vars: AIRFLOW_CTX_DAG_OWNER='***' AIRFLOW_CTX_DAG_ID='staging_to_core' AIRFLOW_CTX_TASK_ID='transform_dict_tariffs_to_core' AIRFLOW_CTX_EXECUTION_DATE='2025-07-01T00:00:00+00:00' AIRFLOW_CTX_TRY_NUMBER='1' AIRFLOW_CTX_DAG_RUN_ID='scheduled__2025-07-01T00:00:00+00:00'
[2026-02-27T19:03:14.853+0000] {taskinstance.py:430} INFO - ::endgroup::
[2026-02-27T19:03:14.878+0000] {sql.py:282} INFO - Executing: 
                    INSERT INTO core.dict_tariffs
                    SELECT * FROM staging.dict_tariffs
                    ON CONFLICT (tariff_id) 
                    DO UPDATE SET
                        tariff_name = EXCLUDED.tariff_name, monthly_cost = EXCLUDED.monthly_cost, cashback_percent = EXCLUDED.cashback_percent;
                
[2026-02-27T19:03:14.896+0000] {base.py:84} INFO - Using connection ID 'postgres_dwh' for task execution.
[2026-02-27T19:03:14.917+0000] {base.py:84} INFO - Using connection ID 'postgres_dwh' for task execution.
[2026-02-27T19:03:14.930+0000] {sql.py:495} INFO - Running statement: 
                    INSERT INTO core.dict_tariffs
                    SELECT * FROM staging.dict_tariffs
                    ON CONFLICT (tariff_id) 
                    DO UPDATE SET
                        tariff_name = EXCLUDED.tariff_name, monthly_cost = EXCLUDED.monthly_cost, cashback_percent = EXCLUDED.cashback_percent;
                , parameters: None
[2026-02-27T19:03:14.933+0000] {sql.py:504} INFO - Rows affected: 3
[2026-02-27T19:03:14.980+0000] {taskinstance.py:441} INFO - ::group::Post task execution logs
[2026-02-27T19:03:14.993+0000] {taskinstance.py:1206} INFO - Marking task as SUCCESS. dag_id=staging_to_core, task_id=transform_dict_tariffs_to_core, run_id=scheduled__2025-07-01T00:00:00+00:00, execution_date=20250701T000000, start_date=20260227T190314, end_date=20260227T190314
[2026-02-27T19:03:15.046+0000] {local_task_job_runner.py:243} INFO - Task exited with return code 0
[2026-02-27T19:03:15.073+0000] {logging_mixin.py:188} WARNING - /home/***/.local/lib/python3.12/site-packages/***/models/baseoperator.py:1297 AirflowProviderDeprecationWarning: Call to deprecated class PostgresOperator. (Please use `***.providers.common.sql.operators.sql.SQLExecuteQueryOperator`.Also, you can provide `hook_params={'schema': <database>}`.)
[2026-02-27T19:03:15.136+0000] {taskinstance.py:3503} INFO - 1 downstream tasks scheduled from follow-on schedule check
[2026-02-27T19:03:15.141+0000] {local_task_job_runner.py:222} INFO - ::endgroup::
