[2026-02-27T10:30:16.809+0000] {local_task_job_runner.py:120} INFO - ::group::Pre task execution logs
[2026-02-27T10:30:16.852+0000] {taskinstance.py:2076} INFO - Dependencies all met for dep_context=non-requeueable deps ti=<TaskInstance: staging_to_core.transform_transactions_to_core scheduled__2025-03-01T00:00:00+00:00 [queued]>
[2026-02-27T10:30:16.864+0000] {taskinstance.py:2076} INFO - Dependencies all met for dep_context=requeueable deps ti=<TaskInstance: staging_to_core.transform_transactions_to_core scheduled__2025-03-01T00:00:00+00:00 [queued]>
[2026-02-27T10:30:16.865+0000] {taskinstance.py:2306} INFO - Starting attempt 1 of 1
[2026-02-27T10:30:16.883+0000] {taskinstance.py:2330} INFO - Executing <Task(PostgresOperator): transform_transactions_to_core> on 2025-03-01 00:00:00+00:00
[2026-02-27T10:30:16.892+0000] {logging_mixin.py:188} WARNING - /home/***/.local/lib/python3.12/site-packages/***/task/task_runner/standard_task_runner.py:62 DeprecationWarning: This process (pid=9175) is multi-threaded, use of fork() may lead to deadlocks in the child.
[2026-02-27T10:30:16.894+0000] {standard_task_runner.py:64} INFO - Started process 9176 to run task
[2026-02-27T10:30:16.893+0000] {standard_task_runner.py:90} INFO - Running: ['***', 'tasks', 'run', 'staging_to_core', 'transform_transactions_to_core', 'scheduled__2025-03-01T00:00:00+00:00', '--job-id', '1340', '--raw', '--subdir', 'DAGS_FOLDER/staging_to_core.py', '--cfg-path', '/tmp/tmp9iis_9qz']
[2026-02-27T10:30:16.895+0000] {standard_task_runner.py:91} INFO - Job 1340: Subtask transform_transactions_to_core
[2026-02-27T10:30:16.952+0000] {task_command.py:426} INFO - Running <TaskInstance: staging_to_core.transform_transactions_to_core scheduled__2025-03-01T00:00:00+00:00 [running]> on host 31b45edbecf3
[2026-02-27T10:30:17.045+0000] {taskinstance.py:2648} INFO - Exporting env vars: AIRFLOW_CTX_DAG_OWNER='***' AIRFLOW_CTX_DAG_ID='staging_to_core' AIRFLOW_CTX_TASK_ID='transform_transactions_to_core' AIRFLOW_CTX_EXECUTION_DATE='2025-03-01T00:00:00+00:00' AIRFLOW_CTX_TRY_NUMBER='1' AIRFLOW_CTX_DAG_RUN_ID='scheduled__2025-03-01T00:00:00+00:00'
[2026-02-27T10:30:17.046+0000] {taskinstance.py:430} INFO - ::endgroup::
[2026-02-27T10:30:17.061+0000] {sql.py:282} INFO - Executing: 
                    INSERT INTO core.transactions
                    SELECT * FROM staging.transactions
                    ON CONFLICT (transaction_id) 
                    DO UPDATE SET
                        amount_rub = EXCLUDED.amount_rub, cashback_amount = EXCLUDED.cashback_amount, status = EXCLUDED.status;
                
[2026-02-27T10:30:17.071+0000] {base.py:84} INFO - Using connection ID 'postgres_dwh' for task execution.
[2026-02-27T10:30:17.082+0000] {base.py:84} INFO - Using connection ID 'postgres_dwh' for task execution.
[2026-02-27T10:30:17.087+0000] {sql.py:495} INFO - Running statement: 
                    INSERT INTO core.transactions
                    SELECT * FROM staging.transactions
                    ON CONFLICT (transaction_id) 
                    DO UPDATE SET
                        amount_rub = EXCLUDED.amount_rub, cashback_amount = EXCLUDED.cashback_amount, status = EXCLUDED.status;
                , parameters: None
[2026-02-27T10:30:17.114+0000] {taskinstance.py:441} INFO - ::group::Post task execution logs
[2026-02-27T10:30:17.116+0000] {taskinstance.py:2905} ERROR - Task failed with exception
Traceback (most recent call last):
  File "/home/airflow/.local/lib/python3.12/site-packages/airflow/models/taskinstance.py", line 465, in _execute_task
    result = _execute_callable(context=context, **execute_callable_kwargs)
             ^^^^^^^^^^^^^^^^^^^^^^^^^^^^^^^^^^^^^^^^^^^^^^^^^^^^^^^^^^^^^
  File "/home/airflow/.local/lib/python3.12/site-packages/airflow/models/taskinstance.py", line 432, in _execute_callable
    return execute_callable(context=context, **execute_callable_kwargs)
           ^^^^^^^^^^^^^^^^^^^^^^^^^^^^^^^^^^^^^^^^^^^^^^^^^^^^^^^^^^^^
  File "/home/airflow/.local/lib/python3.12/site-packages/airflow/models/baseoperator.py", line 401, in wrapper
    return func(self, *args, **kwargs)
           ^^^^^^^^^^^^^^^^^^^^^^^^^^^
  File "/home/airflow/.local/lib/python3.12/site-packages/airflow/providers/common/sql/operators/sql.py", line 288, in execute
    output = hook.run(
             ^^^^^^^^^
  File "/home/airflow/.local/lib/python3.12/site-packages/airflow/providers/common/sql/hooks/sql.py", line 442, in run
    self._run_command(cur, sql_statement, parameters)
  File "/home/airflow/.local/lib/python3.12/site-packages/airflow/providers/common/sql/hooks/sql.py", line 500, in _run_command
    cur.execute(sql_statement)
psycopg2.errors.ForeignKeyViolation: insert or update on table "transactions" violates foreign key constraint "transactions_card_id_fkey"
DETAIL:  Key (card_id)=(af574d89-ad1f-4151-b790-9f22d35e0ec9) is not present in table "cards".

[2026-02-27T10:30:17.127+0000] {taskinstance.py:1206} INFO - Marking task as FAILED. dag_id=staging_to_core, task_id=transform_transactions_to_core, run_id=scheduled__2025-03-01T00:00:00+00:00, execution_date=20250301T000000, start_date=20260227T103016, end_date=20260227T103017
[2026-02-27T10:30:17.139+0000] {standard_task_runner.py:110} ERROR - Failed to execute job 1340 for task transform_transactions_to_core (insert or update on table "transactions" violates foreign key constraint "transactions_card_id_fkey"
DETAIL:  Key (card_id)=(af574d89-ad1f-4151-b790-9f22d35e0ec9) is not present in table "cards".
; 9176)
[2026-02-27T10:30:17.151+0000] {local_task_job_runner.py:243} INFO - Task exited with return code 1
[2026-02-27T10:30:17.163+0000] {logging_mixin.py:188} WARNING - /home/***/.local/lib/python3.12/site-packages/***/models/baseoperator.py:1297 AirflowProviderDeprecationWarning: Call to deprecated class PostgresOperator. (Please use `***.providers.common.sql.operators.sql.SQLExecuteQueryOperator`.Also, you can provide `hook_params={'schema': <database>}`.)
[2026-02-27T10:30:17.178+0000] {taskinstance.py:3503} INFO - 0 downstream tasks scheduled from follow-on schedule check
[2026-02-27T10:30:17.184+0000] {local_task_job_runner.py:222} INFO - ::endgroup::
[2026-02-27T19:01:59.475+0000] {local_task_job_runner.py:120} INFO - ::group::Pre task execution logs
[2026-02-27T19:01:59.582+0000] {taskinstance.py:2076} INFO - Dependencies all met for dep_context=non-requeueable deps ti=<TaskInstance: staging_to_core.transform_transactions_to_core scheduled__2025-03-01T00:00:00+00:00 [queued]>
[2026-02-27T19:01:59.627+0000] {taskinstance.py:2076} INFO - Dependencies all met for dep_context=requeueable deps ti=<TaskInstance: staging_to_core.transform_transactions_to_core scheduled__2025-03-01T00:00:00+00:00 [queued]>
[2026-02-27T19:01:59.628+0000] {taskinstance.py:2306} INFO - Starting attempt 1 of 1
[2026-02-27T19:01:59.644+0000] {taskinstance.py:2330} INFO - Executing <Task(PostgresOperator): transform_transactions_to_core> on 2025-03-01 00:00:00+00:00
[2026-02-27T19:01:59.658+0000] {logging_mixin.py:188} WARNING - /home/***/.local/lib/python3.12/site-packages/***/task/task_runner/standard_task_runner.py:62 DeprecationWarning: This process (pid=33113) is multi-threaded, use of fork() may lead to deadlocks in the child.
[2026-02-27T19:01:59.664+0000] {standard_task_runner.py:90} INFO - Running: ['***', 'tasks', 'run', 'staging_to_core', 'transform_transactions_to_core', 'scheduled__2025-03-01T00:00:00+00:00', '--job-id', '1756', '--raw', '--subdir', 'DAGS_FOLDER/staging_to_core.py', '--cfg-path', '/tmp/tmp_00ydxda']
[2026-02-27T19:01:59.670+0000] {standard_task_runner.py:64} INFO - Started process 33134 to run task
[2026-02-27T19:01:59.670+0000] {standard_task_runner.py:91} INFO - Job 1756: Subtask transform_transactions_to_core
[2026-02-27T19:01:59.745+0000] {task_command.py:426} INFO - Running <TaskInstance: staging_to_core.transform_transactions_to_core scheduled__2025-03-01T00:00:00+00:00 [running]> on host 31b45edbecf3
[2026-02-27T19:01:59.869+0000] {taskinstance.py:2648} INFO - Exporting env vars: AIRFLOW_CTX_DAG_OWNER='***' AIRFLOW_CTX_DAG_ID='staging_to_core' AIRFLOW_CTX_TASK_ID='transform_transactions_to_core' AIRFLOW_CTX_EXECUTION_DATE='2025-03-01T00:00:00+00:00' AIRFLOW_CTX_TRY_NUMBER='1' AIRFLOW_CTX_DAG_RUN_ID='scheduled__2025-03-01T00:00:00+00:00'
[2026-02-27T19:01:59.871+0000] {taskinstance.py:430} INFO - ::endgroup::
[2026-02-27T19:01:59.889+0000] {sql.py:282} INFO - Executing: 
                    INSERT INTO core.transactions
                    SELECT * FROM staging.transactions
                    ON CONFLICT (transaction_id) 
                    DO UPDATE SET
                        amount_rub = EXCLUDED.amount_rub, cashback_amount = EXCLUDED.cashback_amount, status = EXCLUDED.status;
                
[2026-02-27T19:01:59.901+0000] {base.py:84} INFO - Using connection ID 'postgres_dwh' for task execution.
[2026-02-27T19:01:59.915+0000] {base.py:84} INFO - Using connection ID 'postgres_dwh' for task execution.
[2026-02-27T19:01:59.923+0000] {sql.py:495} INFO - Running statement: 
                    INSERT INTO core.transactions
                    SELECT * FROM staging.transactions
                    ON CONFLICT (transaction_id) 
                    DO UPDATE SET
                        amount_rub = EXCLUDED.amount_rub, cashback_amount = EXCLUDED.cashback_amount, status = EXCLUDED.status;
                , parameters: None
[2026-02-27T19:01:59.927+0000] {sql.py:504} INFO - Rows affected: 6
[2026-02-27T19:01:59.930+0000] {taskinstance.py:441} INFO - ::group::Post task execution logs
[2026-02-27T19:01:59.943+0000] {taskinstance.py:1206} INFO - Marking task as SUCCESS. dag_id=staging_to_core, task_id=transform_transactions_to_core, run_id=scheduled__2025-03-01T00:00:00+00:00, execution_date=20250301T000000, start_date=20260227T190159, end_date=20260227T190159
[2026-02-27T19:01:59.968+0000] {local_task_job_runner.py:243} INFO - Task exited with return code 0
[2026-02-27T19:01:59.981+0000] {logging_mixin.py:188} WARNING - /home/***/.local/lib/python3.12/site-packages/***/models/baseoperator.py:1297 AirflowProviderDeprecationWarning: Call to deprecated class PostgresOperator. (Please use `***.providers.common.sql.operators.sql.SQLExecuteQueryOperator`.Also, you can provide `hook_params={'schema': <database>}`.)
[2026-02-27T19:01:59.990+0000] {taskinstance.py:3503} INFO - 0 downstream tasks scheduled from follow-on schedule check
[2026-02-27T19:01:59.992+0000] {local_task_job_runner.py:222} INFO - ::endgroup::
