[2026-02-26T12:07:03.305+0000] {local_task_job_runner.py:120} INFO - ::group::Pre task execution logs
[2026-02-26T12:07:03.333+0000] {taskinstance.py:2076} INFO - Dependencies all met for dep_context=non-requeueable deps ti=<TaskInstance: oltp_s3_dwh.upload_postgre_to_s3_cards scheduled__2025-06-01T00:00:00+00:00 [queued]>
[2026-02-26T12:07:03.361+0000] {taskinstance.py:2076} INFO - Dependencies all met for dep_context=requeueable deps ti=<TaskInstance: oltp_s3_dwh.upload_postgre_to_s3_cards scheduled__2025-06-01T00:00:00+00:00 [queued]>
[2026-02-26T12:07:03.365+0000] {taskinstance.py:2306} INFO - Starting attempt 1 of 1
[2026-02-26T12:07:03.407+0000] {taskinstance.py:2330} INFO - Executing <Task(PythonOperator): upload_postgre_to_s3_cards> on 2025-06-01 00:00:00+00:00
[2026-02-26T12:07:03.427+0000] {standard_task_runner.py:90} INFO - Running: ['***', 'tasks', 'run', 'oltp_s3_dwh', 'upload_postgre_to_s3_cards', 'scheduled__2025-06-01T00:00:00+00:00', '--job-id', '1032', '--raw', '--subdir', 'DAGS_FOLDER/oltp_s3_dwh_dict.py', '--cfg-path', '/tmp/tmpakdhhyax']
[2026-02-26T12:07:03.431+0000] {standard_task_runner.py:91} INFO - Job 1032: Subtask upload_postgre_to_s3_cards
[2026-02-26T12:07:03.431+0000] {logging_mixin.py:188} WARNING - /home/***/.local/lib/python3.12/site-packages/***/task/task_runner/standard_task_runner.py:62 DeprecationWarning: This process (pid=4550) is multi-threaded, use of fork() may lead to deadlocks in the child.
[2026-02-26T12:07:03.442+0000] {standard_task_runner.py:64} INFO - Started process 4585 to run task
[2026-02-26T12:07:03.537+0000] {task_command.py:426} INFO - Running <TaskInstance: oltp_s3_dwh.upload_postgre_to_s3_cards scheduled__2025-06-01T00:00:00+00:00 [running]> on host 31b45edbecf3
[2026-02-26T12:07:03.779+0000] {taskinstance.py:2648} INFO - Exporting env vars: AIRFLOW_CTX_DAG_OWNER='***' AIRFLOW_CTX_DAG_ID='oltp_s3_dwh' AIRFLOW_CTX_TASK_ID='upload_postgre_to_s3_cards' AIRFLOW_CTX_EXECUTION_DATE='2025-06-01T00:00:00+00:00' AIRFLOW_CTX_TRY_NUMBER='1' AIRFLOW_CTX_DAG_RUN_ID='scheduled__2025-06-01T00:00:00+00:00'
[2026-02-26T12:07:03.782+0000] {taskinstance.py:430} INFO - ::endgroup::
[2026-02-26T12:07:03.826+0000] {base.py:84} INFO - Using connection ID 'postgres_oltp' for task execution.
[2026-02-26T12:07:03.848+0000] {logging_mixin.py:188} WARNING - /home/***/.local/lib/python3.12/site-packages/***/providers/common/sql/hooks/sql.py:269 UserWarning: pandas only supports SQLAlchemy connectable (engine/connection) or database string URI or sqlite3 DBAPI2 connection. Other DBAPI2 objects are not tested. Please consider using SQLAlchemy.
[2026-02-26T12:07:04.007+0000] {base.py:84} INFO - Using connection ID 'minio_conn_id' for task execution.
[2026-02-26T12:07:04.009+0000] {connection_wrapper.py:384} INFO - AWS Connection (conn_id='minio_conn_id', conn_type='aws') credentials retrieved from login and ***.
[2026-02-26T12:07:04.553+0000] {python.py:237} INFO - Done. Returned value was: None
[2026-02-26T12:07:04.554+0000] {taskinstance.py:441} INFO - ::group::Post task execution logs
[2026-02-26T12:07:04.582+0000] {taskinstance.py:1206} INFO - Marking task as SUCCESS. dag_id=oltp_s3_dwh, task_id=upload_postgre_to_s3_cards, run_id=scheduled__2025-06-01T00:00:00+00:00, execution_date=20250601T000000, start_date=20260226T120703, end_date=20260226T120704
[2026-02-26T12:07:04.643+0000] {local_task_job_runner.py:243} INFO - Task exited with return code 0
[2026-02-26T12:07:04.664+0000] {taskinstance.py:3503} INFO - 0 downstream tasks scheduled from follow-on schedule check
[2026-02-26T12:07:04.672+0000] {local_task_job_runner.py:222} INFO - ::endgroup::
[2026-02-27T19:00:43.030+0000] {local_task_job_runner.py:120} INFO - ::group::Pre task execution logs
[2026-02-27T19:00:43.099+0000] {taskinstance.py:2076} INFO - Dependencies all met for dep_context=non-requeueable deps ti=<TaskInstance: oltp_s3_dwh.upload_postgre_to_s3_cards scheduled__2025-06-01T00:00:00+00:00 [queued]>
[2026-02-27T19:00:43.152+0000] {taskinstance.py:2076} INFO - Dependencies all met for dep_context=requeueable deps ti=<TaskInstance: oltp_s3_dwh.upload_postgre_to_s3_cards scheduled__2025-06-01T00:00:00+00:00 [queued]>
[2026-02-27T19:00:43.168+0000] {taskinstance.py:2306} INFO - Starting attempt 1 of 1
[2026-02-27T19:00:43.227+0000] {taskinstance.py:2330} INFO - Executing <Task(PythonOperator): upload_postgre_to_s3_cards> on 2025-06-01 00:00:00+00:00
[2026-02-27T19:00:43.263+0000] {logging_mixin.py:188} WARNING - /home/***/.local/lib/python3.12/site-packages/***/task/task_runner/standard_task_runner.py:62 DeprecationWarning: This process (pid=32394) is multi-threaded, use of fork() may lead to deadlocks in the child.
[2026-02-27T19:00:43.265+0000] {standard_task_runner.py:64} INFO - Started process 32415 to run task
[2026-02-27T19:00:43.313+0000] {standard_task_runner.py:90} INFO - Running: ['***', 'tasks', 'run', 'oltp_s3_dwh', 'upload_postgre_to_s3_cards', 'scheduled__2025-06-01T00:00:00+00:00', '--job-id', '1609', '--raw', '--subdir', 'DAGS_FOLDER/oltp_s3_dwh.py', '--cfg-path', '/tmp/tmpso58hnd9']
[2026-02-27T19:00:43.339+0000] {standard_task_runner.py:91} INFO - Job 1609: Subtask upload_postgre_to_s3_cards
[2026-02-27T19:00:43.571+0000] {task_command.py:426} INFO - Running <TaskInstance: oltp_s3_dwh.upload_postgre_to_s3_cards scheduled__2025-06-01T00:00:00+00:00 [running]> on host 31b45edbecf3
[2026-02-27T19:00:43.815+0000] {taskinstance.py:2648} INFO - Exporting env vars: AIRFLOW_CTX_DAG_OWNER='***' AIRFLOW_CTX_DAG_ID='oltp_s3_dwh' AIRFLOW_CTX_TASK_ID='upload_postgre_to_s3_cards' AIRFLOW_CTX_EXECUTION_DATE='2025-06-01T00:00:00+00:00' AIRFLOW_CTX_TRY_NUMBER='1' AIRFLOW_CTX_DAG_RUN_ID='scheduled__2025-06-01T00:00:00+00:00'
[2026-02-27T19:00:43.820+0000] {taskinstance.py:430} INFO - ::endgroup::
[2026-02-27T19:00:43.930+0000] {base.py:84} INFO - Using connection ID 'postgres_oltp' for task execution.
[2026-02-27T19:00:43.980+0000] {logging_mixin.py:188} WARNING - /home/***/.local/lib/python3.12/site-packages/***/providers/common/sql/hooks/sql.py:269 UserWarning: pandas only supports SQLAlchemy connectable (engine/connection) or database string URI or sqlite3 DBAPI2 connection. Other DBAPI2 objects are not tested. Please consider using SQLAlchemy.
[2026-02-27T19:00:44.007+0000] {logging_mixin.py:188} INFO - В таблице cards нет данных
[2026-02-27T19:00:44.012+0000] {python.py:237} INFO - Done. Returned value was: None
[2026-02-27T19:00:44.013+0000] {taskinstance.py:441} INFO - ::group::Post task execution logs
[2026-02-27T19:00:44.031+0000] {taskinstance.py:1206} INFO - Marking task as SUCCESS. dag_id=oltp_s3_dwh, task_id=upload_postgre_to_s3_cards, run_id=scheduled__2025-06-01T00:00:00+00:00, execution_date=20250601T000000, start_date=20260227T190043, end_date=20260227T190044
[2026-02-27T19:00:44.078+0000] {local_task_job_runner.py:243} INFO - Task exited with return code 0
[2026-02-27T19:00:44.199+0000] {taskinstance.py:3503} INFO - 1 downstream tasks scheduled from follow-on schedule check
[2026-02-27T19:00:44.207+0000] {local_task_job_runner.py:222} INFO - ::endgroup::
