[2026-02-26T17:55:44.544+0000] {local_task_job_runner.py:120} INFO - ::group::Pre task execution logs
[2026-02-26T17:55:44.659+0000] {taskinstance.py:2076} INFO - Dependencies all met for dep_context=non-requeueable deps ti=<TaskInstance: oltp_s3_dwh.upload_s3_to_dwh_users scheduled__2025-04-01T00:00:00+00:00 [queued]>
[2026-02-26T17:55:44.725+0000] {taskinstance.py:2076} INFO - Dependencies all met for dep_context=requeueable deps ti=<TaskInstance: oltp_s3_dwh.upload_s3_to_dwh_users scheduled__2025-04-01T00:00:00+00:00 [queued]>
[2026-02-26T17:55:44.729+0000] {taskinstance.py:2306} INFO - Starting attempt 1 of 1
[2026-02-26T17:55:44.804+0000] {taskinstance.py:2330} INFO - Executing <Task(PythonOperator): upload_s3_to_dwh_users> on 2025-04-01 00:00:00+00:00
[2026-02-26T17:55:44.861+0000] {logging_mixin.py:188} WARNING - /home/***/.local/lib/python3.12/site-packages/***/task/task_runner/standard_task_runner.py:62 DeprecationWarning: This process (pid=6826) is multi-threaded, use of fork() may lead to deadlocks in the child.
[2026-02-26T17:55:44.865+0000] {standard_task_runner.py:64} INFO - Started process 6862 to run task
[2026-02-26T17:55:44.857+0000] {standard_task_runner.py:90} INFO - Running: ['***', 'tasks', 'run', 'oltp_s3_dwh', 'upload_s3_to_dwh_users', 'scheduled__2025-04-01T00:00:00+00:00', '--job-id', '1195', '--raw', '--subdir', 'DAGS_FOLDER/oltp_s3_dwh.py', '--cfg-path', '/tmp/tmp37leqo3e']
[2026-02-26T17:55:44.870+0000] {standard_task_runner.py:91} INFO - Job 1195: Subtask upload_s3_to_dwh_users
[2026-02-26T17:55:45.080+0000] {task_command.py:426} INFO - Running <TaskInstance: oltp_s3_dwh.upload_s3_to_dwh_users scheduled__2025-04-01T00:00:00+00:00 [running]> on host 31b45edbecf3
[2026-02-26T17:55:45.635+0000] {taskinstance.py:2648} INFO - Exporting env vars: AIRFLOW_CTX_DAG_OWNER='***' AIRFLOW_CTX_DAG_ID='oltp_s3_dwh' AIRFLOW_CTX_TASK_ID='upload_s3_to_dwh_users' AIRFLOW_CTX_EXECUTION_DATE='2025-04-01T00:00:00+00:00' AIRFLOW_CTX_TRY_NUMBER='1' AIRFLOW_CTX_DAG_RUN_ID='scheduled__2025-04-01T00:00:00+00:00'
[2026-02-26T17:55:45.655+0000] {taskinstance.py:430} INFO - ::endgroup::
[2026-02-26T17:55:45.818+0000] {base.py:84} INFO - Using connection ID 'postgres_dwh' for task execution.
[2026-02-26T17:55:45.881+0000] {sql.py:495} INFO - Running statement: SELECT table_schema, table_name FROM information_schema.tables WHERE table_schema = 'staging';, parameters: None
[2026-02-26T17:55:45.911+0000] {sql.py:504} INFO - Rows affected: 9
[2026-02-26T17:55:45.912+0000] {logging_mixin.py:188} INFO - DEBUG: Доступные таблицы в схеме staging: [('staging', 'exchange_rates'), ('staging', 'users'), ('staging', 'accounts'), ('staging', 'dict_mcc'), ('staging', 'dict_regions'), ('staging', 'dict_tariffs'), ('staging', 'dict_merchants'), ('staging', 'cards'), ('staging', 'transactions')]
[2026-02-26T17:55:45.953+0000] {base.py:84} INFO - Using connection ID 'minio_conn_id' for task execution.
[2026-02-26T17:55:45.961+0000] {connection_wrapper.py:384} INFO - AWS Connection (conn_id='minio_conn_id', conn_type='aws') credentials retrieved from login and ***.
[2026-02-26T17:55:47.920+0000] {logging_mixin.py:188} INFO - Файл raw/not_dict/users/2025-04-01/data.parquet не найден в S3. Пропускаем загрузку.
[2026-02-26T17:55:47.946+0000] {python.py:237} INFO - Done. Returned value was: None
[2026-02-26T17:55:47.948+0000] {taskinstance.py:441} INFO - ::group::Post task execution logs
[2026-02-26T17:55:47.978+0000] {taskinstance.py:1206} INFO - Marking task as SUCCESS. dag_id=oltp_s3_dwh, task_id=upload_s3_to_dwh_users, run_id=scheduled__2025-04-01T00:00:00+00:00, execution_date=20250401T000000, start_date=20260226T175544, end_date=20260226T175547
[2026-02-26T17:55:48.105+0000] {local_task_job_runner.py:243} INFO - Task exited with return code 0
[2026-02-26T17:55:48.170+0000] {taskinstance.py:3503} INFO - 0 downstream tasks scheduled from follow-on schedule check
[2026-02-26T17:55:48.202+0000] {local_task_job_runner.py:222} INFO - ::endgroup::
[2026-02-27T19:00:21.710+0000] {local_task_job_runner.py:120} INFO - ::group::Pre task execution logs
[2026-02-27T19:00:21.735+0000] {taskinstance.py:2076} INFO - Dependencies all met for dep_context=non-requeueable deps ti=<TaskInstance: oltp_s3_dwh.upload_s3_to_dwh_users scheduled__2025-04-01T00:00:00+00:00 [queued]>
[2026-02-27T19:00:21.776+0000] {taskinstance.py:2076} INFO - Dependencies all met for dep_context=requeueable deps ti=<TaskInstance: oltp_s3_dwh.upload_s3_to_dwh_users scheduled__2025-04-01T00:00:00+00:00 [queued]>
[2026-02-27T19:00:21.780+0000] {taskinstance.py:2306} INFO - Starting attempt 1 of 1
[2026-02-27T19:00:21.832+0000] {taskinstance.py:2330} INFO - Executing <Task(PythonOperator): upload_s3_to_dwh_users> on 2025-04-01 00:00:00+00:00
[2026-02-27T19:00:21.892+0000] {logging_mixin.py:188} WARNING - /home/***/.local/lib/python3.12/site-packages/***/task/task_runner/standard_task_runner.py:62 DeprecationWarning: This process (pid=32217) is multi-threaded, use of fork() may lead to deadlocks in the child.
[2026-02-27T19:00:21.905+0000] {standard_task_runner.py:64} INFO - Started process 32252 to run task
[2026-02-27T19:00:21.897+0000] {standard_task_runner.py:90} INFO - Running: ['***', 'tasks', 'run', 'oltp_s3_dwh', 'upload_s3_to_dwh_users', 'scheduled__2025-04-01T00:00:00+00:00', '--job-id', '1573', '--raw', '--subdir', 'DAGS_FOLDER/oltp_s3_dwh.py', '--cfg-path', '/tmp/tmprps85fkv']
[2026-02-27T19:00:21.914+0000] {standard_task_runner.py:91} INFO - Job 1573: Subtask upload_s3_to_dwh_users
[2026-02-27T19:00:22.044+0000] {task_command.py:426} INFO - Running <TaskInstance: oltp_s3_dwh.upload_s3_to_dwh_users scheduled__2025-04-01T00:00:00+00:00 [running]> on host 31b45edbecf3
[2026-02-27T19:00:22.263+0000] {taskinstance.py:2648} INFO - Exporting env vars: AIRFLOW_CTX_DAG_OWNER='***' AIRFLOW_CTX_DAG_ID='oltp_s3_dwh' AIRFLOW_CTX_TASK_ID='upload_s3_to_dwh_users' AIRFLOW_CTX_EXECUTION_DATE='2025-04-01T00:00:00+00:00' AIRFLOW_CTX_TRY_NUMBER='1' AIRFLOW_CTX_DAG_RUN_ID='scheduled__2025-04-01T00:00:00+00:00'
[2026-02-27T19:00:22.265+0000] {taskinstance.py:430} INFO - ::endgroup::
[2026-02-27T19:00:22.306+0000] {base.py:84} INFO - Using connection ID 'postgres_dwh' for task execution.
[2026-02-27T19:00:22.314+0000] {sql.py:495} INFO - Running statement: SELECT table_schema, table_name FROM information_schema.tables WHERE table_schema = 'staging';, parameters: None
[2026-02-27T19:00:22.320+0000] {sql.py:504} INFO - Rows affected: 9
[2026-02-27T19:00:22.324+0000] {logging_mixin.py:188} INFO - DEBUG: Доступные таблицы в схеме staging: [('staging', 'exchange_rates'), ('staging', 'cards'), ('staging', 'users'), ('staging', 'accounts'), ('staging', 'dict_tariffs'), ('staging', 'transactions'), ('staging', 'dict_mcc'), ('staging', 'dict_regions'), ('staging', 'dict_merchants')]
[2026-02-27T19:00:22.334+0000] {base.py:84} INFO - Using connection ID 'minio_conn_id' for task execution.
[2026-02-27T19:00:22.336+0000] {connection_wrapper.py:384} INFO - AWS Connection (conn_id='minio_conn_id', conn_type='aws') credentials retrieved from login and ***.
[2026-02-27T19:00:23.039+0000] {logging_mixin.py:188} INFO - Файл raw/not_dict/users/2025-04-01/data.parquet не найден в S3. Пропускаем загрузку.
[2026-02-27T19:00:23.050+0000] {python.py:237} INFO - Done. Returned value was: None
[2026-02-27T19:00:23.051+0000] {taskinstance.py:441} INFO - ::group::Post task execution logs
[2026-02-27T19:00:23.072+0000] {taskinstance.py:1206} INFO - Marking task as SUCCESS. dag_id=oltp_s3_dwh, task_id=upload_s3_to_dwh_users, run_id=scheduled__2025-04-01T00:00:00+00:00, execution_date=20250401T000000, start_date=20260227T190021, end_date=20260227T190023
[2026-02-27T19:00:23.142+0000] {local_task_job_runner.py:243} INFO - Task exited with return code 0
[2026-02-27T19:00:23.190+0000] {taskinstance.py:3503} INFO - 0 downstream tasks scheduled from follow-on schedule check
[2026-02-27T19:00:23.202+0000] {local_task_job_runner.py:222} INFO - ::endgroup::
