[2026-02-26T12:07:20.583+0000] {local_task_job_runner.py:120} INFO - ::group::Pre task execution logs
[2026-02-26T12:07:20.636+0000] {taskinstance.py:2076} INFO - Dependencies all met for dep_context=non-requeueable deps ti=<TaskInstance: oltp_s3_dwh.upload_postgre_to_s3_dict_tariffs scheduled__2025-10-01T00:00:00+00:00 [queued]>
[2026-02-26T12:07:20.674+0000] {taskinstance.py:2076} INFO - Dependencies all met for dep_context=requeueable deps ti=<TaskInstance: oltp_s3_dwh.upload_postgre_to_s3_dict_tariffs scheduled__2025-10-01T00:00:00+00:00 [queued]>
[2026-02-26T12:07:20.675+0000] {taskinstance.py:2306} INFO - Starting attempt 1 of 1
[2026-02-26T12:07:20.739+0000] {taskinstance.py:2330} INFO - Executing <Task(PythonOperator): upload_postgre_to_s3_dict_tariffs> on 2025-10-01 00:00:00+00:00
[2026-02-26T12:07:20.801+0000] {logging_mixin.py:188} WARNING - /home/***/.local/lib/python3.12/site-packages/***/task/task_runner/standard_task_runner.py:62 DeprecationWarning: This process (pid=4749) is multi-threaded, use of fork() may lead to deadlocks in the child.
[2026-02-26T12:07:20.811+0000] {standard_task_runner.py:64} INFO - Started process 4781 to run task
[2026-02-26T12:07:20.806+0000] {standard_task_runner.py:90} INFO - Running: ['***', 'tasks', 'run', 'oltp_s3_dwh', 'upload_postgre_to_s3_dict_tariffs', 'scheduled__2025-10-01T00:00:00+00:00', '--job-id', '1059', '--raw', '--subdir', 'DAGS_FOLDER/oltp_s3_dwh_dict.py', '--cfg-path', '/tmp/tmprj348kkb']
[2026-02-26T12:07:20.827+0000] {standard_task_runner.py:91} INFO - Job 1059: Subtask upload_postgre_to_s3_dict_tariffs
[2026-02-26T12:07:21.082+0000] {task_command.py:426} INFO - Running <TaskInstance: oltp_s3_dwh.upload_postgre_to_s3_dict_tariffs scheduled__2025-10-01T00:00:00+00:00 [running]> on host 31b45edbecf3
[2026-02-26T12:07:21.495+0000] {taskinstance.py:2648} INFO - Exporting env vars: AIRFLOW_CTX_DAG_OWNER='***' AIRFLOW_CTX_DAG_ID='oltp_s3_dwh' AIRFLOW_CTX_TASK_ID='upload_postgre_to_s3_dict_tariffs' AIRFLOW_CTX_EXECUTION_DATE='2025-10-01T00:00:00+00:00' AIRFLOW_CTX_TRY_NUMBER='1' AIRFLOW_CTX_DAG_RUN_ID='scheduled__2025-10-01T00:00:00+00:00'
[2026-02-26T12:07:21.501+0000] {taskinstance.py:430} INFO - ::endgroup::
[2026-02-26T12:07:21.618+0000] {base.py:84} INFO - Using connection ID 'postgres_oltp' for task execution.
[2026-02-26T12:07:21.671+0000] {logging_mixin.py:188} WARNING - /home/***/.local/lib/python3.12/site-packages/***/providers/common/sql/hooks/sql.py:269 UserWarning: pandas only supports SQLAlchemy connectable (engine/connection) or database string URI or sqlite3 DBAPI2 connection. Other DBAPI2 objects are not tested. Please consider using SQLAlchemy.
[2026-02-26T12:07:21.950+0000] {base.py:84} INFO - Using connection ID 'minio_conn_id' for task execution.
[2026-02-26T12:07:21.960+0000] {connection_wrapper.py:384} INFO - AWS Connection (conn_id='minio_conn_id', conn_type='aws') credentials retrieved from login and ***.
[2026-02-26T12:07:23.336+0000] {python.py:237} INFO - Done. Returned value was: None
[2026-02-26T12:07:23.337+0000] {taskinstance.py:441} INFO - ::group::Post task execution logs
[2026-02-26T12:07:23.350+0000] {taskinstance.py:1206} INFO - Marking task as SUCCESS. dag_id=oltp_s3_dwh, task_id=upload_postgre_to_s3_dict_tariffs, run_id=scheduled__2025-10-01T00:00:00+00:00, execution_date=20251001T000000, start_date=20260226T120720, end_date=20260226T120723
[2026-02-26T12:07:23.430+0000] {local_task_job_runner.py:243} INFO - Task exited with return code 0
[2026-02-26T12:07:23.440+0000] {local_task_job_runner.py:222} INFO - ::endgroup::
[2026-02-27T19:01:28.602+0000] {local_task_job_runner.py:120} INFO - ::group::Pre task execution logs
[2026-02-27T19:01:28.680+0000] {taskinstance.py:2076} INFO - Dependencies all met for dep_context=non-requeueable deps ti=<TaskInstance: oltp_s3_dwh.upload_postgre_to_s3_dict_tariffs scheduled__2025-10-01T00:00:00+00:00 [queued]>
[2026-02-27T19:01:28.714+0000] {taskinstance.py:2076} INFO - Dependencies all met for dep_context=requeueable deps ti=<TaskInstance: oltp_s3_dwh.upload_postgre_to_s3_dict_tariffs scheduled__2025-10-01T00:00:00+00:00 [queued]>
[2026-02-27T19:01:28.715+0000] {taskinstance.py:2306} INFO - Starting attempt 1 of 1
[2026-02-27T19:01:28.748+0000] {taskinstance.py:2330} INFO - Executing <Task(PythonOperator): upload_postgre_to_s3_dict_tariffs> on 2025-10-01 00:00:00+00:00
[2026-02-27T19:01:28.774+0000] {logging_mixin.py:188} WARNING - /home/***/.local/lib/python3.12/site-packages/***/task/task_runner/standard_task_runner.py:62 DeprecationWarning: This process (pid=32834) is multi-threaded, use of fork() may lead to deadlocks in the child.
[2026-02-27T19:01:28.804+0000] {standard_task_runner.py:64} INFO - Started process 32848 to run task
[2026-02-27T19:01:28.793+0000] {standard_task_runner.py:90} INFO - Running: ['***', 'tasks', 'run', 'oltp_s3_dwh', 'upload_postgre_to_s3_dict_tariffs', 'scheduled__2025-10-01T00:00:00+00:00', '--job-id', '1696', '--raw', '--subdir', 'DAGS_FOLDER/oltp_s3_dwh.py', '--cfg-path', '/tmp/tmpd_nt3vok']
[2026-02-27T19:01:28.834+0000] {standard_task_runner.py:91} INFO - Job 1696: Subtask upload_postgre_to_s3_dict_tariffs
[2026-02-27T19:01:28.999+0000] {task_command.py:426} INFO - Running <TaskInstance: oltp_s3_dwh.upload_postgre_to_s3_dict_tariffs scheduled__2025-10-01T00:00:00+00:00 [running]> on host 31b45edbecf3
[2026-02-27T19:01:29.382+0000] {taskinstance.py:2648} INFO - Exporting env vars: AIRFLOW_CTX_DAG_OWNER='***' AIRFLOW_CTX_DAG_ID='oltp_s3_dwh' AIRFLOW_CTX_TASK_ID='upload_postgre_to_s3_dict_tariffs' AIRFLOW_CTX_EXECUTION_DATE='2025-10-01T00:00:00+00:00' AIRFLOW_CTX_TRY_NUMBER='1' AIRFLOW_CTX_DAG_RUN_ID='scheduled__2025-10-01T00:00:00+00:00'
[2026-02-27T19:01:29.390+0000] {taskinstance.py:430} INFO - ::endgroup::
[2026-02-27T19:01:29.505+0000] {base.py:84} INFO - Using connection ID 'postgres_oltp' for task execution.
[2026-02-27T19:01:29.538+0000] {logging_mixin.py:188} WARNING - /home/***/.local/lib/python3.12/site-packages/***/providers/common/sql/hooks/sql.py:269 UserWarning: pandas only supports SQLAlchemy connectable (engine/connection) or database string URI or sqlite3 DBAPI2 connection. Other DBAPI2 objects are not tested. Please consider using SQLAlchemy.
[2026-02-27T19:01:29.637+0000] {base.py:84} INFO - Using connection ID 'minio_conn_id' for task execution.
[2026-02-27T19:01:29.641+0000] {connection_wrapper.py:384} INFO - AWS Connection (conn_id='minio_conn_id', conn_type='aws') credentials retrieved from login and ***.
[2026-02-27T19:01:30.744+0000] {python.py:237} INFO - Done. Returned value was: None
[2026-02-27T19:01:30.745+0000] {taskinstance.py:441} INFO - ::group::Post task execution logs
[2026-02-27T19:01:30.786+0000] {taskinstance.py:1206} INFO - Marking task as SUCCESS. dag_id=oltp_s3_dwh, task_id=upload_postgre_to_s3_dict_tariffs, run_id=scheduled__2025-10-01T00:00:00+00:00, execution_date=20251001T000000, start_date=20260227T190128, end_date=20260227T190130
[2026-02-27T19:01:30.824+0000] {local_task_job_runner.py:243} INFO - Task exited with return code 0
[2026-02-27T19:01:30.871+0000] {taskinstance.py:3503} INFO - 1 downstream tasks scheduled from follow-on schedule check
[2026-02-27T19:01:30.975+0000] {local_task_job_runner.py:222} INFO - ::endgroup::
