[2026-02-20T12:27:26.828+0000] {local_task_job_runner.py:120} INFO - ::group::Pre task execution logs
[2026-02-20T12:27:26.849+0000] {taskinstance.py:2076} INFO - Dependencies all met for dep_context=non-requeueable deps ti=<TaskInstance: load_cb_courses.extract_cbr scheduled__2025-04-10T00:00:00+00:00 [queued]>
[2026-02-20T12:27:26.866+0000] {taskinstance.py:2076} INFO - Dependencies all met for dep_context=requeueable deps ti=<TaskInstance: load_cb_courses.extract_cbr scheduled__2025-04-10T00:00:00+00:00 [queued]>
[2026-02-20T12:27:26.868+0000] {taskinstance.py:2306} INFO - Starting attempt 1 of 1
[2026-02-20T12:27:26.886+0000] {taskinstance.py:2330} INFO - Executing <Task(PythonOperator): extract_cbr> on 2025-04-10 00:00:00+00:00
[2026-02-20T12:27:26.899+0000] {logging_mixin.py:188} WARNING - /home/***/.local/lib/python3.12/site-packages/***/task/task_runner/standard_task_runner.py:62 DeprecationWarning: This process (pid=6110) is multi-threaded, use of fork() may lead to deadlocks in the child.
[2026-02-20T12:27:26.901+0000] {standard_task_runner.py:64} INFO - Started process 6117 to run task
[2026-02-20T12:27:26.901+0000] {standard_task_runner.py:90} INFO - Running: ['***', 'tasks', 'run', 'load_cb_courses', 'extract_cbr', 'scheduled__2025-04-10T00:00:00+00:00', '--job-id', '200', '--raw', '--subdir', 'DAGS_FOLDER/api_cb.py', '--cfg-path', '/tmp/tmpblx0qzus']
[2026-02-20T12:27:26.904+0000] {standard_task_runner.py:91} INFO - Job 200: Subtask extract_cbr
[2026-02-20T12:27:26.970+0000] {task_command.py:426} INFO - Running <TaskInstance: load_cb_courses.extract_cbr scheduled__2025-04-10T00:00:00+00:00 [running]> on host 78aa58ce5a8d
[2026-02-20T12:27:27.087+0000] {taskinstance.py:2648} INFO - Exporting env vars: AIRFLOW_CTX_DAG_OWNER='Umar Mazoriev' AIRFLOW_CTX_DAG_ID='load_cb_courses' AIRFLOW_CTX_TASK_ID='extract_cbr' AIRFLOW_CTX_EXECUTION_DATE='2025-04-10T00:00:00+00:00' AIRFLOW_CTX_TRY_NUMBER='1' AIRFLOW_CTX_DAG_RUN_ID='scheduled__2025-04-10T00:00:00+00:00'
[2026-02-20T12:27:27.088+0000] {taskinstance.py:430} INFO - ::endgroup::
[2026-02-20T12:27:27.245+0000] {base.py:84} INFO - Using connection ID 'minio_conn_id' for task execution.
[2026-02-20T12:27:27.246+0000] {connection_wrapper.py:384} INFO - AWS Connection (conn_id='minio_conn_id', conn_type='aws') credentials retrieved from login and password.
[2026-02-20T12:27:27.553+0000] {python.py:237} INFO - Done. Returned value was: raw/cbr/rates_2025-04-10.csv
[2026-02-20T12:27:27.554+0000] {taskinstance.py:441} INFO - ::group::Post task execution logs
[2026-02-20T12:27:27.591+0000] {taskinstance.py:1206} INFO - Marking task as SUCCESS. dag_id=load_cb_courses, task_id=extract_cbr, run_id=scheduled__2025-04-10T00:00:00+00:00, execution_date=20250410T000000, start_date=20260220T122726, end_date=20260220T122727
[2026-02-20T12:27:27.645+0000] {local_task_job_runner.py:243} INFO - Task exited with return code 0
[2026-02-20T12:27:27.669+0000] {taskinstance.py:3503} INFO - 0 downstream tasks scheduled from follow-on schedule check
[2026-02-20T12:27:27.674+0000] {local_task_job_runner.py:222} INFO - ::endgroup::
