[2026-02-27T10:32:00.647+0000] {local_task_job_runner.py:120} INFO - ::group::Pre task execution logs
[2026-02-27T10:32:00.695+0000] {taskinstance.py:2076} INFO - Dependencies all met for dep_context=non-requeueable deps ti=<TaskInstance: staging_to_core.transform_dict_regions_to_core scheduled__2025-09-01T00:00:00+00:00 [queued]>
[2026-02-27T10:32:00.708+0000] {taskinstance.py:2076} INFO - Dependencies all met for dep_context=requeueable deps ti=<TaskInstance: staging_to_core.transform_dict_regions_to_core scheduled__2025-09-01T00:00:00+00:00 [queued]>
[2026-02-27T10:32:00.709+0000] {taskinstance.py:2306} INFO - Starting attempt 1 of 1
[2026-02-27T10:32:00.726+0000] {taskinstance.py:2330} INFO - Executing <Task(PostgresOperator): transform_dict_regions_to_core> on 2025-09-01 00:00:00+00:00
[2026-02-27T10:32:00.737+0000] {logging_mixin.py:188} WARNING - /home/***/.local/lib/python3.12/site-packages/***/task/task_runner/standard_task_runner.py:62 DeprecationWarning: This process (pid=9444) is multi-threaded, use of fork() may lead to deadlocks in the child.
[2026-02-27T10:32:00.737+0000] {standard_task_runner.py:90} INFO - Running: ['***', 'tasks', 'run', 'staging_to_core', 'transform_dict_regions_to_core', 'scheduled__2025-09-01T00:00:00+00:00', '--job-id', '1422', '--raw', '--subdir', 'DAGS_FOLDER/staging_to_core.py', '--cfg-path', '/tmp/tmp4fym6yn4']
[2026-02-27T10:32:00.738+0000] {standard_task_runner.py:64} INFO - Started process 9445 to run task
[2026-02-27T10:32:00.739+0000] {standard_task_runner.py:91} INFO - Job 1422: Subtask transform_dict_regions_to_core
[2026-02-27T10:32:00.804+0000] {task_command.py:426} INFO - Running <TaskInstance: staging_to_core.transform_dict_regions_to_core scheduled__2025-09-01T00:00:00+00:00 [running]> on host 31b45edbecf3
[2026-02-27T10:32:00.921+0000] {taskinstance.py:2648} INFO - Exporting env vars: AIRFLOW_CTX_DAG_OWNER='***' AIRFLOW_CTX_DAG_ID='staging_to_core' AIRFLOW_CTX_TASK_ID='transform_dict_regions_to_core' AIRFLOW_CTX_EXECUTION_DATE='2025-09-01T00:00:00+00:00' AIRFLOW_CTX_TRY_NUMBER='1' AIRFLOW_CTX_DAG_RUN_ID='scheduled__2025-09-01T00:00:00+00:00'
[2026-02-27T10:32:00.923+0000] {taskinstance.py:430} INFO - ::endgroup::
[2026-02-27T10:32:00.940+0000] {sql.py:282} INFO - Executing: 
                    INSERT INTO core.dict_regions
                    SELECT * FROM staging.dict_regions
                    ON CONFLICT (region_id) 
                    DO UPDATE SET
                        region_name = EXCLUDED.region_name, city = EXCLUDED.city, timezone = EXCLUDED.timezone;
                
[2026-02-27T10:32:00.952+0000] {base.py:84} INFO - Using connection ID 'postgres_dwh' for task execution.
[2026-02-27T10:32:00.964+0000] {base.py:84} INFO - Using connection ID 'postgres_dwh' for task execution.
[2026-02-27T10:32:00.971+0000] {sql.py:495} INFO - Running statement: 
                    INSERT INTO core.dict_regions
                    SELECT * FROM staging.dict_regions
                    ON CONFLICT (region_id) 
                    DO UPDATE SET
                        region_name = EXCLUDED.region_name, city = EXCLUDED.city, timezone = EXCLUDED.timezone;
                , parameters: None
[2026-02-27T10:32:00.974+0000] {sql.py:504} INFO - Rows affected: 24
[2026-02-27T10:32:00.978+0000] {taskinstance.py:441} INFO - ::group::Post task execution logs
[2026-02-27T10:32:00.990+0000] {taskinstance.py:1206} INFO - Marking task as SUCCESS. dag_id=staging_to_core, task_id=transform_dict_regions_to_core, run_id=scheduled__2025-09-01T00:00:00+00:00, execution_date=20250901T000000, start_date=20260227T103200, end_date=20260227T103200
[2026-02-27T10:32:01.038+0000] {local_task_job_runner.py:243} INFO - Task exited with return code 0
[2026-02-27T10:32:01.054+0000] {logging_mixin.py:188} WARNING - /home/***/.local/lib/python3.12/site-packages/***/models/baseoperator.py:1297 AirflowProviderDeprecationWarning: Call to deprecated class PostgresOperator. (Please use `***.providers.common.sql.operators.sql.SQLExecuteQueryOperator`.Also, you can provide `hook_params={'schema': <database>}`.)
[2026-02-27T10:32:01.096+0000] {taskinstance.py:3503} INFO - 1 downstream tasks scheduled from follow-on schedule check
[2026-02-27T10:32:01.101+0000] {local_task_job_runner.py:222} INFO - ::endgroup::
[2026-02-27T19:03:48.219+0000] {local_task_job_runner.py:120} INFO - ::group::Pre task execution logs
[2026-02-27T19:03:48.269+0000] {taskinstance.py:2076} INFO - Dependencies all met for dep_context=non-requeueable deps ti=<TaskInstance: staging_to_core.transform_dict_regions_to_core scheduled__2025-09-01T00:00:00+00:00 [queued]>
[2026-02-27T19:03:48.286+0000] {taskinstance.py:2076} INFO - Dependencies all met for dep_context=requeueable deps ti=<TaskInstance: staging_to_core.transform_dict_regions_to_core scheduled__2025-09-01T00:00:00+00:00 [queued]>
[2026-02-27T19:03:48.287+0000] {taskinstance.py:2306} INFO - Starting attempt 1 of 1
[2026-02-27T19:03:48.307+0000] {taskinstance.py:2330} INFO - Executing <Task(PostgresOperator): transform_dict_regions_to_core> on 2025-09-01 00:00:00+00:00
[2026-02-27T19:03:48.317+0000] {logging_mixin.py:188} WARNING - /home/***/.local/lib/python3.12/site-packages/***/task/task_runner/standard_task_runner.py:62 DeprecationWarning: This process (pid=33497) is multi-threaded, use of fork() may lead to deadlocks in the child.
[2026-02-27T19:03:48.319+0000] {standard_task_runner.py:64} INFO - Started process 33498 to run task
[2026-02-27T19:03:48.319+0000] {standard_task_runner.py:90} INFO - Running: ['***', 'tasks', 'run', 'staging_to_core', 'transform_dict_regions_to_core', 'scheduled__2025-09-01T00:00:00+00:00', '--job-id', '1854', '--raw', '--subdir', 'DAGS_FOLDER/staging_to_core.py', '--cfg-path', '/tmp/tmp7d0n8j0a']
[2026-02-27T19:03:48.321+0000] {standard_task_runner.py:91} INFO - Job 1854: Subtask transform_dict_regions_to_core
[2026-02-27T19:03:48.392+0000] {task_command.py:426} INFO - Running <TaskInstance: staging_to_core.transform_dict_regions_to_core scheduled__2025-09-01T00:00:00+00:00 [running]> on host 31b45edbecf3
[2026-02-27T19:03:48.520+0000] {taskinstance.py:2648} INFO - Exporting env vars: AIRFLOW_CTX_DAG_OWNER='***' AIRFLOW_CTX_DAG_ID='staging_to_core' AIRFLOW_CTX_TASK_ID='transform_dict_regions_to_core' AIRFLOW_CTX_EXECUTION_DATE='2025-09-01T00:00:00+00:00' AIRFLOW_CTX_TRY_NUMBER='1' AIRFLOW_CTX_DAG_RUN_ID='scheduled__2025-09-01T00:00:00+00:00'
[2026-02-27T19:03:48.522+0000] {taskinstance.py:430} INFO - ::endgroup::
[2026-02-27T19:03:48.540+0000] {sql.py:282} INFO - Executing: 
                    INSERT INTO core.dict_regions
                    SELECT * FROM staging.dict_regions
                    ON CONFLICT (region_id) 
                    DO UPDATE SET
                        region_name = EXCLUDED.region_name, city = EXCLUDED.city, timezone = EXCLUDED.timezone;
                
[2026-02-27T19:03:48.555+0000] {base.py:84} INFO - Using connection ID 'postgres_dwh' for task execution.
[2026-02-27T19:03:48.571+0000] {base.py:84} INFO - Using connection ID 'postgres_dwh' for task execution.
[2026-02-27T19:03:48.579+0000] {sql.py:495} INFO - Running statement: 
                    INSERT INTO core.dict_regions
                    SELECT * FROM staging.dict_regions
                    ON CONFLICT (region_id) 
                    DO UPDATE SET
                        region_name = EXCLUDED.region_name, city = EXCLUDED.city, timezone = EXCLUDED.timezone;
                , parameters: None
[2026-02-27T19:03:48.582+0000] {sql.py:504} INFO - Rows affected: 3
[2026-02-27T19:03:48.589+0000] {taskinstance.py:441} INFO - ::group::Post task execution logs
[2026-02-27T19:03:48.605+0000] {taskinstance.py:1206} INFO - Marking task as SUCCESS. dag_id=staging_to_core, task_id=transform_dict_regions_to_core, run_id=scheduled__2025-09-01T00:00:00+00:00, execution_date=20250901T000000, start_date=20260227T190348, end_date=20260227T190348
[2026-02-27T19:03:48.658+0000] {local_task_job_runner.py:243} INFO - Task exited with return code 0
[2026-02-27T19:03:48.676+0000] {logging_mixin.py:188} WARNING - /home/***/.local/lib/python3.12/site-packages/***/models/baseoperator.py:1297 AirflowProviderDeprecationWarning: Call to deprecated class PostgresOperator. (Please use `***.providers.common.sql.operators.sql.SQLExecuteQueryOperator`.Also, you can provide `hook_params={'schema': <database>}`.)
[2026-02-27T19:03:48.720+0000] {taskinstance.py:3503} INFO - 1 downstream tasks scheduled from follow-on schedule check
[2026-02-27T19:03:48.725+0000] {local_task_job_runner.py:222} INFO - ::endgroup::
