[2026-02-27T10:31:47.679+0000] {local_task_job_runner.py:120} INFO - ::group::Pre task execution logs
[2026-02-27T10:31:47.727+0000] {taskinstance.py:2076} INFO - Dependencies all met for dep_context=non-requeueable deps ti=<TaskInstance: staging_to_core.wait_for_users scheduled__2025-08-01T00:00:00+00:00 [queued]>
[2026-02-27T10:31:47.746+0000] {taskinstance.py:2076} INFO - Dependencies all met for dep_context=requeueable deps ti=<TaskInstance: staging_to_core.wait_for_users scheduled__2025-08-01T00:00:00+00:00 [queued]>
[2026-02-27T10:31:47.747+0000] {taskinstance.py:2306} INFO - Starting attempt 1 of 1
[2026-02-27T10:31:47.772+0000] {taskinstance.py:2330} INFO - Executing <Task(ExternalTaskSensor): wait_for_users> on 2025-08-01 00:00:00+00:00
[2026-02-27T10:31:47.782+0000] {logging_mixin.py:188} WARNING - /home/***/.local/lib/python3.12/site-packages/***/task/task_runner/standard_task_runner.py:62 DeprecationWarning: This process (pid=9419) is multi-threaded, use of fork() may lead to deadlocks in the child.
[2026-02-27T10:31:47.784+0000] {standard_task_runner.py:64} INFO - Started process 9420 to run task
[2026-02-27T10:31:47.787+0000] {standard_task_runner.py:90} INFO - Running: ['***', 'tasks', 'run', 'staging_to_core', 'wait_for_users', 'scheduled__2025-08-01T00:00:00+00:00', '--job-id', '1413', '--raw', '--subdir', 'DAGS_FOLDER/staging_to_core.py', '--cfg-path', '/tmp/tmpqjcdlxiv']
[2026-02-27T10:31:47.789+0000] {standard_task_runner.py:91} INFO - Job 1413: Subtask wait_for_users
[2026-02-27T10:31:47.869+0000] {task_command.py:426} INFO - Running <TaskInstance: staging_to_core.wait_for_users scheduled__2025-08-01T00:00:00+00:00 [running]> on host 31b45edbecf3
[2026-02-27T10:31:48.009+0000] {taskinstance.py:2648} INFO - Exporting env vars: AIRFLOW_CTX_DAG_OWNER='***' AIRFLOW_CTX_DAG_ID='staging_to_core' AIRFLOW_CTX_TASK_ID='wait_for_users' AIRFLOW_CTX_EXECUTION_DATE='2025-08-01T00:00:00+00:00' AIRFLOW_CTX_TRY_NUMBER='1' AIRFLOW_CTX_DAG_RUN_ID='scheduled__2025-08-01T00:00:00+00:00'
[2026-02-27T10:31:48.011+0000] {taskinstance.py:430} INFO - ::endgroup::
[2026-02-27T10:31:48.030+0000] {baseoperator.py:400} WARNING - ExternalTaskSensor.execute cannot be called outside TaskInstance!
[2026-02-27T10:31:48.051+0000] {external_task.py:258} INFO - Poking for tasks ['upload_s3_to_dwh_users'] in dag oltp_s3_dwh on 2025-08-01T00:00:00+00:00 ... 
[2026-02-27T10:31:48.055+0000] {logging_mixin.py:188} WARNING - /home/***/.local/lib/python3.12/site-packages/***/utils/session.py:79 DeprecationWarning: This method is deprecated and will be removed in future.
[2026-02-27T10:31:48.076+0000] {base.py:294} INFO - Success criteria met. Exiting.
[2026-02-27T10:31:48.076+0000] {taskinstance.py:441} INFO - ::group::Post task execution logs
[2026-02-27T10:31:48.095+0000] {taskinstance.py:1206} INFO - Marking task as SUCCESS. dag_id=staging_to_core, task_id=wait_for_users, run_id=scheduled__2025-08-01T00:00:00+00:00, execution_date=20250801T000000, start_date=20260227T103147, end_date=20260227T103148
[2026-02-27T10:31:48.132+0000] {local_task_job_runner.py:243} INFO - Task exited with return code 0
[2026-02-27T10:31:48.147+0000] {logging_mixin.py:188} WARNING - /home/***/.local/lib/python3.12/site-packages/***/models/baseoperator.py:1297 AirflowProviderDeprecationWarning: Call to deprecated class PostgresOperator. (Please use `***.providers.common.sql.operators.sql.SQLExecuteQueryOperator`.Also, you can provide `hook_params={'schema': <database>}`.)
[2026-02-27T10:31:48.181+0000] {taskinstance.py:3503} INFO - 1 downstream tasks scheduled from follow-on schedule check
[2026-02-27T10:31:48.185+0000] {local_task_job_runner.py:222} INFO - ::endgroup::
[2026-02-27T19:03:36.560+0000] {local_task_job_runner.py:120} INFO - ::group::Pre task execution logs
[2026-02-27T19:03:36.617+0000] {taskinstance.py:2076} INFO - Dependencies all met for dep_context=non-requeueable deps ti=<TaskInstance: staging_to_core.wait_for_users scheduled__2025-08-01T00:00:00+00:00 [queued]>
[2026-02-27T19:03:36.632+0000] {taskinstance.py:2076} INFO - Dependencies all met for dep_context=requeueable deps ti=<TaskInstance: staging_to_core.wait_for_users scheduled__2025-08-01T00:00:00+00:00 [queued]>
[2026-02-27T19:03:36.634+0000] {taskinstance.py:2306} INFO - Starting attempt 1 of 1
[2026-02-27T19:03:36.659+0000] {taskinstance.py:2330} INFO - Executing <Task(ExternalTaskSensor): wait_for_users> on 2025-08-01 00:00:00+00:00
[2026-02-27T19:03:36.668+0000] {logging_mixin.py:188} WARNING - /home/***/.local/lib/python3.12/site-packages/***/task/task_runner/standard_task_runner.py:62 DeprecationWarning: This process (pid=33467) is multi-threaded, use of fork() may lead to deadlocks in the child.
[2026-02-27T19:03:36.673+0000] {standard_task_runner.py:64} INFO - Started process 33468 to run task
[2026-02-27T19:03:36.670+0000] {standard_task_runner.py:90} INFO - Running: ['***', 'tasks', 'run', 'staging_to_core', 'wait_for_users', 'scheduled__2025-08-01T00:00:00+00:00', '--job-id', '1845', '--raw', '--subdir', 'DAGS_FOLDER/staging_to_core.py', '--cfg-path', '/tmp/tmp20jp6lf1']
[2026-02-27T19:03:36.683+0000] {standard_task_runner.py:91} INFO - Job 1845: Subtask wait_for_users
[2026-02-27T19:03:36.776+0000] {task_command.py:426} INFO - Running <TaskInstance: staging_to_core.wait_for_users scheduled__2025-08-01T00:00:00+00:00 [running]> on host 31b45edbecf3
[2026-02-27T19:03:36.979+0000] {taskinstance.py:2648} INFO - Exporting env vars: AIRFLOW_CTX_DAG_OWNER='***' AIRFLOW_CTX_DAG_ID='staging_to_core' AIRFLOW_CTX_TASK_ID='wait_for_users' AIRFLOW_CTX_EXECUTION_DATE='2025-08-01T00:00:00+00:00' AIRFLOW_CTX_TRY_NUMBER='1' AIRFLOW_CTX_DAG_RUN_ID='scheduled__2025-08-01T00:00:00+00:00'
[2026-02-27T19:03:36.980+0000] {taskinstance.py:430} INFO - ::endgroup::
[2026-02-27T19:03:36.999+0000] {baseoperator.py:400} WARNING - ExternalTaskSensor.execute cannot be called outside TaskInstance!
[2026-02-27T19:03:37.013+0000] {external_task.py:258} INFO - Poking for tasks ['upload_s3_to_dwh_users'] in dag oltp_s3_dwh on 2025-08-01T00:00:00+00:00 ... 
[2026-02-27T19:03:37.017+0000] {logging_mixin.py:188} WARNING - /home/***/.local/lib/python3.12/site-packages/***/utils/session.py:79 DeprecationWarning: This method is deprecated and will be removed in future.
[2026-02-27T19:03:37.032+0000] {base.py:294} INFO - Success criteria met. Exiting.
[2026-02-27T19:03:37.033+0000] {taskinstance.py:441} INFO - ::group::Post task execution logs
[2026-02-27T19:03:37.050+0000] {taskinstance.py:1206} INFO - Marking task as SUCCESS. dag_id=staging_to_core, task_id=wait_for_users, run_id=scheduled__2025-08-01T00:00:00+00:00, execution_date=20250801T000000, start_date=20260227T190336, end_date=20260227T190337
[2026-02-27T19:03:37.099+0000] {local_task_job_runner.py:243} INFO - Task exited with return code 0
[2026-02-27T19:03:37.113+0000] {logging_mixin.py:188} WARNING - /home/***/.local/lib/python3.12/site-packages/***/models/baseoperator.py:1297 AirflowProviderDeprecationWarning: Call to deprecated class PostgresOperator. (Please use `***.providers.common.sql.operators.sql.SQLExecuteQueryOperator`.Also, you can provide `hook_params={'schema': <database>}`.)
[2026-02-27T19:03:37.153+0000] {taskinstance.py:3503} INFO - 1 downstream tasks scheduled from follow-on schedule check
[2026-02-27T19:03:37.157+0000] {local_task_job_runner.py:222} INFO - ::endgroup::
