[2026-02-26T12:06:44.685+0000] {local_task_job_runner.py:120} INFO - ::group::Pre task execution logs
[2026-02-26T12:06:44.765+0000] {taskinstance.py:2076} INFO - Dependencies all met for dep_context=non-requeueable deps ti=<TaskInstance: oltp_s3_dwh.upload_postgre_to_s3_transactions scheduled__2025-01-01T00:00:00+00:00 [queued]>
[2026-02-26T12:06:44.825+0000] {taskinstance.py:2076} INFO - Dependencies all met for dep_context=requeueable deps ti=<TaskInstance: oltp_s3_dwh.upload_postgre_to_s3_transactions scheduled__2025-01-01T00:00:00+00:00 [queued]>
[2026-02-26T12:06:44.826+0000] {taskinstance.py:2306} INFO - Starting attempt 2 of 2
[2026-02-26T12:06:44.895+0000] {taskinstance.py:2330} INFO - Executing <Task(PythonOperator): upload_postgre_to_s3_transactions> on 2025-01-01 00:00:00+00:00
[2026-02-26T12:06:44.938+0000] {standard_task_runner.py:90} INFO - Running: ['***', 'tasks', 'run', 'oltp_s3_dwh', 'upload_postgre_to_s3_transactions', 'scheduled__2025-01-01T00:00:00+00:00', '--job-id', '990', '--raw', '--subdir', 'DAGS_FOLDER/oltp_s3_dwh_dict.py', '--cfg-path', '/tmp/tmpvisk2hfn']
[2026-02-26T12:06:44.961+0000] {standard_task_runner.py:91} INFO - Job 990: Subtask upload_postgre_to_s3_transactions
[2026-02-26T12:06:44.949+0000] {logging_mixin.py:188} WARNING - /home/***/.local/lib/python3.12/site-packages/***/task/task_runner/standard_task_runner.py:62 DeprecationWarning: This process (pid=4342) is multi-threaded, use of fork() may lead to deadlocks in the child.
[2026-02-26T12:06:44.962+0000] {standard_task_runner.py:64} INFO - Started process 4380 to run task
[2026-02-26T12:06:45.384+0000] {task_command.py:426} INFO - Running <TaskInstance: oltp_s3_dwh.upload_postgre_to_s3_transactions scheduled__2025-01-01T00:00:00+00:00 [running]> on host 31b45edbecf3
[2026-02-26T12:06:46.135+0000] {taskinstance.py:2648} INFO - Exporting env vars: AIRFLOW_CTX_DAG_OWNER='***' AIRFLOW_CTX_DAG_ID='oltp_s3_dwh' AIRFLOW_CTX_TASK_ID='upload_postgre_to_s3_transactions' AIRFLOW_CTX_EXECUTION_DATE='2025-01-01T00:00:00+00:00' AIRFLOW_CTX_TRY_NUMBER='2' AIRFLOW_CTX_DAG_RUN_ID='scheduled__2025-01-01T00:00:00+00:00'
[2026-02-26T12:06:46.142+0000] {taskinstance.py:430} INFO - ::endgroup::
[2026-02-26T12:06:46.523+0000] {base.py:84} INFO - Using connection ID 'postgres_oltp' for task execution.
[2026-02-26T12:06:46.608+0000] {logging_mixin.py:188} WARNING - /home/***/.local/lib/python3.12/site-packages/***/providers/common/sql/hooks/sql.py:269 UserWarning: pandas only supports SQLAlchemy connectable (engine/connection) or database string URI or sqlite3 DBAPI2 connection. Other DBAPI2 objects are not tested. Please consider using SQLAlchemy.
[2026-02-26T12:06:47.563+0000] {base.py:84} INFO - Using connection ID 'minio_conn_id' for task execution.
[2026-02-26T12:06:47.567+0000] {connection_wrapper.py:384} INFO - AWS Connection (conn_id='minio_conn_id', conn_type='aws') credentials retrieved from login and ***.
[2026-02-26T12:06:49.077+0000] {python.py:237} INFO - Done. Returned value was: None
[2026-02-26T12:06:49.078+0000] {taskinstance.py:441} INFO - ::group::Post task execution logs
[2026-02-26T12:06:49.106+0000] {taskinstance.py:1206} INFO - Marking task as SUCCESS. dag_id=oltp_s3_dwh, task_id=upload_postgre_to_s3_transactions, run_id=scheduled__2025-01-01T00:00:00+00:00, execution_date=20250101T000000, start_date=20260226T120644, end_date=20260226T120649
[2026-02-26T12:06:49.251+0000] {local_task_job_runner.py:243} INFO - Task exited with return code 0
[2026-02-26T12:06:49.329+0000] {local_task_job_runner.py:222} INFO - ::endgroup::
[2026-02-28T09:57:33.811+0000] {local_task_job_runner.py:120} INFO - ::group::Pre task execution logs
[2026-02-28T09:57:33.883+0000] {taskinstance.py:2076} INFO - Dependencies all met for dep_context=non-requeueable deps ti=<TaskInstance: oltp_s3_dwh.upload_postgre_to_s3_transactions scheduled__2025-01-01T00:00:00+00:00 [queued]>
[2026-02-28T09:57:33.934+0000] {taskinstance.py:2076} INFO - Dependencies all met for dep_context=requeueable deps ti=<TaskInstance: oltp_s3_dwh.upload_postgre_to_s3_transactions scheduled__2025-01-01T00:00:00+00:00 [queued]>
[2026-02-28T09:57:33.936+0000] {taskinstance.py:2306} INFO - Starting attempt 2 of 2
[2026-02-28T09:57:33.976+0000] {taskinstance.py:2330} INFO - Executing <Task(PythonOperator): upload_postgre_to_s3_transactions> on 2025-01-01 00:00:00+00:00
[2026-02-28T09:57:34.014+0000] {logging_mixin.py:188} WARNING - /home/***/.local/lib/python3.12/site-packages/***/task/task_runner/standard_task_runner.py:62 DeprecationWarning: This process (pid=1521) is multi-threaded, use of fork() may lead to deadlocks in the child.
[2026-02-28T09:57:34.016+0000] {standard_task_runner.py:64} INFO - Started process 1543 to run task
[2026-02-28T09:57:34.033+0000] {standard_task_runner.py:90} INFO - Running: ['***', 'tasks', 'run', 'oltp_s3_dwh', 'upload_postgre_to_s3_transactions', 'scheduled__2025-01-01T00:00:00+00:00', '--job-id', '1942', '--raw', '--subdir', 'DAGS_FOLDER/oltp_s3_dwh.py', '--cfg-path', '/tmp/tmpd58yh3l0']
[2026-02-28T09:57:34.055+0000] {standard_task_runner.py:91} INFO - Job 1942: Subtask upload_postgre_to_s3_transactions
[2026-02-28T09:57:34.339+0000] {task_command.py:426} INFO - Running <TaskInstance: oltp_s3_dwh.upload_postgre_to_s3_transactions scheduled__2025-01-01T00:00:00+00:00 [running]> on host 31b45edbecf3
[2026-02-28T09:57:34.923+0000] {taskinstance.py:2648} INFO - Exporting env vars: AIRFLOW_CTX_DAG_OWNER='***' AIRFLOW_CTX_DAG_ID='oltp_s3_dwh' AIRFLOW_CTX_TASK_ID='upload_postgre_to_s3_transactions' AIRFLOW_CTX_EXECUTION_DATE='2025-01-01T00:00:00+00:00' AIRFLOW_CTX_TRY_NUMBER='2' AIRFLOW_CTX_DAG_RUN_ID='scheduled__2025-01-01T00:00:00+00:00'
[2026-02-28T09:57:34.954+0000] {taskinstance.py:430} INFO - ::endgroup::
[2026-02-28T09:57:35.122+0000] {base.py:84} INFO - Using connection ID 'postgres_oltp' for task execution.
[2026-02-28T09:57:35.147+0000] {logging_mixin.py:188} WARNING - /home/***/.local/lib/python3.12/site-packages/***/providers/common/sql/hooks/sql.py:269 UserWarning: pandas only supports SQLAlchemy connectable (engine/connection) or database string URI or sqlite3 DBAPI2 connection. Other DBAPI2 objects are not tested. Please consider using SQLAlchemy.
[2026-02-28T09:57:35.557+0000] {logging_mixin.py:188} INFO - В таблице transactions нет данных
[2026-02-28T09:57:35.559+0000] {python.py:237} INFO - Done. Returned value was: None
[2026-02-28T09:57:35.564+0000] {taskinstance.py:441} INFO - ::group::Post task execution logs
[2026-02-28T09:57:35.579+0000] {taskinstance.py:1206} INFO - Marking task as SUCCESS. dag_id=oltp_s3_dwh, task_id=upload_postgre_to_s3_transactions, run_id=scheduled__2025-01-01T00:00:00+00:00, execution_date=20250101T000000, start_date=20260228T095733, end_date=20260228T095735
[2026-02-28T09:57:35.639+0000] {local_task_job_runner.py:243} INFO - Task exited with return code 0
[2026-02-28T09:57:35.722+0000] {taskinstance.py:3503} INFO - 1 downstream tasks scheduled from follow-on schedule check
[2026-02-28T09:57:35.726+0000] {local_task_job_runner.py:222} INFO - ::endgroup::
