[2026-02-26T11:50:53.953+0000] {local_task_job_runner.py:120} INFO - ::group::Pre task execution logs
[2026-02-26T11:50:54.014+0000] {taskinstance.py:2076} INFO - Dependencies all met for dep_context=non-requeueable deps ti=<TaskInstance: oltp_s3_dwh.upload_postgre_to_s3_transactions scheduled__2025-01-01T00:00:00+00:00 [queued]>
[2026-02-26T11:50:54.026+0000] {taskinstance.py:2076} INFO - Dependencies all met for dep_context=requeueable deps ti=<TaskInstance: oltp_s3_dwh.upload_postgre_to_s3_transactions scheduled__2025-01-01T00:00:00+00:00 [queued]>
[2026-02-26T11:50:54.027+0000] {taskinstance.py:2306} INFO - Starting attempt 1 of 1
[2026-02-26T11:50:54.066+0000] {taskinstance.py:2330} INFO - Executing <Task(PythonOperator): upload_postgre_to_s3_transactions> on 2025-01-01 00:00:00+00:00
[2026-02-26T11:50:54.098+0000] {logging_mixin.py:188} WARNING - /home/***/.local/lib/python3.12/site-packages/***/task/task_runner/standard_task_runner.py:62 DeprecationWarning: This process (pid=3059) is multi-threaded, use of fork() may lead to deadlocks in the child.
[2026-02-26T11:50:54.108+0000] {standard_task_runner.py:64} INFO - Started process 3076 to run task
[2026-02-26T11:50:54.110+0000] {standard_task_runner.py:90} INFO - Running: ['***', 'tasks', 'run', 'oltp_s3_dwh', 'upload_postgre_to_s3_transactions', 'scheduled__2025-01-01T00:00:00+00:00', '--job-id', '934', '--raw', '--subdir', 'DAGS_FOLDER/oltp_s3_dwh_dict.py', '--cfg-path', '/tmp/tmpr969st94']
[2026-02-26T11:50:54.119+0000] {standard_task_runner.py:91} INFO - Job 934: Subtask upload_postgre_to_s3_transactions
[2026-02-26T11:50:54.286+0000] {task_command.py:426} INFO - Running <TaskInstance: oltp_s3_dwh.upload_postgre_to_s3_transactions scheduled__2025-01-01T00:00:00+00:00 [running]> on host 31b45edbecf3
[2026-02-26T11:50:54.420+0000] {taskinstance.py:2648} INFO - Exporting env vars: AIRFLOW_CTX_DAG_OWNER='***' AIRFLOW_CTX_DAG_ID='oltp_s3_dwh' AIRFLOW_CTX_TASK_ID='upload_postgre_to_s3_transactions' AIRFLOW_CTX_EXECUTION_DATE='2025-01-01T00:00:00+00:00' AIRFLOW_CTX_TRY_NUMBER='1' AIRFLOW_CTX_DAG_RUN_ID='scheduled__2025-01-01T00:00:00+00:00'
[2026-02-26T11:50:54.426+0000] {taskinstance.py:430} INFO - ::endgroup::
[2026-02-26T11:50:54.525+0000] {base.py:84} INFO - Using connection ID 'postgres_oltp' for task execution.
[2026-02-26T11:50:54.544+0000] {logging_mixin.py:188} WARNING - /home/***/.local/lib/python3.12/site-packages/***/providers/common/sql/hooks/sql.py:269 UserWarning: pandas only supports SQLAlchemy connectable (engine/connection) or database string URI or sqlite3 DBAPI2 connection. Other DBAPI2 objects are not tested. Please consider using SQLAlchemy.
[2026-02-26T11:50:54.941+0000] {base.py:84} INFO - Using connection ID 'minio_conn_id' for task execution.
[2026-02-26T11:50:54.945+0000] {connection_wrapper.py:384} INFO - AWS Connection (conn_id='minio_conn_id', conn_type='aws') credentials retrieved from login and ***.
[2026-02-26T11:50:55.525+0000] {python.py:237} INFO - Done. Returned value was: None
[2026-02-26T11:50:55.526+0000] {taskinstance.py:441} INFO - ::group::Post task execution logs
[2026-02-26T11:50:55.542+0000] {taskinstance.py:1206} INFO - Marking task as SUCCESS. dag_id=oltp_s3_dwh, task_id=upload_postgre_to_s3_transactions, run_id=scheduled__2025-01-01T00:00:00+00:00, execution_date=20250101T000000, start_date=20260226T115054, end_date=20260226T115055
[2026-02-26T11:50:55.586+0000] {local_task_job_runner.py:243} INFO - Task exited with return code 0
[2026-02-26T11:50:55.622+0000] {taskinstance.py:3503} INFO - 0 downstream tasks scheduled from follow-on schedule check
[2026-02-26T11:50:55.633+0000] {local_task_job_runner.py:222} INFO - ::endgroup::
[2026-02-27T18:58:59.451+0000] {local_task_job_runner.py:120} INFO - ::group::Pre task execution logs
[2026-02-27T18:58:59.499+0000] {taskinstance.py:2076} INFO - Dependencies all met for dep_context=non-requeueable deps ti=<TaskInstance: oltp_s3_dwh.upload_postgre_to_s3_transactions scheduled__2025-01-01T00:00:00+00:00 [queued]>
[2026-02-27T18:58:59.520+0000] {taskinstance.py:2076} INFO - Dependencies all met for dep_context=requeueable deps ti=<TaskInstance: oltp_s3_dwh.upload_postgre_to_s3_transactions scheduled__2025-01-01T00:00:00+00:00 [queued]>
[2026-02-27T18:58:59.521+0000] {taskinstance.py:2306} INFO - Starting attempt 1 of 1
[2026-02-27T18:58:59.563+0000] {taskinstance.py:2330} INFO - Executing <Task(PythonOperator): upload_postgre_to_s3_transactions> on 2025-01-01 00:00:00+00:00
[2026-02-27T18:58:59.575+0000] {logging_mixin.py:188} WARNING - /home/***/.local/lib/python3.12/site-packages/***/task/task_runner/standard_task_runner.py:62 DeprecationWarning: This process (pid=31778) is multi-threaded, use of fork() may lead to deadlocks in the child.
[2026-02-27T18:58:59.582+0000] {standard_task_runner.py:64} INFO - Started process 31789 to run task
[2026-02-27T18:58:59.588+0000] {standard_task_runner.py:90} INFO - Running: ['***', 'tasks', 'run', 'oltp_s3_dwh', 'upload_postgre_to_s3_transactions', 'scheduled__2025-01-01T00:00:00+00:00', '--job-id', '1503', '--raw', '--subdir', 'DAGS_FOLDER/oltp_s3_dwh.py', '--cfg-path', '/tmp/tmpkb_wtuh3']
[2026-02-27T18:58:59.593+0000] {standard_task_runner.py:91} INFO - Job 1503: Subtask upload_postgre_to_s3_transactions
[2026-02-27T18:58:59.802+0000] {task_command.py:426} INFO - Running <TaskInstance: oltp_s3_dwh.upload_postgre_to_s3_transactions scheduled__2025-01-01T00:00:00+00:00 [running]> on host 31b45edbecf3
[2026-02-27T18:59:00.347+0000] {taskinstance.py:2648} INFO - Exporting env vars: AIRFLOW_CTX_DAG_OWNER='***' AIRFLOW_CTX_DAG_ID='oltp_s3_dwh' AIRFLOW_CTX_TASK_ID='upload_postgre_to_s3_transactions' AIRFLOW_CTX_EXECUTION_DATE='2025-01-01T00:00:00+00:00' AIRFLOW_CTX_TRY_NUMBER='1' AIRFLOW_CTX_DAG_RUN_ID='scheduled__2025-01-01T00:00:00+00:00'
[2026-02-27T18:59:00.349+0000] {taskinstance.py:430} INFO - ::endgroup::
[2026-02-27T18:59:00.462+0000] {base.py:84} INFO - Using connection ID 'postgres_oltp' for task execution.
[2026-02-27T18:59:00.513+0000] {logging_mixin.py:188} WARNING - /home/***/.local/lib/python3.12/site-packages/***/providers/common/sql/hooks/sql.py:269 UserWarning: pandas only supports SQLAlchemy connectable (engine/connection) or database string URI or sqlite3 DBAPI2 connection. Other DBAPI2 objects are not tested. Please consider using SQLAlchemy.
[2026-02-27T18:59:00.544+0000] {logging_mixin.py:188} INFO - В таблице transactions нет данных
[2026-02-27T18:59:00.549+0000] {python.py:237} INFO - Done. Returned value was: None
[2026-02-27T18:59:00.555+0000] {taskinstance.py:441} INFO - ::group::Post task execution logs
[2026-02-27T18:59:00.593+0000] {taskinstance.py:1206} INFO - Marking task as SUCCESS. dag_id=oltp_s3_dwh, task_id=upload_postgre_to_s3_transactions, run_id=scheduled__2025-01-01T00:00:00+00:00, execution_date=20250101T000000, start_date=20260227T185859, end_date=20260227T185900
[2026-02-27T18:59:00.647+0000] {local_task_job_runner.py:243} INFO - Task exited with return code 0
[2026-02-27T18:59:00.809+0000] {taskinstance.py:3503} INFO - 1 downstream tasks scheduled from follow-on schedule check
[2026-02-27T18:59:00.829+0000] {local_task_job_runner.py:222} INFO - ::endgroup::
