[2026-02-28T11:47:24.799+0000] {local_task_job_runner.py:120} INFO - ::group::Pre task execution logs
[2026-02-28T11:47:24.864+0000] {taskinstance.py:2076} INFO - Dependencies all met for dep_context=non-requeueable deps ti=<TaskInstance: oltp_s3_dwh.upload_postgre_to_s3_transactions scheduled__2025-01-01T00:00:00+00:00 [queued]>
[2026-02-28T11:47:24.894+0000] {taskinstance.py:2076} INFO - Dependencies all met for dep_context=requeueable deps ti=<TaskInstance: oltp_s3_dwh.upload_postgre_to_s3_transactions scheduled__2025-01-01T00:00:00+00:00 [queued]>
[2026-02-28T11:47:24.903+0000] {taskinstance.py:2306} INFO - Starting attempt 5 of 5
[2026-02-28T11:47:24.974+0000] {taskinstance.py:2330} INFO - Executing <Task(PythonOperator): upload_postgre_to_s3_transactions> on 2025-01-01 00:00:00+00:00
[2026-02-28T11:47:24.995+0000] {logging_mixin.py:188} WARNING - /home/***/.local/lib/python3.12/site-packages/***/task/task_runner/standard_task_runner.py:62 DeprecationWarning: This process (pid=9417) is multi-threaded, use of fork() may lead to deadlocks in the child.
[2026-02-28T11:47:25.021+0000] {standard_task_runner.py:64} INFO - Started process 9443 to run task
[2026-02-28T11:47:25.064+0000] {standard_task_runner.py:90} INFO - Running: ['***', 'tasks', 'run', 'oltp_s3_dwh', 'upload_postgre_to_s3_transactions', 'scheduled__2025-01-01T00:00:00+00:00', '--job-id', '2078', '--raw', '--subdir', 'DAGS_FOLDER/oltp_s3_dwh.py', '--cfg-path', '/tmp/tmpgj25pb_x']
[2026-02-28T11:47:25.075+0000] {standard_task_runner.py:91} INFO - Job 2078: Subtask upload_postgre_to_s3_transactions
[2026-02-28T11:47:25.299+0000] {task_command.py:426} INFO - Running <TaskInstance: oltp_s3_dwh.upload_postgre_to_s3_transactions scheduled__2025-01-01T00:00:00+00:00 [running]> on host 31b45edbecf3
[2026-02-28T11:47:25.630+0000] {taskinstance.py:2648} INFO - Exporting env vars: AIRFLOW_CTX_DAG_OWNER='***' AIRFLOW_CTX_DAG_ID='oltp_s3_dwh' AIRFLOW_CTX_TASK_ID='upload_postgre_to_s3_transactions' AIRFLOW_CTX_EXECUTION_DATE='2025-01-01T00:00:00+00:00' AIRFLOW_CTX_TRY_NUMBER='5' AIRFLOW_CTX_DAG_RUN_ID='scheduled__2025-01-01T00:00:00+00:00'
[2026-02-28T11:47:25.633+0000] {taskinstance.py:430} INFO - ::endgroup::
[2026-02-28T11:47:25.687+0000] {base.py:84} INFO - Using connection ID 'postgres_oltp' for task execution.
[2026-02-28T11:47:25.690+0000] {logging_mixin.py:188} INFO - DEBUG: Host: postgres_oltp
[2026-02-28T11:47:25.691+0000] {logging_mixin.py:188} INFO - DEBUG: DB Name: oltp_db
[2026-02-28T11:47:25.692+0000] {logging_mixin.py:188} INFO - DEBUG: Генерируемый SQL-запрос: select * from transactions where date_trunc('month', transaction_time AT TIME ZONE 'UTC') = date_trunc('month','2025-01-01'::date AT TIME ZONE 'UTC')
[2026-02-28T11:47:25.713+0000] {base.py:84} INFO - Using connection ID 'postgres_oltp' for task execution.
[2026-02-28T11:47:25.766+0000] {logging_mixin.py:188} WARNING - /home/***/.local/lib/python3.12/site-packages/***/providers/common/sql/hooks/sql.py:269 UserWarning: pandas only supports SQLAlchemy connectable (engine/connection) or database string URI or sqlite3 DBAPI2 connection. Other DBAPI2 objects are not tested. Please consider using SQLAlchemy.
[2026-02-28T11:47:25.996+0000] {logging_mixin.py:188} INFO - В таблице transactions нет данных за логическую дату 2025-01-01
[2026-02-28T11:47:25.997+0000] {python.py:237} INFO - Done. Returned value was: None
[2026-02-28T11:47:25.998+0000] {taskinstance.py:441} INFO - ::group::Post task execution logs
[2026-02-28T11:47:26.023+0000] {taskinstance.py:1206} INFO - Marking task as SUCCESS. dag_id=oltp_s3_dwh, task_id=upload_postgre_to_s3_transactions, run_id=scheduled__2025-01-01T00:00:00+00:00, execution_date=20250101T000000, start_date=20260228T114724, end_date=20260228T114726
[2026-02-28T11:47:26.070+0000] {local_task_job_runner.py:243} INFO - Task exited with return code 0
[2026-02-28T11:47:26.158+0000] {taskinstance.py:3503} INFO - 1 downstream tasks scheduled from follow-on schedule check
[2026-02-28T11:47:26.165+0000] {local_task_job_runner.py:222} INFO - ::endgroup::
