[2026-02-26T17:55:57.940+0000] {local_task_job_runner.py:120} INFO - ::group::Pre task execution logs
[2026-02-26T17:55:58.039+0000] {taskinstance.py:2076} INFO - Dependencies all met for dep_context=non-requeueable deps ti=<TaskInstance: oltp_s3_dwh.upload_s3_to_dwh_accounts scheduled__2025-07-01T00:00:00+00:00 [queued]>
[2026-02-26T17:55:58.119+0000] {taskinstance.py:2076} INFO - Dependencies all met for dep_context=requeueable deps ti=<TaskInstance: oltp_s3_dwh.upload_s3_to_dwh_accounts scheduled__2025-07-01T00:00:00+00:00 [queued]>
[2026-02-26T17:55:58.126+0000] {taskinstance.py:2306} INFO - Starting attempt 1 of 1
[2026-02-26T17:55:58.187+0000] {taskinstance.py:2330} INFO - Executing <Task(PythonOperator): upload_s3_to_dwh_accounts> on 2025-07-01 00:00:00+00:00
[2026-02-26T17:55:58.237+0000] {logging_mixin.py:188} WARNING - /home/***/.local/lib/python3.12/site-packages/***/task/task_runner/standard_task_runner.py:62 DeprecationWarning: This process (pid=6980) is multi-threaded, use of fork() may lead to deadlocks in the child.
[2026-02-26T17:55:58.251+0000] {standard_task_runner.py:64} INFO - Started process 7036 to run task
[2026-02-26T17:55:58.254+0000] {standard_task_runner.py:90} INFO - Running: ['***', 'tasks', 'run', 'oltp_s3_dwh', 'upload_s3_to_dwh_accounts', 'scheduled__2025-07-01T00:00:00+00:00', '--job-id', '1216', '--raw', '--subdir', 'DAGS_FOLDER/oltp_s3_dwh.py', '--cfg-path', '/tmp/tmpq1ui7lay']
[2026-02-26T17:55:58.267+0000] {standard_task_runner.py:91} INFO - Job 1216: Subtask upload_s3_to_dwh_accounts
[2026-02-26T17:55:58.395+0000] {task_command.py:426} INFO - Running <TaskInstance: oltp_s3_dwh.upload_s3_to_dwh_accounts scheduled__2025-07-01T00:00:00+00:00 [running]> on host 31b45edbecf3
[2026-02-26T17:55:58.701+0000] {taskinstance.py:2648} INFO - Exporting env vars: AIRFLOW_CTX_DAG_OWNER='***' AIRFLOW_CTX_DAG_ID='oltp_s3_dwh' AIRFLOW_CTX_TASK_ID='upload_s3_to_dwh_accounts' AIRFLOW_CTX_EXECUTION_DATE='2025-07-01T00:00:00+00:00' AIRFLOW_CTX_TRY_NUMBER='1' AIRFLOW_CTX_DAG_RUN_ID='scheduled__2025-07-01T00:00:00+00:00'
[2026-02-26T17:55:58.706+0000] {taskinstance.py:430} INFO - ::endgroup::
[2026-02-26T17:55:58.768+0000] {base.py:84} INFO - Using connection ID 'postgres_dwh' for task execution.
[2026-02-26T17:55:58.785+0000] {sql.py:495} INFO - Running statement: SELECT table_schema, table_name FROM information_schema.tables WHERE table_schema = 'staging';, parameters: None
[2026-02-26T17:55:58.793+0000] {sql.py:504} INFO - Rows affected: 9
[2026-02-26T17:55:58.797+0000] {logging_mixin.py:188} INFO - DEBUG: Доступные таблицы в схеме staging: [('staging', 'exchange_rates'), ('staging', 'users'), ('staging', 'accounts'), ('staging', 'dict_merchants'), ('staging', 'transactions'), ('staging', 'cards'), ('staging', 'dict_mcc'), ('staging', 'dict_tariffs'), ('staging', 'dict_regions')]
[2026-02-26T17:55:58.815+0000] {base.py:84} INFO - Using connection ID 'minio_conn_id' for task execution.
[2026-02-26T17:55:58.821+0000] {connection_wrapper.py:384} INFO - AWS Connection (conn_id='minio_conn_id', conn_type='aws') credentials retrieved from login and ***.
[2026-02-26T17:56:00.424+0000] {logging_mixin.py:188} INFO - Файл raw/not_dict/accounts/2025-07-01/data.parquet не найден в S3. Пропускаем загрузку.
[2026-02-26T17:56:00.438+0000] {python.py:237} INFO - Done. Returned value was: None
[2026-02-26T17:56:00.445+0000] {taskinstance.py:441} INFO - ::group::Post task execution logs
[2026-02-26T17:56:00.495+0000] {taskinstance.py:1206} INFO - Marking task as SUCCESS. dag_id=oltp_s3_dwh, task_id=upload_s3_to_dwh_accounts, run_id=scheduled__2025-07-01T00:00:00+00:00, execution_date=20250701T000000, start_date=20260226T175558, end_date=20260226T175600
[2026-02-26T17:56:00.553+0000] {local_task_job_runner.py:243} INFO - Task exited with return code 0
[2026-02-26T17:56:00.632+0000] {taskinstance.py:3503} INFO - 0 downstream tasks scheduled from follow-on schedule check
[2026-02-26T17:56:00.650+0000] {local_task_job_runner.py:222} INFO - ::endgroup::
[2026-02-27T19:00:57.686+0000] {local_task_job_runner.py:120} INFO - ::group::Pre task execution logs
[2026-02-27T19:00:57.735+0000] {taskinstance.py:2076} INFO - Dependencies all met for dep_context=non-requeueable deps ti=<TaskInstance: oltp_s3_dwh.upload_s3_to_dwh_accounts scheduled__2025-07-01T00:00:00+00:00 [queued]>
[2026-02-27T19:00:57.773+0000] {taskinstance.py:2076} INFO - Dependencies all met for dep_context=requeueable deps ti=<TaskInstance: oltp_s3_dwh.upload_s3_to_dwh_accounts scheduled__2025-07-01T00:00:00+00:00 [queued]>
[2026-02-27T19:00:57.774+0000] {taskinstance.py:2306} INFO - Starting attempt 1 of 1
[2026-02-27T19:00:57.809+0000] {taskinstance.py:2330} INFO - Executing <Task(PythonOperator): upload_s3_to_dwh_accounts> on 2025-07-01 00:00:00+00:00
[2026-02-27T19:00:57.822+0000] {logging_mixin.py:188} WARNING - /home/***/.local/lib/python3.12/site-packages/***/task/task_runner/standard_task_runner.py:62 DeprecationWarning: This process (pid=32547) is multi-threaded, use of fork() may lead to deadlocks in the child.
[2026-02-27T19:00:57.828+0000] {standard_task_runner.py:64} INFO - Started process 32571 to run task
[2026-02-27T19:00:57.829+0000] {standard_task_runner.py:90} INFO - Running: ['***', 'tasks', 'run', 'oltp_s3_dwh', 'upload_s3_to_dwh_accounts', 'scheduled__2025-07-01T00:00:00+00:00', '--job-id', '1641', '--raw', '--subdir', 'DAGS_FOLDER/oltp_s3_dwh.py', '--cfg-path', '/tmp/tmpmekuh4z7']
[2026-02-27T19:00:57.832+0000] {standard_task_runner.py:91} INFO - Job 1641: Subtask upload_s3_to_dwh_accounts
[2026-02-27T19:00:58.011+0000] {task_command.py:426} INFO - Running <TaskInstance: oltp_s3_dwh.upload_s3_to_dwh_accounts scheduled__2025-07-01T00:00:00+00:00 [running]> on host 31b45edbecf3
[2026-02-27T19:00:58.281+0000] {taskinstance.py:2648} INFO - Exporting env vars: AIRFLOW_CTX_DAG_OWNER='***' AIRFLOW_CTX_DAG_ID='oltp_s3_dwh' AIRFLOW_CTX_TASK_ID='upload_s3_to_dwh_accounts' AIRFLOW_CTX_EXECUTION_DATE='2025-07-01T00:00:00+00:00' AIRFLOW_CTX_TRY_NUMBER='1' AIRFLOW_CTX_DAG_RUN_ID='scheduled__2025-07-01T00:00:00+00:00'
[2026-02-27T19:00:58.282+0000] {taskinstance.py:430} INFO - ::endgroup::
[2026-02-27T19:00:58.375+0000] {base.py:84} INFO - Using connection ID 'postgres_dwh' for task execution.
[2026-02-27T19:00:58.384+0000] {sql.py:495} INFO - Running statement: SELECT table_schema, table_name FROM information_schema.tables WHERE table_schema = 'staging';, parameters: None
[2026-02-27T19:00:58.389+0000] {sql.py:504} INFO - Rows affected: 9
[2026-02-27T19:00:58.391+0000] {logging_mixin.py:188} INFO - DEBUG: Доступные таблицы в схеме staging: [('staging', 'exchange_rates'), ('staging', 'cards'), ('staging', 'users'), ('staging', 'accounts'), ('staging', 'dict_merchants'), ('staging', 'dict_regions'), ('staging', 'dict_mcc'), ('staging', 'transactions'), ('staging', 'dict_tariffs')]
[2026-02-27T19:00:58.414+0000] {base.py:84} INFO - Using connection ID 'minio_conn_id' for task execution.
[2026-02-27T19:00:58.416+0000] {connection_wrapper.py:384} INFO - AWS Connection (conn_id='minio_conn_id', conn_type='aws') credentials retrieved from login and ***.
[2026-02-27T19:00:59.424+0000] {logging_mixin.py:188} INFO - Файл raw/not_dict/accounts/2025-07-01/data.parquet не найден в S3. Пропускаем загрузку.
[2026-02-27T19:00:59.427+0000] {python.py:237} INFO - Done. Returned value was: None
[2026-02-27T19:00:59.429+0000] {taskinstance.py:441} INFO - ::group::Post task execution logs
[2026-02-27T19:00:59.470+0000] {taskinstance.py:1206} INFO - Marking task as SUCCESS. dag_id=oltp_s3_dwh, task_id=upload_s3_to_dwh_accounts, run_id=scheduled__2025-07-01T00:00:00+00:00, execution_date=20250701T000000, start_date=20260227T190057, end_date=20260227T190059
[2026-02-27T19:00:59.531+0000] {local_task_job_runner.py:243} INFO - Task exited with return code 0
[2026-02-27T19:00:59.579+0000] {taskinstance.py:3503} INFO - 0 downstream tasks scheduled from follow-on schedule check
[2026-02-27T19:00:59.593+0000] {local_task_job_runner.py:222} INFO - ::endgroup::
