[2026-02-26T17:55:44.402+0000] {local_task_job_runner.py:120} INFO - ::group::Pre task execution logs
[2026-02-26T17:55:44.469+0000] {taskinstance.py:2076} INFO - Dependencies all met for dep_context=non-requeueable deps ti=<TaskInstance: oltp_s3_dwh.upload_s3_to_dwh_accounts scheduled__2025-04-01T00:00:00+00:00 [queued]>
[2026-02-26T17:55:44.524+0000] {taskinstance.py:2076} INFO - Dependencies all met for dep_context=requeueable deps ti=<TaskInstance: oltp_s3_dwh.upload_s3_to_dwh_accounts scheduled__2025-04-01T00:00:00+00:00 [queued]>
[2026-02-26T17:55:44.530+0000] {taskinstance.py:2306} INFO - Starting attempt 1 of 1
[2026-02-26T17:55:44.604+0000] {taskinstance.py:2330} INFO - Executing <Task(PythonOperator): upload_s3_to_dwh_accounts> on 2025-04-01 00:00:00+00:00
[2026-02-26T17:55:44.663+0000] {logging_mixin.py:188} WARNING - /home/***/.local/lib/python3.12/site-packages/***/task/task_runner/standard_task_runner.py:62 DeprecationWarning: This process (pid=6821) is multi-threaded, use of fork() may lead to deadlocks in the child.
[2026-02-26T17:55:44.685+0000] {standard_task_runner.py:64} INFO - Started process 6859 to run task
[2026-02-26T17:55:44.656+0000] {standard_task_runner.py:90} INFO - Running: ['***', 'tasks', 'run', 'oltp_s3_dwh', 'upload_s3_to_dwh_accounts', 'scheduled__2025-04-01T00:00:00+00:00', '--job-id', '1193', '--raw', '--subdir', 'DAGS_FOLDER/oltp_s3_dwh.py', '--cfg-path', '/tmp/tmpr679coqe']
[2026-02-26T17:55:44.696+0000] {standard_task_runner.py:91} INFO - Job 1193: Subtask upload_s3_to_dwh_accounts
[2026-02-26T17:55:44.809+0000] {task_command.py:426} INFO - Running <TaskInstance: oltp_s3_dwh.upload_s3_to_dwh_accounts scheduled__2025-04-01T00:00:00+00:00 [running]> on host 31b45edbecf3
[2026-02-26T17:55:45.201+0000] {taskinstance.py:2648} INFO - Exporting env vars: AIRFLOW_CTX_DAG_OWNER='***' AIRFLOW_CTX_DAG_ID='oltp_s3_dwh' AIRFLOW_CTX_TASK_ID='upload_s3_to_dwh_accounts' AIRFLOW_CTX_EXECUTION_DATE='2025-04-01T00:00:00+00:00' AIRFLOW_CTX_TRY_NUMBER='1' AIRFLOW_CTX_DAG_RUN_ID='scheduled__2025-04-01T00:00:00+00:00'
[2026-02-26T17:55:45.206+0000] {taskinstance.py:430} INFO - ::endgroup::
[2026-02-26T17:55:45.326+0000] {base.py:84} INFO - Using connection ID 'postgres_dwh' for task execution.
[2026-02-26T17:55:45.346+0000] {sql.py:495} INFO - Running statement: SELECT table_schema, table_name FROM information_schema.tables WHERE table_schema = 'staging';, parameters: None
[2026-02-26T17:55:45.360+0000] {sql.py:504} INFO - Rows affected: 9
[2026-02-26T17:55:45.367+0000] {logging_mixin.py:188} INFO - DEBUG: Доступные таблицы в схеме staging: [('staging', 'exchange_rates'), ('staging', 'users'), ('staging', 'accounts'), ('staging', 'dict_mcc'), ('staging', 'dict_regions'), ('staging', 'dict_tariffs'), ('staging', 'dict_merchants'), ('staging', 'cards'), ('staging', 'transactions')]
[2026-02-26T17:55:45.428+0000] {base.py:84} INFO - Using connection ID 'minio_conn_id' for task execution.
[2026-02-26T17:55:45.434+0000] {connection_wrapper.py:384} INFO - AWS Connection (conn_id='minio_conn_id', conn_type='aws') credentials retrieved from login and ***.
[2026-02-26T17:55:47.404+0000] {logging_mixin.py:188} INFO - Файл raw/not_dict/accounts/2025-04-01/data.parquet не найден в S3. Пропускаем загрузку.
[2026-02-26T17:55:47.408+0000] {python.py:237} INFO - Done. Returned value was: None
[2026-02-26T17:55:47.412+0000] {taskinstance.py:441} INFO - ::group::Post task execution logs
[2026-02-26T17:55:47.444+0000] {taskinstance.py:1206} INFO - Marking task as SUCCESS. dag_id=oltp_s3_dwh, task_id=upload_s3_to_dwh_accounts, run_id=scheduled__2025-04-01T00:00:00+00:00, execution_date=20250401T000000, start_date=20260226T175544, end_date=20260226T175547
[2026-02-26T17:55:47.540+0000] {local_task_job_runner.py:243} INFO - Task exited with return code 0
[2026-02-26T17:55:47.559+0000] {local_task_job_runner.py:222} INFO - ::endgroup::
[2026-02-27T19:00:21.986+0000] {local_task_job_runner.py:120} INFO - ::group::Pre task execution logs
[2026-02-27T19:00:22.026+0000] {taskinstance.py:2076} INFO - Dependencies all met for dep_context=non-requeueable deps ti=<TaskInstance: oltp_s3_dwh.upload_s3_to_dwh_accounts scheduled__2025-04-01T00:00:00+00:00 [queued]>
[2026-02-27T19:00:22.045+0000] {taskinstance.py:2076} INFO - Dependencies all met for dep_context=requeueable deps ti=<TaskInstance: oltp_s3_dwh.upload_s3_to_dwh_accounts scheduled__2025-04-01T00:00:00+00:00 [queued]>
[2026-02-27T19:00:22.051+0000] {taskinstance.py:2306} INFO - Starting attempt 1 of 1
[2026-02-27T19:00:22.126+0000] {taskinstance.py:2330} INFO - Executing <Task(PythonOperator): upload_s3_to_dwh_accounts> on 2025-04-01 00:00:00+00:00
[2026-02-27T19:00:22.149+0000] {logging_mixin.py:188} WARNING - /home/***/.local/lib/python3.12/site-packages/***/task/task_runner/standard_task_runner.py:62 DeprecationWarning: This process (pid=32218) is multi-threaded, use of fork() may lead to deadlocks in the child.
[2026-02-27T19:00:22.152+0000] {standard_task_runner.py:64} INFO - Started process 32255 to run task
[2026-02-27T19:00:22.158+0000] {standard_task_runner.py:90} INFO - Running: ['***', 'tasks', 'run', 'oltp_s3_dwh', 'upload_s3_to_dwh_accounts', 'scheduled__2025-04-01T00:00:00+00:00', '--job-id', '1574', '--raw', '--subdir', 'DAGS_FOLDER/oltp_s3_dwh.py', '--cfg-path', '/tmp/tmp_j3gs6b7']
[2026-02-27T19:00:22.160+0000] {standard_task_runner.py:91} INFO - Job 1574: Subtask upload_s3_to_dwh_accounts
[2026-02-27T19:00:22.275+0000] {task_command.py:426} INFO - Running <TaskInstance: oltp_s3_dwh.upload_s3_to_dwh_accounts scheduled__2025-04-01T00:00:00+00:00 [running]> on host 31b45edbecf3
[2026-02-27T19:00:22.499+0000] {taskinstance.py:2648} INFO - Exporting env vars: AIRFLOW_CTX_DAG_OWNER='***' AIRFLOW_CTX_DAG_ID='oltp_s3_dwh' AIRFLOW_CTX_TASK_ID='upload_s3_to_dwh_accounts' AIRFLOW_CTX_EXECUTION_DATE='2025-04-01T00:00:00+00:00' AIRFLOW_CTX_TRY_NUMBER='1' AIRFLOW_CTX_DAG_RUN_ID='scheduled__2025-04-01T00:00:00+00:00'
[2026-02-27T19:00:22.502+0000] {taskinstance.py:430} INFO - ::endgroup::
[2026-02-27T19:00:22.584+0000] {base.py:84} INFO - Using connection ID 'postgres_dwh' for task execution.
[2026-02-27T19:00:22.595+0000] {sql.py:495} INFO - Running statement: SELECT table_schema, table_name FROM information_schema.tables WHERE table_schema = 'staging';, parameters: None
[2026-02-27T19:00:22.602+0000] {sql.py:504} INFO - Rows affected: 9
[2026-02-27T19:00:22.603+0000] {logging_mixin.py:188} INFO - DEBUG: Доступные таблицы в схеме staging: [('staging', 'exchange_rates'), ('staging', 'cards'), ('staging', 'users'), ('staging', 'accounts'), ('staging', 'dict_tariffs'), ('staging', 'transactions'), ('staging', 'dict_mcc'), ('staging', 'dict_regions'), ('staging', 'dict_merchants')]
[2026-02-27T19:00:22.630+0000] {base.py:84} INFO - Using connection ID 'minio_conn_id' for task execution.
[2026-02-27T19:00:22.631+0000] {connection_wrapper.py:384} INFO - AWS Connection (conn_id='minio_conn_id', conn_type='aws') credentials retrieved from login and ***.
[2026-02-27T19:00:23.663+0000] {logging_mixin.py:188} INFO - Файл raw/not_dict/accounts/2025-04-01/data.parquet не найден в S3. Пропускаем загрузку.
[2026-02-27T19:00:23.680+0000] {python.py:237} INFO - Done. Returned value was: None
[2026-02-27T19:00:23.689+0000] {taskinstance.py:441} INFO - ::group::Post task execution logs
[2026-02-27T19:00:23.701+0000] {taskinstance.py:1206} INFO - Marking task as SUCCESS. dag_id=oltp_s3_dwh, task_id=upload_s3_to_dwh_accounts, run_id=scheduled__2025-04-01T00:00:00+00:00, execution_date=20250401T000000, start_date=20260227T190022, end_date=20260227T190023
[2026-02-27T19:00:23.844+0000] {local_task_job_runner.py:243} INFO - Task exited with return code 0
[2026-02-27T19:00:23.990+0000] {taskinstance.py:3503} INFO - 0 downstream tasks scheduled from follow-on schedule check
[2026-02-27T19:00:24.000+0000] {local_task_job_runner.py:222} INFO - ::endgroup::
