[2026-02-27T10:33:14.977+0000] {local_task_job_runner.py:120} INFO - ::group::Pre task execution logs
[2026-02-27T10:33:15.036+0000] {taskinstance.py:2076} INFO - Dependencies all met for dep_context=non-requeueable deps ti=<TaskInstance: staging_to_core.transform_dict_mcc_to_core scheduled__2026-01-01T00:00:00+00:00 [queued]>
[2026-02-27T10:33:15.053+0000] {taskinstance.py:2076} INFO - Dependencies all met for dep_context=requeueable deps ti=<TaskInstance: staging_to_core.transform_dict_mcc_to_core scheduled__2026-01-01T00:00:00+00:00 [queued]>
[2026-02-27T10:33:15.054+0000] {taskinstance.py:2306} INFO - Starting attempt 1 of 1
[2026-02-27T10:33:15.073+0000] {taskinstance.py:2330} INFO - Executing <Task(PostgresOperator): transform_dict_mcc_to_core> on 2026-01-01 00:00:00+00:00
[2026-02-27T10:33:15.083+0000] {logging_mixin.py:188} WARNING - /home/***/.local/lib/python3.12/site-packages/***/task/task_runner/standard_task_runner.py:62 DeprecationWarning: This process (pid=9668) is multi-threaded, use of fork() may lead to deadlocks in the child.
[2026-02-27T10:33:15.086+0000] {standard_task_runner.py:64} INFO - Started process 9669 to run task
[2026-02-27T10:33:15.084+0000] {standard_task_runner.py:90} INFO - Running: ['***', 'tasks', 'run', 'staging_to_core', 'transform_dict_mcc_to_core', 'scheduled__2026-01-01T00:00:00+00:00', '--job-id', '1488', '--raw', '--subdir', 'DAGS_FOLDER/staging_to_core.py', '--cfg-path', '/tmp/tmpt4rr9_4l']
[2026-02-27T10:33:15.088+0000] {standard_task_runner.py:91} INFO - Job 1488: Subtask transform_dict_mcc_to_core
[2026-02-27T10:33:15.189+0000] {task_command.py:426} INFO - Running <TaskInstance: staging_to_core.transform_dict_mcc_to_core scheduled__2026-01-01T00:00:00+00:00 [running]> on host 31b45edbecf3
[2026-02-27T10:33:15.347+0000] {taskinstance.py:2648} INFO - Exporting env vars: AIRFLOW_CTX_DAG_OWNER='***' AIRFLOW_CTX_DAG_ID='staging_to_core' AIRFLOW_CTX_TASK_ID='transform_dict_mcc_to_core' AIRFLOW_CTX_EXECUTION_DATE='2026-01-01T00:00:00+00:00' AIRFLOW_CTX_TRY_NUMBER='1' AIRFLOW_CTX_DAG_RUN_ID='scheduled__2026-01-01T00:00:00+00:00'
[2026-02-27T10:33:15.349+0000] {taskinstance.py:430} INFO - ::endgroup::
[2026-02-27T10:33:15.367+0000] {sql.py:282} INFO - Executing: 
                    INSERT INTO core.dict_mcc
                    SELECT * FROM staging.dict_mcc
                    ON CONFLICT (mcc_code) 
                    DO UPDATE SET
                        category_name = EXCLUDED.category_name, description = EXCLUDED.description;
                
[2026-02-27T10:33:15.379+0000] {base.py:84} INFO - Using connection ID 'postgres_dwh' for task execution.
[2026-02-27T10:33:15.390+0000] {base.py:84} INFO - Using connection ID 'postgres_dwh' for task execution.
[2026-02-27T10:33:15.395+0000] {sql.py:495} INFO - Running statement: 
                    INSERT INTO core.dict_mcc
                    SELECT * FROM staging.dict_mcc
                    ON CONFLICT (mcc_code) 
                    DO UPDATE SET
                        category_name = EXCLUDED.category_name, description = EXCLUDED.description;
                , parameters: None
[2026-02-27T10:33:15.397+0000] {sql.py:504} INFO - Rows affected: 7
[2026-02-27T10:33:15.399+0000] {taskinstance.py:441} INFO - ::group::Post task execution logs
[2026-02-27T10:33:15.410+0000] {taskinstance.py:1206} INFO - Marking task as SUCCESS. dag_id=staging_to_core, task_id=transform_dict_mcc_to_core, run_id=scheduled__2026-01-01T00:00:00+00:00, execution_date=20260101T000000, start_date=20260227T103315, end_date=20260227T103315
[2026-02-27T10:33:15.465+0000] {local_task_job_runner.py:243} INFO - Task exited with return code 0
[2026-02-27T10:33:15.479+0000] {logging_mixin.py:188} WARNING - /home/***/.local/lib/python3.12/site-packages/***/models/baseoperator.py:1297 AirflowProviderDeprecationWarning: Call to deprecated class PostgresOperator. (Please use `***.providers.common.sql.operators.sql.SQLExecuteQueryOperator`.Also, you can provide `hook_params={'schema': <database>}`.)
[2026-02-27T10:33:15.510+0000] {taskinstance.py:3503} INFO - 1 downstream tasks scheduled from follow-on schedule check
[2026-02-27T10:33:15.513+0000] {local_task_job_runner.py:222} INFO - ::endgroup::
[2026-02-27T19:05:12.581+0000] {local_task_job_runner.py:120} INFO - ::group::Pre task execution logs
[2026-02-27T19:05:12.627+0000] {taskinstance.py:2076} INFO - Dependencies all met for dep_context=non-requeueable deps ti=<TaskInstance: staging_to_core.transform_dict_mcc_to_core scheduled__2026-01-01T00:00:00+00:00 [queued]>
[2026-02-27T19:05:12.640+0000] {taskinstance.py:2076} INFO - Dependencies all met for dep_context=requeueable deps ti=<TaskInstance: staging_to_core.transform_dict_mcc_to_core scheduled__2026-01-01T00:00:00+00:00 [queued]>
[2026-02-27T19:05:12.641+0000] {taskinstance.py:2306} INFO - Starting attempt 1 of 1
[2026-02-27T19:05:12.658+0000] {taskinstance.py:2330} INFO - Executing <Task(PostgresOperator): transform_dict_mcc_to_core> on 2026-01-01 00:00:00+00:00
[2026-02-27T19:05:12.667+0000] {logging_mixin.py:188} WARNING - /home/***/.local/lib/python3.12/site-packages/***/task/task_runner/standard_task_runner.py:62 DeprecationWarning: This process (pid=33730) is multi-threaded, use of fork() may lead to deadlocks in the child.
[2026-02-27T19:05:12.667+0000] {standard_task_runner.py:90} INFO - Running: ['***', 'tasks', 'run', 'staging_to_core', 'transform_dict_mcc_to_core', 'scheduled__2026-01-01T00:00:00+00:00', '--job-id', '1920', '--raw', '--subdir', 'DAGS_FOLDER/staging_to_core.py', '--cfg-path', '/tmp/tmprbe7wk78']
[2026-02-27T19:05:12.669+0000] {standard_task_runner.py:64} INFO - Started process 33731 to run task
[2026-02-27T19:05:12.669+0000] {standard_task_runner.py:91} INFO - Job 1920: Subtask transform_dict_mcc_to_core
[2026-02-27T19:05:12.731+0000] {task_command.py:426} INFO - Running <TaskInstance: staging_to_core.transform_dict_mcc_to_core scheduled__2026-01-01T00:00:00+00:00 [running]> on host 31b45edbecf3
[2026-02-27T19:05:12.855+0000] {taskinstance.py:2648} INFO - Exporting env vars: AIRFLOW_CTX_DAG_OWNER='***' AIRFLOW_CTX_DAG_ID='staging_to_core' AIRFLOW_CTX_TASK_ID='transform_dict_mcc_to_core' AIRFLOW_CTX_EXECUTION_DATE='2026-01-01T00:00:00+00:00' AIRFLOW_CTX_TRY_NUMBER='1' AIRFLOW_CTX_DAG_RUN_ID='scheduled__2026-01-01T00:00:00+00:00'
[2026-02-27T19:05:12.857+0000] {taskinstance.py:430} INFO - ::endgroup::
[2026-02-27T19:05:12.875+0000] {sql.py:282} INFO - Executing: 
                    INSERT INTO core.dict_mcc
                    SELECT * FROM staging.dict_mcc
                    ON CONFLICT (mcc_code) 
                    DO UPDATE SET
                        category_name = EXCLUDED.category_name, description = EXCLUDED.description;
                
[2026-02-27T19:05:12.887+0000] {base.py:84} INFO - Using connection ID 'postgres_dwh' for task execution.
[2026-02-27T19:05:12.901+0000] {base.py:84} INFO - Using connection ID 'postgres_dwh' for task execution.
[2026-02-27T19:05:12.908+0000] {sql.py:495} INFO - Running statement: 
                    INSERT INTO core.dict_mcc
                    SELECT * FROM staging.dict_mcc
                    ON CONFLICT (mcc_code) 
                    DO UPDATE SET
                        category_name = EXCLUDED.category_name, description = EXCLUDED.description;
                , parameters: None
[2026-02-27T19:05:12.910+0000] {sql.py:504} INFO - Rows affected: 3
[2026-02-27T19:05:12.913+0000] {taskinstance.py:441} INFO - ::group::Post task execution logs
[2026-02-27T19:05:12.927+0000] {taskinstance.py:1206} INFO - Marking task as SUCCESS. dag_id=staging_to_core, task_id=transform_dict_mcc_to_core, run_id=scheduled__2026-01-01T00:00:00+00:00, execution_date=20260101T000000, start_date=20260227T190512, end_date=20260227T190512
[2026-02-27T19:05:12.965+0000] {local_task_job_runner.py:243} INFO - Task exited with return code 0
[2026-02-27T19:05:12.979+0000] {logging_mixin.py:188} WARNING - /home/***/.local/lib/python3.12/site-packages/***/models/baseoperator.py:1297 AirflowProviderDeprecationWarning: Call to deprecated class PostgresOperator. (Please use `***.providers.common.sql.operators.sql.SQLExecuteQueryOperator`.Also, you can provide `hook_params={'schema': <database>}`.)
[2026-02-27T19:05:13.014+0000] {taskinstance.py:3503} INFO - 1 downstream tasks scheduled from follow-on schedule check
[2026-02-27T19:05:13.017+0000] {local_task_job_runner.py:222} INFO - ::endgroup::
