[2026-02-27T10:18:36.141+0000] {local_task_job_runner.py:120} INFO - ::group::Pre task execution logs
[2026-02-27T10:18:36.226+0000] {taskinstance.py:2076} INFO - Dependencies all met for dep_context=non-requeueable deps ti=<TaskInstance: staging_to_core.wait_for_dict_regions scheduled__2025-01-01T00:00:00+00:00 [queued]>
[2026-02-27T10:18:36.239+0000] {taskinstance.py:2076} INFO - Dependencies all met for dep_context=requeueable deps ti=<TaskInstance: staging_to_core.wait_for_dict_regions scheduled__2025-01-01T00:00:00+00:00 [queued]>
[2026-02-27T10:18:36.240+0000] {taskinstance.py:2306} INFO - Starting attempt 1 of 1
[2026-02-27T10:18:36.265+0000] {taskinstance.py:2330} INFO - Executing <Task(ExternalTaskSensor): wait_for_dict_regions> on 2025-01-01 00:00:00+00:00
[2026-02-27T10:18:36.274+0000] {standard_task_runner.py:90} INFO - Running: ['***', 'tasks', 'run', 'staging_to_core', 'wait_for_dict_regions', 'scheduled__2025-01-01T00:00:00+00:00', '--job-id', '1282', '--raw', '--subdir', 'DAGS_FOLDER/staging_to_core.py', '--cfg-path', '/tmp/tmp0tjsy9sy']
[2026-02-27T10:18:36.277+0000] {logging_mixin.py:188} WARNING - /home/***/.local/lib/python3.12/site-packages/***/task/task_runner/standard_task_runner.py:62 DeprecationWarning: This process (pid=8264) is multi-threaded, use of fork() may lead to deadlocks in the child.
[2026-02-27T10:18:36.277+0000] {standard_task_runner.py:91} INFO - Job 1282: Subtask wait_for_dict_regions
[2026-02-27T10:18:36.278+0000] {standard_task_runner.py:64} INFO - Started process 8265 to run task
[2026-02-27T10:18:36.346+0000] {task_command.py:426} INFO - Running <TaskInstance: staging_to_core.wait_for_dict_regions scheduled__2025-01-01T00:00:00+00:00 [running]> on host 31b45edbecf3
[2026-02-27T10:18:36.472+0000] {taskinstance.py:2648} INFO - Exporting env vars: AIRFLOW_CTX_DAG_OWNER='***' AIRFLOW_CTX_DAG_ID='staging_to_core' AIRFLOW_CTX_TASK_ID='wait_for_dict_regions' AIRFLOW_CTX_EXECUTION_DATE='2025-01-01T00:00:00+00:00' AIRFLOW_CTX_TRY_NUMBER='1' AIRFLOW_CTX_DAG_RUN_ID='scheduled__2025-01-01T00:00:00+00:00'
[2026-02-27T10:18:36.473+0000] {taskinstance.py:430} INFO - ::endgroup::
[2026-02-27T10:18:36.506+0000] {baseoperator.py:400} WARNING - ExternalTaskSensor.execute cannot be called outside TaskInstance!
[2026-02-27T10:18:36.519+0000] {external_task.py:258} INFO - Poking for tasks ['upload_s3_to_dwh_dict_regions'] in dag oltp_s3_dwh on 2025-01-01T00:00:00+00:00 ... 
[2026-02-27T10:18:36.525+0000] {logging_mixin.py:188} WARNING - /home/***/.local/lib/python3.12/site-packages/***/utils/session.py:79 DeprecationWarning: This method is deprecated and will be removed in future.
[2026-02-27T10:18:36.538+0000] {base.py:294} INFO - Success criteria met. Exiting.
[2026-02-27T10:18:36.539+0000] {taskinstance.py:441} INFO - ::group::Post task execution logs
[2026-02-27T10:18:36.552+0000] {taskinstance.py:1206} INFO - Marking task as SUCCESS. dag_id=staging_to_core, task_id=wait_for_dict_regions, run_id=scheduled__2025-01-01T00:00:00+00:00, execution_date=20250101T000000, start_date=20260227T101836, end_date=20260227T101836
[2026-02-27T10:18:36.582+0000] {local_task_job_runner.py:243} INFO - Task exited with return code 0
[2026-02-27T10:18:36.598+0000] {logging_mixin.py:188} WARNING - /home/***/.local/lib/python3.12/site-packages/***/models/baseoperator.py:1297 AirflowProviderDeprecationWarning: Call to deprecated class PostgresOperator. (Please use `***.providers.common.sql.operators.sql.SQLExecuteQueryOperator`.Also, you can provide `hook_params={'schema': <database>}`.)
[2026-02-27T10:18:36.644+0000] {taskinstance.py:3503} INFO - 1 downstream tasks scheduled from follow-on schedule check
[2026-02-27T10:18:36.649+0000] {local_task_job_runner.py:222} INFO - ::endgroup::
[2026-02-27T19:00:25.594+0000] {local_task_job_runner.py:120} INFO - ::group::Pre task execution logs
[2026-02-27T19:00:25.712+0000] {taskinstance.py:2076} INFO - Dependencies all met for dep_context=non-requeueable deps ti=<TaskInstance: staging_to_core.wait_for_dict_regions scheduled__2025-01-01T00:00:00+00:00 [queued]>
[2026-02-27T19:00:25.791+0000] {taskinstance.py:2076} INFO - Dependencies all met for dep_context=requeueable deps ti=<TaskInstance: staging_to_core.wait_for_dict_regions scheduled__2025-01-01T00:00:00+00:00 [queued]>
[2026-02-27T19:00:25.796+0000] {taskinstance.py:2306} INFO - Starting attempt 1 of 1
[2026-02-27T19:00:25.863+0000] {taskinstance.py:2330} INFO - Executing <Task(ExternalTaskSensor): wait_for_dict_regions> on 2025-01-01 00:00:00+00:00
[2026-02-27T19:00:25.885+0000] {logging_mixin.py:188} WARNING - /home/***/.local/lib/python3.12/site-packages/***/task/task_runner/standard_task_runner.py:62 DeprecationWarning: This process (pid=32262) is multi-threaded, use of fork() may lead to deadlocks in the child.
[2026-02-27T19:00:25.899+0000] {standard_task_runner.py:64} INFO - Started process 32288 to run task
[2026-02-27T19:00:25.898+0000] {standard_task_runner.py:90} INFO - Running: ['***', 'tasks', 'run', 'staging_to_core', 'wait_for_dict_regions', 'scheduled__2025-01-01T00:00:00+00:00', '--job-id', '1581', '--raw', '--subdir', 'DAGS_FOLDER/staging_to_core.py', '--cfg-path', '/tmp/tmp8lptuvmc']
[2026-02-27T19:00:25.905+0000] {standard_task_runner.py:91} INFO - Job 1581: Subtask wait_for_dict_regions
[2026-02-27T19:00:26.211+0000] {task_command.py:426} INFO - Running <TaskInstance: staging_to_core.wait_for_dict_regions scheduled__2025-01-01T00:00:00+00:00 [running]> on host 31b45edbecf3
[2026-02-27T19:00:26.359+0000] {taskinstance.py:2648} INFO - Exporting env vars: AIRFLOW_CTX_DAG_OWNER='***' AIRFLOW_CTX_DAG_ID='staging_to_core' AIRFLOW_CTX_TASK_ID='wait_for_dict_regions' AIRFLOW_CTX_EXECUTION_DATE='2025-01-01T00:00:00+00:00' AIRFLOW_CTX_TRY_NUMBER='1' AIRFLOW_CTX_DAG_RUN_ID='scheduled__2025-01-01T00:00:00+00:00'
[2026-02-27T19:00:26.361+0000] {taskinstance.py:430} INFO - ::endgroup::
[2026-02-27T19:00:26.379+0000] {baseoperator.py:400} WARNING - ExternalTaskSensor.execute cannot be called outside TaskInstance!
[2026-02-27T19:00:26.400+0000] {external_task.py:258} INFO - Poking for tasks ['upload_s3_to_dwh_dict_regions'] in dag oltp_s3_dwh on 2025-01-01T00:00:00+00:00 ... 
[2026-02-27T19:00:26.403+0000] {logging_mixin.py:188} WARNING - /home/***/.local/lib/python3.12/site-packages/***/utils/session.py:79 DeprecationWarning: This method is deprecated and will be removed in future.
[2026-02-27T19:00:26.422+0000] {base.py:294} INFO - Success criteria met. Exiting.
[2026-02-27T19:00:26.425+0000] {taskinstance.py:441} INFO - ::group::Post task execution logs
[2026-02-27T19:00:26.438+0000] {taskinstance.py:1206} INFO - Marking task as SUCCESS. dag_id=staging_to_core, task_id=wait_for_dict_regions, run_id=scheduled__2025-01-01T00:00:00+00:00, execution_date=20250101T000000, start_date=20260227T190025, end_date=20260227T190026
[2026-02-27T19:00:26.500+0000] {local_task_job_runner.py:243} INFO - Task exited with return code 0
[2026-02-27T19:00:26.526+0000] {logging_mixin.py:188} WARNING - /home/***/.local/lib/python3.12/site-packages/***/models/baseoperator.py:1297 AirflowProviderDeprecationWarning: Call to deprecated class PostgresOperator. (Please use `***.providers.common.sql.operators.sql.SQLExecuteQueryOperator`.Also, you can provide `hook_params={'schema': <database>}`.)
[2026-02-27T19:00:26.577+0000] {taskinstance.py:3503} INFO - 1 downstream tasks scheduled from follow-on schedule check
[2026-02-27T19:00:26.583+0000] {local_task_job_runner.py:222} INFO - ::endgroup::
