[2026-02-26T12:07:32.500+0000] {local_task_job_runner.py:120} INFO - ::group::Pre task execution logs
[2026-02-26T12:07:32.617+0000] {taskinstance.py:2076} INFO - Dependencies all met for dep_context=non-requeueable deps ti=<TaskInstance: oltp_s3_dwh.upload_postgre_to_s3_cards scheduled__2026-01-01T00:00:00+00:00 [queued]>
[2026-02-26T12:07:32.601+0000] {taskinstance.py:2076} INFO - Dependencies all met for dep_context=requeueable deps ti=<TaskInstance: oltp_s3_dwh.upload_postgre_to_s3_cards scheduled__2026-01-01T00:00:00+00:00 [queued]>
[2026-02-26T12:07:32.610+0000] {taskinstance.py:2306} INFO - Starting attempt 1 of 1
[2026-02-26T12:07:32.730+0000] {taskinstance.py:2330} INFO - Executing <Task(PythonOperator): upload_postgre_to_s3_cards> on 2026-01-01 00:00:00+00:00
[2026-02-26T12:07:32.809+0000] {logging_mixin.py:188} WARNING - /home/***/.local/lib/python3.12/site-packages/***/task/task_runner/standard_task_runner.py:62 DeprecationWarning: This process (pid=4879) is multi-threaded, use of fork() may lead to deadlocks in the child.
[2026-02-26T12:07:32.826+0000] {standard_task_runner.py:64} INFO - Started process 4921 to run task
[2026-02-26T12:07:32.816+0000] {standard_task_runner.py:90} INFO - Running: ['***', 'tasks', 'run', 'oltp_s3_dwh', 'upload_postgre_to_s3_cards', 'scheduled__2026-01-01T00:00:00+00:00', '--job-id', '1086', '--raw', '--subdir', 'DAGS_FOLDER/oltp_s3_dwh_dict.py', '--cfg-path', '/tmp/tmp3gahssl_']
[2026-02-26T12:07:32.844+0000] {standard_task_runner.py:91} INFO - Job 1086: Subtask upload_postgre_to_s3_cards
[2026-02-26T12:07:33.072+0000] {task_command.py:426} INFO - Running <TaskInstance: oltp_s3_dwh.upload_postgre_to_s3_cards scheduled__2026-01-01T00:00:00+00:00 [running]> on host 31b45edbecf3
[2026-02-26T12:07:33.613+0000] {taskinstance.py:2648} INFO - Exporting env vars: AIRFLOW_CTX_DAG_OWNER='***' AIRFLOW_CTX_DAG_ID='oltp_s3_dwh' AIRFLOW_CTX_TASK_ID='upload_postgre_to_s3_cards' AIRFLOW_CTX_EXECUTION_DATE='2026-01-01T00:00:00+00:00' AIRFLOW_CTX_TRY_NUMBER='1' AIRFLOW_CTX_DAG_RUN_ID='scheduled__2026-01-01T00:00:00+00:00'
[2026-02-26T12:07:33.617+0000] {taskinstance.py:430} INFO - ::endgroup::
[2026-02-26T12:07:33.780+0000] {base.py:84} INFO - Using connection ID 'postgres_oltp' for task execution.
[2026-02-26T12:07:33.844+0000] {logging_mixin.py:188} WARNING - /home/***/.local/lib/python3.12/site-packages/***/providers/common/sql/hooks/sql.py:269 UserWarning: pandas only supports SQLAlchemy connectable (engine/connection) or database string URI or sqlite3 DBAPI2 connection. Other DBAPI2 objects are not tested. Please consider using SQLAlchemy.
[2026-02-26T12:07:34.117+0000] {base.py:84} INFO - Using connection ID 'minio_conn_id' for task execution.
[2026-02-26T12:07:34.125+0000] {connection_wrapper.py:384} INFO - AWS Connection (conn_id='minio_conn_id', conn_type='aws') credentials retrieved from login and ***.
[2026-02-26T12:07:35.489+0000] {python.py:237} INFO - Done. Returned value was: None
[2026-02-26T12:07:35.491+0000] {taskinstance.py:441} INFO - ::group::Post task execution logs
[2026-02-26T12:07:35.501+0000] {taskinstance.py:1206} INFO - Marking task as SUCCESS. dag_id=oltp_s3_dwh, task_id=upload_postgre_to_s3_cards, run_id=scheduled__2026-01-01T00:00:00+00:00, execution_date=20260101T000000, start_date=20260226T120732, end_date=20260226T120735
[2026-02-26T12:07:35.671+0000] {local_task_job_runner.py:243} INFO - Task exited with return code 0
[2026-02-26T12:07:35.701+0000] {local_task_job_runner.py:222} INFO - ::endgroup::
[2026-02-27T19:02:04.422+0000] {local_task_job_runner.py:120} INFO - ::group::Pre task execution logs
[2026-02-27T19:02:04.456+0000] {taskinstance.py:2076} INFO - Dependencies all met for dep_context=non-requeueable deps ti=<TaskInstance: oltp_s3_dwh.upload_postgre_to_s3_cards scheduled__2026-01-01T00:00:00+00:00 [queued]>
[2026-02-27T19:02:04.471+0000] {taskinstance.py:2076} INFO - Dependencies all met for dep_context=requeueable deps ti=<TaskInstance: oltp_s3_dwh.upload_postgre_to_s3_cards scheduled__2026-01-01T00:00:00+00:00 [queued]>
[2026-02-27T19:02:04.472+0000] {taskinstance.py:2306} INFO - Starting attempt 1 of 1
[2026-02-27T19:02:04.496+0000] {taskinstance.py:2330} INFO - Executing <Task(PythonOperator): upload_postgre_to_s3_cards> on 2026-01-01 00:00:00+00:00
[2026-02-27T19:02:04.523+0000] {logging_mixin.py:188} WARNING - /home/***/.local/lib/python3.12/site-packages/***/task/task_runner/standard_task_runner.py:62 DeprecationWarning: This process (pid=33144) is multi-threaded, use of fork() may lead to deadlocks in the child.
[2026-02-27T19:02:04.524+0000] {standard_task_runner.py:64} INFO - Started process 33158 to run task
[2026-02-27T19:02:04.525+0000] {standard_task_runner.py:90} INFO - Running: ['***', 'tasks', 'run', 'oltp_s3_dwh', 'upload_postgre_to_s3_cards', 'scheduled__2026-01-01T00:00:00+00:00', '--job-id', '1759', '--raw', '--subdir', 'DAGS_FOLDER/oltp_s3_dwh.py', '--cfg-path', '/tmp/tmpa36kbxyo']
[2026-02-27T19:02:04.538+0000] {standard_task_runner.py:91} INFO - Job 1759: Subtask upload_postgre_to_s3_cards
[2026-02-27T19:02:04.676+0000] {task_command.py:426} INFO - Running <TaskInstance: oltp_s3_dwh.upload_postgre_to_s3_cards scheduled__2026-01-01T00:00:00+00:00 [running]> on host 31b45edbecf3
[2026-02-27T19:02:04.995+0000] {taskinstance.py:2648} INFO - Exporting env vars: AIRFLOW_CTX_DAG_OWNER='***' AIRFLOW_CTX_DAG_ID='oltp_s3_dwh' AIRFLOW_CTX_TASK_ID='upload_postgre_to_s3_cards' AIRFLOW_CTX_EXECUTION_DATE='2026-01-01T00:00:00+00:00' AIRFLOW_CTX_TRY_NUMBER='1' AIRFLOW_CTX_DAG_RUN_ID='scheduled__2026-01-01T00:00:00+00:00'
[2026-02-27T19:02:05.002+0000] {taskinstance.py:430} INFO - ::endgroup::
[2026-02-27T19:02:05.116+0000] {base.py:84} INFO - Using connection ID 'postgres_oltp' for task execution.
[2026-02-27T19:02:05.141+0000] {logging_mixin.py:188} WARNING - /home/***/.local/lib/python3.12/site-packages/***/providers/common/sql/hooks/sql.py:269 UserWarning: pandas only supports SQLAlchemy connectable (engine/connection) or database string URI or sqlite3 DBAPI2 connection. Other DBAPI2 objects are not tested. Please consider using SQLAlchemy.
[2026-02-27T19:02:05.188+0000] {logging_mixin.py:188} INFO - В таблице cards нет данных
[2026-02-27T19:02:05.193+0000] {python.py:237} INFO - Done. Returned value was: None
[2026-02-27T19:02:05.204+0000] {taskinstance.py:441} INFO - ::group::Post task execution logs
[2026-02-27T19:02:05.229+0000] {taskinstance.py:1206} INFO - Marking task as SUCCESS. dag_id=oltp_s3_dwh, task_id=upload_postgre_to_s3_cards, run_id=scheduled__2026-01-01T00:00:00+00:00, execution_date=20260101T000000, start_date=20260227T190204, end_date=20260227T190205
[2026-02-27T19:02:05.519+0000] {local_task_job_runner.py:243} INFO - Task exited with return code 0
[2026-02-27T19:02:05.545+0000] {local_task_job_runner.py:222} INFO - ::endgroup::
