[2026-02-26T17:55:36.852+0000] {local_task_job_runner.py:120} INFO - ::group::Pre task execution logs
[2026-02-26T17:55:36.955+0000] {taskinstance.py:2076} INFO - Dependencies all met for dep_context=non-requeueable deps ti=<TaskInstance: oltp_s3_dwh.upload_s3_to_dwh_cards scheduled__2025-02-01T00:00:00+00:00 [queued]>
[2026-02-26T17:55:37.013+0000] {taskinstance.py:2076} INFO - Dependencies all met for dep_context=requeueable deps ti=<TaskInstance: oltp_s3_dwh.upload_s3_to_dwh_cards scheduled__2025-02-01T00:00:00+00:00 [queued]>
[2026-02-26T17:55:37.023+0000] {taskinstance.py:2306} INFO - Starting attempt 1 of 1
[2026-02-26T17:55:37.166+0000] {taskinstance.py:2330} INFO - Executing <Task(PythonOperator): upload_s3_to_dwh_cards> on 2025-02-01 00:00:00+00:00
[2026-02-26T17:55:37.206+0000] {standard_task_runner.py:90} INFO - Running: ['***', 'tasks', 'run', 'oltp_s3_dwh', 'upload_s3_to_dwh_cards', 'scheduled__2025-02-01T00:00:00+00:00', '--job-id', '1188', '--raw', '--subdir', 'DAGS_FOLDER/oltp_s3_dwh.py', '--cfg-path', '/tmp/tmpw85qchi_']
[2026-02-26T17:55:37.225+0000] {standard_task_runner.py:91} INFO - Job 1188: Subtask upload_s3_to_dwh_cards
[2026-02-26T17:55:37.247+0000] {logging_mixin.py:188} WARNING - /home/***/.local/lib/python3.12/site-packages/***/task/task_runner/standard_task_runner.py:62 DeprecationWarning: This process (pid=6738) is multi-threaded, use of fork() may lead to deadlocks in the child.
[2026-02-26T17:55:37.249+0000] {standard_task_runner.py:64} INFO - Started process 6776 to run task
[2026-02-26T17:55:37.521+0000] {task_command.py:426} INFO - Running <TaskInstance: oltp_s3_dwh.upload_s3_to_dwh_cards scheduled__2025-02-01T00:00:00+00:00 [running]> on host 31b45edbecf3
[2026-02-26T17:55:38.037+0000] {taskinstance.py:2648} INFO - Exporting env vars: AIRFLOW_CTX_DAG_OWNER='***' AIRFLOW_CTX_DAG_ID='oltp_s3_dwh' AIRFLOW_CTX_TASK_ID='upload_s3_to_dwh_cards' AIRFLOW_CTX_EXECUTION_DATE='2025-02-01T00:00:00+00:00' AIRFLOW_CTX_TRY_NUMBER='1' AIRFLOW_CTX_DAG_RUN_ID='scheduled__2025-02-01T00:00:00+00:00'
[2026-02-26T17:55:38.039+0000] {taskinstance.py:430} INFO - ::endgroup::
[2026-02-26T17:55:38.181+0000] {base.py:84} INFO - Using connection ID 'postgres_dwh' for task execution.
[2026-02-26T17:55:38.211+0000] {sql.py:495} INFO - Running statement: SELECT table_schema, table_name FROM information_schema.tables WHERE table_schema = 'staging';, parameters: None
[2026-02-26T17:55:38.218+0000] {sql.py:504} INFO - Rows affected: 9
[2026-02-26T17:55:38.229+0000] {logging_mixin.py:188} INFO - DEBUG: Доступные таблицы в схеме staging: [('staging', 'exchange_rates'), ('staging', 'users'), ('staging', 'accounts'), ('staging', 'dict_mcc'), ('staging', 'dict_tariffs'), ('staging', 'dict_merchants'), ('staging', 'transactions'), ('staging', 'dict_regions'), ('staging', 'cards')]
[2026-02-26T17:55:38.267+0000] {base.py:84} INFO - Using connection ID 'minio_conn_id' for task execution.
[2026-02-26T17:55:38.275+0000] {connection_wrapper.py:384} INFO - AWS Connection (conn_id='minio_conn_id', conn_type='aws') credentials retrieved from login and ***.
[2026-02-26T17:55:41.869+0000] {base.py:84} INFO - Using connection ID 'postgres_dwh' for task execution.
[2026-02-26T17:55:41.929+0000] {logging_mixin.py:188} INFO - Successfully loaded cards using copy_expert
[2026-02-26T17:55:41.931+0000] {python.py:237} INFO - Done. Returned value was: None
[2026-02-26T17:55:41.933+0000] {taskinstance.py:441} INFO - ::group::Post task execution logs
[2026-02-26T17:55:41.955+0000] {taskinstance.py:1206} INFO - Marking task as SUCCESS. dag_id=oltp_s3_dwh, task_id=upload_s3_to_dwh_cards, run_id=scheduled__2025-02-01T00:00:00+00:00, execution_date=20250201T000000, start_date=20260226T175536, end_date=20260226T175541
[2026-02-26T17:55:42.048+0000] {local_task_job_runner.py:243} INFO - Task exited with return code 0
[2026-02-26T17:55:42.068+0000] {local_task_job_runner.py:222} INFO - ::endgroup::
[2026-02-27T18:59:56.178+0000] {local_task_job_runner.py:120} INFO - ::group::Pre task execution logs
[2026-02-27T18:59:56.247+0000] {taskinstance.py:2076} INFO - Dependencies all met for dep_context=non-requeueable deps ti=<TaskInstance: oltp_s3_dwh.upload_s3_to_dwh_cards scheduled__2025-02-01T00:00:00+00:00 [queued]>
[2026-02-27T18:59:56.274+0000] {taskinstance.py:2076} INFO - Dependencies all met for dep_context=requeueable deps ti=<TaskInstance: oltp_s3_dwh.upload_s3_to_dwh_cards scheduled__2025-02-01T00:00:00+00:00 [queued]>
[2026-02-27T18:59:56.279+0000] {taskinstance.py:2306} INFO - Starting attempt 1 of 1
[2026-02-27T18:59:56.308+0000] {taskinstance.py:2330} INFO - Executing <Task(PythonOperator): upload_s3_to_dwh_cards> on 2025-02-01 00:00:00+00:00
[2026-02-27T18:59:56.330+0000] {logging_mixin.py:188} WARNING - /home/***/.local/lib/python3.12/site-packages/***/task/task_runner/standard_task_runner.py:62 DeprecationWarning: This process (pid=32039) is multi-threaded, use of fork() may lead to deadlocks in the child.
[2026-02-27T18:59:56.334+0000] {standard_task_runner.py:64} INFO - Started process 32058 to run task
[2026-02-27T18:59:56.339+0000] {standard_task_runner.py:90} INFO - Running: ['***', 'tasks', 'run', 'oltp_s3_dwh', 'upload_s3_to_dwh_cards', 'scheduled__2025-02-01T00:00:00+00:00', '--job-id', '1541', '--raw', '--subdir', 'DAGS_FOLDER/oltp_s3_dwh.py', '--cfg-path', '/tmp/tmphp_qaqwo']
[2026-02-27T18:59:56.349+0000] {standard_task_runner.py:91} INFO - Job 1541: Subtask upload_s3_to_dwh_cards
[2026-02-27T18:59:56.563+0000] {task_command.py:426} INFO - Running <TaskInstance: oltp_s3_dwh.upload_s3_to_dwh_cards scheduled__2025-02-01T00:00:00+00:00 [running]> on host 31b45edbecf3
[2026-02-27T18:59:56.895+0000] {taskinstance.py:2648} INFO - Exporting env vars: AIRFLOW_CTX_DAG_OWNER='***' AIRFLOW_CTX_DAG_ID='oltp_s3_dwh' AIRFLOW_CTX_TASK_ID='upload_s3_to_dwh_cards' AIRFLOW_CTX_EXECUTION_DATE='2025-02-01T00:00:00+00:00' AIRFLOW_CTX_TRY_NUMBER='1' AIRFLOW_CTX_DAG_RUN_ID='scheduled__2025-02-01T00:00:00+00:00'
[2026-02-27T18:59:56.898+0000] {taskinstance.py:430} INFO - ::endgroup::
[2026-02-27T18:59:57.039+0000] {base.py:84} INFO - Using connection ID 'postgres_dwh' for task execution.
[2026-02-27T18:59:57.046+0000] {sql.py:495} INFO - Running statement: SELECT table_schema, table_name FROM information_schema.tables WHERE table_schema = 'staging';, parameters: None
[2026-02-27T18:59:57.052+0000] {sql.py:504} INFO - Rows affected: 9
[2026-02-27T18:59:57.054+0000] {logging_mixin.py:188} INFO - DEBUG: Доступные таблицы в схеме staging: [('staging', 'exchange_rates'), ('staging', 'dict_tariffs'), ('staging', 'dict_regions'), ('staging', 'transactions'), ('staging', 'dict_merchants'), ('staging', 'dict_mcc'), ('staging', 'cards'), ('staging', 'users'), ('staging', 'accounts')]
[2026-02-27T18:59:57.067+0000] {base.py:84} INFO - Using connection ID 'minio_conn_id' for task execution.
[2026-02-27T18:59:57.069+0000] {connection_wrapper.py:384} INFO - AWS Connection (conn_id='minio_conn_id', conn_type='aws') credentials retrieved from login and ***.
[2026-02-27T18:59:58.427+0000] {logging_mixin.py:188} INFO - Файл raw/not_dict/cards/2025-02-01/data.parquet не найден в S3. Пропускаем загрузку.
[2026-02-27T18:59:58.429+0000] {python.py:237} INFO - Done. Returned value was: None
[2026-02-27T18:59:58.429+0000] {taskinstance.py:441} INFO - ::group::Post task execution logs
[2026-02-27T18:59:58.447+0000] {taskinstance.py:1206} INFO - Marking task as SUCCESS. dag_id=oltp_s3_dwh, task_id=upload_s3_to_dwh_cards, run_id=scheduled__2025-02-01T00:00:00+00:00, execution_date=20250201T000000, start_date=20260227T185956, end_date=20260227T185958
[2026-02-27T18:59:58.497+0000] {local_task_job_runner.py:243} INFO - Task exited with return code 0
[2026-02-27T18:59:58.561+0000] {taskinstance.py:3503} INFO - 0 downstream tasks scheduled from follow-on schedule check
[2026-02-27T18:59:58.571+0000] {local_task_job_runner.py:222} INFO - ::endgroup::
