[2026-02-27T10:18:47.542+0000] {local_task_job_runner.py:120} INFO - ::group::Pre task execution logs
[2026-02-27T10:18:47.588+0000] {taskinstance.py:2076} INFO - Dependencies all met for dep_context=non-requeueable deps ti=<TaskInstance: staging_to_core.wait_for_accounts scheduled__2025-01-01T00:00:00+00:00 [queued]>
[2026-02-27T10:18:47.600+0000] {taskinstance.py:2076} INFO - Dependencies all met for dep_context=requeueable deps ti=<TaskInstance: staging_to_core.wait_for_accounts scheduled__2025-01-01T00:00:00+00:00 [queued]>
[2026-02-27T10:18:47.601+0000] {taskinstance.py:2306} INFO - Starting attempt 1 of 1
[2026-02-27T10:18:47.617+0000] {taskinstance.py:2330} INFO - Executing <Task(ExternalTaskSensor): wait_for_accounts> on 2025-01-01 00:00:00+00:00
[2026-02-27T10:18:47.627+0000] {standard_task_runner.py:90} INFO - Running: ['***', 'tasks', 'run', 'staging_to_core', 'wait_for_accounts', 'scheduled__2025-01-01T00:00:00+00:00', '--job-id', '1292', '--raw', '--subdir', 'DAGS_FOLDER/staging_to_core.py', '--cfg-path', '/tmp/tmpxne65rj9']
[2026-02-27T10:18:47.629+0000] {logging_mixin.py:188} WARNING - /home/***/.local/lib/python3.12/site-packages/***/task/task_runner/standard_task_runner.py:62 DeprecationWarning: This process (pid=8303) is multi-threaded, use of fork() may lead to deadlocks in the child.
[2026-02-27T10:18:47.630+0000] {standard_task_runner.py:91} INFO - Job 1292: Subtask wait_for_accounts
[2026-02-27T10:18:47.630+0000] {standard_task_runner.py:64} INFO - Started process 8304 to run task
[2026-02-27T10:18:47.685+0000] {task_command.py:426} INFO - Running <TaskInstance: staging_to_core.wait_for_accounts scheduled__2025-01-01T00:00:00+00:00 [running]> on host 31b45edbecf3
[2026-02-27T10:18:47.788+0000] {taskinstance.py:2648} INFO - Exporting env vars: AIRFLOW_CTX_DAG_OWNER='***' AIRFLOW_CTX_DAG_ID='staging_to_core' AIRFLOW_CTX_TASK_ID='wait_for_accounts' AIRFLOW_CTX_EXECUTION_DATE='2025-01-01T00:00:00+00:00' AIRFLOW_CTX_TRY_NUMBER='1' AIRFLOW_CTX_DAG_RUN_ID='scheduled__2025-01-01T00:00:00+00:00'
[2026-02-27T10:18:47.789+0000] {taskinstance.py:430} INFO - ::endgroup::
[2026-02-27T10:18:47.809+0000] {baseoperator.py:400} WARNING - ExternalTaskSensor.execute cannot be called outside TaskInstance!
[2026-02-27T10:18:47.820+0000] {external_task.py:258} INFO - Poking for tasks ['upload_s3_to_dwh_accounts'] in dag oltp_s3_dwh on 2025-01-01T00:00:00+00:00 ... 
[2026-02-27T10:18:47.826+0000] {logging_mixin.py:188} WARNING - /home/***/.local/lib/python3.12/site-packages/***/utils/session.py:79 DeprecationWarning: This method is deprecated and will be removed in future.
[2026-02-27T10:18:47.839+0000] {base.py:294} INFO - Success criteria met. Exiting.
[2026-02-27T10:18:47.840+0000] {taskinstance.py:441} INFO - ::group::Post task execution logs
[2026-02-27T10:18:47.852+0000] {taskinstance.py:1206} INFO - Marking task as SUCCESS. dag_id=staging_to_core, task_id=wait_for_accounts, run_id=scheduled__2025-01-01T00:00:00+00:00, execution_date=20250101T000000, start_date=20260227T101847, end_date=20260227T101847
[2026-02-27T10:18:47.889+0000] {local_task_job_runner.py:243} INFO - Task exited with return code 0
[2026-02-27T10:18:47.904+0000] {logging_mixin.py:188} WARNING - /home/***/.local/lib/python3.12/site-packages/***/models/baseoperator.py:1297 AirflowProviderDeprecationWarning: Call to deprecated class PostgresOperator. (Please use `***.providers.common.sql.operators.sql.SQLExecuteQueryOperator`.Also, you can provide `hook_params={'schema': <database>}`.)
[2026-02-27T10:18:47.930+0000] {taskinstance.py:3503} INFO - 0 downstream tasks scheduled from follow-on schedule check
[2026-02-27T10:18:47.935+0000] {local_task_job_runner.py:222} INFO - ::endgroup::
[2026-02-27T19:00:43.725+0000] {local_task_job_runner.py:120} INFO - ::group::Pre task execution logs
[2026-02-27T19:00:43.871+0000] {taskinstance.py:2076} INFO - Dependencies all met for dep_context=non-requeueable deps ti=<TaskInstance: staging_to_core.wait_for_accounts scheduled__2025-01-01T00:00:00+00:00 [queued]>
[2026-02-27T19:00:43.904+0000] {taskinstance.py:2076} INFO - Dependencies all met for dep_context=requeueable deps ti=<TaskInstance: staging_to_core.wait_for_accounts scheduled__2025-01-01T00:00:00+00:00 [queued]>
[2026-02-27T19:00:43.913+0000] {taskinstance.py:2306} INFO - Starting attempt 1 of 1
[2026-02-27T19:00:43.999+0000] {taskinstance.py:2330} INFO - Executing <Task(ExternalTaskSensor): wait_for_accounts> on 2025-01-01 00:00:00+00:00
[2026-02-27T19:00:44.072+0000] {logging_mixin.py:188} WARNING - /home/***/.local/lib/python3.12/site-packages/***/task/task_runner/standard_task_runner.py:62 DeprecationWarning: This process (pid=32413) is multi-threaded, use of fork() may lead to deadlocks in the child.
[2026-02-27T19:00:44.085+0000] {standard_task_runner.py:64} INFO - Started process 32421 to run task
[2026-02-27T19:00:44.061+0000] {standard_task_runner.py:90} INFO - Running: ['***', 'tasks', 'run', 'staging_to_core', 'wait_for_accounts', 'scheduled__2025-01-01T00:00:00+00:00', '--job-id', '1615', '--raw', '--subdir', 'DAGS_FOLDER/staging_to_core.py', '--cfg-path', '/tmp/tmpasur_6tc']
[2026-02-27T19:00:44.096+0000] {standard_task_runner.py:91} INFO - Job 1615: Subtask wait_for_accounts
[2026-02-27T19:00:44.392+0000] {task_command.py:426} INFO - Running <TaskInstance: staging_to_core.wait_for_accounts scheduled__2025-01-01T00:00:00+00:00 [running]> on host 31b45edbecf3
[2026-02-27T19:00:44.688+0000] {taskinstance.py:2648} INFO - Exporting env vars: AIRFLOW_CTX_DAG_OWNER='***' AIRFLOW_CTX_DAG_ID='staging_to_core' AIRFLOW_CTX_TASK_ID='wait_for_accounts' AIRFLOW_CTX_EXECUTION_DATE='2025-01-01T00:00:00+00:00' AIRFLOW_CTX_TRY_NUMBER='1' AIRFLOW_CTX_DAG_RUN_ID='scheduled__2025-01-01T00:00:00+00:00'
[2026-02-27T19:00:44.694+0000] {taskinstance.py:430} INFO - ::endgroup::
[2026-02-27T19:00:44.749+0000] {baseoperator.py:400} WARNING - ExternalTaskSensor.execute cannot be called outside TaskInstance!
[2026-02-27T19:00:44.797+0000] {external_task.py:258} INFO - Poking for tasks ['upload_s3_to_dwh_accounts'] in dag oltp_s3_dwh on 2025-01-01T00:00:00+00:00 ... 
[2026-02-27T19:00:44.804+0000] {logging_mixin.py:188} WARNING - /home/***/.local/lib/python3.12/site-packages/***/utils/session.py:79 DeprecationWarning: This method is deprecated and will be removed in future.
[2026-02-27T19:00:44.825+0000] {base.py:294} INFO - Success criteria met. Exiting.
[2026-02-27T19:00:44.826+0000] {taskinstance.py:441} INFO - ::group::Post task execution logs
[2026-02-27T19:00:44.853+0000] {taskinstance.py:1206} INFO - Marking task as SUCCESS. dag_id=staging_to_core, task_id=wait_for_accounts, run_id=scheduled__2025-01-01T00:00:00+00:00, execution_date=20250101T000000, start_date=20260227T190043, end_date=20260227T190044
[2026-02-27T19:00:44.923+0000] {local_task_job_runner.py:243} INFO - Task exited with return code 0
[2026-02-27T19:00:44.937+0000] {logging_mixin.py:188} WARNING - /home/***/.local/lib/python3.12/site-packages/***/models/baseoperator.py:1297 AirflowProviderDeprecationWarning: Call to deprecated class PostgresOperator. (Please use `***.providers.common.sql.operators.sql.SQLExecuteQueryOperator`.Also, you can provide `hook_params={'schema': <database>}`.)
[2026-02-27T19:00:45.011+0000] {taskinstance.py:3503} INFO - 1 downstream tasks scheduled from follow-on schedule check
[2026-02-27T19:00:45.033+0000] {local_task_job_runner.py:222} INFO - ::endgroup::
