[2026-02-27T10:31:01.839+0000] {local_task_job_runner.py:120} INFO - ::group::Pre task execution logs
[2026-02-27T10:31:01.918+0000] {taskinstance.py:2076} INFO - Dependencies all met for dep_context=non-requeueable deps ti=<TaskInstance: staging_to_core.transform_dict_tariffs_to_core scheduled__2025-06-01T00:00:00+00:00 [queued]>
[2026-02-27T10:31:01.942+0000] {taskinstance.py:2076} INFO - Dependencies all met for dep_context=requeueable deps ti=<TaskInstance: staging_to_core.transform_dict_tariffs_to_core scheduled__2025-06-01T00:00:00+00:00 [queued]>
[2026-02-27T10:31:01.944+0000] {taskinstance.py:2306} INFO - Starting attempt 1 of 1
[2026-02-27T10:31:01.974+0000] {taskinstance.py:2330} INFO - Executing <Task(PostgresOperator): transform_dict_tariffs_to_core> on 2025-06-01 00:00:00+00:00
[2026-02-27T10:31:01.984+0000] {logging_mixin.py:188} WARNING - /home/***/.local/lib/python3.12/site-packages/***/task/task_runner/standard_task_runner.py:62 DeprecationWarning: This process (pid=9287) is multi-threaded, use of fork() may lead to deadlocks in the child.
[2026-02-27T10:31:01.984+0000] {standard_task_runner.py:90} INFO - Running: ['***', 'tasks', 'run', 'staging_to_core', 'transform_dict_tariffs_to_core', 'scheduled__2025-06-01T00:00:00+00:00', '--job-id', '1378', '--raw', '--subdir', 'DAGS_FOLDER/staging_to_core.py', '--cfg-path', '/tmp/tmpreu281qz']
[2026-02-27T10:31:01.994+0000] {standard_task_runner.py:91} INFO - Job 1378: Subtask transform_dict_tariffs_to_core
[2026-02-27T10:31:01.993+0000] {standard_task_runner.py:64} INFO - Started process 9296 to run task
[2026-02-27T10:31:02.116+0000] {task_command.py:426} INFO - Running <TaskInstance: staging_to_core.transform_dict_tariffs_to_core scheduled__2025-06-01T00:00:00+00:00 [running]> on host 31b45edbecf3
[2026-02-27T10:31:02.274+0000] {taskinstance.py:2648} INFO - Exporting env vars: AIRFLOW_CTX_DAG_OWNER='***' AIRFLOW_CTX_DAG_ID='staging_to_core' AIRFLOW_CTX_TASK_ID='transform_dict_tariffs_to_core' AIRFLOW_CTX_EXECUTION_DATE='2025-06-01T00:00:00+00:00' AIRFLOW_CTX_TRY_NUMBER='1' AIRFLOW_CTX_DAG_RUN_ID='scheduled__2025-06-01T00:00:00+00:00'
[2026-02-27T10:31:02.276+0000] {taskinstance.py:430} INFO - ::endgroup::
[2026-02-27T10:31:02.317+0000] {sql.py:282} INFO - Executing: 
                    INSERT INTO core.dict_tariffs
                    SELECT * FROM staging.dict_tariffs
                    ON CONFLICT (tariff_id) 
                    DO UPDATE SET
                        tariff_name = EXCLUDED.tariff_name, monthly_cost = EXCLUDED.monthly_cost, cashback_percent = EXCLUDED.cashback_percent;
                
[2026-02-27T10:31:02.332+0000] {base.py:84} INFO - Using connection ID 'postgres_dwh' for task execution.
[2026-02-27T10:31:02.349+0000] {base.py:84} INFO - Using connection ID 'postgres_dwh' for task execution.
[2026-02-27T10:31:02.357+0000] {sql.py:495} INFO - Running statement: 
                    INSERT INTO core.dict_tariffs
                    SELECT * FROM staging.dict_tariffs
                    ON CONFLICT (tariff_id) 
                    DO UPDATE SET
                        tariff_name = EXCLUDED.tariff_name, monthly_cost = EXCLUDED.monthly_cost, cashback_percent = EXCLUDED.cashback_percent;
                , parameters: None
[2026-02-27T10:31:02.360+0000] {sql.py:504} INFO - Rows affected: 12
[2026-02-27T10:31:02.369+0000] {taskinstance.py:441} INFO - ::group::Post task execution logs
[2026-02-27T10:31:02.398+0000] {taskinstance.py:1206} INFO - Marking task as SUCCESS. dag_id=staging_to_core, task_id=transform_dict_tariffs_to_core, run_id=scheduled__2025-06-01T00:00:00+00:00, execution_date=20250601T000000, start_date=20260227T103101, end_date=20260227T103102
[2026-02-27T10:31:02.466+0000] {local_task_job_runner.py:243} INFO - Task exited with return code 0
[2026-02-27T10:31:02.484+0000] {logging_mixin.py:188} WARNING - /home/***/.local/lib/python3.12/site-packages/***/models/baseoperator.py:1297 AirflowProviderDeprecationWarning: Call to deprecated class PostgresOperator. (Please use `***.providers.common.sql.operators.sql.SQLExecuteQueryOperator`.Also, you can provide `hook_params={'schema': <database>}`.)
[2026-02-27T10:31:02.553+0000] {taskinstance.py:3503} INFO - 1 downstream tasks scheduled from follow-on schedule check
[2026-02-27T10:31:02.560+0000] {local_task_job_runner.py:222} INFO - ::endgroup::
[2026-02-27T19:02:53.381+0000] {local_task_job_runner.py:120} INFO - ::group::Pre task execution logs
[2026-02-27T19:02:53.421+0000] {taskinstance.py:2076} INFO - Dependencies all met for dep_context=non-requeueable deps ti=<TaskInstance: staging_to_core.transform_dict_tariffs_to_core scheduled__2025-06-01T00:00:00+00:00 [queued]>
[2026-02-27T19:02:53.431+0000] {taskinstance.py:2076} INFO - Dependencies all met for dep_context=requeueable deps ti=<TaskInstance: staging_to_core.transform_dict_tariffs_to_core scheduled__2025-06-01T00:00:00+00:00 [queued]>
[2026-02-27T19:02:53.431+0000] {taskinstance.py:2306} INFO - Starting attempt 1 of 1
[2026-02-27T19:02:53.446+0000] {taskinstance.py:2330} INFO - Executing <Task(PostgresOperator): transform_dict_tariffs_to_core> on 2025-06-01 00:00:00+00:00
[2026-02-27T19:02:53.453+0000] {logging_mixin.py:188} WARNING - /home/***/.local/lib/python3.12/site-packages/***/task/task_runner/standard_task_runner.py:62 DeprecationWarning: This process (pid=33346) is multi-threaded, use of fork() may lead to deadlocks in the child.
[2026-02-27T19:02:53.455+0000] {standard_task_runner.py:64} INFO - Started process 33347 to run task
[2026-02-27T19:02:53.453+0000] {standard_task_runner.py:90} INFO - Running: ['***', 'tasks', 'run', 'staging_to_core', 'transform_dict_tariffs_to_core', 'scheduled__2025-06-01T00:00:00+00:00', '--job-id', '1810', '--raw', '--subdir', 'DAGS_FOLDER/staging_to_core.py', '--cfg-path', '/tmp/tmpskas7_zw']
[2026-02-27T19:02:53.456+0000] {standard_task_runner.py:91} INFO - Job 1810: Subtask transform_dict_tariffs_to_core
[2026-02-27T19:02:53.508+0000] {task_command.py:426} INFO - Running <TaskInstance: staging_to_core.transform_dict_tariffs_to_core scheduled__2025-06-01T00:00:00+00:00 [running]> on host 31b45edbecf3
[2026-02-27T19:02:53.605+0000] {taskinstance.py:2648} INFO - Exporting env vars: AIRFLOW_CTX_DAG_OWNER='***' AIRFLOW_CTX_DAG_ID='staging_to_core' AIRFLOW_CTX_TASK_ID='transform_dict_tariffs_to_core' AIRFLOW_CTX_EXECUTION_DATE='2025-06-01T00:00:00+00:00' AIRFLOW_CTX_TRY_NUMBER='1' AIRFLOW_CTX_DAG_RUN_ID='scheduled__2025-06-01T00:00:00+00:00'
[2026-02-27T19:02:53.606+0000] {taskinstance.py:430} INFO - ::endgroup::
[2026-02-27T19:02:53.623+0000] {sql.py:282} INFO - Executing: 
                    INSERT INTO core.dict_tariffs
                    SELECT * FROM staging.dict_tariffs
                    ON CONFLICT (tariff_id) 
                    DO UPDATE SET
                        tariff_name = EXCLUDED.tariff_name, monthly_cost = EXCLUDED.monthly_cost, cashback_percent = EXCLUDED.cashback_percent;
                
[2026-02-27T19:02:53.633+0000] {base.py:84} INFO - Using connection ID 'postgres_dwh' for task execution.
[2026-02-27T19:02:53.643+0000] {base.py:84} INFO - Using connection ID 'postgres_dwh' for task execution.
[2026-02-27T19:02:53.648+0000] {sql.py:495} INFO - Running statement: 
                    INSERT INTO core.dict_tariffs
                    SELECT * FROM staging.dict_tariffs
                    ON CONFLICT (tariff_id) 
                    DO UPDATE SET
                        tariff_name = EXCLUDED.tariff_name, monthly_cost = EXCLUDED.monthly_cost, cashback_percent = EXCLUDED.cashback_percent;
                , parameters: None
[2026-02-27T19:02:53.650+0000] {sql.py:504} INFO - Rows affected: 3
[2026-02-27T19:02:53.653+0000] {taskinstance.py:441} INFO - ::group::Post task execution logs
[2026-02-27T19:02:53.665+0000] {taskinstance.py:1206} INFO - Marking task as SUCCESS. dag_id=staging_to_core, task_id=transform_dict_tariffs_to_core, run_id=scheduled__2025-06-01T00:00:00+00:00, execution_date=20250601T000000, start_date=20260227T190253, end_date=20260227T190253
[2026-02-27T19:02:53.713+0000] {local_task_job_runner.py:243} INFO - Task exited with return code 0
[2026-02-27T19:02:53.728+0000] {logging_mixin.py:188} WARNING - /home/***/.local/lib/python3.12/site-packages/***/models/baseoperator.py:1297 AirflowProviderDeprecationWarning: Call to deprecated class PostgresOperator. (Please use `***.providers.common.sql.operators.sql.SQLExecuteQueryOperator`.Also, you can provide `hook_params={'schema': <database>}`.)
[2026-02-27T19:02:53.756+0000] {taskinstance.py:3503} INFO - 1 downstream tasks scheduled from follow-on schedule check
[2026-02-27T19:02:53.759+0000] {local_task_job_runner.py:222} INFO - ::endgroup::
