[2026-02-26T12:04:55.950+0000] {local_task_job_runner.py:120} INFO - ::group::Pre task execution logs
[2026-02-26T12:04:56.003+0000] {taskinstance.py:2076} INFO - Dependencies all met for dep_context=non-requeueable deps ti=<TaskInstance: oltp_s3_dwh.upload_postgre_to_s3_dict_mcc scheduled__2025-01-01T00:00:00+00:00 [queued]>
[2026-02-26T12:04:56.031+0000] {taskinstance.py:2076} INFO - Dependencies all met for dep_context=requeueable deps ti=<TaskInstance: oltp_s3_dwh.upload_postgre_to_s3_dict_mcc scheduled__2025-01-01T00:00:00+00:00 [queued]>
[2026-02-26T12:04:56.032+0000] {taskinstance.py:2306} INFO - Starting attempt 1 of 1
[2026-02-26T12:04:56.057+0000] {taskinstance.py:2330} INFO - Executing <Task(PythonOperator): upload_postgre_to_s3_dict_mcc> on 2025-01-01 00:00:00+00:00
[2026-02-26T12:04:56.091+0000] {logging_mixin.py:188} WARNING - /home/***/.local/lib/python3.12/site-packages/***/task/task_runner/standard_task_runner.py:62 DeprecationWarning: This process (pid=4183) is multi-threaded, use of fork() may lead to deadlocks in the child.
[2026-02-26T12:04:56.095+0000] {standard_task_runner.py:64} INFO - Started process 4195 to run task
[2026-02-26T12:04:56.083+0000] {standard_task_runner.py:90} INFO - Running: ['***', 'tasks', 'run', 'oltp_s3_dwh', 'upload_postgre_to_s3_dict_mcc', 'scheduled__2025-01-01T00:00:00+00:00', '--job-id', '978', '--raw', '--subdir', 'DAGS_FOLDER/oltp_s3_dwh_dict.py', '--cfg-path', '/tmp/tmp2dmwvmff']
[2026-02-26T12:04:56.105+0000] {standard_task_runner.py:91} INFO - Job 978: Subtask upload_postgre_to_s3_dict_mcc
[2026-02-26T12:04:56.207+0000] {task_command.py:426} INFO - Running <TaskInstance: oltp_s3_dwh.upload_postgre_to_s3_dict_mcc scheduled__2025-01-01T00:00:00+00:00 [running]> on host 31b45edbecf3
[2026-02-26T12:04:56.376+0000] {taskinstance.py:2648} INFO - Exporting env vars: AIRFLOW_CTX_DAG_OWNER='***' AIRFLOW_CTX_DAG_ID='oltp_s3_dwh' AIRFLOW_CTX_TASK_ID='upload_postgre_to_s3_dict_mcc' AIRFLOW_CTX_EXECUTION_DATE='2025-01-01T00:00:00+00:00' AIRFLOW_CTX_TRY_NUMBER='1' AIRFLOW_CTX_DAG_RUN_ID='scheduled__2025-01-01T00:00:00+00:00'
[2026-02-26T12:04:56.379+0000] {taskinstance.py:430} INFO - ::endgroup::
[2026-02-26T12:04:56.420+0000] {base.py:84} INFO - Using connection ID 'postgres_oltp' for task execution.
[2026-02-26T12:04:56.433+0000] {logging_mixin.py:188} WARNING - /home/***/.local/lib/python3.12/site-packages/***/providers/common/sql/hooks/sql.py:269 UserWarning: pandas only supports SQLAlchemy connectable (engine/connection) or database string URI or sqlite3 DBAPI2 connection. Other DBAPI2 objects are not tested. Please consider using SQLAlchemy.
[2026-02-26T12:04:56.500+0000] {base.py:84} INFO - Using connection ID 'minio_conn_id' for task execution.
[2026-02-26T12:04:56.502+0000] {connection_wrapper.py:384} INFO - AWS Connection (conn_id='minio_conn_id', conn_type='aws') credentials retrieved from login and ***.
[2026-02-26T12:04:56.918+0000] {python.py:237} INFO - Done. Returned value was: None
[2026-02-26T12:04:56.920+0000] {taskinstance.py:441} INFO - ::group::Post task execution logs
[2026-02-26T12:04:56.932+0000] {taskinstance.py:1206} INFO - Marking task as SUCCESS. dag_id=oltp_s3_dwh, task_id=upload_postgre_to_s3_dict_mcc, run_id=scheduled__2025-01-01T00:00:00+00:00, execution_date=20250101T000000, start_date=20260226T120456, end_date=20260226T120456
[2026-02-26T12:04:56.972+0000] {local_task_job_runner.py:243} INFO - Task exited with return code 0
[2026-02-26T12:04:56.983+0000] {local_task_job_runner.py:222} INFO - ::endgroup::
[2026-02-27T18:58:59.465+0000] {local_task_job_runner.py:120} INFO - ::group::Pre task execution logs
[2026-02-27T18:58:59.498+0000] {taskinstance.py:2076} INFO - Dependencies all met for dep_context=non-requeueable deps ti=<TaskInstance: oltp_s3_dwh.upload_postgre_to_s3_dict_mcc scheduled__2025-01-01T00:00:00+00:00 [queued]>
[2026-02-27T18:58:59.526+0000] {taskinstance.py:2076} INFO - Dependencies all met for dep_context=requeueable deps ti=<TaskInstance: oltp_s3_dwh.upload_postgre_to_s3_dict_mcc scheduled__2025-01-01T00:00:00+00:00 [queued]>
[2026-02-27T18:58:59.531+0000] {taskinstance.py:2306} INFO - Starting attempt 1 of 1
[2026-02-27T18:58:59.579+0000] {taskinstance.py:2330} INFO - Executing <Task(PythonOperator): upload_postgre_to_s3_dict_mcc> on 2025-01-01 00:00:00+00:00
[2026-02-27T18:58:59.619+0000] {standard_task_runner.py:90} INFO - Running: ['***', 'tasks', 'run', 'oltp_s3_dwh', 'upload_postgre_to_s3_dict_mcc', 'scheduled__2025-01-01T00:00:00+00:00', '--job-id', '1505', '--raw', '--subdir', 'DAGS_FOLDER/oltp_s3_dwh.py', '--cfg-path', '/tmp/tmpbgiqyyqb']
[2026-02-27T18:58:59.627+0000] {standard_task_runner.py:91} INFO - Job 1505: Subtask upload_postgre_to_s3_dict_mcc
[2026-02-27T18:58:59.611+0000] {logging_mixin.py:188} WARNING - /home/***/.local/lib/python3.12/site-packages/***/task/task_runner/standard_task_runner.py:62 DeprecationWarning: This process (pid=31772) is multi-threaded, use of fork() may lead to deadlocks in the child.
[2026-02-27T18:58:59.632+0000] {standard_task_runner.py:64} INFO - Started process 31792 to run task
[2026-02-27T18:58:59.814+0000] {task_command.py:426} INFO - Running <TaskInstance: oltp_s3_dwh.upload_postgre_to_s3_dict_mcc scheduled__2025-01-01T00:00:00+00:00 [running]> on host 31b45edbecf3
[2026-02-27T18:59:00.250+0000] {taskinstance.py:2648} INFO - Exporting env vars: AIRFLOW_CTX_DAG_OWNER='***' AIRFLOW_CTX_DAG_ID='oltp_s3_dwh' AIRFLOW_CTX_TASK_ID='upload_postgre_to_s3_dict_mcc' AIRFLOW_CTX_EXECUTION_DATE='2025-01-01T00:00:00+00:00' AIRFLOW_CTX_TRY_NUMBER='1' AIRFLOW_CTX_DAG_RUN_ID='scheduled__2025-01-01T00:00:00+00:00'
[2026-02-27T18:59:00.252+0000] {taskinstance.py:430} INFO - ::endgroup::
[2026-02-27T18:59:00.344+0000] {base.py:84} INFO - Using connection ID 'postgres_oltp' for task execution.
[2026-02-27T18:59:00.388+0000] {logging_mixin.py:188} WARNING - /home/***/.local/lib/python3.12/site-packages/***/providers/common/sql/hooks/sql.py:269 UserWarning: pandas only supports SQLAlchemy connectable (engine/connection) or database string URI or sqlite3 DBAPI2 connection. Other DBAPI2 objects are not tested. Please consider using SQLAlchemy.
[2026-02-27T18:59:00.699+0000] {base.py:84} INFO - Using connection ID 'minio_conn_id' for task execution.
[2026-02-27T18:59:00.704+0000] {connection_wrapper.py:384} INFO - AWS Connection (conn_id='minio_conn_id', conn_type='aws') credentials retrieved from login and ***.
[2026-02-27T18:59:02.348+0000] {python.py:237} INFO - Done. Returned value was: None
[2026-02-27T18:59:02.349+0000] {taskinstance.py:441} INFO - ::group::Post task execution logs
[2026-02-27T18:59:02.370+0000] {taskinstance.py:1206} INFO - Marking task as SUCCESS. dag_id=oltp_s3_dwh, task_id=upload_postgre_to_s3_dict_mcc, run_id=scheduled__2025-01-01T00:00:00+00:00, execution_date=20250101T000000, start_date=20260227T185859, end_date=20260227T185902
[2026-02-27T18:59:02.458+0000] {local_task_job_runner.py:243} INFO - Task exited with return code 0
[2026-02-27T18:59:02.495+0000] {local_task_job_runner.py:222} INFO - ::endgroup::
