[2026-02-26T12:06:45.395+0000] {local_task_job_runner.py:120} INFO - ::group::Pre task execution logs
[2026-02-26T12:06:45.560+0000] {taskinstance.py:2076} INFO - Dependencies all met for dep_context=non-requeueable deps ti=<TaskInstance: oltp_s3_dwh.upload_postgre_to_s3_dict_mcc scheduled__2025-01-01T00:00:00+00:00 [queued]>
[2026-02-26T12:06:45.665+0000] {taskinstance.py:2076} INFO - Dependencies all met for dep_context=requeueable deps ti=<TaskInstance: oltp_s3_dwh.upload_postgre_to_s3_dict_mcc scheduled__2025-01-01T00:00:00+00:00 [queued]>
[2026-02-26T12:06:45.676+0000] {taskinstance.py:2306} INFO - Starting attempt 2 of 2
[2026-02-26T12:06:45.887+0000] {taskinstance.py:2330} INFO - Executing <Task(PythonOperator): upload_postgre_to_s3_dict_mcc> on 2025-01-01 00:00:00+00:00
[2026-02-26T12:06:46.012+0000] {logging_mixin.py:188} WARNING - /home/***/.local/lib/python3.12/site-packages/***/task/task_runner/standard_task_runner.py:62 DeprecationWarning: This process (pid=4352) is multi-threaded, use of fork() may lead to deadlocks in the child.
[2026-02-26T12:06:46.053+0000] {standard_task_runner.py:64} INFO - Started process 4385 to run task
[2026-02-26T12:06:46.029+0000] {standard_task_runner.py:90} INFO - Running: ['***', 'tasks', 'run', 'oltp_s3_dwh', 'upload_postgre_to_s3_dict_mcc', 'scheduled__2025-01-01T00:00:00+00:00', '--job-id', '995', '--raw', '--subdir', 'DAGS_FOLDER/oltp_s3_dwh_dict.py', '--cfg-path', '/tmp/tmpx0fck8rm']
[2026-02-26T12:06:46.085+0000] {standard_task_runner.py:91} INFO - Job 995: Subtask upload_postgre_to_s3_dict_mcc
[2026-02-26T12:06:46.508+0000] {task_command.py:426} INFO - Running <TaskInstance: oltp_s3_dwh.upload_postgre_to_s3_dict_mcc scheduled__2025-01-01T00:00:00+00:00 [running]> on host 31b45edbecf3
[2026-02-26T12:06:47.253+0000] {taskinstance.py:2648} INFO - Exporting env vars: AIRFLOW_CTX_DAG_OWNER='***' AIRFLOW_CTX_DAG_ID='oltp_s3_dwh' AIRFLOW_CTX_TASK_ID='upload_postgre_to_s3_dict_mcc' AIRFLOW_CTX_EXECUTION_DATE='2025-01-01T00:00:00+00:00' AIRFLOW_CTX_TRY_NUMBER='2' AIRFLOW_CTX_DAG_RUN_ID='scheduled__2025-01-01T00:00:00+00:00'
[2026-02-26T12:06:47.255+0000] {taskinstance.py:430} INFO - ::endgroup::
[2026-02-26T12:06:47.457+0000] {base.py:84} INFO - Using connection ID 'postgres_oltp' for task execution.
[2026-02-26T12:06:47.544+0000] {logging_mixin.py:188} WARNING - /home/***/.local/lib/python3.12/site-packages/***/providers/common/sql/hooks/sql.py:269 UserWarning: pandas only supports SQLAlchemy connectable (engine/connection) or database string URI or sqlite3 DBAPI2 connection. Other DBAPI2 objects are not tested. Please consider using SQLAlchemy.
[2026-02-26T12:06:47.734+0000] {base.py:84} INFO - Using connection ID 'minio_conn_id' for task execution.
[2026-02-26T12:06:47.751+0000] {connection_wrapper.py:384} INFO - AWS Connection (conn_id='minio_conn_id', conn_type='aws') credentials retrieved from login and ***.
[2026-02-26T12:06:49.247+0000] {python.py:237} INFO - Done. Returned value was: None
[2026-02-26T12:06:49.248+0000] {taskinstance.py:441} INFO - ::group::Post task execution logs
[2026-02-26T12:06:49.278+0000] {taskinstance.py:1206} INFO - Marking task as SUCCESS. dag_id=oltp_s3_dwh, task_id=upload_postgre_to_s3_dict_mcc, run_id=scheduled__2025-01-01T00:00:00+00:00, execution_date=20250101T000000, start_date=20260226T120645, end_date=20260226T120649
[2026-02-26T12:06:49.485+0000] {local_task_job_runner.py:243} INFO - Task exited with return code 0
[2026-02-26T12:06:49.514+0000] {taskinstance.py:3503} INFO - 0 downstream tasks scheduled from follow-on schedule check
[2026-02-26T12:06:49.528+0000] {local_task_job_runner.py:222} INFO - ::endgroup::
[2026-02-28T09:57:33.759+0000] {local_task_job_runner.py:120} INFO - ::group::Pre task execution logs
[2026-02-28T09:57:33.802+0000] {taskinstance.py:2076} INFO - Dependencies all met for dep_context=non-requeueable deps ti=<TaskInstance: oltp_s3_dwh.upload_postgre_to_s3_dict_mcc scheduled__2025-01-01T00:00:00+00:00 [queued]>
[2026-02-28T09:57:33.848+0000] {taskinstance.py:2076} INFO - Dependencies all met for dep_context=requeueable deps ti=<TaskInstance: oltp_s3_dwh.upload_postgre_to_s3_dict_mcc scheduled__2025-01-01T00:00:00+00:00 [queued]>
[2026-02-28T09:57:33.850+0000] {taskinstance.py:2306} INFO - Starting attempt 2 of 2
[2026-02-28T09:57:33.906+0000] {taskinstance.py:2330} INFO - Executing <Task(PythonOperator): upload_postgre_to_s3_dict_mcc> on 2025-01-01 00:00:00+00:00
[2026-02-28T09:57:33.930+0000] {logging_mixin.py:188} WARNING - /home/***/.local/lib/python3.12/site-packages/***/task/task_runner/standard_task_runner.py:62 DeprecationWarning: This process (pid=1515) is multi-threaded, use of fork() may lead to deadlocks in the child.
[2026-02-28T09:57:33.953+0000] {standard_task_runner.py:64} INFO - Started process 1542 to run task
[2026-02-28T09:57:33.934+0000] {standard_task_runner.py:90} INFO - Running: ['***', 'tasks', 'run', 'oltp_s3_dwh', 'upload_postgre_to_s3_dict_mcc', 'scheduled__2025-01-01T00:00:00+00:00', '--job-id', '1940', '--raw', '--subdir', 'DAGS_FOLDER/oltp_s3_dwh.py', '--cfg-path', '/tmp/tmprzacpp6t']
[2026-02-28T09:57:33.955+0000] {standard_task_runner.py:91} INFO - Job 1940: Subtask upload_postgre_to_s3_dict_mcc
[2026-02-28T09:57:34.189+0000] {task_command.py:426} INFO - Running <TaskInstance: oltp_s3_dwh.upload_postgre_to_s3_dict_mcc scheduled__2025-01-01T00:00:00+00:00 [running]> on host 31b45edbecf3
[2026-02-28T09:57:34.487+0000] {taskinstance.py:2648} INFO - Exporting env vars: AIRFLOW_CTX_DAG_OWNER='***' AIRFLOW_CTX_DAG_ID='oltp_s3_dwh' AIRFLOW_CTX_TASK_ID='upload_postgre_to_s3_dict_mcc' AIRFLOW_CTX_EXECUTION_DATE='2025-01-01T00:00:00+00:00' AIRFLOW_CTX_TRY_NUMBER='2' AIRFLOW_CTX_DAG_RUN_ID='scheduled__2025-01-01T00:00:00+00:00'
[2026-02-28T09:57:34.490+0000] {taskinstance.py:430} INFO - ::endgroup::
[2026-02-28T09:57:34.553+0000] {base.py:84} INFO - Using connection ID 'postgres_oltp' for task execution.
[2026-02-28T09:57:34.612+0000] {logging_mixin.py:188} WARNING - /home/***/.local/lib/python3.12/site-packages/***/providers/common/sql/hooks/sql.py:269 UserWarning: pandas only supports SQLAlchemy connectable (engine/connection) or database string URI or sqlite3 DBAPI2 connection. Other DBAPI2 objects are not tested. Please consider using SQLAlchemy.
[2026-02-28T09:57:34.888+0000] {base.py:84} INFO - Using connection ID 'minio_conn_id' for task execution.
[2026-02-28T09:57:34.911+0000] {connection_wrapper.py:384} INFO - AWS Connection (conn_id='minio_conn_id', conn_type='aws') credentials retrieved from login and ***.
[2026-02-28T09:57:36.235+0000] {python.py:237} INFO - Done. Returned value was: None
[2026-02-28T09:57:36.236+0000] {taskinstance.py:441} INFO - ::group::Post task execution logs
[2026-02-28T09:57:36.260+0000] {taskinstance.py:1206} INFO - Marking task as SUCCESS. dag_id=oltp_s3_dwh, task_id=upload_postgre_to_s3_dict_mcc, run_id=scheduled__2025-01-01T00:00:00+00:00, execution_date=20250101T000000, start_date=20260228T095733, end_date=20260228T095736
[2026-02-28T09:57:36.359+0000] {local_task_job_runner.py:243} INFO - Task exited with return code 0
[2026-02-28T09:57:36.443+0000] {taskinstance.py:3503} INFO - 1 downstream tasks scheduled from follow-on schedule check
[2026-02-28T09:57:36.455+0000] {local_task_job_runner.py:222} INFO - ::endgroup::
