[2026-02-27T10:30:14.560+0000] {local_task_job_runner.py:120} INFO - ::group::Pre task execution logs
[2026-02-27T10:30:14.612+0000] {taskinstance.py:2076} INFO - Dependencies all met for dep_context=non-requeueable deps ti=<TaskInstance: staging_to_core.transform_cards_to_core scheduled__2025-03-01T00:00:00+00:00 [queued]>
[2026-02-27T10:30:14.628+0000] {taskinstance.py:2076} INFO - Dependencies all met for dep_context=requeueable deps ti=<TaskInstance: staging_to_core.transform_cards_to_core scheduled__2025-03-01T00:00:00+00:00 [queued]>
[2026-02-27T10:30:14.629+0000] {taskinstance.py:2306} INFO - Starting attempt 1 of 1
[2026-02-27T10:30:14.648+0000] {taskinstance.py:2330} INFO - Executing <Task(PostgresOperator): transform_cards_to_core> on 2025-03-01 00:00:00+00:00
[2026-02-27T10:30:14.656+0000] {logging_mixin.py:188} WARNING - /home/***/.local/lib/python3.12/site-packages/***/task/task_runner/standard_task_runner.py:62 DeprecationWarning: This process (pid=9171) is multi-threaded, use of fork() may lead to deadlocks in the child.
[2026-02-27T10:30:14.659+0000] {standard_task_runner.py:64} INFO - Started process 9172 to run task
[2026-02-27T10:30:14.657+0000] {standard_task_runner.py:90} INFO - Running: ['***', 'tasks', 'run', 'staging_to_core', 'transform_cards_to_core', 'scheduled__2025-03-01T00:00:00+00:00', '--job-id', '1338', '--raw', '--subdir', 'DAGS_FOLDER/staging_to_core.py', '--cfg-path', '/tmp/tmpv7ks3kdm']
[2026-02-27T10:30:14.660+0000] {standard_task_runner.py:91} INFO - Job 1338: Subtask transform_cards_to_core
[2026-02-27T10:30:14.732+0000] {task_command.py:426} INFO - Running <TaskInstance: staging_to_core.transform_cards_to_core scheduled__2025-03-01T00:00:00+00:00 [running]> on host 31b45edbecf3
[2026-02-27T10:30:14.845+0000] {taskinstance.py:2648} INFO - Exporting env vars: AIRFLOW_CTX_DAG_OWNER='***' AIRFLOW_CTX_DAG_ID='staging_to_core' AIRFLOW_CTX_TASK_ID='transform_cards_to_core' AIRFLOW_CTX_EXECUTION_DATE='2025-03-01T00:00:00+00:00' AIRFLOW_CTX_TRY_NUMBER='1' AIRFLOW_CTX_DAG_RUN_ID='scheduled__2025-03-01T00:00:00+00:00'
[2026-02-27T10:30:14.846+0000] {taskinstance.py:430} INFO - ::endgroup::
[2026-02-27T10:30:14.867+0000] {sql.py:282} INFO - Executing: 
                    INSERT INTO core.cards
                    SELECT * FROM staging.cards
                    ON CONFLICT (card_id) 
                    DO UPDATE SET
                        account_id = EXCLUDED.account_id, card_number_masked = EXCLUDED.card_number_masked, card_type = EXCLUDED.card_type, expiry_date = EXCLUDED.expiry_date, is_virtual = EXCLUDED.is_virtual;
                
[2026-02-27T10:30:14.882+0000] {base.py:84} INFO - Using connection ID 'postgres_dwh' for task execution.
[2026-02-27T10:30:14.894+0000] {base.py:84} INFO - Using connection ID 'postgres_dwh' for task execution.
[2026-02-27T10:30:14.902+0000] {sql.py:495} INFO - Running statement: 
                    INSERT INTO core.cards
                    SELECT * FROM staging.cards
                    ON CONFLICT (card_id) 
                    DO UPDATE SET
                        account_id = EXCLUDED.account_id, card_number_masked = EXCLUDED.card_number_masked, card_type = EXCLUDED.card_type, expiry_date = EXCLUDED.expiry_date, is_virtual = EXCLUDED.is_virtual;
                , parameters: None
[2026-02-27T10:30:14.916+0000] {sql.py:504} INFO - Rows affected: 1920
[2026-02-27T10:30:14.926+0000] {taskinstance.py:441} INFO - ::group::Post task execution logs
[2026-02-27T10:30:14.939+0000] {taskinstance.py:1206} INFO - Marking task as SUCCESS. dag_id=staging_to_core, task_id=transform_cards_to_core, run_id=scheduled__2025-03-01T00:00:00+00:00, execution_date=20250301T000000, start_date=20260227T103014, end_date=20260227T103014
[2026-02-27T10:30:14.996+0000] {local_task_job_runner.py:243} INFO - Task exited with return code 0
[2026-02-27T10:30:15.016+0000] {logging_mixin.py:188} WARNING - /home/***/.local/lib/python3.12/site-packages/***/models/baseoperator.py:1297 AirflowProviderDeprecationWarning: Call to deprecated class PostgresOperator. (Please use `***.providers.common.sql.operators.sql.SQLExecuteQueryOperator`.Also, you can provide `hook_params={'schema': <database>}`.)
[2026-02-27T10:30:15.043+0000] {taskinstance.py:3503} INFO - 1 downstream tasks scheduled from follow-on schedule check
[2026-02-27T10:30:15.047+0000] {local_task_job_runner.py:222} INFO - ::endgroup::
[2026-02-27T19:01:54.987+0000] {local_task_job_runner.py:120} INFO - ::group::Pre task execution logs
[2026-02-27T19:01:55.279+0000] {taskinstance.py:2076} INFO - Dependencies all met for dep_context=non-requeueable deps ti=<TaskInstance: staging_to_core.transform_cards_to_core scheduled__2025-03-01T00:00:00+00:00 [queued]>
[2026-02-27T19:01:55.463+0000] {taskinstance.py:2076} INFO - Dependencies all met for dep_context=requeueable deps ti=<TaskInstance: staging_to_core.transform_cards_to_core scheduled__2025-03-01T00:00:00+00:00 [queued]>
[2026-02-27T19:01:55.473+0000] {taskinstance.py:2306} INFO - Starting attempt 1 of 1
[2026-02-27T19:01:55.586+0000] {taskinstance.py:2330} INFO - Executing <Task(PostgresOperator): transform_cards_to_core> on 2025-03-01 00:00:00+00:00
[2026-02-27T19:01:55.597+0000] {logging_mixin.py:188} WARNING - /home/***/.local/lib/python3.12/site-packages/***/task/task_runner/standard_task_runner.py:62 DeprecationWarning: This process (pid=33096) is multi-threaded, use of fork() may lead to deadlocks in the child.
[2026-02-27T19:01:55.615+0000] {standard_task_runner.py:64} INFO - Started process 33101 to run task
[2026-02-27T19:01:55.632+0000] {standard_task_runner.py:90} INFO - Running: ['***', 'tasks', 'run', 'staging_to_core', 'transform_cards_to_core', 'scheduled__2025-03-01T00:00:00+00:00', '--job-id', '1747', '--raw', '--subdir', 'DAGS_FOLDER/staging_to_core.py', '--cfg-path', '/tmp/tmpb1cz5os4']
[2026-02-27T19:01:55.660+0000] {standard_task_runner.py:91} INFO - Job 1747: Subtask transform_cards_to_core
[2026-02-27T19:01:55.850+0000] {task_command.py:426} INFO - Running <TaskInstance: staging_to_core.transform_cards_to_core scheduled__2025-03-01T00:00:00+00:00 [running]> on host 31b45edbecf3
[2026-02-27T19:01:56.117+0000] {taskinstance.py:2648} INFO - Exporting env vars: AIRFLOW_CTX_DAG_OWNER='***' AIRFLOW_CTX_DAG_ID='staging_to_core' AIRFLOW_CTX_TASK_ID='transform_cards_to_core' AIRFLOW_CTX_EXECUTION_DATE='2025-03-01T00:00:00+00:00' AIRFLOW_CTX_TRY_NUMBER='1' AIRFLOW_CTX_DAG_RUN_ID='scheduled__2025-03-01T00:00:00+00:00'
[2026-02-27T19:01:56.130+0000] {taskinstance.py:430} INFO - ::endgroup::
[2026-02-27T19:01:56.158+0000] {sql.py:282} INFO - Executing: 
                    INSERT INTO core.cards
                    SELECT * FROM staging.cards
                    ON CONFLICT (card_id) 
                    DO UPDATE SET
                        account_id = EXCLUDED.account_id, card_number_masked = EXCLUDED.card_number_masked, card_type = EXCLUDED.card_type, expiry_date = EXCLUDED.expiry_date, is_virtual = EXCLUDED.is_virtual;
                
[2026-02-27T19:01:56.236+0000] {base.py:84} INFO - Using connection ID 'postgres_dwh' for task execution.
[2026-02-27T19:01:56.268+0000] {base.py:84} INFO - Using connection ID 'postgres_dwh' for task execution.
[2026-02-27T19:01:56.293+0000] {sql.py:495} INFO - Running statement: 
                    INSERT INTO core.cards
                    SELECT * FROM staging.cards
                    ON CONFLICT (card_id) 
                    DO UPDATE SET
                        account_id = EXCLUDED.account_id, card_number_masked = EXCLUDED.card_number_masked, card_type = EXCLUDED.card_type, expiry_date = EXCLUDED.expiry_date, is_virtual = EXCLUDED.is_virtual;
                , parameters: None
[2026-02-27T19:01:56.297+0000] {sql.py:504} INFO - Rows affected: 10
[2026-02-27T19:01:56.302+0000] {taskinstance.py:441} INFO - ::group::Post task execution logs
[2026-02-27T19:01:56.336+0000] {taskinstance.py:1206} INFO - Marking task as SUCCESS. dag_id=staging_to_core, task_id=transform_cards_to_core, run_id=scheduled__2025-03-01T00:00:00+00:00, execution_date=20250301T000000, start_date=20260227T190155, end_date=20260227T190156
[2026-02-27T19:01:56.401+0000] {local_task_job_runner.py:243} INFO - Task exited with return code 0
[2026-02-27T19:01:56.420+0000] {logging_mixin.py:188} WARNING - /home/***/.local/lib/python3.12/site-packages/***/models/baseoperator.py:1297 AirflowProviderDeprecationWarning: Call to deprecated class PostgresOperator. (Please use `***.providers.common.sql.operators.sql.SQLExecuteQueryOperator`.Also, you can provide `hook_params={'schema': <database>}`.)
[2026-02-27T19:01:56.479+0000] {taskinstance.py:3503} INFO - 1 downstream tasks scheduled from follow-on schedule check
[2026-02-27T19:01:56.505+0000] {local_task_job_runner.py:222} INFO - ::endgroup::
