[2026-02-27T10:18:38.611+0000] {local_task_job_runner.py:120} INFO - ::group::Pre task execution logs
[2026-02-27T10:18:38.676+0000] {taskinstance.py:2076} INFO - Dependencies all met for dep_context=non-requeueable deps ti=<TaskInstance: staging_to_core.transform_dict_regions_to_core scheduled__2025-01-01T00:00:00+00:00 [queued]>
[2026-02-27T10:18:38.693+0000] {taskinstance.py:2076} INFO - Dependencies all met for dep_context=requeueable deps ti=<TaskInstance: staging_to_core.transform_dict_regions_to_core scheduled__2025-01-01T00:00:00+00:00 [queued]>
[2026-02-27T10:18:38.694+0000] {taskinstance.py:2306} INFO - Starting attempt 1 of 1
[2026-02-27T10:18:38.722+0000] {taskinstance.py:2330} INFO - Executing <Task(PostgresOperator): transform_dict_regions_to_core> on 2025-01-01 00:00:00+00:00
[2026-02-27T10:18:38.733+0000] {standard_task_runner.py:90} INFO - Running: ['***', 'tasks', 'run', 'staging_to_core', 'transform_dict_regions_to_core', 'scheduled__2025-01-01T00:00:00+00:00', '--job-id', '1283', '--raw', '--subdir', 'DAGS_FOLDER/staging_to_core.py', '--cfg-path', '/tmp/tmpt9ttluwu']
[2026-02-27T10:18:38.740+0000] {logging_mixin.py:188} WARNING - /home/***/.local/lib/python3.12/site-packages/***/task/task_runner/standard_task_runner.py:62 DeprecationWarning: This process (pid=8273) is multi-threaded, use of fork() may lead to deadlocks in the child.
[2026-02-27T10:18:38.751+0000] {standard_task_runner.py:64} INFO - Started process 8274 to run task
[2026-02-27T10:18:38.750+0000] {standard_task_runner.py:91} INFO - Job 1283: Subtask transform_dict_regions_to_core
[2026-02-27T10:18:38.850+0000] {task_command.py:426} INFO - Running <TaskInstance: staging_to_core.transform_dict_regions_to_core scheduled__2025-01-01T00:00:00+00:00 [running]> on host 31b45edbecf3
[2026-02-27T10:18:38.992+0000] {taskinstance.py:2648} INFO - Exporting env vars: AIRFLOW_CTX_DAG_OWNER='***' AIRFLOW_CTX_DAG_ID='staging_to_core' AIRFLOW_CTX_TASK_ID='transform_dict_regions_to_core' AIRFLOW_CTX_EXECUTION_DATE='2025-01-01T00:00:00+00:00' AIRFLOW_CTX_TRY_NUMBER='1' AIRFLOW_CTX_DAG_RUN_ID='scheduled__2025-01-01T00:00:00+00:00'
[2026-02-27T10:18:38.994+0000] {taskinstance.py:430} INFO - ::endgroup::
[2026-02-27T10:18:39.023+0000] {sql.py:282} INFO - Executing: 
                    INSERT INTO core.dict_regions
                    SELECT * FROM staging.dict_regions
                    ON CONFLICT (region_id) 
                    DO UPDATE SET
                        region_name = EXCLUDED.region_name, city = EXCLUDED.city, timezone = EXCLUDED.timezone;
                
[2026-02-27T10:18:39.038+0000] {base.py:84} INFO - Using connection ID 'postgres_dwh' for task execution.
[2026-02-27T10:18:39.058+0000] {base.py:84} INFO - Using connection ID 'postgres_dwh' for task execution.
[2026-02-27T10:18:39.070+0000] {sql.py:495} INFO - Running statement: 
                    INSERT INTO core.dict_regions
                    SELECT * FROM staging.dict_regions
                    ON CONFLICT (region_id) 
                    DO UPDATE SET
                        region_name = EXCLUDED.region_name, city = EXCLUDED.city, timezone = EXCLUDED.timezone;
                , parameters: None
[2026-02-27T10:18:39.084+0000] {sql.py:504} INFO - Rows affected: 24
[2026-02-27T10:18:39.089+0000] {taskinstance.py:441} INFO - ::group::Post task execution logs
[2026-02-27T10:18:39.105+0000] {taskinstance.py:1206} INFO - Marking task as SUCCESS. dag_id=staging_to_core, task_id=transform_dict_regions_to_core, run_id=scheduled__2025-01-01T00:00:00+00:00, execution_date=20250101T000000, start_date=20260227T101838, end_date=20260227T101839
[2026-02-27T10:18:39.135+0000] {local_task_job_runner.py:243} INFO - Task exited with return code 0
[2026-02-27T10:18:39.155+0000] {logging_mixin.py:188} WARNING - /home/***/.local/lib/python3.12/site-packages/***/models/baseoperator.py:1297 AirflowProviderDeprecationWarning: Call to deprecated class PostgresOperator. (Please use `***.providers.common.sql.operators.sql.SQLExecuteQueryOperator`.Also, you can provide `hook_params={'schema': <database>}`.)
[2026-02-27T10:18:39.203+0000] {taskinstance.py:3503} INFO - 1 downstream tasks scheduled from follow-on schedule check
[2026-02-27T10:18:39.208+0000] {local_task_job_runner.py:222} INFO - ::endgroup::
[2026-02-27T19:00:27.116+0000] {local_task_job_runner.py:120} INFO - ::group::Pre task execution logs
[2026-02-27T19:00:27.169+0000] {taskinstance.py:2076} INFO - Dependencies all met for dep_context=non-requeueable deps ti=<TaskInstance: staging_to_core.transform_dict_regions_to_core scheduled__2025-01-01T00:00:00+00:00 [queued]>
[2026-02-27T19:00:27.184+0000] {taskinstance.py:2076} INFO - Dependencies all met for dep_context=requeueable deps ti=<TaskInstance: staging_to_core.transform_dict_regions_to_core scheduled__2025-01-01T00:00:00+00:00 [queued]>
[2026-02-27T19:00:27.185+0000] {taskinstance.py:2306} INFO - Starting attempt 1 of 1
[2026-02-27T19:00:27.203+0000] {taskinstance.py:2330} INFO - Executing <Task(PostgresOperator): transform_dict_regions_to_core> on 2025-01-01 00:00:00+00:00
[2026-02-27T19:00:27.214+0000] {logging_mixin.py:188} WARNING - /home/***/.local/lib/python3.12/site-packages/***/task/task_runner/standard_task_runner.py:62 DeprecationWarning: This process (pid=32289) is multi-threaded, use of fork() may lead to deadlocks in the child.
[2026-02-27T19:00:27.216+0000] {standard_task_runner.py:64} INFO - Started process 32290 to run task
[2026-02-27T19:00:27.217+0000] {standard_task_runner.py:90} INFO - Running: ['***', 'tasks', 'run', 'staging_to_core', 'transform_dict_regions_to_core', 'scheduled__2025-01-01T00:00:00+00:00', '--job-id', '1582', '--raw', '--subdir', 'DAGS_FOLDER/staging_to_core.py', '--cfg-path', '/tmp/tmp3tstol8g']
[2026-02-27T19:00:27.220+0000] {standard_task_runner.py:91} INFO - Job 1582: Subtask transform_dict_regions_to_core
[2026-02-27T19:00:27.305+0000] {task_command.py:426} INFO - Running <TaskInstance: staging_to_core.transform_dict_regions_to_core scheduled__2025-01-01T00:00:00+00:00 [running]> on host 31b45edbecf3
[2026-02-27T19:00:27.448+0000] {taskinstance.py:2648} INFO - Exporting env vars: AIRFLOW_CTX_DAG_OWNER='***' AIRFLOW_CTX_DAG_ID='staging_to_core' AIRFLOW_CTX_TASK_ID='transform_dict_regions_to_core' AIRFLOW_CTX_EXECUTION_DATE='2025-01-01T00:00:00+00:00' AIRFLOW_CTX_TRY_NUMBER='1' AIRFLOW_CTX_DAG_RUN_ID='scheduled__2025-01-01T00:00:00+00:00'
[2026-02-27T19:00:27.450+0000] {taskinstance.py:430} INFO - ::endgroup::
[2026-02-27T19:00:27.474+0000] {sql.py:282} INFO - Executing: 
                    INSERT INTO core.dict_regions
                    SELECT * FROM staging.dict_regions
                    ON CONFLICT (region_id) 
                    DO UPDATE SET
                        region_name = EXCLUDED.region_name, city = EXCLUDED.city, timezone = EXCLUDED.timezone;
                
[2026-02-27T19:00:27.484+0000] {base.py:84} INFO - Using connection ID 'postgres_dwh' for task execution.
[2026-02-27T19:00:27.499+0000] {base.py:84} INFO - Using connection ID 'postgres_dwh' for task execution.
[2026-02-27T19:00:27.507+0000] {sql.py:495} INFO - Running statement: 
                    INSERT INTO core.dict_regions
                    SELECT * FROM staging.dict_regions
                    ON CONFLICT (region_id) 
                    DO UPDATE SET
                        region_name = EXCLUDED.region_name, city = EXCLUDED.city, timezone = EXCLUDED.timezone;
                , parameters: None
[2026-02-27T19:00:27.516+0000] {sql.py:504} INFO - Rows affected: 3
[2026-02-27T19:00:27.518+0000] {taskinstance.py:441} INFO - ::group::Post task execution logs
[2026-02-27T19:00:27.529+0000] {taskinstance.py:1206} INFO - Marking task as SUCCESS. dag_id=staging_to_core, task_id=transform_dict_regions_to_core, run_id=scheduled__2025-01-01T00:00:00+00:00, execution_date=20250101T000000, start_date=20260227T190027, end_date=20260227T190027
[2026-02-27T19:00:27.556+0000] {local_task_job_runner.py:243} INFO - Task exited with return code 0
[2026-02-27T19:00:27.573+0000] {logging_mixin.py:188} WARNING - /home/***/.local/lib/python3.12/site-packages/***/models/baseoperator.py:1297 AirflowProviderDeprecationWarning: Call to deprecated class PostgresOperator. (Please use `***.providers.common.sql.operators.sql.SQLExecuteQueryOperator`.Also, you can provide `hook_params={'schema': <database>}`.)
[2026-02-27T19:00:27.617+0000] {taskinstance.py:3503} INFO - 1 downstream tasks scheduled from follow-on schedule check
[2026-02-27T19:00:27.622+0000] {local_task_job_runner.py:222} INFO - ::endgroup::
