[2026-02-26T17:55:35.562+0000] {local_task_job_runner.py:120} INFO - ::group::Pre task execution logs
[2026-02-26T17:55:35.672+0000] {taskinstance.py:2076} INFO - Dependencies all met for dep_context=non-requeueable deps ti=<TaskInstance: oltp_s3_dwh.upload_s3_to_dwh_dict_mcc scheduled__2025-03-01T00:00:00+00:00 [queued]>
[2026-02-26T17:55:35.775+0000] {taskinstance.py:2076} INFO - Dependencies all met for dep_context=requeueable deps ti=<TaskInstance: oltp_s3_dwh.upload_s3_to_dwh_dict_mcc scheduled__2025-03-01T00:00:00+00:00 [queued]>
[2026-02-26T17:55:35.776+0000] {taskinstance.py:2306} INFO - Starting attempt 1 of 1
[2026-02-26T17:55:35.852+0000] {taskinstance.py:2330} INFO - Executing <Task(PythonOperator): upload_s3_to_dwh_dict_mcc> on 2025-03-01 00:00:00+00:00
[2026-02-26T17:55:35.929+0000] {standard_task_runner.py:90} INFO - Running: ['***', 'tasks', 'run', 'oltp_s3_dwh', 'upload_s3_to_dwh_dict_mcc', 'scheduled__2025-03-01T00:00:00+00:00', '--job-id', '1178', '--raw', '--subdir', 'DAGS_FOLDER/oltp_s3_dwh.py', '--cfg-path', '/tmp/tmp9vnfkwsp']
[2026-02-26T17:55:35.917+0000] {logging_mixin.py:188} WARNING - /home/***/.local/lib/python3.12/site-packages/***/task/task_runner/standard_task_runner.py:62 DeprecationWarning: This process (pid=6733) is multi-threaded, use of fork() may lead to deadlocks in the child.
[2026-02-26T17:55:35.987+0000] {standard_task_runner.py:64} INFO - Started process 6766 to run task
[2026-02-26T17:55:35.947+0000] {standard_task_runner.py:91} INFO - Job 1178: Subtask upload_s3_to_dwh_dict_mcc
[2026-02-26T17:55:36.267+0000] {task_command.py:426} INFO - Running <TaskInstance: oltp_s3_dwh.upload_s3_to_dwh_dict_mcc scheduled__2025-03-01T00:00:00+00:00 [running]> on host 31b45edbecf3
[2026-02-26T17:55:36.916+0000] {taskinstance.py:2648} INFO - Exporting env vars: AIRFLOW_CTX_DAG_OWNER='***' AIRFLOW_CTX_DAG_ID='oltp_s3_dwh' AIRFLOW_CTX_TASK_ID='upload_s3_to_dwh_dict_mcc' AIRFLOW_CTX_EXECUTION_DATE='2025-03-01T00:00:00+00:00' AIRFLOW_CTX_TRY_NUMBER='1' AIRFLOW_CTX_DAG_RUN_ID='scheduled__2025-03-01T00:00:00+00:00'
[2026-02-26T17:55:36.926+0000] {taskinstance.py:430} INFO - ::endgroup::
[2026-02-26T17:55:37.053+0000] {base.py:84} INFO - Using connection ID 'postgres_dwh' for task execution.
[2026-02-26T17:55:37.068+0000] {sql.py:495} INFO - Running statement: SELECT table_schema, table_name FROM information_schema.tables WHERE table_schema = 'staging';, parameters: None
[2026-02-26T17:55:37.075+0000] {sql.py:504} INFO - Rows affected: 9
[2026-02-26T17:55:37.090+0000] {logging_mixin.py:188} INFO - DEBUG: Доступные таблицы в схеме staging: [('staging', 'exchange_rates'), ('staging', 'users'), ('staging', 'accounts'), ('staging', 'dict_mcc'), ('staging', 'dict_tariffs'), ('staging', 'dict_merchants'), ('staging', 'transactions'), ('staging', 'dict_regions'), ('staging', 'cards')]
[2026-02-26T17:55:37.146+0000] {base.py:84} INFO - Using connection ID 'minio_conn_id' for task execution.
[2026-02-26T17:55:37.159+0000] {connection_wrapper.py:384} INFO - AWS Connection (conn_id='minio_conn_id', conn_type='aws') credentials retrieved from login and ***.
[2026-02-26T17:55:40.631+0000] {base.py:84} INFO - Using connection ID 'postgres_dwh' for task execution.
[2026-02-26T17:55:40.707+0000] {logging_mixin.py:188} INFO - Successfully loaded dict_mcc using copy_expert
[2026-02-26T17:55:40.709+0000] {python.py:237} INFO - Done. Returned value was: None
[2026-02-26T17:55:40.719+0000] {taskinstance.py:441} INFO - ::group::Post task execution logs
[2026-02-26T17:55:40.787+0000] {taskinstance.py:1206} INFO - Marking task as SUCCESS. dag_id=oltp_s3_dwh, task_id=upload_s3_to_dwh_dict_mcc, run_id=scheduled__2025-03-01T00:00:00+00:00, execution_date=20250301T000000, start_date=20260226T175535, end_date=20260226T175540
[2026-02-26T17:55:40.853+0000] {local_task_job_runner.py:243} INFO - Task exited with return code 0
[2026-02-26T17:55:40.964+0000] {taskinstance.py:3503} INFO - 0 downstream tasks scheduled from follow-on schedule check
[2026-02-26T17:55:40.976+0000] {local_task_job_runner.py:222} INFO - ::endgroup::
[2026-02-27T19:00:09.691+0000] {local_task_job_runner.py:120} INFO - ::group::Pre task execution logs
[2026-02-27T19:00:09.763+0000] {taskinstance.py:2076} INFO - Dependencies all met for dep_context=non-requeueable deps ti=<TaskInstance: oltp_s3_dwh.upload_s3_to_dwh_dict_mcc scheduled__2025-03-01T00:00:00+00:00 [queued]>
[2026-02-27T19:00:09.801+0000] {taskinstance.py:2076} INFO - Dependencies all met for dep_context=requeueable deps ti=<TaskInstance: oltp_s3_dwh.upload_s3_to_dwh_dict_mcc scheduled__2025-03-01T00:00:00+00:00 [queued]>
[2026-02-27T19:00:09.805+0000] {taskinstance.py:2306} INFO - Starting attempt 1 of 1
[2026-02-27T19:00:09.854+0000] {taskinstance.py:2330} INFO - Executing <Task(PythonOperator): upload_s3_to_dwh_dict_mcc> on 2025-03-01 00:00:00+00:00
[2026-02-27T19:00:09.876+0000] {logging_mixin.py:188} WARNING - /home/***/.local/lib/python3.12/site-packages/***/task/task_runner/standard_task_runner.py:62 DeprecationWarning: This process (pid=32132) is multi-threaded, use of fork() may lead to deadlocks in the child.
[2026-02-27T19:00:09.880+0000] {standard_task_runner.py:64} INFO - Started process 32149 to run task
[2026-02-27T19:00:09.897+0000] {standard_task_runner.py:90} INFO - Running: ['***', 'tasks', 'run', 'oltp_s3_dwh', 'upload_s3_to_dwh_dict_mcc', 'scheduled__2025-03-01T00:00:00+00:00', '--job-id', '1559', '--raw', '--subdir', 'DAGS_FOLDER/oltp_s3_dwh.py', '--cfg-path', '/tmp/tmpfiat7d4o']
[2026-02-27T19:00:09.911+0000] {standard_task_runner.py:91} INFO - Job 1559: Subtask upload_s3_to_dwh_dict_mcc
[2026-02-27T19:00:10.034+0000] {task_command.py:426} INFO - Running <TaskInstance: oltp_s3_dwh.upload_s3_to_dwh_dict_mcc scheduled__2025-03-01T00:00:00+00:00 [running]> on host 31b45edbecf3
[2026-02-27T19:00:10.313+0000] {taskinstance.py:2648} INFO - Exporting env vars: AIRFLOW_CTX_DAG_OWNER='***' AIRFLOW_CTX_DAG_ID='oltp_s3_dwh' AIRFLOW_CTX_TASK_ID='upload_s3_to_dwh_dict_mcc' AIRFLOW_CTX_EXECUTION_DATE='2025-03-01T00:00:00+00:00' AIRFLOW_CTX_TRY_NUMBER='1' AIRFLOW_CTX_DAG_RUN_ID='scheduled__2025-03-01T00:00:00+00:00'
[2026-02-27T19:00:10.316+0000] {taskinstance.py:430} INFO - ::endgroup::
[2026-02-27T19:00:10.445+0000] {base.py:84} INFO - Using connection ID 'postgres_dwh' for task execution.
[2026-02-27T19:00:10.461+0000] {sql.py:495} INFO - Running statement: SELECT table_schema, table_name FROM information_schema.tables WHERE table_schema = 'staging';, parameters: None
[2026-02-27T19:00:10.475+0000] {sql.py:504} INFO - Rows affected: 9
[2026-02-27T19:00:10.478+0000] {logging_mixin.py:188} INFO - DEBUG: Доступные таблицы в схеме staging: [('staging', 'exchange_rates'), ('staging', 'transactions'), ('staging', 'cards'), ('staging', 'users'), ('staging', 'accounts'), ('staging', 'dict_merchants'), ('staging', 'dict_tariffs'), ('staging', 'dict_regions'), ('staging', 'dict_mcc')]
[2026-02-27T19:00:10.497+0000] {base.py:84} INFO - Using connection ID 'minio_conn_id' for task execution.
[2026-02-27T19:00:10.503+0000] {connection_wrapper.py:384} INFO - AWS Connection (conn_id='minio_conn_id', conn_type='aws') credentials retrieved from login and ***.
[2026-02-27T19:00:11.854+0000] {base.py:84} INFO - Using connection ID 'postgres_dwh' for task execution.
[2026-02-27T19:00:11.885+0000] {logging_mixin.py:188} INFO - Successfully loaded dict_mcc using copy_expert
[2026-02-27T19:00:11.891+0000] {python.py:237} INFO - Done. Returned value was: None
[2026-02-27T19:00:11.897+0000] {taskinstance.py:441} INFO - ::group::Post task execution logs
[2026-02-27T19:00:11.992+0000] {taskinstance.py:1206} INFO - Marking task as SUCCESS. dag_id=oltp_s3_dwh, task_id=upload_s3_to_dwh_dict_mcc, run_id=scheduled__2025-03-01T00:00:00+00:00, execution_date=20250301T000000, start_date=20260227T190009, end_date=20260227T190011
[2026-02-27T19:00:12.097+0000] {local_task_job_runner.py:243} INFO - Task exited with return code 0
[2026-02-27T19:00:12.124+0000] {taskinstance.py:3503} INFO - 0 downstream tasks scheduled from follow-on schedule check
[2026-02-27T19:00:12.131+0000] {local_task_job_runner.py:222} INFO - ::endgroup::
