[2026-02-27T10:32:14.064+0000] {local_task_job_runner.py:120} INFO - ::group::Pre task execution logs
[2026-02-27T10:32:14.100+0000] {taskinstance.py:2076} INFO - Dependencies all met for dep_context=non-requeueable deps ti=<TaskInstance: staging_to_core.wait_for_dict_regions scheduled__2025-10-01T00:00:00+00:00 [queued]>
[2026-02-27T10:32:14.109+0000] {taskinstance.py:2076} INFO - Dependencies all met for dep_context=requeueable deps ti=<TaskInstance: staging_to_core.wait_for_dict_regions scheduled__2025-10-01T00:00:00+00:00 [queued]>
[2026-02-27T10:32:14.110+0000] {taskinstance.py:2306} INFO - Starting attempt 1 of 1
[2026-02-27T10:32:14.124+0000] {taskinstance.py:2330} INFO - Executing <Task(ExternalTaskSensor): wait_for_dict_regions> on 2025-10-01 00:00:00+00:00
[2026-02-27T10:32:14.132+0000] {logging_mixin.py:188} WARNING - /home/***/.local/lib/python3.12/site-packages/***/task/task_runner/standard_task_runner.py:62 DeprecationWarning: This process (pid=9498) is multi-threaded, use of fork() may lead to deadlocks in the child.
[2026-02-27T10:32:14.133+0000] {standard_task_runner.py:64} INFO - Started process 9499 to run task
[2026-02-27T10:32:14.132+0000] {standard_task_runner.py:90} INFO - Running: ['***', 'tasks', 'run', 'staging_to_core', 'wait_for_dict_regions', 'scheduled__2025-10-01T00:00:00+00:00', '--job-id', '1437', '--raw', '--subdir', 'DAGS_FOLDER/staging_to_core.py', '--cfg-path', '/tmp/tmpgt12kchk']
[2026-02-27T10:32:14.134+0000] {standard_task_runner.py:91} INFO - Job 1437: Subtask wait_for_dict_regions
[2026-02-27T10:32:14.188+0000] {task_command.py:426} INFO - Running <TaskInstance: staging_to_core.wait_for_dict_regions scheduled__2025-10-01T00:00:00+00:00 [running]> on host 31b45edbecf3
[2026-02-27T10:32:14.282+0000] {taskinstance.py:2648} INFO - Exporting env vars: AIRFLOW_CTX_DAG_OWNER='***' AIRFLOW_CTX_DAG_ID='staging_to_core' AIRFLOW_CTX_TASK_ID='wait_for_dict_regions' AIRFLOW_CTX_EXECUTION_DATE='2025-10-01T00:00:00+00:00' AIRFLOW_CTX_TRY_NUMBER='1' AIRFLOW_CTX_DAG_RUN_ID='scheduled__2025-10-01T00:00:00+00:00'
[2026-02-27T10:32:14.283+0000] {taskinstance.py:430} INFO - ::endgroup::
[2026-02-27T10:32:14.299+0000] {baseoperator.py:400} WARNING - ExternalTaskSensor.execute cannot be called outside TaskInstance!
[2026-02-27T10:32:14.309+0000] {external_task.py:258} INFO - Poking for tasks ['upload_s3_to_dwh_dict_regions'] in dag oltp_s3_dwh on 2025-10-01T00:00:00+00:00 ... 
[2026-02-27T10:32:14.311+0000] {logging_mixin.py:188} WARNING - /home/***/.local/lib/python3.12/site-packages/***/utils/session.py:79 DeprecationWarning: This method is deprecated and will be removed in future.
[2026-02-27T10:32:14.322+0000] {base.py:294} INFO - Success criteria met. Exiting.
[2026-02-27T10:32:14.323+0000] {taskinstance.py:441} INFO - ::group::Post task execution logs
[2026-02-27T10:32:14.333+0000] {taskinstance.py:1206} INFO - Marking task as SUCCESS. dag_id=staging_to_core, task_id=wait_for_dict_regions, run_id=scheduled__2025-10-01T00:00:00+00:00, execution_date=20251001T000000, start_date=20260227T103214, end_date=20260227T103214
[2026-02-27T10:32:14.351+0000] {local_task_job_runner.py:243} INFO - Task exited with return code 0
[2026-02-27T10:32:14.364+0000] {logging_mixin.py:188} WARNING - /home/***/.local/lib/python3.12/site-packages/***/models/baseoperator.py:1297 AirflowProviderDeprecationWarning: Call to deprecated class PostgresOperator. (Please use `***.providers.common.sql.operators.sql.SQLExecuteQueryOperator`.Also, you can provide `hook_params={'schema': <database>}`.)
[2026-02-27T10:32:14.401+0000] {taskinstance.py:3503} INFO - 1 downstream tasks scheduled from follow-on schedule check
[2026-02-27T10:32:14.404+0000] {local_task_job_runner.py:222} INFO - ::endgroup::
[2026-02-27T19:04:09.609+0000] {local_task_job_runner.py:120} INFO - ::group::Pre task execution logs
[2026-02-27T19:04:09.654+0000] {taskinstance.py:2076} INFO - Dependencies all met for dep_context=non-requeueable deps ti=<TaskInstance: staging_to_core.wait_for_dict_regions scheduled__2025-10-01T00:00:00+00:00 [queued]>
[2026-02-27T19:04:09.667+0000] {taskinstance.py:2076} INFO - Dependencies all met for dep_context=requeueable deps ti=<TaskInstance: staging_to_core.wait_for_dict_regions scheduled__2025-10-01T00:00:00+00:00 [queued]>
[2026-02-27T19:04:09.668+0000] {taskinstance.py:2306} INFO - Starting attempt 1 of 1
[2026-02-27T19:04:09.686+0000] {taskinstance.py:2330} INFO - Executing <Task(ExternalTaskSensor): wait_for_dict_regions> on 2025-10-01 00:00:00+00:00
[2026-02-27T19:04:09.696+0000] {logging_mixin.py:188} WARNING - /home/***/.local/lib/python3.12/site-packages/***/task/task_runner/standard_task_runner.py:62 DeprecationWarning: This process (pid=33554) is multi-threaded, use of fork() may lead to deadlocks in the child.
[2026-02-27T19:04:09.695+0000] {standard_task_runner.py:90} INFO - Running: ['***', 'tasks', 'run', 'staging_to_core', 'wait_for_dict_regions', 'scheduled__2025-10-01T00:00:00+00:00', '--job-id', '1869', '--raw', '--subdir', 'DAGS_FOLDER/staging_to_core.py', '--cfg-path', '/tmp/tmp10yq1jbs']
[2026-02-27T19:04:09.698+0000] {standard_task_runner.py:64} INFO - Started process 33555 to run task
[2026-02-27T19:04:09.699+0000] {standard_task_runner.py:91} INFO - Job 1869: Subtask wait_for_dict_regions
[2026-02-27T19:04:09.767+0000] {task_command.py:426} INFO - Running <TaskInstance: staging_to_core.wait_for_dict_regions scheduled__2025-10-01T00:00:00+00:00 [running]> on host 31b45edbecf3
[2026-02-27T19:04:09.904+0000] {taskinstance.py:2648} INFO - Exporting env vars: AIRFLOW_CTX_DAG_OWNER='***' AIRFLOW_CTX_DAG_ID='staging_to_core' AIRFLOW_CTX_TASK_ID='wait_for_dict_regions' AIRFLOW_CTX_EXECUTION_DATE='2025-10-01T00:00:00+00:00' AIRFLOW_CTX_TRY_NUMBER='1' AIRFLOW_CTX_DAG_RUN_ID='scheduled__2025-10-01T00:00:00+00:00'
[2026-02-27T19:04:09.906+0000] {taskinstance.py:430} INFO - ::endgroup::
[2026-02-27T19:04:09.926+0000] {baseoperator.py:400} WARNING - ExternalTaskSensor.execute cannot be called outside TaskInstance!
[2026-02-27T19:04:09.938+0000] {external_task.py:258} INFO - Poking for tasks ['upload_s3_to_dwh_dict_regions'] in dag oltp_s3_dwh on 2025-10-01T00:00:00+00:00 ... 
[2026-02-27T19:04:09.941+0000] {logging_mixin.py:188} WARNING - /home/***/.local/lib/python3.12/site-packages/***/utils/session.py:79 DeprecationWarning: This method is deprecated and will be removed in future.
[2026-02-27T19:04:09.955+0000] {base.py:294} INFO - Success criteria met. Exiting.
[2026-02-27T19:04:09.956+0000] {taskinstance.py:441} INFO - ::group::Post task execution logs
[2026-02-27T19:04:09.969+0000] {taskinstance.py:1206} INFO - Marking task as SUCCESS. dag_id=staging_to_core, task_id=wait_for_dict_regions, run_id=scheduled__2025-10-01T00:00:00+00:00, execution_date=20251001T000000, start_date=20260227T190409, end_date=20260227T190409
[2026-02-27T19:04:09.997+0000] {local_task_job_runner.py:243} INFO - Task exited with return code 0
[2026-02-27T19:04:10.013+0000] {logging_mixin.py:188} WARNING - /home/***/.local/lib/python3.12/site-packages/***/models/baseoperator.py:1297 AirflowProviderDeprecationWarning: Call to deprecated class PostgresOperator. (Please use `***.providers.common.sql.operators.sql.SQLExecuteQueryOperator`.Also, you can provide `hook_params={'schema': <database>}`.)
[2026-02-27T19:04:10.057+0000] {taskinstance.py:3503} INFO - 1 downstream tasks scheduled from follow-on schedule check
[2026-02-27T19:04:10.061+0000] {local_task_job_runner.py:222} INFO - ::endgroup::
