[2026-02-26T12:07:25.905+0000] {local_task_job_runner.py:120} INFO - ::group::Pre task execution logs
[2026-02-26T12:07:25.939+0000] {taskinstance.py:2076} INFO - Dependencies all met for dep_context=non-requeueable deps ti=<TaskInstance: oltp_s3_dwh.upload_postgre_to_s3_transactions scheduled__2025-12-01T00:00:00+00:00 [queued]>
[2026-02-26T12:07:25.984+0000] {taskinstance.py:2076} INFO - Dependencies all met for dep_context=requeueable deps ti=<TaskInstance: oltp_s3_dwh.upload_postgre_to_s3_transactions scheduled__2025-12-01T00:00:00+00:00 [queued]>
[2026-02-26T12:07:25.997+0000] {taskinstance.py:2306} INFO - Starting attempt 2 of 2
[2026-02-26T12:07:26.062+0000] {taskinstance.py:2330} INFO - Executing <Task(PythonOperator): upload_postgre_to_s3_transactions> on 2025-12-01 00:00:00+00:00
[2026-02-26T12:07:26.076+0000] {logging_mixin.py:188} WARNING - /home/***/.local/lib/python3.12/site-packages/***/task/task_runner/standard_task_runner.py:62 DeprecationWarning: This process (pid=4801) is multi-threaded, use of fork() may lead to deadlocks in the child.
[2026-02-26T12:07:26.091+0000] {standard_task_runner.py:64} INFO - Started process 4853 to run task
[2026-02-26T12:07:26.108+0000] {standard_task_runner.py:90} INFO - Running: ['***', 'tasks', 'run', 'oltp_s3_dwh', 'upload_postgre_to_s3_transactions', 'scheduled__2025-12-01T00:00:00+00:00', '--job-id', '1076', '--raw', '--subdir', 'DAGS_FOLDER/oltp_s3_dwh_dict.py', '--cfg-path', '/tmp/tmplttwqmyc']
[2026-02-26T12:07:26.112+0000] {standard_task_runner.py:91} INFO - Job 1076: Subtask upload_postgre_to_s3_transactions
[2026-02-26T12:07:26.262+0000] {task_command.py:426} INFO - Running <TaskInstance: oltp_s3_dwh.upload_postgre_to_s3_transactions scheduled__2025-12-01T00:00:00+00:00 [running]> on host 31b45edbecf3
[2026-02-26T12:07:26.617+0000] {taskinstance.py:2648} INFO - Exporting env vars: AIRFLOW_CTX_DAG_OWNER='***' AIRFLOW_CTX_DAG_ID='oltp_s3_dwh' AIRFLOW_CTX_TASK_ID='upload_postgre_to_s3_transactions' AIRFLOW_CTX_EXECUTION_DATE='2025-12-01T00:00:00+00:00' AIRFLOW_CTX_TRY_NUMBER='2' AIRFLOW_CTX_DAG_RUN_ID='scheduled__2025-12-01T00:00:00+00:00'
[2026-02-26T12:07:26.629+0000] {taskinstance.py:430} INFO - ::endgroup::
[2026-02-26T12:07:26.726+0000] {base.py:84} INFO - Using connection ID 'postgres_oltp' for task execution.
[2026-02-26T12:07:26.744+0000] {logging_mixin.py:188} WARNING - /home/***/.local/lib/python3.12/site-packages/***/providers/common/sql/hooks/sql.py:269 UserWarning: pandas only supports SQLAlchemy connectable (engine/connection) or database string URI or sqlite3 DBAPI2 connection. Other DBAPI2 objects are not tested. Please consider using SQLAlchemy.
[2026-02-26T12:07:27.177+0000] {base.py:84} INFO - Using connection ID 'minio_conn_id' for task execution.
[2026-02-26T12:07:27.178+0000] {connection_wrapper.py:384} INFO - AWS Connection (conn_id='minio_conn_id', conn_type='aws') credentials retrieved from login and ***.
[2026-02-26T12:07:28.446+0000] {python.py:237} INFO - Done. Returned value was: None
[2026-02-26T12:07:28.447+0000] {taskinstance.py:441} INFO - ::group::Post task execution logs
[2026-02-26T12:07:28.468+0000] {taskinstance.py:1206} INFO - Marking task as SUCCESS. dag_id=oltp_s3_dwh, task_id=upload_postgre_to_s3_transactions, run_id=scheduled__2025-12-01T00:00:00+00:00, execution_date=20251201T000000, start_date=20260226T120725, end_date=20260226T120728
[2026-02-26T12:07:28.583+0000] {local_task_job_runner.py:243} INFO - Task exited with return code 0
[2026-02-26T12:07:28.685+0000] {taskinstance.py:3503} INFO - 0 downstream tasks scheduled from follow-on schedule check
[2026-02-26T12:07:28.732+0000] {local_task_job_runner.py:222} INFO - ::endgroup::
