[2026-02-27T10:31:05.799+0000] {local_task_job_runner.py:120} INFO - ::group::Pre task execution logs
[2026-02-27T10:31:05.871+0000] {taskinstance.py:2076} INFO - Dependencies all met for dep_context=non-requeueable deps ti=<TaskInstance: staging_to_core.wait_for_users scheduled__2025-06-01T00:00:00+00:00 [queued]>
[2026-02-27T10:31:05.889+0000] {taskinstance.py:2076} INFO - Dependencies all met for dep_context=requeueable deps ti=<TaskInstance: staging_to_core.wait_for_users scheduled__2025-06-01T00:00:00+00:00 [queued]>
[2026-02-27T10:31:05.890+0000] {taskinstance.py:2306} INFO - Starting attempt 1 of 1
[2026-02-27T10:31:05.911+0000] {taskinstance.py:2330} INFO - Executing <Task(ExternalTaskSensor): wait_for_users> on 2025-06-01 00:00:00+00:00
[2026-02-27T10:31:05.921+0000] {logging_mixin.py:188} WARNING - /home/***/.local/lib/python3.12/site-packages/***/task/task_runner/standard_task_runner.py:62 DeprecationWarning: This process (pid=9313) is multi-threaded, use of fork() may lead to deadlocks in the child.
[2026-02-27T10:31:05.923+0000] {standard_task_runner.py:64} INFO - Started process 9314 to run task
[2026-02-27T10:31:05.925+0000] {standard_task_runner.py:90} INFO - Running: ['***', 'tasks', 'run', 'staging_to_core', 'wait_for_users', 'scheduled__2025-06-01T00:00:00+00:00', '--job-id', '1381', '--raw', '--subdir', 'DAGS_FOLDER/staging_to_core.py', '--cfg-path', '/tmp/tmpi6ijr6s5']
[2026-02-27T10:31:05.928+0000] {standard_task_runner.py:91} INFO - Job 1381: Subtask wait_for_users
[2026-02-27T10:31:06.001+0000] {task_command.py:426} INFO - Running <TaskInstance: staging_to_core.wait_for_users scheduled__2025-06-01T00:00:00+00:00 [running]> on host 31b45edbecf3
[2026-02-27T10:31:06.104+0000] {taskinstance.py:2648} INFO - Exporting env vars: AIRFLOW_CTX_DAG_OWNER='***' AIRFLOW_CTX_DAG_ID='staging_to_core' AIRFLOW_CTX_TASK_ID='wait_for_users' AIRFLOW_CTX_EXECUTION_DATE='2025-06-01T00:00:00+00:00' AIRFLOW_CTX_TRY_NUMBER='1' AIRFLOW_CTX_DAG_RUN_ID='scheduled__2025-06-01T00:00:00+00:00'
[2026-02-27T10:31:06.105+0000] {taskinstance.py:430} INFO - ::endgroup::
[2026-02-27T10:31:06.121+0000] {baseoperator.py:400} WARNING - ExternalTaskSensor.execute cannot be called outside TaskInstance!
[2026-02-27T10:31:06.133+0000] {external_task.py:258} INFO - Poking for tasks ['upload_s3_to_dwh_users'] in dag oltp_s3_dwh on 2025-06-01T00:00:00+00:00 ... 
[2026-02-27T10:31:06.135+0000] {logging_mixin.py:188} WARNING - /home/***/.local/lib/python3.12/site-packages/***/utils/session.py:79 DeprecationWarning: This method is deprecated and will be removed in future.
[2026-02-27T10:31:06.148+0000] {base.py:294} INFO - Success criteria met. Exiting.
[2026-02-27T10:31:06.149+0000] {taskinstance.py:441} INFO - ::group::Post task execution logs
[2026-02-27T10:31:06.159+0000] {taskinstance.py:1206} INFO - Marking task as SUCCESS. dag_id=staging_to_core, task_id=wait_for_users, run_id=scheduled__2025-06-01T00:00:00+00:00, execution_date=20250601T000000, start_date=20260227T103105, end_date=20260227T103106
[2026-02-27T10:31:06.180+0000] {local_task_job_runner.py:243} INFO - Task exited with return code 0
[2026-02-27T10:31:06.193+0000] {logging_mixin.py:188} WARNING - /home/***/.local/lib/python3.12/site-packages/***/models/baseoperator.py:1297 AirflowProviderDeprecationWarning: Call to deprecated class PostgresOperator. (Please use `***.providers.common.sql.operators.sql.SQLExecuteQueryOperator`.Also, you can provide `hook_params={'schema': <database>}`.)
[2026-02-27T10:31:06.222+0000] {taskinstance.py:3503} INFO - 1 downstream tasks scheduled from follow-on schedule check
[2026-02-27T10:31:06.226+0000] {local_task_job_runner.py:222} INFO - ::endgroup::
[2026-02-27T19:02:56.960+0000] {local_task_job_runner.py:120} INFO - ::group::Pre task execution logs
[2026-02-27T19:02:56.999+0000] {taskinstance.py:2076} INFO - Dependencies all met for dep_context=non-requeueable deps ti=<TaskInstance: staging_to_core.wait_for_users scheduled__2025-06-01T00:00:00+00:00 [queued]>
[2026-02-27T19:02:57.011+0000] {taskinstance.py:2076} INFO - Dependencies all met for dep_context=requeueable deps ti=<TaskInstance: staging_to_core.wait_for_users scheduled__2025-06-01T00:00:00+00:00 [queued]>
[2026-02-27T19:02:57.012+0000] {taskinstance.py:2306} INFO - Starting attempt 1 of 1
[2026-02-27T19:02:57.026+0000] {taskinstance.py:2330} INFO - Executing <Task(ExternalTaskSensor): wait_for_users> on 2025-06-01 00:00:00+00:00
[2026-02-27T19:02:57.035+0000] {logging_mixin.py:188} WARNING - /home/***/.local/lib/python3.12/site-packages/***/task/task_runner/standard_task_runner.py:62 DeprecationWarning: This process (pid=33364) is multi-threaded, use of fork() may lead to deadlocks in the child.
[2026-02-27T19:02:57.035+0000] {standard_task_runner.py:90} INFO - Running: ['***', 'tasks', 'run', 'staging_to_core', 'wait_for_users', 'scheduled__2025-06-01T00:00:00+00:00', '--job-id', '1813', '--raw', '--subdir', 'DAGS_FOLDER/staging_to_core.py', '--cfg-path', '/tmp/tmp7d_wssr5']
[2026-02-27T19:02:57.037+0000] {standard_task_runner.py:64} INFO - Started process 33365 to run task
[2026-02-27T19:02:57.038+0000] {standard_task_runner.py:91} INFO - Job 1813: Subtask wait_for_users
[2026-02-27T19:02:57.092+0000] {task_command.py:426} INFO - Running <TaskInstance: staging_to_core.wait_for_users scheduled__2025-06-01T00:00:00+00:00 [running]> on host 31b45edbecf3
[2026-02-27T19:02:57.195+0000] {taskinstance.py:2648} INFO - Exporting env vars: AIRFLOW_CTX_DAG_OWNER='***' AIRFLOW_CTX_DAG_ID='staging_to_core' AIRFLOW_CTX_TASK_ID='wait_for_users' AIRFLOW_CTX_EXECUTION_DATE='2025-06-01T00:00:00+00:00' AIRFLOW_CTX_TRY_NUMBER='1' AIRFLOW_CTX_DAG_RUN_ID='scheduled__2025-06-01T00:00:00+00:00'
[2026-02-27T19:02:57.197+0000] {taskinstance.py:430} INFO - ::endgroup::
[2026-02-27T19:02:57.213+0000] {baseoperator.py:400} WARNING - ExternalTaskSensor.execute cannot be called outside TaskInstance!
[2026-02-27T19:02:57.223+0000] {external_task.py:258} INFO - Poking for tasks ['upload_s3_to_dwh_users'] in dag oltp_s3_dwh on 2025-06-01T00:00:00+00:00 ... 
[2026-02-27T19:02:57.226+0000] {logging_mixin.py:188} WARNING - /home/***/.local/lib/python3.12/site-packages/***/utils/session.py:79 DeprecationWarning: This method is deprecated and will be removed in future.
[2026-02-27T19:02:57.237+0000] {base.py:294} INFO - Success criteria met. Exiting.
[2026-02-27T19:02:57.238+0000] {taskinstance.py:441} INFO - ::group::Post task execution logs
[2026-02-27T19:02:57.249+0000] {taskinstance.py:1206} INFO - Marking task as SUCCESS. dag_id=staging_to_core, task_id=wait_for_users, run_id=scheduled__2025-06-01T00:00:00+00:00, execution_date=20250601T000000, start_date=20260227T190257, end_date=20260227T190257
[2026-02-27T19:02:57.294+0000] {local_task_job_runner.py:243} INFO - Task exited with return code 0
[2026-02-27T19:02:57.307+0000] {logging_mixin.py:188} WARNING - /home/***/.local/lib/python3.12/site-packages/***/models/baseoperator.py:1297 AirflowProviderDeprecationWarning: Call to deprecated class PostgresOperator. (Please use `***.providers.common.sql.operators.sql.SQLExecuteQueryOperator`.Also, you can provide `hook_params={'schema': <database>}`.)
[2026-02-27T19:02:57.337+0000] {taskinstance.py:3503} INFO - 1 downstream tasks scheduled from follow-on schedule check
[2026-02-27T19:02:57.340+0000] {local_task_job_runner.py:222} INFO - ::endgroup::
