[2026-02-26T17:56:19.083+0000] {local_task_job_runner.py:120} INFO - ::group::Pre task execution logs
[2026-02-26T17:56:19.104+0000] {taskinstance.py:2076} INFO - Dependencies all met for dep_context=non-requeueable deps ti=<TaskInstance: oltp_s3_dwh.upload_s3_to_dwh_dict_regions scheduled__2025-11-01T00:00:00+00:00 [queued]>
[2026-02-26T17:56:19.127+0000] {taskinstance.py:2076} INFO - Dependencies all met for dep_context=requeueable deps ti=<TaskInstance: oltp_s3_dwh.upload_s3_to_dwh_dict_regions scheduled__2025-11-01T00:00:00+00:00 [queued]>
[2026-02-26T17:56:19.135+0000] {taskinstance.py:2306} INFO - Starting attempt 1 of 1
[2026-02-26T17:56:19.153+0000] {taskinstance.py:2330} INFO - Executing <Task(PythonOperator): upload_s3_to_dwh_dict_regions> on 2025-11-01 00:00:00+00:00
[2026-02-26T17:56:19.180+0000] {standard_task_runner.py:90} INFO - Running: ['***', 'tasks', 'run', 'oltp_s3_dwh', 'upload_s3_to_dwh_dict_regions', 'scheduled__2025-11-01T00:00:00+00:00', '--job-id', '1254', '--raw', '--subdir', 'DAGS_FOLDER/oltp_s3_dwh.py', '--cfg-path', '/tmp/tmp_46uwkar']
[2026-02-26T17:56:19.181+0000] {logging_mixin.py:188} WARNING - /home/***/.local/lib/python3.12/site-packages/***/task/task_runner/standard_task_runner.py:62 DeprecationWarning: This process (pid=7223) is multi-threaded, use of fork() may lead to deadlocks in the child.
[2026-02-26T17:56:19.201+0000] {standard_task_runner.py:91} INFO - Job 1254: Subtask upload_s3_to_dwh_dict_regions
[2026-02-26T17:56:19.202+0000] {standard_task_runner.py:64} INFO - Started process 7271 to run task
[2026-02-26T17:56:19.379+0000] {task_command.py:426} INFO - Running <TaskInstance: oltp_s3_dwh.upload_s3_to_dwh_dict_regions scheduled__2025-11-01T00:00:00+00:00 [running]> on host 31b45edbecf3
[2026-02-26T17:56:19.905+0000] {taskinstance.py:2648} INFO - Exporting env vars: AIRFLOW_CTX_DAG_OWNER='***' AIRFLOW_CTX_DAG_ID='oltp_s3_dwh' AIRFLOW_CTX_TASK_ID='upload_s3_to_dwh_dict_regions' AIRFLOW_CTX_EXECUTION_DATE='2025-11-01T00:00:00+00:00' AIRFLOW_CTX_TRY_NUMBER='1' AIRFLOW_CTX_DAG_RUN_ID='scheduled__2025-11-01T00:00:00+00:00'
[2026-02-26T17:56:19.909+0000] {taskinstance.py:430} INFO - ::endgroup::
[2026-02-26T17:56:19.956+0000] {base.py:84} INFO - Using connection ID 'postgres_dwh' for task execution.
[2026-02-26T17:56:19.986+0000] {sql.py:495} INFO - Running statement: SELECT table_schema, table_name FROM information_schema.tables WHERE table_schema = 'staging';, parameters: None
[2026-02-26T17:56:19.992+0000] {sql.py:504} INFO - Rows affected: 9
[2026-02-26T17:56:19.994+0000] {logging_mixin.py:188} INFO - DEBUG: Доступные таблицы в схеме staging: [('staging', 'exchange_rates'), ('staging', 'users'), ('staging', 'accounts'), ('staging', 'dict_regions'), ('staging', 'dict_tariffs'), ('staging', 'dict_merchants'), ('staging', 'cards'), ('staging', 'dict_mcc'), ('staging', 'transactions')]
[2026-02-26T17:56:20.026+0000] {base.py:84} INFO - Using connection ID 'minio_conn_id' for task execution.
[2026-02-26T17:56:20.027+0000] {connection_wrapper.py:384} INFO - AWS Connection (conn_id='minio_conn_id', conn_type='aws') credentials retrieved from login and ***.
[2026-02-26T17:56:22.393+0000] {base.py:84} INFO - Using connection ID 'postgres_dwh' for task execution.
[2026-02-26T17:56:22.426+0000] {logging_mixin.py:188} INFO - Successfully loaded dict_regions using copy_expert
[2026-02-26T17:56:22.428+0000] {python.py:237} INFO - Done. Returned value was: None
[2026-02-26T17:56:22.430+0000] {taskinstance.py:441} INFO - ::group::Post task execution logs
[2026-02-26T17:56:22.461+0000] {taskinstance.py:1206} INFO - Marking task as SUCCESS. dag_id=oltp_s3_dwh, task_id=upload_s3_to_dwh_dict_regions, run_id=scheduled__2025-11-01T00:00:00+00:00, execution_date=20251101T000000, start_date=20260226T175619, end_date=20260226T175622
[2026-02-26T17:56:22.547+0000] {local_task_job_runner.py:243} INFO - Task exited with return code 0
[2026-02-26T17:56:22.613+0000] {taskinstance.py:3503} INFO - 0 downstream tasks scheduled from follow-on schedule check
[2026-02-26T17:56:22.623+0000] {local_task_job_runner.py:222} INFO - ::endgroup::
[2026-02-27T19:01:47.048+0000] {local_task_job_runner.py:120} INFO - ::group::Pre task execution logs
[2026-02-27T19:01:47.128+0000] {taskinstance.py:2076} INFO - Dependencies all met for dep_context=non-requeueable deps ti=<TaskInstance: oltp_s3_dwh.upload_s3_to_dwh_dict_regions scheduled__2025-11-01T00:00:00+00:00 [queued]>
[2026-02-27T19:01:47.168+0000] {taskinstance.py:2076} INFO - Dependencies all met for dep_context=requeueable deps ti=<TaskInstance: oltp_s3_dwh.upload_s3_to_dwh_dict_regions scheduled__2025-11-01T00:00:00+00:00 [queued]>
[2026-02-27T19:01:47.168+0000] {taskinstance.py:2306} INFO - Starting attempt 1 of 1
[2026-02-27T19:01:47.255+0000] {taskinstance.py:2330} INFO - Executing <Task(PythonOperator): upload_s3_to_dwh_dict_regions> on 2025-11-01 00:00:00+00:00
[2026-02-27T19:01:47.271+0000] {logging_mixin.py:188} WARNING - /home/***/.local/lib/python3.12/site-packages/***/task/task_runner/standard_task_runner.py:62 DeprecationWarning: This process (pid=32975) is multi-threaded, use of fork() may lead to deadlocks in the child.
[2026-02-27T19:01:47.271+0000] {standard_task_runner.py:90} INFO - Running: ['***', 'tasks', 'run', 'oltp_s3_dwh', 'upload_s3_to_dwh_dict_regions', 'scheduled__2025-11-01T00:00:00+00:00', '--job-id', '1730', '--raw', '--subdir', 'DAGS_FOLDER/oltp_s3_dwh.py', '--cfg-path', '/tmp/tmp28u_jznr']
[2026-02-27T19:01:47.277+0000] {standard_task_runner.py:91} INFO - Job 1730: Subtask upload_s3_to_dwh_dict_regions
[2026-02-27T19:01:47.277+0000] {standard_task_runner.py:64} INFO - Started process 32996 to run task
[2026-02-27T19:01:47.681+0000] {task_command.py:426} INFO - Running <TaskInstance: oltp_s3_dwh.upload_s3_to_dwh_dict_regions scheduled__2025-11-01T00:00:00+00:00 [running]> on host 31b45edbecf3
[2026-02-27T19:01:47.946+0000] {taskinstance.py:2648} INFO - Exporting env vars: AIRFLOW_CTX_DAG_OWNER='***' AIRFLOW_CTX_DAG_ID='oltp_s3_dwh' AIRFLOW_CTX_TASK_ID='upload_s3_to_dwh_dict_regions' AIRFLOW_CTX_EXECUTION_DATE='2025-11-01T00:00:00+00:00' AIRFLOW_CTX_TRY_NUMBER='1' AIRFLOW_CTX_DAG_RUN_ID='scheduled__2025-11-01T00:00:00+00:00'
[2026-02-27T19:01:47.951+0000] {taskinstance.py:430} INFO - ::endgroup::
[2026-02-27T19:01:48.012+0000] {base.py:84} INFO - Using connection ID 'postgres_dwh' for task execution.
[2026-02-27T19:01:48.025+0000] {sql.py:495} INFO - Running statement: SELECT table_schema, table_name FROM information_schema.tables WHERE table_schema = 'staging';, parameters: None
[2026-02-27T19:01:48.029+0000] {sql.py:504} INFO - Rows affected: 9
[2026-02-27T19:01:48.031+0000] {logging_mixin.py:188} INFO - DEBUG: Доступные таблицы в схеме staging: [('staging', 'exchange_rates'), ('staging', 'cards'), ('staging', 'users'), ('staging', 'accounts'), ('staging', 'dict_regions'), ('staging', 'dict_tariffs'), ('staging', 'dict_merchants'), ('staging', 'dict_mcc'), ('staging', 'transactions')]
[2026-02-27T19:01:48.062+0000] {base.py:84} INFO - Using connection ID 'minio_conn_id' for task execution.
[2026-02-27T19:01:48.063+0000] {connection_wrapper.py:384} INFO - AWS Connection (conn_id='minio_conn_id', conn_type='aws') credentials retrieved from login and ***.
[2026-02-27T19:01:49.023+0000] {base.py:84} INFO - Using connection ID 'postgres_dwh' for task execution.
[2026-02-27T19:01:49.035+0000] {logging_mixin.py:188} INFO - Successfully loaded dict_regions using copy_expert
[2026-02-27T19:01:49.037+0000] {python.py:237} INFO - Done. Returned value was: None
[2026-02-27T19:01:49.040+0000] {taskinstance.py:441} INFO - ::group::Post task execution logs
[2026-02-27T19:01:49.063+0000] {taskinstance.py:1206} INFO - Marking task as SUCCESS. dag_id=oltp_s3_dwh, task_id=upload_s3_to_dwh_dict_regions, run_id=scheduled__2025-11-01T00:00:00+00:00, execution_date=20251101T000000, start_date=20260227T190147, end_date=20260227T190149
[2026-02-27T19:01:49.135+0000] {local_task_job_runner.py:243} INFO - Task exited with return code 0
[2026-02-27T19:01:49.158+0000] {taskinstance.py:3503} INFO - 0 downstream tasks scheduled from follow-on schedule check
[2026-02-27T19:01:49.162+0000] {local_task_job_runner.py:222} INFO - ::endgroup::
