[2026-02-28T10:12:15.173+0000] {local_task_job_runner.py:120} INFO - ::group::Pre task execution logs
[2026-02-28T10:12:15.222+0000] {taskinstance.py:2076} INFO - Dependencies all met for dep_context=non-requeueable deps ti=<TaskInstance: oltp_s3_dwh.upload_s3_to_dwh_accounts scheduled__2025-01-01T00:00:00+00:00 [queued]>
[2026-02-28T10:12:15.261+0000] {taskinstance.py:2076} INFO - Dependencies all met for dep_context=requeueable deps ti=<TaskInstance: oltp_s3_dwh.upload_s3_to_dwh_accounts scheduled__2025-01-01T00:00:00+00:00 [queued]>
[2026-02-28T10:12:15.265+0000] {taskinstance.py:2306} INFO - Starting attempt 3 of 3
[2026-02-28T10:12:15.368+0000] {taskinstance.py:2330} INFO - Executing <Task(PythonOperator): upload_s3_to_dwh_accounts> on 2025-01-01 00:00:00+00:00
[2026-02-28T10:12:15.432+0000] {standard_task_runner.py:90} INFO - Running: ['***', 'tasks', 'run', 'oltp_s3_dwh', 'upload_s3_to_dwh_accounts', 'scheduled__2025-01-01T00:00:00+00:00', '--job-id', '1978', '--raw', '--subdir', 'DAGS_FOLDER/oltp_s3_dwh.py', '--cfg-path', '/tmp/tmpzv0xlral']
[2026-02-28T10:12:15.437+0000] {logging_mixin.py:188} WARNING - /home/***/.local/lib/python3.12/site-packages/***/task/task_runner/standard_task_runner.py:62 DeprecationWarning: This process (pid=2670) is multi-threaded, use of fork() may lead to deadlocks in the child.
[2026-02-28T10:12:15.445+0000] {standard_task_runner.py:91} INFO - Job 1978: Subtask upload_s3_to_dwh_accounts
[2026-02-28T10:12:15.446+0000] {standard_task_runner.py:64} INFO - Started process 2683 to run task
[2026-02-28T10:12:15.668+0000] {task_command.py:426} INFO - Running <TaskInstance: oltp_s3_dwh.upload_s3_to_dwh_accounts scheduled__2025-01-01T00:00:00+00:00 [running]> on host 31b45edbecf3
[2026-02-28T10:12:15.945+0000] {taskinstance.py:2648} INFO - Exporting env vars: AIRFLOW_CTX_DAG_OWNER='***' AIRFLOW_CTX_DAG_ID='oltp_s3_dwh' AIRFLOW_CTX_TASK_ID='upload_s3_to_dwh_accounts' AIRFLOW_CTX_EXECUTION_DATE='2025-01-01T00:00:00+00:00' AIRFLOW_CTX_TRY_NUMBER='3' AIRFLOW_CTX_DAG_RUN_ID='scheduled__2025-01-01T00:00:00+00:00'
[2026-02-28T10:12:15.946+0000] {taskinstance.py:430} INFO - ::endgroup::
[2026-02-28T10:12:16.015+0000] {base.py:84} INFO - Using connection ID 'postgres_dwh' for task execution.
[2026-02-28T10:12:16.030+0000] {sql.py:495} INFO - Running statement: SELECT table_schema, table_name FROM information_schema.tables WHERE table_schema = 'staging';, parameters: None
[2026-02-28T10:12:16.034+0000] {sql.py:504} INFO - Rows affected: 9
[2026-02-28T10:12:16.036+0000] {logging_mixin.py:188} INFO - DEBUG: Доступные таблицы в схеме staging: [('staging', 'exchange_rates'), ('staging', 'dict_regions'), ('staging', 'dict_mcc'), ('staging', 'dict_tariffs'), ('staging', 'transactions'), ('staging', 'cards'), ('staging', 'users'), ('staging', 'accounts'), ('staging', 'dict_merchants')]
[2026-02-28T10:12:16.056+0000] {base.py:84} INFO - Using connection ID 'minio_conn_id' for task execution.
[2026-02-28T10:12:16.059+0000] {connection_wrapper.py:384} INFO - AWS Connection (conn_id='minio_conn_id', conn_type='aws') credentials retrieved from login and ***.
[2026-02-28T10:12:16.876+0000] {logging_mixin.py:188} INFO - Файл raw/not_dict/accounts/2025-01-01/data.parquet не найден в S3. Пропускаем загрузку.
[2026-02-28T10:12:16.878+0000] {python.py:237} INFO - Done. Returned value was: None
[2026-02-28T10:12:16.892+0000] {taskinstance.py:441} INFO - ::group::Post task execution logs
[2026-02-28T10:12:16.907+0000] {taskinstance.py:1206} INFO - Marking task as SUCCESS. dag_id=oltp_s3_dwh, task_id=upload_s3_to_dwh_accounts, run_id=scheduled__2025-01-01T00:00:00+00:00, execution_date=20250101T000000, start_date=20260228T101215, end_date=20260228T101216
[2026-02-28T10:12:17.198+0000] {local_task_job_runner.py:243} INFO - Task exited with return code 0
[2026-02-28T10:12:17.287+0000] {taskinstance.py:3503} INFO - 0 downstream tasks scheduled from follow-on schedule check
[2026-02-28T10:12:17.337+0000] {local_task_job_runner.py:222} INFO - ::endgroup::
