[2026-02-26T17:53:48.766+0000] {local_task_job_runner.py:120} INFO - ::group::Pre task execution logs
[2026-02-26T17:53:48.798+0000] {taskinstance.py:2076} INFO - Dependencies all met for dep_context=non-requeueable deps ti=<TaskInstance: oltp_s3_dwh.upload_s3_to_dwh_accounts scheduled__2025-01-01T00:00:00+00:00 [queued]>
[2026-02-26T17:53:48.812+0000] {taskinstance.py:2076} INFO - Dependencies all met for dep_context=requeueable deps ti=<TaskInstance: oltp_s3_dwh.upload_s3_to_dwh_accounts scheduled__2025-01-01T00:00:00+00:00 [queued]>
[2026-02-26T17:53:48.814+0000] {taskinstance.py:2306} INFO - Starting attempt 2 of 2
[2026-02-26T17:53:48.835+0000] {taskinstance.py:2330} INFO - Executing <Task(PythonOperator): upload_s3_to_dwh_accounts> on 2025-01-01 00:00:00+00:00
[2026-02-26T17:53:48.847+0000] {logging_mixin.py:188} WARNING - /home/***/.local/lib/python3.12/site-packages/***/task/task_runner/standard_task_runner.py:62 DeprecationWarning: This process (pid=6623) is multi-threaded, use of fork() may lead to deadlocks in the child.
[2026-02-26T17:53:48.850+0000] {standard_task_runner.py:64} INFO - Started process 6628 to run task
[2026-02-26T17:53:48.848+0000] {standard_task_runner.py:90} INFO - Running: ['***', 'tasks', 'run', 'oltp_s3_dwh', 'upload_s3_to_dwh_accounts', 'scheduled__2025-01-01T00:00:00+00:00', '--job-id', '1173', '--raw', '--subdir', 'DAGS_FOLDER/oltp_s3_dwh.py', '--cfg-path', '/tmp/tmpkg8q7m8m']
[2026-02-26T17:53:48.852+0000] {standard_task_runner.py:91} INFO - Job 1173: Subtask upload_s3_to_dwh_accounts
[2026-02-26T17:53:48.950+0000] {task_command.py:426} INFO - Running <TaskInstance: oltp_s3_dwh.upload_s3_to_dwh_accounts scheduled__2025-01-01T00:00:00+00:00 [running]> on host 31b45edbecf3
[2026-02-26T17:53:49.072+0000] {taskinstance.py:2648} INFO - Exporting env vars: AIRFLOW_CTX_DAG_OWNER='***' AIRFLOW_CTX_DAG_ID='oltp_s3_dwh' AIRFLOW_CTX_TASK_ID='upload_s3_to_dwh_accounts' AIRFLOW_CTX_EXECUTION_DATE='2025-01-01T00:00:00+00:00' AIRFLOW_CTX_TRY_NUMBER='2' AIRFLOW_CTX_DAG_RUN_ID='scheduled__2025-01-01T00:00:00+00:00'
[2026-02-26T17:53:49.074+0000] {taskinstance.py:430} INFO - ::endgroup::
[2026-02-26T17:53:49.103+0000] {base.py:84} INFO - Using connection ID 'postgres_dwh' for task execution.
[2026-02-26T17:53:49.112+0000] {sql.py:495} INFO - Running statement: SELECT table_schema, table_name FROM information_schema.tables WHERE table_schema = 'staging';, parameters: None
[2026-02-26T17:53:49.116+0000] {sql.py:504} INFO - Rows affected: 9
[2026-02-26T17:53:49.118+0000] {logging_mixin.py:188} INFO - DEBUG: Доступные таблицы в схеме staging: [('staging', 'exchange_rates'), ('staging', 'users'), ('staging', 'accounts'), ('staging', 'dict_mcc'), ('staging', 'dict_tariffs'), ('staging', 'dict_merchants'), ('staging', 'transactions'), ('staging', 'dict_regions'), ('staging', 'cards')]
[2026-02-26T17:53:49.132+0000] {base.py:84} INFO - Using connection ID 'minio_conn_id' for task execution.
[2026-02-26T17:53:49.133+0000] {connection_wrapper.py:384} INFO - AWS Connection (conn_id='minio_conn_id', conn_type='aws') credentials retrieved from login and ***.
[2026-02-26T17:53:49.503+0000] {logging_mixin.py:188} INFO - Файл raw/not_dict/accounts/2025-01-01/data.parquet не найден в S3. Пропускаем загрузку.
[2026-02-26T17:53:49.505+0000] {python.py:237} INFO - Done. Returned value was: None
[2026-02-26T17:53:49.506+0000] {taskinstance.py:441} INFO - ::group::Post task execution logs
[2026-02-26T17:53:49.521+0000] {taskinstance.py:1206} INFO - Marking task as SUCCESS. dag_id=oltp_s3_dwh, task_id=upload_s3_to_dwh_accounts, run_id=scheduled__2025-01-01T00:00:00+00:00, execution_date=20250101T000000, start_date=20260226T175348, end_date=20260226T175349
[2026-02-26T17:53:49.551+0000] {local_task_job_runner.py:243} INFO - Task exited with return code 0
[2026-02-26T17:53:49.574+0000] {taskinstance.py:3503} INFO - 0 downstream tasks scheduled from follow-on schedule check
[2026-02-26T17:53:49.578+0000] {local_task_job_runner.py:222} INFO - ::endgroup::
[2026-02-28T09:57:37.638+0000] {local_task_job_runner.py:120} INFO - ::group::Pre task execution logs
[2026-02-28T09:57:37.737+0000] {taskinstance.py:2076} INFO - Dependencies all met for dep_context=non-requeueable deps ti=<TaskInstance: oltp_s3_dwh.upload_s3_to_dwh_accounts scheduled__2025-01-01T00:00:00+00:00 [queued]>
[2026-02-28T09:57:37.776+0000] {taskinstance.py:2076} INFO - Dependencies all met for dep_context=requeueable deps ti=<TaskInstance: oltp_s3_dwh.upload_s3_to_dwh_accounts scheduled__2025-01-01T00:00:00+00:00 [queued]>
[2026-02-28T09:57:37.784+0000] {taskinstance.py:2306} INFO - Starting attempt 2 of 2
[2026-02-28T09:57:37.810+0000] {taskinstance.py:2330} INFO - Executing <Task(PythonOperator): upload_s3_to_dwh_accounts> on 2025-01-01 00:00:00+00:00
[2026-02-28T09:57:37.834+0000] {logging_mixin.py:188} WARNING - /home/***/.local/lib/python3.12/site-packages/***/task/task_runner/standard_task_runner.py:62 DeprecationWarning: This process (pid=1547) is multi-threaded, use of fork() may lead to deadlocks in the child.
[2026-02-28T09:57:37.846+0000] {standard_task_runner.py:64} INFO - Started process 1569 to run task
[2026-02-28T09:57:37.851+0000] {standard_task_runner.py:90} INFO - Running: ['***', 'tasks', 'run', 'oltp_s3_dwh', 'upload_s3_to_dwh_accounts', 'scheduled__2025-01-01T00:00:00+00:00', '--job-id', '1945', '--raw', '--subdir', 'DAGS_FOLDER/oltp_s3_dwh.py', '--cfg-path', '/tmp/tmp7alke60k']
[2026-02-28T09:57:37.854+0000] {standard_task_runner.py:91} INFO - Job 1945: Subtask upload_s3_to_dwh_accounts
[2026-02-28T09:57:37.991+0000] {task_command.py:426} INFO - Running <TaskInstance: oltp_s3_dwh.upload_s3_to_dwh_accounts scheduled__2025-01-01T00:00:00+00:00 [running]> on host 31b45edbecf3
[2026-02-28T09:57:38.202+0000] {taskinstance.py:2648} INFO - Exporting env vars: AIRFLOW_CTX_DAG_OWNER='***' AIRFLOW_CTX_DAG_ID='oltp_s3_dwh' AIRFLOW_CTX_TASK_ID='upload_s3_to_dwh_accounts' AIRFLOW_CTX_EXECUTION_DATE='2025-01-01T00:00:00+00:00' AIRFLOW_CTX_TRY_NUMBER='2' AIRFLOW_CTX_DAG_RUN_ID='scheduled__2025-01-01T00:00:00+00:00'
[2026-02-28T09:57:38.203+0000] {taskinstance.py:430} INFO - ::endgroup::
[2026-02-28T09:57:38.283+0000] {base.py:84} INFO - Using connection ID 'postgres_dwh' for task execution.
[2026-02-28T09:57:38.290+0000] {sql.py:495} INFO - Running statement: SELECT table_schema, table_name FROM information_schema.tables WHERE table_schema = 'staging';, parameters: None
[2026-02-28T09:57:38.295+0000] {sql.py:504} INFO - Rows affected: 9
[2026-02-28T09:57:38.296+0000] {logging_mixin.py:188} INFO - DEBUG: Доступные таблицы в схеме staging: [('staging', 'exchange_rates'), ('staging', 'cards'), ('staging', 'users'), ('staging', 'accounts'), ('staging', 'transactions'), ('staging', 'dict_merchants'), ('staging', 'dict_mcc'), ('staging', 'dict_tariffs'), ('staging', 'dict_regions')]
[2026-02-28T09:57:38.315+0000] {base.py:84} INFO - Using connection ID 'minio_conn_id' for task execution.
[2026-02-28T09:57:38.322+0000] {connection_wrapper.py:384} INFO - AWS Connection (conn_id='minio_conn_id', conn_type='aws') credentials retrieved from login and ***.
[2026-02-28T09:57:39.110+0000] {logging_mixin.py:188} INFO - Файл raw/not_dict/accounts/2025-01-01/data.parquet не найден в S3. Пропускаем загрузку.
[2026-02-28T09:57:39.117+0000] {python.py:237} INFO - Done. Returned value was: None
[2026-02-28T09:57:39.118+0000] {taskinstance.py:441} INFO - ::group::Post task execution logs
[2026-02-28T09:57:39.138+0000] {taskinstance.py:1206} INFO - Marking task as SUCCESS. dag_id=oltp_s3_dwh, task_id=upload_s3_to_dwh_accounts, run_id=scheduled__2025-01-01T00:00:00+00:00, execution_date=20250101T000000, start_date=20260228T095737, end_date=20260228T095739
[2026-02-28T09:57:39.184+0000] {local_task_job_runner.py:243} INFO - Task exited with return code 0
[2026-02-28T09:57:39.219+0000] {taskinstance.py:3503} INFO - 0 downstream tasks scheduled from follow-on schedule check
[2026-02-28T09:57:39.226+0000] {local_task_job_runner.py:222} INFO - ::endgroup::
