[2026-02-26T12:06:51.894+0000] {local_task_job_runner.py:120} INFO - ::group::Pre task execution logs
[2026-02-26T12:06:51.995+0000] {taskinstance.py:2076} INFO - Dependencies all met for dep_context=non-requeueable deps ti=<TaskInstance: oltp_s3_dwh.upload_postgre_to_s3_dict_tariffs scheduled__2025-03-01T00:00:00+00:00 [queued]>
[2026-02-26T12:06:52.021+0000] {taskinstance.py:2076} INFO - Dependencies all met for dep_context=requeueable deps ti=<TaskInstance: oltp_s3_dwh.upload_postgre_to_s3_dict_tariffs scheduled__2025-03-01T00:00:00+00:00 [queued]>
[2026-02-26T12:06:52.023+0000] {taskinstance.py:2306} INFO - Starting attempt 1 of 1
[2026-02-26T12:06:52.084+0000] {taskinstance.py:2330} INFO - Executing <Task(PythonOperator): upload_postgre_to_s3_dict_tariffs> on 2025-03-01 00:00:00+00:00
[2026-02-26T12:06:52.127+0000] {logging_mixin.py:188} WARNING - /home/***/.local/lib/python3.12/site-packages/***/task/task_runner/standard_task_runner.py:62 DeprecationWarning: This process (pid=4443) is multi-threaded, use of fork() may lead to deadlocks in the child.
[2026-02-26T12:06:52.129+0000] {standard_task_runner.py:64} INFO - Started process 4463 to run task
[2026-02-26T12:06:52.142+0000] {standard_task_runner.py:90} INFO - Running: ['***', 'tasks', 'run', 'oltp_s3_dwh', 'upload_postgre_to_s3_dict_tariffs', 'scheduled__2025-03-01T00:00:00+00:00', '--job-id', '1010', '--raw', '--subdir', 'DAGS_FOLDER/oltp_s3_dwh_dict.py', '--cfg-path', '/tmp/tmpkppgme6f']
[2026-02-26T12:06:52.149+0000] {standard_task_runner.py:91} INFO - Job 1010: Subtask upload_postgre_to_s3_dict_tariffs
[2026-02-26T12:06:52.280+0000] {task_command.py:426} INFO - Running <TaskInstance: oltp_s3_dwh.upload_postgre_to_s3_dict_tariffs scheduled__2025-03-01T00:00:00+00:00 [running]> on host 31b45edbecf3
[2026-02-26T12:06:52.501+0000] {taskinstance.py:2648} INFO - Exporting env vars: AIRFLOW_CTX_DAG_OWNER='***' AIRFLOW_CTX_DAG_ID='oltp_s3_dwh' AIRFLOW_CTX_TASK_ID='upload_postgre_to_s3_dict_tariffs' AIRFLOW_CTX_EXECUTION_DATE='2025-03-01T00:00:00+00:00' AIRFLOW_CTX_TRY_NUMBER='1' AIRFLOW_CTX_DAG_RUN_ID='scheduled__2025-03-01T00:00:00+00:00'
[2026-02-26T12:06:52.505+0000] {taskinstance.py:430} INFO - ::endgroup::
[2026-02-26T12:06:52.553+0000] {base.py:84} INFO - Using connection ID 'postgres_oltp' for task execution.
[2026-02-26T12:06:52.570+0000] {logging_mixin.py:188} WARNING - /home/***/.local/lib/python3.12/site-packages/***/providers/common/sql/hooks/sql.py:269 UserWarning: pandas only supports SQLAlchemy connectable (engine/connection) or database string URI or sqlite3 DBAPI2 connection. Other DBAPI2 objects are not tested. Please consider using SQLAlchemy.
[2026-02-26T12:06:52.657+0000] {base.py:84} INFO - Using connection ID 'minio_conn_id' for task execution.
[2026-02-26T12:06:52.663+0000] {connection_wrapper.py:384} INFO - AWS Connection (conn_id='minio_conn_id', conn_type='aws') credentials retrieved from login and ***.
[2026-02-26T12:06:54.170+0000] {python.py:237} INFO - Done. Returned value was: None
[2026-02-26T12:06:54.171+0000] {taskinstance.py:441} INFO - ::group::Post task execution logs
[2026-02-26T12:06:54.183+0000] {taskinstance.py:1206} INFO - Marking task as SUCCESS. dag_id=oltp_s3_dwh, task_id=upload_postgre_to_s3_dict_tariffs, run_id=scheduled__2025-03-01T00:00:00+00:00, execution_date=20250301T000000, start_date=20260226T120652, end_date=20260226T120654
[2026-02-26T12:06:54.236+0000] {local_task_job_runner.py:243} INFO - Task exited with return code 0
[2026-02-26T12:06:54.279+0000] {taskinstance.py:3503} INFO - 0 downstream tasks scheduled from follow-on schedule check
[2026-02-26T12:06:54.290+0000] {local_task_job_runner.py:222} INFO - ::endgroup::
[2026-02-27T19:00:05.982+0000] {local_task_job_runner.py:120} INFO - ::group::Pre task execution logs
[2026-02-27T19:00:06.033+0000] {taskinstance.py:2076} INFO - Dependencies all met for dep_context=non-requeueable deps ti=<TaskInstance: oltp_s3_dwh.upload_postgre_to_s3_dict_tariffs scheduled__2025-03-01T00:00:00+00:00 [queued]>
[2026-02-27T19:00:06.064+0000] {taskinstance.py:2076} INFO - Dependencies all met for dep_context=requeueable deps ti=<TaskInstance: oltp_s3_dwh.upload_postgre_to_s3_dict_tariffs scheduled__2025-03-01T00:00:00+00:00 [queued]>
[2026-02-27T19:00:06.066+0000] {taskinstance.py:2306} INFO - Starting attempt 1 of 1
[2026-02-27T19:00:06.113+0000] {taskinstance.py:2330} INFO - Executing <Task(PythonOperator): upload_postgre_to_s3_dict_tariffs> on 2025-03-01 00:00:00+00:00
[2026-02-27T19:00:06.135+0000] {logging_mixin.py:188} WARNING - /home/***/.local/lib/python3.12/site-packages/***/task/task_runner/standard_task_runner.py:62 DeprecationWarning: This process (pid=32099) is multi-threaded, use of fork() may lead to deadlocks in the child.
[2026-02-27T19:00:06.149+0000] {standard_task_runner.py:64} INFO - Started process 32119 to run task
[2026-02-27T19:00:06.145+0000] {standard_task_runner.py:90} INFO - Running: ['***', 'tasks', 'run', 'oltp_s3_dwh', 'upload_postgre_to_s3_dict_tariffs', 'scheduled__2025-03-01T00:00:00+00:00', '--job-id', '1555', '--raw', '--subdir', 'DAGS_FOLDER/oltp_s3_dwh.py', '--cfg-path', '/tmp/tmp5ee7jed9']
[2026-02-27T19:00:06.164+0000] {standard_task_runner.py:91} INFO - Job 1555: Subtask upload_postgre_to_s3_dict_tariffs
[2026-02-27T19:00:06.367+0000] {task_command.py:426} INFO - Running <TaskInstance: oltp_s3_dwh.upload_postgre_to_s3_dict_tariffs scheduled__2025-03-01T00:00:00+00:00 [running]> on host 31b45edbecf3
[2026-02-27T19:00:06.601+0000] {taskinstance.py:2648} INFO - Exporting env vars: AIRFLOW_CTX_DAG_OWNER='***' AIRFLOW_CTX_DAG_ID='oltp_s3_dwh' AIRFLOW_CTX_TASK_ID='upload_postgre_to_s3_dict_tariffs' AIRFLOW_CTX_EXECUTION_DATE='2025-03-01T00:00:00+00:00' AIRFLOW_CTX_TRY_NUMBER='1' AIRFLOW_CTX_DAG_RUN_ID='scheduled__2025-03-01T00:00:00+00:00'
[2026-02-27T19:00:06.604+0000] {taskinstance.py:430} INFO - ::endgroup::
[2026-02-27T19:00:06.649+0000] {base.py:84} INFO - Using connection ID 'postgres_oltp' for task execution.
[2026-02-27T19:00:06.676+0000] {logging_mixin.py:188} WARNING - /home/***/.local/lib/python3.12/site-packages/***/providers/common/sql/hooks/sql.py:269 UserWarning: pandas only supports SQLAlchemy connectable (engine/connection) or database string URI or sqlite3 DBAPI2 connection. Other DBAPI2 objects are not tested. Please consider using SQLAlchemy.
[2026-02-27T19:00:06.805+0000] {base.py:84} INFO - Using connection ID 'minio_conn_id' for task execution.
[2026-02-27T19:00:06.808+0000] {connection_wrapper.py:384} INFO - AWS Connection (conn_id='minio_conn_id', conn_type='aws') credentials retrieved from login and ***.
[2026-02-27T19:00:07.444+0000] {python.py:237} INFO - Done. Returned value was: None
[2026-02-27T19:00:07.445+0000] {taskinstance.py:441} INFO - ::group::Post task execution logs
[2026-02-27T19:00:07.457+0000] {taskinstance.py:1206} INFO - Marking task as SUCCESS. dag_id=oltp_s3_dwh, task_id=upload_postgre_to_s3_dict_tariffs, run_id=scheduled__2025-03-01T00:00:00+00:00, execution_date=20250301T000000, start_date=20260227T190006, end_date=20260227T190007
[2026-02-27T19:00:07.510+0000] {local_task_job_runner.py:243} INFO - Task exited with return code 0
[2026-02-27T19:00:07.558+0000] {taskinstance.py:3503} INFO - 1 downstream tasks scheduled from follow-on schedule check
[2026-02-27T19:00:07.571+0000] {local_task_job_runner.py:222} INFO - ::endgroup::
