[2026-02-26T17:55:36.910+0000] {local_task_job_runner.py:120} INFO - ::group::Pre task execution logs
[2026-02-26T17:55:37.006+0000] {taskinstance.py:2076} INFO - Dependencies all met for dep_context=non-requeueable deps ti=<TaskInstance: oltp_s3_dwh.upload_s3_to_dwh_dict_merchants scheduled__2025-02-01T00:00:00+00:00 [queued]>
[2026-02-26T17:55:37.048+0000] {taskinstance.py:2076} INFO - Dependencies all met for dep_context=requeueable deps ti=<TaskInstance: oltp_s3_dwh.upload_s3_to_dwh_dict_merchants scheduled__2025-02-01T00:00:00+00:00 [queued]>
[2026-02-26T17:55:37.050+0000] {taskinstance.py:2306} INFO - Starting attempt 1 of 1
[2026-02-26T17:55:37.135+0000] {taskinstance.py:2330} INFO - Executing <Task(PythonOperator): upload_s3_to_dwh_dict_merchants> on 2025-02-01 00:00:00+00:00
[2026-02-26T17:55:37.219+0000] {standard_task_runner.py:90} INFO - Running: ['***', 'tasks', 'run', 'oltp_s3_dwh', 'upload_s3_to_dwh_dict_merchants', 'scheduled__2025-02-01T00:00:00+00:00', '--job-id', '1189', '--raw', '--subdir', 'DAGS_FOLDER/oltp_s3_dwh.py', '--cfg-path', '/tmp/tmpfwtkb814']
[2026-02-26T17:55:37.241+0000] {standard_task_runner.py:91} INFO - Job 1189: Subtask upload_s3_to_dwh_dict_merchants
[2026-02-26T17:55:37.207+0000] {logging_mixin.py:188} WARNING - /home/***/.local/lib/python3.12/site-packages/***/task/task_runner/standard_task_runner.py:62 DeprecationWarning: This process (pid=6727) is multi-threaded, use of fork() may lead to deadlocks in the child.
[2026-02-26T17:55:37.248+0000] {standard_task_runner.py:64} INFO - Started process 6775 to run task
[2026-02-26T17:55:37.498+0000] {task_command.py:426} INFO - Running <TaskInstance: oltp_s3_dwh.upload_s3_to_dwh_dict_merchants scheduled__2025-02-01T00:00:00+00:00 [running]> on host 31b45edbecf3
[2026-02-26T17:55:37.904+0000] {taskinstance.py:2648} INFO - Exporting env vars: AIRFLOW_CTX_DAG_OWNER='***' AIRFLOW_CTX_DAG_ID='oltp_s3_dwh' AIRFLOW_CTX_TASK_ID='upload_s3_to_dwh_dict_merchants' AIRFLOW_CTX_EXECUTION_DATE='2025-02-01T00:00:00+00:00' AIRFLOW_CTX_TRY_NUMBER='1' AIRFLOW_CTX_DAG_RUN_ID='scheduled__2025-02-01T00:00:00+00:00'
[2026-02-26T17:55:37.911+0000] {taskinstance.py:430} INFO - ::endgroup::
[2026-02-26T17:55:37.999+0000] {base.py:84} INFO - Using connection ID 'postgres_dwh' for task execution.
[2026-02-26T17:55:38.047+0000] {sql.py:495} INFO - Running statement: SELECT table_schema, table_name FROM information_schema.tables WHERE table_schema = 'staging';, parameters: None
[2026-02-26T17:55:38.064+0000] {sql.py:504} INFO - Rows affected: 9
[2026-02-26T17:55:38.078+0000] {logging_mixin.py:188} INFO - DEBUG: Доступные таблицы в схеме staging: [('staging', 'exchange_rates'), ('staging', 'users'), ('staging', 'accounts'), ('staging', 'dict_mcc'), ('staging', 'dict_tariffs'), ('staging', 'dict_merchants'), ('staging', 'transactions'), ('staging', 'dict_regions'), ('staging', 'cards')]
[2026-02-26T17:55:38.138+0000] {base.py:84} INFO - Using connection ID 'minio_conn_id' for task execution.
[2026-02-26T17:55:38.139+0000] {connection_wrapper.py:384} INFO - AWS Connection (conn_id='minio_conn_id', conn_type='aws') credentials retrieved from login and ***.
[2026-02-26T17:55:41.833+0000] {base.py:84} INFO - Using connection ID 'postgres_dwh' for task execution.
[2026-02-26T17:55:41.865+0000] {logging_mixin.py:188} INFO - Successfully loaded dict_merchants using copy_expert
[2026-02-26T17:55:41.868+0000] {python.py:237} INFO - Done. Returned value was: None
[2026-02-26T17:55:41.869+0000] {taskinstance.py:441} INFO - ::group::Post task execution logs
[2026-02-26T17:55:41.896+0000] {taskinstance.py:1206} INFO - Marking task as SUCCESS. dag_id=oltp_s3_dwh, task_id=upload_s3_to_dwh_dict_merchants, run_id=scheduled__2025-02-01T00:00:00+00:00, execution_date=20250201T000000, start_date=20260226T175537, end_date=20260226T175541
[2026-02-26T17:55:42.009+0000] {local_task_job_runner.py:243} INFO - Task exited with return code 0
[2026-02-26T17:55:42.090+0000] {taskinstance.py:3503} INFO - 0 downstream tasks scheduled from follow-on schedule check
[2026-02-26T17:55:42.103+0000] {local_task_job_runner.py:222} INFO - ::endgroup::
[2026-02-27T18:59:58.817+0000] {local_task_job_runner.py:120} INFO - ::group::Pre task execution logs
[2026-02-27T18:59:58.851+0000] {taskinstance.py:2076} INFO - Dependencies all met for dep_context=non-requeueable deps ti=<TaskInstance: oltp_s3_dwh.upload_s3_to_dwh_dict_merchants scheduled__2025-02-01T00:00:00+00:00 [queued]>
[2026-02-27T18:59:58.876+0000] {taskinstance.py:2076} INFO - Dependencies all met for dep_context=requeueable deps ti=<TaskInstance: oltp_s3_dwh.upload_s3_to_dwh_dict_merchants scheduled__2025-02-01T00:00:00+00:00 [queued]>
[2026-02-27T18:59:58.879+0000] {taskinstance.py:2306} INFO - Starting attempt 1 of 1
[2026-02-27T18:59:58.943+0000] {taskinstance.py:2330} INFO - Executing <Task(PythonOperator): upload_s3_to_dwh_dict_merchants> on 2025-02-01 00:00:00+00:00
[2026-02-27T18:59:58.966+0000] {logging_mixin.py:188} WARNING - /home/***/.local/lib/python3.12/site-packages/***/task/task_runner/standard_task_runner.py:62 DeprecationWarning: This process (pid=32055) is multi-threaded, use of fork() may lead to deadlocks in the child.
[2026-02-27T18:59:58.979+0000] {standard_task_runner.py:64} INFO - Started process 32067 to run task
[2026-02-27T18:59:58.970+0000] {standard_task_runner.py:90} INFO - Running: ['***', 'tasks', 'run', 'oltp_s3_dwh', 'upload_s3_to_dwh_dict_merchants', 'scheduled__2025-02-01T00:00:00+00:00', '--job-id', '1546', '--raw', '--subdir', 'DAGS_FOLDER/oltp_s3_dwh.py', '--cfg-path', '/tmp/tmp9ubr_c9f']
[2026-02-27T18:59:58.990+0000] {standard_task_runner.py:91} INFO - Job 1546: Subtask upload_s3_to_dwh_dict_merchants
[2026-02-27T18:59:59.130+0000] {task_command.py:426} INFO - Running <TaskInstance: oltp_s3_dwh.upload_s3_to_dwh_dict_merchants scheduled__2025-02-01T00:00:00+00:00 [running]> on host 31b45edbecf3
[2026-02-27T18:59:59.302+0000] {taskinstance.py:2648} INFO - Exporting env vars: AIRFLOW_CTX_DAG_OWNER='***' AIRFLOW_CTX_DAG_ID='oltp_s3_dwh' AIRFLOW_CTX_TASK_ID='upload_s3_to_dwh_dict_merchants' AIRFLOW_CTX_EXECUTION_DATE='2025-02-01T00:00:00+00:00' AIRFLOW_CTX_TRY_NUMBER='1' AIRFLOW_CTX_DAG_RUN_ID='scheduled__2025-02-01T00:00:00+00:00'
[2026-02-27T18:59:59.304+0000] {taskinstance.py:430} INFO - ::endgroup::
[2026-02-27T18:59:59.352+0000] {base.py:84} INFO - Using connection ID 'postgres_dwh' for task execution.
[2026-02-27T18:59:59.373+0000] {sql.py:495} INFO - Running statement: SELECT table_schema, table_name FROM information_schema.tables WHERE table_schema = 'staging';, parameters: None
[2026-02-27T18:59:59.378+0000] {sql.py:504} INFO - Rows affected: 9
[2026-02-27T18:59:59.391+0000] {logging_mixin.py:188} INFO - DEBUG: Доступные таблицы в схеме staging: [('staging', 'exchange_rates'), ('staging', 'dict_tariffs'), ('staging', 'dict_regions'), ('staging', 'transactions'), ('staging', 'dict_merchants'), ('staging', 'dict_mcc'), ('staging', 'cards'), ('staging', 'users'), ('staging', 'accounts')]
[2026-02-27T18:59:59.404+0000] {base.py:84} INFO - Using connection ID 'minio_conn_id' for task execution.
[2026-02-27T18:59:59.411+0000] {connection_wrapper.py:384} INFO - AWS Connection (conn_id='minio_conn_id', conn_type='aws') credentials retrieved from login and ***.
[2026-02-27T19:00:00.017+0000] {base.py:84} INFO - Using connection ID 'postgres_dwh' for task execution.
[2026-02-27T19:00:00.039+0000] {logging_mixin.py:188} INFO - Successfully loaded dict_merchants using copy_expert
[2026-02-27T19:00:00.041+0000] {python.py:237} INFO - Done. Returned value was: None
[2026-02-27T19:00:00.042+0000] {taskinstance.py:441} INFO - ::group::Post task execution logs
[2026-02-27T19:00:00.055+0000] {taskinstance.py:1206} INFO - Marking task as SUCCESS. dag_id=oltp_s3_dwh, task_id=upload_s3_to_dwh_dict_merchants, run_id=scheduled__2025-02-01T00:00:00+00:00, execution_date=20250201T000000, start_date=20260227T185958, end_date=20260227T190000
[2026-02-27T19:00:00.127+0000] {local_task_job_runner.py:243} INFO - Task exited with return code 0
[2026-02-27T19:00:00.165+0000] {taskinstance.py:3503} INFO - 0 downstream tasks scheduled from follow-on schedule check
[2026-02-27T19:00:00.172+0000] {local_task_job_runner.py:222} INFO - ::endgroup::
