[2026-02-27T10:30:18.513+0000] {local_task_job_runner.py:120} INFO - ::group::Pre task execution logs
[2026-02-27T10:30:18.560+0000] {taskinstance.py:2076} INFO - Dependencies all met for dep_context=non-requeueable deps ti=<TaskInstance: staging_to_core.wait_for_dict_regions scheduled__2025-04-01T00:00:00+00:00 [queued]>
[2026-02-27T10:30:18.573+0000] {taskinstance.py:2076} INFO - Dependencies all met for dep_context=requeueable deps ti=<TaskInstance: staging_to_core.wait_for_dict_regions scheduled__2025-04-01T00:00:00+00:00 [queued]>
[2026-02-27T10:30:18.574+0000] {taskinstance.py:2306} INFO - Starting attempt 1 of 1
[2026-02-27T10:30:18.593+0000] {taskinstance.py:2330} INFO - Executing <Task(ExternalTaskSensor): wait_for_dict_regions> on 2025-04-01 00:00:00+00:00
[2026-02-27T10:30:18.602+0000] {logging_mixin.py:188} WARNING - /home/***/.local/lib/python3.12/site-packages/***/task/task_runner/standard_task_runner.py:62 DeprecationWarning: This process (pid=9177) is multi-threaded, use of fork() may lead to deadlocks in the child.
[2026-02-27T10:30:18.604+0000] {standard_task_runner.py:64} INFO - Started process 9178 to run task
[2026-02-27T10:30:18.603+0000] {standard_task_runner.py:90} INFO - Running: ['***', 'tasks', 'run', 'staging_to_core', 'wait_for_dict_regions', 'scheduled__2025-04-01T00:00:00+00:00', '--job-id', '1341', '--raw', '--subdir', 'DAGS_FOLDER/staging_to_core.py', '--cfg-path', '/tmp/tmp5og8252u']
[2026-02-27T10:30:18.606+0000] {standard_task_runner.py:91} INFO - Job 1341: Subtask wait_for_dict_regions
[2026-02-27T10:30:18.669+0000] {task_command.py:426} INFO - Running <TaskInstance: staging_to_core.wait_for_dict_regions scheduled__2025-04-01T00:00:00+00:00 [running]> on host 31b45edbecf3
[2026-02-27T10:30:18.777+0000] {taskinstance.py:2648} INFO - Exporting env vars: AIRFLOW_CTX_DAG_OWNER='***' AIRFLOW_CTX_DAG_ID='staging_to_core' AIRFLOW_CTX_TASK_ID='wait_for_dict_regions' AIRFLOW_CTX_EXECUTION_DATE='2025-04-01T00:00:00+00:00' AIRFLOW_CTX_TRY_NUMBER='1' AIRFLOW_CTX_DAG_RUN_ID='scheduled__2025-04-01T00:00:00+00:00'
[2026-02-27T10:30:18.779+0000] {taskinstance.py:430} INFO - ::endgroup::
[2026-02-27T10:30:18.796+0000] {baseoperator.py:400} WARNING - ExternalTaskSensor.execute cannot be called outside TaskInstance!
[2026-02-27T10:30:18.807+0000] {external_task.py:258} INFO - Poking for tasks ['upload_s3_to_dwh_dict_regions'] in dag oltp_s3_dwh on 2025-04-01T00:00:00+00:00 ... 
[2026-02-27T10:30:18.809+0000] {logging_mixin.py:188} WARNING - /home/***/.local/lib/python3.12/site-packages/***/utils/session.py:79 DeprecationWarning: This method is deprecated and will be removed in future.
[2026-02-27T10:30:18.822+0000] {base.py:294} INFO - Success criteria met. Exiting.
[2026-02-27T10:30:18.823+0000] {taskinstance.py:441} INFO - ::group::Post task execution logs
[2026-02-27T10:30:18.835+0000] {taskinstance.py:1206} INFO - Marking task as SUCCESS. dag_id=staging_to_core, task_id=wait_for_dict_regions, run_id=scheduled__2025-04-01T00:00:00+00:00, execution_date=20250401T000000, start_date=20260227T103018, end_date=20260227T103018
[2026-02-27T10:30:18.903+0000] {local_task_job_runner.py:243} INFO - Task exited with return code 0
[2026-02-27T10:30:18.958+0000] {logging_mixin.py:188} WARNING - /home/***/.local/lib/python3.12/site-packages/***/models/baseoperator.py:1297 AirflowProviderDeprecationWarning: Call to deprecated class PostgresOperator. (Please use `***.providers.common.sql.operators.sql.SQLExecuteQueryOperator`.Also, you can provide `hook_params={'schema': <database>}`.)
[2026-02-27T10:30:19.143+0000] {taskinstance.py:3503} INFO - 1 downstream tasks scheduled from follow-on schedule check
[2026-02-27T10:30:19.158+0000] {local_task_job_runner.py:222} INFO - ::endgroup::
[2026-02-27T19:02:02.963+0000] {local_task_job_runner.py:120} INFO - ::group::Pre task execution logs
[2026-02-27T19:02:03.031+0000] {taskinstance.py:2076} INFO - Dependencies all met for dep_context=non-requeueable deps ti=<TaskInstance: staging_to_core.wait_for_dict_regions scheduled__2025-04-01T00:00:00+00:00 [queued]>
[2026-02-27T19:02:03.057+0000] {taskinstance.py:2076} INFO - Dependencies all met for dep_context=requeueable deps ti=<TaskInstance: staging_to_core.wait_for_dict_regions scheduled__2025-04-01T00:00:00+00:00 [queued]>
[2026-02-27T19:02:03.061+0000] {taskinstance.py:2306} INFO - Starting attempt 1 of 1
[2026-02-27T19:02:03.110+0000] {taskinstance.py:2330} INFO - Executing <Task(ExternalTaskSensor): wait_for_dict_regions> on 2025-04-01 00:00:00+00:00
[2026-02-27T19:02:03.125+0000] {logging_mixin.py:188} WARNING - /home/***/.local/lib/python3.12/site-packages/***/task/task_runner/standard_task_runner.py:62 DeprecationWarning: This process (pid=33141) is multi-threaded, use of fork() may lead to deadlocks in the child.
[2026-02-27T19:02:03.140+0000] {standard_task_runner.py:64} INFO - Started process 33152 to run task
[2026-02-27T19:02:03.145+0000] {standard_task_runner.py:90} INFO - Running: ['***', 'tasks', 'run', 'staging_to_core', 'wait_for_dict_regions', 'scheduled__2025-04-01T00:00:00+00:00', '--job-id', '1757', '--raw', '--subdir', 'DAGS_FOLDER/staging_to_core.py', '--cfg-path', '/tmp/tmpn23mf3n3']
[2026-02-27T19:02:03.156+0000] {standard_task_runner.py:91} INFO - Job 1757: Subtask wait_for_dict_regions
[2026-02-27T19:02:03.273+0000] {task_command.py:426} INFO - Running <TaskInstance: staging_to_core.wait_for_dict_regions scheduled__2025-04-01T00:00:00+00:00 [running]> on host 31b45edbecf3
[2026-02-27T19:02:03.489+0000] {taskinstance.py:2648} INFO - Exporting env vars: AIRFLOW_CTX_DAG_OWNER='***' AIRFLOW_CTX_DAG_ID='staging_to_core' AIRFLOW_CTX_TASK_ID='wait_for_dict_regions' AIRFLOW_CTX_EXECUTION_DATE='2025-04-01T00:00:00+00:00' AIRFLOW_CTX_TRY_NUMBER='1' AIRFLOW_CTX_DAG_RUN_ID='scheduled__2025-04-01T00:00:00+00:00'
[2026-02-27T19:02:03.490+0000] {taskinstance.py:430} INFO - ::endgroup::
[2026-02-27T19:02:03.517+0000] {baseoperator.py:400} WARNING - ExternalTaskSensor.execute cannot be called outside TaskInstance!
[2026-02-27T19:02:03.538+0000] {external_task.py:258} INFO - Poking for tasks ['upload_s3_to_dwh_dict_regions'] in dag oltp_s3_dwh on 2025-04-01T00:00:00+00:00 ... 
[2026-02-27T19:02:03.540+0000] {logging_mixin.py:188} WARNING - /home/***/.local/lib/python3.12/site-packages/***/utils/session.py:79 DeprecationWarning: This method is deprecated and will be removed in future.
[2026-02-27T19:02:03.554+0000] {base.py:294} INFO - Success criteria met. Exiting.
[2026-02-27T19:02:03.555+0000] {taskinstance.py:441} INFO - ::group::Post task execution logs
[2026-02-27T19:02:03.568+0000] {taskinstance.py:1206} INFO - Marking task as SUCCESS. dag_id=staging_to_core, task_id=wait_for_dict_regions, run_id=scheduled__2025-04-01T00:00:00+00:00, execution_date=20250401T000000, start_date=20260227T190203, end_date=20260227T190203
[2026-02-27T19:02:03.604+0000] {local_task_job_runner.py:243} INFO - Task exited with return code 0
[2026-02-27T19:02:03.617+0000] {logging_mixin.py:188} WARNING - /home/***/.local/lib/python3.12/site-packages/***/models/baseoperator.py:1297 AirflowProviderDeprecationWarning: Call to deprecated class PostgresOperator. (Please use `***.providers.common.sql.operators.sql.SQLExecuteQueryOperator`.Also, you can provide `hook_params={'schema': <database>}`.)
[2026-02-27T19:02:03.749+0000] {taskinstance.py:3503} INFO - 1 downstream tasks scheduled from follow-on schedule check
[2026-02-27T19:02:03.755+0000] {local_task_job_runner.py:222} INFO - ::endgroup::
