[2026-02-26T12:07:20.779+0000] {local_task_job_runner.py:120} INFO - ::group::Pre task execution logs
[2026-02-26T12:07:20.834+0000] {taskinstance.py:2076} INFO - Dependencies all met for dep_context=non-requeueable deps ti=<TaskInstance: oltp_s3_dwh.upload_postgre_to_s3_cards scheduled__2025-10-01T00:00:00+00:00 [queued]>
[2026-02-26T12:07:20.878+0000] {taskinstance.py:2076} INFO - Dependencies all met for dep_context=requeueable deps ti=<TaskInstance: oltp_s3_dwh.upload_postgre_to_s3_cards scheduled__2025-10-01T00:00:00+00:00 [queued]>
[2026-02-26T12:07:20.879+0000] {taskinstance.py:2306} INFO - Starting attempt 1 of 1
[2026-02-26T12:07:20.943+0000] {taskinstance.py:2330} INFO - Executing <Task(PythonOperator): upload_postgre_to_s3_cards> on 2025-10-01 00:00:00+00:00
[2026-02-26T12:07:21.030+0000] {logging_mixin.py:188} WARNING - /home/***/.local/lib/python3.12/site-packages/***/task/task_runner/standard_task_runner.py:62 DeprecationWarning: This process (pid=4746) is multi-threaded, use of fork() may lead to deadlocks in the child.
[2026-02-26T12:07:21.033+0000] {standard_task_runner.py:64} INFO - Started process 4784 to run task
[2026-02-26T12:07:21.030+0000] {standard_task_runner.py:90} INFO - Running: ['***', 'tasks', 'run', 'oltp_s3_dwh', 'upload_postgre_to_s3_cards', 'scheduled__2025-10-01T00:00:00+00:00', '--job-id', '1062', '--raw', '--subdir', 'DAGS_FOLDER/oltp_s3_dwh_dict.py', '--cfg-path', '/tmp/tmp87yhnprl']
[2026-02-26T12:07:21.055+0000] {standard_task_runner.py:91} INFO - Job 1062: Subtask upload_postgre_to_s3_cards
[2026-02-26T12:07:21.274+0000] {task_command.py:426} INFO - Running <TaskInstance: oltp_s3_dwh.upload_postgre_to_s3_cards scheduled__2025-10-01T00:00:00+00:00 [running]> on host 31b45edbecf3
[2026-02-26T12:07:21.927+0000] {taskinstance.py:2648} INFO - Exporting env vars: AIRFLOW_CTX_DAG_OWNER='***' AIRFLOW_CTX_DAG_ID='oltp_s3_dwh' AIRFLOW_CTX_TASK_ID='upload_postgre_to_s3_cards' AIRFLOW_CTX_EXECUTION_DATE='2025-10-01T00:00:00+00:00' AIRFLOW_CTX_TRY_NUMBER='1' AIRFLOW_CTX_DAG_RUN_ID='scheduled__2025-10-01T00:00:00+00:00'
[2026-02-26T12:07:21.931+0000] {taskinstance.py:430} INFO - ::endgroup::
[2026-02-26T12:07:22.084+0000] {base.py:84} INFO - Using connection ID 'postgres_oltp' for task execution.
[2026-02-26T12:07:22.156+0000] {logging_mixin.py:188} WARNING - /home/***/.local/lib/python3.12/site-packages/***/providers/common/sql/hooks/sql.py:269 UserWarning: pandas only supports SQLAlchemy connectable (engine/connection) or database string URI or sqlite3 DBAPI2 connection. Other DBAPI2 objects are not tested. Please consider using SQLAlchemy.
[2026-02-26T12:07:22.456+0000] {base.py:84} INFO - Using connection ID 'minio_conn_id' for task execution.
[2026-02-26T12:07:22.458+0000] {connection_wrapper.py:384} INFO - AWS Connection (conn_id='minio_conn_id', conn_type='aws') credentials retrieved from login and ***.
[2026-02-26T12:07:23.841+0000] {python.py:237} INFO - Done. Returned value was: None
[2026-02-26T12:07:23.842+0000] {taskinstance.py:441} INFO - ::group::Post task execution logs
[2026-02-26T12:07:23.855+0000] {taskinstance.py:1206} INFO - Marking task as SUCCESS. dag_id=oltp_s3_dwh, task_id=upload_postgre_to_s3_cards, run_id=scheduled__2025-10-01T00:00:00+00:00, execution_date=20251001T000000, start_date=20260226T120720, end_date=20260226T120723
[2026-02-26T12:07:23.993+0000] {local_task_job_runner.py:243} INFO - Task exited with return code 0
[2026-02-26T12:07:24.073+0000] {taskinstance.py:3503} INFO - 0 downstream tasks scheduled from follow-on schedule check
[2026-02-26T12:07:24.093+0000] {local_task_job_runner.py:222} INFO - ::endgroup::
[2026-02-27T19:01:28.677+0000] {local_task_job_runner.py:120} INFO - ::group::Pre task execution logs
[2026-02-27T19:01:28.725+0000] {taskinstance.py:2076} INFO - Dependencies all met for dep_context=non-requeueable deps ti=<TaskInstance: oltp_s3_dwh.upload_postgre_to_s3_cards scheduled__2025-10-01T00:00:00+00:00 [queued]>
[2026-02-27T19:01:28.741+0000] {taskinstance.py:2076} INFO - Dependencies all met for dep_context=requeueable deps ti=<TaskInstance: oltp_s3_dwh.upload_postgre_to_s3_cards scheduled__2025-10-01T00:00:00+00:00 [queued]>
[2026-02-27T19:01:28.757+0000] {taskinstance.py:2306} INFO - Starting attempt 1 of 1
[2026-02-27T19:01:28.822+0000] {taskinstance.py:2330} INFO - Executing <Task(PythonOperator): upload_postgre_to_s3_cards> on 2025-10-01 00:00:00+00:00
[2026-02-27T19:01:28.853+0000] {logging_mixin.py:188} WARNING - /home/***/.local/lib/python3.12/site-packages/***/task/task_runner/standard_task_runner.py:62 DeprecationWarning: This process (pid=32831) is multi-threaded, use of fork() may lead to deadlocks in the child.
[2026-02-27T19:01:28.855+0000] {standard_task_runner.py:64} INFO - Started process 32851 to run task
[2026-02-27T19:01:28.853+0000] {standard_task_runner.py:90} INFO - Running: ['***', 'tasks', 'run', 'oltp_s3_dwh', 'upload_postgre_to_s3_cards', 'scheduled__2025-10-01T00:00:00+00:00', '--job-id', '1699', '--raw', '--subdir', 'DAGS_FOLDER/oltp_s3_dwh.py', '--cfg-path', '/tmp/tmp1qtynzcj']
[2026-02-27T19:01:28.858+0000] {standard_task_runner.py:91} INFO - Job 1699: Subtask upload_postgre_to_s3_cards
[2026-02-27T19:01:29.099+0000] {task_command.py:426} INFO - Running <TaskInstance: oltp_s3_dwh.upload_postgre_to_s3_cards scheduled__2025-10-01T00:00:00+00:00 [running]> on host 31b45edbecf3
[2026-02-27T19:01:29.497+0000] {taskinstance.py:2648} INFO - Exporting env vars: AIRFLOW_CTX_DAG_OWNER='***' AIRFLOW_CTX_DAG_ID='oltp_s3_dwh' AIRFLOW_CTX_TASK_ID='upload_postgre_to_s3_cards' AIRFLOW_CTX_EXECUTION_DATE='2025-10-01T00:00:00+00:00' AIRFLOW_CTX_TRY_NUMBER='1' AIRFLOW_CTX_DAG_RUN_ID='scheduled__2025-10-01T00:00:00+00:00'
[2026-02-27T19:01:29.501+0000] {taskinstance.py:430} INFO - ::endgroup::
[2026-02-27T19:01:29.629+0000] {base.py:84} INFO - Using connection ID 'postgres_oltp' for task execution.
[2026-02-27T19:01:29.686+0000] {logging_mixin.py:188} WARNING - /home/***/.local/lib/python3.12/site-packages/***/providers/common/sql/hooks/sql.py:269 UserWarning: pandas only supports SQLAlchemy connectable (engine/connection) or database string URI or sqlite3 DBAPI2 connection. Other DBAPI2 objects are not tested. Please consider using SQLAlchemy.
[2026-02-27T19:01:29.724+0000] {logging_mixin.py:188} INFO - В таблице cards нет данных
[2026-02-27T19:01:29.725+0000] {python.py:237} INFO - Done. Returned value was: None
[2026-02-27T19:01:29.726+0000] {taskinstance.py:441} INFO - ::group::Post task execution logs
[2026-02-27T19:01:29.743+0000] {taskinstance.py:1206} INFO - Marking task as SUCCESS. dag_id=oltp_s3_dwh, task_id=upload_postgre_to_s3_cards, run_id=scheduled__2025-10-01T00:00:00+00:00, execution_date=20251001T000000, start_date=20260227T190128, end_date=20260227T190129
[2026-02-27T19:01:29.856+0000] {local_task_job_runner.py:243} INFO - Task exited with return code 0
[2026-02-27T19:01:29.936+0000] {taskinstance.py:3503} INFO - 1 downstream tasks scheduled from follow-on schedule check
[2026-02-27T19:01:29.940+0000] {local_task_job_runner.py:222} INFO - ::endgroup::
