[2026-02-27T10:31:43.040+0000] {local_task_job_runner.py:120} INFO - ::group::Pre task execution logs
[2026-02-27T10:31:43.083+0000] {taskinstance.py:2076} INFO - Dependencies all met for dep_context=non-requeueable deps ti=<TaskInstance: staging_to_core.transform_dict_tariffs_to_core scheduled__2025-08-01T00:00:00+00:00 [queued]>
[2026-02-27T10:31:43.095+0000] {taskinstance.py:2076} INFO - Dependencies all met for dep_context=requeueable deps ti=<TaskInstance: staging_to_core.transform_dict_tariffs_to_core scheduled__2025-08-01T00:00:00+00:00 [queued]>
[2026-02-27T10:31:43.095+0000] {taskinstance.py:2306} INFO - Starting attempt 1 of 1
[2026-02-27T10:31:43.110+0000] {taskinstance.py:2330} INFO - Executing <Task(PostgresOperator): transform_dict_tariffs_to_core> on 2025-08-01 00:00:00+00:00
[2026-02-27T10:31:43.118+0000] {logging_mixin.py:188} WARNING - /home/***/.local/lib/python3.12/site-packages/***/task/task_runner/standard_task_runner.py:62 DeprecationWarning: This process (pid=9413) is multi-threaded, use of fork() may lead to deadlocks in the child.
[2026-02-27T10:31:43.119+0000] {standard_task_runner.py:64} INFO - Started process 9414 to run task
[2026-02-27T10:31:43.118+0000] {standard_task_runner.py:90} INFO - Running: ['***', 'tasks', 'run', 'staging_to_core', 'transform_dict_tariffs_to_core', 'scheduled__2025-08-01T00:00:00+00:00', '--job-id', '1410', '--raw', '--subdir', 'DAGS_FOLDER/staging_to_core.py', '--cfg-path', '/tmp/tmpn92j264s']
[2026-02-27T10:31:43.120+0000] {standard_task_runner.py:91} INFO - Job 1410: Subtask transform_dict_tariffs_to_core
[2026-02-27T10:31:43.176+0000] {task_command.py:426} INFO - Running <TaskInstance: staging_to_core.transform_dict_tariffs_to_core scheduled__2025-08-01T00:00:00+00:00 [running]> on host 31b45edbecf3
[2026-02-27T10:31:43.265+0000] {taskinstance.py:2648} INFO - Exporting env vars: AIRFLOW_CTX_DAG_OWNER='***' AIRFLOW_CTX_DAG_ID='staging_to_core' AIRFLOW_CTX_TASK_ID='transform_dict_tariffs_to_core' AIRFLOW_CTX_EXECUTION_DATE='2025-08-01T00:00:00+00:00' AIRFLOW_CTX_TRY_NUMBER='1' AIRFLOW_CTX_DAG_RUN_ID='scheduled__2025-08-01T00:00:00+00:00'
[2026-02-27T10:31:43.267+0000] {taskinstance.py:430} INFO - ::endgroup::
[2026-02-27T10:31:43.283+0000] {sql.py:282} INFO - Executing: 
                    INSERT INTO core.dict_tariffs
                    SELECT * FROM staging.dict_tariffs
                    ON CONFLICT (tariff_id) 
                    DO UPDATE SET
                        tariff_name = EXCLUDED.tariff_name, monthly_cost = EXCLUDED.monthly_cost, cashback_percent = EXCLUDED.cashback_percent;
                
[2026-02-27T10:31:43.294+0000] {base.py:84} INFO - Using connection ID 'postgres_dwh' for task execution.
[2026-02-27T10:31:43.305+0000] {base.py:84} INFO - Using connection ID 'postgres_dwh' for task execution.
[2026-02-27T10:31:43.310+0000] {sql.py:495} INFO - Running statement: 
                    INSERT INTO core.dict_tariffs
                    SELECT * FROM staging.dict_tariffs
                    ON CONFLICT (tariff_id) 
                    DO UPDATE SET
                        tariff_name = EXCLUDED.tariff_name, monthly_cost = EXCLUDED.monthly_cost, cashback_percent = EXCLUDED.cashback_percent;
                , parameters: None
[2026-02-27T10:31:43.312+0000] {sql.py:504} INFO - Rows affected: 12
[2026-02-27T10:31:43.314+0000] {taskinstance.py:441} INFO - ::group::Post task execution logs
[2026-02-27T10:31:43.325+0000] {taskinstance.py:1206} INFO - Marking task as SUCCESS. dag_id=staging_to_core, task_id=transform_dict_tariffs_to_core, run_id=scheduled__2025-08-01T00:00:00+00:00, execution_date=20250801T000000, start_date=20260227T103143, end_date=20260227T103143
[2026-02-27T10:31:43.377+0000] {local_task_job_runner.py:243} INFO - Task exited with return code 0
[2026-02-27T10:31:43.390+0000] {logging_mixin.py:188} WARNING - /home/***/.local/lib/python3.12/site-packages/***/models/baseoperator.py:1297 AirflowProviderDeprecationWarning: Call to deprecated class PostgresOperator. (Please use `***.providers.common.sql.operators.sql.SQLExecuteQueryOperator`.Also, you can provide `hook_params={'schema': <database>}`.)
[2026-02-27T10:31:43.420+0000] {taskinstance.py:3503} INFO - 1 downstream tasks scheduled from follow-on schedule check
[2026-02-27T10:31:43.423+0000] {local_task_job_runner.py:222} INFO - ::endgroup::
[2026-02-27T19:03:33.513+0000] {local_task_job_runner.py:120} INFO - ::group::Pre task execution logs
[2026-02-27T19:03:33.555+0000] {taskinstance.py:2076} INFO - Dependencies all met for dep_context=non-requeueable deps ti=<TaskInstance: staging_to_core.transform_dict_tariffs_to_core scheduled__2025-08-01T00:00:00+00:00 [queued]>
[2026-02-27T19:03:33.566+0000] {taskinstance.py:2076} INFO - Dependencies all met for dep_context=requeueable deps ti=<TaskInstance: staging_to_core.transform_dict_tariffs_to_core scheduled__2025-08-01T00:00:00+00:00 [queued]>
[2026-02-27T19:03:33.567+0000] {taskinstance.py:2306} INFO - Starting attempt 1 of 1
[2026-02-27T19:03:33.581+0000] {taskinstance.py:2330} INFO - Executing <Task(PostgresOperator): transform_dict_tariffs_to_core> on 2025-08-01 00:00:00+00:00
[2026-02-27T19:03:33.589+0000] {logging_mixin.py:188} WARNING - /home/***/.local/lib/python3.12/site-packages/***/task/task_runner/standard_task_runner.py:62 DeprecationWarning: This process (pid=33461) is multi-threaded, use of fork() may lead to deadlocks in the child.
[2026-02-27T19:03:33.590+0000] {standard_task_runner.py:64} INFO - Started process 33462 to run task
[2026-02-27T19:03:33.589+0000] {standard_task_runner.py:90} INFO - Running: ['***', 'tasks', 'run', 'staging_to_core', 'transform_dict_tariffs_to_core', 'scheduled__2025-08-01T00:00:00+00:00', '--job-id', '1842', '--raw', '--subdir', 'DAGS_FOLDER/staging_to_core.py', '--cfg-path', '/tmp/tmpiu2r7sbb']
[2026-02-27T19:03:33.591+0000] {standard_task_runner.py:91} INFO - Job 1842: Subtask transform_dict_tariffs_to_core
[2026-02-27T19:03:33.645+0000] {task_command.py:426} INFO - Running <TaskInstance: staging_to_core.transform_dict_tariffs_to_core scheduled__2025-08-01T00:00:00+00:00 [running]> on host 31b45edbecf3
[2026-02-27T19:03:33.745+0000] {taskinstance.py:2648} INFO - Exporting env vars: AIRFLOW_CTX_DAG_OWNER='***' AIRFLOW_CTX_DAG_ID='staging_to_core' AIRFLOW_CTX_TASK_ID='transform_dict_tariffs_to_core' AIRFLOW_CTX_EXECUTION_DATE='2025-08-01T00:00:00+00:00' AIRFLOW_CTX_TRY_NUMBER='1' AIRFLOW_CTX_DAG_RUN_ID='scheduled__2025-08-01T00:00:00+00:00'
[2026-02-27T19:03:33.746+0000] {taskinstance.py:430} INFO - ::endgroup::
[2026-02-27T19:03:33.763+0000] {sql.py:282} INFO - Executing: 
                    INSERT INTO core.dict_tariffs
                    SELECT * FROM staging.dict_tariffs
                    ON CONFLICT (tariff_id) 
                    DO UPDATE SET
                        tariff_name = EXCLUDED.tariff_name, monthly_cost = EXCLUDED.monthly_cost, cashback_percent = EXCLUDED.cashback_percent;
                
[2026-02-27T19:03:33.773+0000] {base.py:84} INFO - Using connection ID 'postgres_dwh' for task execution.
[2026-02-27T19:03:33.783+0000] {base.py:84} INFO - Using connection ID 'postgres_dwh' for task execution.
[2026-02-27T19:03:33.789+0000] {sql.py:495} INFO - Running statement: 
                    INSERT INTO core.dict_tariffs
                    SELECT * FROM staging.dict_tariffs
                    ON CONFLICT (tariff_id) 
                    DO UPDATE SET
                        tariff_name = EXCLUDED.tariff_name, monthly_cost = EXCLUDED.monthly_cost, cashback_percent = EXCLUDED.cashback_percent;
                , parameters: None
[2026-02-27T19:03:33.790+0000] {sql.py:504} INFO - Rows affected: 3
[2026-02-27T19:03:33.793+0000] {taskinstance.py:441} INFO - ::group::Post task execution logs
[2026-02-27T19:03:33.804+0000] {taskinstance.py:1206} INFO - Marking task as SUCCESS. dag_id=staging_to_core, task_id=transform_dict_tariffs_to_core, run_id=scheduled__2025-08-01T00:00:00+00:00, execution_date=20250801T000000, start_date=20260227T190333, end_date=20260227T190333
[2026-02-27T19:03:33.846+0000] {local_task_job_runner.py:243} INFO - Task exited with return code 0
[2026-02-27T19:03:33.859+0000] {logging_mixin.py:188} WARNING - /home/***/.local/lib/python3.12/site-packages/***/models/baseoperator.py:1297 AirflowProviderDeprecationWarning: Call to deprecated class PostgresOperator. (Please use `***.providers.common.sql.operators.sql.SQLExecuteQueryOperator`.Also, you can provide `hook_params={'schema': <database>}`.)
[2026-02-27T19:03:33.889+0000] {taskinstance.py:3503} INFO - 1 downstream tasks scheduled from follow-on schedule check
[2026-02-27T19:03:33.892+0000] {local_task_job_runner.py:222} INFO - ::endgroup::
