[2026-02-26T12:06:50.779+0000] {local_task_job_runner.py:120} INFO - ::group::Pre task execution logs
[2026-02-26T12:06:50.877+0000] {taskinstance.py:2076} INFO - Dependencies all met for dep_context=non-requeueable deps ti=<TaskInstance: oltp_s3_dwh.upload_postgre_to_s3_dict_mcc scheduled__2025-03-01T00:00:00+00:00 [queued]>
[2026-02-26T12:06:50.907+0000] {taskinstance.py:2076} INFO - Dependencies all met for dep_context=requeueable deps ti=<TaskInstance: oltp_s3_dwh.upload_postgre_to_s3_dict_mcc scheduled__2025-03-01T00:00:00+00:00 [queued]>
[2026-02-26T12:06:50.911+0000] {taskinstance.py:2306} INFO - Starting attempt 1 of 1
[2026-02-26T12:06:50.931+0000] {taskinstance.py:2330} INFO - Executing <Task(PythonOperator): upload_postgre_to_s3_dict_mcc> on 2025-03-01 00:00:00+00:00
[2026-02-26T12:06:50.979+0000] {logging_mixin.py:188} WARNING - /home/***/.local/lib/python3.12/site-packages/***/task/task_runner/standard_task_runner.py:62 DeprecationWarning: This process (pid=4411) is multi-threaded, use of fork() may lead to deadlocks in the child.
[2026-02-26T12:06:50.986+0000] {standard_task_runner.py:64} INFO - Started process 4455 to run task
[2026-02-26T12:06:50.994+0000] {standard_task_runner.py:90} INFO - Running: ['***', 'tasks', 'run', 'oltp_s3_dwh', 'upload_postgre_to_s3_dict_mcc', 'scheduled__2025-03-01T00:00:00+00:00', '--job-id', '1004', '--raw', '--subdir', 'DAGS_FOLDER/oltp_s3_dwh_dict.py', '--cfg-path', '/tmp/tmptelghb2x']
[2026-02-26T12:06:51.017+0000] {standard_task_runner.py:91} INFO - Job 1004: Subtask upload_postgre_to_s3_dict_mcc
[2026-02-26T12:06:51.197+0000] {task_command.py:426} INFO - Running <TaskInstance: oltp_s3_dwh.upload_postgre_to_s3_dict_mcc scheduled__2025-03-01T00:00:00+00:00 [running]> on host 31b45edbecf3
[2026-02-26T12:06:51.481+0000] {taskinstance.py:2648} INFO - Exporting env vars: AIRFLOW_CTX_DAG_OWNER='***' AIRFLOW_CTX_DAG_ID='oltp_s3_dwh' AIRFLOW_CTX_TASK_ID='upload_postgre_to_s3_dict_mcc' AIRFLOW_CTX_EXECUTION_DATE='2025-03-01T00:00:00+00:00' AIRFLOW_CTX_TRY_NUMBER='1' AIRFLOW_CTX_DAG_RUN_ID='scheduled__2025-03-01T00:00:00+00:00'
[2026-02-26T12:06:51.483+0000] {taskinstance.py:430} INFO - ::endgroup::
[2026-02-26T12:06:51.553+0000] {base.py:84} INFO - Using connection ID 'postgres_oltp' for task execution.
[2026-02-26T12:06:51.579+0000] {logging_mixin.py:188} WARNING - /home/***/.local/lib/python3.12/site-packages/***/providers/common/sql/hooks/sql.py:269 UserWarning: pandas only supports SQLAlchemy connectable (engine/connection) or database string URI or sqlite3 DBAPI2 connection. Other DBAPI2 objects are not tested. Please consider using SQLAlchemy.
[2026-02-26T12:06:51.668+0000] {base.py:84} INFO - Using connection ID 'minio_conn_id' for task execution.
[2026-02-26T12:06:51.675+0000] {connection_wrapper.py:384} INFO - AWS Connection (conn_id='minio_conn_id', conn_type='aws') credentials retrieved from login and ***.
[2026-02-26T12:06:52.674+0000] {python.py:237} INFO - Done. Returned value was: None
[2026-02-26T12:06:52.675+0000] {taskinstance.py:441} INFO - ::group::Post task execution logs
[2026-02-26T12:06:52.688+0000] {taskinstance.py:1206} INFO - Marking task as SUCCESS. dag_id=oltp_s3_dwh, task_id=upload_postgre_to_s3_dict_mcc, run_id=scheduled__2025-03-01T00:00:00+00:00, execution_date=20250301T000000, start_date=20260226T120650, end_date=20260226T120652
[2026-02-26T12:06:52.723+0000] {local_task_job_runner.py:243} INFO - Task exited with return code 0
[2026-02-26T12:06:52.768+0000] {taskinstance.py:3503} INFO - 0 downstream tasks scheduled from follow-on schedule check
[2026-02-26T12:06:52.775+0000] {local_task_job_runner.py:222} INFO - ::endgroup::
[2026-02-27T19:00:05.750+0000] {local_task_job_runner.py:120} INFO - ::group::Pre task execution logs
[2026-02-27T19:00:05.803+0000] {taskinstance.py:2076} INFO - Dependencies all met for dep_context=non-requeueable deps ti=<TaskInstance: oltp_s3_dwh.upload_postgre_to_s3_dict_mcc scheduled__2025-03-01T00:00:00+00:00 [queued]>
[2026-02-27T19:00:05.825+0000] {taskinstance.py:2076} INFO - Dependencies all met for dep_context=requeueable deps ti=<TaskInstance: oltp_s3_dwh.upload_postgre_to_s3_dict_mcc scheduled__2025-03-01T00:00:00+00:00 [queued]>
[2026-02-27T19:00:05.829+0000] {taskinstance.py:2306} INFO - Starting attempt 1 of 1
[2026-02-27T19:00:05.849+0000] {taskinstance.py:2330} INFO - Executing <Task(PythonOperator): upload_postgre_to_s3_dict_mcc> on 2025-03-01 00:00:00+00:00
[2026-02-27T19:00:05.925+0000] {standard_task_runner.py:90} INFO - Running: ['***', 'tasks', 'run', 'oltp_s3_dwh', 'upload_postgre_to_s3_dict_mcc', 'scheduled__2025-03-01T00:00:00+00:00', '--job-id', '1549', '--raw', '--subdir', 'DAGS_FOLDER/oltp_s3_dwh.py', '--cfg-path', '/tmp/tmpygx_rgq9']
[2026-02-27T19:00:05.917+0000] {logging_mixin.py:188} WARNING - /home/***/.local/lib/python3.12/site-packages/***/task/task_runner/standard_task_runner.py:62 DeprecationWarning: This process (pid=32102) is multi-threaded, use of fork() may lead to deadlocks in the child.
[2026-02-27T19:00:05.938+0000] {standard_task_runner.py:64} INFO - Started process 32113 to run task
[2026-02-27T19:00:05.938+0000] {standard_task_runner.py:91} INFO - Job 1549: Subtask upload_postgre_to_s3_dict_mcc
[2026-02-27T19:00:06.077+0000] {task_command.py:426} INFO - Running <TaskInstance: oltp_s3_dwh.upload_postgre_to_s3_dict_mcc scheduled__2025-03-01T00:00:00+00:00 [running]> on host 31b45edbecf3
[2026-02-27T19:00:06.481+0000] {taskinstance.py:2648} INFO - Exporting env vars: AIRFLOW_CTX_DAG_OWNER='***' AIRFLOW_CTX_DAG_ID='oltp_s3_dwh' AIRFLOW_CTX_TASK_ID='upload_postgre_to_s3_dict_mcc' AIRFLOW_CTX_EXECUTION_DATE='2025-03-01T00:00:00+00:00' AIRFLOW_CTX_TRY_NUMBER='1' AIRFLOW_CTX_DAG_RUN_ID='scheduled__2025-03-01T00:00:00+00:00'
[2026-02-27T19:00:06.485+0000] {taskinstance.py:430} INFO - ::endgroup::
[2026-02-27T19:00:06.598+0000] {base.py:84} INFO - Using connection ID 'postgres_oltp' for task execution.
[2026-02-27T19:00:06.626+0000] {logging_mixin.py:188} WARNING - /home/***/.local/lib/python3.12/site-packages/***/providers/common/sql/hooks/sql.py:269 UserWarning: pandas only supports SQLAlchemy connectable (engine/connection) or database string URI or sqlite3 DBAPI2 connection. Other DBAPI2 objects are not tested. Please consider using SQLAlchemy.
[2026-02-27T19:00:06.718+0000] {base.py:84} INFO - Using connection ID 'minio_conn_id' for task execution.
[2026-02-27T19:00:06.723+0000] {connection_wrapper.py:384} INFO - AWS Connection (conn_id='minio_conn_id', conn_type='aws') credentials retrieved from login and ***.
[2026-02-27T19:00:07.393+0000] {python.py:237} INFO - Done. Returned value was: None
[2026-02-27T19:00:07.394+0000] {taskinstance.py:441} INFO - ::group::Post task execution logs
[2026-02-27T19:00:07.404+0000] {taskinstance.py:1206} INFO - Marking task as SUCCESS. dag_id=oltp_s3_dwh, task_id=upload_postgre_to_s3_dict_mcc, run_id=scheduled__2025-03-01T00:00:00+00:00, execution_date=20250301T000000, start_date=20260227T190005, end_date=20260227T190007
[2026-02-27T19:00:07.470+0000] {local_task_job_runner.py:243} INFO - Task exited with return code 0
[2026-02-27T19:00:07.515+0000] {taskinstance.py:3503} INFO - 1 downstream tasks scheduled from follow-on schedule check
[2026-02-27T19:00:07.520+0000] {local_task_job_runner.py:222} INFO - ::endgroup::
