[2026-02-20T12:31:18.604+0000] {local_task_job_runner.py:120} INFO - ::group::Pre task execution logs
[2026-02-20T12:31:18.626+0000] {taskinstance.py:2076} INFO - Dependencies all met for dep_context=non-requeueable deps ti=<TaskInstance: load_cb_courses.extract_cbr scheduled__2025-07-27T00:00:00+00:00 [queued]>
[2026-02-20T12:31:18.643+0000] {taskinstance.py:2076} INFO - Dependencies all met for dep_context=requeueable deps ti=<TaskInstance: load_cb_courses.extract_cbr scheduled__2025-07-27T00:00:00+00:00 [queued]>
[2026-02-20T12:31:18.644+0000] {taskinstance.py:2306} INFO - Starting attempt 1 of 1
[2026-02-20T12:31:18.664+0000] {taskinstance.py:2330} INFO - Executing <Task(PythonOperator): extract_cbr> on 2025-07-27 00:00:00+00:00
[2026-02-20T12:31:18.688+0000] {logging_mixin.py:188} WARNING - /home/***/.local/lib/python3.12/site-packages/***/task/task_runner/standard_task_runner.py:62 DeprecationWarning: This process (pid=7178) is multi-threaded, use of fork() may lead to deadlocks in the child.
[2026-02-20T12:31:18.693+0000] {standard_task_runner.py:64} INFO - Started process 7182 to run task
[2026-02-20T12:31:18.694+0000] {standard_task_runner.py:90} INFO - Running: ['***', 'tasks', 'run', 'load_cb_courses', 'extract_cbr', 'scheduled__2025-07-27T00:00:00+00:00', '--job-id', '416', '--raw', '--subdir', 'DAGS_FOLDER/api_cb.py', '--cfg-path', '/tmp/tmp19drp4l2']
[2026-02-20T12:31:18.702+0000] {standard_task_runner.py:91} INFO - Job 416: Subtask extract_cbr
[2026-02-20T12:31:18.794+0000] {task_command.py:426} INFO - Running <TaskInstance: load_cb_courses.extract_cbr scheduled__2025-07-27T00:00:00+00:00 [running]> on host 78aa58ce5a8d
[2026-02-20T12:31:18.931+0000] {taskinstance.py:2648} INFO - Exporting env vars: AIRFLOW_CTX_DAG_OWNER='Umar Mazoriev' AIRFLOW_CTX_DAG_ID='load_cb_courses' AIRFLOW_CTX_TASK_ID='extract_cbr' AIRFLOW_CTX_EXECUTION_DATE='2025-07-27T00:00:00+00:00' AIRFLOW_CTX_TRY_NUMBER='1' AIRFLOW_CTX_DAG_RUN_ID='scheduled__2025-07-27T00:00:00+00:00'
[2026-02-20T12:31:18.933+0000] {taskinstance.py:430} INFO - ::endgroup::
[2026-02-20T12:31:19.082+0000] {base.py:84} INFO - Using connection ID 'minio_conn_id' for task execution.
[2026-02-20T12:31:19.084+0000] {connection_wrapper.py:384} INFO - AWS Connection (conn_id='minio_conn_id', conn_type='aws') credentials retrieved from login and password.
[2026-02-20T12:31:16.766+0000] {python.py:237} INFO - Done. Returned value was: raw/cbr/rates_2025-07-27.csv
[2026-02-20T12:31:16.767+0000] {taskinstance.py:441} INFO - ::group::Post task execution logs
[2026-02-20T12:31:16.797+0000] {taskinstance.py:1206} INFO - Marking task as SUCCESS. dag_id=load_cb_courses, task_id=extract_cbr, run_id=scheduled__2025-07-27T00:00:00+00:00, execution_date=20250727T000000, start_date=20260220T123118, end_date=20260220T123116
[2026-02-20T12:31:16.840+0000] {local_task_job_runner.py:243} INFO - Task exited with return code 0
[2026-02-20T12:31:16.865+0000] {taskinstance.py:3503} INFO - 1 downstream tasks scheduled from follow-on schedule check
[2026-02-20T12:31:16.870+0000] {local_task_job_runner.py:222} INFO - ::endgroup::
