[2026-02-26T12:05:08.866+0000] {local_task_job_runner.py:120} INFO - ::group::Pre task execution logs
[2026-02-26T12:05:08.887+0000] {taskinstance.py:2076} INFO - Dependencies all met for dep_context=non-requeueable deps ti=<TaskInstance: oltp_s3_dwh.upload_postgre_to_s3_dict_regions scheduled__2025-02-01T00:00:00+00:00 [queued]>
[2026-02-26T12:05:08.897+0000] {taskinstance.py:2076} INFO - Dependencies all met for dep_context=requeueable deps ti=<TaskInstance: oltp_s3_dwh.upload_postgre_to_s3_dict_regions scheduled__2025-02-01T00:00:00+00:00 [queued]>
[2026-02-26T12:05:08.898+0000] {taskinstance.py:2306} INFO - Starting attempt 1 of 1
[2026-02-26T12:05:08.923+0000] {taskinstance.py:2330} INFO - Executing <Task(PythonOperator): upload_postgre_to_s3_dict_regions> on 2025-02-01 00:00:00+00:00
[2026-02-26T12:05:08.937+0000] {logging_mixin.py:188} WARNING - /home/***/.local/lib/python3.12/site-packages/***/task/task_runner/standard_task_runner.py:62 DeprecationWarning: This process (pid=4233) is multi-threaded, use of fork() may lead to deadlocks in the child.
[2026-02-26T12:05:08.941+0000] {standard_task_runner.py:64} INFO - Started process 4244 to run task
[2026-02-26T12:05:08.942+0000] {standard_task_runner.py:90} INFO - Running: ['***', 'tasks', 'run', 'oltp_s3_dwh', 'upload_postgre_to_s3_dict_regions', 'scheduled__2025-02-01T00:00:00+00:00', '--job-id', '984', '--raw', '--subdir', 'DAGS_FOLDER/oltp_s3_dwh_dict.py', '--cfg-path', '/tmp/tmpqdtc_igb']
[2026-02-26T12:05:08.948+0000] {standard_task_runner.py:91} INFO - Job 984: Subtask upload_postgre_to_s3_dict_regions
[2026-02-26T12:05:09.046+0000] {task_command.py:426} INFO - Running <TaskInstance: oltp_s3_dwh.upload_postgre_to_s3_dict_regions scheduled__2025-02-01T00:00:00+00:00 [running]> on host 31b45edbecf3
[2026-02-26T12:05:09.199+0000] {taskinstance.py:2648} INFO - Exporting env vars: AIRFLOW_CTX_DAG_OWNER='***' AIRFLOW_CTX_DAG_ID='oltp_s3_dwh' AIRFLOW_CTX_TASK_ID='upload_postgre_to_s3_dict_regions' AIRFLOW_CTX_EXECUTION_DATE='2025-02-01T00:00:00+00:00' AIRFLOW_CTX_TRY_NUMBER='1' AIRFLOW_CTX_DAG_RUN_ID='scheduled__2025-02-01T00:00:00+00:00'
[2026-02-26T12:05:09.201+0000] {taskinstance.py:430} INFO - ::endgroup::
[2026-02-26T12:05:09.244+0000] {base.py:84} INFO - Using connection ID 'postgres_oltp' for task execution.
[2026-02-26T12:05:09.255+0000] {logging_mixin.py:188} WARNING - /home/***/.local/lib/python3.12/site-packages/***/providers/common/sql/hooks/sql.py:269 UserWarning: pandas only supports SQLAlchemy connectable (engine/connection) or database string URI or sqlite3 DBAPI2 connection. Other DBAPI2 objects are not tested. Please consider using SQLAlchemy.
[2026-02-26T12:05:09.302+0000] {base.py:84} INFO - Using connection ID 'minio_conn_id' for task execution.
[2026-02-26T12:05:09.308+0000] {connection_wrapper.py:384} INFO - AWS Connection (conn_id='minio_conn_id', conn_type='aws') credentials retrieved from login and ***.
[2026-02-26T12:05:09.664+0000] {python.py:237} INFO - Done. Returned value was: None
[2026-02-26T12:05:09.665+0000] {taskinstance.py:441} INFO - ::group::Post task execution logs
[2026-02-26T12:05:09.677+0000] {taskinstance.py:1206} INFO - Marking task as SUCCESS. dag_id=oltp_s3_dwh, task_id=upload_postgre_to_s3_dict_regions, run_id=scheduled__2025-02-01T00:00:00+00:00, execution_date=20250201T000000, start_date=20260226T120508, end_date=20260226T120509
[2026-02-26T12:05:09.735+0000] {local_task_job_runner.py:243} INFO - Task exited with return code 0
[2026-02-26T12:05:09.755+0000] {taskinstance.py:3503} INFO - 0 downstream tasks scheduled from follow-on schedule check
[2026-02-26T12:05:09.760+0000] {local_task_job_runner.py:222} INFO - ::endgroup::
[2026-02-27T18:59:53.330+0000] {local_task_job_runner.py:120} INFO - ::group::Pre task execution logs
[2026-02-27T18:59:53.362+0000] {taskinstance.py:2076} INFO - Dependencies all met for dep_context=non-requeueable deps ti=<TaskInstance: oltp_s3_dwh.upload_postgre_to_s3_dict_regions scheduled__2025-02-01T00:00:00+00:00 [queued]>
[2026-02-27T18:59:53.384+0000] {taskinstance.py:2076} INFO - Dependencies all met for dep_context=requeueable deps ti=<TaskInstance: oltp_s3_dwh.upload_postgre_to_s3_dict_regions scheduled__2025-02-01T00:00:00+00:00 [queued]>
[2026-02-27T18:59:53.387+0000] {taskinstance.py:2306} INFO - Starting attempt 1 of 1
[2026-02-27T18:59:53.443+0000] {taskinstance.py:2330} INFO - Executing <Task(PythonOperator): upload_postgre_to_s3_dict_regions> on 2025-02-01 00:00:00+00:00
[2026-02-27T18:59:53.467+0000] {standard_task_runner.py:90} INFO - Running: ['***', 'tasks', 'run', 'oltp_s3_dwh', 'upload_postgre_to_s3_dict_regions', 'scheduled__2025-02-01T00:00:00+00:00', '--job-id', '1540', '--raw', '--subdir', 'DAGS_FOLDER/oltp_s3_dwh.py', '--cfg-path', '/tmp/tmpvlik7xf4']
[2026-02-27T18:59:53.478+0000] {standard_task_runner.py:91} INFO - Job 1540: Subtask upload_postgre_to_s3_dict_regions
[2026-02-27T18:59:53.467+0000] {logging_mixin.py:188} WARNING - /home/***/.local/lib/python3.12/site-packages/***/task/task_runner/standard_task_runner.py:62 DeprecationWarning: This process (pid=32021) is multi-threaded, use of fork() may lead to deadlocks in the child.
[2026-02-27T18:59:53.484+0000] {standard_task_runner.py:64} INFO - Started process 32037 to run task
[2026-02-27T18:59:53.650+0000] {task_command.py:426} INFO - Running <TaskInstance: oltp_s3_dwh.upload_postgre_to_s3_dict_regions scheduled__2025-02-01T00:00:00+00:00 [running]> on host 31b45edbecf3
[2026-02-27T18:59:53.915+0000] {taskinstance.py:2648} INFO - Exporting env vars: AIRFLOW_CTX_DAG_OWNER='***' AIRFLOW_CTX_DAG_ID='oltp_s3_dwh' AIRFLOW_CTX_TASK_ID='upload_postgre_to_s3_dict_regions' AIRFLOW_CTX_EXECUTION_DATE='2025-02-01T00:00:00+00:00' AIRFLOW_CTX_TRY_NUMBER='1' AIRFLOW_CTX_DAG_RUN_ID='scheduled__2025-02-01T00:00:00+00:00'
[2026-02-27T18:59:53.917+0000] {taskinstance.py:430} INFO - ::endgroup::
[2026-02-27T18:59:53.979+0000] {base.py:84} INFO - Using connection ID 'postgres_oltp' for task execution.
[2026-02-27T18:59:54.020+0000] {logging_mixin.py:188} WARNING - /home/***/.local/lib/python3.12/site-packages/***/providers/common/sql/hooks/sql.py:269 UserWarning: pandas only supports SQLAlchemy connectable (engine/connection) or database string URI or sqlite3 DBAPI2 connection. Other DBAPI2 objects are not tested. Please consider using SQLAlchemy.
[2026-02-27T18:59:54.147+0000] {base.py:84} INFO - Using connection ID 'minio_conn_id' for task execution.
[2026-02-27T18:59:54.154+0000] {connection_wrapper.py:384} INFO - AWS Connection (conn_id='minio_conn_id', conn_type='aws') credentials retrieved from login and ***.
[2026-02-27T18:59:55.266+0000] {python.py:237} INFO - Done. Returned value was: None
[2026-02-27T18:59:55.267+0000] {taskinstance.py:441} INFO - ::group::Post task execution logs
[2026-02-27T18:59:55.295+0000] {taskinstance.py:1206} INFO - Marking task as SUCCESS. dag_id=oltp_s3_dwh, task_id=upload_postgre_to_s3_dict_regions, run_id=scheduled__2025-02-01T00:00:00+00:00, execution_date=20250201T000000, start_date=20260227T185953, end_date=20260227T185955
[2026-02-27T18:59:55.354+0000] {local_task_job_runner.py:243} INFO - Task exited with return code 0
[2026-02-27T18:59:55.375+0000] {local_task_job_runner.py:222} INFO - ::endgroup::
