[2026-02-26T12:06:44.252+0000] {local_task_job_runner.py:120} INFO - ::group::Pre task execution logs
[2026-02-26T12:06:44.313+0000] {taskinstance.py:2076} INFO - Dependencies all met for dep_context=non-requeueable deps ti=<TaskInstance: oltp_s3_dwh.upload_postgre_to_s3_dict_regions scheduled__2025-02-01T00:00:00+00:00 [queued]>
[2026-02-26T12:06:44.425+0000] {taskinstance.py:2076} INFO - Dependencies all met for dep_context=requeueable deps ti=<TaskInstance: oltp_s3_dwh.upload_postgre_to_s3_dict_regions scheduled__2025-02-01T00:00:00+00:00 [queued]>
[2026-02-26T12:06:44.435+0000] {taskinstance.py:2306} INFO - Starting attempt 2 of 2
[2026-02-26T12:06:44.545+0000] {taskinstance.py:2330} INFO - Executing <Task(PythonOperator): upload_postgre_to_s3_dict_regions> on 2025-02-01 00:00:00+00:00
[2026-02-26T12:06:44.626+0000] {logging_mixin.py:188} WARNING - /home/***/.local/lib/python3.12/site-packages/***/task/task_runner/standard_task_runner.py:62 DeprecationWarning: This process (pid=4349) is multi-threaded, use of fork() may lead to deadlocks in the child.
[2026-02-26T12:06:44.663+0000] {standard_task_runner.py:64} INFO - Started process 4376 to run task
[2026-02-26T12:06:44.651+0000] {standard_task_runner.py:90} INFO - Running: ['***', 'tasks', 'run', 'oltp_s3_dwh', 'upload_postgre_to_s3_dict_regions', 'scheduled__2025-02-01T00:00:00+00:00', '--job-id', '987', '--raw', '--subdir', 'DAGS_FOLDER/oltp_s3_dwh_dict.py', '--cfg-path', '/tmp/tmpwthejvgs']
[2026-02-26T12:06:44.671+0000] {standard_task_runner.py:91} INFO - Job 987: Subtask upload_postgre_to_s3_dict_regions
[2026-02-26T12:06:45.068+0000] {task_command.py:426} INFO - Running <TaskInstance: oltp_s3_dwh.upload_postgre_to_s3_dict_regions scheduled__2025-02-01T00:00:00+00:00 [running]> on host 31b45edbecf3
[2026-02-26T12:06:45.594+0000] {taskinstance.py:2648} INFO - Exporting env vars: AIRFLOW_CTX_DAG_OWNER='***' AIRFLOW_CTX_DAG_ID='oltp_s3_dwh' AIRFLOW_CTX_TASK_ID='upload_postgre_to_s3_dict_regions' AIRFLOW_CTX_EXECUTION_DATE='2025-02-01T00:00:00+00:00' AIRFLOW_CTX_TRY_NUMBER='2' AIRFLOW_CTX_DAG_RUN_ID='scheduled__2025-02-01T00:00:00+00:00'
[2026-02-26T12:06:45.600+0000] {taskinstance.py:430} INFO - ::endgroup::
[2026-02-26T12:06:45.823+0000] {base.py:84} INFO - Using connection ID 'postgres_oltp' for task execution.
[2026-02-26T12:06:45.946+0000] {logging_mixin.py:188} WARNING - /home/***/.local/lib/python3.12/site-packages/***/providers/common/sql/hooks/sql.py:269 UserWarning: pandas only supports SQLAlchemy connectable (engine/connection) or database string URI or sqlite3 DBAPI2 connection. Other DBAPI2 objects are not tested. Please consider using SQLAlchemy.
[2026-02-26T12:06:46.295+0000] {base.py:84} INFO - Using connection ID 'minio_conn_id' for task execution.
[2026-02-26T12:06:46.310+0000] {connection_wrapper.py:384} INFO - AWS Connection (conn_id='minio_conn_id', conn_type='aws') credentials retrieved from login and ***.
[2026-02-26T12:06:48.698+0000] {python.py:237} INFO - Done. Returned value was: None
[2026-02-26T12:06:48.699+0000] {taskinstance.py:441} INFO - ::group::Post task execution logs
[2026-02-26T12:06:48.710+0000] {taskinstance.py:1206} INFO - Marking task as SUCCESS. dag_id=oltp_s3_dwh, task_id=upload_postgre_to_s3_dict_regions, run_id=scheduled__2025-02-01T00:00:00+00:00, execution_date=20250201T000000, start_date=20260226T120644, end_date=20260226T120648
[2026-02-26T12:06:48.768+0000] {local_task_job_runner.py:243} INFO - Task exited with return code 0
[2026-02-26T12:06:48.801+0000] {taskinstance.py:3503} INFO - 0 downstream tasks scheduled from follow-on schedule check
[2026-02-26T12:06:48.806+0000] {local_task_job_runner.py:222} INFO - ::endgroup::
[2026-02-28T10:00:56.903+0000] {local_task_job_runner.py:120} INFO - ::group::Pre task execution logs
[2026-02-28T10:00:56.938+0000] {taskinstance.py:2076} INFO - Dependencies all met for dep_context=non-requeueable deps ti=<TaskInstance: oltp_s3_dwh.upload_postgre_to_s3_dict_regions scheduled__2025-02-01T00:00:00+00:00 [queued]>
[2026-02-28T10:00:56.971+0000] {taskinstance.py:2076} INFO - Dependencies all met for dep_context=requeueable deps ti=<TaskInstance: oltp_s3_dwh.upload_postgre_to_s3_dict_regions scheduled__2025-02-01T00:00:00+00:00 [queued]>
[2026-02-28T10:00:56.974+0000] {taskinstance.py:2306} INFO - Starting attempt 2 of 2
[2026-02-28T10:00:57.014+0000] {taskinstance.py:2330} INFO - Executing <Task(PythonOperator): upload_postgre_to_s3_dict_regions> on 2025-02-01 00:00:00+00:00
[2026-02-28T10:00:57.031+0000] {standard_task_runner.py:90} INFO - Running: ['***', 'tasks', 'run', 'oltp_s3_dwh', 'upload_postgre_to_s3_dict_regions', 'scheduled__2025-02-01T00:00:00+00:00', '--job-id', '1959', '--raw', '--subdir', 'DAGS_FOLDER/oltp_s3_dwh.py', '--cfg-path', '/tmp/tmpt1vr3azw']
[2026-02-28T10:00:57.040+0000] {standard_task_runner.py:91} INFO - Job 1959: Subtask upload_postgre_to_s3_dict_regions
[2026-02-28T10:00:57.039+0000] {logging_mixin.py:188} WARNING - /home/***/.local/lib/python3.12/site-packages/***/task/task_runner/standard_task_runner.py:62 DeprecationWarning: This process (pid=1812) is multi-threaded, use of fork() may lead to deadlocks in the child.
[2026-02-28T10:00:57.054+0000] {standard_task_runner.py:64} INFO - Started process 1834 to run task
[2026-02-28T10:00:57.242+0000] {task_command.py:426} INFO - Running <TaskInstance: oltp_s3_dwh.upload_postgre_to_s3_dict_regions scheduled__2025-02-01T00:00:00+00:00 [running]> on host 31b45edbecf3
[2026-02-28T10:00:57.495+0000] {taskinstance.py:2648} INFO - Exporting env vars: AIRFLOW_CTX_DAG_OWNER='***' AIRFLOW_CTX_DAG_ID='oltp_s3_dwh' AIRFLOW_CTX_TASK_ID='upload_postgre_to_s3_dict_regions' AIRFLOW_CTX_EXECUTION_DATE='2025-02-01T00:00:00+00:00' AIRFLOW_CTX_TRY_NUMBER='2' AIRFLOW_CTX_DAG_RUN_ID='scheduled__2025-02-01T00:00:00+00:00'
[2026-02-28T10:00:57.498+0000] {taskinstance.py:430} INFO - ::endgroup::
[2026-02-28T10:00:57.566+0000] {base.py:84} INFO - Using connection ID 'postgres_oltp' for task execution.
[2026-02-28T10:00:57.591+0000] {logging_mixin.py:188} WARNING - /home/***/.local/lib/python3.12/site-packages/***/providers/common/sql/hooks/sql.py:269 UserWarning: pandas only supports SQLAlchemy connectable (engine/connection) or database string URI or sqlite3 DBAPI2 connection. Other DBAPI2 objects are not tested. Please consider using SQLAlchemy.
[2026-02-28T10:00:57.671+0000] {base.py:84} INFO - Using connection ID 'minio_conn_id' for task execution.
[2026-02-28T10:00:57.672+0000] {connection_wrapper.py:384} INFO - AWS Connection (conn_id='minio_conn_id', conn_type='aws') credentials retrieved from login and ***.
[2026-02-28T10:00:58.048+0000] {python.py:237} INFO - Done. Returned value was: None
[2026-02-28T10:00:58.049+0000] {taskinstance.py:441} INFO - ::group::Post task execution logs
[2026-02-28T10:00:58.059+0000] {taskinstance.py:1206} INFO - Marking task as SUCCESS. dag_id=oltp_s3_dwh, task_id=upload_postgre_to_s3_dict_regions, run_id=scheduled__2025-02-01T00:00:00+00:00, execution_date=20250201T000000, start_date=20260228T100056, end_date=20260228T100058
[2026-02-28T10:00:58.095+0000] {local_task_job_runner.py:243} INFO - Task exited with return code 0
[2026-02-28T10:00:58.120+0000] {taskinstance.py:3503} INFO - 1 downstream tasks scheduled from follow-on schedule check
[2026-02-28T10:00:58.123+0000] {local_task_job_runner.py:222} INFO - ::endgroup::
