[2026-02-27T10:18:51.422+0000] {local_task_job_runner.py:120} INFO - ::group::Pre task execution logs
[2026-02-27T10:18:51.475+0000] {taskinstance.py:2076} INFO - Dependencies all met for dep_context=non-requeueable deps ti=<TaskInstance: staging_to_core.wait_for_transactions scheduled__2025-01-01T00:00:00+00:00 [queued]>
[2026-02-27T10:18:51.492+0000] {taskinstance.py:2076} INFO - Dependencies all met for dep_context=requeueable deps ti=<TaskInstance: staging_to_core.wait_for_transactions scheduled__2025-01-01T00:00:00+00:00 [queued]>
[2026-02-27T10:18:51.493+0000] {taskinstance.py:2306} INFO - Starting attempt 1 of 1
[2026-02-27T10:18:51.524+0000] {taskinstance.py:2330} INFO - Executing <Task(ExternalTaskSensor): wait_for_transactions> on 2025-01-01 00:00:00+00:00
[2026-02-27T10:18:51.566+0000] {standard_task_runner.py:90} INFO - Running: ['***', 'tasks', 'run', 'staging_to_core', 'wait_for_transactions', 'scheduled__2025-01-01T00:00:00+00:00', '--job-id', '1296', '--raw', '--subdir', 'DAGS_FOLDER/staging_to_core.py', '--cfg-path', '/tmp/tmpo9f0tjbl']
[2026-02-27T10:18:51.581+0000] {logging_mixin.py:188} WARNING - /home/***/.local/lib/python3.12/site-packages/***/task/task_runner/standard_task_runner.py:62 DeprecationWarning: This process (pid=8318) is multi-threaded, use of fork() may lead to deadlocks in the child.
[2026-02-27T10:18:51.594+0000] {standard_task_runner.py:91} INFO - Job 1296: Subtask wait_for_transactions
[2026-02-27T10:18:51.595+0000] {standard_task_runner.py:64} INFO - Started process 8319 to run task
[2026-02-27T10:18:51.791+0000] {task_command.py:426} INFO - Running <TaskInstance: staging_to_core.wait_for_transactions scheduled__2025-01-01T00:00:00+00:00 [running]> on host 31b45edbecf3
[2026-02-27T10:18:51.951+0000] {taskinstance.py:2648} INFO - Exporting env vars: AIRFLOW_CTX_DAG_OWNER='***' AIRFLOW_CTX_DAG_ID='staging_to_core' AIRFLOW_CTX_TASK_ID='wait_for_transactions' AIRFLOW_CTX_EXECUTION_DATE='2025-01-01T00:00:00+00:00' AIRFLOW_CTX_TRY_NUMBER='1' AIRFLOW_CTX_DAG_RUN_ID='scheduled__2025-01-01T00:00:00+00:00'
[2026-02-27T10:18:51.954+0000] {taskinstance.py:430} INFO - ::endgroup::
[2026-02-27T10:18:51.980+0000] {baseoperator.py:400} WARNING - ExternalTaskSensor.execute cannot be called outside TaskInstance!
[2026-02-27T10:18:51.996+0000] {external_task.py:258} INFO - Poking for tasks ['upload_s3_to_dwh_transactions'] in dag oltp_s3_dwh on 2025-01-01T00:00:00+00:00 ... 
[2026-02-27T10:18:52.004+0000] {logging_mixin.py:188} WARNING - /home/***/.local/lib/python3.12/site-packages/***/utils/session.py:79 DeprecationWarning: This method is deprecated and will be removed in future.
[2026-02-27T10:18:52.022+0000] {base.py:294} INFO - Success criteria met. Exiting.
[2026-02-27T10:18:52.023+0000] {taskinstance.py:441} INFO - ::group::Post task execution logs
[2026-02-27T10:18:52.042+0000] {taskinstance.py:1206} INFO - Marking task as SUCCESS. dag_id=staging_to_core, task_id=wait_for_transactions, run_id=scheduled__2025-01-01T00:00:00+00:00, execution_date=20250101T000000, start_date=20260227T101851, end_date=20260227T101852
[2026-02-27T10:18:52.071+0000] {local_task_job_runner.py:243} INFO - Task exited with return code 0
[2026-02-27T10:18:52.092+0000] {logging_mixin.py:188} WARNING - /home/***/.local/lib/python3.12/site-packages/***/models/baseoperator.py:1297 AirflowProviderDeprecationWarning: Call to deprecated class PostgresOperator. (Please use `***.providers.common.sql.operators.sql.SQLExecuteQueryOperator`.Also, you can provide `hook_params={'schema': <database>}`.)
[2026-02-27T10:18:52.129+0000] {taskinstance.py:3503} INFO - 1 downstream tasks scheduled from follow-on schedule check
[2026-02-27T10:18:52.133+0000] {local_task_job_runner.py:222} INFO - ::endgroup::
[2026-02-27T19:00:52.683+0000] {local_task_job_runner.py:120} INFO - ::group::Pre task execution logs
[2026-02-27T19:00:52.872+0000] {taskinstance.py:2076} INFO - Dependencies all met for dep_context=non-requeueable deps ti=<TaskInstance: staging_to_core.wait_for_transactions scheduled__2025-01-01T00:00:00+00:00 [queued]>
[2026-02-27T19:00:52.964+0000] {taskinstance.py:2076} INFO - Dependencies all met for dep_context=requeueable deps ti=<TaskInstance: staging_to_core.wait_for_transactions scheduled__2025-01-01T00:00:00+00:00 [queued]>
[2026-02-27T19:00:52.965+0000] {taskinstance.py:2306} INFO - Starting attempt 1 of 1
[2026-02-27T19:00:53.043+0000] {taskinstance.py:2330} INFO - Executing <Task(ExternalTaskSensor): wait_for_transactions> on 2025-01-01 00:00:00+00:00
[2026-02-27T19:00:53.059+0000] {standard_task_runner.py:90} INFO - Running: ['***', 'tasks', 'run', 'staging_to_core', 'wait_for_transactions', 'scheduled__2025-01-01T00:00:00+00:00', '--job-id', '1627', '--raw', '--subdir', 'DAGS_FOLDER/staging_to_core.py', '--cfg-path', '/tmp/tmpgd0otqjs']
[2026-02-27T19:00:53.074+0000] {standard_task_runner.py:91} INFO - Job 1627: Subtask wait_for_transactions
[2026-02-27T19:00:53.079+0000] {logging_mixin.py:188} WARNING - /home/***/.local/lib/python3.12/site-packages/***/task/task_runner/standard_task_runner.py:62 DeprecationWarning: This process (pid=32508) is multi-threaded, use of fork() may lead to deadlocks in the child.
[2026-02-27T19:00:53.080+0000] {standard_task_runner.py:64} INFO - Started process 32522 to run task
[2026-02-27T19:00:53.254+0000] {task_command.py:426} INFO - Running <TaskInstance: staging_to_core.wait_for_transactions scheduled__2025-01-01T00:00:00+00:00 [running]> on host 31b45edbecf3
[2026-02-27T19:00:53.524+0000] {taskinstance.py:2648} INFO - Exporting env vars: AIRFLOW_CTX_DAG_OWNER='***' AIRFLOW_CTX_DAG_ID='staging_to_core' AIRFLOW_CTX_TASK_ID='wait_for_transactions' AIRFLOW_CTX_EXECUTION_DATE='2025-01-01T00:00:00+00:00' AIRFLOW_CTX_TRY_NUMBER='1' AIRFLOW_CTX_DAG_RUN_ID='scheduled__2025-01-01T00:00:00+00:00'
[2026-02-27T19:00:53.527+0000] {taskinstance.py:430} INFO - ::endgroup::
[2026-02-27T19:00:53.616+0000] {baseoperator.py:400} WARNING - ExternalTaskSensor.execute cannot be called outside TaskInstance!
[2026-02-27T19:00:53.663+0000] {external_task.py:258} INFO - Poking for tasks ['upload_s3_to_dwh_transactions'] in dag oltp_s3_dwh on 2025-01-01T00:00:00+00:00 ... 
[2026-02-27T19:00:53.666+0000] {logging_mixin.py:188} WARNING - /home/***/.local/lib/python3.12/site-packages/***/utils/session.py:79 DeprecationWarning: This method is deprecated and will be removed in future.
[2026-02-27T19:00:53.713+0000] {base.py:294} INFO - Success criteria met. Exiting.
[2026-02-27T19:00:53.714+0000] {taskinstance.py:441} INFO - ::group::Post task execution logs
[2026-02-27T19:00:53.753+0000] {taskinstance.py:1206} INFO - Marking task as SUCCESS. dag_id=staging_to_core, task_id=wait_for_transactions, run_id=scheduled__2025-01-01T00:00:00+00:00, execution_date=20250101T000000, start_date=20260227T190052, end_date=20260227T190053
[2026-02-27T19:00:53.826+0000] {local_task_job_runner.py:243} INFO - Task exited with return code 0
[2026-02-27T19:00:53.848+0000] {logging_mixin.py:188} WARNING - /home/***/.local/lib/python3.12/site-packages/***/models/baseoperator.py:1297 AirflowProviderDeprecationWarning: Call to deprecated class PostgresOperator. (Please use `***.providers.common.sql.operators.sql.SQLExecuteQueryOperator`.Also, you can provide `hook_params={'schema': <database>}`.)
[2026-02-27T19:00:53.976+0000] {taskinstance.py:3503} INFO - 1 downstream tasks scheduled from follow-on schedule check
[2026-02-27T19:00:53.988+0000] {local_task_job_runner.py:222} INFO - ::endgroup::
