[2026-02-27T10:30:05.562+0000] {local_task_job_runner.py:120} INFO - ::group::Pre task execution logs
[2026-02-27T10:30:05.602+0000] {taskinstance.py:2076} INFO - Dependencies all met for dep_context=non-requeueable deps ti=<TaskInstance: staging_to_core.wait_for_dict_merchants scheduled__2025-03-01T00:00:00+00:00 [queued]>
[2026-02-27T10:30:05.612+0000] {taskinstance.py:2076} INFO - Dependencies all met for dep_context=requeueable deps ti=<TaskInstance: staging_to_core.wait_for_dict_merchants scheduled__2025-03-01T00:00:00+00:00 [queued]>
[2026-02-27T10:30:05.613+0000] {taskinstance.py:2306} INFO - Starting attempt 1 of 1
[2026-02-27T10:30:05.629+0000] {taskinstance.py:2330} INFO - Executing <Task(ExternalTaskSensor): wait_for_dict_merchants> on 2025-03-01 00:00:00+00:00
[2026-02-27T10:30:05.639+0000] {logging_mixin.py:188} WARNING - /home/***/.local/lib/python3.12/site-packages/***/task/task_runner/standard_task_runner.py:62 DeprecationWarning: This process (pid=9145) is multi-threaded, use of fork() may lead to deadlocks in the child.
[2026-02-27T10:30:05.637+0000] {standard_task_runner.py:90} INFO - Running: ['***', 'tasks', 'run', 'staging_to_core', 'wait_for_dict_merchants', 'scheduled__2025-03-01T00:00:00+00:00', '--job-id', '1331', '--raw', '--subdir', 'DAGS_FOLDER/staging_to_core.py', '--cfg-path', '/tmp/tmpiqdedo3s']
[2026-02-27T10:30:05.640+0000] {standard_task_runner.py:64} INFO - Started process 9146 to run task
[2026-02-27T10:30:05.640+0000] {standard_task_runner.py:91} INFO - Job 1331: Subtask wait_for_dict_merchants
[2026-02-27T10:30:05.699+0000] {task_command.py:426} INFO - Running <TaskInstance: staging_to_core.wait_for_dict_merchants scheduled__2025-03-01T00:00:00+00:00 [running]> on host 31b45edbecf3
[2026-02-27T10:30:05.806+0000] {taskinstance.py:2648} INFO - Exporting env vars: AIRFLOW_CTX_DAG_OWNER='***' AIRFLOW_CTX_DAG_ID='staging_to_core' AIRFLOW_CTX_TASK_ID='wait_for_dict_merchants' AIRFLOW_CTX_EXECUTION_DATE='2025-03-01T00:00:00+00:00' AIRFLOW_CTX_TRY_NUMBER='1' AIRFLOW_CTX_DAG_RUN_ID='scheduled__2025-03-01T00:00:00+00:00'
[2026-02-27T10:30:05.807+0000] {taskinstance.py:430} INFO - ::endgroup::
[2026-02-27T10:30:05.824+0000] {baseoperator.py:400} WARNING - ExternalTaskSensor.execute cannot be called outside TaskInstance!
[2026-02-27T10:30:05.835+0000] {external_task.py:258} INFO - Poking for tasks ['upload_s3_to_dwh_dict_merchants'] in dag oltp_s3_dwh on 2025-03-01T00:00:00+00:00 ... 
[2026-02-27T10:30:05.837+0000] {logging_mixin.py:188} WARNING - /home/***/.local/lib/python3.12/site-packages/***/utils/session.py:79 DeprecationWarning: This method is deprecated and will be removed in future.
[2026-02-27T10:30:05.849+0000] {base.py:294} INFO - Success criteria met. Exiting.
[2026-02-27T10:30:05.850+0000] {taskinstance.py:441} INFO - ::group::Post task execution logs
[2026-02-27T10:30:05.861+0000] {taskinstance.py:1206} INFO - Marking task as SUCCESS. dag_id=staging_to_core, task_id=wait_for_dict_merchants, run_id=scheduled__2025-03-01T00:00:00+00:00, execution_date=20250301T000000, start_date=20260227T103005, end_date=20260227T103005
[2026-02-27T10:30:05.898+0000] {local_task_job_runner.py:243} INFO - Task exited with return code 0
[2026-02-27T10:30:05.916+0000] {logging_mixin.py:188} WARNING - /home/***/.local/lib/python3.12/site-packages/***/models/baseoperator.py:1297 AirflowProviderDeprecationWarning: Call to deprecated class PostgresOperator. (Please use `***.providers.common.sql.operators.sql.SQLExecuteQueryOperator`.Also, you can provide `hook_params={'schema': <database>}`.)
[2026-02-27T10:30:05.957+0000] {taskinstance.py:3503} INFO - 1 downstream tasks scheduled from follow-on schedule check
[2026-02-27T10:30:05.961+0000] {local_task_job_runner.py:222} INFO - ::endgroup::
[2026-02-27T19:01:42.313+0000] {local_task_job_runner.py:120} INFO - ::group::Pre task execution logs
[2026-02-27T19:01:42.434+0000] {taskinstance.py:2076} INFO - Dependencies all met for dep_context=non-requeueable deps ti=<TaskInstance: staging_to_core.wait_for_dict_merchants scheduled__2025-03-01T00:00:00+00:00 [queued]>
[2026-02-27T19:01:42.475+0000] {taskinstance.py:2076} INFO - Dependencies all met for dep_context=requeueable deps ti=<TaskInstance: staging_to_core.wait_for_dict_merchants scheduled__2025-03-01T00:00:00+00:00 [queued]>
[2026-02-27T19:01:42.477+0000] {taskinstance.py:2306} INFO - Starting attempt 1 of 1
[2026-02-27T19:01:42.543+0000] {taskinstance.py:2330} INFO - Executing <Task(ExternalTaskSensor): wait_for_dict_merchants> on 2025-03-01 00:00:00+00:00
[2026-02-27T19:01:42.559+0000] {logging_mixin.py:188} WARNING - /home/***/.local/lib/python3.12/site-packages/***/task/task_runner/standard_task_runner.py:62 DeprecationWarning: This process (pid=32952) is multi-threaded, use of fork() may lead to deadlocks in the child.
[2026-02-27T19:01:42.561+0000] {standard_task_runner.py:64} INFO - Started process 32957 to run task
[2026-02-27T19:01:42.584+0000] {standard_task_runner.py:90} INFO - Running: ['***', 'tasks', 'run', 'staging_to_core', 'wait_for_dict_merchants', 'scheduled__2025-03-01T00:00:00+00:00', '--job-id', '1723', '--raw', '--subdir', 'DAGS_FOLDER/staging_to_core.py', '--cfg-path', '/tmp/tmp0gy34xae']
[2026-02-27T19:01:42.603+0000] {standard_task_runner.py:91} INFO - Job 1723: Subtask wait_for_dict_merchants
[2026-02-27T19:01:42.800+0000] {task_command.py:426} INFO - Running <TaskInstance: staging_to_core.wait_for_dict_merchants scheduled__2025-03-01T00:00:00+00:00 [running]> on host 31b45edbecf3
[2026-02-27T19:01:43.004+0000] {taskinstance.py:2648} INFO - Exporting env vars: AIRFLOW_CTX_DAG_OWNER='***' AIRFLOW_CTX_DAG_ID='staging_to_core' AIRFLOW_CTX_TASK_ID='wait_for_dict_merchants' AIRFLOW_CTX_EXECUTION_DATE='2025-03-01T00:00:00+00:00' AIRFLOW_CTX_TRY_NUMBER='1' AIRFLOW_CTX_DAG_RUN_ID='scheduled__2025-03-01T00:00:00+00:00'
[2026-02-27T19:01:43.006+0000] {taskinstance.py:430} INFO - ::endgroup::
[2026-02-27T19:01:43.072+0000] {baseoperator.py:400} WARNING - ExternalTaskSensor.execute cannot be called outside TaskInstance!
[2026-02-27T19:01:43.085+0000] {external_task.py:258} INFO - Poking for tasks ['upload_s3_to_dwh_dict_merchants'] in dag oltp_s3_dwh on 2025-03-01T00:00:00+00:00 ... 
[2026-02-27T19:01:43.089+0000] {logging_mixin.py:188} WARNING - /home/***/.local/lib/python3.12/site-packages/***/utils/session.py:79 DeprecationWarning: This method is deprecated and will be removed in future.
[2026-02-27T19:01:43.133+0000] {base.py:294} INFO - Success criteria met. Exiting.
[2026-02-27T19:01:43.134+0000] {taskinstance.py:441} INFO - ::group::Post task execution logs
[2026-02-27T19:01:43.148+0000] {taskinstance.py:1206} INFO - Marking task as SUCCESS. dag_id=staging_to_core, task_id=wait_for_dict_merchants, run_id=scheduled__2025-03-01T00:00:00+00:00, execution_date=20250301T000000, start_date=20260227T190142, end_date=20260227T190143
[2026-02-27T19:01:43.267+0000] {local_task_job_runner.py:243} INFO - Task exited with return code 0
[2026-02-27T19:01:43.286+0000] {logging_mixin.py:188} WARNING - /home/***/.local/lib/python3.12/site-packages/***/models/baseoperator.py:1297 AirflowProviderDeprecationWarning: Call to deprecated class PostgresOperator. (Please use `***.providers.common.sql.operators.sql.SQLExecuteQueryOperator`.Also, you can provide `hook_params={'schema': <database>}`.)
[2026-02-27T19:01:43.334+0000] {taskinstance.py:3503} INFO - 1 downstream tasks scheduled from follow-on schedule check
[2026-02-27T19:01:43.345+0000] {local_task_job_runner.py:222} INFO - ::endgroup::
