[2026-02-27T10:30:46.076+0000] {local_task_job_runner.py:120} INFO - ::group::Pre task execution logs
[2026-02-27T10:30:46.114+0000] {taskinstance.py:2076} INFO - Dependencies all met for dep_context=non-requeueable deps ti=<TaskInstance: staging_to_core.wait_for_users scheduled__2025-05-01T00:00:00+00:00 [queued]>
[2026-02-27T10:30:46.131+0000] {taskinstance.py:2076} INFO - Dependencies all met for dep_context=requeueable deps ti=<TaskInstance: staging_to_core.wait_for_users scheduled__2025-05-01T00:00:00+00:00 [queued]>
[2026-02-27T10:30:46.133+0000] {taskinstance.py:2306} INFO - Starting attempt 1 of 1
[2026-02-27T10:30:46.158+0000] {taskinstance.py:2330} INFO - Executing <Task(ExternalTaskSensor): wait_for_users> on 2025-05-01 00:00:00+00:00
[2026-02-27T10:30:46.169+0000] {logging_mixin.py:188} WARNING - /home/***/.local/lib/python3.12/site-packages/***/task/task_runner/standard_task_runner.py:62 DeprecationWarning: This process (pid=9255) is multi-threaded, use of fork() may lead to deadlocks in the child.
[2026-02-27T10:30:46.172+0000] {standard_task_runner.py:64} INFO - Started process 9256 to run task
[2026-02-27T10:30:46.171+0000] {standard_task_runner.py:90} INFO - Running: ['***', 'tasks', 'run', 'staging_to_core', 'wait_for_users', 'scheduled__2025-05-01T00:00:00+00:00', '--job-id', '1365', '--raw', '--subdir', 'DAGS_FOLDER/staging_to_core.py', '--cfg-path', '/tmp/tmpjwtvm0ap']
[2026-02-27T10:30:46.178+0000] {standard_task_runner.py:91} INFO - Job 1365: Subtask wait_for_users
[2026-02-27T10:30:46.267+0000] {task_command.py:426} INFO - Running <TaskInstance: staging_to_core.wait_for_users scheduled__2025-05-01T00:00:00+00:00 [running]> on host 31b45edbecf3
[2026-02-27T10:30:46.473+0000] {taskinstance.py:2648} INFO - Exporting env vars: AIRFLOW_CTX_DAG_OWNER='***' AIRFLOW_CTX_DAG_ID='staging_to_core' AIRFLOW_CTX_TASK_ID='wait_for_users' AIRFLOW_CTX_EXECUTION_DATE='2025-05-01T00:00:00+00:00' AIRFLOW_CTX_TRY_NUMBER='1' AIRFLOW_CTX_DAG_RUN_ID='scheduled__2025-05-01T00:00:00+00:00'
[2026-02-27T10:30:46.476+0000] {taskinstance.py:430} INFO - ::endgroup::
[2026-02-27T10:30:46.503+0000] {baseoperator.py:400} WARNING - ExternalTaskSensor.execute cannot be called outside TaskInstance!
[2026-02-27T10:30:46.519+0000] {external_task.py:258} INFO - Poking for tasks ['upload_s3_to_dwh_users'] in dag oltp_s3_dwh on 2025-05-01T00:00:00+00:00 ... 
[2026-02-27T10:30:46.522+0000] {logging_mixin.py:188} WARNING - /home/***/.local/lib/python3.12/site-packages/***/utils/session.py:79 DeprecationWarning: This method is deprecated and will be removed in future.
[2026-02-27T10:30:46.536+0000] {base.py:294} INFO - Success criteria met. Exiting.
[2026-02-27T10:30:46.537+0000] {taskinstance.py:441} INFO - ::group::Post task execution logs
[2026-02-27T10:30:46.549+0000] {taskinstance.py:1206} INFO - Marking task as SUCCESS. dag_id=staging_to_core, task_id=wait_for_users, run_id=scheduled__2025-05-01T00:00:00+00:00, execution_date=20250501T000000, start_date=20260227T103046, end_date=20260227T103046
[2026-02-27T10:30:46.594+0000] {local_task_job_runner.py:243} INFO - Task exited with return code 0
[2026-02-27T10:30:46.607+0000] {logging_mixin.py:188} WARNING - /home/***/.local/lib/python3.12/site-packages/***/models/baseoperator.py:1297 AirflowProviderDeprecationWarning: Call to deprecated class PostgresOperator. (Please use `***.providers.common.sql.operators.sql.SQLExecuteQueryOperator`.Also, you can provide `hook_params={'schema': <database>}`.)
[2026-02-27T10:30:46.638+0000] {taskinstance.py:3503} INFO - 1 downstream tasks scheduled from follow-on schedule check
[2026-02-27T10:30:46.642+0000] {local_task_job_runner.py:222} INFO - ::endgroup::
[2026-02-27T19:02:37.558+0000] {local_task_job_runner.py:120} INFO - ::group::Pre task execution logs
[2026-02-27T19:02:37.620+0000] {taskinstance.py:2076} INFO - Dependencies all met for dep_context=non-requeueable deps ti=<TaskInstance: staging_to_core.wait_for_users scheduled__2025-05-01T00:00:00+00:00 [queued]>
[2026-02-27T19:02:37.635+0000] {taskinstance.py:2076} INFO - Dependencies all met for dep_context=requeueable deps ti=<TaskInstance: staging_to_core.wait_for_users scheduled__2025-05-01T00:00:00+00:00 [queued]>
[2026-02-27T19:02:37.636+0000] {taskinstance.py:2306} INFO - Starting attempt 1 of 1
[2026-02-27T19:02:37.658+0000] {taskinstance.py:2330} INFO - Executing <Task(ExternalTaskSensor): wait_for_users> on 2025-05-01 00:00:00+00:00
[2026-02-27T19:02:37.673+0000] {standard_task_runner.py:90} INFO - Running: ['***', 'tasks', 'run', 'staging_to_core', 'wait_for_users', 'scheduled__2025-05-01T00:00:00+00:00', '--job-id', '1797', '--raw', '--subdir', 'DAGS_FOLDER/staging_to_core.py', '--cfg-path', '/tmp/tmpfgnpyrc2']
[2026-02-27T19:02:37.674+0000] {logging_mixin.py:188} WARNING - /home/***/.local/lib/python3.12/site-packages/***/task/task_runner/standard_task_runner.py:62 DeprecationWarning: This process (pid=33309) is multi-threaded, use of fork() may lead to deadlocks in the child.
[2026-02-27T19:02:37.676+0000] {standard_task_runner.py:91} INFO - Job 1797: Subtask wait_for_users
[2026-02-27T19:02:37.677+0000] {standard_task_runner.py:64} INFO - Started process 33310 to run task
[2026-02-27T19:02:37.775+0000] {task_command.py:426} INFO - Running <TaskInstance: staging_to_core.wait_for_users scheduled__2025-05-01T00:00:00+00:00 [running]> on host 31b45edbecf3
[2026-02-27T19:02:37.952+0000] {taskinstance.py:2648} INFO - Exporting env vars: AIRFLOW_CTX_DAG_OWNER='***' AIRFLOW_CTX_DAG_ID='staging_to_core' AIRFLOW_CTX_TASK_ID='wait_for_users' AIRFLOW_CTX_EXECUTION_DATE='2025-05-01T00:00:00+00:00' AIRFLOW_CTX_TRY_NUMBER='1' AIRFLOW_CTX_DAG_RUN_ID='scheduled__2025-05-01T00:00:00+00:00'
[2026-02-27T19:02:37.953+0000] {taskinstance.py:430} INFO - ::endgroup::
[2026-02-27T19:02:37.973+0000] {baseoperator.py:400} WARNING - ExternalTaskSensor.execute cannot be called outside TaskInstance!
[2026-02-27T19:02:37.990+0000] {external_task.py:258} INFO - Poking for tasks ['upload_s3_to_dwh_users'] in dag oltp_s3_dwh on 2025-05-01T00:00:00+00:00 ... 
[2026-02-27T19:02:37.994+0000] {logging_mixin.py:188} WARNING - /home/***/.local/lib/python3.12/site-packages/***/utils/session.py:79 DeprecationWarning: This method is deprecated and will be removed in future.
[2026-02-27T19:02:38.014+0000] {base.py:294} INFO - Success criteria met. Exiting.
[2026-02-27T19:02:38.014+0000] {taskinstance.py:441} INFO - ::group::Post task execution logs
[2026-02-27T19:02:38.033+0000] {taskinstance.py:1206} INFO - Marking task as SUCCESS. dag_id=staging_to_core, task_id=wait_for_users, run_id=scheduled__2025-05-01T00:00:00+00:00, execution_date=20250501T000000, start_date=20260227T190237, end_date=20260227T190238
[2026-02-27T19:02:38.061+0000] {local_task_job_runner.py:243} INFO - Task exited with return code 0
[2026-02-27T19:02:38.077+0000] {logging_mixin.py:188} WARNING - /home/***/.local/lib/python3.12/site-packages/***/models/baseoperator.py:1297 AirflowProviderDeprecationWarning: Call to deprecated class PostgresOperator. (Please use `***.providers.common.sql.operators.sql.SQLExecuteQueryOperator`.Also, you can provide `hook_params={'schema': <database>}`.)
[2026-02-27T19:02:38.115+0000] {taskinstance.py:3503} INFO - 1 downstream tasks scheduled from follow-on schedule check
[2026-02-27T19:02:38.120+0000] {local_task_job_runner.py:222} INFO - ::endgroup::
