[2026-02-27T10:31:03.131+0000] {local_task_job_runner.py:120} INFO - ::group::Pre task execution logs
[2026-02-27T10:31:03.192+0000] {taskinstance.py:2076} INFO - Dependencies all met for dep_context=non-requeueable deps ti=<TaskInstance: staging_to_core.wait_for_dict_merchants scheduled__2025-06-01T00:00:00+00:00 [queued]>
[2026-02-27T10:31:03.204+0000] {taskinstance.py:2076} INFO - Dependencies all met for dep_context=requeueable deps ti=<TaskInstance: staging_to_core.wait_for_dict_merchants scheduled__2025-06-01T00:00:00+00:00 [queued]>
[2026-02-27T10:31:03.205+0000] {taskinstance.py:2306} INFO - Starting attempt 1 of 1
[2026-02-27T10:31:03.297+0000] {taskinstance.py:2330} INFO - Executing <Task(ExternalTaskSensor): wait_for_dict_merchants> on 2025-06-01 00:00:00+00:00
[2026-02-27T10:31:03.409+0000] {logging_mixin.py:188} WARNING - /home/***/.local/lib/python3.12/site-packages/***/task/task_runner/standard_task_runner.py:62 DeprecationWarning: This process (pid=9305) is multi-threaded, use of fork() may lead to deadlocks in the child.
[2026-02-27T10:31:03.411+0000] {standard_task_runner.py:64} INFO - Started process 9310 to run task
[2026-02-27T10:31:03.427+0000] {standard_task_runner.py:90} INFO - Running: ['***', 'tasks', 'run', 'staging_to_core', 'wait_for_dict_merchants', 'scheduled__2025-06-01T00:00:00+00:00', '--job-id', '1379', '--raw', '--subdir', 'DAGS_FOLDER/staging_to_core.py', '--cfg-path', '/tmp/tmpqem7p97j']
[2026-02-27T10:31:03.442+0000] {standard_task_runner.py:91} INFO - Job 1379: Subtask wait_for_dict_merchants
[2026-02-27T10:31:03.567+0000] {task_command.py:426} INFO - Running <TaskInstance: staging_to_core.wait_for_dict_merchants scheduled__2025-06-01T00:00:00+00:00 [running]> on host 31b45edbecf3
[2026-02-27T10:31:03.715+0000] {taskinstance.py:2648} INFO - Exporting env vars: AIRFLOW_CTX_DAG_OWNER='***' AIRFLOW_CTX_DAG_ID='staging_to_core' AIRFLOW_CTX_TASK_ID='wait_for_dict_merchants' AIRFLOW_CTX_EXECUTION_DATE='2025-06-01T00:00:00+00:00' AIRFLOW_CTX_TRY_NUMBER='1' AIRFLOW_CTX_DAG_RUN_ID='scheduled__2025-06-01T00:00:00+00:00'
[2026-02-27T10:31:03.717+0000] {taskinstance.py:430} INFO - ::endgroup::
[2026-02-27T10:31:03.735+0000] {baseoperator.py:400} WARNING - ExternalTaskSensor.execute cannot be called outside TaskInstance!
[2026-02-27T10:31:03.754+0000] {external_task.py:258} INFO - Poking for tasks ['upload_s3_to_dwh_dict_merchants'] in dag oltp_s3_dwh on 2025-06-01T00:00:00+00:00 ... 
[2026-02-27T10:31:03.758+0000] {logging_mixin.py:188} WARNING - /home/***/.local/lib/python3.12/site-packages/***/utils/session.py:79 DeprecationWarning: This method is deprecated and will be removed in future.
[2026-02-27T10:31:03.774+0000] {base.py:294} INFO - Success criteria met. Exiting.
[2026-02-27T10:31:03.775+0000] {taskinstance.py:441} INFO - ::group::Post task execution logs
[2026-02-27T10:31:03.791+0000] {taskinstance.py:1206} INFO - Marking task as SUCCESS. dag_id=staging_to_core, task_id=wait_for_dict_merchants, run_id=scheduled__2025-06-01T00:00:00+00:00, execution_date=20250601T000000, start_date=20260227T103103, end_date=20260227T103103
[2026-02-27T10:31:03.839+0000] {local_task_job_runner.py:243} INFO - Task exited with return code 0
[2026-02-27T10:31:03.855+0000] {local_task_job_runner.py:222} INFO - ::endgroup::
[2026-02-27T19:02:54.530+0000] {local_task_job_runner.py:120} INFO - ::group::Pre task execution logs
[2026-02-27T19:02:54.565+0000] {taskinstance.py:2076} INFO - Dependencies all met for dep_context=non-requeueable deps ti=<TaskInstance: staging_to_core.wait_for_dict_merchants scheduled__2025-06-01T00:00:00+00:00 [queued]>
[2026-02-27T19:02:54.575+0000] {taskinstance.py:2076} INFO - Dependencies all met for dep_context=requeueable deps ti=<TaskInstance: staging_to_core.wait_for_dict_merchants scheduled__2025-06-01T00:00:00+00:00 [queued]>
[2026-02-27T19:02:54.576+0000] {taskinstance.py:2306} INFO - Starting attempt 1 of 1
[2026-02-27T19:02:54.593+0000] {taskinstance.py:2330} INFO - Executing <Task(ExternalTaskSensor): wait_for_dict_merchants> on 2025-06-01 00:00:00+00:00
[2026-02-27T19:02:54.601+0000] {logging_mixin.py:188} WARNING - /home/***/.local/lib/python3.12/site-packages/***/task/task_runner/standard_task_runner.py:62 DeprecationWarning: This process (pid=33348) is multi-threaded, use of fork() may lead to deadlocks in the child.
[2026-02-27T19:02:54.601+0000] {standard_task_runner.py:90} INFO - Running: ['***', 'tasks', 'run', 'staging_to_core', 'wait_for_dict_merchants', 'scheduled__2025-06-01T00:00:00+00:00', '--job-id', '1811', '--raw', '--subdir', 'DAGS_FOLDER/staging_to_core.py', '--cfg-path', '/tmp/tmp8o1ap0r9']
[2026-02-27T19:02:54.603+0000] {standard_task_runner.py:64} INFO - Started process 33349 to run task
[2026-02-27T19:02:54.604+0000] {standard_task_runner.py:91} INFO - Job 1811: Subtask wait_for_dict_merchants
[2026-02-27T19:02:54.658+0000] {task_command.py:426} INFO - Running <TaskInstance: staging_to_core.wait_for_dict_merchants scheduled__2025-06-01T00:00:00+00:00 [running]> on host 31b45edbecf3
[2026-02-27T19:02:54.754+0000] {taskinstance.py:2648} INFO - Exporting env vars: AIRFLOW_CTX_DAG_OWNER='***' AIRFLOW_CTX_DAG_ID='staging_to_core' AIRFLOW_CTX_TASK_ID='wait_for_dict_merchants' AIRFLOW_CTX_EXECUTION_DATE='2025-06-01T00:00:00+00:00' AIRFLOW_CTX_TRY_NUMBER='1' AIRFLOW_CTX_DAG_RUN_ID='scheduled__2025-06-01T00:00:00+00:00'
[2026-02-27T19:02:54.756+0000] {taskinstance.py:430} INFO - ::endgroup::
[2026-02-27T19:02:54.772+0000] {baseoperator.py:400} WARNING - ExternalTaskSensor.execute cannot be called outside TaskInstance!
[2026-02-27T19:02:54.782+0000] {external_task.py:258} INFO - Poking for tasks ['upload_s3_to_dwh_dict_merchants'] in dag oltp_s3_dwh on 2025-06-01T00:00:00+00:00 ... 
[2026-02-27T19:02:54.784+0000] {logging_mixin.py:188} WARNING - /home/***/.local/lib/python3.12/site-packages/***/utils/session.py:79 DeprecationWarning: This method is deprecated and will be removed in future.
[2026-02-27T19:02:54.799+0000] {base.py:294} INFO - Success criteria met. Exiting.
[2026-02-27T19:02:54.800+0000] {taskinstance.py:441} INFO - ::group::Post task execution logs
[2026-02-27T19:02:54.812+0000] {taskinstance.py:1206} INFO - Marking task as SUCCESS. dag_id=staging_to_core, task_id=wait_for_dict_merchants, run_id=scheduled__2025-06-01T00:00:00+00:00, execution_date=20250601T000000, start_date=20260227T190254, end_date=20260227T190254
[2026-02-27T19:02:54.861+0000] {local_task_job_runner.py:243} INFO - Task exited with return code 0
[2026-02-27T19:02:54.875+0000] {logging_mixin.py:188} WARNING - /home/***/.local/lib/python3.12/site-packages/***/models/baseoperator.py:1297 AirflowProviderDeprecationWarning: Call to deprecated class PostgresOperator. (Please use `***.providers.common.sql.operators.sql.SQLExecuteQueryOperator`.Also, you can provide `hook_params={'schema': <database>}`.)
[2026-02-27T19:02:54.909+0000] {taskinstance.py:3503} INFO - 1 downstream tasks scheduled from follow-on schedule check
[2026-02-27T19:02:54.913+0000] {local_task_job_runner.py:222} INFO - ::endgroup::
