[2026-02-26T17:29:44.139+0000] {local_task_job_runner.py:120} INFO - ::group::Pre task execution logs
[2026-02-26T17:29:44.256+0000] {taskinstance.py:2076} INFO - Dependencies all met for dep_context=non-requeueable deps ti=<TaskInstance: oltp_s3_dwh.upload_s3_to_dwh_dict_merchants manual__2026-02-26T12:02:57.810764+00:00 [queued]>
[2026-02-26T17:29:44.321+0000] {taskinstance.py:2076} INFO - Dependencies all met for dep_context=requeueable deps ti=<TaskInstance: oltp_s3_dwh.upload_s3_to_dwh_dict_merchants manual__2026-02-26T12:02:57.810764+00:00 [queued]>
[2026-02-26T17:29:44.328+0000] {taskinstance.py:2306} INFO - Starting attempt 1 of 1
[2026-02-26T17:29:44.397+0000] {taskinstance.py:2330} INFO - Executing <Task(PythonOperator): upload_s3_to_dwh_dict_merchants> on 2026-02-26 12:02:57.810764+00:00
[2026-02-26T17:29:44.490+0000] {logging_mixin.py:188} WARNING - /home/***/.local/lib/python3.12/site-packages/***/task/task_runner/standard_task_runner.py:62 DeprecationWarning: This process (pid=4809) is multi-threaded, use of fork() may lead to deadlocks in the child.
[2026-02-26T17:29:44.483+0000] {standard_task_runner.py:90} INFO - Running: ['***', 'tasks', 'run', 'oltp_s3_dwh', 'upload_s3_to_dwh_dict_merchants', 'manual__2026-02-26T12:02:57.810764+00:00', '--job-id', '1117', '--raw', '--subdir', 'DAGS_FOLDER/oltp_s3_dwh.py', '--cfg-path', '/tmp/tmpsrrdecw_']
[2026-02-26T17:29:44.497+0000] {standard_task_runner.py:64} INFO - Started process 4822 to run task
[2026-02-26T17:29:44.500+0000] {standard_task_runner.py:91} INFO - Job 1117: Subtask upload_s3_to_dwh_dict_merchants
[2026-02-26T17:29:44.687+0000] {task_command.py:426} INFO - Running <TaskInstance: oltp_s3_dwh.upload_s3_to_dwh_dict_merchants manual__2026-02-26T12:02:57.810764+00:00 [running]> on host 31b45edbecf3
[2026-02-26T17:29:45.059+0000] {taskinstance.py:2648} INFO - Exporting env vars: AIRFLOW_CTX_DAG_OWNER='***' AIRFLOW_CTX_DAG_ID='oltp_s3_dwh' AIRFLOW_CTX_TASK_ID='upload_s3_to_dwh_dict_merchants' AIRFLOW_CTX_EXECUTION_DATE='2026-02-26T12:02:57.810764+00:00' AIRFLOW_CTX_TRY_NUMBER='1' AIRFLOW_CTX_DAG_RUN_ID='manual__2026-02-26T12:02:57.810764+00:00'
[2026-02-26T17:29:45.064+0000] {taskinstance.py:430} INFO - ::endgroup::
[2026-02-26T17:29:45.213+0000] {base.py:84} INFO - Using connection ID 'minio_conn_id' for task execution.
[2026-02-26T17:29:45.215+0000] {connection_wrapper.py:384} INFO - AWS Connection (conn_id='minio_conn_id', conn_type='aws') credentials retrieved from login and password.
[2026-02-26T17:29:45.454+0000] {base.py:84} INFO - Using connection ID 'postgres_dwh' for task execution.
[2026-02-26T17:29:45.493+0000] {sql.py:495} INFO - Running statement: Truncate table staging.dict_merchants, parameters: None
[2026-02-26T17:29:45.654+0000] {base.py:84} INFO - Using connection ID 'postgres_dwh' for task execution.
[2026-02-26T17:29:45.679+0000] {taskinstance.py:441} INFO - ::group::Post task execution logs
[2026-02-26T17:29:45.682+0000] {taskinstance.py:2905} ERROR - Task failed with exception
Traceback (most recent call last):
  File "/home/airflow/.local/lib/python3.12/site-packages/airflow/models/taskinstance.py", line 465, in _execute_task
    result = _execute_callable(context=context, **execute_callable_kwargs)
             ^^^^^^^^^^^^^^^^^^^^^^^^^^^^^^^^^^^^^^^^^^^^^^^^^^^^^^^^^^^^^
  File "/home/airflow/.local/lib/python3.12/site-packages/airflow/models/taskinstance.py", line 432, in _execute_callable
    return execute_callable(context=context, **execute_callable_kwargs)
           ^^^^^^^^^^^^^^^^^^^^^^^^^^^^^^^^^^^^^^^^^^^^^^^^^^^^^^^^^^^^
  File "/home/airflow/.local/lib/python3.12/site-packages/airflow/models/baseoperator.py", line 401, in wrapper
    return func(self, *args, **kwargs)
           ^^^^^^^^^^^^^^^^^^^^^^^^^^^
  File "/home/airflow/.local/lib/python3.12/site-packages/airflow/operators/python.py", line 235, in execute
    return_value = self.execute_callable()
                   ^^^^^^^^^^^^^^^^^^^^^^^
  File "/home/airflow/.local/lib/python3.12/site-packages/airflow/operators/python.py", line 252, in execute_callable
    return self.python_callable(*self.op_args, **self.op_kwargs)
           ^^^^^^^^^^^^^^^^^^^^^^^^^^^^^^^^^^^^^^^^^^^^^^^^^^^^^
  File "/opt/airflow/dags/oltp_s3_dwh.py", line 81, in upload_s3_to_dwh
    cursor.copy_from(output, f"staging.{table_name}", sep='\t', null="")
psycopg2.errors.UndefinedTable: relation "staging.dict_merchants" does not exist

[2026-02-26T17:29:45.815+0000] {taskinstance.py:1206} INFO - Marking task as FAILED. dag_id=oltp_s3_dwh, task_id=upload_s3_to_dwh_dict_merchants, run_id=manual__2026-02-26T12:02:57.810764+00:00, execution_date=20260226T120257, start_date=20260226T172944, end_date=20260226T172945
[2026-02-26T17:29:45.874+0000] {standard_task_runner.py:110} ERROR - Failed to execute job 1117 for task upload_s3_to_dwh_dict_merchants (relation "staging.dict_merchants" does not exist
; 4822)
[2026-02-26T17:29:45.933+0000] {local_task_job_runner.py:243} INFO - Task exited with return code 1
[2026-02-26T17:29:46.041+0000] {local_task_job_runner.py:222} INFO - ::endgroup::
