[2026-02-25T17:10:24.584+0000] {local_task_job_runner.py:120} INFO - ::group::Pre task execution logs
[2026-02-25T17:10:24.613+0000] {taskinstance.py:2076} INFO - Dependencies all met for dep_context=non-requeueable deps ti=<TaskInstance: oltp_s3_dwh.upload_postgre_to_s3 scheduled__2026-02-24T00:00:00+00:00 [queued]>
[2026-02-25T17:10:24.627+0000] {taskinstance.py:2076} INFO - Dependencies all met for dep_context=requeueable deps ti=<TaskInstance: oltp_s3_dwh.upload_postgre_to_s3 scheduled__2026-02-24T00:00:00+00:00 [queued]>
[2026-02-25T17:10:24.628+0000] {taskinstance.py:2306} INFO - Starting attempt 1 of 1
[2026-02-25T17:10:24.646+0000] {taskinstance.py:2330} INFO - Executing <Task(PythonOperator): upload_postgre_to_s3> on 2026-02-24 00:00:00+00:00
[2026-02-25T17:10:24.657+0000] {standard_task_runner.py:90} INFO - Running: ['***', 'tasks', 'run', 'oltp_s3_dwh', 'upload_postgre_to_s3', 'scheduled__2026-02-24T00:00:00+00:00', '--job-id', '909', '--raw', '--subdir', 'DAGS_FOLDER/oltp_s3_dwh_dict.py', '--cfg-path', '/tmp/tmpm3iy0y19']
[2026-02-25T17:10:24.662+0000] {standard_task_runner.py:91} INFO - Job 909: Subtask upload_postgre_to_s3
[2026-02-25T17:10:24.663+0000] {logging_mixin.py:188} WARNING - /home/***/.local/lib/python3.12/site-packages/***/task/task_runner/standard_task_runner.py:62 DeprecationWarning: This process (pid=4537) is multi-threaded, use of fork() may lead to deadlocks in the child.
[2026-02-25T17:10:24.664+0000] {standard_task_runner.py:64} INFO - Started process 4539 to run task
[2026-02-25T17:10:24.738+0000] {task_command.py:426} INFO - Running <TaskInstance: oltp_s3_dwh.upload_postgre_to_s3 scheduled__2026-02-24T00:00:00+00:00 [running]> on host 31b45edbecf3
[2026-02-25T17:10:24.859+0000] {taskinstance.py:2648} INFO - Exporting env vars: AIRFLOW_CTX_DAG_OWNER='***' AIRFLOW_CTX_DAG_ID='oltp_s3_dwh' AIRFLOW_CTX_TASK_ID='upload_postgre_to_s3' AIRFLOW_CTX_EXECUTION_DATE='2026-02-24T00:00:00+00:00' AIRFLOW_CTX_TRY_NUMBER='1' AIRFLOW_CTX_DAG_RUN_ID='scheduled__2026-02-24T00:00:00+00:00'
[2026-02-25T17:10:24.861+0000] {taskinstance.py:430} INFO - ::endgroup::
[2026-02-25T17:10:24.901+0000] {base.py:84} INFO - Using connection ID 'postgres_oltp' for task execution.
[2026-02-25T17:10:24.927+0000] {logging_mixin.py:188} WARNING - /home/***/.local/lib/python3.12/site-packages/***/providers/common/sql/hooks/sql.py:269 UserWarning: pandas only supports SQLAlchemy connectable (engine/connection) or database string URI or sqlite3 DBAPI2 connection. Other DBAPI2 objects are not tested. Please consider using SQLAlchemy.
[2026-02-25T17:10:25.083+0000] {logging_mixin.py:188} INFO - В таблице transactions нет данных
[2026-02-25T17:10:25.084+0000] {python.py:237} INFO - Done. Returned value was: None
[2026-02-25T17:10:25.085+0000] {taskinstance.py:441} INFO - ::group::Post task execution logs
[2026-02-25T17:10:25.099+0000] {taskinstance.py:1206} INFO - Marking task as SUCCESS. dag_id=oltp_s3_dwh, task_id=upload_postgre_to_s3, run_id=scheduled__2026-02-24T00:00:00+00:00, execution_date=20260224T000000, start_date=20260225T171024, end_date=20260225T171025
[2026-02-25T17:10:25.126+0000] {local_task_job_runner.py:243} INFO - Task exited with return code 0
[2026-02-25T17:10:25.144+0000] {taskinstance.py:3503} INFO - 0 downstream tasks scheduled from follow-on schedule check
[2026-02-25T17:10:25.148+0000] {local_task_job_runner.py:222} INFO - ::endgroup::
[2026-02-25T17:11:25.593+0000] {local_task_job_runner.py:120} INFO - ::group::Pre task execution logs
[2026-02-25T17:11:25.615+0000] {taskinstance.py:2076} INFO - Dependencies all met for dep_context=non-requeueable deps ti=<TaskInstance: oltp_s3_dwh.upload_postgre_to_s3 scheduled__2026-02-24T00:00:00+00:00 [queued]>
[2026-02-25T17:11:25.627+0000] {taskinstance.py:2076} INFO - Dependencies all met for dep_context=requeueable deps ti=<TaskInstance: oltp_s3_dwh.upload_postgre_to_s3 scheduled__2026-02-24T00:00:00+00:00 [queued]>
[2026-02-25T17:11:25.628+0000] {taskinstance.py:2306} INFO - Starting attempt 1 of 1
[2026-02-25T17:11:25.644+0000] {taskinstance.py:2330} INFO - Executing <Task(PythonOperator): upload_postgre_to_s3> on 2026-02-24 00:00:00+00:00
[2026-02-25T17:11:25.662+0000] {standard_task_runner.py:90} INFO - Running: ['***', 'tasks', 'run', 'oltp_s3_dwh', 'upload_postgre_to_s3', 'scheduled__2026-02-24T00:00:00+00:00', '--job-id', '911', '--raw', '--subdir', 'DAGS_FOLDER/oltp_s3_dwh_dict.py', '--cfg-path', '/tmp/tmp15tlog3i']
[2026-02-25T17:11:25.665+0000] {standard_task_runner.py:91} INFO - Job 911: Subtask upload_postgre_to_s3
[2026-02-25T17:11:25.665+0000] {logging_mixin.py:188} WARNING - /home/***/.local/lib/python3.12/site-packages/***/task/task_runner/standard_task_runner.py:62 DeprecationWarning: This process (pid=4600) is multi-threaded, use of fork() may lead to deadlocks in the child.
[2026-02-25T17:11:25.667+0000] {standard_task_runner.py:64} INFO - Started process 4610 to run task
[2026-02-25T17:11:25.762+0000] {task_command.py:426} INFO - Running <TaskInstance: oltp_s3_dwh.upload_postgre_to_s3 scheduled__2026-02-24T00:00:00+00:00 [running]> on host 31b45edbecf3
[2026-02-25T17:11:25.937+0000] {taskinstance.py:2648} INFO - Exporting env vars: AIRFLOW_CTX_DAG_OWNER='***' AIRFLOW_CTX_DAG_ID='oltp_s3_dwh' AIRFLOW_CTX_TASK_ID='upload_postgre_to_s3' AIRFLOW_CTX_EXECUTION_DATE='2026-02-24T00:00:00+00:00' AIRFLOW_CTX_TRY_NUMBER='1' AIRFLOW_CTX_DAG_RUN_ID='scheduled__2026-02-24T00:00:00+00:00'
[2026-02-25T17:11:25.942+0000] {taskinstance.py:430} INFO - ::endgroup::
[2026-02-25T17:11:25.988+0000] {base.py:84} INFO - Using connection ID 'postgres_oltp' for task execution.
[2026-02-25T17:11:26.015+0000] {logging_mixin.py:188} WARNING - /home/***/.local/lib/python3.12/site-packages/***/providers/common/sql/hooks/sql.py:269 UserWarning: pandas only supports SQLAlchemy connectable (engine/connection) or database string URI or sqlite3 DBAPI2 connection. Other DBAPI2 objects are not tested. Please consider using SQLAlchemy.
[2026-02-25T17:11:26.049+0000] {logging_mixin.py:188} INFO - В таблице transactions нет данных
[2026-02-25T17:11:26.050+0000] {python.py:237} INFO - Done. Returned value was: None
[2026-02-25T17:11:26.051+0000] {taskinstance.py:441} INFO - ::group::Post task execution logs
[2026-02-25T17:11:26.062+0000] {taskinstance.py:1206} INFO - Marking task as SUCCESS. dag_id=oltp_s3_dwh, task_id=upload_postgre_to_s3, run_id=scheduled__2026-02-24T00:00:00+00:00, execution_date=20260224T000000, start_date=20260225T171125, end_date=20260225T171126
[2026-02-25T17:11:26.090+0000] {local_task_job_runner.py:243} INFO - Task exited with return code 0
[2026-02-25T17:11:26.117+0000] {taskinstance.py:3503} INFO - 0 downstream tasks scheduled from follow-on schedule check
[2026-02-25T17:11:26.121+0000] {local_task_job_runner.py:222} INFO - ::endgroup::
