[2026-02-27T10:30:27.573+0000] {local_task_job_runner.py:120} INFO - ::group::Pre task execution logs
[2026-02-27T10:30:27.641+0000] {taskinstance.py:2076} INFO - Dependencies all met for dep_context=non-requeueable deps ti=<TaskInstance: staging_to_core.wait_for_accounts scheduled__2025-04-01T00:00:00+00:00 [queued]>
[2026-02-27T10:30:27.662+0000] {taskinstance.py:2076} INFO - Dependencies all met for dep_context=requeueable deps ti=<TaskInstance: staging_to_core.wait_for_accounts scheduled__2025-04-01T00:00:00+00:00 [queued]>
[2026-02-27T10:30:27.663+0000] {taskinstance.py:2306} INFO - Starting attempt 1 of 1
[2026-02-27T10:30:27.690+0000] {taskinstance.py:2330} INFO - Executing <Task(ExternalTaskSensor): wait_for_accounts> on 2025-04-01 00:00:00+00:00
[2026-02-27T10:30:27.703+0000] {logging_mixin.py:188} WARNING - /home/***/.local/lib/python3.12/site-packages/***/task/task_runner/standard_task_runner.py:62 DeprecationWarning: This process (pid=9203) is multi-threaded, use of fork() may lead to deadlocks in the child.
[2026-02-27T10:30:27.705+0000] {standard_task_runner.py:64} INFO - Started process 9204 to run task
[2026-02-27T10:30:27.703+0000] {standard_task_runner.py:90} INFO - Running: ['***', 'tasks', 'run', 'staging_to_core', 'wait_for_accounts', 'scheduled__2025-04-01T00:00:00+00:00', '--job-id', '1351', '--raw', '--subdir', 'DAGS_FOLDER/staging_to_core.py', '--cfg-path', '/tmp/tmpnljv50oi']
[2026-02-27T10:30:27.707+0000] {standard_task_runner.py:91} INFO - Job 1351: Subtask wait_for_accounts
[2026-02-27T10:30:27.799+0000] {task_command.py:426} INFO - Running <TaskInstance: staging_to_core.wait_for_accounts scheduled__2025-04-01T00:00:00+00:00 [running]> on host 31b45edbecf3
[2026-02-27T10:30:27.943+0000] {taskinstance.py:2648} INFO - Exporting env vars: AIRFLOW_CTX_DAG_OWNER='***' AIRFLOW_CTX_DAG_ID='staging_to_core' AIRFLOW_CTX_TASK_ID='wait_for_accounts' AIRFLOW_CTX_EXECUTION_DATE='2025-04-01T00:00:00+00:00' AIRFLOW_CTX_TRY_NUMBER='1' AIRFLOW_CTX_DAG_RUN_ID='scheduled__2025-04-01T00:00:00+00:00'
[2026-02-27T10:30:27.945+0000] {taskinstance.py:430} INFO - ::endgroup::
[2026-02-27T10:30:27.964+0000] {baseoperator.py:400} WARNING - ExternalTaskSensor.execute cannot be called outside TaskInstance!
[2026-02-27T10:30:27.978+0000] {external_task.py:258} INFO - Poking for tasks ['upload_s3_to_dwh_accounts'] in dag oltp_s3_dwh on 2025-04-01T00:00:00+00:00 ... 
[2026-02-27T10:30:27.981+0000] {logging_mixin.py:188} WARNING - /home/***/.local/lib/python3.12/site-packages/***/utils/session.py:79 DeprecationWarning: This method is deprecated and will be removed in future.
[2026-02-27T10:30:27.992+0000] {base.py:294} INFO - Success criteria met. Exiting.
[2026-02-27T10:30:27.993+0000] {taskinstance.py:441} INFO - ::group::Post task execution logs
[2026-02-27T10:30:28.006+0000] {taskinstance.py:1206} INFO - Marking task as SUCCESS. dag_id=staging_to_core, task_id=wait_for_accounts, run_id=scheduled__2025-04-01T00:00:00+00:00, execution_date=20250401T000000, start_date=20260227T103027, end_date=20260227T103028
[2026-02-27T10:30:28.046+0000] {local_task_job_runner.py:243} INFO - Task exited with return code 0
[2026-02-27T10:30:28.062+0000] {logging_mixin.py:188} WARNING - /home/***/.local/lib/python3.12/site-packages/***/models/baseoperator.py:1297 AirflowProviderDeprecationWarning: Call to deprecated class PostgresOperator. (Please use `***.providers.common.sql.operators.sql.SQLExecuteQueryOperator`.Also, you can provide `hook_params={'schema': <database>}`.)
[2026-02-27T10:30:28.092+0000] {taskinstance.py:3503} INFO - 1 downstream tasks scheduled from follow-on schedule check
[2026-02-27T10:30:28.096+0000] {local_task_job_runner.py:222} INFO - ::endgroup::
[2026-02-27T19:02:20.292+0000] {local_task_job_runner.py:120} INFO - ::group::Pre task execution logs
[2026-02-27T19:02:20.329+0000] {taskinstance.py:2076} INFO - Dependencies all met for dep_context=non-requeueable deps ti=<TaskInstance: staging_to_core.wait_for_accounts scheduled__2025-04-01T00:00:00+00:00 [queued]>
[2026-02-27T19:02:20.340+0000] {taskinstance.py:2076} INFO - Dependencies all met for dep_context=requeueable deps ti=<TaskInstance: staging_to_core.wait_for_accounts scheduled__2025-04-01T00:00:00+00:00 [queued]>
[2026-02-27T19:02:20.341+0000] {taskinstance.py:2306} INFO - Starting attempt 1 of 1
[2026-02-27T19:02:20.359+0000] {taskinstance.py:2330} INFO - Executing <Task(ExternalTaskSensor): wait_for_accounts> on 2025-04-01 00:00:00+00:00
[2026-02-27T19:02:20.369+0000] {standard_task_runner.py:90} INFO - Running: ['***', 'tasks', 'run', 'staging_to_core', 'wait_for_accounts', 'scheduled__2025-04-01T00:00:00+00:00', '--job-id', '1783', '--raw', '--subdir', 'DAGS_FOLDER/staging_to_core.py', '--cfg-path', '/tmp/tmp3ilcwp10']
[2026-02-27T19:02:20.374+0000] {logging_mixin.py:188} WARNING - /home/***/.local/lib/python3.12/site-packages/***/task/task_runner/standard_task_runner.py:62 DeprecationWarning: This process (pid=33255) is multi-threaded, use of fork() may lead to deadlocks in the child.
[2026-02-27T19:02:20.376+0000] {standard_task_runner.py:91} INFO - Job 1783: Subtask wait_for_accounts
[2026-02-27T19:02:20.376+0000] {standard_task_runner.py:64} INFO - Started process 33256 to run task
[2026-02-27T19:02:20.437+0000] {task_command.py:426} INFO - Running <TaskInstance: staging_to_core.wait_for_accounts scheduled__2025-04-01T00:00:00+00:00 [running]> on host 31b45edbecf3
[2026-02-27T19:02:20.538+0000] {taskinstance.py:2648} INFO - Exporting env vars: AIRFLOW_CTX_DAG_OWNER='***' AIRFLOW_CTX_DAG_ID='staging_to_core' AIRFLOW_CTX_TASK_ID='wait_for_accounts' AIRFLOW_CTX_EXECUTION_DATE='2025-04-01T00:00:00+00:00' AIRFLOW_CTX_TRY_NUMBER='1' AIRFLOW_CTX_DAG_RUN_ID='scheduled__2025-04-01T00:00:00+00:00'
[2026-02-27T19:02:20.540+0000] {taskinstance.py:430} INFO - ::endgroup::
[2026-02-27T19:02:20.556+0000] {baseoperator.py:400} WARNING - ExternalTaskSensor.execute cannot be called outside TaskInstance!
[2026-02-27T19:02:20.566+0000] {external_task.py:258} INFO - Poking for tasks ['upload_s3_to_dwh_accounts'] in dag oltp_s3_dwh on 2025-04-01T00:00:00+00:00 ... 
[2026-02-27T19:02:20.568+0000] {logging_mixin.py:188} WARNING - /home/***/.local/lib/python3.12/site-packages/***/utils/session.py:79 DeprecationWarning: This method is deprecated and will be removed in future.
[2026-02-27T19:02:20.580+0000] {base.py:294} INFO - Success criteria met. Exiting.
[2026-02-27T19:02:20.581+0000] {taskinstance.py:441} INFO - ::group::Post task execution logs
[2026-02-27T19:02:20.593+0000] {taskinstance.py:1206} INFO - Marking task as SUCCESS. dag_id=staging_to_core, task_id=wait_for_accounts, run_id=scheduled__2025-04-01T00:00:00+00:00, execution_date=20250401T000000, start_date=20260227T190220, end_date=20260227T190220
[2026-02-27T19:02:20.635+0000] {local_task_job_runner.py:243} INFO - Task exited with return code 0
[2026-02-27T19:02:20.649+0000] {logging_mixin.py:188} WARNING - /home/***/.local/lib/python3.12/site-packages/***/models/baseoperator.py:1297 AirflowProviderDeprecationWarning: Call to deprecated class PostgresOperator. (Please use `***.providers.common.sql.operators.sql.SQLExecuteQueryOperator`.Also, you can provide `hook_params={'schema': <database>}`.)
[2026-02-27T19:02:20.671+0000] {taskinstance.py:3503} INFO - 0 downstream tasks scheduled from follow-on schedule check
[2026-02-27T19:02:20.676+0000] {local_task_job_runner.py:222} INFO - ::endgroup::
