[2026-02-27T10:30:41.454+0000] {local_task_job_runner.py:120} INFO - ::group::Pre task execution logs
[2026-02-27T10:30:41.499+0000] {taskinstance.py:2076} INFO - Dependencies all met for dep_context=non-requeueable deps ti=<TaskInstance: staging_to_core.wait_for_dict_tariffs scheduled__2025-05-01T00:00:00+00:00 [queued]>
[2026-02-27T10:30:41.513+0000] {taskinstance.py:2076} INFO - Dependencies all met for dep_context=requeueable deps ti=<TaskInstance: staging_to_core.wait_for_dict_tariffs scheduled__2025-05-01T00:00:00+00:00 [queued]>
[2026-02-27T10:30:41.514+0000] {taskinstance.py:2306} INFO - Starting attempt 1 of 1
[2026-02-27T10:30:41.533+0000] {taskinstance.py:2330} INFO - Executing <Task(ExternalTaskSensor): wait_for_dict_tariffs> on 2025-05-01 00:00:00+00:00
[2026-02-27T10:30:41.541+0000] {logging_mixin.py:188} WARNING - /home/***/.local/lib/python3.12/site-packages/***/task/task_runner/standard_task_runner.py:62 DeprecationWarning: This process (pid=9247) is multi-threaded, use of fork() may lead to deadlocks in the child.
[2026-02-27T10:30:41.543+0000] {standard_task_runner.py:64} INFO - Started process 9248 to run task
[2026-02-27T10:30:41.543+0000] {standard_task_runner.py:90} INFO - Running: ['***', 'tasks', 'run', 'staging_to_core', 'wait_for_dict_tariffs', 'scheduled__2025-05-01T00:00:00+00:00', '--job-id', '1361', '--raw', '--subdir', 'DAGS_FOLDER/staging_to_core.py', '--cfg-path', '/tmp/tmph37tka7u']
[2026-02-27T10:30:41.546+0000] {standard_task_runner.py:91} INFO - Job 1361: Subtask wait_for_dict_tariffs
[2026-02-27T10:30:41.617+0000] {task_command.py:426} INFO - Running <TaskInstance: staging_to_core.wait_for_dict_tariffs scheduled__2025-05-01T00:00:00+00:00 [running]> on host 31b45edbecf3
[2026-02-27T10:30:41.736+0000] {taskinstance.py:2648} INFO - Exporting env vars: AIRFLOW_CTX_DAG_OWNER='***' AIRFLOW_CTX_DAG_ID='staging_to_core' AIRFLOW_CTX_TASK_ID='wait_for_dict_tariffs' AIRFLOW_CTX_EXECUTION_DATE='2025-05-01T00:00:00+00:00' AIRFLOW_CTX_TRY_NUMBER='1' AIRFLOW_CTX_DAG_RUN_ID='scheduled__2025-05-01T00:00:00+00:00'
[2026-02-27T10:30:41.738+0000] {taskinstance.py:430} INFO - ::endgroup::
[2026-02-27T10:30:41.755+0000] {baseoperator.py:400} WARNING - ExternalTaskSensor.execute cannot be called outside TaskInstance!
[2026-02-27T10:30:41.770+0000] {external_task.py:258} INFO - Poking for tasks ['upload_s3_to_dwh_dict_tariffs'] in dag oltp_s3_dwh on 2025-05-01T00:00:00+00:00 ... 
[2026-02-27T10:30:41.773+0000] {logging_mixin.py:188} WARNING - /home/***/.local/lib/python3.12/site-packages/***/utils/session.py:79 DeprecationWarning: This method is deprecated and will be removed in future.
[2026-02-27T10:30:41.786+0000] {base.py:294} INFO - Success criteria met. Exiting.
[2026-02-27T10:30:41.787+0000] {taskinstance.py:441} INFO - ::group::Post task execution logs
[2026-02-27T10:30:41.800+0000] {taskinstance.py:1206} INFO - Marking task as SUCCESS. dag_id=staging_to_core, task_id=wait_for_dict_tariffs, run_id=scheduled__2025-05-01T00:00:00+00:00, execution_date=20250501T000000, start_date=20260227T103041, end_date=20260227T103041
[2026-02-27T10:30:41.840+0000] {local_task_job_runner.py:243} INFO - Task exited with return code 0
[2026-02-27T10:30:41.857+0000] {logging_mixin.py:188} WARNING - /home/***/.local/lib/python3.12/site-packages/***/models/baseoperator.py:1297 AirflowProviderDeprecationWarning: Call to deprecated class PostgresOperator. (Please use `***.providers.common.sql.operators.sql.SQLExecuteQueryOperator`.Also, you can provide `hook_params={'schema': <database>}`.)
[2026-02-27T10:30:41.905+0000] {taskinstance.py:3503} INFO - 1 downstream tasks scheduled from follow-on schedule check
[2026-02-27T10:30:41.909+0000] {local_task_job_runner.py:222} INFO - ::endgroup::
[2026-02-27T19:02:32.080+0000] {local_task_job_runner.py:120} INFO - ::group::Pre task execution logs
[2026-02-27T19:02:32.115+0000] {taskinstance.py:2076} INFO - Dependencies all met for dep_context=non-requeueable deps ti=<TaskInstance: staging_to_core.wait_for_dict_tariffs scheduled__2025-05-01T00:00:00+00:00 [queued]>
[2026-02-27T19:02:32.125+0000] {taskinstance.py:2076} INFO - Dependencies all met for dep_context=requeueable deps ti=<TaskInstance: staging_to_core.wait_for_dict_tariffs scheduled__2025-05-01T00:00:00+00:00 [queued]>
[2026-02-27T19:02:32.126+0000] {taskinstance.py:2306} INFO - Starting attempt 1 of 1
[2026-02-27T19:02:32.141+0000] {taskinstance.py:2330} INFO - Executing <Task(ExternalTaskSensor): wait_for_dict_tariffs> on 2025-05-01 00:00:00+00:00
[2026-02-27T19:02:32.149+0000] {logging_mixin.py:188} WARNING - /home/***/.local/lib/python3.12/site-packages/***/task/task_runner/standard_task_runner.py:62 DeprecationWarning: This process (pid=33294) is multi-threaded, use of fork() may lead to deadlocks in the child.
[2026-02-27T19:02:32.149+0000] {standard_task_runner.py:90} INFO - Running: ['***', 'tasks', 'run', 'staging_to_core', 'wait_for_dict_tariffs', 'scheduled__2025-05-01T00:00:00+00:00', '--job-id', '1793', '--raw', '--subdir', 'DAGS_FOLDER/staging_to_core.py', '--cfg-path', '/tmp/tmpvgcht4wb']
[2026-02-27T19:02:32.150+0000] {standard_task_runner.py:64} INFO - Started process 33295 to run task
[2026-02-27T19:02:32.151+0000] {standard_task_runner.py:91} INFO - Job 1793: Subtask wait_for_dict_tariffs
[2026-02-27T19:02:32.206+0000] {task_command.py:426} INFO - Running <TaskInstance: staging_to_core.wait_for_dict_tariffs scheduled__2025-05-01T00:00:00+00:00 [running]> on host 31b45edbecf3
[2026-02-27T19:02:32.310+0000] {taskinstance.py:2648} INFO - Exporting env vars: AIRFLOW_CTX_DAG_OWNER='***' AIRFLOW_CTX_DAG_ID='staging_to_core' AIRFLOW_CTX_TASK_ID='wait_for_dict_tariffs' AIRFLOW_CTX_EXECUTION_DATE='2025-05-01T00:00:00+00:00' AIRFLOW_CTX_TRY_NUMBER='1' AIRFLOW_CTX_DAG_RUN_ID='scheduled__2025-05-01T00:00:00+00:00'
[2026-02-27T19:02:32.311+0000] {taskinstance.py:430} INFO - ::endgroup::
[2026-02-27T19:02:32.328+0000] {baseoperator.py:400} WARNING - ExternalTaskSensor.execute cannot be called outside TaskInstance!
[2026-02-27T19:02:32.337+0000] {external_task.py:258} INFO - Poking for tasks ['upload_s3_to_dwh_dict_tariffs'] in dag oltp_s3_dwh on 2025-05-01T00:00:00+00:00 ... 
[2026-02-27T19:02:32.339+0000] {logging_mixin.py:188} WARNING - /home/***/.local/lib/python3.12/site-packages/***/utils/session.py:79 DeprecationWarning: This method is deprecated and will be removed in future.
[2026-02-27T19:02:32.350+0000] {base.py:294} INFO - Success criteria met. Exiting.
[2026-02-27T19:02:32.351+0000] {taskinstance.py:441} INFO - ::group::Post task execution logs
[2026-02-27T19:02:32.361+0000] {taskinstance.py:1206} INFO - Marking task as SUCCESS. dag_id=staging_to_core, task_id=wait_for_dict_tariffs, run_id=scheduled__2025-05-01T00:00:00+00:00, execution_date=20250501T000000, start_date=20260227T190232, end_date=20260227T190232
[2026-02-27T19:02:32.409+0000] {local_task_job_runner.py:243} INFO - Task exited with return code 0
[2026-02-27T19:02:32.423+0000] {logging_mixin.py:188} WARNING - /home/***/.local/lib/python3.12/site-packages/***/models/baseoperator.py:1297 AirflowProviderDeprecationWarning: Call to deprecated class PostgresOperator. (Please use `***.providers.common.sql.operators.sql.SQLExecuteQueryOperator`.Also, you can provide `hook_params={'schema': <database>}`.)
[2026-02-27T19:02:32.459+0000] {taskinstance.py:3503} INFO - 1 downstream tasks scheduled from follow-on schedule check
[2026-02-27T19:02:32.462+0000] {local_task_job_runner.py:222} INFO - ::endgroup::
