[2026-02-26T12:06:59.849+0000] {local_task_job_runner.py:120} INFO - ::group::Pre task execution logs
[2026-02-26T12:06:59.908+0000] {taskinstance.py:2076} INFO - Dependencies all met for dep_context=non-requeueable deps ti=<TaskInstance: oltp_s3_dwh.upload_postgre_to_s3_users scheduled__2025-05-01T00:00:00+00:00 [queued]>
[2026-02-26T12:06:59.963+0000] {taskinstance.py:2076} INFO - Dependencies all met for dep_context=requeueable deps ti=<TaskInstance: oltp_s3_dwh.upload_postgre_to_s3_users scheduled__2025-05-01T00:00:00+00:00 [queued]>
[2026-02-26T12:06:59.965+0000] {taskinstance.py:2306} INFO - Starting attempt 1 of 1
[2026-02-26T12:07:00.042+0000] {taskinstance.py:2330} INFO - Executing <Task(PythonOperator): upload_postgre_to_s3_users> on 2025-05-01 00:00:00+00:00
[2026-02-26T12:07:00.066+0000] {logging_mixin.py:188} WARNING - /home/***/.local/lib/python3.12/site-packages/***/task/task_runner/standard_task_runner.py:62 DeprecationWarning: This process (pid=4506) is multi-threaded, use of fork() may lead to deadlocks in the child.
[2026-02-26T12:07:00.068+0000] {standard_task_runner.py:64} INFO - Started process 4549 to run task
[2026-02-26T12:07:00.115+0000] {standard_task_runner.py:90} INFO - Running: ['***', 'tasks', 'run', 'oltp_s3_dwh', 'upload_postgre_to_s3_users', 'scheduled__2025-05-01T00:00:00+00:00', '--job-id', '1026', '--raw', '--subdir', 'DAGS_FOLDER/oltp_s3_dwh_dict.py', '--cfg-path', '/tmp/tmplo5t9x2z']
[2026-02-26T12:07:00.127+0000] {standard_task_runner.py:91} INFO - Job 1026: Subtask upload_postgre_to_s3_users
[2026-02-26T12:07:00.447+0000] {task_command.py:426} INFO - Running <TaskInstance: oltp_s3_dwh.upload_postgre_to_s3_users scheduled__2025-05-01T00:00:00+00:00 [running]> on host 31b45edbecf3
[2026-02-26T12:07:01.005+0000] {taskinstance.py:2648} INFO - Exporting env vars: AIRFLOW_CTX_DAG_OWNER='***' AIRFLOW_CTX_DAG_ID='oltp_s3_dwh' AIRFLOW_CTX_TASK_ID='upload_postgre_to_s3_users' AIRFLOW_CTX_EXECUTION_DATE='2025-05-01T00:00:00+00:00' AIRFLOW_CTX_TRY_NUMBER='1' AIRFLOW_CTX_DAG_RUN_ID='scheduled__2025-05-01T00:00:00+00:00'
[2026-02-26T12:07:01.009+0000] {taskinstance.py:430} INFO - ::endgroup::
[2026-02-26T12:07:01.134+0000] {base.py:84} INFO - Using connection ID 'postgres_oltp' for task execution.
[2026-02-26T12:07:01.151+0000] {logging_mixin.py:188} WARNING - /home/***/.local/lib/python3.12/site-packages/***/providers/common/sql/hooks/sql.py:269 UserWarning: pandas only supports SQLAlchemy connectable (engine/connection) or database string URI or sqlite3 DBAPI2 connection. Other DBAPI2 objects are not tested. Please consider using SQLAlchemy.
[2026-02-26T12:07:01.239+0000] {logging_mixin.py:188} INFO - В таблице users нет данных
[2026-02-26T12:07:01.242+0000] {python.py:237} INFO - Done. Returned value was: None
[2026-02-26T12:07:01.252+0000] {taskinstance.py:441} INFO - ::group::Post task execution logs
[2026-02-26T12:07:01.298+0000] {taskinstance.py:1206} INFO - Marking task as SUCCESS. dag_id=oltp_s3_dwh, task_id=upload_postgre_to_s3_users, run_id=scheduled__2025-05-01T00:00:00+00:00, execution_date=20250501T000000, start_date=20260226T120659, end_date=20260226T120701
[2026-02-26T12:07:01.410+0000] {local_task_job_runner.py:243} INFO - Task exited with return code 0
[2026-02-26T12:07:01.514+0000] {taskinstance.py:3503} INFO - 0 downstream tasks scheduled from follow-on schedule check
[2026-02-26T12:07:01.521+0000] {local_task_job_runner.py:222} INFO - ::endgroup::
[2026-02-27T19:00:30.708+0000] {local_task_job_runner.py:120} INFO - ::group::Pre task execution logs
[2026-02-27T19:00:30.757+0000] {taskinstance.py:2076} INFO - Dependencies all met for dep_context=non-requeueable deps ti=<TaskInstance: oltp_s3_dwh.upload_postgre_to_s3_users scheduled__2025-05-01T00:00:00+00:00 [queued]>
[2026-02-27T19:00:30.792+0000] {taskinstance.py:2076} INFO - Dependencies all met for dep_context=requeueable deps ti=<TaskInstance: oltp_s3_dwh.upload_postgre_to_s3_users scheduled__2025-05-01T00:00:00+00:00 [queued]>
[2026-02-27T19:00:30.795+0000] {taskinstance.py:2306} INFO - Starting attempt 1 of 1
[2026-02-27T19:00:30.862+0000] {taskinstance.py:2330} INFO - Executing <Task(PythonOperator): upload_postgre_to_s3_users> on 2025-05-01 00:00:00+00:00
[2026-02-27T19:00:30.888+0000] {logging_mixin.py:188} WARNING - /home/***/.local/lib/python3.12/site-packages/***/task/task_runner/standard_task_runner.py:62 DeprecationWarning: This process (pid=32292) is multi-threaded, use of fork() may lead to deadlocks in the child.
[2026-02-27T19:00:30.897+0000] {standard_task_runner.py:64} INFO - Started process 32313 to run task
[2026-02-27T19:00:30.888+0000] {standard_task_runner.py:90} INFO - Running: ['***', 'tasks', 'run', 'oltp_s3_dwh', 'upload_postgre_to_s3_users', 'scheduled__2025-05-01T00:00:00+00:00', '--job-id', '1587', '--raw', '--subdir', 'DAGS_FOLDER/oltp_s3_dwh.py', '--cfg-path', '/tmp/tmpbcj10ugj']
[2026-02-27T19:00:30.909+0000] {standard_task_runner.py:91} INFO - Job 1587: Subtask upload_postgre_to_s3_users
[2026-02-27T19:00:31.059+0000] {task_command.py:426} INFO - Running <TaskInstance: oltp_s3_dwh.upload_postgre_to_s3_users scheduled__2025-05-01T00:00:00+00:00 [running]> on host 31b45edbecf3
[2026-02-27T19:00:30.044+0000] {taskinstance.py:2648} INFO - Exporting env vars: AIRFLOW_CTX_DAG_OWNER='***' AIRFLOW_CTX_DAG_ID='oltp_s3_dwh' AIRFLOW_CTX_TASK_ID='upload_postgre_to_s3_users' AIRFLOW_CTX_EXECUTION_DATE='2025-05-01T00:00:00+00:00' AIRFLOW_CTX_TRY_NUMBER='1' AIRFLOW_CTX_DAG_RUN_ID='scheduled__2025-05-01T00:00:00+00:00'
[2026-02-27T19:00:30.046+0000] {taskinstance.py:430} INFO - ::endgroup::
[2026-02-27T19:00:30.121+0000] {base.py:84} INFO - Using connection ID 'postgres_oltp' for task execution.
[2026-02-27T19:00:30.181+0000] {logging_mixin.py:188} WARNING - /home/***/.local/lib/python3.12/site-packages/***/providers/common/sql/hooks/sql.py:269 UserWarning: pandas only supports SQLAlchemy connectable (engine/connection) or database string URI or sqlite3 DBAPI2 connection. Other DBAPI2 objects are not tested. Please consider using SQLAlchemy.
[2026-02-27T19:00:30.243+0000] {logging_mixin.py:188} INFO - В таблице users нет данных
[2026-02-27T19:00:30.245+0000] {python.py:237} INFO - Done. Returned value was: None
[2026-02-27T19:00:30.248+0000] {taskinstance.py:441} INFO - ::group::Post task execution logs
[2026-02-27T19:00:30.290+0000] {taskinstance.py:1206} INFO - Marking task as SUCCESS. dag_id=oltp_s3_dwh, task_id=upload_postgre_to_s3_users, run_id=scheduled__2025-05-01T00:00:00+00:00, execution_date=20250501T000000, start_date=20260227T190030, end_date=20260227T190030
[2026-02-27T19:00:30.382+0000] {local_task_job_runner.py:243} INFO - Task exited with return code 0
[2026-02-27T19:00:30.483+0000] {taskinstance.py:3503} INFO - 1 downstream tasks scheduled from follow-on schedule check
[2026-02-27T19:00:30.496+0000] {local_task_job_runner.py:222} INFO - ::endgroup::
