[2026-02-27T10:30:39.899+0000] {local_task_job_runner.py:120} INFO - ::group::Pre task execution logs
[2026-02-27T10:30:39.951+0000] {taskinstance.py:2076} INFO - Dependencies all met for dep_context=non-requeueable deps ti=<TaskInstance: staging_to_core.transform_dict_mcc_to_core scheduled__2025-05-01T00:00:00+00:00 [queued]>
[2026-02-27T10:30:39.966+0000] {taskinstance.py:2076} INFO - Dependencies all met for dep_context=requeueable deps ti=<TaskInstance: staging_to_core.transform_dict_mcc_to_core scheduled__2025-05-01T00:00:00+00:00 [queued]>
[2026-02-27T10:30:39.966+0000] {taskinstance.py:2306} INFO - Starting attempt 1 of 1
[2026-02-27T10:30:39.983+0000] {taskinstance.py:2330} INFO - Executing <Task(PostgresOperator): transform_dict_mcc_to_core> on 2025-05-01 00:00:00+00:00
[2026-02-27T10:30:39.991+0000] {logging_mixin.py:188} WARNING - /home/***/.local/lib/python3.12/site-packages/***/task/task_runner/standard_task_runner.py:62 DeprecationWarning: This process (pid=9245) is multi-threaded, use of fork() may lead to deadlocks in the child.
[2026-02-27T10:30:39.993+0000] {standard_task_runner.py:64} INFO - Started process 9246 to run task
[2026-02-27T10:30:39.991+0000] {standard_task_runner.py:90} INFO - Running: ['***', 'tasks', 'run', 'staging_to_core', 'transform_dict_mcc_to_core', 'scheduled__2025-05-01T00:00:00+00:00', '--job-id', '1360', '--raw', '--subdir', 'DAGS_FOLDER/staging_to_core.py', '--cfg-path', '/tmp/tmpd0lutltd']
[2026-02-27T10:30:39.994+0000] {standard_task_runner.py:91} INFO - Job 1360: Subtask transform_dict_mcc_to_core
[2026-02-27T10:30:40.065+0000] {task_command.py:426} INFO - Running <TaskInstance: staging_to_core.transform_dict_mcc_to_core scheduled__2025-05-01T00:00:00+00:00 [running]> on host 31b45edbecf3
[2026-02-27T10:30:40.182+0000] {taskinstance.py:2648} INFO - Exporting env vars: AIRFLOW_CTX_DAG_OWNER='***' AIRFLOW_CTX_DAG_ID='staging_to_core' AIRFLOW_CTX_TASK_ID='transform_dict_mcc_to_core' AIRFLOW_CTX_EXECUTION_DATE='2025-05-01T00:00:00+00:00' AIRFLOW_CTX_TRY_NUMBER='1' AIRFLOW_CTX_DAG_RUN_ID='scheduled__2025-05-01T00:00:00+00:00'
[2026-02-27T10:30:40.184+0000] {taskinstance.py:430} INFO - ::endgroup::
[2026-02-27T10:30:40.199+0000] {sql.py:282} INFO - Executing: 
                    INSERT INTO core.dict_mcc
                    SELECT * FROM staging.dict_mcc
                    ON CONFLICT (mcc_code) 
                    DO UPDATE SET
                        category_name = EXCLUDED.category_name, description = EXCLUDED.description;
                
[2026-02-27T10:30:40.211+0000] {base.py:84} INFO - Using connection ID 'postgres_dwh' for task execution.
[2026-02-27T10:30:40.222+0000] {base.py:84} INFO - Using connection ID 'postgres_dwh' for task execution.
[2026-02-27T10:30:40.227+0000] {sql.py:495} INFO - Running statement: 
                    INSERT INTO core.dict_mcc
                    SELECT * FROM staging.dict_mcc
                    ON CONFLICT (mcc_code) 
                    DO UPDATE SET
                        category_name = EXCLUDED.category_name, description = EXCLUDED.description;
                , parameters: None
[2026-02-27T10:30:40.229+0000] {sql.py:504} INFO - Rows affected: 7
[2026-02-27T10:30:40.232+0000] {taskinstance.py:441} INFO - ::group::Post task execution logs
[2026-02-27T10:30:40.247+0000] {taskinstance.py:1206} INFO - Marking task as SUCCESS. dag_id=staging_to_core, task_id=transform_dict_mcc_to_core, run_id=scheduled__2025-05-01T00:00:00+00:00, execution_date=20250501T000000, start_date=20260227T103039, end_date=20260227T103040
[2026-02-27T10:30:40.292+0000] {local_task_job_runner.py:243} INFO - Task exited with return code 0
[2026-02-27T10:30:40.308+0000] {logging_mixin.py:188} WARNING - /home/***/.local/lib/python3.12/site-packages/***/models/baseoperator.py:1297 AirflowProviderDeprecationWarning: Call to deprecated class PostgresOperator. (Please use `***.providers.common.sql.operators.sql.SQLExecuteQueryOperator`.Also, you can provide `hook_params={'schema': <database>}`.)
[2026-02-27T10:30:40.343+0000] {taskinstance.py:3503} INFO - 1 downstream tasks scheduled from follow-on schedule check
[2026-02-27T10:30:40.347+0000] {local_task_job_runner.py:222} INFO - ::endgroup::
[2026-02-27T19:02:30.919+0000] {local_task_job_runner.py:120} INFO - ::group::Pre task execution logs
[2026-02-27T19:02:30.959+0000] {taskinstance.py:2076} INFO - Dependencies all met for dep_context=non-requeueable deps ti=<TaskInstance: staging_to_core.transform_dict_mcc_to_core scheduled__2025-05-01T00:00:00+00:00 [queued]>
[2026-02-27T19:02:30.971+0000] {taskinstance.py:2076} INFO - Dependencies all met for dep_context=requeueable deps ti=<TaskInstance: staging_to_core.transform_dict_mcc_to_core scheduled__2025-05-01T00:00:00+00:00 [queued]>
[2026-02-27T19:02:30.972+0000] {taskinstance.py:2306} INFO - Starting attempt 1 of 1
[2026-02-27T19:02:30.985+0000] {taskinstance.py:2330} INFO - Executing <Task(PostgresOperator): transform_dict_mcc_to_core> on 2025-05-01 00:00:00+00:00
[2026-02-27T19:02:30.993+0000] {logging_mixin.py:188} WARNING - /home/***/.local/lib/python3.12/site-packages/***/task/task_runner/standard_task_runner.py:62 DeprecationWarning: This process (pid=33292) is multi-threaded, use of fork() may lead to deadlocks in the child.
[2026-02-27T19:02:30.995+0000] {standard_task_runner.py:64} INFO - Started process 33293 to run task
[2026-02-27T19:02:30.993+0000] {standard_task_runner.py:90} INFO - Running: ['***', 'tasks', 'run', 'staging_to_core', 'transform_dict_mcc_to_core', 'scheduled__2025-05-01T00:00:00+00:00', '--job-id', '1792', '--raw', '--subdir', 'DAGS_FOLDER/staging_to_core.py', '--cfg-path', '/tmp/tmp0zxpg_o3']
[2026-02-27T19:02:30.996+0000] {standard_task_runner.py:91} INFO - Job 1792: Subtask transform_dict_mcc_to_core
[2026-02-27T19:02:31.048+0000] {task_command.py:426} INFO - Running <TaskInstance: staging_to_core.transform_dict_mcc_to_core scheduled__2025-05-01T00:00:00+00:00 [running]> on host 31b45edbecf3
[2026-02-27T19:02:31.148+0000] {taskinstance.py:2648} INFO - Exporting env vars: AIRFLOW_CTX_DAG_OWNER='***' AIRFLOW_CTX_DAG_ID='staging_to_core' AIRFLOW_CTX_TASK_ID='transform_dict_mcc_to_core' AIRFLOW_CTX_EXECUTION_DATE='2025-05-01T00:00:00+00:00' AIRFLOW_CTX_TRY_NUMBER='1' AIRFLOW_CTX_DAG_RUN_ID='scheduled__2025-05-01T00:00:00+00:00'
[2026-02-27T19:02:31.150+0000] {taskinstance.py:430} INFO - ::endgroup::
[2026-02-27T19:02:31.167+0000] {sql.py:282} INFO - Executing: 
                    INSERT INTO core.dict_mcc
                    SELECT * FROM staging.dict_mcc
                    ON CONFLICT (mcc_code) 
                    DO UPDATE SET
                        category_name = EXCLUDED.category_name, description = EXCLUDED.description;
                
[2026-02-27T19:02:31.177+0000] {base.py:84} INFO - Using connection ID 'postgres_dwh' for task execution.
[2026-02-27T19:02:31.187+0000] {base.py:84} INFO - Using connection ID 'postgres_dwh' for task execution.
[2026-02-27T19:02:31.193+0000] {sql.py:495} INFO - Running statement: 
                    INSERT INTO core.dict_mcc
                    SELECT * FROM staging.dict_mcc
                    ON CONFLICT (mcc_code) 
                    DO UPDATE SET
                        category_name = EXCLUDED.category_name, description = EXCLUDED.description;
                , parameters: None
[2026-02-27T19:02:31.197+0000] {sql.py:504} INFO - Rows affected: 3
[2026-02-27T19:02:31.201+0000] {taskinstance.py:441} INFO - ::group::Post task execution logs
[2026-02-27T19:02:31.213+0000] {taskinstance.py:1206} INFO - Marking task as SUCCESS. dag_id=staging_to_core, task_id=transform_dict_mcc_to_core, run_id=scheduled__2025-05-01T00:00:00+00:00, execution_date=20250501T000000, start_date=20260227T190230, end_date=20260227T190231
[2026-02-27T19:02:31.251+0000] {local_task_job_runner.py:243} INFO - Task exited with return code 0
[2026-02-27T19:02:31.265+0000] {logging_mixin.py:188} WARNING - /home/***/.local/lib/python3.12/site-packages/***/models/baseoperator.py:1297 AirflowProviderDeprecationWarning: Call to deprecated class PostgresOperator. (Please use `***.providers.common.sql.operators.sql.SQLExecuteQueryOperator`.Also, you can provide `hook_params={'schema': <database>}`.)
[2026-02-27T19:02:31.294+0000] {taskinstance.py:3503} INFO - 1 downstream tasks scheduled from follow-on schedule check
[2026-02-27T19:02:31.298+0000] {local_task_job_runner.py:222} INFO - ::endgroup::
