[2026-02-27T10:30:13.514+0000] {local_task_job_runner.py:120} INFO - ::group::Pre task execution logs
[2026-02-27T10:30:13.574+0000] {taskinstance.py:2076} INFO - Dependencies all met for dep_context=non-requeueable deps ti=<TaskInstance: staging_to_core.wait_for_cards scheduled__2025-03-01T00:00:00+00:00 [queued]>
[2026-02-27T10:30:13.594+0000] {taskinstance.py:2076} INFO - Dependencies all met for dep_context=requeueable deps ti=<TaskInstance: staging_to_core.wait_for_cards scheduled__2025-03-01T00:00:00+00:00 [queued]>
[2026-02-27T10:30:13.596+0000] {taskinstance.py:2306} INFO - Starting attempt 1 of 1
[2026-02-27T10:30:13.624+0000] {taskinstance.py:2330} INFO - Executing <Task(ExternalTaskSensor): wait_for_cards> on 2025-03-01 00:00:00+00:00
[2026-02-27T10:30:13.639+0000] {logging_mixin.py:188} WARNING - /home/***/.local/lib/python3.12/site-packages/***/task/task_runner/standard_task_runner.py:62 DeprecationWarning: This process (pid=9162) is multi-threaded, use of fork() may lead to deadlocks in the child.
[2026-02-27T10:30:13.643+0000] {standard_task_runner.py:64} INFO - Started process 9170 to run task
[2026-02-27T10:30:13.650+0000] {standard_task_runner.py:90} INFO - Running: ['***', 'tasks', 'run', 'staging_to_core', 'wait_for_cards', 'scheduled__2025-03-01T00:00:00+00:00', '--job-id', '1337', '--raw', '--subdir', 'DAGS_FOLDER/staging_to_core.py', '--cfg-path', '/tmp/tmpmszeey6u']
[2026-02-27T10:30:13.653+0000] {standard_task_runner.py:91} INFO - Job 1337: Subtask wait_for_cards
[2026-02-27T10:30:13.752+0000] {task_command.py:426} INFO - Running <TaskInstance: staging_to_core.wait_for_cards scheduled__2025-03-01T00:00:00+00:00 [running]> on host 31b45edbecf3
[2026-02-27T10:30:13.886+0000] {taskinstance.py:2648} INFO - Exporting env vars: AIRFLOW_CTX_DAG_OWNER='***' AIRFLOW_CTX_DAG_ID='staging_to_core' AIRFLOW_CTX_TASK_ID='wait_for_cards' AIRFLOW_CTX_EXECUTION_DATE='2025-03-01T00:00:00+00:00' AIRFLOW_CTX_TRY_NUMBER='1' AIRFLOW_CTX_DAG_RUN_ID='scheduled__2025-03-01T00:00:00+00:00'
[2026-02-27T10:30:13.888+0000] {taskinstance.py:430} INFO - ::endgroup::
[2026-02-27T10:30:13.918+0000] {baseoperator.py:400} WARNING - ExternalTaskSensor.execute cannot be called outside TaskInstance!
[2026-02-27T10:30:13.939+0000] {external_task.py:258} INFO - Poking for tasks ['upload_s3_to_dwh_cards'] in dag oltp_s3_dwh on 2025-03-01T00:00:00+00:00 ... 
[2026-02-27T10:30:13.943+0000] {logging_mixin.py:188} WARNING - /home/***/.local/lib/python3.12/site-packages/***/utils/session.py:79 DeprecationWarning: This method is deprecated and will be removed in future.
[2026-02-27T10:30:13.965+0000] {base.py:294} INFO - Success criteria met. Exiting.
[2026-02-27T10:30:13.966+0000] {taskinstance.py:441} INFO - ::group::Post task execution logs
[2026-02-27T10:30:13.980+0000] {taskinstance.py:1206} INFO - Marking task as SUCCESS. dag_id=staging_to_core, task_id=wait_for_cards, run_id=scheduled__2025-03-01T00:00:00+00:00, execution_date=20250301T000000, start_date=20260227T103013, end_date=20260227T103013
[2026-02-27T10:30:14.023+0000] {local_task_job_runner.py:243} INFO - Task exited with return code 0
[2026-02-27T10:30:14.043+0000] {logging_mixin.py:188} WARNING - /home/***/.local/lib/python3.12/site-packages/***/models/baseoperator.py:1297 AirflowProviderDeprecationWarning: Call to deprecated class PostgresOperator. (Please use `***.providers.common.sql.operators.sql.SQLExecuteQueryOperator`.Also, you can provide `hook_params={'schema': <database>}`.)
[2026-02-27T10:30:14.078+0000] {taskinstance.py:3503} INFO - 1 downstream tasks scheduled from follow-on schedule check
[2026-02-27T10:30:14.087+0000] {local_task_job_runner.py:222} INFO - ::endgroup::
[2026-02-27T19:01:54.283+0000] {local_task_job_runner.py:120} INFO - ::group::Pre task execution logs
[2026-02-27T19:01:54.359+0000] {taskinstance.py:2076} INFO - Dependencies all met for dep_context=non-requeueable deps ti=<TaskInstance: staging_to_core.wait_for_cards scheduled__2025-03-01T00:00:00+00:00 [queued]>
[2026-02-27T19:01:54.434+0000] {taskinstance.py:2076} INFO - Dependencies all met for dep_context=requeueable deps ti=<TaskInstance: staging_to_core.wait_for_cards scheduled__2025-03-01T00:00:00+00:00 [queued]>
[2026-02-27T19:01:54.438+0000] {taskinstance.py:2306} INFO - Starting attempt 1 of 1
[2026-02-27T19:01:54.527+0000] {taskinstance.py:2330} INFO - Executing <Task(ExternalTaskSensor): wait_for_cards> on 2025-03-01 00:00:00+00:00
[2026-02-27T19:01:54.543+0000] {logging_mixin.py:188} WARNING - /home/***/.local/lib/python3.12/site-packages/***/task/task_runner/standard_task_runner.py:62 DeprecationWarning: This process (pid=33053) is multi-threaded, use of fork() may lead to deadlocks in the child.
[2026-02-27T19:01:54.552+0000] {standard_task_runner.py:90} INFO - Running: ['***', 'tasks', 'run', 'staging_to_core', 'wait_for_cards', 'scheduled__2025-03-01T00:00:00+00:00', '--job-id', '1745', '--raw', '--subdir', 'DAGS_FOLDER/staging_to_core.py', '--cfg-path', '/tmp/tmp655phcf9']
[2026-02-27T19:01:54.559+0000] {standard_task_runner.py:91} INFO - Job 1745: Subtask wait_for_cards
[2026-02-27T19:01:54.563+0000] {standard_task_runner.py:64} INFO - Started process 33065 to run task
[2026-02-27T19:01:54.815+0000] {task_command.py:426} INFO - Running <TaskInstance: staging_to_core.wait_for_cards scheduled__2025-03-01T00:00:00+00:00 [running]> on host 31b45edbecf3
[2026-02-27T19:01:53.007+0000] {taskinstance.py:2648} INFO - Exporting env vars: AIRFLOW_CTX_DAG_OWNER='***' AIRFLOW_CTX_DAG_ID='staging_to_core' AIRFLOW_CTX_TASK_ID='wait_for_cards' AIRFLOW_CTX_EXECUTION_DATE='2025-03-01T00:00:00+00:00' AIRFLOW_CTX_TRY_NUMBER='1' AIRFLOW_CTX_DAG_RUN_ID='scheduled__2025-03-01T00:00:00+00:00'
[2026-02-27T19:01:53.017+0000] {taskinstance.py:430} INFO - ::endgroup::
[2026-02-27T19:01:53.097+0000] {baseoperator.py:400} WARNING - ExternalTaskSensor.execute cannot be called outside TaskInstance!
[2026-02-27T19:01:53.145+0000] {external_task.py:258} INFO - Poking for tasks ['upload_s3_to_dwh_cards'] in dag oltp_s3_dwh on 2025-03-01T00:00:00+00:00 ... 
[2026-02-27T19:01:53.165+0000] {logging_mixin.py:188} WARNING - /home/***/.local/lib/python3.12/site-packages/***/utils/session.py:79 DeprecationWarning: This method is deprecated and will be removed in future.
[2026-02-27T19:01:53.214+0000] {base.py:294} INFO - Success criteria met. Exiting.
[2026-02-27T19:01:53.215+0000] {taskinstance.py:441} INFO - ::group::Post task execution logs
[2026-02-27T19:01:53.233+0000] {taskinstance.py:1206} INFO - Marking task as SUCCESS. dag_id=staging_to_core, task_id=wait_for_cards, run_id=scheduled__2025-03-01T00:00:00+00:00, execution_date=20250301T000000, start_date=20260227T190154, end_date=20260227T190153
[2026-02-27T19:01:53.307+0000] {local_task_job_runner.py:243} INFO - Task exited with return code 0
[2026-02-27T19:01:53.320+0000] {logging_mixin.py:188} WARNING - /home/***/.local/lib/python3.12/site-packages/***/models/baseoperator.py:1297 AirflowProviderDeprecationWarning: Call to deprecated class PostgresOperator. (Please use `***.providers.common.sql.operators.sql.SQLExecuteQueryOperator`.Also, you can provide `hook_params={'schema': <database>}`.)
[2026-02-27T19:01:53.384+0000] {taskinstance.py:3503} INFO - 1 downstream tasks scheduled from follow-on schedule check
[2026-02-27T19:01:53.390+0000] {local_task_job_runner.py:222} INFO - ::endgroup::
