[2026-02-26T12:07:08.806+0000] {local_task_job_runner.py:120} INFO - ::group::Pre task execution logs
[2026-02-26T12:07:08.864+0000] {taskinstance.py:2076} INFO - Dependencies all met for dep_context=non-requeueable deps ti=<TaskInstance: oltp_s3_dwh.upload_postgre_to_s3_cards scheduled__2025-07-01T00:00:00+00:00 [queued]>
[2026-02-26T12:07:08.956+0000] {taskinstance.py:2076} INFO - Dependencies all met for dep_context=requeueable deps ti=<TaskInstance: oltp_s3_dwh.upload_postgre_to_s3_cards scheduled__2025-07-01T00:00:00+00:00 [queued]>
[2026-02-26T12:07:08.965+0000] {taskinstance.py:2306} INFO - Starting attempt 1 of 1
[2026-02-26T12:07:09.051+0000] {taskinstance.py:2330} INFO - Executing <Task(PythonOperator): upload_postgre_to_s3_cards> on 2025-07-01 00:00:00+00:00
[2026-02-26T12:07:09.108+0000] {logging_mixin.py:188} WARNING - /home/***/.local/lib/python3.12/site-packages/***/task/task_runner/standard_task_runner.py:62 DeprecationWarning: This process (pid=4607) is multi-threaded, use of fork() may lead to deadlocks in the child.
[2026-02-26T12:07:09.113+0000] {standard_task_runner.py:64} INFO - Started process 4655 to run task
[2026-02-26T12:07:09.104+0000] {standard_task_runner.py:90} INFO - Running: ['***', 'tasks', 'run', 'oltp_s3_dwh', 'upload_postgre_to_s3_cards', 'scheduled__2025-07-01T00:00:00+00:00', '--job-id', '1038', '--raw', '--subdir', 'DAGS_FOLDER/oltp_s3_dwh_dict.py', '--cfg-path', '/tmp/tmp04cw6wrx']
[2026-02-26T12:07:09.127+0000] {standard_task_runner.py:91} INFO - Job 1038: Subtask upload_postgre_to_s3_cards
[2026-02-26T12:07:09.342+0000] {task_command.py:426} INFO - Running <TaskInstance: oltp_s3_dwh.upload_postgre_to_s3_cards scheduled__2025-07-01T00:00:00+00:00 [running]> on host 31b45edbecf3
[2026-02-26T12:07:09.948+0000] {taskinstance.py:2648} INFO - Exporting env vars: AIRFLOW_CTX_DAG_OWNER='***' AIRFLOW_CTX_DAG_ID='oltp_s3_dwh' AIRFLOW_CTX_TASK_ID='upload_postgre_to_s3_cards' AIRFLOW_CTX_EXECUTION_DATE='2025-07-01T00:00:00+00:00' AIRFLOW_CTX_TRY_NUMBER='1' AIRFLOW_CTX_DAG_RUN_ID='scheduled__2025-07-01T00:00:00+00:00'
[2026-02-26T12:07:09.953+0000] {taskinstance.py:430} INFO - ::endgroup::
[2026-02-26T12:07:10.113+0000] {base.py:84} INFO - Using connection ID 'postgres_oltp' for task execution.
[2026-02-26T12:07:10.183+0000] {logging_mixin.py:188} WARNING - /home/***/.local/lib/python3.12/site-packages/***/providers/common/sql/hooks/sql.py:269 UserWarning: pandas only supports SQLAlchemy connectable (engine/connection) or database string URI or sqlite3 DBAPI2 connection. Other DBAPI2 objects are not tested. Please consider using SQLAlchemy.
[2026-02-26T12:07:10.547+0000] {base.py:84} INFO - Using connection ID 'minio_conn_id' for task execution.
[2026-02-26T12:07:10.552+0000] {connection_wrapper.py:384} INFO - AWS Connection (conn_id='minio_conn_id', conn_type='aws') credentials retrieved from login and ***.
[2026-02-26T12:07:12.621+0000] {python.py:237} INFO - Done. Returned value was: None
[2026-02-26T12:07:12.622+0000] {taskinstance.py:441} INFO - ::group::Post task execution logs
[2026-02-26T12:07:12.639+0000] {taskinstance.py:1206} INFO - Marking task as SUCCESS. dag_id=oltp_s3_dwh, task_id=upload_postgre_to_s3_cards, run_id=scheduled__2025-07-01T00:00:00+00:00, execution_date=20250701T000000, start_date=20260226T120708, end_date=20260226T120712
[2026-02-26T12:07:12.752+0000] {local_task_job_runner.py:243} INFO - Task exited with return code 0
[2026-02-26T12:07:12.786+0000] {taskinstance.py:3503} INFO - 0 downstream tasks scheduled from follow-on schedule check
[2026-02-26T12:07:12.792+0000] {local_task_job_runner.py:222} INFO - ::endgroup::
[2026-02-27T19:00:55.227+0000] {local_task_job_runner.py:120} INFO - ::group::Pre task execution logs
[2026-02-27T19:00:55.283+0000] {taskinstance.py:2076} INFO - Dependencies all met for dep_context=non-requeueable deps ti=<TaskInstance: oltp_s3_dwh.upload_postgre_to_s3_cards scheduled__2025-07-01T00:00:00+00:00 [queued]>
[2026-02-27T19:00:55.313+0000] {taskinstance.py:2076} INFO - Dependencies all met for dep_context=requeueable deps ti=<TaskInstance: oltp_s3_dwh.upload_postgre_to_s3_cards scheduled__2025-07-01T00:00:00+00:00 [queued]>
[2026-02-27T19:00:55.317+0000] {taskinstance.py:2306} INFO - Starting attempt 1 of 1
[2026-02-27T19:00:55.395+0000] {taskinstance.py:2330} INFO - Executing <Task(PythonOperator): upload_postgre_to_s3_cards> on 2025-07-01 00:00:00+00:00
[2026-02-27T19:00:55.428+0000] {logging_mixin.py:188} WARNING - /home/***/.local/lib/python3.12/site-packages/***/task/task_runner/standard_task_runner.py:62 DeprecationWarning: This process (pid=32515) is multi-threaded, use of fork() may lead to deadlocks in the child.
[2026-02-27T19:00:55.446+0000] {standard_task_runner.py:64} INFO - Started process 32532 to run task
[2026-02-27T19:00:55.455+0000] {standard_task_runner.py:90} INFO - Running: ['***', 'tasks', 'run', 'oltp_s3_dwh', 'upload_postgre_to_s3_cards', 'scheduled__2025-07-01T00:00:00+00:00', '--job-id', '1630', '--raw', '--subdir', 'DAGS_FOLDER/oltp_s3_dwh.py', '--cfg-path', '/tmp/tmpmyf60f75']
[2026-02-27T19:00:55.464+0000] {standard_task_runner.py:91} INFO - Job 1630: Subtask upload_postgre_to_s3_cards
[2026-02-27T19:00:55.700+0000] {task_command.py:426} INFO - Running <TaskInstance: oltp_s3_dwh.upload_postgre_to_s3_cards scheduled__2025-07-01T00:00:00+00:00 [running]> on host 31b45edbecf3
[2026-02-27T19:00:56.019+0000] {taskinstance.py:2648} INFO - Exporting env vars: AIRFLOW_CTX_DAG_OWNER='***' AIRFLOW_CTX_DAG_ID='oltp_s3_dwh' AIRFLOW_CTX_TASK_ID='upload_postgre_to_s3_cards' AIRFLOW_CTX_EXECUTION_DATE='2025-07-01T00:00:00+00:00' AIRFLOW_CTX_TRY_NUMBER='1' AIRFLOW_CTX_DAG_RUN_ID='scheduled__2025-07-01T00:00:00+00:00'
[2026-02-27T19:00:56.021+0000] {taskinstance.py:430} INFO - ::endgroup::
[2026-02-27T19:00:56.110+0000] {base.py:84} INFO - Using connection ID 'postgres_oltp' for task execution.
[2026-02-27T19:00:56.150+0000] {logging_mixin.py:188} WARNING - /home/***/.local/lib/python3.12/site-packages/***/providers/common/sql/hooks/sql.py:269 UserWarning: pandas only supports SQLAlchemy connectable (engine/connection) or database string URI or sqlite3 DBAPI2 connection. Other DBAPI2 objects are not tested. Please consider using SQLAlchemy.
[2026-02-27T19:00:56.191+0000] {logging_mixin.py:188} INFO - В таблице cards нет данных
[2026-02-27T19:00:56.193+0000] {python.py:237} INFO - Done. Returned value was: None
[2026-02-27T19:00:56.195+0000] {taskinstance.py:441} INFO - ::group::Post task execution logs
[2026-02-27T19:00:56.215+0000] {taskinstance.py:1206} INFO - Marking task as SUCCESS. dag_id=oltp_s3_dwh, task_id=upload_postgre_to_s3_cards, run_id=scheduled__2025-07-01T00:00:00+00:00, execution_date=20250701T000000, start_date=20260227T190055, end_date=20260227T190056
[2026-02-27T19:00:56.297+0000] {local_task_job_runner.py:243} INFO - Task exited with return code 0
[2026-02-27T19:00:56.340+0000] {taskinstance.py:3503} INFO - 1 downstream tasks scheduled from follow-on schedule check
[2026-02-27T19:00:56.353+0000] {local_task_job_runner.py:222} INFO - ::endgroup::
