[2026-02-26T12:07:31.584+0000] {local_task_job_runner.py:120} INFO - ::group::Pre task execution logs
[2026-02-26T12:07:31.681+0000] {taskinstance.py:2076} INFO - Dependencies all met for dep_context=non-requeueable deps ti=<TaskInstance: oltp_s3_dwh.upload_postgre_to_s3_dict_regions scheduled__2026-01-01T00:00:00+00:00 [queued]>
[2026-02-26T12:07:31.708+0000] {taskinstance.py:2076} INFO - Dependencies all met for dep_context=requeueable deps ti=<TaskInstance: oltp_s3_dwh.upload_postgre_to_s3_dict_regions scheduled__2026-01-01T00:00:00+00:00 [queued]>
[2026-02-26T12:07:31.712+0000] {taskinstance.py:2306} INFO - Starting attempt 1 of 1
[2026-02-26T12:07:31.788+0000] {taskinstance.py:2330} INFO - Executing <Task(PythonOperator): upload_postgre_to_s3_dict_regions> on 2026-01-01 00:00:00+00:00
[2026-02-26T12:07:31.828+0000] {logging_mixin.py:188} WARNING - /home/***/.local/lib/python3.12/site-packages/***/task/task_runner/standard_task_runner.py:62 DeprecationWarning: This process (pid=4876) is multi-threaded, use of fork() may lead to deadlocks in the child.
[2026-02-26T12:07:31.831+0000] {standard_task_runner.py:64} INFO - Started process 4917 to run task
[2026-02-26T12:07:31.851+0000] {standard_task_runner.py:90} INFO - Running: ['***', 'tasks', 'run', 'oltp_s3_dwh', 'upload_postgre_to_s3_dict_regions', 'scheduled__2026-01-01T00:00:00+00:00', '--job-id', '1084', '--raw', '--subdir', 'DAGS_FOLDER/oltp_s3_dwh_dict.py', '--cfg-path', '/tmp/tmpk5knc_i7']
[2026-02-26T12:07:31.878+0000] {standard_task_runner.py:91} INFO - Job 1084: Subtask upload_postgre_to_s3_dict_regions
[2026-02-26T12:07:32.226+0000] {task_command.py:426} INFO - Running <TaskInstance: oltp_s3_dwh.upload_postgre_to_s3_dict_regions scheduled__2026-01-01T00:00:00+00:00 [running]> on host 31b45edbecf3
[2026-02-26T12:07:32.573+0000] {taskinstance.py:2648} INFO - Exporting env vars: AIRFLOW_CTX_DAG_OWNER='***' AIRFLOW_CTX_DAG_ID='oltp_s3_dwh' AIRFLOW_CTX_TASK_ID='upload_postgre_to_s3_dict_regions' AIRFLOW_CTX_EXECUTION_DATE='2026-01-01T00:00:00+00:00' AIRFLOW_CTX_TRY_NUMBER='1' AIRFLOW_CTX_DAG_RUN_ID='scheduled__2026-01-01T00:00:00+00:00'
[2026-02-26T12:07:32.579+0000] {taskinstance.py:430} INFO - ::endgroup::
[2026-02-26T12:07:32.706+0000] {base.py:84} INFO - Using connection ID 'postgres_oltp' for task execution.
[2026-02-26T12:07:32.745+0000] {logging_mixin.py:188} WARNING - /home/***/.local/lib/python3.12/site-packages/***/providers/common/sql/hooks/sql.py:269 UserWarning: pandas only supports SQLAlchemy connectable (engine/connection) or database string URI or sqlite3 DBAPI2 connection. Other DBAPI2 objects are not tested. Please consider using SQLAlchemy.
[2026-02-26T12:07:32.923+0000] {base.py:84} INFO - Using connection ID 'minio_conn_id' for task execution.
[2026-02-26T12:07:32.931+0000] {connection_wrapper.py:384} INFO - AWS Connection (conn_id='minio_conn_id', conn_type='aws') credentials retrieved from login and ***.
[2026-02-26T12:07:34.813+0000] {python.py:237} INFO - Done. Returned value was: None
[2026-02-26T12:07:34.814+0000] {taskinstance.py:441} INFO - ::group::Post task execution logs
[2026-02-26T12:07:34.823+0000] {taskinstance.py:1206} INFO - Marking task as SUCCESS. dag_id=oltp_s3_dwh, task_id=upload_postgre_to_s3_dict_regions, run_id=scheduled__2026-01-01T00:00:00+00:00, execution_date=20260101T000000, start_date=20260226T120731, end_date=20260226T120734
[2026-02-26T12:07:34.924+0000] {local_task_job_runner.py:243} INFO - Task exited with return code 0
[2026-02-26T12:07:35.023+0000] {taskinstance.py:3503} INFO - 0 downstream tasks scheduled from follow-on schedule check
[2026-02-26T12:07:35.038+0000] {local_task_job_runner.py:222} INFO - ::endgroup::
[2026-02-27T19:02:04.851+0000] {local_task_job_runner.py:120} INFO - ::group::Pre task execution logs
[2026-02-27T19:02:04.895+0000] {taskinstance.py:2076} INFO - Dependencies all met for dep_context=non-requeueable deps ti=<TaskInstance: oltp_s3_dwh.upload_postgre_to_s3_dict_regions scheduled__2026-01-01T00:00:00+00:00 [queued]>
[2026-02-27T19:02:04.947+0000] {taskinstance.py:2076} INFO - Dependencies all met for dep_context=requeueable deps ti=<TaskInstance: oltp_s3_dwh.upload_postgre_to_s3_dict_regions scheduled__2026-01-01T00:00:00+00:00 [queued]>
[2026-02-27T19:02:04.948+0000] {taskinstance.py:2306} INFO - Starting attempt 1 of 1
[2026-02-27T19:02:05.051+0000] {taskinstance.py:2330} INFO - Executing <Task(PythonOperator): upload_postgre_to_s3_dict_regions> on 2026-01-01 00:00:00+00:00
[2026-02-27T19:02:05.064+0000] {logging_mixin.py:188} WARNING - /home/***/.local/lib/python3.12/site-packages/***/task/task_runner/standard_task_runner.py:62 DeprecationWarning: This process (pid=33148) is multi-threaded, use of fork() may lead to deadlocks in the child.
[2026-02-27T19:02:05.084+0000] {standard_task_runner.py:90} INFO - Running: ['***', 'tasks', 'run', 'oltp_s3_dwh', 'upload_postgre_to_s3_dict_regions', 'scheduled__2026-01-01T00:00:00+00:00', '--job-id', '1765', '--raw', '--subdir', 'DAGS_FOLDER/oltp_s3_dwh.py', '--cfg-path', '/tmp/tmpss78yc7l']
[2026-02-27T19:02:05.091+0000] {standard_task_runner.py:91} INFO - Job 1765: Subtask upload_postgre_to_s3_dict_regions
[2026-02-27T19:02:05.088+0000] {standard_task_runner.py:64} INFO - Started process 33166 to run task
[2026-02-27T19:02:05.326+0000] {task_command.py:426} INFO - Running <TaskInstance: oltp_s3_dwh.upload_postgre_to_s3_dict_regions scheduled__2026-01-01T00:00:00+00:00 [running]> on host 31b45edbecf3
[2026-02-27T19:02:05.739+0000] {taskinstance.py:2648} INFO - Exporting env vars: AIRFLOW_CTX_DAG_OWNER='***' AIRFLOW_CTX_DAG_ID='oltp_s3_dwh' AIRFLOW_CTX_TASK_ID='upload_postgre_to_s3_dict_regions' AIRFLOW_CTX_EXECUTION_DATE='2026-01-01T00:00:00+00:00' AIRFLOW_CTX_TRY_NUMBER='1' AIRFLOW_CTX_DAG_RUN_ID='scheduled__2026-01-01T00:00:00+00:00'
[2026-02-27T19:02:05.744+0000] {taskinstance.py:430} INFO - ::endgroup::
[2026-02-27T19:02:05.777+0000] {base.py:84} INFO - Using connection ID 'postgres_oltp' for task execution.
[2026-02-27T19:02:05.801+0000] {logging_mixin.py:188} WARNING - /home/***/.local/lib/python3.12/site-packages/***/providers/common/sql/hooks/sql.py:269 UserWarning: pandas only supports SQLAlchemy connectable (engine/connection) or database string URI or sqlite3 DBAPI2 connection. Other DBAPI2 objects are not tested. Please consider using SQLAlchemy.
[2026-02-27T19:02:05.876+0000] {base.py:84} INFO - Using connection ID 'minio_conn_id' for task execution.
[2026-02-27T19:02:05.877+0000] {connection_wrapper.py:384} INFO - AWS Connection (conn_id='minio_conn_id', conn_type='aws') credentials retrieved from login and ***.
[2026-02-27T19:02:06.967+0000] {python.py:237} INFO - Done. Returned value was: None
[2026-02-27T19:02:06.968+0000] {taskinstance.py:441} INFO - ::group::Post task execution logs
[2026-02-27T19:02:06.992+0000] {taskinstance.py:1206} INFO - Marking task as SUCCESS. dag_id=oltp_s3_dwh, task_id=upload_postgre_to_s3_dict_regions, run_id=scheduled__2026-01-01T00:00:00+00:00, execution_date=20260101T000000, start_date=20260227T190204, end_date=20260227T190206
[2026-02-27T19:02:07.043+0000] {local_task_job_runner.py:243} INFO - Task exited with return code 0
[2026-02-27T19:02:07.077+0000] {taskinstance.py:3503} INFO - 1 downstream tasks scheduled from follow-on schedule check
[2026-02-27T19:02:07.098+0000] {local_task_job_runner.py:222} INFO - ::endgroup::
