[2026-02-26T17:34:12.935+0000] {local_task_job_runner.py:120} INFO - ::group::Pre task execution logs
[2026-02-26T17:34:13.022+0000] {taskinstance.py:2076} INFO - Dependencies all met for dep_context=non-requeueable deps ti=<TaskInstance: oltp_s3_dwh.upload_s3_to_dwh_users manual__2026-02-26T12:02:57.810764+00:00 [queued]>
[2026-02-26T17:34:13.037+0000] {taskinstance.py:2076} INFO - Dependencies all met for dep_context=requeueable deps ti=<TaskInstance: oltp_s3_dwh.upload_s3_to_dwh_users manual__2026-02-26T12:02:57.810764+00:00 [queued]>
[2026-02-26T17:34:13.037+0000] {taskinstance.py:2306} INFO - Starting attempt 2 of 2
[2026-02-26T17:34:13.068+0000] {taskinstance.py:2330} INFO - Executing <Task(PythonOperator): upload_s3_to_dwh_users> on 2026-02-26 12:02:57.810764+00:00
[2026-02-26T17:34:13.117+0000] {standard_task_runner.py:90} INFO - Running: ['***', 'tasks', 'run', 'oltp_s3_dwh', 'upload_s3_to_dwh_users', 'manual__2026-02-26T12:02:57.810764+00:00', '--job-id', '1124', '--raw', '--subdir', 'DAGS_FOLDER/oltp_s3_dwh.py', '--cfg-path', '/tmp/tmpp8dp7sh6']
[2026-02-26T17:34:13.130+0000] {standard_task_runner.py:91} INFO - Job 1124: Subtask upload_s3_to_dwh_users
[2026-02-26T17:34:13.144+0000] {logging_mixin.py:188} WARNING - /home/***/.local/lib/python3.12/site-packages/***/task/task_runner/standard_task_runner.py:62 DeprecationWarning: This process (pid=5131) is multi-threaded, use of fork() may lead to deadlocks in the child.
[2026-02-26T17:34:13.147+0000] {standard_task_runner.py:64} INFO - Started process 5140 to run task
[2026-02-26T17:34:13.229+0000] {task_command.py:426} INFO - Running <TaskInstance: oltp_s3_dwh.upload_s3_to_dwh_users manual__2026-02-26T12:02:57.810764+00:00 [running]> on host 31b45edbecf3
[2026-02-26T17:34:13.433+0000] {taskinstance.py:2648} INFO - Exporting env vars: AIRFLOW_CTX_DAG_OWNER='***' AIRFLOW_CTX_DAG_ID='oltp_s3_dwh' AIRFLOW_CTX_TASK_ID='upload_s3_to_dwh_users' AIRFLOW_CTX_EXECUTION_DATE='2026-02-26T12:02:57.810764+00:00' AIRFLOW_CTX_TRY_NUMBER='2' AIRFLOW_CTX_DAG_RUN_ID='manual__2026-02-26T12:02:57.810764+00:00'
[2026-02-26T17:34:13.437+0000] {taskinstance.py:430} INFO - ::endgroup::
[2026-02-26T17:34:13.500+0000] {base.py:84} INFO - Using connection ID 'minio_conn_id' for task execution.
[2026-02-26T17:34:13.502+0000] {connection_wrapper.py:384} INFO - AWS Connection (conn_id='minio_conn_id', conn_type='aws') credentials retrieved from login and password.
[2026-02-26T17:34:14.175+0000] {base.py:84} INFO - Using connection ID 'postgres_dwh' for task execution.
[2026-02-26T17:34:14.182+0000] {sql.py:495} INFO - Running statement: Truncate table staging.users, parameters: None
[2026-02-26T17:34:14.202+0000] {base.py:84} INFO - Using connection ID 'postgres_dwh' for task execution.
[2026-02-26T17:34:14.210+0000] {taskinstance.py:441} INFO - ::group::Post task execution logs
[2026-02-26T17:34:14.211+0000] {taskinstance.py:2905} ERROR - Task failed with exception
Traceback (most recent call last):
  File "/home/airflow/.local/lib/python3.12/site-packages/airflow/models/taskinstance.py", line 465, in _execute_task
    result = _execute_callable(context=context, **execute_callable_kwargs)
             ^^^^^^^^^^^^^^^^^^^^^^^^^^^^^^^^^^^^^^^^^^^^^^^^^^^^^^^^^^^^^
  File "/home/airflow/.local/lib/python3.12/site-packages/airflow/models/taskinstance.py", line 432, in _execute_callable
    return execute_callable(context=context, **execute_callable_kwargs)
           ^^^^^^^^^^^^^^^^^^^^^^^^^^^^^^^^^^^^^^^^^^^^^^^^^^^^^^^^^^^^
  File "/home/airflow/.local/lib/python3.12/site-packages/airflow/models/baseoperator.py", line 401, in wrapper
    return func(self, *args, **kwargs)
           ^^^^^^^^^^^^^^^^^^^^^^^^^^^
  File "/home/airflow/.local/lib/python3.12/site-packages/airflow/operators/python.py", line 235, in execute
    return_value = self.execute_callable()
                   ^^^^^^^^^^^^^^^^^^^^^^^
  File "/home/airflow/.local/lib/python3.12/site-packages/airflow/operators/python.py", line 252, in execute_callable
    return self.python_callable(*self.op_args, **self.op_kwargs)
           ^^^^^^^^^^^^^^^^^^^^^^^^^^^^^^^^^^^^^^^^^^^^^^^^^^^^^
  File "/opt/airflow/dags/oltp_s3_dwh.py", line 81, in upload_s3_to_dwh
    cursor.copy_from(output, f"staging.{table_name}", sep='\t', null="")
psycopg2.errors.UndefinedTable: relation "staging.users" does not exist

[2026-02-26T17:34:14.242+0000] {taskinstance.py:1206} INFO - Marking task as FAILED. dag_id=oltp_s3_dwh, task_id=upload_s3_to_dwh_users, run_id=manual__2026-02-26T12:02:57.810764+00:00, execution_date=20260226T120257, start_date=20260226T173413, end_date=20260226T173414
[2026-02-26T17:34:14.269+0000] {standard_task_runner.py:110} ERROR - Failed to execute job 1124 for task upload_s3_to_dwh_users (relation "staging.users" does not exist
; 5140)
[2026-02-26T17:34:14.323+0000] {local_task_job_runner.py:243} INFO - Task exited with return code 1
[2026-02-26T17:34:14.361+0000] {taskinstance.py:3503} INFO - 0 downstream tasks scheduled from follow-on schedule check
[2026-02-26T17:34:14.377+0000] {local_task_job_runner.py:222} INFO - ::endgroup::
