[2026-02-26T17:39:00.905+0000] {local_task_job_runner.py:120} INFO - ::group::Pre task execution logs
[2026-02-26T17:39:00.957+0000] {taskinstance.py:2076} INFO - Dependencies all met for dep_context=non-requeueable deps ti=<TaskInstance: oltp_s3_dwh.upload_s3_to_dwh_users manual__2026-02-26T12:02:57.810764+00:00 [queued]>
[2026-02-26T17:39:00.993+0000] {taskinstance.py:2076} INFO - Dependencies all met for dep_context=requeueable deps ti=<TaskInstance: oltp_s3_dwh.upload_s3_to_dwh_users manual__2026-02-26T12:02:57.810764+00:00 [queued]>
[2026-02-26T17:39:00.995+0000] {taskinstance.py:2306} INFO - Starting attempt 4 of 4
[2026-02-26T17:39:01.049+0000] {taskinstance.py:2330} INFO - Executing <Task(PythonOperator): upload_s3_to_dwh_users> on 2026-02-26 12:02:57.810764+00:00
[2026-02-26T17:39:01.095+0000] {logging_mixin.py:188} WARNING - /home/***/.local/lib/python3.12/site-packages/***/task/task_runner/standard_task_runner.py:62 DeprecationWarning: This process (pid=5542) is multi-threaded, use of fork() may lead to deadlocks in the child.
[2026-02-26T17:39:01.096+0000] {standard_task_runner.py:64} INFO - Started process 5557 to run task
[2026-02-26T17:39:01.091+0000] {standard_task_runner.py:90} INFO - Running: ['***', 'tasks', 'run', 'oltp_s3_dwh', 'upload_s3_to_dwh_users', 'manual__2026-02-26T12:02:57.810764+00:00', '--job-id', '1144', '--raw', '--subdir', 'DAGS_FOLDER/oltp_s3_dwh.py', '--cfg-path', '/tmp/tmpmil3zki8']
[2026-02-26T17:39:01.104+0000] {standard_task_runner.py:91} INFO - Job 1144: Subtask upload_s3_to_dwh_users
[2026-02-26T17:39:01.312+0000] {task_command.py:426} INFO - Running <TaskInstance: oltp_s3_dwh.upload_s3_to_dwh_users manual__2026-02-26T12:02:57.810764+00:00 [running]> on host 31b45edbecf3
[2026-02-26T17:39:01.712+0000] {taskinstance.py:2648} INFO - Exporting env vars: AIRFLOW_CTX_DAG_OWNER='***' AIRFLOW_CTX_DAG_ID='oltp_s3_dwh' AIRFLOW_CTX_TASK_ID='upload_s3_to_dwh_users' AIRFLOW_CTX_EXECUTION_DATE='2026-02-26T12:02:57.810764+00:00' AIRFLOW_CTX_TRY_NUMBER='4' AIRFLOW_CTX_DAG_RUN_ID='manual__2026-02-26T12:02:57.810764+00:00'
[2026-02-26T17:39:01.728+0000] {taskinstance.py:430} INFO - ::endgroup::
[2026-02-26T17:39:01.853+0000] {base.py:84} INFO - Using connection ID 'postgres_dwh' for task execution.
[2026-02-26T17:39:01.900+0000] {sql.py:495} INFO - Running statement: SELECT table_schema, table_name FROM information_schema.tables WHERE table_schema = 'staging';, parameters: None
[2026-02-26T17:39:01.904+0000] {sql.py:504} INFO - Rows affected: 9
[2026-02-26T17:39:01.906+0000] {logging_mixin.py:188} INFO - DEBUG: Доступные таблицы в схеме staging: [('staging', 'exchange_rates'), ('staging', 'accounts'), ('staging', 'users'), ('staging', 'dict_merchants'), ('staging', 'dict_regions'), ('staging', 'transactions'), ('staging', 'dict_tariffs'), ('staging', 'dict_mcc'), ('staging', 'cards')]
[2026-02-26T17:39:01.970+0000] {base.py:84} INFO - Using connection ID 'minio_conn_id' for task execution.
[2026-02-26T17:39:01.971+0000] {connection_wrapper.py:384} INFO - AWS Connection (conn_id='minio_conn_id', conn_type='aws') credentials retrieved from login and ***.
[2026-02-26T17:39:03.125+0000] {base.py:84} INFO - Using connection ID 'postgres_dwh' for task execution.
[2026-02-26T17:39:03.157+0000] {taskinstance.py:441} INFO - ::group::Post task execution logs
[2026-02-26T17:39:03.159+0000] {taskinstance.py:2905} ERROR - Task failed with exception
Traceback (most recent call last):
  File "/home/airflow/.local/lib/python3.12/site-packages/airflow/models/taskinstance.py", line 465, in _execute_task
    result = _execute_callable(context=context, **execute_callable_kwargs)
             ^^^^^^^^^^^^^^^^^^^^^^^^^^^^^^^^^^^^^^^^^^^^^^^^^^^^^^^^^^^^^
  File "/home/airflow/.local/lib/python3.12/site-packages/airflow/models/taskinstance.py", line 432, in _execute_callable
    return execute_callable(context=context, **execute_callable_kwargs)
           ^^^^^^^^^^^^^^^^^^^^^^^^^^^^^^^^^^^^^^^^^^^^^^^^^^^^^^^^^^^^
  File "/home/airflow/.local/lib/python3.12/site-packages/airflow/models/baseoperator.py", line 401, in wrapper
    return func(self, *args, **kwargs)
           ^^^^^^^^^^^^^^^^^^^^^^^^^^^
  File "/home/airflow/.local/lib/python3.12/site-packages/airflow/operators/python.py", line 235, in execute
    return_value = self.execute_callable()
                   ^^^^^^^^^^^^^^^^^^^^^^^
  File "/home/airflow/.local/lib/python3.12/site-packages/airflow/operators/python.py", line 252, in execute_callable
    return self.python_callable(*self.op_args, **self.op_kwargs)
           ^^^^^^^^^^^^^^^^^^^^^^^^^^^^^^^^^^^^^^^^^^^^^^^^^^^^^
  File "/opt/airflow/dags/oltp_s3_dwh.py", line 86, in upload_s3_to_dwh
    cursor.copy_from(output, f"staging.{table_name}", sep='\t', null="")
psycopg2.errors.UndefinedTable: relation "staging.users" does not exist

[2026-02-26T17:39:03.209+0000] {taskinstance.py:1206} INFO - Marking task as FAILED. dag_id=oltp_s3_dwh, task_id=upload_s3_to_dwh_users, run_id=manual__2026-02-26T12:02:57.810764+00:00, execution_date=20260226T120257, start_date=20260226T173900, end_date=20260226T173903
[2026-02-26T17:39:03.247+0000] {standard_task_runner.py:110} ERROR - Failed to execute job 1144 for task upload_s3_to_dwh_users (relation "staging.users" does not exist
; 5557)
[2026-02-26T17:39:03.317+0000] {local_task_job_runner.py:243} INFO - Task exited with return code 1
[2026-02-26T17:39:03.350+0000] {taskinstance.py:3503} INFO - 0 downstream tasks scheduled from follow-on schedule check
[2026-02-26T17:39:03.355+0000] {local_task_job_runner.py:222} INFO - ::endgroup::
