[2026-02-27T10:31:29.976+0000] {local_task_job_runner.py:120} INFO - ::group::Pre task execution logs
[2026-02-27T10:31:30.020+0000] {taskinstance.py:2076} INFO - Dependencies all met for dep_context=non-requeueable deps ti=<TaskInstance: staging_to_core.wait_for_cards scheduled__2025-07-01T00:00:00+00:00 [queued]>
[2026-02-27T10:31:30.033+0000] {taskinstance.py:2076} INFO - Dependencies all met for dep_context=requeueable deps ti=<TaskInstance: staging_to_core.wait_for_cards scheduled__2025-07-01T00:00:00+00:00 [queued]>
[2026-02-27T10:31:30.034+0000] {taskinstance.py:2306} INFO - Starting attempt 1 of 1
[2026-02-27T10:31:30.053+0000] {taskinstance.py:2330} INFO - Executing <Task(ExternalTaskSensor): wait_for_cards> on 2025-07-01 00:00:00+00:00
[2026-02-27T10:31:30.062+0000] {logging_mixin.py:188} WARNING - /home/***/.local/lib/python3.12/site-packages/***/task/task_runner/standard_task_runner.py:62 DeprecationWarning: This process (pid=9371) is multi-threaded, use of fork() may lead to deadlocks in the child.
[2026-02-27T10:31:30.062+0000] {standard_task_runner.py:90} INFO - Running: ['***', 'tasks', 'run', 'staging_to_core', 'wait_for_cards', 'scheduled__2025-07-01T00:00:00+00:00', '--job-id', '1401', '--raw', '--subdir', 'DAGS_FOLDER/staging_to_core.py', '--cfg-path', '/tmp/tmpjyshbd0h']
[2026-02-27T10:31:30.064+0000] {standard_task_runner.py:64} INFO - Started process 9372 to run task
[2026-02-27T10:31:30.065+0000] {standard_task_runner.py:91} INFO - Job 1401: Subtask wait_for_cards
[2026-02-27T10:31:30.140+0000] {task_command.py:426} INFO - Running <TaskInstance: staging_to_core.wait_for_cards scheduled__2025-07-01T00:00:00+00:00 [running]> on host 31b45edbecf3
[2026-02-27T10:31:30.257+0000] {taskinstance.py:2648} INFO - Exporting env vars: AIRFLOW_CTX_DAG_OWNER='***' AIRFLOW_CTX_DAG_ID='staging_to_core' AIRFLOW_CTX_TASK_ID='wait_for_cards' AIRFLOW_CTX_EXECUTION_DATE='2025-07-01T00:00:00+00:00' AIRFLOW_CTX_TRY_NUMBER='1' AIRFLOW_CTX_DAG_RUN_ID='scheduled__2025-07-01T00:00:00+00:00'
[2026-02-27T10:31:30.259+0000] {taskinstance.py:430} INFO - ::endgroup::
[2026-02-27T10:31:30.275+0000] {baseoperator.py:400} WARNING - ExternalTaskSensor.execute cannot be called outside TaskInstance!
[2026-02-27T10:31:30.288+0000] {external_task.py:258} INFO - Poking for tasks ['upload_s3_to_dwh_cards'] in dag oltp_s3_dwh on 2025-07-01T00:00:00+00:00 ... 
[2026-02-27T10:31:30.291+0000] {logging_mixin.py:188} WARNING - /home/***/.local/lib/python3.12/site-packages/***/utils/session.py:79 DeprecationWarning: This method is deprecated and will be removed in future.
[2026-02-27T10:31:30.305+0000] {base.py:294} INFO - Success criteria met. Exiting.
[2026-02-27T10:31:30.306+0000] {taskinstance.py:441} INFO - ::group::Post task execution logs
[2026-02-27T10:31:30.321+0000] {taskinstance.py:1206} INFO - Marking task as SUCCESS. dag_id=staging_to_core, task_id=wait_for_cards, run_id=scheduled__2025-07-01T00:00:00+00:00, execution_date=20250701T000000, start_date=20260227T103130, end_date=20260227T103130
[2026-02-27T10:31:30.361+0000] {local_task_job_runner.py:243} INFO - Task exited with return code 0
[2026-02-27T10:31:30.380+0000] {logging_mixin.py:188} WARNING - /home/***/.local/lib/python3.12/site-packages/***/models/baseoperator.py:1297 AirflowProviderDeprecationWarning: Call to deprecated class PostgresOperator. (Please use `***.providers.common.sql.operators.sql.SQLExecuteQueryOperator`.Also, you can provide `hook_params={'schema': <database>}`.)
[2026-02-27T10:31:30.414+0000] {taskinstance.py:3503} INFO - 1 downstream tasks scheduled from follow-on schedule check
[2026-02-27T10:31:30.418+0000] {local_task_job_runner.py:222} INFO - ::endgroup::
[2026-02-27T19:03:20.214+0000] {local_task_job_runner.py:120} INFO - ::group::Pre task execution logs
[2026-02-27T19:03:20.261+0000] {taskinstance.py:2076} INFO - Dependencies all met for dep_context=non-requeueable deps ti=<TaskInstance: staging_to_core.wait_for_cards scheduled__2025-07-01T00:00:00+00:00 [queued]>
[2026-02-27T19:03:20.272+0000] {taskinstance.py:2076} INFO - Dependencies all met for dep_context=requeueable deps ti=<TaskInstance: staging_to_core.wait_for_cards scheduled__2025-07-01T00:00:00+00:00 [queued]>
[2026-02-27T19:03:20.273+0000] {taskinstance.py:2306} INFO - Starting attempt 1 of 1
[2026-02-27T19:03:20.287+0000] {taskinstance.py:2330} INFO - Executing <Task(ExternalTaskSensor): wait_for_cards> on 2025-07-01 00:00:00+00:00
[2026-02-27T19:03:20.295+0000] {logging_mixin.py:188} WARNING - /home/***/.local/lib/python3.12/site-packages/***/task/task_runner/standard_task_runner.py:62 DeprecationWarning: This process (pid=33423) is multi-threaded, use of fork() may lead to deadlocks in the child.
[2026-02-27T19:03:20.297+0000] {standard_task_runner.py:64} INFO - Started process 33424 to run task
[2026-02-27T19:03:20.295+0000] {standard_task_runner.py:90} INFO - Running: ['***', 'tasks', 'run', 'staging_to_core', 'wait_for_cards', 'scheduled__2025-07-01T00:00:00+00:00', '--job-id', '1833', '--raw', '--subdir', 'DAGS_FOLDER/staging_to_core.py', '--cfg-path', '/tmp/tmp4ibupduz']
[2026-02-27T19:03:20.298+0000] {standard_task_runner.py:91} INFO - Job 1833: Subtask wait_for_cards
[2026-02-27T19:03:20.353+0000] {task_command.py:426} INFO - Running <TaskInstance: staging_to_core.wait_for_cards scheduled__2025-07-01T00:00:00+00:00 [running]> on host 31b45edbecf3
[2026-02-27T19:03:20.450+0000] {taskinstance.py:2648} INFO - Exporting env vars: AIRFLOW_CTX_DAG_OWNER='***' AIRFLOW_CTX_DAG_ID='staging_to_core' AIRFLOW_CTX_TASK_ID='wait_for_cards' AIRFLOW_CTX_EXECUTION_DATE='2025-07-01T00:00:00+00:00' AIRFLOW_CTX_TRY_NUMBER='1' AIRFLOW_CTX_DAG_RUN_ID='scheduled__2025-07-01T00:00:00+00:00'
[2026-02-27T19:03:20.451+0000] {taskinstance.py:430} INFO - ::endgroup::
[2026-02-27T19:03:20.466+0000] {baseoperator.py:400} WARNING - ExternalTaskSensor.execute cannot be called outside TaskInstance!
[2026-02-27T19:03:20.476+0000] {external_task.py:258} INFO - Poking for tasks ['upload_s3_to_dwh_cards'] in dag oltp_s3_dwh on 2025-07-01T00:00:00+00:00 ... 
[2026-02-27T19:03:20.478+0000] {logging_mixin.py:188} WARNING - /home/***/.local/lib/python3.12/site-packages/***/utils/session.py:79 DeprecationWarning: This method is deprecated and will be removed in future.
[2026-02-27T19:03:20.490+0000] {base.py:294} INFO - Success criteria met. Exiting.
[2026-02-27T19:03:20.491+0000] {taskinstance.py:441} INFO - ::group::Post task execution logs
[2026-02-27T19:03:20.501+0000] {taskinstance.py:1206} INFO - Marking task as SUCCESS. dag_id=staging_to_core, task_id=wait_for_cards, run_id=scheduled__2025-07-01T00:00:00+00:00, execution_date=20250701T000000, start_date=20260227T190320, end_date=20260227T190320
[2026-02-27T19:03:20.554+0000] {local_task_job_runner.py:243} INFO - Task exited with return code 0
[2026-02-27T19:03:20.567+0000] {logging_mixin.py:188} WARNING - /home/***/.local/lib/python3.12/site-packages/***/models/baseoperator.py:1297 AirflowProviderDeprecationWarning: Call to deprecated class PostgresOperator. (Please use `***.providers.common.sql.operators.sql.SQLExecuteQueryOperator`.Also, you can provide `hook_params={'schema': <database>}`.)
[2026-02-27T19:03:20.595+0000] {taskinstance.py:3503} INFO - 1 downstream tasks scheduled from follow-on schedule check
[2026-02-27T19:03:20.602+0000] {local_task_job_runner.py:222} INFO - ::endgroup::
