[2026-02-27T10:30:32.414+0000] {local_task_job_runner.py:120} INFO - ::group::Pre task execution logs
[2026-02-27T10:30:32.465+0000] {taskinstance.py:2076} INFO - Dependencies all met for dep_context=non-requeueable deps ti=<TaskInstance: staging_to_core.wait_for_transactions scheduled__2025-04-01T00:00:00+00:00 [queued]>
[2026-02-27T10:30:32.476+0000] {taskinstance.py:2076} INFO - Dependencies all met for dep_context=requeueable deps ti=<TaskInstance: staging_to_core.wait_for_transactions scheduled__2025-04-01T00:00:00+00:00 [queued]>
[2026-02-27T10:30:32.478+0000] {taskinstance.py:2306} INFO - Starting attempt 1 of 1
[2026-02-27T10:30:32.507+0000] {taskinstance.py:2330} INFO - Executing <Task(ExternalTaskSensor): wait_for_transactions> on 2025-04-01 00:00:00+00:00
[2026-02-27T10:30:32.516+0000] {logging_mixin.py:188} WARNING - /home/***/.local/lib/python3.12/site-packages/***/task/task_runner/standard_task_runner.py:62 DeprecationWarning: This process (pid=9223) is multi-threaded, use of fork() may lead to deadlocks in the child.
[2026-02-27T10:30:32.518+0000] {standard_task_runner.py:64} INFO - Started process 9224 to run task
[2026-02-27T10:30:32.517+0000] {standard_task_runner.py:90} INFO - Running: ['***', 'tasks', 'run', 'staging_to_core', 'wait_for_transactions', 'scheduled__2025-04-01T00:00:00+00:00', '--job-id', '1355', '--raw', '--subdir', 'DAGS_FOLDER/staging_to_core.py', '--cfg-path', '/tmp/tmpuxpzwghn']
[2026-02-27T10:30:32.520+0000] {standard_task_runner.py:91} INFO - Job 1355: Subtask wait_for_transactions
[2026-02-27T10:30:32.595+0000] {task_command.py:426} INFO - Running <TaskInstance: staging_to_core.wait_for_transactions scheduled__2025-04-01T00:00:00+00:00 [running]> on host 31b45edbecf3
[2026-02-27T10:30:32.720+0000] {taskinstance.py:2648} INFO - Exporting env vars: AIRFLOW_CTX_DAG_OWNER='***' AIRFLOW_CTX_DAG_ID='staging_to_core' AIRFLOW_CTX_TASK_ID='wait_for_transactions' AIRFLOW_CTX_EXECUTION_DATE='2025-04-01T00:00:00+00:00' AIRFLOW_CTX_TRY_NUMBER='1' AIRFLOW_CTX_DAG_RUN_ID='scheduled__2025-04-01T00:00:00+00:00'
[2026-02-27T10:30:32.722+0000] {taskinstance.py:430} INFO - ::endgroup::
[2026-02-27T10:30:32.744+0000] {baseoperator.py:400} WARNING - ExternalTaskSensor.execute cannot be called outside TaskInstance!
[2026-02-27T10:30:32.755+0000] {external_task.py:258} INFO - Poking for tasks ['upload_s3_to_dwh_transactions'] in dag oltp_s3_dwh on 2025-04-01T00:00:00+00:00 ... 
[2026-02-27T10:30:32.758+0000] {logging_mixin.py:188} WARNING - /home/***/.local/lib/python3.12/site-packages/***/utils/session.py:79 DeprecationWarning: This method is deprecated and will be removed in future.
[2026-02-27T10:30:32.772+0000] {base.py:294} INFO - Success criteria met. Exiting.
[2026-02-27T10:30:32.773+0000] {taskinstance.py:441} INFO - ::group::Post task execution logs
[2026-02-27T10:30:32.784+0000] {taskinstance.py:1206} INFO - Marking task as SUCCESS. dag_id=staging_to_core, task_id=wait_for_transactions, run_id=scheduled__2025-04-01T00:00:00+00:00, execution_date=20250401T000000, start_date=20260227T103032, end_date=20260227T103032
[2026-02-27T10:30:32.815+0000] {local_task_job_runner.py:243} INFO - Task exited with return code 0
[2026-02-27T10:30:32.828+0000] {logging_mixin.py:188} WARNING - /home/***/.local/lib/python3.12/site-packages/***/models/baseoperator.py:1297 AirflowProviderDeprecationWarning: Call to deprecated class PostgresOperator. (Please use `***.providers.common.sql.operators.sql.SQLExecuteQueryOperator`.Also, you can provide `hook_params={'schema': <database>}`.)
[2026-02-27T10:30:32.851+0000] {taskinstance.py:3503} INFO - 1 downstream tasks scheduled from follow-on schedule check
[2026-02-27T10:30:32.855+0000] {local_task_job_runner.py:222} INFO - ::endgroup::
[2026-02-27T19:02:22.097+0000] {local_task_job_runner.py:120} INFO - ::group::Pre task execution logs
[2026-02-27T19:02:22.158+0000] {taskinstance.py:2076} INFO - Dependencies all met for dep_context=non-requeueable deps ti=<TaskInstance: staging_to_core.wait_for_transactions scheduled__2025-04-01T00:00:00+00:00 [queued]>
[2026-02-27T19:02:22.174+0000] {taskinstance.py:2076} INFO - Dependencies all met for dep_context=requeueable deps ti=<TaskInstance: staging_to_core.wait_for_transactions scheduled__2025-04-01T00:00:00+00:00 [queued]>
[2026-02-27T19:02:22.175+0000] {taskinstance.py:2306} INFO - Starting attempt 1 of 1
[2026-02-27T19:02:22.199+0000] {taskinstance.py:2330} INFO - Executing <Task(ExternalTaskSensor): wait_for_transactions> on 2025-04-01 00:00:00+00:00
[2026-02-27T19:02:22.209+0000] {logging_mixin.py:188} WARNING - /home/***/.local/lib/python3.12/site-packages/***/task/task_runner/standard_task_runner.py:62 DeprecationWarning: This process (pid=33263) is multi-threaded, use of fork() may lead to deadlocks in the child.
[2026-02-27T19:02:22.211+0000] {standard_task_runner.py:64} INFO - Started process 33271 to run task
[2026-02-27T19:02:22.211+0000] {standard_task_runner.py:90} INFO - Running: ['***', 'tasks', 'run', 'staging_to_core', 'wait_for_transactions', 'scheduled__2025-04-01T00:00:00+00:00', '--job-id', '1787', '--raw', '--subdir', 'DAGS_FOLDER/staging_to_core.py', '--cfg-path', '/tmp/tmp5mgxl7b5']
[2026-02-27T19:02:22.214+0000] {standard_task_runner.py:91} INFO - Job 1787: Subtask wait_for_transactions
[2026-02-27T19:02:22.285+0000] {task_command.py:426} INFO - Running <TaskInstance: staging_to_core.wait_for_transactions scheduled__2025-04-01T00:00:00+00:00 [running]> on host 31b45edbecf3
[2026-02-27T19:02:22.454+0000] {taskinstance.py:2648} INFO - Exporting env vars: AIRFLOW_CTX_DAG_OWNER='***' AIRFLOW_CTX_DAG_ID='staging_to_core' AIRFLOW_CTX_TASK_ID='wait_for_transactions' AIRFLOW_CTX_EXECUTION_DATE='2025-04-01T00:00:00+00:00' AIRFLOW_CTX_TRY_NUMBER='1' AIRFLOW_CTX_DAG_RUN_ID='scheduled__2025-04-01T00:00:00+00:00'
[2026-02-27T19:02:22.456+0000] {taskinstance.py:430} INFO - ::endgroup::
[2026-02-27T19:02:22.475+0000] {baseoperator.py:400} WARNING - ExternalTaskSensor.execute cannot be called outside TaskInstance!
[2026-02-27T19:02:22.494+0000] {external_task.py:258} INFO - Poking for tasks ['upload_s3_to_dwh_transactions'] in dag oltp_s3_dwh on 2025-04-01T00:00:00+00:00 ... 
[2026-02-27T19:02:22.497+0000] {logging_mixin.py:188} WARNING - /home/***/.local/lib/python3.12/site-packages/***/utils/session.py:79 DeprecationWarning: This method is deprecated and will be removed in future.
[2026-02-27T19:02:22.519+0000] {base.py:294} INFO - Success criteria met. Exiting.
[2026-02-27T19:02:22.520+0000] {taskinstance.py:441} INFO - ::group::Post task execution logs
[2026-02-27T19:02:22.542+0000] {taskinstance.py:1206} INFO - Marking task as SUCCESS. dag_id=staging_to_core, task_id=wait_for_transactions, run_id=scheduled__2025-04-01T00:00:00+00:00, execution_date=20250401T000000, start_date=20260227T190222, end_date=20260227T190222
[2026-02-27T19:02:22.572+0000] {local_task_job_runner.py:243} INFO - Task exited with return code 0
[2026-02-27T19:02:22.591+0000] {logging_mixin.py:188} WARNING - /home/***/.local/lib/python3.12/site-packages/***/models/baseoperator.py:1297 AirflowProviderDeprecationWarning: Call to deprecated class PostgresOperator. (Please use `***.providers.common.sql.operators.sql.SQLExecuteQueryOperator`.Also, you can provide `hook_params={'schema': <database>}`.)
[2026-02-27T19:02:22.621+0000] {taskinstance.py:3503} INFO - 1 downstream tasks scheduled from follow-on schedule check
[2026-02-27T19:02:22.626+0000] {local_task_job_runner.py:222} INFO - ::endgroup::
