[2026-02-27T10:30:00.563+0000] {local_task_job_runner.py:120} INFO - ::group::Pre task execution logs
[2026-02-27T10:30:00.626+0000] {taskinstance.py:2076} INFO - Dependencies all met for dep_context=non-requeueable deps ti=<TaskInstance: staging_to_core.wait_for_dict_mcc scheduled__2025-03-01T00:00:00+00:00 [queued]>
[2026-02-27T10:30:00.640+0000] {taskinstance.py:2076} INFO - Dependencies all met for dep_context=requeueable deps ti=<TaskInstance: staging_to_core.wait_for_dict_mcc scheduled__2025-03-01T00:00:00+00:00 [queued]>
[2026-02-27T10:30:00.641+0000] {taskinstance.py:2306} INFO - Starting attempt 1 of 1
[2026-02-27T10:30:00.666+0000] {taskinstance.py:2330} INFO - Executing <Task(ExternalTaskSensor): wait_for_dict_mcc> on 2025-03-01 00:00:00+00:00
[2026-02-27T10:30:00.681+0000] {logging_mixin.py:188} WARNING - /home/***/.local/lib/python3.12/site-packages/***/task/task_runner/standard_task_runner.py:62 DeprecationWarning: This process (pid=9125) is multi-threaded, use of fork() may lead to deadlocks in the child.
[2026-02-27T10:30:00.683+0000] {standard_task_runner.py:64} INFO - Started process 9126 to run task
[2026-02-27T10:30:00.680+0000] {standard_task_runner.py:90} INFO - Running: ['***', 'tasks', 'run', 'staging_to_core', 'wait_for_dict_mcc', 'scheduled__2025-03-01T00:00:00+00:00', '--job-id', '1327', '--raw', '--subdir', 'DAGS_FOLDER/staging_to_core.py', '--cfg-path', '/tmp/tmpgcs7x5cl']
[2026-02-27T10:30:00.685+0000] {standard_task_runner.py:91} INFO - Job 1327: Subtask wait_for_dict_mcc
[2026-02-27T10:30:00.789+0000] {task_command.py:426} INFO - Running <TaskInstance: staging_to_core.wait_for_dict_mcc scheduled__2025-03-01T00:00:00+00:00 [running]> on host 31b45edbecf3
[2026-02-27T10:30:00.959+0000] {taskinstance.py:2648} INFO - Exporting env vars: AIRFLOW_CTX_DAG_OWNER='***' AIRFLOW_CTX_DAG_ID='staging_to_core' AIRFLOW_CTX_TASK_ID='wait_for_dict_mcc' AIRFLOW_CTX_EXECUTION_DATE='2025-03-01T00:00:00+00:00' AIRFLOW_CTX_TRY_NUMBER='1' AIRFLOW_CTX_DAG_RUN_ID='scheduled__2025-03-01T00:00:00+00:00'
[2026-02-27T10:30:00.961+0000] {taskinstance.py:430} INFO - ::endgroup::
[2026-02-27T10:30:00.977+0000] {baseoperator.py:400} WARNING - ExternalTaskSensor.execute cannot be called outside TaskInstance!
[2026-02-27T10:30:00.993+0000] {external_task.py:258} INFO - Poking for tasks ['upload_s3_to_dwh_dict_mcc'] in dag oltp_s3_dwh on 2025-03-01T00:00:00+00:00 ... 
[2026-02-27T10:30:00.997+0000] {logging_mixin.py:188} WARNING - /home/***/.local/lib/python3.12/site-packages/***/utils/session.py:79 DeprecationWarning: This method is deprecated and will be removed in future.
[2026-02-27T10:30:01.013+0000] {base.py:294} INFO - Success criteria met. Exiting.
[2026-02-27T10:30:01.014+0000] {taskinstance.py:441} INFO - ::group::Post task execution logs
[2026-02-27T10:30:01.028+0000] {taskinstance.py:1206} INFO - Marking task as SUCCESS. dag_id=staging_to_core, task_id=wait_for_dict_mcc, run_id=scheduled__2025-03-01T00:00:00+00:00, execution_date=20250301T000000, start_date=20260227T103000, end_date=20260227T103001
[2026-02-27T10:30:01.062+0000] {local_task_job_runner.py:243} INFO - Task exited with return code 0
[2026-02-27T10:30:01.080+0000] {logging_mixin.py:188} WARNING - /home/***/.local/lib/python3.12/site-packages/***/models/baseoperator.py:1297 AirflowProviderDeprecationWarning: Call to deprecated class PostgresOperator. (Please use `***.providers.common.sql.operators.sql.SQLExecuteQueryOperator`.Also, you can provide `hook_params={'schema': <database>}`.)
[2026-02-27T10:30:01.135+0000] {taskinstance.py:3503} INFO - 1 downstream tasks scheduled from follow-on schedule check
[2026-02-27T10:30:01.142+0000] {local_task_job_runner.py:222} INFO - ::endgroup::
[2026-02-27T19:01:33.831+0000] {local_task_job_runner.py:120} INFO - ::group::Pre task execution logs
[2026-02-27T19:01:33.993+0000] {taskinstance.py:2076} INFO - Dependencies all met for dep_context=non-requeueable deps ti=<TaskInstance: staging_to_core.wait_for_dict_mcc scheduled__2025-03-01T00:00:00+00:00 [queued]>
[2026-02-27T19:01:34.034+0000] {taskinstance.py:2076} INFO - Dependencies all met for dep_context=requeueable deps ti=<TaskInstance: staging_to_core.wait_for_dict_mcc scheduled__2025-03-01T00:00:00+00:00 [queued]>
[2026-02-27T19:01:34.035+0000] {taskinstance.py:2306} INFO - Starting attempt 1 of 1
[2026-02-27T19:01:34.120+0000] {taskinstance.py:2330} INFO - Executing <Task(ExternalTaskSensor): wait_for_dict_mcc> on 2025-03-01 00:00:00+00:00
[2026-02-27T19:01:34.149+0000] {logging_mixin.py:188} WARNING - /home/***/.local/lib/python3.12/site-packages/***/task/task_runner/standard_task_runner.py:62 DeprecationWarning: This process (pid=32884) is multi-threaded, use of fork() may lead to deadlocks in the child.
[2026-02-27T19:01:34.151+0000] {standard_task_runner.py:64} INFO - Started process 32887 to run task
[2026-02-27T19:01:34.153+0000] {standard_task_runner.py:90} INFO - Running: ['***', 'tasks', 'run', 'staging_to_core', 'wait_for_dict_mcc', 'scheduled__2025-03-01T00:00:00+00:00', '--job-id', '1706', '--raw', '--subdir', 'DAGS_FOLDER/staging_to_core.py', '--cfg-path', '/tmp/tmpfs3bzvi5']
[2026-02-27T19:01:34.157+0000] {standard_task_runner.py:91} INFO - Job 1706: Subtask wait_for_dict_mcc
[2026-02-27T19:01:34.333+0000] {task_command.py:426} INFO - Running <TaskInstance: staging_to_core.wait_for_dict_mcc scheduled__2025-03-01T00:00:00+00:00 [running]> on host 31b45edbecf3
[2026-02-27T19:01:34.587+0000] {taskinstance.py:2648} INFO - Exporting env vars: AIRFLOW_CTX_DAG_OWNER='***' AIRFLOW_CTX_DAG_ID='staging_to_core' AIRFLOW_CTX_TASK_ID='wait_for_dict_mcc' AIRFLOW_CTX_EXECUTION_DATE='2025-03-01T00:00:00+00:00' AIRFLOW_CTX_TRY_NUMBER='1' AIRFLOW_CTX_DAG_RUN_ID='scheduled__2025-03-01T00:00:00+00:00'
[2026-02-27T19:01:34.590+0000] {taskinstance.py:430} INFO - ::endgroup::
[2026-02-27T19:01:34.636+0000] {baseoperator.py:400} WARNING - ExternalTaskSensor.execute cannot be called outside TaskInstance!
[2026-02-27T19:01:34.707+0000] {external_task.py:258} INFO - Poking for tasks ['upload_s3_to_dwh_dict_mcc'] in dag oltp_s3_dwh on 2025-03-01T00:00:00+00:00 ... 
[2026-02-27T19:01:34.710+0000] {logging_mixin.py:188} WARNING - /home/***/.local/lib/python3.12/site-packages/***/utils/session.py:79 DeprecationWarning: This method is deprecated and will be removed in future.
[2026-02-27T19:01:34.742+0000] {base.py:294} INFO - Success criteria met. Exiting.
[2026-02-27T19:01:34.747+0000] {taskinstance.py:441} INFO - ::group::Post task execution logs
[2026-02-27T19:01:34.772+0000] {taskinstance.py:1206} INFO - Marking task as SUCCESS. dag_id=staging_to_core, task_id=wait_for_dict_mcc, run_id=scheduled__2025-03-01T00:00:00+00:00, execution_date=20250301T000000, start_date=20260227T190133, end_date=20260227T190134
[2026-02-27T19:01:34.820+0000] {local_task_job_runner.py:243} INFO - Task exited with return code 0
[2026-02-27T19:01:34.835+0000] {logging_mixin.py:188} WARNING - /home/***/.local/lib/python3.12/site-packages/***/models/baseoperator.py:1297 AirflowProviderDeprecationWarning: Call to deprecated class PostgresOperator. (Please use `***.providers.common.sql.operators.sql.SQLExecuteQueryOperator`.Also, you can provide `hook_params={'schema': <database>}`.)
[2026-02-27T19:01:34.898+0000] {taskinstance.py:3503} INFO - 1 downstream tasks scheduled from follow-on schedule check
[2026-02-27T19:01:34.905+0000] {local_task_job_runner.py:222} INFO - ::endgroup::
