[2026-02-26T11:51:01.650+0000] {local_task_job_runner.py:120} INFO - ::group::Pre task execution logs
[2026-02-26T11:51:01.692+0000] {taskinstance.py:2076} INFO - Dependencies all met for dep_context=non-requeueable deps ti=<TaskInstance: oltp_s3_dwh.upload_postgre_to_s3_transactions scheduled__2025-05-01T00:00:00+00:00 [queued]>
[2026-02-26T11:51:01.719+0000] {taskinstance.py:2076} INFO - Dependencies all met for dep_context=requeueable deps ti=<TaskInstance: oltp_s3_dwh.upload_postgre_to_s3_transactions scheduled__2025-05-01T00:00:00+00:00 [queued]>
[2026-02-26T11:51:01.722+0000] {taskinstance.py:2306} INFO - Starting attempt 1 of 1
[2026-02-26T11:51:01.766+0000] {taskinstance.py:2330} INFO - Executing <Task(PythonOperator): upload_postgre_to_s3_transactions> on 2025-05-01 00:00:00+00:00
[2026-02-26T11:51:01.791+0000] {logging_mixin.py:188} WARNING - /home/***/.local/lib/python3.12/site-packages/***/task/task_runner/standard_task_runner.py:62 DeprecationWarning: This process (pid=3113) is multi-threaded, use of fork() may lead to deadlocks in the child.
[2026-02-26T11:51:01.796+0000] {standard_task_runner.py:90} INFO - Running: ['***', 'tasks', 'run', 'oltp_s3_dwh', 'upload_postgre_to_s3_transactions', 'scheduled__2025-05-01T00:00:00+00:00', '--job-id', '938', '--raw', '--subdir', 'DAGS_FOLDER/oltp_s3_dwh_dict.py', '--cfg-path', '/tmp/tmpu_6pz_1x']
[2026-02-26T11:51:01.805+0000] {standard_task_runner.py:91} INFO - Job 938: Subtask upload_postgre_to_s3_transactions
[2026-02-26T11:51:01.803+0000] {standard_task_runner.py:64} INFO - Started process 3129 to run task
[2026-02-26T11:51:01.876+0000] {task_command.py:426} INFO - Running <TaskInstance: oltp_s3_dwh.upload_postgre_to_s3_transactions scheduled__2025-05-01T00:00:00+00:00 [running]> on host 31b45edbecf3
[2026-02-26T11:51:02.030+0000] {taskinstance.py:2648} INFO - Exporting env vars: AIRFLOW_CTX_DAG_OWNER='***' AIRFLOW_CTX_DAG_ID='oltp_s3_dwh' AIRFLOW_CTX_TASK_ID='upload_postgre_to_s3_transactions' AIRFLOW_CTX_EXECUTION_DATE='2025-05-01T00:00:00+00:00' AIRFLOW_CTX_TRY_NUMBER='1' AIRFLOW_CTX_DAG_RUN_ID='scheduled__2025-05-01T00:00:00+00:00'
[2026-02-26T11:51:02.033+0000] {taskinstance.py:430} INFO - ::endgroup::
[2026-02-26T11:51:02.060+0000] {base.py:84} INFO - Using connection ID 'postgres_oltp' for task execution.
[2026-02-26T11:51:02.075+0000] {logging_mixin.py:188} WARNING - /home/***/.local/lib/python3.12/site-packages/***/providers/common/sql/hooks/sql.py:269 UserWarning: pandas only supports SQLAlchemy connectable (engine/connection) or database string URI or sqlite3 DBAPI2 connection. Other DBAPI2 objects are not tested. Please consider using SQLAlchemy.
[2026-02-26T11:51:02.266+0000] {base.py:84} INFO - Using connection ID 'minio_conn_id' for task execution.
[2026-02-26T11:51:02.268+0000] {connection_wrapper.py:384} INFO - AWS Connection (conn_id='minio_conn_id', conn_type='aws') credentials retrieved from login and ***.
[2026-02-26T11:51:02.607+0000] {python.py:237} INFO - Done. Returned value was: None
[2026-02-26T11:51:02.609+0000] {taskinstance.py:441} INFO - ::group::Post task execution logs
[2026-02-26T11:51:02.620+0000] {taskinstance.py:1206} INFO - Marking task as SUCCESS. dag_id=oltp_s3_dwh, task_id=upload_postgre_to_s3_transactions, run_id=scheduled__2025-05-01T00:00:00+00:00, execution_date=20250501T000000, start_date=20260226T115101, end_date=20260226T115102
[2026-02-26T11:51:02.666+0000] {local_task_job_runner.py:243} INFO - Task exited with return code 0
[2026-02-26T11:51:02.684+0000] {taskinstance.py:3503} INFO - 0 downstream tasks scheduled from follow-on schedule check
[2026-02-26T11:51:02.687+0000] {local_task_job_runner.py:222} INFO - ::endgroup::
[2026-02-27T19:00:30.879+0000] {local_task_job_runner.py:120} INFO - ::group::Pre task execution logs
[2026-02-27T19:00:30.925+0000] {taskinstance.py:2076} INFO - Dependencies all met for dep_context=non-requeueable deps ti=<TaskInstance: oltp_s3_dwh.upload_postgre_to_s3_transactions scheduled__2025-05-01T00:00:00+00:00 [queued]>
[2026-02-27T19:00:30.970+0000] {taskinstance.py:2076} INFO - Dependencies all met for dep_context=requeueable deps ti=<TaskInstance: oltp_s3_dwh.upload_postgre_to_s3_transactions scheduled__2025-05-01T00:00:00+00:00 [queued]>
[2026-02-27T19:00:30.978+0000] {taskinstance.py:2306} INFO - Starting attempt 1 of 1
[2026-02-27T19:00:31.035+0000] {taskinstance.py:2330} INFO - Executing <Task(PythonOperator): upload_postgre_to_s3_transactions> on 2025-05-01 00:00:00+00:00
[2026-02-27T19:00:33.671+0000] {standard_task_runner.py:90} INFO - Running: ['***', 'tasks', 'run', 'oltp_s3_dwh', 'upload_postgre_to_s3_transactions', 'scheduled__2025-05-01T00:00:00+00:00', '--job-id', '1590', '--raw', '--subdir', 'DAGS_FOLDER/oltp_s3_dwh.py', '--cfg-path', '/tmp/tmpdhxsay1x']
[2026-02-27T19:00:33.678+0000] {standard_task_runner.py:91} INFO - Job 1590: Subtask upload_postgre_to_s3_transactions
[2026-02-27T19:00:33.662+0000] {logging_mixin.py:188} WARNING - /home/***/.local/lib/python3.12/site-packages/***/task/task_runner/standard_task_runner.py:62 DeprecationWarning: This process (pid=32299) is multi-threaded, use of fork() may lead to deadlocks in the child.
[2026-02-27T19:00:33.681+0000] {standard_task_runner.py:64} INFO - Started process 32317 to run task
[2026-02-27T19:00:29.941+0000] {task_command.py:426} INFO - Running <TaskInstance: oltp_s3_dwh.upload_postgre_to_s3_transactions scheduled__2025-05-01T00:00:00+00:00 [running]> on host 31b45edbecf3
[2026-02-27T19:00:30.381+0000] {taskinstance.py:2648} INFO - Exporting env vars: AIRFLOW_CTX_DAG_OWNER='***' AIRFLOW_CTX_DAG_ID='oltp_s3_dwh' AIRFLOW_CTX_TASK_ID='upload_postgre_to_s3_transactions' AIRFLOW_CTX_EXECUTION_DATE='2025-05-01T00:00:00+00:00' AIRFLOW_CTX_TRY_NUMBER='1' AIRFLOW_CTX_DAG_RUN_ID='scheduled__2025-05-01T00:00:00+00:00'
[2026-02-27T19:00:30.385+0000] {taskinstance.py:430} INFO - ::endgroup::
[2026-02-27T19:00:30.433+0000] {base.py:84} INFO - Using connection ID 'postgres_oltp' for task execution.
[2026-02-27T19:00:30.473+0000] {logging_mixin.py:188} WARNING - /home/***/.local/lib/python3.12/site-packages/***/providers/common/sql/hooks/sql.py:269 UserWarning: pandas only supports SQLAlchemy connectable (engine/connection) or database string URI or sqlite3 DBAPI2 connection. Other DBAPI2 objects are not tested. Please consider using SQLAlchemy.
[2026-02-27T19:00:30.596+0000] {base.py:84} INFO - Using connection ID 'minio_conn_id' for task execution.
[2026-02-27T19:00:30.598+0000] {connection_wrapper.py:384} INFO - AWS Connection (conn_id='minio_conn_id', conn_type='aws') credentials retrieved from login and ***.
[2026-02-27T19:00:31.315+0000] {python.py:237} INFO - Done. Returned value was: None
[2026-02-27T19:00:31.317+0000] {taskinstance.py:441} INFO - ::group::Post task execution logs
[2026-02-27T19:00:31.331+0000] {taskinstance.py:1206} INFO - Marking task as SUCCESS. dag_id=oltp_s3_dwh, task_id=upload_postgre_to_s3_transactions, run_id=scheduled__2025-05-01T00:00:00+00:00, execution_date=20250501T000000, start_date=20260227T190030, end_date=20260227T190031
[2026-02-27T19:00:31.427+0000] {local_task_job_runner.py:243} INFO - Task exited with return code 0
[2026-02-27T19:00:31.459+0000] {taskinstance.py:3503} INFO - 1 downstream tasks scheduled from follow-on schedule check
[2026-02-27T19:00:31.464+0000] {local_task_job_runner.py:222} INFO - ::endgroup::
