[2026-02-27T10:18:39.893+0000] {local_task_job_runner.py:120} INFO - ::group::Pre task execution logs
[2026-02-27T10:18:39.944+0000] {taskinstance.py:2076} INFO - Dependencies all met for dep_context=non-requeueable deps ti=<TaskInstance: staging_to_core.wait_for_dict_mcc scheduled__2025-01-01T00:00:00+00:00 [queued]>
[2026-02-27T10:18:39.958+0000] {taskinstance.py:2076} INFO - Dependencies all met for dep_context=requeueable deps ti=<TaskInstance: staging_to_core.wait_for_dict_mcc scheduled__2025-01-01T00:00:00+00:00 [queued]>
[2026-02-27T10:18:39.959+0000] {taskinstance.py:2306} INFO - Starting attempt 1 of 1
[2026-02-27T10:18:39.980+0000] {taskinstance.py:2330} INFO - Executing <Task(ExternalTaskSensor): wait_for_dict_mcc> on 2025-01-01 00:00:00+00:00
[2026-02-27T10:18:39.989+0000] {standard_task_runner.py:90} INFO - Running: ['***', 'tasks', 'run', 'staging_to_core', 'wait_for_dict_mcc', 'scheduled__2025-01-01T00:00:00+00:00', '--job-id', '1284', '--raw', '--subdir', 'DAGS_FOLDER/staging_to_core.py', '--cfg-path', '/tmp/tmpvxr1546l']
[2026-02-27T10:18:39.992+0000] {standard_task_runner.py:91} INFO - Job 1284: Subtask wait_for_dict_mcc
[2026-02-27T10:18:39.995+0000] {logging_mixin.py:188} WARNING - /home/***/.local/lib/python3.12/site-packages/***/task/task_runner/standard_task_runner.py:62 DeprecationWarning: This process (pid=8275) is multi-threaded, use of fork() may lead to deadlocks in the child.
[2026-02-27T10:18:39.997+0000] {standard_task_runner.py:64} INFO - Started process 8276 to run task
[2026-02-27T10:18:40.066+0000] {task_command.py:426} INFO - Running <TaskInstance: staging_to_core.wait_for_dict_mcc scheduled__2025-01-01T00:00:00+00:00 [running]> on host 31b45edbecf3
[2026-02-27T10:18:40.186+0000] {taskinstance.py:2648} INFO - Exporting env vars: AIRFLOW_CTX_DAG_OWNER='***' AIRFLOW_CTX_DAG_ID='staging_to_core' AIRFLOW_CTX_TASK_ID='wait_for_dict_mcc' AIRFLOW_CTX_EXECUTION_DATE='2025-01-01T00:00:00+00:00' AIRFLOW_CTX_TRY_NUMBER='1' AIRFLOW_CTX_DAG_RUN_ID='scheduled__2025-01-01T00:00:00+00:00'
[2026-02-27T10:18:40.187+0000] {taskinstance.py:430} INFO - ::endgroup::
[2026-02-27T10:18:40.209+0000] {baseoperator.py:400} WARNING - ExternalTaskSensor.execute cannot be called outside TaskInstance!
[2026-02-27T10:18:40.226+0000] {external_task.py:258} INFO - Poking for tasks ['upload_s3_to_dwh_dict_mcc'] in dag oltp_s3_dwh on 2025-01-01T00:00:00+00:00 ... 
[2026-02-27T10:18:40.234+0000] {logging_mixin.py:188} WARNING - /home/***/.local/lib/python3.12/site-packages/***/utils/session.py:79 DeprecationWarning: This method is deprecated and will be removed in future.
[2026-02-27T10:18:40.249+0000] {base.py:294} INFO - Success criteria met. Exiting.
[2026-02-27T10:18:40.250+0000] {taskinstance.py:441} INFO - ::group::Post task execution logs
[2026-02-27T10:18:40.265+0000] {taskinstance.py:1206} INFO - Marking task as SUCCESS. dag_id=staging_to_core, task_id=wait_for_dict_mcc, run_id=scheduled__2025-01-01T00:00:00+00:00, execution_date=20250101T000000, start_date=20260227T101839, end_date=20260227T101840
[2026-02-27T10:18:40.294+0000] {local_task_job_runner.py:243} INFO - Task exited with return code 0
[2026-02-27T10:18:40.312+0000] {logging_mixin.py:188} WARNING - /home/***/.local/lib/python3.12/site-packages/***/models/baseoperator.py:1297 AirflowProviderDeprecationWarning: Call to deprecated class PostgresOperator. (Please use `***.providers.common.sql.operators.sql.SQLExecuteQueryOperator`.Also, you can provide `hook_params={'schema': <database>}`.)
[2026-02-27T10:18:40.360+0000] {taskinstance.py:3503} INFO - 1 downstream tasks scheduled from follow-on schedule check
[2026-02-27T10:18:40.364+0000] {local_task_job_runner.py:222} INFO - ::endgroup::
[2026-02-27T19:00:28.610+0000] {local_task_job_runner.py:120} INFO - ::group::Pre task execution logs
[2026-02-27T19:00:28.723+0000] {taskinstance.py:2076} INFO - Dependencies all met for dep_context=non-requeueable deps ti=<TaskInstance: staging_to_core.wait_for_dict_mcc scheduled__2025-01-01T00:00:00+00:00 [queued]>
[2026-02-27T19:00:28.746+0000] {taskinstance.py:2076} INFO - Dependencies all met for dep_context=requeueable deps ti=<TaskInstance: staging_to_core.wait_for_dict_mcc scheduled__2025-01-01T00:00:00+00:00 [queued]>
[2026-02-27T19:00:28.753+0000] {taskinstance.py:2306} INFO - Starting attempt 1 of 1
[2026-02-27T19:00:28.779+0000] {taskinstance.py:2330} INFO - Executing <Task(ExternalTaskSensor): wait_for_dict_mcc> on 2025-01-01 00:00:00+00:00
[2026-02-27T19:00:28.811+0000] {logging_mixin.py:188} WARNING - /home/***/.local/lib/python3.12/site-packages/***/task/task_runner/standard_task_runner.py:62 DeprecationWarning: This process (pid=32291) is multi-threaded, use of fork() may lead to deadlocks in the child.
[2026-02-27T19:00:28.816+0000] {standard_task_runner.py:64} INFO - Started process 32302 to run task
[2026-02-27T19:00:28.814+0000] {standard_task_runner.py:90} INFO - Running: ['***', 'tasks', 'run', 'staging_to_core', 'wait_for_dict_mcc', 'scheduled__2025-01-01T00:00:00+00:00', '--job-id', '1583', '--raw', '--subdir', 'DAGS_FOLDER/staging_to_core.py', '--cfg-path', '/tmp/tmpz6396rb6']
[2026-02-27T19:00:28.820+0000] {standard_task_runner.py:91} INFO - Job 1583: Subtask wait_for_dict_mcc
[2026-02-27T19:00:29.000+0000] {task_command.py:426} INFO - Running <TaskInstance: staging_to_core.wait_for_dict_mcc scheduled__2025-01-01T00:00:00+00:00 [running]> on host 31b45edbecf3
[2026-02-27T19:00:29.211+0000] {taskinstance.py:2648} INFO - Exporting env vars: AIRFLOW_CTX_DAG_OWNER='***' AIRFLOW_CTX_DAG_ID='staging_to_core' AIRFLOW_CTX_TASK_ID='wait_for_dict_mcc' AIRFLOW_CTX_EXECUTION_DATE='2025-01-01T00:00:00+00:00' AIRFLOW_CTX_TRY_NUMBER='1' AIRFLOW_CTX_DAG_RUN_ID='scheduled__2025-01-01T00:00:00+00:00'
[2026-02-27T19:00:29.213+0000] {taskinstance.py:430} INFO - ::endgroup::
[2026-02-27T19:00:29.289+0000] {baseoperator.py:400} WARNING - ExternalTaskSensor.execute cannot be called outside TaskInstance!
[2026-02-27T19:00:29.326+0000] {external_task.py:258} INFO - Poking for tasks ['upload_s3_to_dwh_dict_mcc'] in dag oltp_s3_dwh on 2025-01-01T00:00:00+00:00 ... 
[2026-02-27T19:00:29.332+0000] {logging_mixin.py:188} WARNING - /home/***/.local/lib/python3.12/site-packages/***/utils/session.py:79 DeprecationWarning: This method is deprecated and will be removed in future.
[2026-02-27T19:00:29.361+0000] {base.py:294} INFO - Success criteria met. Exiting.
[2026-02-27T19:00:29.361+0000] {taskinstance.py:441} INFO - ::group::Post task execution logs
[2026-02-27T19:00:29.379+0000] {taskinstance.py:1206} INFO - Marking task as SUCCESS. dag_id=staging_to_core, task_id=wait_for_dict_mcc, run_id=scheduled__2025-01-01T00:00:00+00:00, execution_date=20250101T000000, start_date=20260227T190028, end_date=20260227T190029
[2026-02-27T19:00:29.447+0000] {local_task_job_runner.py:243} INFO - Task exited with return code 0
[2026-02-27T19:00:29.463+0000] {local_task_job_runner.py:222} INFO - ::endgroup::
