[2026-02-26T11:51:07.759+0000] {local_task_job_runner.py:120} INFO - ::group::Pre task execution logs
[2026-02-26T11:51:07.814+0000] {taskinstance.py:2076} INFO - Dependencies all met for dep_context=non-requeueable deps ti=<TaskInstance: oltp_s3_dwh.upload_postgre_to_s3_transactions scheduled__2025-07-01T00:00:00+00:00 [queued]>
[2026-02-26T11:51:07.835+0000] {taskinstance.py:2076} INFO - Dependencies all met for dep_context=requeueable deps ti=<TaskInstance: oltp_s3_dwh.upload_postgre_to_s3_transactions scheduled__2025-07-01T00:00:00+00:00 [queued]>
[2026-02-26T11:51:07.837+0000] {taskinstance.py:2306} INFO - Starting attempt 1 of 1
[2026-02-26T11:51:07.865+0000] {taskinstance.py:2330} INFO - Executing <Task(PythonOperator): upload_postgre_to_s3_transactions> on 2025-07-01 00:00:00+00:00
[2026-02-26T11:51:07.882+0000] {logging_mixin.py:188} WARNING - /home/***/.local/lib/python3.12/site-packages/***/task/task_runner/standard_task_runner.py:62 DeprecationWarning: This process (pid=3148) is multi-threaded, use of fork() may lead to deadlocks in the child.
[2026-02-26T11:51:07.885+0000] {standard_task_runner.py:64} INFO - Started process 3158 to run task
[2026-02-26T11:51:07.887+0000] {standard_task_runner.py:90} INFO - Running: ['***', 'tasks', 'run', 'oltp_s3_dwh', 'upload_postgre_to_s3_transactions', 'scheduled__2025-07-01T00:00:00+00:00', '--job-id', '942', '--raw', '--subdir', 'DAGS_FOLDER/oltp_s3_dwh_dict.py', '--cfg-path', '/tmp/tmplc7rd2qi']
[2026-02-26T11:51:07.893+0000] {standard_task_runner.py:91} INFO - Job 942: Subtask upload_postgre_to_s3_transactions
[2026-02-26T11:51:08.004+0000] {task_command.py:426} INFO - Running <TaskInstance: oltp_s3_dwh.upload_postgre_to_s3_transactions scheduled__2025-07-01T00:00:00+00:00 [running]> on host 31b45edbecf3
[2026-02-26T11:51:08.265+0000] {taskinstance.py:2648} INFO - Exporting env vars: AIRFLOW_CTX_DAG_OWNER='***' AIRFLOW_CTX_DAG_ID='oltp_s3_dwh' AIRFLOW_CTX_TASK_ID='upload_postgre_to_s3_transactions' AIRFLOW_CTX_EXECUTION_DATE='2025-07-01T00:00:00+00:00' AIRFLOW_CTX_TRY_NUMBER='1' AIRFLOW_CTX_DAG_RUN_ID='scheduled__2025-07-01T00:00:00+00:00'
[2026-02-26T11:51:08.268+0000] {taskinstance.py:430} INFO - ::endgroup::
[2026-02-26T11:51:08.338+0000] {base.py:84} INFO - Using connection ID 'postgres_oltp' for task execution.
[2026-02-26T11:51:08.362+0000] {logging_mixin.py:188} WARNING - /home/***/.local/lib/python3.12/site-packages/***/providers/common/sql/hooks/sql.py:269 UserWarning: pandas only supports SQLAlchemy connectable (engine/connection) or database string URI or sqlite3 DBAPI2 connection. Other DBAPI2 objects are not tested. Please consider using SQLAlchemy.
[2026-02-26T11:51:08.702+0000] {base.py:84} INFO - Using connection ID 'minio_conn_id' for task execution.
[2026-02-26T11:51:08.708+0000] {connection_wrapper.py:384} INFO - AWS Connection (conn_id='minio_conn_id', conn_type='aws') credentials retrieved from login and ***.
[2026-02-26T11:51:09.561+0000] {python.py:237} INFO - Done. Returned value was: None
[2026-02-26T11:51:09.562+0000] {taskinstance.py:441} INFO - ::group::Post task execution logs
[2026-02-26T11:51:09.573+0000] {taskinstance.py:1206} INFO - Marking task as SUCCESS. dag_id=oltp_s3_dwh, task_id=upload_postgre_to_s3_transactions, run_id=scheduled__2025-07-01T00:00:00+00:00, execution_date=20250701T000000, start_date=20260226T115107, end_date=20260226T115109
[2026-02-26T11:51:09.621+0000] {local_task_job_runner.py:243} INFO - Task exited with return code 0
[2026-02-26T11:51:09.644+0000] {taskinstance.py:3503} INFO - 0 downstream tasks scheduled from follow-on schedule check
[2026-02-26T11:51:09.649+0000] {local_task_job_runner.py:222} INFO - ::endgroup::
[2026-02-27T19:00:55.815+0000] {local_task_job_runner.py:120} INFO - ::group::Pre task execution logs
[2026-02-27T19:00:55.884+0000] {taskinstance.py:2076} INFO - Dependencies all met for dep_context=non-requeueable deps ti=<TaskInstance: oltp_s3_dwh.upload_postgre_to_s3_transactions scheduled__2025-07-01T00:00:00+00:00 [queued]>
[2026-02-27T19:00:55.901+0000] {taskinstance.py:2076} INFO - Dependencies all met for dep_context=requeueable deps ti=<TaskInstance: oltp_s3_dwh.upload_postgre_to_s3_transactions scheduled__2025-07-01T00:00:00+00:00 [queued]>
[2026-02-27T19:00:55.902+0000] {taskinstance.py:2306} INFO - Starting attempt 1 of 1
[2026-02-27T19:00:55.970+0000] {taskinstance.py:2330} INFO - Executing <Task(PythonOperator): upload_postgre_to_s3_transactions> on 2025-07-01 00:00:00+00:00
[2026-02-27T19:00:56.026+0000] {logging_mixin.py:188} WARNING - /home/***/.local/lib/python3.12/site-packages/***/task/task_runner/standard_task_runner.py:62 DeprecationWarning: This process (pid=32516) is multi-threaded, use of fork() may lead to deadlocks in the child.
[2026-02-27T19:00:56.038+0000] {standard_task_runner.py:64} INFO - Started process 32539 to run task
[2026-02-27T19:00:56.031+0000] {standard_task_runner.py:90} INFO - Running: ['***', 'tasks', 'run', 'oltp_s3_dwh', 'upload_postgre_to_s3_transactions', 'scheduled__2025-07-01T00:00:00+00:00', '--job-id', '1636', '--raw', '--subdir', 'DAGS_FOLDER/oltp_s3_dwh.py', '--cfg-path', '/tmp/tmp5_nrfgq1']
[2026-02-27T19:00:56.054+0000] {standard_task_runner.py:91} INFO - Job 1636: Subtask upload_postgre_to_s3_transactions
[2026-02-27T19:00:56.188+0000] {task_command.py:426} INFO - Running <TaskInstance: oltp_s3_dwh.upload_postgre_to_s3_transactions scheduled__2025-07-01T00:00:00+00:00 [running]> on host 31b45edbecf3
[2026-02-27T19:00:56.434+0000] {taskinstance.py:2648} INFO - Exporting env vars: AIRFLOW_CTX_DAG_OWNER='***' AIRFLOW_CTX_DAG_ID='oltp_s3_dwh' AIRFLOW_CTX_TASK_ID='upload_postgre_to_s3_transactions' AIRFLOW_CTX_EXECUTION_DATE='2025-07-01T00:00:00+00:00' AIRFLOW_CTX_TRY_NUMBER='1' AIRFLOW_CTX_DAG_RUN_ID='scheduled__2025-07-01T00:00:00+00:00'
[2026-02-27T19:00:56.435+0000] {taskinstance.py:430} INFO - ::endgroup::
[2026-02-27T19:00:56.540+0000] {base.py:84} INFO - Using connection ID 'postgres_oltp' for task execution.
[2026-02-27T19:00:56.552+0000] {logging_mixin.py:188} WARNING - /home/***/.local/lib/python3.12/site-packages/***/providers/common/sql/hooks/sql.py:269 UserWarning: pandas only supports SQLAlchemy connectable (engine/connection) or database string URI or sqlite3 DBAPI2 connection. Other DBAPI2 objects are not tested. Please consider using SQLAlchemy.
[2026-02-27T19:00:56.635+0000] {base.py:84} INFO - Using connection ID 'minio_conn_id' for task execution.
[2026-02-27T19:00:56.636+0000] {connection_wrapper.py:384} INFO - AWS Connection (conn_id='minio_conn_id', conn_type='aws') credentials retrieved from login and ***.
[2026-02-27T19:00:57.890+0000] {python.py:237} INFO - Done. Returned value was: None
[2026-02-27T19:00:57.891+0000] {taskinstance.py:441} INFO - ::group::Post task execution logs
[2026-02-27T19:00:57.907+0000] {taskinstance.py:1206} INFO - Marking task as SUCCESS. dag_id=oltp_s3_dwh, task_id=upload_postgre_to_s3_transactions, run_id=scheduled__2025-07-01T00:00:00+00:00, execution_date=20250701T000000, start_date=20260227T190055, end_date=20260227T190057
[2026-02-27T19:00:57.968+0000] {local_task_job_runner.py:243} INFO - Task exited with return code 0
[2026-02-27T19:00:58.018+0000] {taskinstance.py:3503} INFO - 1 downstream tasks scheduled from follow-on schedule check
[2026-02-27T19:00:58.024+0000] {local_task_job_runner.py:222} INFO - ::endgroup::
