[2026-02-26T12:07:15.454+0000] {local_task_job_runner.py:120} INFO - ::group::Pre task execution logs
[2026-02-26T12:07:15.505+0000] {taskinstance.py:2076} INFO - Dependencies all met for dep_context=non-requeueable deps ti=<TaskInstance: oltp_s3_dwh.upload_postgre_to_s3_users scheduled__2025-09-01T00:00:00+00:00 [queued]>
[2026-02-26T12:07:15.547+0000] {taskinstance.py:2076} INFO - Dependencies all met for dep_context=requeueable deps ti=<TaskInstance: oltp_s3_dwh.upload_postgre_to_s3_users scheduled__2025-09-01T00:00:00+00:00 [queued]>
[2026-02-26T12:07:15.548+0000] {taskinstance.py:2306} INFO - Starting attempt 1 of 1
[2026-02-26T12:07:15.595+0000] {taskinstance.py:2330} INFO - Executing <Task(PythonOperator): upload_postgre_to_s3_users> on 2025-09-01 00:00:00+00:00
[2026-02-26T12:07:15.648+0000] {logging_mixin.py:188} WARNING - /home/***/.local/lib/python3.12/site-packages/***/task/task_runner/standard_task_runner.py:62 DeprecationWarning: This process (pid=4684) is multi-threaded, use of fork() may lead to deadlocks in the child.
[2026-02-26T12:07:15.657+0000] {standard_task_runner.py:64} INFO - Started process 4726 to run task
[2026-02-26T12:07:15.637+0000] {standard_task_runner.py:90} INFO - Running: ['***', 'tasks', 'run', 'oltp_s3_dwh', 'upload_postgre_to_s3_users', 'scheduled__2025-09-01T00:00:00+00:00', '--job-id', '1055', '--raw', '--subdir', 'DAGS_FOLDER/oltp_s3_dwh_dict.py', '--cfg-path', '/tmp/tmptytx1sqp']
[2026-02-26T12:07:15.667+0000] {standard_task_runner.py:91} INFO - Job 1055: Subtask upload_postgre_to_s3_users
[2026-02-26T12:07:15.863+0000] {task_command.py:426} INFO - Running <TaskInstance: oltp_s3_dwh.upload_postgre_to_s3_users scheduled__2025-09-01T00:00:00+00:00 [running]> on host 31b45edbecf3
[2026-02-26T12:07:16.181+0000] {taskinstance.py:2648} INFO - Exporting env vars: AIRFLOW_CTX_DAG_OWNER='***' AIRFLOW_CTX_DAG_ID='oltp_s3_dwh' AIRFLOW_CTX_TASK_ID='upload_postgre_to_s3_users' AIRFLOW_CTX_EXECUTION_DATE='2025-09-01T00:00:00+00:00' AIRFLOW_CTX_TRY_NUMBER='1' AIRFLOW_CTX_DAG_RUN_ID='scheduled__2025-09-01T00:00:00+00:00'
[2026-02-26T12:07:16.188+0000] {taskinstance.py:430} INFO - ::endgroup::
[2026-02-26T12:07:16.244+0000] {base.py:84} INFO - Using connection ID 'postgres_oltp' for task execution.
[2026-02-26T12:07:16.267+0000] {logging_mixin.py:188} WARNING - /home/***/.local/lib/python3.12/site-packages/***/providers/common/sql/hooks/sql.py:269 UserWarning: pandas only supports SQLAlchemy connectable (engine/connection) or database string URI or sqlite3 DBAPI2 connection. Other DBAPI2 objects are not tested. Please consider using SQLAlchemy.
[2026-02-26T12:07:16.285+0000] {logging_mixin.py:188} INFO - В таблице users нет данных
[2026-02-26T12:07:16.288+0000] {python.py:237} INFO - Done. Returned value was: None
[2026-02-26T12:07:16.301+0000] {taskinstance.py:441} INFO - ::group::Post task execution logs
[2026-02-26T12:07:16.324+0000] {taskinstance.py:1206} INFO - Marking task as SUCCESS. dag_id=oltp_s3_dwh, task_id=upload_postgre_to_s3_users, run_id=scheduled__2025-09-01T00:00:00+00:00, execution_date=20250901T000000, start_date=20260226T120715, end_date=20260226T120716
[2026-02-26T12:07:16.365+0000] {local_task_job_runner.py:243} INFO - Task exited with return code 0
[2026-02-26T12:07:16.419+0000] {taskinstance.py:3503} INFO - 0 downstream tasks scheduled from follow-on schedule check
[2026-02-26T12:07:16.429+0000] {local_task_job_runner.py:222} INFO - ::endgroup::
[2026-02-27T19:01:17.553+0000] {local_task_job_runner.py:120} INFO - ::group::Pre task execution logs
[2026-02-27T19:01:17.627+0000] {taskinstance.py:2076} INFO - Dependencies all met for dep_context=non-requeueable deps ti=<TaskInstance: oltp_s3_dwh.upload_postgre_to_s3_users scheduled__2025-09-01T00:00:00+00:00 [queued]>
[2026-02-27T19:01:17.685+0000] {taskinstance.py:2076} INFO - Dependencies all met for dep_context=requeueable deps ti=<TaskInstance: oltp_s3_dwh.upload_postgre_to_s3_users scheduled__2025-09-01T00:00:00+00:00 [queued]>
[2026-02-27T19:01:17.688+0000] {taskinstance.py:2306} INFO - Starting attempt 1 of 1
[2026-02-27T19:01:17.768+0000] {taskinstance.py:2330} INFO - Executing <Task(PythonOperator): upload_postgre_to_s3_users> on 2025-09-01 00:00:00+00:00
[2026-02-27T19:01:17.789+0000] {logging_mixin.py:188} WARNING - /home/***/.local/lib/python3.12/site-packages/***/task/task_runner/standard_task_runner.py:62 DeprecationWarning: This process (pid=32714) is multi-threaded, use of fork() may lead to deadlocks in the child.
[2026-02-27T19:01:17.791+0000] {standard_task_runner.py:64} INFO - Started process 32734 to run task
[2026-02-27T19:01:17.811+0000] {standard_task_runner.py:90} INFO - Running: ['***', 'tasks', 'run', 'oltp_s3_dwh', 'upload_postgre_to_s3_users', 'scheduled__2025-09-01T00:00:00+00:00', '--job-id', '1673', '--raw', '--subdir', 'DAGS_FOLDER/oltp_s3_dwh.py', '--cfg-path', '/tmp/tmpydn4yv1s']
[2026-02-27T19:01:17.818+0000] {standard_task_runner.py:91} INFO - Job 1673: Subtask upload_postgre_to_s3_users
[2026-02-27T19:01:18.000+0000] {task_command.py:426} INFO - Running <TaskInstance: oltp_s3_dwh.upload_postgre_to_s3_users scheduled__2025-09-01T00:00:00+00:00 [running]> on host 31b45edbecf3
[2026-02-27T19:01:18.335+0000] {taskinstance.py:2648} INFO - Exporting env vars: AIRFLOW_CTX_DAG_OWNER='***' AIRFLOW_CTX_DAG_ID='oltp_s3_dwh' AIRFLOW_CTX_TASK_ID='upload_postgre_to_s3_users' AIRFLOW_CTX_EXECUTION_DATE='2025-09-01T00:00:00+00:00' AIRFLOW_CTX_TRY_NUMBER='1' AIRFLOW_CTX_DAG_RUN_ID='scheduled__2025-09-01T00:00:00+00:00'
[2026-02-27T19:01:18.337+0000] {taskinstance.py:430} INFO - ::endgroup::
[2026-02-27T19:01:18.421+0000] {base.py:84} INFO - Using connection ID 'postgres_oltp' for task execution.
[2026-02-27T19:01:18.457+0000] {logging_mixin.py:188} WARNING - /home/***/.local/lib/python3.12/site-packages/***/providers/common/sql/hooks/sql.py:269 UserWarning: pandas only supports SQLAlchemy connectable (engine/connection) or database string URI or sqlite3 DBAPI2 connection. Other DBAPI2 objects are not tested. Please consider using SQLAlchemy.
[2026-02-27T19:01:18.467+0000] {logging_mixin.py:188} INFO - В таблице users нет данных
[2026-02-27T19:01:18.468+0000] {python.py:237} INFO - Done. Returned value was: None
[2026-02-27T19:01:18.472+0000] {taskinstance.py:441} INFO - ::group::Post task execution logs
[2026-02-27T19:01:18.494+0000] {taskinstance.py:1206} INFO - Marking task as SUCCESS. dag_id=oltp_s3_dwh, task_id=upload_postgre_to_s3_users, run_id=scheduled__2025-09-01T00:00:00+00:00, execution_date=20250901T000000, start_date=20260227T190117, end_date=20260227T190118
[2026-02-27T19:01:18.579+0000] {local_task_job_runner.py:243} INFO - Task exited with return code 0
[2026-02-27T19:01:18.599+0000] {local_task_job_runner.py:222} INFO - ::endgroup::
