[2026-02-26T17:55:50.400+0000] {local_task_job_runner.py:120} INFO - ::group::Pre task execution logs
[2026-02-26T17:55:50.459+0000] {taskinstance.py:2076} INFO - Dependencies all met for dep_context=non-requeueable deps ti=<TaskInstance: oltp_s3_dwh.upload_s3_to_dwh_users scheduled__2025-05-01T00:00:00+00:00 [queued]>
[2026-02-26T17:55:50.493+0000] {taskinstance.py:2076} INFO - Dependencies all met for dep_context=requeueable deps ti=<TaskInstance: oltp_s3_dwh.upload_s3_to_dwh_users scheduled__2025-05-01T00:00:00+00:00 [queued]>
[2026-02-26T17:55:50.506+0000] {taskinstance.py:2306} INFO - Starting attempt 1 of 1
[2026-02-26T17:55:50.584+0000] {taskinstance.py:2330} INFO - Executing <Task(PythonOperator): upload_s3_to_dwh_users> on 2025-05-01 00:00:00+00:00
[2026-02-26T17:55:50.622+0000] {standard_task_runner.py:90} INFO - Running: ['***', 'tasks', 'run', 'oltp_s3_dwh', 'upload_s3_to_dwh_users', 'scheduled__2025-05-01T00:00:00+00:00', '--job-id', '1200', '--raw', '--subdir', 'DAGS_FOLDER/oltp_s3_dwh.py', '--cfg-path', '/tmp/tmpocjr8huo']
[2026-02-26T17:55:50.665+0000] {standard_task_runner.py:91} INFO - Job 1200: Subtask upload_s3_to_dwh_users
[2026-02-26T17:55:50.649+0000] {logging_mixin.py:188} WARNING - /home/***/.local/lib/python3.12/site-packages/***/task/task_runner/standard_task_runner.py:62 DeprecationWarning: This process (pid=6870) is multi-threaded, use of fork() may lead to deadlocks in the child.
[2026-02-26T17:55:50.672+0000] {standard_task_runner.py:64} INFO - Started process 6928 to run task
[2026-02-26T17:55:50.853+0000] {task_command.py:426} INFO - Running <TaskInstance: oltp_s3_dwh.upload_s3_to_dwh_users scheduled__2025-05-01T00:00:00+00:00 [running]> on host 31b45edbecf3
[2026-02-26T17:55:51.267+0000] {taskinstance.py:2648} INFO - Exporting env vars: AIRFLOW_CTX_DAG_OWNER='***' AIRFLOW_CTX_DAG_ID='oltp_s3_dwh' AIRFLOW_CTX_TASK_ID='upload_s3_to_dwh_users' AIRFLOW_CTX_EXECUTION_DATE='2025-05-01T00:00:00+00:00' AIRFLOW_CTX_TRY_NUMBER='1' AIRFLOW_CTX_DAG_RUN_ID='scheduled__2025-05-01T00:00:00+00:00'
[2026-02-26T17:55:51.270+0000] {taskinstance.py:430} INFO - ::endgroup::
[2026-02-26T17:55:51.435+0000] {base.py:84} INFO - Using connection ID 'postgres_dwh' for task execution.
[2026-02-26T17:55:51.524+0000] {sql.py:495} INFO - Running statement: SELECT table_schema, table_name FROM information_schema.tables WHERE table_schema = 'staging';, parameters: None
[2026-02-26T17:55:51.536+0000] {sql.py:504} INFO - Rows affected: 9
[2026-02-26T17:55:51.539+0000] {logging_mixin.py:188} INFO - DEBUG: Доступные таблицы в схеме staging: [('staging', 'exchange_rates'), ('staging', 'users'), ('staging', 'accounts'), ('staging', 'transactions'), ('staging', 'dict_merchants'), ('staging', 'dict_mcc'), ('staging', 'cards'), ('staging', 'dict_regions'), ('staging', 'dict_tariffs')]
[2026-02-26T17:55:51.666+0000] {base.py:84} INFO - Using connection ID 'minio_conn_id' for task execution.
[2026-02-26T17:55:51.667+0000] {connection_wrapper.py:384} INFO - AWS Connection (conn_id='minio_conn_id', conn_type='aws') credentials retrieved from login and ***.
[2026-02-26T17:55:53.492+0000] {logging_mixin.py:188} INFO - Файл raw/not_dict/users/2025-05-01/data.parquet не найден в S3. Пропускаем загрузку.
[2026-02-26T17:55:53.506+0000] {python.py:237} INFO - Done. Returned value was: None
[2026-02-26T17:55:53.518+0000] {taskinstance.py:441} INFO - ::group::Post task execution logs
[2026-02-26T17:55:53.581+0000] {taskinstance.py:1206} INFO - Marking task as SUCCESS. dag_id=oltp_s3_dwh, task_id=upload_s3_to_dwh_users, run_id=scheduled__2025-05-01T00:00:00+00:00, execution_date=20250501T000000, start_date=20260226T175550, end_date=20260226T175553
[2026-02-26T17:55:53.702+0000] {local_task_job_runner.py:243} INFO - Task exited with return code 0
[2026-02-26T17:55:53.833+0000] {taskinstance.py:3503} INFO - 0 downstream tasks scheduled from follow-on schedule check
[2026-02-26T17:55:53.838+0000] {local_task_job_runner.py:222} INFO - ::endgroup::
[2026-02-27T19:00:32.261+0000] {local_task_job_runner.py:120} INFO - ::group::Pre task execution logs
[2026-02-27T19:00:32.335+0000] {taskinstance.py:2076} INFO - Dependencies all met for dep_context=non-requeueable deps ti=<TaskInstance: oltp_s3_dwh.upload_s3_to_dwh_users scheduled__2025-05-01T00:00:00+00:00 [queued]>
[2026-02-27T19:00:32.386+0000] {taskinstance.py:2076} INFO - Dependencies all met for dep_context=requeueable deps ti=<TaskInstance: oltp_s3_dwh.upload_s3_to_dwh_users scheduled__2025-05-01T00:00:00+00:00 [queued]>
[2026-02-27T19:00:32.387+0000] {taskinstance.py:2306} INFO - Starting attempt 1 of 1
[2026-02-27T19:00:32.417+0000] {taskinstance.py:2330} INFO - Executing <Task(PythonOperator): upload_s3_to_dwh_users> on 2025-05-01 00:00:00+00:00
[2026-02-27T19:00:32.464+0000] {standard_task_runner.py:90} INFO - Running: ['***', 'tasks', 'run', 'oltp_s3_dwh', 'upload_s3_to_dwh_users', 'scheduled__2025-05-01T00:00:00+00:00', '--job-id', '1595', '--raw', '--subdir', 'DAGS_FOLDER/oltp_s3_dwh.py', '--cfg-path', '/tmp/tmpvxbus6vt']
[2026-02-27T19:00:32.476+0000] {standard_task_runner.py:91} INFO - Job 1595: Subtask upload_s3_to_dwh_users
[2026-02-27T19:00:32.461+0000] {logging_mixin.py:188} WARNING - /home/***/.local/lib/python3.12/site-packages/***/task/task_runner/standard_task_runner.py:62 DeprecationWarning: This process (pid=32321) is multi-threaded, use of fork() may lead to deadlocks in the child.
[2026-02-27T19:00:32.483+0000] {standard_task_runner.py:64} INFO - Started process 32342 to run task
[2026-02-27T19:00:32.629+0000] {task_command.py:426} INFO - Running <TaskInstance: oltp_s3_dwh.upload_s3_to_dwh_users scheduled__2025-05-01T00:00:00+00:00 [running]> on host 31b45edbecf3
[2026-02-27T19:00:32.844+0000] {taskinstance.py:2648} INFO - Exporting env vars: AIRFLOW_CTX_DAG_OWNER='***' AIRFLOW_CTX_DAG_ID='oltp_s3_dwh' AIRFLOW_CTX_TASK_ID='upload_s3_to_dwh_users' AIRFLOW_CTX_EXECUTION_DATE='2025-05-01T00:00:00+00:00' AIRFLOW_CTX_TRY_NUMBER='1' AIRFLOW_CTX_DAG_RUN_ID='scheduled__2025-05-01T00:00:00+00:00'
[2026-02-27T19:00:32.848+0000] {taskinstance.py:430} INFO - ::endgroup::
[2026-02-27T19:00:32.909+0000] {base.py:84} INFO - Using connection ID 'postgres_dwh' for task execution.
[2026-02-27T19:00:32.933+0000] {sql.py:495} INFO - Running statement: SELECT table_schema, table_name FROM information_schema.tables WHERE table_schema = 'staging';, parameters: None
[2026-02-27T19:00:32.945+0000] {sql.py:504} INFO - Rows affected: 9
[2026-02-27T19:00:32.947+0000] {logging_mixin.py:188} INFO - DEBUG: Доступные таблицы в схеме staging: [('staging', 'exchange_rates'), ('staging', 'cards'), ('staging', 'users'), ('staging', 'accounts'), ('staging', 'transactions'), ('staging', 'dict_regions'), ('staging', 'dict_tariffs'), ('staging', 'dict_merchants'), ('staging', 'dict_mcc')]
[2026-02-27T19:00:32.958+0000] {base.py:84} INFO - Using connection ID 'minio_conn_id' for task execution.
[2026-02-27T19:00:32.960+0000] {connection_wrapper.py:384} INFO - AWS Connection (conn_id='minio_conn_id', conn_type='aws') credentials retrieved from login and ***.
[2026-02-27T19:00:33.923+0000] {logging_mixin.py:188} INFO - Файл raw/not_dict/users/2025-05-01/data.parquet не найден в S3. Пропускаем загрузку.
[2026-02-27T19:00:33.933+0000] {python.py:237} INFO - Done. Returned value was: None
[2026-02-27T19:00:33.934+0000] {taskinstance.py:441} INFO - ::group::Post task execution logs
[2026-02-27T19:00:33.947+0000] {taskinstance.py:1206} INFO - Marking task as SUCCESS. dag_id=oltp_s3_dwh, task_id=upload_s3_to_dwh_users, run_id=scheduled__2025-05-01T00:00:00+00:00, execution_date=20250501T000000, start_date=20260227T190032, end_date=20260227T190033
[2026-02-27T19:00:34.128+0000] {local_task_job_runner.py:243} INFO - Task exited with return code 0
[2026-02-27T19:00:34.200+0000] {taskinstance.py:3503} INFO - 0 downstream tasks scheduled from follow-on schedule check
[2026-02-27T19:00:34.226+0000] {local_task_job_runner.py:222} INFO - ::endgroup::
