[2026-02-27T10:29:54.179+0000] {local_task_job_runner.py:120} INFO - ::group::Pre task execution logs
[2026-02-27T10:29:54.219+0000] {taskinstance.py:2076} INFO - Dependencies all met for dep_context=non-requeueable deps ti=<TaskInstance: staging_to_core.wait_for_transactions scheduled__2025-02-01T00:00:00+00:00 [queued]>
[2026-02-27T10:29:54.240+0000] {taskinstance.py:2076} INFO - Dependencies all met for dep_context=requeueable deps ti=<TaskInstance: staging_to_core.wait_for_transactions scheduled__2025-02-01T00:00:00+00:00 [queued]>
[2026-02-27T10:29:54.241+0000] {taskinstance.py:2306} INFO - Starting attempt 1 of 1
[2026-02-27T10:29:54.267+0000] {taskinstance.py:2330} INFO - Executing <Task(ExternalTaskSensor): wait_for_transactions> on 2025-02-01 00:00:00+00:00
[2026-02-27T10:29:54.279+0000] {logging_mixin.py:188} WARNING - /home/***/.local/lib/python3.12/site-packages/***/task/task_runner/standard_task_runner.py:62 DeprecationWarning: This process (pid=9109) is multi-threaded, use of fork() may lead to deadlocks in the child.
[2026-02-27T10:29:54.281+0000] {standard_task_runner.py:64} INFO - Started process 9110 to run task
[2026-02-27T10:29:54.286+0000] {standard_task_runner.py:90} INFO - Running: ['***', 'tasks', 'run', 'staging_to_core', 'wait_for_transactions', 'scheduled__2025-02-01T00:00:00+00:00', '--job-id', '1323', '--raw', '--subdir', 'DAGS_FOLDER/staging_to_core.py', '--cfg-path', '/tmp/tmp3v6a4p2y']
[2026-02-27T10:29:54.290+0000] {standard_task_runner.py:91} INFO - Job 1323: Subtask wait_for_transactions
[2026-02-27T10:29:54.395+0000] {task_command.py:426} INFO - Running <TaskInstance: staging_to_core.wait_for_transactions scheduled__2025-02-01T00:00:00+00:00 [running]> on host 31b45edbecf3
[2026-02-27T10:29:54.534+0000] {taskinstance.py:2648} INFO - Exporting env vars: AIRFLOW_CTX_DAG_OWNER='***' AIRFLOW_CTX_DAG_ID='staging_to_core' AIRFLOW_CTX_TASK_ID='wait_for_transactions' AIRFLOW_CTX_EXECUTION_DATE='2025-02-01T00:00:00+00:00' AIRFLOW_CTX_TRY_NUMBER='1' AIRFLOW_CTX_DAG_RUN_ID='scheduled__2025-02-01T00:00:00+00:00'
[2026-02-27T10:29:54.537+0000] {taskinstance.py:430} INFO - ::endgroup::
[2026-02-27T10:29:54.567+0000] {baseoperator.py:400} WARNING - ExternalTaskSensor.execute cannot be called outside TaskInstance!
[2026-02-27T10:29:54.591+0000] {external_task.py:258} INFO - Poking for tasks ['upload_s3_to_dwh_transactions'] in dag oltp_s3_dwh on 2025-02-01T00:00:00+00:00 ... 
[2026-02-27T10:29:54.596+0000] {logging_mixin.py:188} WARNING - /home/***/.local/lib/python3.12/site-packages/***/utils/session.py:79 DeprecationWarning: This method is deprecated and will be removed in future.
[2026-02-27T10:29:54.613+0000] {base.py:294} INFO - Success criteria met. Exiting.
[2026-02-27T10:29:54.614+0000] {taskinstance.py:441} INFO - ::group::Post task execution logs
[2026-02-27T10:29:54.629+0000] {taskinstance.py:1206} INFO - Marking task as SUCCESS. dag_id=staging_to_core, task_id=wait_for_transactions, run_id=scheduled__2025-02-01T00:00:00+00:00, execution_date=20250201T000000, start_date=20260227T102954, end_date=20260227T102954
[2026-02-27T10:29:54.667+0000] {local_task_job_runner.py:243} INFO - Task exited with return code 0
[2026-02-27T10:29:54.686+0000] {logging_mixin.py:188} WARNING - /home/***/.local/lib/python3.12/site-packages/***/models/baseoperator.py:1297 AirflowProviderDeprecationWarning: Call to deprecated class PostgresOperator. (Please use `***.providers.common.sql.operators.sql.SQLExecuteQueryOperator`.Also, you can provide `hook_params={'schema': <database>}`.)
[2026-02-27T10:29:54.709+0000] {taskinstance.py:3503} INFO - 1 downstream tasks scheduled from follow-on schedule check
[2026-02-27T10:29:54.713+0000] {local_task_job_runner.py:222} INFO - ::endgroup::
[2026-02-27T19:01:25.553+0000] {local_task_job_runner.py:120} INFO - ::group::Pre task execution logs
[2026-02-27T19:01:25.601+0000] {taskinstance.py:2076} INFO - Dependencies all met for dep_context=non-requeueable deps ti=<TaskInstance: staging_to_core.wait_for_transactions scheduled__2025-02-01T00:00:00+00:00 [queued]>
[2026-02-27T19:01:25.614+0000] {taskinstance.py:2076} INFO - Dependencies all met for dep_context=requeueable deps ti=<TaskInstance: staging_to_core.wait_for_transactions scheduled__2025-02-01T00:00:00+00:00 [queued]>
[2026-02-27T19:01:25.615+0000] {taskinstance.py:2306} INFO - Starting attempt 1 of 1
[2026-02-27T19:01:25.633+0000] {taskinstance.py:2330} INFO - Executing <Task(ExternalTaskSensor): wait_for_transactions> on 2025-02-01 00:00:00+00:00
[2026-02-27T19:01:25.642+0000] {logging_mixin.py:188} WARNING - /home/***/.local/lib/python3.12/site-packages/***/task/task_runner/standard_task_runner.py:62 DeprecationWarning: This process (pid=32819) is multi-threaded, use of fork() may lead to deadlocks in the child.
[2026-02-27T19:01:25.641+0000] {standard_task_runner.py:90} INFO - Running: ['***', 'tasks', 'run', 'staging_to_core', 'wait_for_transactions', 'scheduled__2025-02-01T00:00:00+00:00', '--job-id', '1691', '--raw', '--subdir', 'DAGS_FOLDER/staging_to_core.py', '--cfg-path', '/tmp/tmppwadam42']
[2026-02-27T19:01:25.643+0000] {standard_task_runner.py:64} INFO - Started process 32825 to run task
[2026-02-27T19:01:25.644+0000] {standard_task_runner.py:91} INFO - Job 1691: Subtask wait_for_transactions
[2026-02-27T19:01:25.717+0000] {task_command.py:426} INFO - Running <TaskInstance: staging_to_core.wait_for_transactions scheduled__2025-02-01T00:00:00+00:00 [running]> on host 31b45edbecf3
[2026-02-27T19:01:25.840+0000] {taskinstance.py:2648} INFO - Exporting env vars: AIRFLOW_CTX_DAG_OWNER='***' AIRFLOW_CTX_DAG_ID='staging_to_core' AIRFLOW_CTX_TASK_ID='wait_for_transactions' AIRFLOW_CTX_EXECUTION_DATE='2025-02-01T00:00:00+00:00' AIRFLOW_CTX_TRY_NUMBER='1' AIRFLOW_CTX_DAG_RUN_ID='scheduled__2025-02-01T00:00:00+00:00'
[2026-02-27T19:01:25.842+0000] {taskinstance.py:430} INFO - ::endgroup::
[2026-02-27T19:01:25.861+0000] {baseoperator.py:400} WARNING - ExternalTaskSensor.execute cannot be called outside TaskInstance!
[2026-02-27T19:01:25.878+0000] {external_task.py:258} INFO - Poking for tasks ['upload_s3_to_dwh_transactions'] in dag oltp_s3_dwh on 2025-02-01T00:00:00+00:00 ... 
[2026-02-27T19:01:25.881+0000] {logging_mixin.py:188} WARNING - /home/***/.local/lib/python3.12/site-packages/***/utils/session.py:79 DeprecationWarning: This method is deprecated and will be removed in future.
[2026-02-27T19:01:25.895+0000] {base.py:294} INFO - Success criteria met. Exiting.
[2026-02-27T19:01:25.896+0000] {taskinstance.py:441} INFO - ::group::Post task execution logs
[2026-02-27T19:01:25.908+0000] {taskinstance.py:1206} INFO - Marking task as SUCCESS. dag_id=staging_to_core, task_id=wait_for_transactions, run_id=scheduled__2025-02-01T00:00:00+00:00, execution_date=20250201T000000, start_date=20260227T190125, end_date=20260227T190125
[2026-02-27T19:01:25.941+0000] {local_task_job_runner.py:243} INFO - Task exited with return code 0
[2026-02-27T19:01:25.960+0000] {logging_mixin.py:188} WARNING - /home/***/.local/lib/python3.12/site-packages/***/models/baseoperator.py:1297 AirflowProviderDeprecationWarning: Call to deprecated class PostgresOperator. (Please use `***.providers.common.sql.operators.sql.SQLExecuteQueryOperator`.Also, you can provide `hook_params={'schema': <database>}`.)
[2026-02-27T19:01:25.990+0000] {taskinstance.py:3503} INFO - 1 downstream tasks scheduled from follow-on schedule check
[2026-02-27T19:01:25.994+0000] {local_task_job_runner.py:222} INFO - ::endgroup::
