[2026-02-26T12:07:27.004+0000] {local_task_job_runner.py:120} INFO - ::group::Pre task execution logs
[2026-02-26T12:07:27.063+0000] {taskinstance.py:2076} INFO - Dependencies all met for dep_context=non-requeueable deps ti=<TaskInstance: oltp_s3_dwh.upload_postgre_to_s3_cards scheduled__2025-12-01T00:00:00+00:00 [queued]>
[2026-02-26T12:07:27.076+0000] {taskinstance.py:2076} INFO - Dependencies all met for dep_context=requeueable deps ti=<TaskInstance: oltp_s3_dwh.upload_postgre_to_s3_cards scheduled__2025-12-01T00:00:00+00:00 [queued]>
[2026-02-26T12:07:27.077+0000] {taskinstance.py:2306} INFO - Starting attempt 1 of 1
[2026-02-26T12:07:27.104+0000] {taskinstance.py:2330} INFO - Executing <Task(PythonOperator): upload_postgre_to_s3_cards> on 2025-12-01 00:00:00+00:00
[2026-02-26T12:07:27.114+0000] {logging_mixin.py:188} WARNING - /home/***/.local/lib/python3.12/site-packages/***/task/task_runner/standard_task_runner.py:62 DeprecationWarning: This process (pid=4820) is multi-threaded, use of fork() may lead to deadlocks in the child.
[2026-02-26T12:07:27.118+0000] {standard_task_runner.py:64} INFO - Started process 4865 to run task
[2026-02-26T12:07:27.165+0000] {standard_task_runner.py:90} INFO - Running: ['***', 'tasks', 'run', 'oltp_s3_dwh', 'upload_postgre_to_s3_cards', 'scheduled__2025-12-01T00:00:00+00:00', '--job-id', '1082', '--raw', '--subdir', 'DAGS_FOLDER/oltp_s3_dwh_dict.py', '--cfg-path', '/tmp/tmpne_nhhgw']
[2026-02-26T12:07:27.168+0000] {standard_task_runner.py:91} INFO - Job 1082: Subtask upload_postgre_to_s3_cards
[2026-02-26T12:07:27.347+0000] {task_command.py:426} INFO - Running <TaskInstance: oltp_s3_dwh.upload_postgre_to_s3_cards scheduled__2025-12-01T00:00:00+00:00 [running]> on host 31b45edbecf3
[2026-02-26T12:07:27.734+0000] {taskinstance.py:2648} INFO - Exporting env vars: AIRFLOW_CTX_DAG_OWNER='***' AIRFLOW_CTX_DAG_ID='oltp_s3_dwh' AIRFLOW_CTX_TASK_ID='upload_postgre_to_s3_cards' AIRFLOW_CTX_EXECUTION_DATE='2025-12-01T00:00:00+00:00' AIRFLOW_CTX_TRY_NUMBER='1' AIRFLOW_CTX_DAG_RUN_ID='scheduled__2025-12-01T00:00:00+00:00'
[2026-02-26T12:07:27.735+0000] {taskinstance.py:430} INFO - ::endgroup::
[2026-02-26T12:07:27.790+0000] {base.py:84} INFO - Using connection ID 'postgres_oltp' for task execution.
[2026-02-26T12:07:27.815+0000] {logging_mixin.py:188} WARNING - /home/***/.local/lib/python3.12/site-packages/***/providers/common/sql/hooks/sql.py:269 UserWarning: pandas only supports SQLAlchemy connectable (engine/connection) or database string URI or sqlite3 DBAPI2 connection. Other DBAPI2 objects are not tested. Please consider using SQLAlchemy.
[2026-02-26T12:07:27.973+0000] {base.py:84} INFO - Using connection ID 'minio_conn_id' for task execution.
[2026-02-26T12:07:27.976+0000] {connection_wrapper.py:384} INFO - AWS Connection (conn_id='minio_conn_id', conn_type='aws') credentials retrieved from login and ***.
[2026-02-26T12:07:29.475+0000] {python.py:237} INFO - Done. Returned value was: None
[2026-02-26T12:07:29.476+0000] {taskinstance.py:441} INFO - ::group::Post task execution logs
[2026-02-26T12:07:29.487+0000] {taskinstance.py:1206} INFO - Marking task as SUCCESS. dag_id=oltp_s3_dwh, task_id=upload_postgre_to_s3_cards, run_id=scheduled__2025-12-01T00:00:00+00:00, execution_date=20251201T000000, start_date=20260226T120727, end_date=20260226T120729
[2026-02-26T12:07:29.563+0000] {local_task_job_runner.py:243} INFO - Task exited with return code 0
[2026-02-26T12:07:29.622+0000] {taskinstance.py:3503} INFO - 0 downstream tasks scheduled from follow-on schedule check
[2026-02-26T12:07:29.645+0000] {local_task_job_runner.py:222} INFO - ::endgroup::
[2026-02-27T19:01:53.627+0000] {local_task_job_runner.py:120} INFO - ::group::Pre task execution logs
[2026-02-27T19:01:53.670+0000] {taskinstance.py:2076} INFO - Dependencies all met for dep_context=non-requeueable deps ti=<TaskInstance: oltp_s3_dwh.upload_postgre_to_s3_cards scheduled__2025-12-01T00:00:00+00:00 [queued]>
[2026-02-27T19:01:53.696+0000] {taskinstance.py:2076} INFO - Dependencies all met for dep_context=requeueable deps ti=<TaskInstance: oltp_s3_dwh.upload_postgre_to_s3_cards scheduled__2025-12-01T00:00:00+00:00 [queued]>
[2026-02-27T19:01:53.698+0000] {taskinstance.py:2306} INFO - Starting attempt 1 of 1
[2026-02-27T19:01:53.878+0000] {taskinstance.py:2330} INFO - Executing <Task(PythonOperator): upload_postgre_to_s3_cards> on 2025-12-01 00:00:00+00:00
[2026-02-27T19:01:53.920+0000] {logging_mixin.py:188} WARNING - /home/***/.local/lib/python3.12/site-packages/***/task/task_runner/standard_task_runner.py:62 DeprecationWarning: This process (pid=33037) is multi-threaded, use of fork() may lead to deadlocks in the child.
[2026-02-27T19:01:53.925+0000] {standard_task_runner.py:64} INFO - Started process 33054 to run task
[2026-02-27T19:01:53.928+0000] {standard_task_runner.py:90} INFO - Running: ['***', 'tasks', 'run', 'oltp_s3_dwh', 'upload_postgre_to_s3_cards', 'scheduled__2025-12-01T00:00:00+00:00', '--job-id', '1737', '--raw', '--subdir', 'DAGS_FOLDER/oltp_s3_dwh.py', '--cfg-path', '/tmp/tmpix_7rmkj']
[2026-02-27T19:01:53.937+0000] {standard_task_runner.py:91} INFO - Job 1737: Subtask upload_postgre_to_s3_cards
[2026-02-27T19:01:54.093+0000] {task_command.py:426} INFO - Running <TaskInstance: oltp_s3_dwh.upload_postgre_to_s3_cards scheduled__2025-12-01T00:00:00+00:00 [running]> on host 31b45edbecf3
[2026-02-27T19:01:54.438+0000] {taskinstance.py:2648} INFO - Exporting env vars: AIRFLOW_CTX_DAG_OWNER='***' AIRFLOW_CTX_DAG_ID='oltp_s3_dwh' AIRFLOW_CTX_TASK_ID='upload_postgre_to_s3_cards' AIRFLOW_CTX_EXECUTION_DATE='2025-12-01T00:00:00+00:00' AIRFLOW_CTX_TRY_NUMBER='1' AIRFLOW_CTX_DAG_RUN_ID='scheduled__2025-12-01T00:00:00+00:00'
[2026-02-27T19:01:54.451+0000] {taskinstance.py:430} INFO - ::endgroup::
[2026-02-27T19:01:54.563+0000] {base.py:84} INFO - Using connection ID 'postgres_oltp' for task execution.
[2026-02-27T19:01:54.576+0000] {logging_mixin.py:188} WARNING - /home/***/.local/lib/python3.12/site-packages/***/providers/common/sql/hooks/sql.py:269 UserWarning: pandas only supports SQLAlchemy connectable (engine/connection) or database string URI or sqlite3 DBAPI2 connection. Other DBAPI2 objects are not tested. Please consider using SQLAlchemy.
[2026-02-27T19:01:54.613+0000] {logging_mixin.py:188} INFO - В таблице cards нет данных
[2026-02-27T19:01:54.641+0000] {python.py:237} INFO - Done. Returned value was: None
[2026-02-27T19:01:54.650+0000] {taskinstance.py:441} INFO - ::group::Post task execution logs
[2026-02-27T19:01:54.703+0000] {taskinstance.py:1206} INFO - Marking task as SUCCESS. dag_id=oltp_s3_dwh, task_id=upload_postgre_to_s3_cards, run_id=scheduled__2025-12-01T00:00:00+00:00, execution_date=20251201T000000, start_date=20260227T190153, end_date=20260227T190154
[2026-02-27T19:01:54.768+0000] {local_task_job_runner.py:243} INFO - Task exited with return code 0
[2026-02-27T19:01:54.840+0000] {taskinstance.py:3503} INFO - 1 downstream tasks scheduled from follow-on schedule check
[2026-02-27T19:01:54.852+0000] {local_task_job_runner.py:222} INFO - ::endgroup::
