[2026-02-26T17:55:58.163+0000] {local_task_job_runner.py:120} INFO - ::group::Pre task execution logs
[2026-02-26T17:55:58.226+0000] {taskinstance.py:2076} INFO - Dependencies all met for dep_context=non-requeueable deps ti=<TaskInstance: oltp_s3_dwh.upload_s3_to_dwh_transactions scheduled__2025-07-01T00:00:00+00:00 [queued]>
[2026-02-26T17:55:58.253+0000] {taskinstance.py:2076} INFO - Dependencies all met for dep_context=requeueable deps ti=<TaskInstance: oltp_s3_dwh.upload_s3_to_dwh_transactions scheduled__2025-07-01T00:00:00+00:00 [queued]>
[2026-02-26T17:55:58.255+0000] {taskinstance.py:2306} INFO - Starting attempt 1 of 1
[2026-02-26T17:55:58.314+0000] {taskinstance.py:2330} INFO - Executing <Task(PythonOperator): upload_s3_to_dwh_transactions> on 2025-07-01 00:00:00+00:00
[2026-02-26T17:55:58.379+0000] {logging_mixin.py:188} WARNING - /home/***/.local/lib/python3.12/site-packages/***/task/task_runner/standard_task_runner.py:62 DeprecationWarning: This process (pid=6965) is multi-threaded, use of fork() may lead to deadlocks in the child.
[2026-02-26T17:55:58.377+0000] {standard_task_runner.py:90} INFO - Running: ['***', 'tasks', 'run', 'oltp_s3_dwh', 'upload_s3_to_dwh_transactions', 'scheduled__2025-07-01T00:00:00+00:00', '--job-id', '1217', '--raw', '--subdir', 'DAGS_FOLDER/oltp_s3_dwh.py', '--cfg-path', '/tmp/tmpftqwnoc9']
[2026-02-26T17:55:58.389+0000] {standard_task_runner.py:91} INFO - Job 1217: Subtask upload_s3_to_dwh_transactions
[2026-02-26T17:55:58.389+0000] {standard_task_runner.py:64} INFO - Started process 7037 to run task
[2026-02-26T17:55:58.557+0000] {task_command.py:426} INFO - Running <TaskInstance: oltp_s3_dwh.upload_s3_to_dwh_transactions scheduled__2025-07-01T00:00:00+00:00 [running]> on host 31b45edbecf3
[2026-02-26T17:55:58.927+0000] {taskinstance.py:2648} INFO - Exporting env vars: AIRFLOW_CTX_DAG_OWNER='***' AIRFLOW_CTX_DAG_ID='oltp_s3_dwh' AIRFLOW_CTX_TASK_ID='upload_s3_to_dwh_transactions' AIRFLOW_CTX_EXECUTION_DATE='2025-07-01T00:00:00+00:00' AIRFLOW_CTX_TRY_NUMBER='1' AIRFLOW_CTX_DAG_RUN_ID='scheduled__2025-07-01T00:00:00+00:00'
[2026-02-26T17:55:58.931+0000] {taskinstance.py:430} INFO - ::endgroup::
[2026-02-26T17:55:59.001+0000] {base.py:84} INFO - Using connection ID 'postgres_dwh' for task execution.
[2026-02-26T17:55:59.013+0000] {sql.py:495} INFO - Running statement: SELECT table_schema, table_name FROM information_schema.tables WHERE table_schema = 'staging';, parameters: None
[2026-02-26T17:55:59.020+0000] {sql.py:504} INFO - Rows affected: 9
[2026-02-26T17:55:59.021+0000] {logging_mixin.py:188} INFO - DEBUG: Доступные таблицы в схеме staging: [('staging', 'exchange_rates'), ('staging', 'users'), ('staging', 'accounts'), ('staging', 'dict_merchants'), ('staging', 'transactions'), ('staging', 'cards'), ('staging', 'dict_mcc'), ('staging', 'dict_tariffs'), ('staging', 'dict_regions')]
[2026-02-26T17:55:59.040+0000] {base.py:84} INFO - Using connection ID 'minio_conn_id' for task execution.
[2026-02-26T17:55:59.044+0000] {connection_wrapper.py:384} INFO - AWS Connection (conn_id='minio_conn_id', conn_type='aws') credentials retrieved from login and ***.
[2026-02-26T17:56:01.719+0000] {base.py:84} INFO - Using connection ID 'postgres_dwh' for task execution.
[2026-02-26T17:56:01.795+0000] {logging_mixin.py:188} INFO - Successfully loaded transactions using copy_expert
[2026-02-26T17:56:01.800+0000] {python.py:237} INFO - Done. Returned value was: None
[2026-02-26T17:56:01.801+0000] {taskinstance.py:441} INFO - ::group::Post task execution logs
[2026-02-26T17:56:01.835+0000] {taskinstance.py:1206} INFO - Marking task as SUCCESS. dag_id=oltp_s3_dwh, task_id=upload_s3_to_dwh_transactions, run_id=scheduled__2025-07-01T00:00:00+00:00, execution_date=20250701T000000, start_date=20260226T175558, end_date=20260226T175601
[2026-02-26T17:56:01.897+0000] {local_task_job_runner.py:243} INFO - Task exited with return code 0
[2026-02-26T17:56:01.959+0000] {taskinstance.py:3503} INFO - 0 downstream tasks scheduled from follow-on schedule check
[2026-02-26T17:56:01.964+0000] {local_task_job_runner.py:222} INFO - ::endgroup::
[2026-02-27T19:00:59.443+0000] {local_task_job_runner.py:120} INFO - ::group::Pre task execution logs
[2026-02-27T19:00:59.479+0000] {taskinstance.py:2076} INFO - Dependencies all met for dep_context=non-requeueable deps ti=<TaskInstance: oltp_s3_dwh.upload_s3_to_dwh_transactions scheduled__2025-07-01T00:00:00+00:00 [queued]>
[2026-02-27T19:00:59.518+0000] {taskinstance.py:2076} INFO - Dependencies all met for dep_context=requeueable deps ti=<TaskInstance: oltp_s3_dwh.upload_s3_to_dwh_transactions scheduled__2025-07-01T00:00:00+00:00 [queued]>
[2026-02-27T19:00:59.519+0000] {taskinstance.py:2306} INFO - Starting attempt 1 of 1
[2026-02-27T19:00:59.612+0000] {taskinstance.py:2330} INFO - Executing <Task(PythonOperator): upload_s3_to_dwh_transactions> on 2025-07-01 00:00:00+00:00
[2026-02-27T19:00:59.627+0000] {logging_mixin.py:188} WARNING - /home/***/.local/lib/python3.12/site-packages/***/task/task_runner/standard_task_runner.py:62 DeprecationWarning: This process (pid=32561) is multi-threaded, use of fork() may lead to deadlocks in the child.
[2026-02-27T19:00:59.633+0000] {standard_task_runner.py:64} INFO - Started process 32577 to run task
[2026-02-27T19:00:59.631+0000] {standard_task_runner.py:90} INFO - Running: ['***', 'tasks', 'run', 'oltp_s3_dwh', 'upload_s3_to_dwh_transactions', 'scheduled__2025-07-01T00:00:00+00:00', '--job-id', '1646', '--raw', '--subdir', 'DAGS_FOLDER/oltp_s3_dwh.py', '--cfg-path', '/tmp/tmp220figee']
[2026-02-27T19:00:59.642+0000] {standard_task_runner.py:91} INFO - Job 1646: Subtask upload_s3_to_dwh_transactions
[2026-02-27T19:00:59.766+0000] {task_command.py:426} INFO - Running <TaskInstance: oltp_s3_dwh.upload_s3_to_dwh_transactions scheduled__2025-07-01T00:00:00+00:00 [running]> on host 31b45edbecf3
[2026-02-27T19:00:59.978+0000] {taskinstance.py:2648} INFO - Exporting env vars: AIRFLOW_CTX_DAG_OWNER='***' AIRFLOW_CTX_DAG_ID='oltp_s3_dwh' AIRFLOW_CTX_TASK_ID='upload_s3_to_dwh_transactions' AIRFLOW_CTX_EXECUTION_DATE='2025-07-01T00:00:00+00:00' AIRFLOW_CTX_TRY_NUMBER='1' AIRFLOW_CTX_DAG_RUN_ID='scheduled__2025-07-01T00:00:00+00:00'
[2026-02-27T19:00:59.981+0000] {taskinstance.py:430} INFO - ::endgroup::
[2026-02-27T19:01:00.067+0000] {base.py:84} INFO - Using connection ID 'postgres_dwh' for task execution.
[2026-02-27T19:01:00.092+0000] {sql.py:495} INFO - Running statement: SELECT table_schema, table_name FROM information_schema.tables WHERE table_schema = 'staging';, parameters: None
[2026-02-27T19:01:00.096+0000] {sql.py:504} INFO - Rows affected: 9
[2026-02-27T19:01:00.097+0000] {logging_mixin.py:188} INFO - DEBUG: Доступные таблицы в схеме staging: [('staging', 'exchange_rates'), ('staging', 'cards'), ('staging', 'users'), ('staging', 'accounts'), ('staging', 'dict_regions'), ('staging', 'dict_mcc'), ('staging', 'transactions'), ('staging', 'dict_tariffs'), ('staging', 'dict_merchants')]
[2026-02-27T19:01:00.152+0000] {base.py:84} INFO - Using connection ID 'minio_conn_id' for task execution.
[2026-02-27T19:01:00.162+0000] {connection_wrapper.py:384} INFO - AWS Connection (conn_id='minio_conn_id', conn_type='aws') credentials retrieved from login and ***.
[2026-02-27T19:01:00.904+0000] {base.py:84} INFO - Using connection ID 'postgres_dwh' for task execution.
[2026-02-27T19:01:00.939+0000] {logging_mixin.py:188} INFO - Successfully loaded transactions using copy_expert
[2026-02-27T19:01:00.942+0000] {python.py:237} INFO - Done. Returned value was: None
[2026-02-27T19:01:00.943+0000] {taskinstance.py:441} INFO - ::group::Post task execution logs
[2026-02-27T19:01:00.959+0000] {taskinstance.py:1206} INFO - Marking task as SUCCESS. dag_id=oltp_s3_dwh, task_id=upload_s3_to_dwh_transactions, run_id=scheduled__2025-07-01T00:00:00+00:00, execution_date=20250701T000000, start_date=20260227T190059, end_date=20260227T190100
[2026-02-27T19:01:01.006+0000] {local_task_job_runner.py:243} INFO - Task exited with return code 0
[2026-02-27T19:01:01.030+0000] {taskinstance.py:3503} INFO - 0 downstream tasks scheduled from follow-on schedule check
[2026-02-27T19:01:01.035+0000] {local_task_job_runner.py:222} INFO - ::endgroup::
