[2026-02-27T10:31:44.290+0000] {local_task_job_runner.py:120} INFO - ::group::Pre task execution logs
[2026-02-27T10:31:44.335+0000] {taskinstance.py:2076} INFO - Dependencies all met for dep_context=non-requeueable deps ti=<TaskInstance: staging_to_core.wait_for_dict_merchants scheduled__2025-08-01T00:00:00+00:00 [queued]>
[2026-02-27T10:31:44.347+0000] {taskinstance.py:2076} INFO - Dependencies all met for dep_context=requeueable deps ti=<TaskInstance: staging_to_core.wait_for_dict_merchants scheduled__2025-08-01T00:00:00+00:00 [queued]>
[2026-02-27T10:31:44.347+0000] {taskinstance.py:2306} INFO - Starting attempt 1 of 1
[2026-02-27T10:31:44.367+0000] {taskinstance.py:2330} INFO - Executing <Task(ExternalTaskSensor): wait_for_dict_merchants> on 2025-08-01 00:00:00+00:00
[2026-02-27T10:31:44.377+0000] {logging_mixin.py:188} WARNING - /home/***/.local/lib/python3.12/site-packages/***/task/task_runner/standard_task_runner.py:62 DeprecationWarning: This process (pid=9415) is multi-threaded, use of fork() may lead to deadlocks in the child.
[2026-02-27T10:31:44.377+0000] {standard_task_runner.py:90} INFO - Running: ['***', 'tasks', 'run', 'staging_to_core', 'wait_for_dict_merchants', 'scheduled__2025-08-01T00:00:00+00:00', '--job-id', '1411', '--raw', '--subdir', 'DAGS_FOLDER/staging_to_core.py', '--cfg-path', '/tmp/tmp479olsj_']
[2026-02-27T10:31:44.380+0000] {standard_task_runner.py:64} INFO - Started process 9416 to run task
[2026-02-27T10:31:44.380+0000] {standard_task_runner.py:91} INFO - Job 1411: Subtask wait_for_dict_merchants
[2026-02-27T10:31:44.456+0000] {task_command.py:426} INFO - Running <TaskInstance: staging_to_core.wait_for_dict_merchants scheduled__2025-08-01T00:00:00+00:00 [running]> on host 31b45edbecf3
[2026-02-27T10:31:44.578+0000] {taskinstance.py:2648} INFO - Exporting env vars: AIRFLOW_CTX_DAG_OWNER='***' AIRFLOW_CTX_DAG_ID='staging_to_core' AIRFLOW_CTX_TASK_ID='wait_for_dict_merchants' AIRFLOW_CTX_EXECUTION_DATE='2025-08-01T00:00:00+00:00' AIRFLOW_CTX_TRY_NUMBER='1' AIRFLOW_CTX_DAG_RUN_ID='scheduled__2025-08-01T00:00:00+00:00'
[2026-02-27T10:31:44.580+0000] {taskinstance.py:430} INFO - ::endgroup::
[2026-02-27T10:31:44.597+0000] {baseoperator.py:400} WARNING - ExternalTaskSensor.execute cannot be called outside TaskInstance!
[2026-02-27T10:31:44.609+0000] {external_task.py:258} INFO - Poking for tasks ['upload_s3_to_dwh_dict_merchants'] in dag oltp_s3_dwh on 2025-08-01T00:00:00+00:00 ... 
[2026-02-27T10:31:44.613+0000] {logging_mixin.py:188} WARNING - /home/***/.local/lib/python3.12/site-packages/***/utils/session.py:79 DeprecationWarning: This method is deprecated and will be removed in future.
[2026-02-27T10:31:44.625+0000] {base.py:294} INFO - Success criteria met. Exiting.
[2026-02-27T10:31:44.626+0000] {taskinstance.py:441} INFO - ::group::Post task execution logs
[2026-02-27T10:31:44.639+0000] {taskinstance.py:1206} INFO - Marking task as SUCCESS. dag_id=staging_to_core, task_id=wait_for_dict_merchants, run_id=scheduled__2025-08-01T00:00:00+00:00, execution_date=20250801T000000, start_date=20260227T103144, end_date=20260227T103144
[2026-02-27T10:31:44.679+0000] {local_task_job_runner.py:243} INFO - Task exited with return code 0
[2026-02-27T10:31:44.697+0000] {logging_mixin.py:188} WARNING - /home/***/.local/lib/python3.12/site-packages/***/models/baseoperator.py:1297 AirflowProviderDeprecationWarning: Call to deprecated class PostgresOperator. (Please use `***.providers.common.sql.operators.sql.SQLExecuteQueryOperator`.Also, you can provide `hook_params={'schema': <database>}`.)
[2026-02-27T10:31:44.739+0000] {taskinstance.py:3503} INFO - 1 downstream tasks scheduled from follow-on schedule check
[2026-02-27T10:31:44.743+0000] {local_task_job_runner.py:222} INFO - ::endgroup::
[2026-02-27T19:03:34.372+0000] {local_task_job_runner.py:120} INFO - ::group::Pre task execution logs
[2026-02-27T19:03:34.407+0000] {taskinstance.py:2076} INFO - Dependencies all met for dep_context=non-requeueable deps ti=<TaskInstance: staging_to_core.wait_for_dict_merchants scheduled__2025-08-01T00:00:00+00:00 [queued]>
[2026-02-27T19:03:34.416+0000] {taskinstance.py:2076} INFO - Dependencies all met for dep_context=requeueable deps ti=<TaskInstance: staging_to_core.wait_for_dict_merchants scheduled__2025-08-01T00:00:00+00:00 [queued]>
[2026-02-27T19:03:34.417+0000] {taskinstance.py:2306} INFO - Starting attempt 1 of 1
[2026-02-27T19:03:34.431+0000] {taskinstance.py:2330} INFO - Executing <Task(ExternalTaskSensor): wait_for_dict_merchants> on 2025-08-01 00:00:00+00:00
[2026-02-27T19:03:34.439+0000] {standard_task_runner.py:90} INFO - Running: ['***', 'tasks', 'run', 'staging_to_core', 'wait_for_dict_merchants', 'scheduled__2025-08-01T00:00:00+00:00', '--job-id', '1843', '--raw', '--subdir', 'DAGS_FOLDER/staging_to_core.py', '--cfg-path', '/tmp/tmpbqtmybrv']
[2026-02-27T19:03:34.442+0000] {logging_mixin.py:188} WARNING - /home/***/.local/lib/python3.12/site-packages/***/task/task_runner/standard_task_runner.py:62 DeprecationWarning: This process (pid=33463) is multi-threaded, use of fork() may lead to deadlocks in the child.
[2026-02-27T19:03:34.443+0000] {standard_task_runner.py:91} INFO - Job 1843: Subtask wait_for_dict_merchants
[2026-02-27T19:03:34.443+0000] {standard_task_runner.py:64} INFO - Started process 33464 to run task
[2026-02-27T19:03:34.520+0000] {task_command.py:426} INFO - Running <TaskInstance: staging_to_core.wait_for_dict_merchants scheduled__2025-08-01T00:00:00+00:00 [running]> on host 31b45edbecf3
[2026-02-27T19:03:34.619+0000] {taskinstance.py:2648} INFO - Exporting env vars: AIRFLOW_CTX_DAG_OWNER='***' AIRFLOW_CTX_DAG_ID='staging_to_core' AIRFLOW_CTX_TASK_ID='wait_for_dict_merchants' AIRFLOW_CTX_EXECUTION_DATE='2025-08-01T00:00:00+00:00' AIRFLOW_CTX_TRY_NUMBER='1' AIRFLOW_CTX_DAG_RUN_ID='scheduled__2025-08-01T00:00:00+00:00'
[2026-02-27T19:03:34.620+0000] {taskinstance.py:430} INFO - ::endgroup::
[2026-02-27T19:03:34.635+0000] {baseoperator.py:400} WARNING - ExternalTaskSensor.execute cannot be called outside TaskInstance!
[2026-02-27T19:03:34.646+0000] {external_task.py:258} INFO - Poking for tasks ['upload_s3_to_dwh_dict_merchants'] in dag oltp_s3_dwh on 2025-08-01T00:00:00+00:00 ... 
[2026-02-27T19:03:34.648+0000] {logging_mixin.py:188} WARNING - /home/***/.local/lib/python3.12/site-packages/***/utils/session.py:79 DeprecationWarning: This method is deprecated and will be removed in future.
[2026-02-27T19:03:34.659+0000] {base.py:294} INFO - Success criteria met. Exiting.
[2026-02-27T19:03:34.660+0000] {taskinstance.py:441} INFO - ::group::Post task execution logs
[2026-02-27T19:03:34.670+0000] {taskinstance.py:1206} INFO - Marking task as SUCCESS. dag_id=staging_to_core, task_id=wait_for_dict_merchants, run_id=scheduled__2025-08-01T00:00:00+00:00, execution_date=20250801T000000, start_date=20260227T190334, end_date=20260227T190334
[2026-02-27T19:03:34.703+0000] {local_task_job_runner.py:243} INFO - Task exited with return code 0
[2026-02-27T19:03:34.715+0000] {logging_mixin.py:188} WARNING - /home/***/.local/lib/python3.12/site-packages/***/models/baseoperator.py:1297 AirflowProviderDeprecationWarning: Call to deprecated class PostgresOperator. (Please use `***.providers.common.sql.operators.sql.SQLExecuteQueryOperator`.Also, you can provide `hook_params={'schema': <database>}`.)
[2026-02-27T19:03:34.749+0000] {taskinstance.py:3503} INFO - 1 downstream tasks scheduled from follow-on schedule check
[2026-02-27T19:03:34.752+0000] {local_task_job_runner.py:222} INFO - ::endgroup::
