[2026-02-26T12:04:55.951+0000] {local_task_job_runner.py:120} INFO - ::group::Pre task execution logs
[2026-02-26T12:04:55.992+0000] {taskinstance.py:2076} INFO - Dependencies all met for dep_context=non-requeueable deps ti=<TaskInstance: oltp_s3_dwh.upload_postgre_to_s3_cards scheduled__2025-01-01T00:00:00+00:00 [queued]>
[2026-02-26T12:04:56.039+0000] {taskinstance.py:2076} INFO - Dependencies all met for dep_context=requeueable deps ti=<TaskInstance: oltp_s3_dwh.upload_postgre_to_s3_cards scheduled__2025-01-01T00:00:00+00:00 [queued]>
[2026-02-26T12:04:56.042+0000] {taskinstance.py:2306} INFO - Starting attempt 1 of 1
[2026-02-26T12:04:56.088+0000] {taskinstance.py:2330} INFO - Executing <Task(PythonOperator): upload_postgre_to_s3_cards> on 2025-01-01 00:00:00+00:00
[2026-02-26T12:04:56.106+0000] {logging_mixin.py:188} WARNING - /home/***/.local/lib/python3.12/site-packages/***/task/task_runner/standard_task_runner.py:62 DeprecationWarning: This process (pid=4184) is multi-threaded, use of fork() may lead to deadlocks in the child.
[2026-02-26T12:04:56.112+0000] {standard_task_runner.py:64} INFO - Started process 4196 to run task
[2026-02-26T12:04:56.123+0000] {standard_task_runner.py:90} INFO - Running: ['***', 'tasks', 'run', 'oltp_s3_dwh', 'upload_postgre_to_s3_cards', 'scheduled__2025-01-01T00:00:00+00:00', '--job-id', '977', '--raw', '--subdir', 'DAGS_FOLDER/oltp_s3_dwh_dict.py', '--cfg-path', '/tmp/tmpp43gq3p3']
[2026-02-26T12:04:56.126+0000] {standard_task_runner.py:91} INFO - Job 977: Subtask upload_postgre_to_s3_cards
[2026-02-26T12:04:56.221+0000] {task_command.py:426} INFO - Running <TaskInstance: oltp_s3_dwh.upload_postgre_to_s3_cards scheduled__2025-01-01T00:00:00+00:00 [running]> on host 31b45edbecf3
[2026-02-26T12:04:56.362+0000] {taskinstance.py:2648} INFO - Exporting env vars: AIRFLOW_CTX_DAG_OWNER='***' AIRFLOW_CTX_DAG_ID='oltp_s3_dwh' AIRFLOW_CTX_TASK_ID='upload_postgre_to_s3_cards' AIRFLOW_CTX_EXECUTION_DATE='2025-01-01T00:00:00+00:00' AIRFLOW_CTX_TRY_NUMBER='1' AIRFLOW_CTX_DAG_RUN_ID='scheduled__2025-01-01T00:00:00+00:00'
[2026-02-26T12:04:56.363+0000] {taskinstance.py:430} INFO - ::endgroup::
[2026-02-26T12:04:56.413+0000] {base.py:84} INFO - Using connection ID 'postgres_oltp' for task execution.
[2026-02-26T12:04:56.433+0000] {logging_mixin.py:188} WARNING - /home/***/.local/lib/python3.12/site-packages/***/providers/common/sql/hooks/sql.py:269 UserWarning: pandas only supports SQLAlchemy connectable (engine/connection) or database string URI or sqlite3 DBAPI2 connection. Other DBAPI2 objects are not tested. Please consider using SQLAlchemy.
[2026-02-26T12:04:56.603+0000] {base.py:84} INFO - Using connection ID 'minio_conn_id' for task execution.
[2026-02-26T12:04:56.605+0000] {connection_wrapper.py:384} INFO - AWS Connection (conn_id='minio_conn_id', conn_type='aws') credentials retrieved from login and ***.
[2026-02-26T12:04:56.983+0000] {python.py:237} INFO - Done. Returned value was: None
[2026-02-26T12:04:56.984+0000] {taskinstance.py:441} INFO - ::group::Post task execution logs
[2026-02-26T12:04:56.997+0000] {taskinstance.py:1206} INFO - Marking task as SUCCESS. dag_id=oltp_s3_dwh, task_id=upload_postgre_to_s3_cards, run_id=scheduled__2025-01-01T00:00:00+00:00, execution_date=20250101T000000, start_date=20260226T120455, end_date=20260226T120456
[2026-02-26T12:04:57.067+0000] {local_task_job_runner.py:243} INFO - Task exited with return code 0
[2026-02-26T12:04:57.089+0000] {taskinstance.py:3503} INFO - 0 downstream tasks scheduled from follow-on schedule check
[2026-02-26T12:04:57.093+0000] {local_task_job_runner.py:222} INFO - ::endgroup::
[2026-02-27T18:58:59.554+0000] {local_task_job_runner.py:120} INFO - ::group::Pre task execution logs
[2026-02-27T18:58:59.581+0000] {taskinstance.py:2076} INFO - Dependencies all met for dep_context=non-requeueable deps ti=<TaskInstance: oltp_s3_dwh.upload_postgre_to_s3_cards scheduled__2025-01-01T00:00:00+00:00 [queued]>
[2026-02-27T18:58:59.594+0000] {taskinstance.py:2076} INFO - Dependencies all met for dep_context=requeueable deps ti=<TaskInstance: oltp_s3_dwh.upload_postgre_to_s3_cards scheduled__2025-01-01T00:00:00+00:00 [queued]>
[2026-02-27T18:58:59.596+0000] {taskinstance.py:2306} INFO - Starting attempt 1 of 1
[2026-02-27T18:58:59.660+0000] {taskinstance.py:2330} INFO - Executing <Task(PythonOperator): upload_postgre_to_s3_cards> on 2025-01-01 00:00:00+00:00
[2026-02-27T18:58:59.675+0000] {logging_mixin.py:188} WARNING - /home/***/.local/lib/python3.12/site-packages/***/task/task_runner/standard_task_runner.py:62 DeprecationWarning: This process (pid=31776) is multi-threaded, use of fork() may lead to deadlocks in the child.
[2026-02-27T18:58:59.689+0000] {standard_task_runner.py:64} INFO - Started process 31795 to run task
[2026-02-27T18:58:59.687+0000] {standard_task_runner.py:90} INFO - Running: ['***', 'tasks', 'run', 'oltp_s3_dwh', 'upload_postgre_to_s3_cards', 'scheduled__2025-01-01T00:00:00+00:00', '--job-id', '1508', '--raw', '--subdir', 'DAGS_FOLDER/oltp_s3_dwh.py', '--cfg-path', '/tmp/tmp9yszbz2r']
[2026-02-27T18:58:59.696+0000] {standard_task_runner.py:91} INFO - Job 1508: Subtask upload_postgre_to_s3_cards
[2026-02-27T18:58:59.886+0000] {task_command.py:426} INFO - Running <TaskInstance: oltp_s3_dwh.upload_postgre_to_s3_cards scheduled__2025-01-01T00:00:00+00:00 [running]> on host 31b45edbecf3
[2026-02-27T18:59:00.322+0000] {taskinstance.py:2648} INFO - Exporting env vars: AIRFLOW_CTX_DAG_OWNER='***' AIRFLOW_CTX_DAG_ID='oltp_s3_dwh' AIRFLOW_CTX_TASK_ID='upload_postgre_to_s3_cards' AIRFLOW_CTX_EXECUTION_DATE='2025-01-01T00:00:00+00:00' AIRFLOW_CTX_TRY_NUMBER='1' AIRFLOW_CTX_DAG_RUN_ID='scheduled__2025-01-01T00:00:00+00:00'
[2026-02-27T18:59:00.327+0000] {taskinstance.py:430} INFO - ::endgroup::
[2026-02-27T18:59:00.475+0000] {base.py:84} INFO - Using connection ID 'postgres_oltp' for task execution.
[2026-02-27T18:59:00.493+0000] {logging_mixin.py:188} WARNING - /home/***/.local/lib/python3.12/site-packages/***/providers/common/sql/hooks/sql.py:269 UserWarning: pandas only supports SQLAlchemy connectable (engine/connection) or database string URI or sqlite3 DBAPI2 connection. Other DBAPI2 objects are not tested. Please consider using SQLAlchemy.
[2026-02-27T18:59:00.536+0000] {logging_mixin.py:188} INFO - В таблице cards нет данных
[2026-02-27T18:59:00.555+0000] {python.py:237} INFO - Done. Returned value was: None
[2026-02-27T18:59:00.562+0000] {taskinstance.py:441} INFO - ::group::Post task execution logs
[2026-02-27T18:59:00.631+0000] {taskinstance.py:1206} INFO - Marking task as SUCCESS. dag_id=oltp_s3_dwh, task_id=upload_postgre_to_s3_cards, run_id=scheduled__2025-01-01T00:00:00+00:00, execution_date=20250101T000000, start_date=20260227T185859, end_date=20260227T185900
[2026-02-27T18:59:00.732+0000] {local_task_job_runner.py:243} INFO - Task exited with return code 0
[2026-02-27T18:59:00.763+0000] {local_task_job_runner.py:222} INFO - ::endgroup::
