[2026-02-26T12:06:45.886+0000] {local_task_job_runner.py:120} INFO - ::group::Pre task execution logs
[2026-02-26T12:06:46.145+0000] {taskinstance.py:2076} INFO - Dependencies all met for dep_context=non-requeueable deps ti=<TaskInstance: oltp_s3_dwh.upload_postgre_to_s3_cards scheduled__2025-01-01T00:00:00+00:00 [queued]>
[2026-02-26T12:06:46.274+0000] {taskinstance.py:2076} INFO - Dependencies all met for dep_context=requeueable deps ti=<TaskInstance: oltp_s3_dwh.upload_postgre_to_s3_cards scheduled__2025-01-01T00:00:00+00:00 [queued]>
[2026-02-26T12:06:46.280+0000] {taskinstance.py:2306} INFO - Starting attempt 2 of 2
[2026-02-26T12:06:46.392+0000] {taskinstance.py:2330} INFO - Executing <Task(PythonOperator): upload_postgre_to_s3_cards> on 2025-01-01 00:00:00+00:00
[2026-02-26T12:06:46.456+0000] {standard_task_runner.py:90} INFO - Running: ['***', 'tasks', 'run', 'oltp_s3_dwh', 'upload_postgre_to_s3_cards', 'scheduled__2025-01-01T00:00:00+00:00', '--job-id', '1001', '--raw', '--subdir', 'DAGS_FOLDER/oltp_s3_dwh_dict.py', '--cfg-path', '/tmp/tmp2z4z38h0']
[2026-02-26T12:06:46.464+0000] {standard_task_runner.py:91} INFO - Job 1001: Subtask upload_postgre_to_s3_cards
[2026-02-26T12:06:46.532+0000] {logging_mixin.py:188} WARNING - /home/***/.local/lib/python3.12/site-packages/***/task/task_runner/standard_task_runner.py:62 DeprecationWarning: This process (pid=4343) is multi-threaded, use of fork() may lead to deadlocks in the child.
[2026-02-26T12:06:46.567+0000] {standard_task_runner.py:64} INFO - Started process 4391 to run task
[2026-02-26T12:06:46.934+0000] {task_command.py:426} INFO - Running <TaskInstance: oltp_s3_dwh.upload_postgre_to_s3_cards scheduled__2025-01-01T00:00:00+00:00 [running]> on host 31b45edbecf3
[2026-02-26T12:06:47.416+0000] {taskinstance.py:2648} INFO - Exporting env vars: AIRFLOW_CTX_DAG_OWNER='***' AIRFLOW_CTX_DAG_ID='oltp_s3_dwh' AIRFLOW_CTX_TASK_ID='upload_postgre_to_s3_cards' AIRFLOW_CTX_EXECUTION_DATE='2025-01-01T00:00:00+00:00' AIRFLOW_CTX_TRY_NUMBER='2' AIRFLOW_CTX_DAG_RUN_ID='scheduled__2025-01-01T00:00:00+00:00'
[2026-02-26T12:06:47.430+0000] {taskinstance.py:430} INFO - ::endgroup::
[2026-02-26T12:06:47.556+0000] {base.py:84} INFO - Using connection ID 'postgres_oltp' for task execution.
[2026-02-26T12:06:47.599+0000] {logging_mixin.py:188} WARNING - /home/***/.local/lib/python3.12/site-packages/***/providers/common/sql/hooks/sql.py:269 UserWarning: pandas only supports SQLAlchemy connectable (engine/connection) or database string URI or sqlite3 DBAPI2 connection. Other DBAPI2 objects are not tested. Please consider using SQLAlchemy.
[2026-02-26T12:06:47.836+0000] {base.py:84} INFO - Using connection ID 'minio_conn_id' for task execution.
[2026-02-26T12:06:47.839+0000] {connection_wrapper.py:384} INFO - AWS Connection (conn_id='minio_conn_id', conn_type='aws') credentials retrieved from login and ***.
[2026-02-26T12:06:49.222+0000] {python.py:237} INFO - Done. Returned value was: None
[2026-02-26T12:06:49.224+0000] {taskinstance.py:441} INFO - ::group::Post task execution logs
[2026-02-26T12:06:49.239+0000] {taskinstance.py:1206} INFO - Marking task as SUCCESS. dag_id=oltp_s3_dwh, task_id=upload_postgre_to_s3_cards, run_id=scheduled__2025-01-01T00:00:00+00:00, execution_date=20250101T000000, start_date=20260226T120646, end_date=20260226T120649
[2026-02-26T12:06:49.281+0000] {local_task_job_runner.py:243} INFO - Task exited with return code 0
[2026-02-26T12:06:49.377+0000] {taskinstance.py:3503} INFO - 0 downstream tasks scheduled from follow-on schedule check
[2026-02-26T12:06:49.383+0000] {local_task_job_runner.py:222} INFO - ::endgroup::
[2026-02-28T09:57:33.462+0000] {local_task_job_runner.py:120} INFO - ::group::Pre task execution logs
[2026-02-28T09:57:33.500+0000] {taskinstance.py:2076} INFO - Dependencies all met for dep_context=non-requeueable deps ti=<TaskInstance: oltp_s3_dwh.upload_postgre_to_s3_cards scheduled__2025-01-01T00:00:00+00:00 [queued]>
[2026-02-28T09:57:33.519+0000] {taskinstance.py:2076} INFO - Dependencies all met for dep_context=requeueable deps ti=<TaskInstance: oltp_s3_dwh.upload_postgre_to_s3_cards scheduled__2025-01-01T00:00:00+00:00 [queued]>
[2026-02-28T09:57:33.525+0000] {taskinstance.py:2306} INFO - Starting attempt 2 of 2
[2026-02-28T09:57:33.561+0000] {taskinstance.py:2330} INFO - Executing <Task(PythonOperator): upload_postgre_to_s3_cards> on 2025-01-01 00:00:00+00:00
[2026-02-28T09:57:33.582+0000] {logging_mixin.py:188} WARNING - /home/***/.local/lib/python3.12/site-packages/***/task/task_runner/standard_task_runner.py:62 DeprecationWarning: This process (pid=1516) is multi-threaded, use of fork() may lead to deadlocks in the child.
[2026-02-28T09:57:33.591+0000] {standard_task_runner.py:64} INFO - Started process 1539 to run task
[2026-02-28T09:57:33.589+0000] {standard_task_runner.py:90} INFO - Running: ['***', 'tasks', 'run', 'oltp_s3_dwh', 'upload_postgre_to_s3_cards', 'scheduled__2025-01-01T00:00:00+00:00', '--job-id', '1937', '--raw', '--subdir', 'DAGS_FOLDER/oltp_s3_dwh.py', '--cfg-path', '/tmp/tmp6w4c9kcw']
[2026-02-28T09:57:33.602+0000] {standard_task_runner.py:91} INFO - Job 1937: Subtask upload_postgre_to_s3_cards
[2026-02-28T09:57:33.805+0000] {task_command.py:426} INFO - Running <TaskInstance: oltp_s3_dwh.upload_postgre_to_s3_cards scheduled__2025-01-01T00:00:00+00:00 [running]> on host 31b45edbecf3
[2026-02-28T09:57:34.143+0000] {taskinstance.py:2648} INFO - Exporting env vars: AIRFLOW_CTX_DAG_OWNER='***' AIRFLOW_CTX_DAG_ID='oltp_s3_dwh' AIRFLOW_CTX_TASK_ID='upload_postgre_to_s3_cards' AIRFLOW_CTX_EXECUTION_DATE='2025-01-01T00:00:00+00:00' AIRFLOW_CTX_TRY_NUMBER='2' AIRFLOW_CTX_DAG_RUN_ID='scheduled__2025-01-01T00:00:00+00:00'
[2026-02-28T09:57:34.145+0000] {taskinstance.py:430} INFO - ::endgroup::
[2026-02-28T09:57:34.271+0000] {base.py:84} INFO - Using connection ID 'postgres_oltp' for task execution.
[2026-02-28T09:57:34.305+0000] {logging_mixin.py:188} WARNING - /home/***/.local/lib/python3.12/site-packages/***/providers/common/sql/hooks/sql.py:269 UserWarning: pandas only supports SQLAlchemy connectable (engine/connection) or database string URI or sqlite3 DBAPI2 connection. Other DBAPI2 objects are not tested. Please consider using SQLAlchemy.
[2026-02-28T09:57:34.335+0000] {logging_mixin.py:188} INFO - В таблице cards нет данных
[2026-02-28T09:57:34.337+0000] {python.py:237} INFO - Done. Returned value was: None
[2026-02-28T09:57:34.338+0000] {taskinstance.py:441} INFO - ::group::Post task execution logs
[2026-02-28T09:57:34.376+0000] {taskinstance.py:1206} INFO - Marking task as SUCCESS. dag_id=oltp_s3_dwh, task_id=upload_postgre_to_s3_cards, run_id=scheduled__2025-01-01T00:00:00+00:00, execution_date=20250101T000000, start_date=20260228T095733, end_date=20260228T095734
[2026-02-28T09:57:34.459+0000] {local_task_job_runner.py:243} INFO - Task exited with return code 0
[2026-02-28T09:57:34.602+0000] {taskinstance.py:3503} INFO - 1 downstream tasks scheduled from follow-on schedule check
[2026-02-28T09:57:34.621+0000] {local_task_job_runner.py:222} INFO - ::endgroup::
