[2026-02-26T17:56:35.212+0000] {local_task_job_runner.py:120} INFO - ::group::Pre task execution logs
[2026-02-26T17:56:35.269+0000] {taskinstance.py:2076} INFO - Dependencies all met for dep_context=non-requeueable deps ti=<TaskInstance: oltp_s3_dwh.upload_s3_to_dwh_dict_regions manual__2026-02-26T11:50:52.288013+00:00 [queued]>
[2026-02-26T17:56:35.310+0000] {taskinstance.py:2076} INFO - Dependencies all met for dep_context=requeueable deps ti=<TaskInstance: oltp_s3_dwh.upload_s3_to_dwh_dict_regions manual__2026-02-26T11:50:52.288013+00:00 [queued]>
[2026-02-26T17:56:35.311+0000] {taskinstance.py:2306} INFO - Starting attempt 1 of 1
[2026-02-26T17:56:35.404+0000] {taskinstance.py:2330} INFO - Executing <Task(PythonOperator): upload_s3_to_dwh_dict_regions> on 2026-02-26 11:50:52.288013+00:00
[2026-02-26T17:56:35.460+0000] {standard_task_runner.py:90} INFO - Running: ['***', 'tasks', 'run', 'oltp_s3_dwh', 'upload_s3_to_dwh_dict_regions', 'manual__2026-02-26T11:50:52.288013+00:00', '--job-id', '1278', '--raw', '--subdir', 'DAGS_FOLDER/oltp_s3_dwh.py', '--cfg-path', '/tmp/tmpq234nn9p']
[2026-02-26T17:56:35.473+0000] {standard_task_runner.py:91} INFO - Job 1278: Subtask upload_s3_to_dwh_dict_regions
[2026-02-26T17:56:35.455+0000] {logging_mixin.py:188} WARNING - /home/***/.local/lib/python3.12/site-packages/***/task/task_runner/standard_task_runner.py:62 DeprecationWarning: This process (pid=7406) is multi-threaded, use of fork() may lead to deadlocks in the child.
[2026-02-26T17:56:35.477+0000] {standard_task_runner.py:64} INFO - Started process 7471 to run task
[2026-02-26T17:56:35.587+0000] {task_command.py:426} INFO - Running <TaskInstance: oltp_s3_dwh.upload_s3_to_dwh_dict_regions manual__2026-02-26T11:50:52.288013+00:00 [running]> on host 31b45edbecf3
[2026-02-26T17:56:35.800+0000] {taskinstance.py:2648} INFO - Exporting env vars: AIRFLOW_CTX_DAG_OWNER='***' AIRFLOW_CTX_DAG_ID='oltp_s3_dwh' AIRFLOW_CTX_TASK_ID='upload_s3_to_dwh_dict_regions' AIRFLOW_CTX_EXECUTION_DATE='2026-02-26T11:50:52.288013+00:00' AIRFLOW_CTX_TRY_NUMBER='1' AIRFLOW_CTX_DAG_RUN_ID='manual__2026-02-26T11:50:52.288013+00:00'
[2026-02-26T17:56:35.804+0000] {taskinstance.py:430} INFO - ::endgroup::
[2026-02-26T17:56:35.849+0000] {base.py:84} INFO - Using connection ID 'postgres_dwh' for task execution.
[2026-02-26T17:56:35.864+0000] {sql.py:495} INFO - Running statement: SELECT table_schema, table_name FROM information_schema.tables WHERE table_schema = 'staging';, parameters: None
[2026-02-26T17:56:35.870+0000] {sql.py:504} INFO - Rows affected: 9
[2026-02-26T17:56:35.871+0000] {logging_mixin.py:188} INFO - DEBUG: Доступные таблицы в схеме staging: [('staging', 'exchange_rates'), ('staging', 'users'), ('staging', 'accounts'), ('staging', 'dict_regions'), ('staging', 'dict_tariffs'), ('staging', 'transactions'), ('staging', 'cards'), ('staging', 'dict_merchants'), ('staging', 'dict_mcc')]
[2026-02-26T17:56:35.888+0000] {base.py:84} INFO - Using connection ID 'minio_conn_id' for task execution.
[2026-02-26T17:56:35.889+0000] {connection_wrapper.py:384} INFO - AWS Connection (conn_id='minio_conn_id', conn_type='aws') credentials retrieved from login and ***.
[2026-02-26T17:56:36.527+0000] {base.py:84} INFO - Using connection ID 'postgres_dwh' for task execution.
[2026-02-26T17:56:36.538+0000] {logging_mixin.py:188} INFO - Successfully loaded dict_regions using copy_expert
[2026-02-26T17:56:36.541+0000] {python.py:237} INFO - Done. Returned value was: None
[2026-02-26T17:56:36.543+0000] {taskinstance.py:441} INFO - ::group::Post task execution logs
[2026-02-26T17:56:36.555+0000] {taskinstance.py:1206} INFO - Marking task as SUCCESS. dag_id=oltp_s3_dwh, task_id=upload_s3_to_dwh_dict_regions, run_id=manual__2026-02-26T11:50:52.288013+00:00, execution_date=20260226T115052, start_date=20260226T175635, end_date=20260226T175636
[2026-02-26T17:56:36.599+0000] {local_task_job_runner.py:243} INFO - Task exited with return code 0
[2026-02-26T17:56:36.623+0000] {taskinstance.py:3503} INFO - 0 downstream tasks scheduled from follow-on schedule check
[2026-02-26T17:56:36.627+0000] {local_task_job_runner.py:222} INFO - ::endgroup::
