[2026-02-27T10:32:45.568+0000] {local_task_job_runner.py:120} INFO - ::group::Pre task execution logs
[2026-02-27T10:32:45.615+0000] {taskinstance.py:2076} INFO - Dependencies all met for dep_context=non-requeueable deps ti=<TaskInstance: staging_to_core.transform_accounts_to_core scheduled__2025-11-01T00:00:00+00:00 [queued]>
[2026-02-27T10:32:45.633+0000] {taskinstance.py:2076} INFO - Dependencies all met for dep_context=requeueable deps ti=<TaskInstance: staging_to_core.transform_accounts_to_core scheduled__2025-11-01T00:00:00+00:00 [queued]>
[2026-02-27T10:32:45.634+0000] {taskinstance.py:2306} INFO - Starting attempt 1 of 1
[2026-02-27T10:32:45.650+0000] {taskinstance.py:2330} INFO - Executing <Task(PostgresOperator): transform_accounts_to_core> on 2025-11-01 00:00:00+00:00
[2026-02-27T10:32:45.658+0000] {logging_mixin.py:188} WARNING - /home/***/.local/lib/python3.12/site-packages/***/task/task_runner/standard_task_runner.py:62 DeprecationWarning: This process (pid=9590) is multi-threaded, use of fork() may lead to deadlocks in the child.
[2026-02-27T10:32:45.660+0000] {standard_task_runner.py:64} INFO - Started process 9591 to run task
[2026-02-27T10:32:45.658+0000] {standard_task_runner.py:90} INFO - Running: ['***', 'tasks', 'run', 'staging_to_core', 'transform_accounts_to_core', 'scheduled__2025-11-01T00:00:00+00:00', '--job-id', '1464', '--raw', '--subdir', 'DAGS_FOLDER/staging_to_core.py', '--cfg-path', '/tmp/tmpk8l8l_ao']
[2026-02-27T10:32:45.660+0000] {standard_task_runner.py:91} INFO - Job 1464: Subtask transform_accounts_to_core
[2026-02-27T10:32:45.716+0000] {task_command.py:426} INFO - Running <TaskInstance: staging_to_core.transform_accounts_to_core scheduled__2025-11-01T00:00:00+00:00 [running]> on host 31b45edbecf3
[2026-02-27T10:32:45.805+0000] {taskinstance.py:2648} INFO - Exporting env vars: AIRFLOW_CTX_DAG_OWNER='***' AIRFLOW_CTX_DAG_ID='staging_to_core' AIRFLOW_CTX_TASK_ID='transform_accounts_to_core' AIRFLOW_CTX_EXECUTION_DATE='2025-11-01T00:00:00+00:00' AIRFLOW_CTX_TRY_NUMBER='1' AIRFLOW_CTX_DAG_RUN_ID='scheduled__2025-11-01T00:00:00+00:00'
[2026-02-27T10:32:45.806+0000] {taskinstance.py:430} INFO - ::endgroup::
[2026-02-27T10:32:45.822+0000] {sql.py:282} INFO - Executing: 
                    INSERT INTO core.accounts
                    SELECT * FROM staging.accounts
                    ON CONFLICT (account_id) 
                    DO UPDATE SET
                        user_id = EXCLUDED.user_id, tariff_id = EXCLUDED.tariff_id, currency_code = EXCLUDED.currency_code, balance = EXCLUDED.balance, is_blocked = EXCLUDED.is_blocked;
                
[2026-02-27T10:32:45.833+0000] {base.py:84} INFO - Using connection ID 'postgres_dwh' for task execution.
[2026-02-27T10:32:45.843+0000] {base.py:84} INFO - Using connection ID 'postgres_dwh' for task execution.
[2026-02-27T10:32:45.848+0000] {sql.py:495} INFO - Running statement: 
                    INSERT INTO core.accounts
                    SELECT * FROM staging.accounts
                    ON CONFLICT (account_id) 
                    DO UPDATE SET
                        user_id = EXCLUDED.user_id, tariff_id = EXCLUDED.tariff_id, currency_code = EXCLUDED.currency_code, balance = EXCLUDED.balance, is_blocked = EXCLUDED.is_blocked;
                , parameters: None
[2026-02-27T10:32:45.970+0000] {sql.py:504} INFO - Rows affected: 19848
[2026-02-27T10:32:45.979+0000] {taskinstance.py:441} INFO - ::group::Post task execution logs
[2026-02-27T10:32:45.989+0000] {taskinstance.py:1206} INFO - Marking task as SUCCESS. dag_id=staging_to_core, task_id=transform_accounts_to_core, run_id=scheduled__2025-11-01T00:00:00+00:00, execution_date=20251101T000000, start_date=20260227T103245, end_date=20260227T103245
[2026-02-27T10:32:46.037+0000] {local_task_job_runner.py:243} INFO - Task exited with return code 0
[2026-02-27T10:32:46.050+0000] {logging_mixin.py:188} WARNING - /home/***/.local/lib/python3.12/site-packages/***/models/baseoperator.py:1297 AirflowProviderDeprecationWarning: Call to deprecated class PostgresOperator. (Please use `***.providers.common.sql.operators.sql.SQLExecuteQueryOperator`.Also, you can provide `hook_params={'schema': <database>}`.)
[2026-02-27T10:32:46.074+0000] {taskinstance.py:3503} INFO - 1 downstream tasks scheduled from follow-on schedule check
[2026-02-27T10:32:46.078+0000] {local_task_job_runner.py:222} INFO - ::endgroup::
[2026-02-27T19:04:41.726+0000] {local_task_job_runner.py:120} INFO - ::group::Pre task execution logs
[2026-02-27T19:04:41.780+0000] {taskinstance.py:2076} INFO - Dependencies all met for dep_context=non-requeueable deps ti=<TaskInstance: staging_to_core.transform_accounts_to_core scheduled__2025-11-01T00:00:00+00:00 [queued]>
[2026-02-27T19:04:41.799+0000] {taskinstance.py:2076} INFO - Dependencies all met for dep_context=requeueable deps ti=<TaskInstance: staging_to_core.transform_accounts_to_core scheduled__2025-11-01T00:00:00+00:00 [queued]>
[2026-02-27T19:04:41.801+0000] {taskinstance.py:2306} INFO - Starting attempt 1 of 1
[2026-02-27T19:04:41.817+0000] {taskinstance.py:2330} INFO - Executing <Task(PostgresOperator): transform_accounts_to_core> on 2025-11-01 00:00:00+00:00
[2026-02-27T19:04:41.825+0000] {logging_mixin.py:188} WARNING - /home/***/.local/lib/python3.12/site-packages/***/task/task_runner/standard_task_runner.py:62 DeprecationWarning: This process (pid=33651) is multi-threaded, use of fork() may lead to deadlocks in the child.
[2026-02-27T19:04:41.826+0000] {standard_task_runner.py:64} INFO - Started process 33652 to run task
[2026-02-27T19:04:41.826+0000] {standard_task_runner.py:90} INFO - Running: ['***', 'tasks', 'run', 'staging_to_core', 'transform_accounts_to_core', 'scheduled__2025-11-01T00:00:00+00:00', '--job-id', '1896', '--raw', '--subdir', 'DAGS_FOLDER/staging_to_core.py', '--cfg-path', '/tmp/tmpavpg09y0']
[2026-02-27T19:04:41.828+0000] {standard_task_runner.py:91} INFO - Job 1896: Subtask transform_accounts_to_core
[2026-02-27T19:04:41.880+0000] {task_command.py:426} INFO - Running <TaskInstance: staging_to_core.transform_accounts_to_core scheduled__2025-11-01T00:00:00+00:00 [running]> on host 31b45edbecf3
[2026-02-27T19:04:41.978+0000] {taskinstance.py:2648} INFO - Exporting env vars: AIRFLOW_CTX_DAG_OWNER='***' AIRFLOW_CTX_DAG_ID='staging_to_core' AIRFLOW_CTX_TASK_ID='transform_accounts_to_core' AIRFLOW_CTX_EXECUTION_DATE='2025-11-01T00:00:00+00:00' AIRFLOW_CTX_TRY_NUMBER='1' AIRFLOW_CTX_DAG_RUN_ID='scheduled__2025-11-01T00:00:00+00:00'
[2026-02-27T19:04:41.979+0000] {taskinstance.py:430} INFO - ::endgroup::
[2026-02-27T19:04:41.994+0000] {sql.py:282} INFO - Executing: 
                    INSERT INTO core.accounts
                    SELECT * FROM staging.accounts
                    ON CONFLICT (account_id) 
                    DO UPDATE SET
                        user_id = EXCLUDED.user_id, tariff_id = EXCLUDED.tariff_id, currency_code = EXCLUDED.currency_code, balance = EXCLUDED.balance, is_blocked = EXCLUDED.is_blocked;
                
[2026-02-27T19:04:42.005+0000] {base.py:84} INFO - Using connection ID 'postgres_dwh' for task execution.
[2026-02-27T19:04:42.015+0000] {base.py:84} INFO - Using connection ID 'postgres_dwh' for task execution.
[2026-02-27T19:04:42.023+0000] {sql.py:495} INFO - Running statement: 
                    INSERT INTO core.accounts
                    SELECT * FROM staging.accounts
                    ON CONFLICT (account_id) 
                    DO UPDATE SET
                        user_id = EXCLUDED.user_id, tariff_id = EXCLUDED.tariff_id, currency_code = EXCLUDED.currency_code, balance = EXCLUDED.balance, is_blocked = EXCLUDED.is_blocked;
                , parameters: None
[2026-02-27T19:04:42.024+0000] {sql.py:504} INFO - Rows affected: 10
[2026-02-27T19:04:42.026+0000] {taskinstance.py:441} INFO - ::group::Post task execution logs
[2026-02-27T19:04:42.038+0000] {taskinstance.py:1206} INFO - Marking task as SUCCESS. dag_id=staging_to_core, task_id=transform_accounts_to_core, run_id=scheduled__2025-11-01T00:00:00+00:00, execution_date=20251101T000000, start_date=20260227T190441, end_date=20260227T190442
[2026-02-27T19:04:42.084+0000] {local_task_job_runner.py:243} INFO - Task exited with return code 0
[2026-02-27T19:04:42.097+0000] {logging_mixin.py:188} WARNING - /home/***/.local/lib/python3.12/site-packages/***/models/baseoperator.py:1297 AirflowProviderDeprecationWarning: Call to deprecated class PostgresOperator. (Please use `***.providers.common.sql.operators.sql.SQLExecuteQueryOperator`.Also, you can provide `hook_params={'schema': <database>}`.)
[2026-02-27T19:04:42.121+0000] {taskinstance.py:3503} INFO - 1 downstream tasks scheduled from follow-on schedule check
[2026-02-27T19:04:42.124+0000] {local_task_job_runner.py:222} INFO - ::endgroup::
