[2026-02-26T12:06:56.924+0000] {local_task_job_runner.py:120} INFO - ::group::Pre task execution logs
[2026-02-26T12:06:56.996+0000] {taskinstance.py:2076} INFO - Dependencies all met for dep_context=non-requeueable deps ti=<TaskInstance: oltp_s3_dwh.upload_postgre_to_s3_transactions scheduled__2025-04-01T00:00:00+00:00 [queued]>
[2026-02-26T12:06:57.021+0000] {taskinstance.py:2076} INFO - Dependencies all met for dep_context=requeueable deps ti=<TaskInstance: oltp_s3_dwh.upload_postgre_to_s3_transactions scheduled__2025-04-01T00:00:00+00:00 [queued]>
[2026-02-26T12:06:57.023+0000] {taskinstance.py:2306} INFO - Starting attempt 2 of 2
[2026-02-26T12:06:57.105+0000] {taskinstance.py:2330} INFO - Executing <Task(PythonOperator): upload_postgre_to_s3_transactions> on 2025-04-01 00:00:00+00:00
[2026-02-26T12:06:57.136+0000] {logging_mixin.py:188} WARNING - /home/***/.local/lib/python3.12/site-packages/***/task/task_runner/standard_task_runner.py:62 DeprecationWarning: This process (pid=4475) is multi-threaded, use of fork() may lead to deadlocks in the child.
[2026-02-26T12:06:57.142+0000] {standard_task_runner.py:64} INFO - Started process 4521 to run task
[2026-02-26T12:06:57.206+0000] {standard_task_runner.py:90} INFO - Running: ['***', 'tasks', 'run', 'oltp_s3_dwh', 'upload_postgre_to_s3_transactions', 'scheduled__2025-04-01T00:00:00+00:00', '--job-id', '1020', '--raw', '--subdir', 'DAGS_FOLDER/oltp_s3_dwh_dict.py', '--cfg-path', '/tmp/tmp5usum0we']
[2026-02-26T12:06:57.210+0000] {standard_task_runner.py:91} INFO - Job 1020: Subtask upload_postgre_to_s3_transactions
[2026-02-26T12:06:57.376+0000] {task_command.py:426} INFO - Running <TaskInstance: oltp_s3_dwh.upload_postgre_to_s3_transactions scheduled__2025-04-01T00:00:00+00:00 [running]> on host 31b45edbecf3
[2026-02-26T12:06:57.995+0000] {taskinstance.py:2648} INFO - Exporting env vars: AIRFLOW_CTX_DAG_OWNER='***' AIRFLOW_CTX_DAG_ID='oltp_s3_dwh' AIRFLOW_CTX_TASK_ID='upload_postgre_to_s3_transactions' AIRFLOW_CTX_EXECUTION_DATE='2025-04-01T00:00:00+00:00' AIRFLOW_CTX_TRY_NUMBER='2' AIRFLOW_CTX_DAG_RUN_ID='scheduled__2025-04-01T00:00:00+00:00'
[2026-02-26T12:06:58.011+0000] {taskinstance.py:430} INFO - ::endgroup::
[2026-02-26T12:06:58.064+0000] {base.py:84} INFO - Using connection ID 'postgres_oltp' for task execution.
[2026-02-26T12:06:58.083+0000] {logging_mixin.py:188} WARNING - /home/***/.local/lib/python3.12/site-packages/***/providers/common/sql/hooks/sql.py:269 UserWarning: pandas only supports SQLAlchemy connectable (engine/connection) or database string URI or sqlite3 DBAPI2 connection. Other DBAPI2 objects are not tested. Please consider using SQLAlchemy.
[2026-02-26T12:06:58.516+0000] {base.py:84} INFO - Using connection ID 'minio_conn_id' for task execution.
[2026-02-26T12:06:58.532+0000] {connection_wrapper.py:384} INFO - AWS Connection (conn_id='minio_conn_id', conn_type='aws') credentials retrieved from login and ***.
[2026-02-26T12:07:00.156+0000] {python.py:237} INFO - Done. Returned value was: None
[2026-02-26T12:07:00.157+0000] {taskinstance.py:441} INFO - ::group::Post task execution logs
[2026-02-26T12:07:00.171+0000] {taskinstance.py:1206} INFO - Marking task as SUCCESS. dag_id=oltp_s3_dwh, task_id=upload_postgre_to_s3_transactions, run_id=scheduled__2025-04-01T00:00:00+00:00, execution_date=20250401T000000, start_date=20260226T120657, end_date=20260226T120700
[2026-02-26T12:07:00.254+0000] {local_task_job_runner.py:243} INFO - Task exited with return code 0
[2026-02-26T12:07:00.268+0000] {local_task_job_runner.py:222} INFO - ::endgroup::
