[2026-02-27T10:31:11.858+0000] {local_task_job_runner.py:120} INFO - ::group::Pre task execution logs
[2026-02-27T10:31:11.899+0000] {taskinstance.py:2076} INFO - Dependencies all met for dep_context=non-requeueable deps ti=<TaskInstance: staging_to_core.transform_cards_to_core scheduled__2025-06-01T00:00:00+00:00 [queued]>
[2026-02-27T10:31:11.911+0000] {taskinstance.py:2076} INFO - Dependencies all met for dep_context=requeueable deps ti=<TaskInstance: staging_to_core.transform_cards_to_core scheduled__2025-06-01T00:00:00+00:00 [queued]>
[2026-02-27T10:31:11.912+0000] {taskinstance.py:2306} INFO - Starting attempt 1 of 1
[2026-02-27T10:31:11.927+0000] {taskinstance.py:2330} INFO - Executing <Task(PostgresOperator): transform_cards_to_core> on 2025-06-01 00:00:00+00:00
[2026-02-27T10:31:11.934+0000] {logging_mixin.py:188} WARNING - /home/***/.local/lib/python3.12/site-packages/***/task/task_runner/standard_task_runner.py:62 DeprecationWarning: This process (pid=9328) is multi-threaded, use of fork() may lead to deadlocks in the child.
[2026-02-27T10:31:11.936+0000] {standard_task_runner.py:64} INFO - Started process 9329 to run task
[2026-02-27T10:31:11.934+0000] {standard_task_runner.py:90} INFO - Running: ['***', 'tasks', 'run', 'staging_to_core', 'transform_cards_to_core', 'scheduled__2025-06-01T00:00:00+00:00', '--job-id', '1386', '--raw', '--subdir', 'DAGS_FOLDER/staging_to_core.py', '--cfg-path', '/tmp/tmp2rz290u0']
[2026-02-27T10:31:11.936+0000] {standard_task_runner.py:91} INFO - Job 1386: Subtask transform_cards_to_core
[2026-02-27T10:31:11.990+0000] {task_command.py:426} INFO - Running <TaskInstance: staging_to_core.transform_cards_to_core scheduled__2025-06-01T00:00:00+00:00 [running]> on host 31b45edbecf3
[2026-02-27T10:31:12.088+0000] {taskinstance.py:2648} INFO - Exporting env vars: AIRFLOW_CTX_DAG_OWNER='***' AIRFLOW_CTX_DAG_ID='staging_to_core' AIRFLOW_CTX_TASK_ID='transform_cards_to_core' AIRFLOW_CTX_EXECUTION_DATE='2025-06-01T00:00:00+00:00' AIRFLOW_CTX_TRY_NUMBER='1' AIRFLOW_CTX_DAG_RUN_ID='scheduled__2025-06-01T00:00:00+00:00'
[2026-02-27T10:31:12.089+0000] {taskinstance.py:430} INFO - ::endgroup::
[2026-02-27T10:31:12.105+0000] {sql.py:282} INFO - Executing: 
                    INSERT INTO core.cards
                    SELECT * FROM staging.cards
                    ON CONFLICT (card_id) 
                    DO UPDATE SET
                        account_id = EXCLUDED.account_id, card_number_masked = EXCLUDED.card_number_masked, card_type = EXCLUDED.card_type, expiry_date = EXCLUDED.expiry_date, is_virtual = EXCLUDED.is_virtual;
                
[2026-02-27T10:31:12.115+0000] {base.py:84} INFO - Using connection ID 'postgres_dwh' for task execution.
[2026-02-27T10:31:12.125+0000] {base.py:84} INFO - Using connection ID 'postgres_dwh' for task execution.
[2026-02-27T10:31:12.131+0000] {sql.py:495} INFO - Running statement: 
                    INSERT INTO core.cards
                    SELECT * FROM staging.cards
                    ON CONFLICT (card_id) 
                    DO UPDATE SET
                        account_id = EXCLUDED.account_id, card_number_masked = EXCLUDED.card_number_masked, card_type = EXCLUDED.card_type, expiry_date = EXCLUDED.expiry_date, is_virtual = EXCLUDED.is_virtual;
                , parameters: None
[2026-02-27T10:31:12.144+0000] {sql.py:504} INFO - Rows affected: 1920
[2026-02-27T10:31:12.147+0000] {taskinstance.py:441} INFO - ::group::Post task execution logs
[2026-02-27T10:31:12.157+0000] {taskinstance.py:1206} INFO - Marking task as SUCCESS. dag_id=staging_to_core, task_id=transform_cards_to_core, run_id=scheduled__2025-06-01T00:00:00+00:00, execution_date=20250601T000000, start_date=20260227T103111, end_date=20260227T103112
[2026-02-27T10:31:12.193+0000] {local_task_job_runner.py:243} INFO - Task exited with return code 0
[2026-02-27T10:31:12.212+0000] {logging_mixin.py:188} WARNING - /home/***/.local/lib/python3.12/site-packages/***/models/baseoperator.py:1297 AirflowProviderDeprecationWarning: Call to deprecated class PostgresOperator. (Please use `***.providers.common.sql.operators.sql.SQLExecuteQueryOperator`.Also, you can provide `hook_params={'schema': <database>}`.)
[2026-02-27T10:31:12.237+0000] {taskinstance.py:3503} INFO - 1 downstream tasks scheduled from follow-on schedule check
[2026-02-27T10:31:12.244+0000] {local_task_job_runner.py:222} INFO - ::endgroup::
[2026-02-27T19:03:03.113+0000] {local_task_job_runner.py:120} INFO - ::group::Pre task execution logs
[2026-02-27T19:03:03.160+0000] {taskinstance.py:2076} INFO - Dependencies all met for dep_context=non-requeueable deps ti=<TaskInstance: staging_to_core.transform_cards_to_core scheduled__2025-06-01T00:00:00+00:00 [queued]>
[2026-02-27T19:03:03.175+0000] {taskinstance.py:2076} INFO - Dependencies all met for dep_context=requeueable deps ti=<TaskInstance: staging_to_core.transform_cards_to_core scheduled__2025-06-01T00:00:00+00:00 [queued]>
[2026-02-27T19:03:03.176+0000] {taskinstance.py:2306} INFO - Starting attempt 1 of 1
[2026-02-27T19:03:03.194+0000] {taskinstance.py:2330} INFO - Executing <Task(PostgresOperator): transform_cards_to_core> on 2025-06-01 00:00:00+00:00
[2026-02-27T19:03:03.203+0000] {logging_mixin.py:188} WARNING - /home/***/.local/lib/python3.12/site-packages/***/task/task_runner/standard_task_runner.py:62 DeprecationWarning: This process (pid=33381) is multi-threaded, use of fork() may lead to deadlocks in the child.
[2026-02-27T19:03:03.204+0000] {standard_task_runner.py:64} INFO - Started process 33382 to run task
[2026-02-27T19:03:03.203+0000] {standard_task_runner.py:90} INFO - Running: ['***', 'tasks', 'run', 'staging_to_core', 'transform_cards_to_core', 'scheduled__2025-06-01T00:00:00+00:00', '--job-id', '1818', '--raw', '--subdir', 'DAGS_FOLDER/staging_to_core.py', '--cfg-path', '/tmp/tmpzqpvqov7']
[2026-02-27T19:03:03.206+0000] {standard_task_runner.py:91} INFO - Job 1818: Subtask transform_cards_to_core
[2026-02-27T19:03:03.276+0000] {task_command.py:426} INFO - Running <TaskInstance: staging_to_core.transform_cards_to_core scheduled__2025-06-01T00:00:00+00:00 [running]> on host 31b45edbecf3
[2026-02-27T19:03:03.403+0000] {taskinstance.py:2648} INFO - Exporting env vars: AIRFLOW_CTX_DAG_OWNER='***' AIRFLOW_CTX_DAG_ID='staging_to_core' AIRFLOW_CTX_TASK_ID='transform_cards_to_core' AIRFLOW_CTX_EXECUTION_DATE='2025-06-01T00:00:00+00:00' AIRFLOW_CTX_TRY_NUMBER='1' AIRFLOW_CTX_DAG_RUN_ID='scheduled__2025-06-01T00:00:00+00:00'
[2026-02-27T19:03:03.405+0000] {taskinstance.py:430} INFO - ::endgroup::
[2026-02-27T19:03:03.422+0000] {sql.py:282} INFO - Executing: 
                    INSERT INTO core.cards
                    SELECT * FROM staging.cards
                    ON CONFLICT (card_id) 
                    DO UPDATE SET
                        account_id = EXCLUDED.account_id, card_number_masked = EXCLUDED.card_number_masked, card_type = EXCLUDED.card_type, expiry_date = EXCLUDED.expiry_date, is_virtual = EXCLUDED.is_virtual;
                
[2026-02-27T19:03:03.441+0000] {base.py:84} INFO - Using connection ID 'postgres_dwh' for task execution.
[2026-02-27T19:03:03.455+0000] {base.py:84} INFO - Using connection ID 'postgres_dwh' for task execution.
[2026-02-27T19:03:03.463+0000] {sql.py:495} INFO - Running statement: 
                    INSERT INTO core.cards
                    SELECT * FROM staging.cards
                    ON CONFLICT (card_id) 
                    DO UPDATE SET
                        account_id = EXCLUDED.account_id, card_number_masked = EXCLUDED.card_number_masked, card_type = EXCLUDED.card_type, expiry_date = EXCLUDED.expiry_date, is_virtual = EXCLUDED.is_virtual;
                , parameters: None
[2026-02-27T19:03:03.467+0000] {sql.py:504} INFO - Rows affected: 10
[2026-02-27T19:03:03.477+0000] {taskinstance.py:441} INFO - ::group::Post task execution logs
[2026-02-27T19:03:03.501+0000] {taskinstance.py:1206} INFO - Marking task as SUCCESS. dag_id=staging_to_core, task_id=transform_cards_to_core, run_id=scheduled__2025-06-01T00:00:00+00:00, execution_date=20250601T000000, start_date=20260227T190303, end_date=20260227T190303
[2026-02-27T19:03:03.543+0000] {local_task_job_runner.py:243} INFO - Task exited with return code 0
[2026-02-27T19:03:03.565+0000] {logging_mixin.py:188} WARNING - /home/***/.local/lib/python3.12/site-packages/***/models/baseoperator.py:1297 AirflowProviderDeprecationWarning: Call to deprecated class PostgresOperator. (Please use `***.providers.common.sql.operators.sql.SQLExecuteQueryOperator`.Also, you can provide `hook_params={'schema': <database>}`.)
[2026-02-27T19:03:03.593+0000] {taskinstance.py:3503} INFO - 1 downstream tasks scheduled from follow-on schedule check
[2026-02-27T19:03:03.598+0000] {local_task_job_runner.py:222} INFO - ::endgroup::
