[2026-02-28T10:35:26.680+0000] {local_task_job_runner.py:120} INFO - ::group::Pre task execution logs
[2026-02-28T10:35:26.741+0000] {taskinstance.py:2076} INFO - Dependencies all met for dep_context=non-requeueable deps ti=<TaskInstance: oltp_s3_dwh.upload_postgre_to_s3_dict_tariffs scheduled__2025-02-01T00:00:00+00:00 [queued]>
[2026-02-28T10:35:26.781+0000] {taskinstance.py:2076} INFO - Dependencies all met for dep_context=requeueable deps ti=<TaskInstance: oltp_s3_dwh.upload_postgre_to_s3_dict_tariffs scheduled__2025-02-01T00:00:00+00:00 [queued]>
[2026-02-28T10:35:26.783+0000] {taskinstance.py:2306} INFO - Starting attempt 6 of 6
[2026-02-28T10:35:26.828+0000] {taskinstance.py:2330} INFO - Executing <Task(PythonOperator): upload_postgre_to_s3_dict_tariffs> on 2025-02-01 00:00:00+00:00
[2026-02-28T10:35:26.859+0000] {logging_mixin.py:188} WARNING - /home/***/.local/lib/python3.12/site-packages/***/task/task_runner/standard_task_runner.py:62 DeprecationWarning: This process (pid=4598) is multi-threaded, use of fork() may lead to deadlocks in the child.
[2026-02-28T10:35:26.866+0000] {standard_task_runner.py:64} INFO - Started process 4619 to run task
[2026-02-28T10:35:26.872+0000] {standard_task_runner.py:90} INFO - Running: ['***', 'tasks', 'run', 'oltp_s3_dwh', 'upload_postgre_to_s3_dict_tariffs', 'scheduled__2025-02-01T00:00:00+00:00', '--job-id', '2061', '--raw', '--subdir', 'DAGS_FOLDER/oltp_s3_dwh.py', '--cfg-path', '/tmp/tmp8pbfpa0z']
[2026-02-28T10:35:26.889+0000] {standard_task_runner.py:91} INFO - Job 2061: Subtask upload_postgre_to_s3_dict_tariffs
[2026-02-28T10:35:27.064+0000] {task_command.py:426} INFO - Running <TaskInstance: oltp_s3_dwh.upload_postgre_to_s3_dict_tariffs scheduled__2025-02-01T00:00:00+00:00 [running]> on host 31b45edbecf3
[2026-02-28T10:35:27.349+0000] {taskinstance.py:2648} INFO - Exporting env vars: AIRFLOW_CTX_DAG_OWNER='***' AIRFLOW_CTX_DAG_ID='oltp_s3_dwh' AIRFLOW_CTX_TASK_ID='upload_postgre_to_s3_dict_tariffs' AIRFLOW_CTX_EXECUTION_DATE='2025-02-01T00:00:00+00:00' AIRFLOW_CTX_TRY_NUMBER='6' AIRFLOW_CTX_DAG_RUN_ID='scheduled__2025-02-01T00:00:00+00:00'
[2026-02-28T10:35:27.353+0000] {taskinstance.py:430} INFO - ::endgroup::
[2026-02-28T10:35:27.425+0000] {base.py:84} INFO - Using connection ID 'postgres_oltp' for task execution.
[2026-02-28T10:35:27.427+0000] {logging_mixin.py:188} INFO - DEBUG: Host: postgres_oltp
[2026-02-28T10:35:27.429+0000] {logging_mixin.py:188} INFO - DEBUG: DB Name: oltp_db
[2026-02-28T10:35:27.429+0000] {logging_mixin.py:188} INFO - DEBUG: Генерируемый SQL-запрос: select * from dict_tariffs
[2026-02-28T10:35:27.445+0000] {base.py:84} INFO - Using connection ID 'postgres_oltp' for task execution.
[2026-02-28T10:35:27.476+0000] {logging_mixin.py:188} WARNING - /home/***/.local/lib/python3.12/site-packages/***/providers/common/sql/hooks/sql.py:269 UserWarning: pandas only supports SQLAlchemy connectable (engine/connection) or database string URI or sqlite3 DBAPI2 connection. Other DBAPI2 objects are not tested. Please consider using SQLAlchemy.
[2026-02-28T10:35:27.559+0000] {base.py:84} INFO - Using connection ID 'minio_conn_id' for task execution.
[2026-02-28T10:35:27.566+0000] {connection_wrapper.py:384} INFO - AWS Connection (conn_id='minio_conn_id', conn_type='aws') credentials retrieved from login and ***.
[2026-02-28T10:35:28.236+0000] {logging_mixin.py:188} INFO - За 2025-02-01 S3 загружено - 3 строк
[2026-02-28T10:35:28.240+0000] {python.py:237} INFO - Done. Returned value was: None
[2026-02-28T10:35:28.241+0000] {taskinstance.py:441} INFO - ::group::Post task execution logs
[2026-02-28T10:35:28.251+0000] {taskinstance.py:1206} INFO - Marking task as SUCCESS. dag_id=oltp_s3_dwh, task_id=upload_postgre_to_s3_dict_tariffs, run_id=scheduled__2025-02-01T00:00:00+00:00, execution_date=20250201T000000, start_date=20260228T103526, end_date=20260228T103528
[2026-02-28T10:35:28.299+0000] {local_task_job_runner.py:243} INFO - Task exited with return code 0
[2026-02-28T10:35:28.322+0000] {local_task_job_runner.py:222} INFO - ::endgroup::
