[2026-02-26T12:02:37.710+0000] {local_task_job_runner.py:120} INFO - ::group::Pre task execution logs
[2026-02-26T12:02:37.749+0000] {taskinstance.py:2076} INFO - Dependencies all met for dep_context=non-requeueable deps ti=<TaskInstance: oltp_s3_dwh.upload_postgre_to_s3_dict_regions manual__2026-02-26T12:02:33.254414+00:00 [queued]>
[2026-02-26T12:02:37.775+0000] {taskinstance.py:2076} INFO - Dependencies all met for dep_context=requeueable deps ti=<TaskInstance: oltp_s3_dwh.upload_postgre_to_s3_dict_regions manual__2026-02-26T12:02:33.254414+00:00 [queued]>
[2026-02-26T12:02:37.778+0000] {taskinstance.py:2306} INFO - Starting attempt 1 of 1
[2026-02-26T12:02:37.804+0000] {taskinstance.py:2330} INFO - Executing <Task(PythonOperator): upload_postgre_to_s3_dict_regions> on 2026-02-26 12:02:33.254414+00:00
[2026-02-26T12:02:37.842+0000] {logging_mixin.py:188} WARNING - /home/***/.local/lib/python3.12/site-packages/***/task/task_runner/standard_task_runner.py:62 DeprecationWarning: This process (pid=3951) is multi-threaded, use of fork() may lead to deadlocks in the child.
[2026-02-26T12:02:37.850+0000] {standard_task_runner.py:64} INFO - Started process 3966 to run task
[2026-02-26T12:02:37.836+0000] {standard_task_runner.py:90} INFO - Running: ['***', 'tasks', 'run', 'oltp_s3_dwh', 'upload_postgre_to_s3_dict_regions', 'manual__2026-02-26T12:02:33.254414+00:00', '--job-id', '960', '--raw', '--subdir', 'DAGS_FOLDER/oltp_s3_dwh_dict.py', '--cfg-path', '/tmp/tmp6zmh690i']
[2026-02-26T12:02:37.862+0000] {standard_task_runner.py:91} INFO - Job 960: Subtask upload_postgre_to_s3_dict_regions
[2026-02-26T12:02:37.987+0000] {task_command.py:426} INFO - Running <TaskInstance: oltp_s3_dwh.upload_postgre_to_s3_dict_regions manual__2026-02-26T12:02:33.254414+00:00 [running]> on host 31b45edbecf3
[2026-02-26T12:02:38.273+0000] {taskinstance.py:2648} INFO - Exporting env vars: AIRFLOW_CTX_DAG_OWNER='***' AIRFLOW_CTX_DAG_ID='oltp_s3_dwh' AIRFLOW_CTX_TASK_ID='upload_postgre_to_s3_dict_regions' AIRFLOW_CTX_EXECUTION_DATE='2026-02-26T12:02:33.254414+00:00' AIRFLOW_CTX_TRY_NUMBER='1' AIRFLOW_CTX_DAG_RUN_ID='manual__2026-02-26T12:02:33.254414+00:00'
[2026-02-26T12:02:38.278+0000] {taskinstance.py:430} INFO - ::endgroup::
[2026-02-26T12:02:38.341+0000] {base.py:84} INFO - Using connection ID 'postgres_oltp' for task execution.
[2026-02-26T12:02:38.364+0000] {logging_mixin.py:188} WARNING - /home/***/.local/lib/python3.12/site-packages/***/providers/common/sql/hooks/sql.py:269 UserWarning: pandas only supports SQLAlchemy connectable (engine/connection) or database string URI or sqlite3 DBAPI2 connection. Other DBAPI2 objects are not tested. Please consider using SQLAlchemy.
[2026-02-26T12:02:38.468+0000] {base.py:84} INFO - Using connection ID 'minio_conn_id' for task execution.
[2026-02-26T12:02:38.469+0000] {connection_wrapper.py:384} INFO - AWS Connection (conn_id='minio_conn_id', conn_type='aws') credentials retrieved from login and ***.
[2026-02-26T12:02:39.192+0000] {python.py:237} INFO - Done. Returned value was: None
[2026-02-26T12:02:39.193+0000] {taskinstance.py:441} INFO - ::group::Post task execution logs
[2026-02-26T12:02:39.203+0000] {taskinstance.py:1206} INFO - Marking task as SUCCESS. dag_id=oltp_s3_dwh, task_id=upload_postgre_to_s3_dict_regions, run_id=manual__2026-02-26T12:02:33.254414+00:00, execution_date=20260226T120233, start_date=20260226T120237, end_date=20260226T120239
[2026-02-26T12:02:39.245+0000] {local_task_job_runner.py:243} INFO - Task exited with return code 0
[2026-02-26T12:02:39.274+0000] {taskinstance.py:3503} INFO - 0 downstream tasks scheduled from follow-on schedule check
[2026-02-26T12:02:39.282+0000] {local_task_job_runner.py:222} INFO - ::endgroup::
