[2026-02-26T17:56:29.175+0000] {local_task_job_runner.py:120} INFO - ::group::Pre task execution logs
[2026-02-26T17:56:29.221+0000] {taskinstance.py:2076} INFO - Dependencies all met for dep_context=non-requeueable deps ti=<TaskInstance: oltp_s3_dwh.upload_s3_to_dwh_cards scheduled__2026-01-01T00:00:00+00:00 [queued]>
[2026-02-26T17:56:29.326+0000] {taskinstance.py:2076} INFO - Dependencies all met for dep_context=requeueable deps ti=<TaskInstance: oltp_s3_dwh.upload_s3_to_dwh_cards scheduled__2026-01-01T00:00:00+00:00 [queued]>
[2026-02-26T17:56:29.330+0000] {taskinstance.py:2306} INFO - Starting attempt 1 of 1
[2026-02-26T17:56:29.424+0000] {taskinstance.py:2330} INFO - Executing <Task(PythonOperator): upload_s3_to_dwh_cards> on 2026-01-01 00:00:00+00:00
[2026-02-26T17:56:29.557+0000] {standard_task_runner.py:90} INFO - Running: ['***', 'tasks', 'run', 'oltp_s3_dwh', 'upload_s3_to_dwh_cards', 'scheduled__2026-01-01T00:00:00+00:00', '--job-id', '1269', '--raw', '--subdir', 'DAGS_FOLDER/oltp_s3_dwh.py', '--cfg-path', '/tmp/tmpizk9xzkx']
[2026-02-26T17:56:29.563+0000] {standard_task_runner.py:91} INFO - Job 1269: Subtask upload_s3_to_dwh_cards
[2026-02-26T17:56:29.557+0000] {logging_mixin.py:188} WARNING - /home/***/.local/lib/python3.12/site-packages/***/task/task_runner/standard_task_runner.py:62 DeprecationWarning: This process (pid=7327) is multi-threaded, use of fork() may lead to deadlocks in the child.
[2026-02-26T17:56:29.578+0000] {standard_task_runner.py:64} INFO - Started process 7391 to run task
[2026-02-26T17:56:29.725+0000] {task_command.py:426} INFO - Running <TaskInstance: oltp_s3_dwh.upload_s3_to_dwh_cards scheduled__2026-01-01T00:00:00+00:00 [running]> on host 31b45edbecf3
[2026-02-26T17:56:30.171+0000] {taskinstance.py:2648} INFO - Exporting env vars: AIRFLOW_CTX_DAG_OWNER='***' AIRFLOW_CTX_DAG_ID='oltp_s3_dwh' AIRFLOW_CTX_TASK_ID='upload_s3_to_dwh_cards' AIRFLOW_CTX_EXECUTION_DATE='2026-01-01T00:00:00+00:00' AIRFLOW_CTX_TRY_NUMBER='1' AIRFLOW_CTX_DAG_RUN_ID='scheduled__2026-01-01T00:00:00+00:00'
[2026-02-26T17:56:30.172+0000] {taskinstance.py:430} INFO - ::endgroup::
[2026-02-26T17:56:30.248+0000] {base.py:84} INFO - Using connection ID 'postgres_dwh' for task execution.
[2026-02-26T17:56:30.255+0000] {sql.py:495} INFO - Running statement: SELECT table_schema, table_name FROM information_schema.tables WHERE table_schema = 'staging';, parameters: None
[2026-02-26T17:56:30.264+0000] {sql.py:504} INFO - Rows affected: 9
[2026-02-26T17:56:30.271+0000] {logging_mixin.py:188} INFO - DEBUG: Доступные таблицы в схеме staging: [('staging', 'exchange_rates'), ('staging', 'users'), ('staging', 'accounts'), ('staging', 'transactions'), ('staging', 'dict_mcc'), ('staging', 'cards'), ('staging', 'dict_tariffs'), ('staging', 'dict_merchants'), ('staging', 'dict_regions')]
[2026-02-26T17:56:30.308+0000] {base.py:84} INFO - Using connection ID 'minio_conn_id' for task execution.
[2026-02-26T17:56:30.318+0000] {connection_wrapper.py:384} INFO - AWS Connection (conn_id='minio_conn_id', conn_type='aws') credentials retrieved from login and ***.
[2026-02-26T17:56:32.820+0000] {base.py:84} INFO - Using connection ID 'postgres_dwh' for task execution.
[2026-02-26T17:56:32.858+0000] {logging_mixin.py:188} INFO - Successfully loaded cards using copy_expert
[2026-02-26T17:56:32.861+0000] {python.py:237} INFO - Done. Returned value was: None
[2026-02-26T17:56:32.862+0000] {taskinstance.py:441} INFO - ::group::Post task execution logs
[2026-02-26T17:56:32.886+0000] {taskinstance.py:1206} INFO - Marking task as SUCCESS. dag_id=oltp_s3_dwh, task_id=upload_s3_to_dwh_cards, run_id=scheduled__2026-01-01T00:00:00+00:00, execution_date=20260101T000000, start_date=20260226T175629, end_date=20260226T175632
[2026-02-26T17:56:32.958+0000] {local_task_job_runner.py:243} INFO - Task exited with return code 0
[2026-02-26T17:56:33.027+0000] {taskinstance.py:3503} INFO - 0 downstream tasks scheduled from follow-on schedule check
[2026-02-26T17:56:33.035+0000] {local_task_job_runner.py:222} INFO - ::endgroup::
[2026-02-27T19:02:07.830+0000] {local_task_job_runner.py:120} INFO - ::group::Pre task execution logs
[2026-02-27T19:02:07.887+0000] {taskinstance.py:2076} INFO - Dependencies all met for dep_context=non-requeueable deps ti=<TaskInstance: oltp_s3_dwh.upload_s3_to_dwh_cards scheduled__2026-01-01T00:00:00+00:00 [queued]>
[2026-02-27T19:02:07.912+0000] {taskinstance.py:2076} INFO - Dependencies all met for dep_context=requeueable deps ti=<TaskInstance: oltp_s3_dwh.upload_s3_to_dwh_cards scheduled__2026-01-01T00:00:00+00:00 [queued]>
[2026-02-27T19:02:07.913+0000] {taskinstance.py:2306} INFO - Starting attempt 1 of 1
[2026-02-27T19:02:07.955+0000] {taskinstance.py:2330} INFO - Executing <Task(PythonOperator): upload_s3_to_dwh_cards> on 2026-01-01 00:00:00+00:00
[2026-02-27T19:02:07.977+0000] {standard_task_runner.py:90} INFO - Running: ['***', 'tasks', 'run', 'oltp_s3_dwh', 'upload_s3_to_dwh_cards', 'scheduled__2026-01-01T00:00:00+00:00', '--job-id', '1769', '--raw', '--subdir', 'DAGS_FOLDER/oltp_s3_dwh.py', '--cfg-path', '/tmp/tmpnktklm1m']
[2026-02-27T19:02:07.986+0000] {standard_task_runner.py:91} INFO - Job 1769: Subtask upload_s3_to_dwh_cards
[2026-02-27T19:02:07.982+0000] {logging_mixin.py:188} WARNING - /home/***/.local/lib/python3.12/site-packages/***/task/task_runner/standard_task_runner.py:62 DeprecationWarning: This process (pid=33169) is multi-threaded, use of fork() may lead to deadlocks in the child.
[2026-02-27T19:02:07.991+0000] {standard_task_runner.py:64} INFO - Started process 33199 to run task
[2026-02-27T19:02:08.152+0000] {task_command.py:426} INFO - Running <TaskInstance: oltp_s3_dwh.upload_s3_to_dwh_cards scheduled__2026-01-01T00:00:00+00:00 [running]> on host 31b45edbecf3
[2026-02-27T19:02:08.509+0000] {taskinstance.py:2648} INFO - Exporting env vars: AIRFLOW_CTX_DAG_OWNER='***' AIRFLOW_CTX_DAG_ID='oltp_s3_dwh' AIRFLOW_CTX_TASK_ID='upload_s3_to_dwh_cards' AIRFLOW_CTX_EXECUTION_DATE='2026-01-01T00:00:00+00:00' AIRFLOW_CTX_TRY_NUMBER='1' AIRFLOW_CTX_DAG_RUN_ID='scheduled__2026-01-01T00:00:00+00:00'
[2026-02-27T19:02:08.511+0000] {taskinstance.py:430} INFO - ::endgroup::
[2026-02-27T19:02:08.575+0000] {base.py:84} INFO - Using connection ID 'postgres_dwh' for task execution.
[2026-02-27T19:02:08.584+0000] {sql.py:495} INFO - Running statement: SELECT table_schema, table_name FROM information_schema.tables WHERE table_schema = 'staging';, parameters: None
[2026-02-27T19:02:08.591+0000] {sql.py:504} INFO - Rows affected: 9
[2026-02-27T19:02:08.599+0000] {logging_mixin.py:188} INFO - DEBUG: Доступные таблицы в схеме staging: [('staging', 'exchange_rates'), ('staging', 'cards'), ('staging', 'users'), ('staging', 'accounts'), ('staging', 'dict_regions'), ('staging', 'dict_mcc'), ('staging', 'dict_tariffs'), ('staging', 'dict_merchants'), ('staging', 'transactions')]
[2026-02-27T19:02:08.632+0000] {base.py:84} INFO - Using connection ID 'minio_conn_id' for task execution.
[2026-02-27T19:02:08.633+0000] {connection_wrapper.py:384} INFO - AWS Connection (conn_id='minio_conn_id', conn_type='aws') credentials retrieved from login and ***.
[2026-02-27T19:02:09.660+0000] {logging_mixin.py:188} INFO - Файл raw/not_dict/cards/2026-01-01/data.parquet не найден в S3. Пропускаем загрузку.
[2026-02-27T19:02:09.677+0000] {python.py:237} INFO - Done. Returned value was: None
[2026-02-27T19:02:09.680+0000] {taskinstance.py:441} INFO - ::group::Post task execution logs
[2026-02-27T19:02:09.717+0000] {taskinstance.py:1206} INFO - Marking task as SUCCESS. dag_id=oltp_s3_dwh, task_id=upload_s3_to_dwh_cards, run_id=scheduled__2026-01-01T00:00:00+00:00, execution_date=20260101T000000, start_date=20260227T190207, end_date=20260227T190209
[2026-02-27T19:02:09.800+0000] {local_task_job_runner.py:243} INFO - Task exited with return code 0
[2026-02-27T19:02:09.854+0000] {taskinstance.py:3503} INFO - 0 downstream tasks scheduled from follow-on schedule check
[2026-02-27T19:02:09.866+0000] {local_task_job_runner.py:222} INFO - ::endgroup::
