[2026-02-26T17:55:37.165+0000] {local_task_job_runner.py:120} INFO - ::group::Pre task execution logs
[2026-02-26T17:55:37.372+0000] {taskinstance.py:2076} INFO - Dependencies all met for dep_context=non-requeueable deps ti=<TaskInstance: oltp_s3_dwh.upload_s3_to_dwh_users scheduled__2025-02-01T00:00:00+00:00 [queued]>
[2026-02-26T17:55:37.430+0000] {taskinstance.py:2076} INFO - Dependencies all met for dep_context=requeueable deps ti=<TaskInstance: oltp_s3_dwh.upload_s3_to_dwh_users scheduled__2025-02-01T00:00:00+00:00 [queued]>
[2026-02-26T17:55:37.433+0000] {taskinstance.py:2306} INFO - Starting attempt 1 of 1
[2026-02-26T17:55:37.504+0000] {taskinstance.py:2330} INFO - Executing <Task(PythonOperator): upload_s3_to_dwh_users> on 2025-02-01 00:00:00+00:00
[2026-02-26T17:55:37.547+0000] {logging_mixin.py:188} WARNING - /home/***/.local/lib/python3.12/site-packages/***/task/task_runner/standard_task_runner.py:62 DeprecationWarning: This process (pid=6730) is multi-threaded, use of fork() may lead to deadlocks in the child.
[2026-02-26T17:55:37.586+0000] {standard_task_runner.py:64} INFO - Started process 6777 to run task
[2026-02-26T17:55:37.578+0000] {standard_task_runner.py:90} INFO - Running: ['***', 'tasks', 'run', 'oltp_s3_dwh', 'upload_s3_to_dwh_users', 'scheduled__2025-02-01T00:00:00+00:00', '--job-id', '1190', '--raw', '--subdir', 'DAGS_FOLDER/oltp_s3_dwh.py', '--cfg-path', '/tmp/tmplmf_9v3z']
[2026-02-26T17:55:37.601+0000] {standard_task_runner.py:91} INFO - Job 1190: Subtask upload_s3_to_dwh_users
[2026-02-26T17:55:37.873+0000] {task_command.py:426} INFO - Running <TaskInstance: oltp_s3_dwh.upload_s3_to_dwh_users scheduled__2025-02-01T00:00:00+00:00 [running]> on host 31b45edbecf3
[2026-02-26T17:55:38.466+0000] {taskinstance.py:2648} INFO - Exporting env vars: AIRFLOW_CTX_DAG_OWNER='***' AIRFLOW_CTX_DAG_ID='oltp_s3_dwh' AIRFLOW_CTX_TASK_ID='upload_s3_to_dwh_users' AIRFLOW_CTX_EXECUTION_DATE='2025-02-01T00:00:00+00:00' AIRFLOW_CTX_TRY_NUMBER='1' AIRFLOW_CTX_DAG_RUN_ID='scheduled__2025-02-01T00:00:00+00:00'
[2026-02-26T17:55:38.468+0000] {taskinstance.py:430} INFO - ::endgroup::
[2026-02-26T17:55:38.908+0000] {base.py:84} INFO - Using connection ID 'postgres_dwh' for task execution.
[2026-02-26T17:55:38.945+0000] {sql.py:495} INFO - Running statement: SELECT table_schema, table_name FROM information_schema.tables WHERE table_schema = 'staging';, parameters: None
[2026-02-26T17:55:39.032+0000] {sql.py:504} INFO - Rows affected: 9
[2026-02-26T17:55:39.049+0000] {logging_mixin.py:188} INFO - DEBUG: Доступные таблицы в схеме staging: [('staging', 'exchange_rates'), ('staging', 'users'), ('staging', 'accounts'), ('staging', 'dict_mcc'), ('staging', 'dict_tariffs'), ('staging', 'dict_merchants'), ('staging', 'transactions'), ('staging', 'dict_regions'), ('staging', 'cards')]
[2026-02-26T17:55:39.073+0000] {base.py:84} INFO - Using connection ID 'minio_conn_id' for task execution.
[2026-02-26T17:55:39.075+0000] {connection_wrapper.py:384} INFO - AWS Connection (conn_id='minio_conn_id', conn_type='aws') credentials retrieved from login and ***.
[2026-02-26T17:55:41.478+0000] {logging_mixin.py:188} INFO - Файл raw/not_dict/users/2025-02-01/data.parquet не найден в S3. Пропускаем загрузку.
[2026-02-26T17:55:41.481+0000] {python.py:237} INFO - Done. Returned value was: None
[2026-02-26T17:55:41.486+0000] {taskinstance.py:441} INFO - ::group::Post task execution logs
[2026-02-26T17:55:41.591+0000] {taskinstance.py:1206} INFO - Marking task as SUCCESS. dag_id=oltp_s3_dwh, task_id=upload_s3_to_dwh_users, run_id=scheduled__2025-02-01T00:00:00+00:00, execution_date=20250201T000000, start_date=20260226T175537, end_date=20260226T175541
[2026-02-26T17:55:41.802+0000] {local_task_job_runner.py:243} INFO - Task exited with return code 0
[2026-02-26T17:55:41.893+0000] {taskinstance.py:3503} INFO - 0 downstream tasks scheduled from follow-on schedule check
[2026-02-26T17:55:41.902+0000] {local_task_job_runner.py:222} INFO - ::endgroup::
[2026-02-27T18:59:56.596+0000] {local_task_job_runner.py:120} INFO - ::group::Pre task execution logs
[2026-02-27T18:59:56.651+0000] {taskinstance.py:2076} INFO - Dependencies all met for dep_context=non-requeueable deps ti=<TaskInstance: oltp_s3_dwh.upload_s3_to_dwh_users scheduled__2025-02-01T00:00:00+00:00 [queued]>
[2026-02-27T18:59:56.671+0000] {taskinstance.py:2076} INFO - Dependencies all met for dep_context=requeueable deps ti=<TaskInstance: oltp_s3_dwh.upload_s3_to_dwh_users scheduled__2025-02-01T00:00:00+00:00 [queued]>
[2026-02-27T18:59:56.677+0000] {taskinstance.py:2306} INFO - Starting attempt 1 of 1
[2026-02-27T18:59:56.724+0000] {taskinstance.py:2330} INFO - Executing <Task(PythonOperator): upload_s3_to_dwh_users> on 2025-02-01 00:00:00+00:00
[2026-02-27T18:59:56.757+0000] {logging_mixin.py:188} WARNING - /home/***/.local/lib/python3.12/site-packages/***/task/task_runner/standard_task_runner.py:62 DeprecationWarning: This process (pid=32038) is multi-threaded, use of fork() may lead to deadlocks in the child.
[2026-02-27T18:59:56.768+0000] {standard_task_runner.py:64} INFO - Started process 32064 to run task
[2026-02-27T18:59:56.773+0000] {standard_task_runner.py:90} INFO - Running: ['***', 'tasks', 'run', 'oltp_s3_dwh', 'upload_s3_to_dwh_users', 'scheduled__2025-02-01T00:00:00+00:00', '--job-id', '1543', '--raw', '--subdir', 'DAGS_FOLDER/oltp_s3_dwh.py', '--cfg-path', '/tmp/tmp7r7dn_p9']
[2026-02-27T18:59:56.786+0000] {standard_task_runner.py:91} INFO - Job 1543: Subtask upload_s3_to_dwh_users
[2026-02-27T18:59:56.954+0000] {task_command.py:426} INFO - Running <TaskInstance: oltp_s3_dwh.upload_s3_to_dwh_users scheduled__2025-02-01T00:00:00+00:00 [running]> on host 31b45edbecf3
[2026-02-27T18:59:57.372+0000] {taskinstance.py:2648} INFO - Exporting env vars: AIRFLOW_CTX_DAG_OWNER='***' AIRFLOW_CTX_DAG_ID='oltp_s3_dwh' AIRFLOW_CTX_TASK_ID='upload_s3_to_dwh_users' AIRFLOW_CTX_EXECUTION_DATE='2025-02-01T00:00:00+00:00' AIRFLOW_CTX_TRY_NUMBER='1' AIRFLOW_CTX_DAG_RUN_ID='scheduled__2025-02-01T00:00:00+00:00'
[2026-02-27T18:59:57.375+0000] {taskinstance.py:430} INFO - ::endgroup::
[2026-02-27T18:59:57.428+0000] {base.py:84} INFO - Using connection ID 'postgres_dwh' for task execution.
[2026-02-27T18:59:57.438+0000] {sql.py:495} INFO - Running statement: SELECT table_schema, table_name FROM information_schema.tables WHERE table_schema = 'staging';, parameters: None
[2026-02-27T18:59:57.442+0000] {sql.py:504} INFO - Rows affected: 9
[2026-02-27T18:59:57.443+0000] {logging_mixin.py:188} INFO - DEBUG: Доступные таблицы в схеме staging: [('staging', 'exchange_rates'), ('staging', 'dict_tariffs'), ('staging', 'dict_regions'), ('staging', 'transactions'), ('staging', 'dict_merchants'), ('staging', 'dict_mcc'), ('staging', 'cards'), ('staging', 'users'), ('staging', 'accounts')]
[2026-02-27T18:59:57.470+0000] {base.py:84} INFO - Using connection ID 'minio_conn_id' for task execution.
[2026-02-27T18:59:57.476+0000] {connection_wrapper.py:384} INFO - AWS Connection (conn_id='minio_conn_id', conn_type='aws') credentials retrieved from login and ***.
[2026-02-27T18:59:58.843+0000] {logging_mixin.py:188} INFO - Файл raw/not_dict/users/2025-02-01/data.parquet не найден в S3. Пропускаем загрузку.
[2026-02-27T18:59:58.852+0000] {python.py:237} INFO - Done. Returned value was: None
[2026-02-27T18:59:58.854+0000] {taskinstance.py:441} INFO - ::group::Post task execution logs
[2026-02-27T18:59:58.878+0000] {taskinstance.py:1206} INFO - Marking task as SUCCESS. dag_id=oltp_s3_dwh, task_id=upload_s3_to_dwh_users, run_id=scheduled__2025-02-01T00:00:00+00:00, execution_date=20250201T000000, start_date=20260227T185956, end_date=20260227T185958
[2026-02-27T18:59:58.940+0000] {local_task_job_runner.py:243} INFO - Task exited with return code 0
[2026-02-27T18:59:58.968+0000] {taskinstance.py:3503} INFO - 0 downstream tasks scheduled from follow-on schedule check
[2026-02-27T18:59:58.978+0000] {local_task_job_runner.py:222} INFO - ::endgroup::
