[2026-02-26T12:07:09.925+0000] {local_task_job_runner.py:120} INFO - ::group::Pre task execution logs
[2026-02-26T12:07:10.022+0000] {taskinstance.py:2076} INFO - Dependencies all met for dep_context=non-requeueable deps ti=<TaskInstance: oltp_s3_dwh.upload_postgre_to_s3_accounts scheduled__2025-08-01T00:00:00+00:00 [queued]>
[2026-02-26T12:07:10.059+0000] {taskinstance.py:2076} INFO - Dependencies all met for dep_context=requeueable deps ti=<TaskInstance: oltp_s3_dwh.upload_postgre_to_s3_accounts scheduled__2025-08-01T00:00:00+00:00 [queued]>
[2026-02-26T12:07:10.065+0000] {taskinstance.py:2306} INFO - Starting attempt 1 of 1
[2026-02-26T12:07:10.156+0000] {taskinstance.py:2330} INFO - Executing <Task(PythonOperator): upload_postgre_to_s3_accounts> on 2025-08-01 00:00:00+00:00
[2026-02-26T12:07:10.245+0000] {logging_mixin.py:188} WARNING - /home/***/.local/lib/python3.12/site-packages/***/task/task_runner/standard_task_runner.py:62 DeprecationWarning: This process (pid=4616) is multi-threaded, use of fork() may lead to deadlocks in the child.
[2026-02-26T12:07:10.262+0000] {standard_task_runner.py:64} INFO - Started process 4666 to run task
[2026-02-26T12:07:10.262+0000] {standard_task_runner.py:90} INFO - Running: ['***', 'tasks', 'run', 'oltp_s3_dwh', 'upload_postgre_to_s3_accounts', 'scheduled__2025-08-01T00:00:00+00:00', '--job-id', '1049', '--raw', '--subdir', 'DAGS_FOLDER/oltp_s3_dwh_dict.py', '--cfg-path', '/tmp/tmpqo2q1csa']
[2026-02-26T12:07:10.267+0000] {standard_task_runner.py:91} INFO - Job 1049: Subtask upload_postgre_to_s3_accounts
[2026-02-26T12:07:10.446+0000] {task_command.py:426} INFO - Running <TaskInstance: oltp_s3_dwh.upload_postgre_to_s3_accounts scheduled__2025-08-01T00:00:00+00:00 [running]> on host 31b45edbecf3
[2026-02-26T12:07:10.978+0000] {taskinstance.py:2648} INFO - Exporting env vars: AIRFLOW_CTX_DAG_OWNER='***' AIRFLOW_CTX_DAG_ID='oltp_s3_dwh' AIRFLOW_CTX_TASK_ID='upload_postgre_to_s3_accounts' AIRFLOW_CTX_EXECUTION_DATE='2025-08-01T00:00:00+00:00' AIRFLOW_CTX_TRY_NUMBER='1' AIRFLOW_CTX_DAG_RUN_ID='scheduled__2025-08-01T00:00:00+00:00'
[2026-02-26T12:07:10.981+0000] {taskinstance.py:430} INFO - ::endgroup::
[2026-02-26T12:07:11.100+0000] {base.py:84} INFO - Using connection ID 'postgres_oltp' for task execution.
[2026-02-26T12:07:11.141+0000] {logging_mixin.py:188} WARNING - /home/***/.local/lib/python3.12/site-packages/***/providers/common/sql/hooks/sql.py:269 UserWarning: pandas only supports SQLAlchemy connectable (engine/connection) or database string URI or sqlite3 DBAPI2 connection. Other DBAPI2 objects are not tested. Please consider using SQLAlchemy.
[2026-02-26T12:07:11.160+0000] {logging_mixin.py:188} INFO - В таблице accounts нет данных
[2026-02-26T12:07:11.162+0000] {python.py:237} INFO - Done. Returned value was: None
[2026-02-26T12:07:11.163+0000] {taskinstance.py:441} INFO - ::group::Post task execution logs
[2026-02-26T12:07:11.201+0000] {taskinstance.py:1206} INFO - Marking task as SUCCESS. dag_id=oltp_s3_dwh, task_id=upload_postgre_to_s3_accounts, run_id=scheduled__2025-08-01T00:00:00+00:00, execution_date=20250801T000000, start_date=20260226T120710, end_date=20260226T120711
[2026-02-26T12:07:11.294+0000] {local_task_job_runner.py:243} INFO - Task exited with return code 0
[2026-02-26T12:07:11.348+0000] {taskinstance.py:3503} INFO - 0 downstream tasks scheduled from follow-on schedule check
[2026-02-26T12:07:11.352+0000] {local_task_job_runner.py:222} INFO - ::endgroup::
[2026-02-27T19:01:06.583+0000] {local_task_job_runner.py:120} INFO - ::group::Pre task execution logs
[2026-02-27T19:01:06.657+0000] {taskinstance.py:2076} INFO - Dependencies all met for dep_context=non-requeueable deps ti=<TaskInstance: oltp_s3_dwh.upload_postgre_to_s3_accounts scheduled__2025-08-01T00:00:00+00:00 [queued]>
[2026-02-27T19:01:06.694+0000] {taskinstance.py:2076} INFO - Dependencies all met for dep_context=requeueable deps ti=<TaskInstance: oltp_s3_dwh.upload_postgre_to_s3_accounts scheduled__2025-08-01T00:00:00+00:00 [queued]>
[2026-02-27T19:01:06.696+0000] {taskinstance.py:2306} INFO - Starting attempt 1 of 1
[2026-02-27T19:01:06.800+0000] {taskinstance.py:2330} INFO - Executing <Task(PythonOperator): upload_postgre_to_s3_accounts> on 2025-08-01 00:00:00+00:00
[2026-02-27T19:01:06.870+0000] {logging_mixin.py:188} WARNING - /home/***/.local/lib/python3.12/site-packages/***/task/task_runner/standard_task_runner.py:62 DeprecationWarning: This process (pid=32611) is multi-threaded, use of fork() may lead to deadlocks in the child.
[2026-02-27T19:01:06.882+0000] {standard_task_runner.py:64} INFO - Started process 32633 to run task
[2026-02-27T19:01:06.887+0000] {standard_task_runner.py:90} INFO - Running: ['***', 'tasks', 'run', 'oltp_s3_dwh', 'upload_postgre_to_s3_accounts', 'scheduled__2025-08-01T00:00:00+00:00', '--job-id', '1656', '--raw', '--subdir', 'DAGS_FOLDER/oltp_s3_dwh.py', '--cfg-path', '/tmp/tmpq0g3pss_']
[2026-02-27T19:01:06.905+0000] {standard_task_runner.py:91} INFO - Job 1656: Subtask upload_postgre_to_s3_accounts
[2026-02-27T19:01:07.111+0000] {task_command.py:426} INFO - Running <TaskInstance: oltp_s3_dwh.upload_postgre_to_s3_accounts scheduled__2025-08-01T00:00:00+00:00 [running]> on host 31b45edbecf3
[2026-02-27T19:01:07.494+0000] {taskinstance.py:2648} INFO - Exporting env vars: AIRFLOW_CTX_DAG_OWNER='***' AIRFLOW_CTX_DAG_ID='oltp_s3_dwh' AIRFLOW_CTX_TASK_ID='upload_postgre_to_s3_accounts' AIRFLOW_CTX_EXECUTION_DATE='2025-08-01T00:00:00+00:00' AIRFLOW_CTX_TRY_NUMBER='1' AIRFLOW_CTX_DAG_RUN_ID='scheduled__2025-08-01T00:00:00+00:00'
[2026-02-27T19:01:07.495+0000] {taskinstance.py:430} INFO - ::endgroup::
[2026-02-27T19:01:07.591+0000] {base.py:84} INFO - Using connection ID 'postgres_oltp' for task execution.
[2026-02-27T19:01:07.624+0000] {logging_mixin.py:188} WARNING - /home/***/.local/lib/python3.12/site-packages/***/providers/common/sql/hooks/sql.py:269 UserWarning: pandas only supports SQLAlchemy connectable (engine/connection) or database string URI or sqlite3 DBAPI2 connection. Other DBAPI2 objects are not tested. Please consider using SQLAlchemy.
[2026-02-27T19:01:07.643+0000] {logging_mixin.py:188} INFO - В таблице accounts нет данных
[2026-02-27T19:01:07.653+0000] {python.py:237} INFO - Done. Returned value was: None
[2026-02-27T19:01:07.654+0000] {taskinstance.py:441} INFO - ::group::Post task execution logs
[2026-02-27T19:01:07.687+0000] {taskinstance.py:1206} INFO - Marking task as SUCCESS. dag_id=oltp_s3_dwh, task_id=upload_postgre_to_s3_accounts, run_id=scheduled__2025-08-01T00:00:00+00:00, execution_date=20250801T000000, start_date=20260227T190106, end_date=20260227T190107
[2026-02-27T19:01:07.737+0000] {local_task_job_runner.py:243} INFO - Task exited with return code 0
[2026-02-27T19:01:07.794+0000] {taskinstance.py:3503} INFO - 1 downstream tasks scheduled from follow-on schedule check
[2026-02-27T19:01:07.798+0000] {local_task_job_runner.py:222} INFO - ::endgroup::
