[2026-02-26T17:56:27.831+0000] {local_task_job_runner.py:120} INFO - ::group::Pre task execution logs
[2026-02-26T17:56:28.007+0000] {taskinstance.py:2076} INFO - Dependencies all met for dep_context=non-requeueable deps ti=<TaskInstance: oltp_s3_dwh.upload_s3_to_dwh_users scheduled__2026-01-01T00:00:00+00:00 [queued]>
[2026-02-26T17:56:28.067+0000] {taskinstance.py:2076} INFO - Dependencies all met for dep_context=requeueable deps ti=<TaskInstance: oltp_s3_dwh.upload_s3_to_dwh_users scheduled__2026-01-01T00:00:00+00:00 [queued]>
[2026-02-26T17:56:28.073+0000] {taskinstance.py:2306} INFO - Starting attempt 1 of 1
[2026-02-26T17:56:28.170+0000] {taskinstance.py:2330} INFO - Executing <Task(PythonOperator): upload_s3_to_dwh_users> on 2026-01-01 00:00:00+00:00
[2026-02-26T17:56:28.202+0000] {standard_task_runner.py:90} INFO - Running: ['***', 'tasks', 'run', 'oltp_s3_dwh', 'upload_s3_to_dwh_users', 'scheduled__2026-01-01T00:00:00+00:00', '--job-id', '1263', '--raw', '--subdir', 'DAGS_FOLDER/oltp_s3_dwh.py', '--cfg-path', '/tmp/tmpsq9oh1ub']
[2026-02-26T17:56:28.236+0000] {standard_task_runner.py:91} INFO - Job 1263: Subtask upload_s3_to_dwh_users
[2026-02-26T17:56:28.230+0000] {logging_mixin.py:188} WARNING - /home/***/.local/lib/python3.12/site-packages/***/task/task_runner/standard_task_runner.py:62 DeprecationWarning: This process (pid=7323) is multi-threaded, use of fork() may lead to deadlocks in the child.
[2026-02-26T17:56:28.245+0000] {standard_task_runner.py:64} INFO - Started process 7376 to run task
[2026-02-26T17:56:28.471+0000] {task_command.py:426} INFO - Running <TaskInstance: oltp_s3_dwh.upload_s3_to_dwh_users scheduled__2026-01-01T00:00:00+00:00 [running]> on host 31b45edbecf3
[2026-02-26T17:56:28.899+0000] {taskinstance.py:2648} INFO - Exporting env vars: AIRFLOW_CTX_DAG_OWNER='***' AIRFLOW_CTX_DAG_ID='oltp_s3_dwh' AIRFLOW_CTX_TASK_ID='upload_s3_to_dwh_users' AIRFLOW_CTX_EXECUTION_DATE='2026-01-01T00:00:00+00:00' AIRFLOW_CTX_TRY_NUMBER='1' AIRFLOW_CTX_DAG_RUN_ID='scheduled__2026-01-01T00:00:00+00:00'
[2026-02-26T17:56:28.907+0000] {taskinstance.py:430} INFO - ::endgroup::
[2026-02-26T17:56:29.129+0000] {base.py:84} INFO - Using connection ID 'postgres_dwh' for task execution.
[2026-02-26T17:56:29.193+0000] {sql.py:495} INFO - Running statement: SELECT table_schema, table_name FROM information_schema.tables WHERE table_schema = 'staging';, parameters: None
[2026-02-26T17:56:29.197+0000] {sql.py:504} INFO - Rows affected: 9
[2026-02-26T17:56:29.201+0000] {logging_mixin.py:188} INFO - DEBUG: Доступные таблицы в схеме staging: [('staging', 'exchange_rates'), ('staging', 'users'), ('staging', 'accounts'), ('staging', 'dict_regions'), ('staging', 'transactions'), ('staging', 'dict_mcc'), ('staging', 'cards'), ('staging', 'dict_tariffs'), ('staging', 'dict_merchants')]
[2026-02-26T17:56:29.260+0000] {base.py:84} INFO - Using connection ID 'minio_conn_id' for task execution.
[2026-02-26T17:56:29.265+0000] {connection_wrapper.py:384} INFO - AWS Connection (conn_id='minio_conn_id', conn_type='aws') credentials retrieved from login and ***.
[2026-02-26T17:56:31.503+0000] {logging_mixin.py:188} INFO - Файл raw/not_dict/users/2026-01-01/data.parquet не найден в S3. Пропускаем загрузку.
[2026-02-26T17:56:31.508+0000] {python.py:237} INFO - Done. Returned value was: None
[2026-02-26T17:56:31.511+0000] {taskinstance.py:441} INFO - ::group::Post task execution logs
[2026-02-26T17:56:31.555+0000] {taskinstance.py:1206} INFO - Marking task as SUCCESS. dag_id=oltp_s3_dwh, task_id=upload_s3_to_dwh_users, run_id=scheduled__2026-01-01T00:00:00+00:00, execution_date=20260101T000000, start_date=20260226T175628, end_date=20260226T175631
[2026-02-26T17:56:31.699+0000] {local_task_job_runner.py:243} INFO - Task exited with return code 0
[2026-02-26T17:56:31.713+0000] {local_task_job_runner.py:222} INFO - ::endgroup::
[2026-02-27T19:02:07.741+0000] {local_task_job_runner.py:120} INFO - ::group::Pre task execution logs
[2026-02-27T19:02:07.790+0000] {taskinstance.py:2076} INFO - Dependencies all met for dep_context=non-requeueable deps ti=<TaskInstance: oltp_s3_dwh.upload_s3_to_dwh_users scheduled__2026-01-01T00:00:00+00:00 [queued]>
[2026-02-27T19:02:07.825+0000] {taskinstance.py:2076} INFO - Dependencies all met for dep_context=requeueable deps ti=<TaskInstance: oltp_s3_dwh.upload_s3_to_dwh_users scheduled__2026-01-01T00:00:00+00:00 [queued]>
[2026-02-27T19:02:07.829+0000] {taskinstance.py:2306} INFO - Starting attempt 1 of 1
[2026-02-27T19:02:07.908+0000] {taskinstance.py:2330} INFO - Executing <Task(PythonOperator): upload_s3_to_dwh_users> on 2026-01-01 00:00:00+00:00
[2026-02-27T19:02:07.937+0000] {logging_mixin.py:188} WARNING - /home/***/.local/lib/python3.12/site-packages/***/task/task_runner/standard_task_runner.py:62 DeprecationWarning: This process (pid=33170) is multi-threaded, use of fork() may lead to deadlocks in the child.
[2026-02-27T19:02:07.937+0000] {standard_task_runner.py:90} INFO - Running: ['***', 'tasks', 'run', 'oltp_s3_dwh', 'upload_s3_to_dwh_users', 'scheduled__2026-01-01T00:00:00+00:00', '--job-id', '1768', '--raw', '--subdir', 'DAGS_FOLDER/oltp_s3_dwh.py', '--cfg-path', '/tmp/tmpv1zifcu3']
[2026-02-27T19:02:07.945+0000] {standard_task_runner.py:91} INFO - Job 1768: Subtask upload_s3_to_dwh_users
[2026-02-27T19:02:07.944+0000] {standard_task_runner.py:64} INFO - Started process 33198 to run task
[2026-02-27T19:02:08.104+0000] {task_command.py:426} INFO - Running <TaskInstance: oltp_s3_dwh.upload_s3_to_dwh_users scheduled__2026-01-01T00:00:00+00:00 [running]> on host 31b45edbecf3
[2026-02-27T19:02:08.441+0000] {taskinstance.py:2648} INFO - Exporting env vars: AIRFLOW_CTX_DAG_OWNER='***' AIRFLOW_CTX_DAG_ID='oltp_s3_dwh' AIRFLOW_CTX_TASK_ID='upload_s3_to_dwh_users' AIRFLOW_CTX_EXECUTION_DATE='2026-01-01T00:00:00+00:00' AIRFLOW_CTX_TRY_NUMBER='1' AIRFLOW_CTX_DAG_RUN_ID='scheduled__2026-01-01T00:00:00+00:00'
[2026-02-27T19:02:08.442+0000] {taskinstance.py:430} INFO - ::endgroup::
[2026-02-27T19:02:08.508+0000] {base.py:84} INFO - Using connection ID 'postgres_dwh' for task execution.
[2026-02-27T19:02:08.534+0000] {sql.py:495} INFO - Running statement: SELECT table_schema, table_name FROM information_schema.tables WHERE table_schema = 'staging';, parameters: None
[2026-02-27T19:02:08.537+0000] {sql.py:504} INFO - Rows affected: 9
[2026-02-27T19:02:08.540+0000] {logging_mixin.py:188} INFO - DEBUG: Доступные таблицы в схеме staging: [('staging', 'exchange_rates'), ('staging', 'cards'), ('staging', 'users'), ('staging', 'accounts'), ('staging', 'dict_regions'), ('staging', 'dict_mcc'), ('staging', 'dict_tariffs'), ('staging', 'dict_merchants'), ('staging', 'transactions')]
[2026-02-27T19:02:08.568+0000] {base.py:84} INFO - Using connection ID 'minio_conn_id' for task execution.
[2026-02-27T19:02:08.569+0000] {connection_wrapper.py:384} INFO - AWS Connection (conn_id='minio_conn_id', conn_type='aws') credentials retrieved from login and ***.
[2026-02-27T19:02:09.477+0000] {logging_mixin.py:188} INFO - Файл raw/not_dict/users/2026-01-01/data.parquet не найден в S3. Пропускаем загрузку.
[2026-02-27T19:02:09.485+0000] {python.py:237} INFO - Done. Returned value was: None
[2026-02-27T19:02:09.491+0000] {taskinstance.py:441} INFO - ::group::Post task execution logs
[2026-02-27T19:02:09.503+0000] {taskinstance.py:1206} INFO - Marking task as SUCCESS. dag_id=oltp_s3_dwh, task_id=upload_s3_to_dwh_users, run_id=scheduled__2026-01-01T00:00:00+00:00, execution_date=20260101T000000, start_date=20260227T190207, end_date=20260227T190209
[2026-02-27T19:02:09.586+0000] {local_task_job_runner.py:243} INFO - Task exited with return code 0
[2026-02-27T19:02:09.612+0000] {taskinstance.py:3503} INFO - 0 downstream tasks scheduled from follow-on schedule check
[2026-02-27T19:02:09.620+0000] {local_task_job_runner.py:222} INFO - ::endgroup::
