[2026-02-20T12:31:43.549+0000] {local_task_job_runner.py:120} INFO - ::group::Pre task execution logs
[2026-02-20T12:31:43.573+0000] {taskinstance.py:2076} INFO - Dependencies all met for dep_context=non-requeueable deps ti=<TaskInstance: load_cb_courses.extract_cbr scheduled__2025-08-07T00:00:00+00:00 [queued]>
[2026-02-20T12:31:43.593+0000] {taskinstance.py:2076} INFO - Dependencies all met for dep_context=requeueable deps ti=<TaskInstance: load_cb_courses.extract_cbr scheduled__2025-08-07T00:00:00+00:00 [queued]>
[2026-02-20T12:31:43.594+0000] {taskinstance.py:2306} INFO - Starting attempt 1 of 1
[2026-02-20T12:31:43.615+0000] {taskinstance.py:2330} INFO - Executing <Task(PythonOperator): extract_cbr> on 2025-08-07 00:00:00+00:00
[2026-02-20T12:31:43.633+0000] {logging_mixin.py:188} WARNING - /home/***/.local/lib/python3.12/site-packages/***/task/task_runner/standard_task_runner.py:62 DeprecationWarning: This process (pid=7296) is multi-threaded, use of fork() may lead to deadlocks in the child.
[2026-02-20T12:31:43.634+0000] {standard_task_runner.py:64} INFO - Started process 7302 to run task
[2026-02-20T12:31:43.633+0000] {standard_task_runner.py:90} INFO - Running: ['***', 'tasks', 'run', 'load_cb_courses', 'extract_cbr', 'scheduled__2025-08-07T00:00:00+00:00', '--job-id', '439', '--raw', '--subdir', 'DAGS_FOLDER/api_cb.py', '--cfg-path', '/tmp/tmp_ubfc6l4']
[2026-02-20T12:31:43.636+0000] {standard_task_runner.py:91} INFO - Job 439: Subtask extract_cbr
[2026-02-20T12:31:43.712+0000] {task_command.py:426} INFO - Running <TaskInstance: load_cb_courses.extract_cbr scheduled__2025-08-07T00:00:00+00:00 [running]> on host 78aa58ce5a8d
[2026-02-20T12:31:43.833+0000] {taskinstance.py:2648} INFO - Exporting env vars: AIRFLOW_CTX_DAG_OWNER='Umar Mazoriev' AIRFLOW_CTX_DAG_ID='load_cb_courses' AIRFLOW_CTX_TASK_ID='extract_cbr' AIRFLOW_CTX_EXECUTION_DATE='2025-08-07T00:00:00+00:00' AIRFLOW_CTX_TRY_NUMBER='1' AIRFLOW_CTX_DAG_RUN_ID='scheduled__2025-08-07T00:00:00+00:00'
[2026-02-20T12:31:43.835+0000] {taskinstance.py:430} INFO - ::endgroup::
[2026-02-20T12:31:44.117+0000] {base.py:84} INFO - Using connection ID 'minio_conn_id' for task execution.
[2026-02-20T12:31:44.119+0000] {connection_wrapper.py:384} INFO - AWS Connection (conn_id='minio_conn_id', conn_type='aws') credentials retrieved from login and password.
[2026-02-20T12:31:44.437+0000] {python.py:237} INFO - Done. Returned value was: raw/cbr/rates_2025-08-07.csv
[2026-02-20T12:31:44.438+0000] {taskinstance.py:441} INFO - ::group::Post task execution logs
[2026-02-20T12:31:44.492+0000] {taskinstance.py:1206} INFO - Marking task as SUCCESS. dag_id=load_cb_courses, task_id=extract_cbr, run_id=scheduled__2025-08-07T00:00:00+00:00, execution_date=20250807T000000, start_date=20260220T123143, end_date=20260220T123144
[2026-02-20T12:31:44.542+0000] {local_task_job_runner.py:243} INFO - Task exited with return code 0
[2026-02-20T12:31:44.568+0000] {taskinstance.py:3503} INFO - 1 downstream tasks scheduled from follow-on schedule check
[2026-02-20T12:31:44.572+0000] {local_task_job_runner.py:222} INFO - ::endgroup::
