[2026-02-27T10:33:08.013+0000] {local_task_job_runner.py:120} INFO - ::group::Pre task execution logs
[2026-02-27T10:33:08.050+0000] {taskinstance.py:2076} INFO - Dependencies all met for dep_context=non-requeueable deps ti=<TaskInstance: staging_to_core.wait_for_transactions scheduled__2025-12-01T00:00:00+00:00 [queued]>
[2026-02-27T10:33:08.060+0000] {taskinstance.py:2076} INFO - Dependencies all met for dep_context=requeueable deps ti=<TaskInstance: staging_to_core.wait_for_transactions scheduled__2025-12-01T00:00:00+00:00 [queued]>
[2026-02-27T10:33:08.061+0000] {taskinstance.py:2306} INFO - Starting attempt 1 of 1
[2026-02-27T10:33:08.076+0000] {taskinstance.py:2330} INFO - Executing <Task(ExternalTaskSensor): wait_for_transactions> on 2025-12-01 00:00:00+00:00
[2026-02-27T10:33:08.085+0000] {logging_mixin.py:188} WARNING - /home/***/.local/lib/python3.12/site-packages/***/task/task_runner/standard_task_runner.py:62 DeprecationWarning: This process (pid=9653) is multi-threaded, use of fork() may lead to deadlocks in the child.
[2026-02-27T10:33:08.087+0000] {standard_task_runner.py:64} INFO - Started process 9654 to run task
[2026-02-27T10:33:08.085+0000] {standard_task_runner.py:90} INFO - Running: ['***', 'tasks', 'run', 'staging_to_core', 'wait_for_transactions', 'scheduled__2025-12-01T00:00:00+00:00', '--job-id', '1483', '--raw', '--subdir', 'DAGS_FOLDER/staging_to_core.py', '--cfg-path', '/tmp/tmpecnc1_xm']
[2026-02-27T10:33:08.088+0000] {standard_task_runner.py:91} INFO - Job 1483: Subtask wait_for_transactions
[2026-02-27T10:33:08.143+0000] {task_command.py:426} INFO - Running <TaskInstance: staging_to_core.wait_for_transactions scheduled__2025-12-01T00:00:00+00:00 [running]> on host 31b45edbecf3
[2026-02-27T10:33:08.235+0000] {taskinstance.py:2648} INFO - Exporting env vars: AIRFLOW_CTX_DAG_OWNER='***' AIRFLOW_CTX_DAG_ID='staging_to_core' AIRFLOW_CTX_TASK_ID='wait_for_transactions' AIRFLOW_CTX_EXECUTION_DATE='2025-12-01T00:00:00+00:00' AIRFLOW_CTX_TRY_NUMBER='1' AIRFLOW_CTX_DAG_RUN_ID='scheduled__2025-12-01T00:00:00+00:00'
[2026-02-27T10:33:08.236+0000] {taskinstance.py:430} INFO - ::endgroup::
[2026-02-27T10:33:08.252+0000] {baseoperator.py:400} WARNING - ExternalTaskSensor.execute cannot be called outside TaskInstance!
[2026-02-27T10:33:08.261+0000] {external_task.py:258} INFO - Poking for tasks ['upload_s3_to_dwh_transactions'] in dag oltp_s3_dwh on 2025-12-01T00:00:00+00:00 ... 
[2026-02-27T10:33:08.264+0000] {logging_mixin.py:188} WARNING - /home/***/.local/lib/python3.12/site-packages/***/utils/session.py:79 DeprecationWarning: This method is deprecated and will be removed in future.
[2026-02-27T10:33:08.274+0000] {base.py:294} INFO - Success criteria met. Exiting.
[2026-02-27T10:33:08.275+0000] {taskinstance.py:441} INFO - ::group::Post task execution logs
[2026-02-27T10:33:08.285+0000] {taskinstance.py:1206} INFO - Marking task as SUCCESS. dag_id=staging_to_core, task_id=wait_for_transactions, run_id=scheduled__2025-12-01T00:00:00+00:00, execution_date=20251201T000000, start_date=20260227T103308, end_date=20260227T103308
[2026-02-27T10:33:08.304+0000] {local_task_job_runner.py:243} INFO - Task exited with return code 0
[2026-02-27T10:33:08.316+0000] {logging_mixin.py:188} WARNING - /home/***/.local/lib/python3.12/site-packages/***/models/baseoperator.py:1297 AirflowProviderDeprecationWarning: Call to deprecated class PostgresOperator. (Please use `***.providers.common.sql.operators.sql.SQLExecuteQueryOperator`.Also, you can provide `hook_params={'schema': <database>}`.)
[2026-02-27T10:33:08.338+0000] {taskinstance.py:3503} INFO - 1 downstream tasks scheduled from follow-on schedule check
[2026-02-27T10:33:08.341+0000] {local_task_job_runner.py:222} INFO - ::endgroup::
[2026-02-27T19:05:05.949+0000] {local_task_job_runner.py:120} INFO - ::group::Pre task execution logs
[2026-02-27T19:05:06.000+0000] {taskinstance.py:2076} INFO - Dependencies all met for dep_context=non-requeueable deps ti=<TaskInstance: staging_to_core.wait_for_transactions scheduled__2025-12-01T00:00:00+00:00 [queued]>
[2026-02-27T19:05:06.017+0000] {taskinstance.py:2076} INFO - Dependencies all met for dep_context=requeueable deps ti=<TaskInstance: staging_to_core.wait_for_transactions scheduled__2025-12-01T00:00:00+00:00 [queued]>
[2026-02-27T19:05:06.018+0000] {taskinstance.py:2306} INFO - Starting attempt 1 of 1
[2026-02-27T19:05:06.043+0000] {taskinstance.py:2330} INFO - Executing <Task(ExternalTaskSensor): wait_for_transactions> on 2025-12-01 00:00:00+00:00
[2026-02-27T19:05:06.053+0000] {logging_mixin.py:188} WARNING - /home/***/.local/lib/python3.12/site-packages/***/task/task_runner/standard_task_runner.py:62 DeprecationWarning: This process (pid=33715) is multi-threaded, use of fork() may lead to deadlocks in the child.
[2026-02-27T19:05:06.055+0000] {standard_task_runner.py:64} INFO - Started process 33716 to run task
[2026-02-27T19:05:06.054+0000] {standard_task_runner.py:90} INFO - Running: ['***', 'tasks', 'run', 'staging_to_core', 'wait_for_transactions', 'scheduled__2025-12-01T00:00:00+00:00', '--job-id', '1915', '--raw', '--subdir', 'DAGS_FOLDER/staging_to_core.py', '--cfg-path', '/tmp/tmpdk1ket78']
[2026-02-27T19:05:06.057+0000] {standard_task_runner.py:91} INFO - Job 1915: Subtask wait_for_transactions
[2026-02-27T19:05:06.129+0000] {task_command.py:426} INFO - Running <TaskInstance: staging_to_core.wait_for_transactions scheduled__2025-12-01T00:00:00+00:00 [running]> on host 31b45edbecf3
[2026-02-27T19:05:06.262+0000] {taskinstance.py:2648} INFO - Exporting env vars: AIRFLOW_CTX_DAG_OWNER='***' AIRFLOW_CTX_DAG_ID='staging_to_core' AIRFLOW_CTX_TASK_ID='wait_for_transactions' AIRFLOW_CTX_EXECUTION_DATE='2025-12-01T00:00:00+00:00' AIRFLOW_CTX_TRY_NUMBER='1' AIRFLOW_CTX_DAG_RUN_ID='scheduled__2025-12-01T00:00:00+00:00'
[2026-02-27T19:05:06.263+0000] {taskinstance.py:430} INFO - ::endgroup::
[2026-02-27T19:05:06.280+0000] {baseoperator.py:400} WARNING - ExternalTaskSensor.execute cannot be called outside TaskInstance!
[2026-02-27T19:05:06.294+0000] {external_task.py:258} INFO - Poking for tasks ['upload_s3_to_dwh_transactions'] in dag oltp_s3_dwh on 2025-12-01T00:00:00+00:00 ... 
[2026-02-27T19:05:06.298+0000] {logging_mixin.py:188} WARNING - /home/***/.local/lib/python3.12/site-packages/***/utils/session.py:79 DeprecationWarning: This method is deprecated and will be removed in future.
[2026-02-27T19:05:06.313+0000] {base.py:294} INFO - Success criteria met. Exiting.
[2026-02-27T19:05:06.315+0000] {taskinstance.py:441} INFO - ::group::Post task execution logs
[2026-02-27T19:05:06.332+0000] {taskinstance.py:1206} INFO - Marking task as SUCCESS. dag_id=staging_to_core, task_id=wait_for_transactions, run_id=scheduled__2025-12-01T00:00:00+00:00, execution_date=20251201T000000, start_date=20260227T190506, end_date=20260227T190506
[2026-02-27T19:05:06.354+0000] {local_task_job_runner.py:243} INFO - Task exited with return code 0
[2026-02-27T19:05:06.369+0000] {logging_mixin.py:188} WARNING - /home/***/.local/lib/python3.12/site-packages/***/models/baseoperator.py:1297 AirflowProviderDeprecationWarning: Call to deprecated class PostgresOperator. (Please use `***.providers.common.sql.operators.sql.SQLExecuteQueryOperator`.Also, you can provide `hook_params={'schema': <database>}`.)
[2026-02-27T19:05:06.399+0000] {taskinstance.py:3503} INFO - 1 downstream tasks scheduled from follow-on schedule check
[2026-02-27T19:05:06.404+0000] {local_task_job_runner.py:222} INFO - ::endgroup::
