[2026-02-26T12:04:55.999+0000] {local_task_job_runner.py:120} INFO - ::group::Pre task execution logs
[2026-02-26T12:04:56.053+0000] {taskinstance.py:2076} INFO - Dependencies all met for dep_context=non-requeueable deps ti=<TaskInstance: oltp_s3_dwh.upload_postgre_to_s3_dict_regions scheduled__2025-01-01T00:00:00+00:00 [queued]>
[2026-02-26T12:04:56.079+0000] {taskinstance.py:2076} INFO - Dependencies all met for dep_context=requeueable deps ti=<TaskInstance: oltp_s3_dwh.upload_postgre_to_s3_dict_regions scheduled__2025-01-01T00:00:00+00:00 [queued]>
[2026-02-26T12:04:56.085+0000] {taskinstance.py:2306} INFO - Starting attempt 1 of 1
[2026-02-26T12:04:56.110+0000] {taskinstance.py:2330} INFO - Executing <Task(PythonOperator): upload_postgre_to_s3_dict_regions> on 2025-01-01 00:00:00+00:00
[2026-02-26T12:04:56.124+0000] {logging_mixin.py:188} WARNING - /home/***/.local/lib/python3.12/site-packages/***/task/task_runner/standard_task_runner.py:62 DeprecationWarning: This process (pid=4181) is multi-threaded, use of fork() may lead to deadlocks in the child.
[2026-02-26T12:04:56.124+0000] {standard_task_runner.py:90} INFO - Running: ['***', 'tasks', 'run', 'oltp_s3_dwh', 'upload_postgre_to_s3_dict_regions', 'scheduled__2025-01-01T00:00:00+00:00', '--job-id', '980', '--raw', '--subdir', 'DAGS_FOLDER/oltp_s3_dwh_dict.py', '--cfg-path', '/tmp/tmptpkj7tym']
[2026-02-26T12:04:56.126+0000] {standard_task_runner.py:64} INFO - Started process 4197 to run task
[2026-02-26T12:04:56.131+0000] {standard_task_runner.py:91} INFO - Job 980: Subtask upload_postgre_to_s3_dict_regions
[2026-02-26T12:04:56.247+0000] {task_command.py:426} INFO - Running <TaskInstance: oltp_s3_dwh.upload_postgre_to_s3_dict_regions scheduled__2025-01-01T00:00:00+00:00 [running]> on host 31b45edbecf3
[2026-02-26T12:04:56.392+0000] {taskinstance.py:2648} INFO - Exporting env vars: AIRFLOW_CTX_DAG_OWNER='***' AIRFLOW_CTX_DAG_ID='oltp_s3_dwh' AIRFLOW_CTX_TASK_ID='upload_postgre_to_s3_dict_regions' AIRFLOW_CTX_EXECUTION_DATE='2025-01-01T00:00:00+00:00' AIRFLOW_CTX_TRY_NUMBER='1' AIRFLOW_CTX_DAG_RUN_ID='scheduled__2025-01-01T00:00:00+00:00'
[2026-02-26T12:04:56.395+0000] {taskinstance.py:430} INFO - ::endgroup::
[2026-02-26T12:04:56.434+0000] {base.py:84} INFO - Using connection ID 'postgres_oltp' for task execution.
[2026-02-26T12:04:56.463+0000] {logging_mixin.py:188} WARNING - /home/***/.local/lib/python3.12/site-packages/***/providers/common/sql/hooks/sql.py:269 UserWarning: pandas only supports SQLAlchemy connectable (engine/connection) or database string URI or sqlite3 DBAPI2 connection. Other DBAPI2 objects are not tested. Please consider using SQLAlchemy.
[2026-02-26T12:04:56.538+0000] {base.py:84} INFO - Using connection ID 'minio_conn_id' for task execution.
[2026-02-26T12:04:56.541+0000] {connection_wrapper.py:384} INFO - AWS Connection (conn_id='minio_conn_id', conn_type='aws') credentials retrieved from login and ***.
[2026-02-26T12:04:56.918+0000] {python.py:237} INFO - Done. Returned value was: None
[2026-02-26T12:04:56.920+0000] {taskinstance.py:441} INFO - ::group::Post task execution logs
[2026-02-26T12:04:56.931+0000] {taskinstance.py:1206} INFO - Marking task as SUCCESS. dag_id=oltp_s3_dwh, task_id=upload_postgre_to_s3_dict_regions, run_id=scheduled__2025-01-01T00:00:00+00:00, execution_date=20250101T000000, start_date=20260226T120456, end_date=20260226T120456
[2026-02-26T12:04:56.966+0000] {local_task_job_runner.py:243} INFO - Task exited with return code 0
[2026-02-26T12:04:56.993+0000] {taskinstance.py:3503} INFO - 0 downstream tasks scheduled from follow-on schedule check
[2026-02-26T12:04:56.998+0000] {local_task_job_runner.py:222} INFO - ::endgroup::
[2026-02-27T18:58:59.492+0000] {local_task_job_runner.py:120} INFO - ::group::Pre task execution logs
[2026-02-27T18:58:59.535+0000] {taskinstance.py:2076} INFO - Dependencies all met for dep_context=non-requeueable deps ti=<TaskInstance: oltp_s3_dwh.upload_postgre_to_s3_dict_regions scheduled__2025-01-01T00:00:00+00:00 [queued]>
[2026-02-27T18:58:59.555+0000] {taskinstance.py:2076} INFO - Dependencies all met for dep_context=requeueable deps ti=<TaskInstance: oltp_s3_dwh.upload_postgre_to_s3_dict_regions scheduled__2025-01-01T00:00:00+00:00 [queued]>
[2026-02-27T18:58:59.557+0000] {taskinstance.py:2306} INFO - Starting attempt 1 of 1
[2026-02-27T18:58:59.593+0000] {taskinstance.py:2330} INFO - Executing <Task(PythonOperator): upload_postgre_to_s3_dict_regions> on 2025-01-01 00:00:00+00:00
[2026-02-27T18:58:59.641+0000] {logging_mixin.py:188} WARNING - /home/***/.local/lib/python3.12/site-packages/***/task/task_runner/standard_task_runner.py:62 DeprecationWarning: This process (pid=31773) is multi-threaded, use of fork() may lead to deadlocks in the child.
[2026-02-27T18:58:59.653+0000] {standard_task_runner.py:64} INFO - Started process 31794 to run task
[2026-02-27T18:58:59.655+0000] {standard_task_runner.py:90} INFO - Running: ['***', 'tasks', 'run', 'oltp_s3_dwh', 'upload_postgre_to_s3_dict_regions', 'scheduled__2025-01-01T00:00:00+00:00', '--job-id', '1506', '--raw', '--subdir', 'DAGS_FOLDER/oltp_s3_dwh.py', '--cfg-path', '/tmp/tmpir_xzryd']
[2026-02-27T18:58:59.673+0000] {standard_task_runner.py:91} INFO - Job 1506: Subtask upload_postgre_to_s3_dict_regions
[2026-02-27T18:58:59.976+0000] {task_command.py:426} INFO - Running <TaskInstance: oltp_s3_dwh.upload_postgre_to_s3_dict_regions scheduled__2025-01-01T00:00:00+00:00 [running]> on host 31b45edbecf3
[2026-02-27T18:59:00.192+0000] {taskinstance.py:2648} INFO - Exporting env vars: AIRFLOW_CTX_DAG_OWNER='***' AIRFLOW_CTX_DAG_ID='oltp_s3_dwh' AIRFLOW_CTX_TASK_ID='upload_postgre_to_s3_dict_regions' AIRFLOW_CTX_EXECUTION_DATE='2025-01-01T00:00:00+00:00' AIRFLOW_CTX_TRY_NUMBER='1' AIRFLOW_CTX_DAG_RUN_ID='scheduled__2025-01-01T00:00:00+00:00'
[2026-02-27T18:59:00.201+0000] {taskinstance.py:430} INFO - ::endgroup::
[2026-02-27T18:59:00.278+0000] {base.py:84} INFO - Using connection ID 'postgres_oltp' for task execution.
[2026-02-27T18:59:00.344+0000] {logging_mixin.py:188} WARNING - /home/***/.local/lib/python3.12/site-packages/***/providers/common/sql/hooks/sql.py:269 UserWarning: pandas only supports SQLAlchemy connectable (engine/connection) or database string URI or sqlite3 DBAPI2 connection. Other DBAPI2 objects are not tested. Please consider using SQLAlchemy.
[2026-02-27T18:59:00.772+0000] {base.py:84} INFO - Using connection ID 'minio_conn_id' for task execution.
[2026-02-27T18:59:00.775+0000] {connection_wrapper.py:384} INFO - AWS Connection (conn_id='minio_conn_id', conn_type='aws') credentials retrieved from login and ***.
[2026-02-27T18:59:02.405+0000] {python.py:237} INFO - Done. Returned value was: None
[2026-02-27T18:59:02.407+0000] {taskinstance.py:441} INFO - ::group::Post task execution logs
[2026-02-27T18:59:02.421+0000] {taskinstance.py:1206} INFO - Marking task as SUCCESS. dag_id=oltp_s3_dwh, task_id=upload_postgre_to_s3_dict_regions, run_id=scheduled__2025-01-01T00:00:00+00:00, execution_date=20250101T000000, start_date=20260227T185859, end_date=20260227T185902
[2026-02-27T18:59:02.541+0000] {local_task_job_runner.py:243} INFO - Task exited with return code 0
[2026-02-27T18:59:02.568+0000] {local_task_job_runner.py:222} INFO - ::endgroup::
