[2026-02-28T11:47:24.651+0000] {local_task_job_runner.py:120} INFO - ::group::Pre task execution logs
[2026-02-28T11:47:24.697+0000] {taskinstance.py:2076} INFO - Dependencies all met for dep_context=non-requeueable deps ti=<TaskInstance: oltp_s3_dwh.upload_postgre_to_s3_dict_regions scheduled__2025-01-01T00:00:00+00:00 [queued]>
[2026-02-28T11:47:24.712+0000] {taskinstance.py:2076} INFO - Dependencies all met for dep_context=requeueable deps ti=<TaskInstance: oltp_s3_dwh.upload_postgre_to_s3_dict_regions scheduled__2025-01-01T00:00:00+00:00 [queued]>
[2026-02-28T11:47:24.715+0000] {taskinstance.py:2306} INFO - Starting attempt 5 of 5
[2026-02-28T11:47:24.787+0000] {taskinstance.py:2330} INFO - Executing <Task(PythonOperator): upload_postgre_to_s3_dict_regions> on 2025-01-01 00:00:00+00:00
[2026-02-28T11:47:24.824+0000] {standard_task_runner.py:90} INFO - Running: ['***', 'tasks', 'run', 'oltp_s3_dwh', 'upload_postgre_to_s3_dict_regions', 'scheduled__2025-01-01T00:00:00+00:00', '--job-id', '2077', '--raw', '--subdir', 'DAGS_FOLDER/oltp_s3_dwh.py', '--cfg-path', '/tmp/tmp_ozv84as']
[2026-02-28T11:47:24.827+0000] {logging_mixin.py:188} WARNING - /home/***/.local/lib/python3.12/site-packages/***/task/task_runner/standard_task_runner.py:62 DeprecationWarning: This process (pid=9420) is multi-threaded, use of fork() may lead to deadlocks in the child.
[2026-02-28T11:47:24.858+0000] {standard_task_runner.py:64} INFO - Started process 9440 to run task
[2026-02-28T11:47:24.857+0000] {standard_task_runner.py:91} INFO - Job 2077: Subtask upload_postgre_to_s3_dict_regions
[2026-02-28T11:47:25.109+0000] {task_command.py:426} INFO - Running <TaskInstance: oltp_s3_dwh.upload_postgre_to_s3_dict_regions scheduled__2025-01-01T00:00:00+00:00 [running]> on host 31b45edbecf3
[2026-02-28T11:47:25.516+0000] {taskinstance.py:2648} INFO - Exporting env vars: AIRFLOW_CTX_DAG_OWNER='***' AIRFLOW_CTX_DAG_ID='oltp_s3_dwh' AIRFLOW_CTX_TASK_ID='upload_postgre_to_s3_dict_regions' AIRFLOW_CTX_EXECUTION_DATE='2025-01-01T00:00:00+00:00' AIRFLOW_CTX_TRY_NUMBER='5' AIRFLOW_CTX_DAG_RUN_ID='scheduled__2025-01-01T00:00:00+00:00'
[2026-02-28T11:47:25.519+0000] {taskinstance.py:430} INFO - ::endgroup::
[2026-02-28T11:47:25.587+0000] {base.py:84} INFO - Using connection ID 'postgres_oltp' for task execution.
[2026-02-28T11:47:25.591+0000] {logging_mixin.py:188} INFO - DEBUG: Host: postgres_oltp
[2026-02-28T11:47:25.592+0000] {logging_mixin.py:188} INFO - DEBUG: DB Name: oltp_db
[2026-02-28T11:47:25.593+0000] {logging_mixin.py:188} INFO - DEBUG: Генерируемый SQL-запрос: select * from dict_regions
[2026-02-28T11:47:25.605+0000] {base.py:84} INFO - Using connection ID 'postgres_oltp' for task execution.
[2026-02-28T11:47:25.635+0000] {logging_mixin.py:188} WARNING - /home/***/.local/lib/python3.12/site-packages/***/providers/common/sql/hooks/sql.py:269 UserWarning: pandas only supports SQLAlchemy connectable (engine/connection) or database string URI or sqlite3 DBAPI2 connection. Other DBAPI2 objects are not tested. Please consider using SQLAlchemy.
[2026-02-28T11:47:25.735+0000] {base.py:84} INFO - Using connection ID 'minio_conn_id' for task execution.
[2026-02-28T11:47:25.741+0000] {connection_wrapper.py:384} INFO - AWS Connection (conn_id='minio_conn_id', conn_type='aws') credentials retrieved from login and ***.
[2026-02-28T11:47:26.387+0000] {logging_mixin.py:188} INFO - За 2025-01-01 в S3 загружено - 3 строк
[2026-02-28T11:47:26.389+0000] {python.py:237} INFO - Done. Returned value was: None
[2026-02-28T11:47:26.390+0000] {taskinstance.py:441} INFO - ::group::Post task execution logs
[2026-02-28T11:47:26.403+0000] {taskinstance.py:1206} INFO - Marking task as SUCCESS. dag_id=oltp_s3_dwh, task_id=upload_postgre_to_s3_dict_regions, run_id=scheduled__2025-01-01T00:00:00+00:00, execution_date=20250101T000000, start_date=20260228T114724, end_date=20260228T114726
[2026-02-28T11:47:26.453+0000] {local_task_job_runner.py:243} INFO - Task exited with return code 0
[2026-02-28T11:47:26.531+0000] {taskinstance.py:3503} INFO - 1 downstream tasks scheduled from follow-on schedule check
[2026-02-28T11:47:26.546+0000] {local_task_job_runner.py:222} INFO - ::endgroup::
