[2026-02-26T12:07:03.467+0000] {local_task_job_runner.py:120} INFO - ::group::Pre task execution logs
[2026-02-26T12:07:03.493+0000] {taskinstance.py:2076} INFO - Dependencies all met for dep_context=non-requeueable deps ti=<TaskInstance: oltp_s3_dwh.upload_postgre_to_s3_accounts scheduled__2025-06-01T00:00:00+00:00 [queued]>
[2026-02-26T12:07:03.515+0000] {taskinstance.py:2076} INFO - Dependencies all met for dep_context=requeueable deps ti=<TaskInstance: oltp_s3_dwh.upload_postgre_to_s3_accounts scheduled__2025-06-01T00:00:00+00:00 [queued]>
[2026-02-26T12:07:03.516+0000] {taskinstance.py:2306} INFO - Starting attempt 1 of 1
[2026-02-26T12:07:03.556+0000] {taskinstance.py:2330} INFO - Executing <Task(PythonOperator): upload_postgre_to_s3_accounts> on 2025-06-01 00:00:00+00:00
[2026-02-26T12:07:03.583+0000] {logging_mixin.py:188} WARNING - /home/***/.local/lib/python3.12/site-packages/***/task/task_runner/standard_task_runner.py:62 DeprecationWarning: This process (pid=4557) is multi-threaded, use of fork() may lead to deadlocks in the child.
[2026-02-26T12:07:03.591+0000] {standard_task_runner.py:64} INFO - Started process 4587 to run task
[2026-02-26T12:07:03.603+0000] {standard_task_runner.py:90} INFO - Running: ['***', 'tasks', 'run', 'oltp_s3_dwh', 'upload_postgre_to_s3_accounts', 'scheduled__2025-06-01T00:00:00+00:00', '--job-id', '1034', '--raw', '--subdir', 'DAGS_FOLDER/oltp_s3_dwh_dict.py', '--cfg-path', '/tmp/tmpps_pja6y']
[2026-02-26T12:07:03.613+0000] {standard_task_runner.py:91} INFO - Job 1034: Subtask upload_postgre_to_s3_accounts
[2026-02-26T12:07:03.767+0000] {task_command.py:426} INFO - Running <TaskInstance: oltp_s3_dwh.upload_postgre_to_s3_accounts scheduled__2025-06-01T00:00:00+00:00 [running]> on host 31b45edbecf3
[2026-02-26T12:07:04.034+0000] {taskinstance.py:2648} INFO - Exporting env vars: AIRFLOW_CTX_DAG_OWNER='***' AIRFLOW_CTX_DAG_ID='oltp_s3_dwh' AIRFLOW_CTX_TASK_ID='upload_postgre_to_s3_accounts' AIRFLOW_CTX_EXECUTION_DATE='2025-06-01T00:00:00+00:00' AIRFLOW_CTX_TRY_NUMBER='1' AIRFLOW_CTX_DAG_RUN_ID='scheduled__2025-06-01T00:00:00+00:00'
[2026-02-26T12:07:04.039+0000] {taskinstance.py:430} INFO - ::endgroup::
[2026-02-26T12:07:04.071+0000] {base.py:84} INFO - Using connection ID 'postgres_oltp' for task execution.
[2026-02-26T12:07:04.090+0000] {logging_mixin.py:188} WARNING - /home/***/.local/lib/python3.12/site-packages/***/providers/common/sql/hooks/sql.py:269 UserWarning: pandas only supports SQLAlchemy connectable (engine/connection) or database string URI or sqlite3 DBAPI2 connection. Other DBAPI2 objects are not tested. Please consider using SQLAlchemy.
[2026-02-26T12:07:04.104+0000] {logging_mixin.py:188} INFO - В таблице accounts нет данных
[2026-02-26T12:07:04.105+0000] {python.py:237} INFO - Done. Returned value was: None
[2026-02-26T12:07:04.107+0000] {taskinstance.py:441} INFO - ::group::Post task execution logs
[2026-02-26T12:07:04.121+0000] {taskinstance.py:1206} INFO - Marking task as SUCCESS. dag_id=oltp_s3_dwh, task_id=upload_postgre_to_s3_accounts, run_id=scheduled__2025-06-01T00:00:00+00:00, execution_date=20250601T000000, start_date=20260226T120703, end_date=20260226T120704
[2026-02-26T12:07:04.145+0000] {local_task_job_runner.py:243} INFO - Task exited with return code 0
[2026-02-26T12:07:04.217+0000] {taskinstance.py:3503} INFO - 0 downstream tasks scheduled from follow-on schedule check
[2026-02-26T12:07:04.220+0000] {local_task_job_runner.py:222} INFO - ::endgroup::
[2026-02-27T19:00:43.388+0000] {local_task_job_runner.py:120} INFO - ::group::Pre task execution logs
[2026-02-27T19:00:43.477+0000] {taskinstance.py:2076} INFO - Dependencies all met for dep_context=non-requeueable deps ti=<TaskInstance: oltp_s3_dwh.upload_postgre_to_s3_accounts scheduled__2025-06-01T00:00:00+00:00 [queued]>
[2026-02-27T19:00:43.518+0000] {taskinstance.py:2076} INFO - Dependencies all met for dep_context=requeueable deps ti=<TaskInstance: oltp_s3_dwh.upload_postgre_to_s3_accounts scheduled__2025-06-01T00:00:00+00:00 [queued]>
[2026-02-27T19:00:43.520+0000] {taskinstance.py:2306} INFO - Starting attempt 1 of 1
[2026-02-27T19:00:43.558+0000] {taskinstance.py:2330} INFO - Executing <Task(PythonOperator): upload_postgre_to_s3_accounts> on 2025-06-01 00:00:00+00:00
[2026-02-27T19:00:43.572+0000] {logging_mixin.py:188} WARNING - /home/***/.local/lib/python3.12/site-packages/***/task/task_runner/standard_task_runner.py:62 DeprecationWarning: This process (pid=32402) is multi-threaded, use of fork() may lead to deadlocks in the child.
[2026-02-27T19:00:43.576+0000] {standard_task_runner.py:64} INFO - Started process 32418 to run task
[2026-02-27T19:00:43.582+0000] {standard_task_runner.py:90} INFO - Running: ['***', 'tasks', 'run', 'oltp_s3_dwh', 'upload_postgre_to_s3_accounts', 'scheduled__2025-06-01T00:00:00+00:00', '--job-id', '1612', '--raw', '--subdir', 'DAGS_FOLDER/oltp_s3_dwh.py', '--cfg-path', '/tmp/tmpceubaq0_']
[2026-02-27T19:00:43.612+0000] {standard_task_runner.py:91} INFO - Job 1612: Subtask upload_postgre_to_s3_accounts
[2026-02-27T19:00:43.782+0000] {task_command.py:426} INFO - Running <TaskInstance: oltp_s3_dwh.upload_postgre_to_s3_accounts scheduled__2025-06-01T00:00:00+00:00 [running]> on host 31b45edbecf3
[2026-02-27T19:00:44.069+0000] {taskinstance.py:2648} INFO - Exporting env vars: AIRFLOW_CTX_DAG_OWNER='***' AIRFLOW_CTX_DAG_ID='oltp_s3_dwh' AIRFLOW_CTX_TASK_ID='upload_postgre_to_s3_accounts' AIRFLOW_CTX_EXECUTION_DATE='2025-06-01T00:00:00+00:00' AIRFLOW_CTX_TRY_NUMBER='1' AIRFLOW_CTX_DAG_RUN_ID='scheduled__2025-06-01T00:00:00+00:00'
[2026-02-27T19:00:44.074+0000] {taskinstance.py:430} INFO - ::endgroup::
[2026-02-27T19:00:44.198+0000] {base.py:84} INFO - Using connection ID 'postgres_oltp' for task execution.
[2026-02-27T19:00:44.225+0000] {logging_mixin.py:188} WARNING - /home/***/.local/lib/python3.12/site-packages/***/providers/common/sql/hooks/sql.py:269 UserWarning: pandas only supports SQLAlchemy connectable (engine/connection) or database string URI or sqlite3 DBAPI2 connection. Other DBAPI2 objects are not tested. Please consider using SQLAlchemy.
[2026-02-27T19:00:44.259+0000] {logging_mixin.py:188} INFO - В таблице accounts нет данных
[2026-02-27T19:00:44.267+0000] {python.py:237} INFO - Done. Returned value was: None
[2026-02-27T19:00:44.294+0000] {taskinstance.py:441} INFO - ::group::Post task execution logs
[2026-02-27T19:00:44.335+0000] {taskinstance.py:1206} INFO - Marking task as SUCCESS. dag_id=oltp_s3_dwh, task_id=upload_postgre_to_s3_accounts, run_id=scheduled__2025-06-01T00:00:00+00:00, execution_date=20250601T000000, start_date=20260227T190043, end_date=20260227T190044
[2026-02-27T19:00:44.416+0000] {local_task_job_runner.py:243} INFO - Task exited with return code 0
[2026-02-27T19:00:44.495+0000] {taskinstance.py:3503} INFO - 1 downstream tasks scheduled from follow-on schedule check
[2026-02-27T19:00:44.508+0000] {local_task_job_runner.py:222} INFO - ::endgroup::
