[2026-02-27T18:59:20.400+0000] {local_task_job_runner.py:120} INFO - ::group::Pre task execution logs
[2026-02-27T18:59:20.436+0000] {taskinstance.py:2076} INFO - Dependencies all met for dep_context=non-requeueable deps ti=<TaskInstance: oltp_s3_dwh.upload_s3_to_dwh_cards manual__2026-02-27T18:58:56.944196+00:00 [queued]>
[2026-02-27T18:59:20.463+0000] {taskinstance.py:2076} INFO - Dependencies all met for dep_context=requeueable deps ti=<TaskInstance: oltp_s3_dwh.upload_s3_to_dwh_cards manual__2026-02-27T18:58:56.944196+00:00 [queued]>
[2026-02-27T18:59:20.467+0000] {taskinstance.py:2306} INFO - Starting attempt 1 of 1
[2026-02-27T18:59:20.513+0000] {taskinstance.py:2330} INFO - Executing <Task(PythonOperator): upload_s3_to_dwh_cards> on 2026-02-27 18:58:56.944196+00:00
[2026-02-27T18:59:20.534+0000] {logging_mixin.py:188} WARNING - /home/***/.local/lib/python3.12/site-packages/***/task/task_runner/standard_task_runner.py:62 DeprecationWarning: This process (pid=31920) is multi-threaded, use of fork() may lead to deadlocks in the child.
[2026-02-27T18:59:20.550+0000] {standard_task_runner.py:64} INFO - Started process 31940 to run task
[2026-02-27T18:59:20.570+0000] {standard_task_runner.py:90} INFO - Running: ['***', 'tasks', 'run', 'oltp_s3_dwh', 'upload_s3_to_dwh_cards', 'manual__2026-02-27T18:58:56.944196+00:00', '--job-id', '1530', '--raw', '--subdir', 'DAGS_FOLDER/oltp_s3_dwh.py', '--cfg-path', '/tmp/tmpr29z1ye2']
[2026-02-27T18:59:20.583+0000] {standard_task_runner.py:91} INFO - Job 1530: Subtask upload_s3_to_dwh_cards
[2026-02-27T18:59:20.734+0000] {task_command.py:426} INFO - Running <TaskInstance: oltp_s3_dwh.upload_s3_to_dwh_cards manual__2026-02-27T18:58:56.944196+00:00 [running]> on host 31b45edbecf3
[2026-02-27T18:59:21.014+0000] {taskinstance.py:2648} INFO - Exporting env vars: AIRFLOW_CTX_DAG_OWNER='***' AIRFLOW_CTX_DAG_ID='oltp_s3_dwh' AIRFLOW_CTX_TASK_ID='upload_s3_to_dwh_cards' AIRFLOW_CTX_EXECUTION_DATE='2026-02-27T18:58:56.944196+00:00' AIRFLOW_CTX_TRY_NUMBER='1' AIRFLOW_CTX_DAG_RUN_ID='manual__2026-02-27T18:58:56.944196+00:00'
[2026-02-27T18:59:21.018+0000] {taskinstance.py:430} INFO - ::endgroup::
[2026-02-27T18:59:21.113+0000] {base.py:84} INFO - Using connection ID 'postgres_dwh' for task execution.
[2026-02-27T18:59:21.140+0000] {sql.py:495} INFO - Running statement: SELECT table_schema, table_name FROM information_schema.tables WHERE table_schema = 'staging';, parameters: None
[2026-02-27T18:59:21.143+0000] {sql.py:504} INFO - Rows affected: 9
[2026-02-27T18:59:21.145+0000] {logging_mixin.py:188} INFO - DEBUG: Доступные таблицы в схеме staging: [('staging', 'exchange_rates'), ('staging', 'dict_mcc'), ('staging', 'dict_merchants'), ('staging', 'dict_regions'), ('staging', 'dict_tariffs'), ('staging', 'transactions'), ('staging', 'cards'), ('staging', 'accounts'), ('staging', 'users')]
[2026-02-27T18:59:21.166+0000] {base.py:84} INFO - Using connection ID 'minio_conn_id' for task execution.
[2026-02-27T18:59:21.167+0000] {connection_wrapper.py:384} INFO - AWS Connection (conn_id='minio_conn_id', conn_type='aws') credentials retrieved from login and ***.
[2026-02-27T18:59:22.075+0000] {base.py:84} INFO - Using connection ID 'postgres_dwh' for task execution.
[2026-02-27T18:59:22.088+0000] {logging_mixin.py:188} INFO - Successfully loaded cards using copy_expert
[2026-02-27T18:59:22.091+0000] {python.py:237} INFO - Done. Returned value was: None
[2026-02-27T18:59:22.093+0000] {taskinstance.py:441} INFO - ::group::Post task execution logs
[2026-02-27T18:59:22.105+0000] {taskinstance.py:1206} INFO - Marking task as SUCCESS. dag_id=oltp_s3_dwh, task_id=upload_s3_to_dwh_cards, run_id=manual__2026-02-27T18:58:56.944196+00:00, execution_date=20260227T185856, start_date=20260227T185920, end_date=20260227T185922
[2026-02-27T18:59:22.178+0000] {local_task_job_runner.py:243} INFO - Task exited with return code 0
[2026-02-27T18:59:22.193+0000] {local_task_job_runner.py:222} INFO - ::endgroup::
