[2026-02-27T10:31:59.531+0000] {local_task_job_runner.py:120} INFO - ::group::Pre task execution logs
[2026-02-27T10:31:59.575+0000] {taskinstance.py:2076} INFO - Dependencies all met for dep_context=non-requeueable deps ti=<TaskInstance: staging_to_core.wait_for_dict_regions scheduled__2025-09-01T00:00:00+00:00 [queued]>
[2026-02-27T10:31:59.586+0000] {taskinstance.py:2076} INFO - Dependencies all met for dep_context=requeueable deps ti=<TaskInstance: staging_to_core.wait_for_dict_regions scheduled__2025-09-01T00:00:00+00:00 [queued]>
[2026-02-27T10:31:59.588+0000] {taskinstance.py:2306} INFO - Starting attempt 1 of 1
[2026-02-27T10:31:59.606+0000] {taskinstance.py:2330} INFO - Executing <Task(ExternalTaskSensor): wait_for_dict_regions> on 2025-09-01 00:00:00+00:00
[2026-02-27T10:31:59.614+0000] {logging_mixin.py:188} WARNING - /home/***/.local/lib/python3.12/site-packages/***/task/task_runner/standard_task_runner.py:62 DeprecationWarning: This process (pid=9442) is multi-threaded, use of fork() may lead to deadlocks in the child.
[2026-02-27T10:31:59.614+0000] {standard_task_runner.py:90} INFO - Running: ['***', 'tasks', 'run', 'staging_to_core', 'wait_for_dict_regions', 'scheduled__2025-09-01T00:00:00+00:00', '--job-id', '1421', '--raw', '--subdir', 'DAGS_FOLDER/staging_to_core.py', '--cfg-path', '/tmp/tmpt94ux1dt']
[2026-02-27T10:31:59.616+0000] {standard_task_runner.py:64} INFO - Started process 9443 to run task
[2026-02-27T10:31:59.617+0000] {standard_task_runner.py:91} INFO - Job 1421: Subtask wait_for_dict_regions
[2026-02-27T10:31:59.685+0000] {task_command.py:426} INFO - Running <TaskInstance: staging_to_core.wait_for_dict_regions scheduled__2025-09-01T00:00:00+00:00 [running]> on host 31b45edbecf3
[2026-02-27T10:31:59.809+0000] {taskinstance.py:2648} INFO - Exporting env vars: AIRFLOW_CTX_DAG_OWNER='***' AIRFLOW_CTX_DAG_ID='staging_to_core' AIRFLOW_CTX_TASK_ID='wait_for_dict_regions' AIRFLOW_CTX_EXECUTION_DATE='2025-09-01T00:00:00+00:00' AIRFLOW_CTX_TRY_NUMBER='1' AIRFLOW_CTX_DAG_RUN_ID='scheduled__2025-09-01T00:00:00+00:00'
[2026-02-27T10:31:59.811+0000] {taskinstance.py:430} INFO - ::endgroup::
[2026-02-27T10:31:59.830+0000] {baseoperator.py:400} WARNING - ExternalTaskSensor.execute cannot be called outside TaskInstance!
[2026-02-27T10:31:59.842+0000] {external_task.py:258} INFO - Poking for tasks ['upload_s3_to_dwh_dict_regions'] in dag oltp_s3_dwh on 2025-09-01T00:00:00+00:00 ... 
[2026-02-27T10:31:59.845+0000] {logging_mixin.py:188} WARNING - /home/***/.local/lib/python3.12/site-packages/***/utils/session.py:79 DeprecationWarning: This method is deprecated and will be removed in future.
[2026-02-27T10:31:59.859+0000] {base.py:294} INFO - Success criteria met. Exiting.
[2026-02-27T10:31:59.860+0000] {taskinstance.py:441} INFO - ::group::Post task execution logs
[2026-02-27T10:31:59.876+0000] {taskinstance.py:1206} INFO - Marking task as SUCCESS. dag_id=staging_to_core, task_id=wait_for_dict_regions, run_id=scheduled__2025-09-01T00:00:00+00:00, execution_date=20250901T000000, start_date=20260227T103159, end_date=20260227T103159
[2026-02-27T10:31:59.915+0000] {local_task_job_runner.py:243} INFO - Task exited with return code 0
[2026-02-27T10:31:59.930+0000] {logging_mixin.py:188} WARNING - /home/***/.local/lib/python3.12/site-packages/***/models/baseoperator.py:1297 AirflowProviderDeprecationWarning: Call to deprecated class PostgresOperator. (Please use `***.providers.common.sql.operators.sql.SQLExecuteQueryOperator`.Also, you can provide `hook_params={'schema': <database>}`.)
[2026-02-27T10:31:59.982+0000] {taskinstance.py:3503} INFO - 1 downstream tasks scheduled from follow-on schedule check
[2026-02-27T10:31:59.987+0000] {local_task_job_runner.py:222} INFO - ::endgroup::
[2026-02-27T19:03:47.431+0000] {local_task_job_runner.py:120} INFO - ::group::Pre task execution logs
[2026-02-27T19:03:47.467+0000] {taskinstance.py:2076} INFO - Dependencies all met for dep_context=non-requeueable deps ti=<TaskInstance: staging_to_core.wait_for_dict_regions scheduled__2025-09-01T00:00:00+00:00 [queued]>
[2026-02-27T19:03:47.477+0000] {taskinstance.py:2076} INFO - Dependencies all met for dep_context=requeueable deps ti=<TaskInstance: staging_to_core.wait_for_dict_regions scheduled__2025-09-01T00:00:00+00:00 [queued]>
[2026-02-27T19:03:47.478+0000] {taskinstance.py:2306} INFO - Starting attempt 1 of 1
[2026-02-27T19:03:47.493+0000] {taskinstance.py:2330} INFO - Executing <Task(ExternalTaskSensor): wait_for_dict_regions> on 2025-09-01 00:00:00+00:00
[2026-02-27T19:03:47.502+0000] {logging_mixin.py:188} WARNING - /home/***/.local/lib/python3.12/site-packages/***/task/task_runner/standard_task_runner.py:62 DeprecationWarning: This process (pid=33495) is multi-threaded, use of fork() may lead to deadlocks in the child.
[2026-02-27T19:03:47.502+0000] {standard_task_runner.py:90} INFO - Running: ['***', 'tasks', 'run', 'staging_to_core', 'wait_for_dict_regions', 'scheduled__2025-09-01T00:00:00+00:00', '--job-id', '1853', '--raw', '--subdir', 'DAGS_FOLDER/staging_to_core.py', '--cfg-path', '/tmp/tmp93_9os4g']
[2026-02-27T19:03:47.504+0000] {standard_task_runner.py:64} INFO - Started process 33496 to run task
[2026-02-27T19:03:47.504+0000] {standard_task_runner.py:91} INFO - Job 1853: Subtask wait_for_dict_regions
[2026-02-27T19:03:47.562+0000] {task_command.py:426} INFO - Running <TaskInstance: staging_to_core.wait_for_dict_regions scheduled__2025-09-01T00:00:00+00:00 [running]> on host 31b45edbecf3
[2026-02-27T19:03:47.674+0000] {taskinstance.py:2648} INFO - Exporting env vars: AIRFLOW_CTX_DAG_OWNER='***' AIRFLOW_CTX_DAG_ID='staging_to_core' AIRFLOW_CTX_TASK_ID='wait_for_dict_regions' AIRFLOW_CTX_EXECUTION_DATE='2025-09-01T00:00:00+00:00' AIRFLOW_CTX_TRY_NUMBER='1' AIRFLOW_CTX_DAG_RUN_ID='scheduled__2025-09-01T00:00:00+00:00'
[2026-02-27T19:03:47.676+0000] {taskinstance.py:430} INFO - ::endgroup::
[2026-02-27T19:03:47.694+0000] {baseoperator.py:400} WARNING - ExternalTaskSensor.execute cannot be called outside TaskInstance!
[2026-02-27T19:03:47.705+0000] {external_task.py:258} INFO - Poking for tasks ['upload_s3_to_dwh_dict_regions'] in dag oltp_s3_dwh on 2025-09-01T00:00:00+00:00 ... 
[2026-02-27T19:03:47.708+0000] {logging_mixin.py:188} WARNING - /home/***/.local/lib/python3.12/site-packages/***/utils/session.py:79 DeprecationWarning: This method is deprecated and will be removed in future.
[2026-02-27T19:03:47.721+0000] {base.py:294} INFO - Success criteria met. Exiting.
[2026-02-27T19:03:47.722+0000] {taskinstance.py:441} INFO - ::group::Post task execution logs
[2026-02-27T19:03:47.734+0000] {taskinstance.py:1206} INFO - Marking task as SUCCESS. dag_id=staging_to_core, task_id=wait_for_dict_regions, run_id=scheduled__2025-09-01T00:00:00+00:00, execution_date=20250901T000000, start_date=20260227T190347, end_date=20260227T190347
[2026-02-27T19:03:47.763+0000] {local_task_job_runner.py:243} INFO - Task exited with return code 0
[2026-02-27T19:03:47.779+0000] {logging_mixin.py:188} WARNING - /home/***/.local/lib/python3.12/site-packages/***/models/baseoperator.py:1297 AirflowProviderDeprecationWarning: Call to deprecated class PostgresOperator. (Please use `***.providers.common.sql.operators.sql.SQLExecuteQueryOperator`.Also, you can provide `hook_params={'schema': <database>}`.)
[2026-02-27T19:03:47.831+0000] {taskinstance.py:3503} INFO - 1 downstream tasks scheduled from follow-on schedule check
[2026-02-27T19:03:47.835+0000] {local_task_job_runner.py:222} INFO - ::endgroup::
