[2026-02-26T12:07:21.251+0000] {local_task_job_runner.py:120} INFO - ::group::Pre task execution logs
[2026-02-26T12:07:21.371+0000] {taskinstance.py:2076} INFO - Dependencies all met for dep_context=non-requeueable deps ti=<TaskInstance: oltp_s3_dwh.upload_postgre_to_s3_users scheduled__2025-11-01T00:00:00+00:00 [queued]>
[2026-02-26T12:07:21.427+0000] {taskinstance.py:2076} INFO - Dependencies all met for dep_context=requeueable deps ti=<TaskInstance: oltp_s3_dwh.upload_postgre_to_s3_users scheduled__2025-11-01T00:00:00+00:00 [queued]>
[2026-02-26T12:07:21.440+0000] {taskinstance.py:2306} INFO - Starting attempt 1 of 1
[2026-02-26T12:07:21.551+0000] {taskinstance.py:2330} INFO - Executing <Task(PythonOperator): upload_postgre_to_s3_users> on 2025-11-01 00:00:00+00:00
[2026-02-26T12:07:21.588+0000] {logging_mixin.py:188} WARNING - /home/***/.local/lib/python3.12/site-packages/***/task/task_runner/standard_task_runner.py:62 DeprecationWarning: This process (pid=4756) is multi-threaded, use of fork() may lead to deadlocks in the child.
[2026-02-26T12:07:21.604+0000] {standard_task_runner.py:64} INFO - Started process 4791 to run task
[2026-02-26T12:07:21.604+0000] {standard_task_runner.py:90} INFO - Running: ['***', 'tasks', 'run', 'oltp_s3_dwh', 'upload_postgre_to_s3_users', 'scheduled__2025-11-01T00:00:00+00:00', '--job-id', '1068', '--raw', '--subdir', 'DAGS_FOLDER/oltp_s3_dwh_dict.py', '--cfg-path', '/tmp/tmpqeu40vb_']
[2026-02-26T12:07:21.660+0000] {standard_task_runner.py:91} INFO - Job 1068: Subtask upload_postgre_to_s3_users
[2026-02-26T12:07:22.048+0000] {task_command.py:426} INFO - Running <TaskInstance: oltp_s3_dwh.upload_postgre_to_s3_users scheduled__2025-11-01T00:00:00+00:00 [running]> on host 31b45edbecf3
[2026-02-26T12:07:22.626+0000] {taskinstance.py:2648} INFO - Exporting env vars: AIRFLOW_CTX_DAG_OWNER='***' AIRFLOW_CTX_DAG_ID='oltp_s3_dwh' AIRFLOW_CTX_TASK_ID='upload_postgre_to_s3_users' AIRFLOW_CTX_EXECUTION_DATE='2025-11-01T00:00:00+00:00' AIRFLOW_CTX_TRY_NUMBER='1' AIRFLOW_CTX_DAG_RUN_ID='scheduled__2025-11-01T00:00:00+00:00'
[2026-02-26T12:07:22.633+0000] {taskinstance.py:430} INFO - ::endgroup::
[2026-02-26T12:07:22.771+0000] {base.py:84} INFO - Using connection ID 'postgres_oltp' for task execution.
[2026-02-26T12:07:22.857+0000] {logging_mixin.py:188} WARNING - /home/***/.local/lib/python3.12/site-packages/***/providers/common/sql/hooks/sql.py:269 UserWarning: pandas only supports SQLAlchemy connectable (engine/connection) or database string URI or sqlite3 DBAPI2 connection. Other DBAPI2 objects are not tested. Please consider using SQLAlchemy.
[2026-02-26T12:07:22.934+0000] {logging_mixin.py:188} INFO - В таблице users нет данных
[2026-02-26T12:07:22.942+0000] {python.py:237} INFO - Done. Returned value was: None
[2026-02-26T12:07:22.948+0000] {taskinstance.py:441} INFO - ::group::Post task execution logs
[2026-02-26T12:07:22.984+0000] {taskinstance.py:1206} INFO - Marking task as SUCCESS. dag_id=oltp_s3_dwh, task_id=upload_postgre_to_s3_users, run_id=scheduled__2025-11-01T00:00:00+00:00, execution_date=20251101T000000, start_date=20260226T120721, end_date=20260226T120722
[2026-02-26T12:07:23.154+0000] {local_task_job_runner.py:243} INFO - Task exited with return code 0
[2026-02-26T12:07:23.230+0000] {taskinstance.py:3503} INFO - 0 downstream tasks scheduled from follow-on schedule check
[2026-02-26T12:07:23.249+0000] {local_task_job_runner.py:222} INFO - ::endgroup::
[2026-02-27T19:01:41.427+0000] {local_task_job_runner.py:120} INFO - ::group::Pre task execution logs
[2026-02-27T19:01:41.479+0000] {taskinstance.py:2076} INFO - Dependencies all met for dep_context=non-requeueable deps ti=<TaskInstance: oltp_s3_dwh.upload_postgre_to_s3_users scheduled__2025-11-01T00:00:00+00:00 [queued]>
[2026-02-27T19:01:41.505+0000] {taskinstance.py:2076} INFO - Dependencies all met for dep_context=requeueable deps ti=<TaskInstance: oltp_s3_dwh.upload_postgre_to_s3_users scheduled__2025-11-01T00:00:00+00:00 [queued]>
[2026-02-27T19:01:41.509+0000] {taskinstance.py:2306} INFO - Starting attempt 1 of 1
[2026-02-27T19:01:41.584+0000] {taskinstance.py:2330} INFO - Executing <Task(PythonOperator): upload_postgre_to_s3_users> on 2025-11-01 00:00:00+00:00
[2026-02-27T19:01:41.655+0000] {logging_mixin.py:188} WARNING - /home/***/.local/lib/python3.12/site-packages/***/task/task_runner/standard_task_runner.py:62 DeprecationWarning: This process (pid=32935) is multi-threaded, use of fork() may lead to deadlocks in the child.
[2026-02-27T19:01:41.660+0000] {standard_task_runner.py:64} INFO - Started process 32953 to run task
[2026-02-27T19:01:41.651+0000] {standard_task_runner.py:90} INFO - Running: ['***', 'tasks', 'run', 'oltp_s3_dwh', 'upload_postgre_to_s3_users', 'scheduled__2025-11-01T00:00:00+00:00', '--job-id', '1720', '--raw', '--subdir', 'DAGS_FOLDER/oltp_s3_dwh.py', '--cfg-path', '/tmp/tmpvx_77ic0']
[2026-02-27T19:01:41.665+0000] {standard_task_runner.py:91} INFO - Job 1720: Subtask upload_postgre_to_s3_users
[2026-02-27T19:01:41.822+0000] {task_command.py:426} INFO - Running <TaskInstance: oltp_s3_dwh.upload_postgre_to_s3_users scheduled__2025-11-01T00:00:00+00:00 [running]> on host 31b45edbecf3
[2026-02-27T19:01:42.227+0000] {taskinstance.py:2648} INFO - Exporting env vars: AIRFLOW_CTX_DAG_OWNER='***' AIRFLOW_CTX_DAG_ID='oltp_s3_dwh' AIRFLOW_CTX_TASK_ID='upload_postgre_to_s3_users' AIRFLOW_CTX_EXECUTION_DATE='2025-11-01T00:00:00+00:00' AIRFLOW_CTX_TRY_NUMBER='1' AIRFLOW_CTX_DAG_RUN_ID='scheduled__2025-11-01T00:00:00+00:00'
[2026-02-27T19:01:42.229+0000] {taskinstance.py:430} INFO - ::endgroup::
[2026-02-27T19:01:42.312+0000] {base.py:84} INFO - Using connection ID 'postgres_oltp' for task execution.
[2026-02-27T19:01:42.372+0000] {logging_mixin.py:188} WARNING - /home/***/.local/lib/python3.12/site-packages/***/providers/common/sql/hooks/sql.py:269 UserWarning: pandas only supports SQLAlchemy connectable (engine/connection) or database string URI or sqlite3 DBAPI2 connection. Other DBAPI2 objects are not tested. Please consider using SQLAlchemy.
[2026-02-27T19:01:42.384+0000] {logging_mixin.py:188} INFO - В таблице users нет данных
[2026-02-27T19:01:42.387+0000] {python.py:237} INFO - Done. Returned value was: None
[2026-02-27T19:01:42.389+0000] {taskinstance.py:441} INFO - ::group::Post task execution logs
[2026-02-27T19:01:42.411+0000] {taskinstance.py:1206} INFO - Marking task as SUCCESS. dag_id=oltp_s3_dwh, task_id=upload_postgre_to_s3_users, run_id=scheduled__2025-11-01T00:00:00+00:00, execution_date=20251101T000000, start_date=20260227T190141, end_date=20260227T190142
[2026-02-27T19:01:42.509+0000] {local_task_job_runner.py:243} INFO - Task exited with return code 0
[2026-02-27T19:01:42.633+0000] {taskinstance.py:3503} INFO - 1 downstream tasks scheduled from follow-on schedule check
[2026-02-27T19:01:42.645+0000] {local_task_job_runner.py:222} INFO - ::endgroup::
