[2026-02-27T10:32:15.250+0000] {local_task_job_runner.py:120} INFO - ::group::Pre task execution logs
[2026-02-27T10:32:15.303+0000] {taskinstance.py:2076} INFO - Dependencies all met for dep_context=non-requeueable deps ti=<TaskInstance: staging_to_core.transform_dict_regions_to_core scheduled__2025-10-01T00:00:00+00:00 [queued]>
[2026-02-27T10:32:15.317+0000] {taskinstance.py:2076} INFO - Dependencies all met for dep_context=requeueable deps ti=<TaskInstance: staging_to_core.transform_dict_regions_to_core scheduled__2025-10-01T00:00:00+00:00 [queued]>
[2026-02-27T10:32:15.318+0000] {taskinstance.py:2306} INFO - Starting attempt 1 of 1
[2026-02-27T10:32:15.352+0000] {taskinstance.py:2330} INFO - Executing <Task(PostgresOperator): transform_dict_regions_to_core> on 2025-10-01 00:00:00+00:00
[2026-02-27T10:32:15.360+0000] {logging_mixin.py:188} WARNING - /home/***/.local/lib/python3.12/site-packages/***/task/task_runner/standard_task_runner.py:62 DeprecationWarning: This process (pid=9507) is multi-threaded, use of fork() may lead to deadlocks in the child.
[2026-02-27T10:32:15.360+0000] {standard_task_runner.py:90} INFO - Running: ['***', 'tasks', 'run', 'staging_to_core', 'transform_dict_regions_to_core', 'scheduled__2025-10-01T00:00:00+00:00', '--job-id', '1438', '--raw', '--subdir', 'DAGS_FOLDER/staging_to_core.py', '--cfg-path', '/tmp/tmphtz3318k']
[2026-02-27T10:32:15.362+0000] {standard_task_runner.py:64} INFO - Started process 9508 to run task
[2026-02-27T10:32:15.362+0000] {standard_task_runner.py:91} INFO - Job 1438: Subtask transform_dict_regions_to_core
[2026-02-27T10:32:15.454+0000] {task_command.py:426} INFO - Running <TaskInstance: staging_to_core.transform_dict_regions_to_core scheduled__2025-10-01T00:00:00+00:00 [running]> on host 31b45edbecf3
[2026-02-27T10:32:15.604+0000] {taskinstance.py:2648} INFO - Exporting env vars: AIRFLOW_CTX_DAG_OWNER='***' AIRFLOW_CTX_DAG_ID='staging_to_core' AIRFLOW_CTX_TASK_ID='transform_dict_regions_to_core' AIRFLOW_CTX_EXECUTION_DATE='2025-10-01T00:00:00+00:00' AIRFLOW_CTX_TRY_NUMBER='1' AIRFLOW_CTX_DAG_RUN_ID='scheduled__2025-10-01T00:00:00+00:00'
[2026-02-27T10:32:15.606+0000] {taskinstance.py:430} INFO - ::endgroup::
[2026-02-27T10:32:15.639+0000] {sql.py:282} INFO - Executing: 
                    INSERT INTO core.dict_regions
                    SELECT * FROM staging.dict_regions
                    ON CONFLICT (region_id) 
                    DO UPDATE SET
                        region_name = EXCLUDED.region_name, city = EXCLUDED.city, timezone = EXCLUDED.timezone;
                
[2026-02-27T10:32:15.661+0000] {base.py:84} INFO - Using connection ID 'postgres_dwh' for task execution.
[2026-02-27T10:32:15.680+0000] {base.py:84} INFO - Using connection ID 'postgres_dwh' for task execution.
[2026-02-27T10:32:15.698+0000] {sql.py:495} INFO - Running statement: 
                    INSERT INTO core.dict_regions
                    SELECT * FROM staging.dict_regions
                    ON CONFLICT (region_id) 
                    DO UPDATE SET
                        region_name = EXCLUDED.region_name, city = EXCLUDED.city, timezone = EXCLUDED.timezone;
                , parameters: None
[2026-02-27T10:32:15.700+0000] {sql.py:504} INFO - Rows affected: 24
[2026-02-27T10:32:15.705+0000] {taskinstance.py:441} INFO - ::group::Post task execution logs
[2026-02-27T10:32:15.731+0000] {taskinstance.py:1206} INFO - Marking task as SUCCESS. dag_id=staging_to_core, task_id=transform_dict_regions_to_core, run_id=scheduled__2025-10-01T00:00:00+00:00, execution_date=20251001T000000, start_date=20260227T103215, end_date=20260227T103215
[2026-02-27T10:32:15.782+0000] {local_task_job_runner.py:243} INFO - Task exited with return code 0
[2026-02-27T10:32:15.810+0000] {logging_mixin.py:188} WARNING - /home/***/.local/lib/python3.12/site-packages/***/models/baseoperator.py:1297 AirflowProviderDeprecationWarning: Call to deprecated class PostgresOperator. (Please use `***.providers.common.sql.operators.sql.SQLExecuteQueryOperator`.Also, you can provide `hook_params={'schema': <database>}`.)
[2026-02-27T10:32:15.876+0000] {taskinstance.py:3503} INFO - 1 downstream tasks scheduled from follow-on schedule check
[2026-02-27T10:32:15.882+0000] {local_task_job_runner.py:222} INFO - ::endgroup::
[2026-02-27T19:04:10.744+0000] {local_task_job_runner.py:120} INFO - ::group::Pre task execution logs
[2026-02-27T19:04:10.791+0000] {taskinstance.py:2076} INFO - Dependencies all met for dep_context=non-requeueable deps ti=<TaskInstance: staging_to_core.transform_dict_regions_to_core scheduled__2025-10-01T00:00:00+00:00 [queued]>
[2026-02-27T19:04:10.802+0000] {taskinstance.py:2076} INFO - Dependencies all met for dep_context=requeueable deps ti=<TaskInstance: staging_to_core.transform_dict_regions_to_core scheduled__2025-10-01T00:00:00+00:00 [queued]>
[2026-02-27T19:04:10.803+0000] {taskinstance.py:2306} INFO - Starting attempt 1 of 1
[2026-02-27T19:04:10.821+0000] {taskinstance.py:2330} INFO - Executing <Task(PostgresOperator): transform_dict_regions_to_core> on 2025-10-01 00:00:00+00:00
[2026-02-27T19:04:10.830+0000] {logging_mixin.py:188} WARNING - /home/***/.local/lib/python3.12/site-packages/***/task/task_runner/standard_task_runner.py:62 DeprecationWarning: This process (pid=33556) is multi-threaded, use of fork() may lead to deadlocks in the child.
[2026-02-27T19:04:10.831+0000] {standard_task_runner.py:64} INFO - Started process 33557 to run task
[2026-02-27T19:04:10.830+0000] {standard_task_runner.py:90} INFO - Running: ['***', 'tasks', 'run', 'staging_to_core', 'transform_dict_regions_to_core', 'scheduled__2025-10-01T00:00:00+00:00', '--job-id', '1870', '--raw', '--subdir', 'DAGS_FOLDER/staging_to_core.py', '--cfg-path', '/tmp/tmp767tyy72']
[2026-02-27T19:04:10.832+0000] {standard_task_runner.py:91} INFO - Job 1870: Subtask transform_dict_regions_to_core
[2026-02-27T19:04:10.898+0000] {task_command.py:426} INFO - Running <TaskInstance: staging_to_core.transform_dict_regions_to_core scheduled__2025-10-01T00:00:00+00:00 [running]> on host 31b45edbecf3
[2026-02-27T19:04:11.017+0000] {taskinstance.py:2648} INFO - Exporting env vars: AIRFLOW_CTX_DAG_OWNER='***' AIRFLOW_CTX_DAG_ID='staging_to_core' AIRFLOW_CTX_TASK_ID='transform_dict_regions_to_core' AIRFLOW_CTX_EXECUTION_DATE='2025-10-01T00:00:00+00:00' AIRFLOW_CTX_TRY_NUMBER='1' AIRFLOW_CTX_DAG_RUN_ID='scheduled__2025-10-01T00:00:00+00:00'
[2026-02-27T19:04:11.018+0000] {taskinstance.py:430} INFO - ::endgroup::
[2026-02-27T19:04:11.037+0000] {sql.py:282} INFO - Executing: 
                    INSERT INTO core.dict_regions
                    SELECT * FROM staging.dict_regions
                    ON CONFLICT (region_id) 
                    DO UPDATE SET
                        region_name = EXCLUDED.region_name, city = EXCLUDED.city, timezone = EXCLUDED.timezone;
                
[2026-02-27T19:04:11.050+0000] {base.py:84} INFO - Using connection ID 'postgres_dwh' for task execution.
[2026-02-27T19:04:11.063+0000] {base.py:84} INFO - Using connection ID 'postgres_dwh' for task execution.
[2026-02-27T19:04:11.069+0000] {sql.py:495} INFO - Running statement: 
                    INSERT INTO core.dict_regions
                    SELECT * FROM staging.dict_regions
                    ON CONFLICT (region_id) 
                    DO UPDATE SET
                        region_name = EXCLUDED.region_name, city = EXCLUDED.city, timezone = EXCLUDED.timezone;
                , parameters: None
[2026-02-27T19:04:11.071+0000] {sql.py:504} INFO - Rows affected: 3
[2026-02-27T19:04:11.074+0000] {taskinstance.py:441} INFO - ::group::Post task execution logs
[2026-02-27T19:04:11.088+0000] {taskinstance.py:1206} INFO - Marking task as SUCCESS. dag_id=staging_to_core, task_id=transform_dict_regions_to_core, run_id=scheduled__2025-10-01T00:00:00+00:00, execution_date=20251001T000000, start_date=20260227T190410, end_date=20260227T190411
[2026-02-27T19:04:11.128+0000] {local_task_job_runner.py:243} INFO - Task exited with return code 0
[2026-02-27T19:04:11.143+0000] {logging_mixin.py:188} WARNING - /home/***/.local/lib/python3.12/site-packages/***/models/baseoperator.py:1297 AirflowProviderDeprecationWarning: Call to deprecated class PostgresOperator. (Please use `***.providers.common.sql.operators.sql.SQLExecuteQueryOperator`.Also, you can provide `hook_params={'schema': <database>}`.)
[2026-02-27T19:04:11.182+0000] {taskinstance.py:3503} INFO - 1 downstream tasks scheduled from follow-on schedule check
[2026-02-27T19:04:11.186+0000] {local_task_job_runner.py:222} INFO - ::endgroup::
