[2026-02-26T12:06:56.070+0000] {local_task_job_runner.py:120} INFO - ::group::Pre task execution logs
[2026-02-26T12:06:56.161+0000] {taskinstance.py:2076} INFO - Dependencies all met for dep_context=non-requeueable deps ti=<TaskInstance: oltp_s3_dwh.upload_postgre_to_s3_users scheduled__2025-04-01T00:00:00+00:00 [queued]>
[2026-02-26T12:06:56.193+0000] {taskinstance.py:2076} INFO - Dependencies all met for dep_context=requeueable deps ti=<TaskInstance: oltp_s3_dwh.upload_postgre_to_s3_users scheduled__2025-04-01T00:00:00+00:00 [queued]>
[2026-02-26T12:06:56.196+0000] {taskinstance.py:2306} INFO - Starting attempt 1 of 1
[2026-02-26T12:06:56.261+0000] {taskinstance.py:2330} INFO - Executing <Task(PythonOperator): upload_postgre_to_s3_users> on 2025-04-01 00:00:00+00:00
[2026-02-26T12:06:56.302+0000] {logging_mixin.py:188} WARNING - /home/***/.local/lib/python3.12/site-packages/***/task/task_runner/standard_task_runner.py:62 DeprecationWarning: This process (pid=4478) is multi-threaded, use of fork() may lead to deadlocks in the child.
[2026-02-26T12:06:56.326+0000] {standard_task_runner.py:64} INFO - Started process 4514 to run task
[2026-02-26T12:06:56.305+0000] {standard_task_runner.py:90} INFO - Running: ['***', 'tasks', 'run', 'oltp_s3_dwh', 'upload_postgre_to_s3_users', 'scheduled__2025-04-01T00:00:00+00:00', '--job-id', '1013', '--raw', '--subdir', 'DAGS_FOLDER/oltp_s3_dwh_dict.py', '--cfg-path', '/tmp/tmpzcli2vw2']
[2026-02-26T12:06:56.329+0000] {standard_task_runner.py:91} INFO - Job 1013: Subtask upload_postgre_to_s3_users
[2026-02-26T12:06:56.564+0000] {task_command.py:426} INFO - Running <TaskInstance: oltp_s3_dwh.upload_postgre_to_s3_users scheduled__2025-04-01T00:00:00+00:00 [running]> on host 31b45edbecf3
[2026-02-26T12:06:56.917+0000] {taskinstance.py:2648} INFO - Exporting env vars: AIRFLOW_CTX_DAG_OWNER='***' AIRFLOW_CTX_DAG_ID='oltp_s3_dwh' AIRFLOW_CTX_TASK_ID='upload_postgre_to_s3_users' AIRFLOW_CTX_EXECUTION_DATE='2025-04-01T00:00:00+00:00' AIRFLOW_CTX_TRY_NUMBER='1' AIRFLOW_CTX_DAG_RUN_ID='scheduled__2025-04-01T00:00:00+00:00'
[2026-02-26T12:06:56.924+0000] {taskinstance.py:430} INFO - ::endgroup::
[2026-02-26T12:06:57.118+0000] {base.py:84} INFO - Using connection ID 'postgres_oltp' for task execution.
[2026-02-26T12:06:57.186+0000] {logging_mixin.py:188} WARNING - /home/***/.local/lib/python3.12/site-packages/***/providers/common/sql/hooks/sql.py:269 UserWarning: pandas only supports SQLAlchemy connectable (engine/connection) or database string URI or sqlite3 DBAPI2 connection. Other DBAPI2 objects are not tested. Please consider using SQLAlchemy.
[2026-02-26T12:06:57.222+0000] {logging_mixin.py:188} INFO - В таблице users нет данных
[2026-02-26T12:06:57.222+0000] {python.py:237} INFO - Done. Returned value was: None
[2026-02-26T12:06:57.224+0000] {taskinstance.py:441} INFO - ::group::Post task execution logs
[2026-02-26T12:06:57.259+0000] {taskinstance.py:1206} INFO - Marking task as SUCCESS. dag_id=oltp_s3_dwh, task_id=upload_postgre_to_s3_users, run_id=scheduled__2025-04-01T00:00:00+00:00, execution_date=20250401T000000, start_date=20260226T120656, end_date=20260226T120657
[2026-02-26T12:06:57.371+0000] {local_task_job_runner.py:243} INFO - Task exited with return code 0
[2026-02-26T12:06:57.445+0000] {taskinstance.py:3503} INFO - 0 downstream tasks scheduled from follow-on schedule check
[2026-02-26T12:06:57.449+0000] {local_task_job_runner.py:222} INFO - ::endgroup::
[2026-02-27T19:00:18.016+0000] {local_task_job_runner.py:120} INFO - ::group::Pre task execution logs
[2026-02-27T19:00:18.071+0000] {taskinstance.py:2076} INFO - Dependencies all met for dep_context=non-requeueable deps ti=<TaskInstance: oltp_s3_dwh.upload_postgre_to_s3_users scheduled__2025-04-01T00:00:00+00:00 [queued]>
[2026-02-27T19:00:18.117+0000] {taskinstance.py:2076} INFO - Dependencies all met for dep_context=requeueable deps ti=<TaskInstance: oltp_s3_dwh.upload_postgre_to_s3_users scheduled__2025-04-01T00:00:00+00:00 [queued]>
[2026-02-27T19:00:18.119+0000] {taskinstance.py:2306} INFO - Starting attempt 1 of 1
[2026-02-27T19:00:18.153+0000] {taskinstance.py:2330} INFO - Executing <Task(PythonOperator): upload_postgre_to_s3_users> on 2025-04-01 00:00:00+00:00
[2026-02-27T19:00:18.170+0000] {logging_mixin.py:188} WARNING - /home/***/.local/lib/python3.12/site-packages/***/task/task_runner/standard_task_runner.py:62 DeprecationWarning: This process (pid=32190) is multi-threaded, use of fork() may lead to deadlocks in the child.
[2026-02-27T19:00:18.172+0000] {standard_task_runner.py:64} INFO - Started process 32202 to run task
[2026-02-27T19:00:18.215+0000] {standard_task_runner.py:90} INFO - Running: ['***', 'tasks', 'run', 'oltp_s3_dwh', 'upload_postgre_to_s3_users', 'scheduled__2025-04-01T00:00:00+00:00', '--job-id', '1566', '--raw', '--subdir', 'DAGS_FOLDER/oltp_s3_dwh.py', '--cfg-path', '/tmp/tmpo5xmnet9']
[2026-02-27T19:00:18.220+0000] {standard_task_runner.py:91} INFO - Job 1566: Subtask upload_postgre_to_s3_users
[2026-02-27T19:00:18.366+0000] {task_command.py:426} INFO - Running <TaskInstance: oltp_s3_dwh.upload_postgre_to_s3_users scheduled__2025-04-01T00:00:00+00:00 [running]> on host 31b45edbecf3
[2026-02-27T19:00:18.656+0000] {taskinstance.py:2648} INFO - Exporting env vars: AIRFLOW_CTX_DAG_OWNER='***' AIRFLOW_CTX_DAG_ID='oltp_s3_dwh' AIRFLOW_CTX_TASK_ID='upload_postgre_to_s3_users' AIRFLOW_CTX_EXECUTION_DATE='2025-04-01T00:00:00+00:00' AIRFLOW_CTX_TRY_NUMBER='1' AIRFLOW_CTX_DAG_RUN_ID='scheduled__2025-04-01T00:00:00+00:00'
[2026-02-27T19:00:18.664+0000] {taskinstance.py:430} INFO - ::endgroup::
[2026-02-27T19:00:18.725+0000] {base.py:84} INFO - Using connection ID 'postgres_oltp' for task execution.
[2026-02-27T19:00:18.745+0000] {logging_mixin.py:188} WARNING - /home/***/.local/lib/python3.12/site-packages/***/providers/common/sql/hooks/sql.py:269 UserWarning: pandas only supports SQLAlchemy connectable (engine/connection) or database string URI or sqlite3 DBAPI2 connection. Other DBAPI2 objects are not tested. Please consider using SQLAlchemy.
[2026-02-27T19:00:18.764+0000] {logging_mixin.py:188} INFO - В таблице users нет данных
[2026-02-27T19:00:18.767+0000] {python.py:237} INFO - Done. Returned value was: None
[2026-02-27T19:00:18.768+0000] {taskinstance.py:441} INFO - ::group::Post task execution logs
[2026-02-27T19:00:18.796+0000] {taskinstance.py:1206} INFO - Marking task as SUCCESS. dag_id=oltp_s3_dwh, task_id=upload_postgre_to_s3_users, run_id=scheduled__2025-04-01T00:00:00+00:00, execution_date=20250401T000000, start_date=20260227T190018, end_date=20260227T190018
[2026-02-27T19:00:18.865+0000] {local_task_job_runner.py:243} INFO - Task exited with return code 0
[2026-02-27T19:00:18.977+0000] {taskinstance.py:3503} INFO - 1 downstream tasks scheduled from follow-on schedule check
[2026-02-27T19:00:19.004+0000] {local_task_job_runner.py:222} INFO - ::endgroup::
