[2026-02-27T10:31:39.099+0000] {local_task_job_runner.py:120} INFO - ::group::Pre task execution logs
[2026-02-27T10:31:39.147+0000] {taskinstance.py:2076} INFO - Dependencies all met for dep_context=non-requeueable deps ti=<TaskInstance: staging_to_core.wait_for_dict_mcc scheduled__2025-08-01T00:00:00+00:00 [queued]>
[2026-02-27T10:31:39.161+0000] {taskinstance.py:2076} INFO - Dependencies all met for dep_context=requeueable deps ti=<TaskInstance: staging_to_core.wait_for_dict_mcc scheduled__2025-08-01T00:00:00+00:00 [queued]>
[2026-02-27T10:31:39.162+0000] {taskinstance.py:2306} INFO - Starting attempt 1 of 1
[2026-02-27T10:31:39.182+0000] {taskinstance.py:2330} INFO - Executing <Task(ExternalTaskSensor): wait_for_dict_mcc> on 2025-08-01 00:00:00+00:00
[2026-02-27T10:31:39.191+0000] {logging_mixin.py:188} WARNING - /home/***/.local/lib/python3.12/site-packages/***/task/task_runner/standard_task_runner.py:62 DeprecationWarning: This process (pid=9395) is multi-threaded, use of fork() may lead to deadlocks in the child.
[2026-02-27T10:31:39.193+0000] {standard_task_runner.py:64} INFO - Started process 9396 to run task
[2026-02-27T10:31:39.192+0000] {standard_task_runner.py:90} INFO - Running: ['***', 'tasks', 'run', 'staging_to_core', 'wait_for_dict_mcc', 'scheduled__2025-08-01T00:00:00+00:00', '--job-id', '1407', '--raw', '--subdir', 'DAGS_FOLDER/staging_to_core.py', '--cfg-path', '/tmp/tmpj6nhgphs']
[2026-02-27T10:31:39.195+0000] {standard_task_runner.py:91} INFO - Job 1407: Subtask wait_for_dict_mcc
[2026-02-27T10:31:39.250+0000] {task_command.py:426} INFO - Running <TaskInstance: staging_to_core.wait_for_dict_mcc scheduled__2025-08-01T00:00:00+00:00 [running]> on host 31b45edbecf3
[2026-02-27T10:31:39.340+0000] {taskinstance.py:2648} INFO - Exporting env vars: AIRFLOW_CTX_DAG_OWNER='***' AIRFLOW_CTX_DAG_ID='staging_to_core' AIRFLOW_CTX_TASK_ID='wait_for_dict_mcc' AIRFLOW_CTX_EXECUTION_DATE='2025-08-01T00:00:00+00:00' AIRFLOW_CTX_TRY_NUMBER='1' AIRFLOW_CTX_DAG_RUN_ID='scheduled__2025-08-01T00:00:00+00:00'
[2026-02-27T10:31:39.341+0000] {taskinstance.py:430} INFO - ::endgroup::
[2026-02-27T10:31:39.357+0000] {baseoperator.py:400} WARNING - ExternalTaskSensor.execute cannot be called outside TaskInstance!
[2026-02-27T10:31:39.366+0000] {external_task.py:258} INFO - Poking for tasks ['upload_s3_to_dwh_dict_mcc'] in dag oltp_s3_dwh on 2025-08-01T00:00:00+00:00 ... 
[2026-02-27T10:31:39.368+0000] {logging_mixin.py:188} WARNING - /home/***/.local/lib/python3.12/site-packages/***/utils/session.py:79 DeprecationWarning: This method is deprecated and will be removed in future.
[2026-02-27T10:31:39.378+0000] {base.py:294} INFO - Success criteria met. Exiting.
[2026-02-27T10:31:39.379+0000] {taskinstance.py:441} INFO - ::group::Post task execution logs
[2026-02-27T10:31:39.389+0000] {taskinstance.py:1206} INFO - Marking task as SUCCESS. dag_id=staging_to_core, task_id=wait_for_dict_mcc, run_id=scheduled__2025-08-01T00:00:00+00:00, execution_date=20250801T000000, start_date=20260227T103139, end_date=20260227T103139
[2026-02-27T10:31:39.410+0000] {local_task_job_runner.py:243} INFO - Task exited with return code 0
[2026-02-27T10:31:39.422+0000] {logging_mixin.py:188} WARNING - /home/***/.local/lib/python3.12/site-packages/***/models/baseoperator.py:1297 AirflowProviderDeprecationWarning: Call to deprecated class PostgresOperator. (Please use `***.providers.common.sql.operators.sql.SQLExecuteQueryOperator`.Also, you can provide `hook_params={'schema': <database>}`.)
[2026-02-27T10:31:39.457+0000] {taskinstance.py:3503} INFO - 1 downstream tasks scheduled from follow-on schedule check
[2026-02-27T10:31:39.460+0000] {local_task_job_runner.py:222} INFO - ::endgroup::
[2026-02-27T19:03:30.131+0000] {local_task_job_runner.py:120} INFO - ::group::Pre task execution logs
[2026-02-27T19:03:30.166+0000] {taskinstance.py:2076} INFO - Dependencies all met for dep_context=non-requeueable deps ti=<TaskInstance: staging_to_core.wait_for_dict_mcc scheduled__2025-08-01T00:00:00+00:00 [queued]>
[2026-02-27T19:03:30.176+0000] {taskinstance.py:2076} INFO - Dependencies all met for dep_context=requeueable deps ti=<TaskInstance: staging_to_core.wait_for_dict_mcc scheduled__2025-08-01T00:00:00+00:00 [queued]>
[2026-02-27T19:03:30.177+0000] {taskinstance.py:2306} INFO - Starting attempt 1 of 1
[2026-02-27T19:03:30.191+0000] {taskinstance.py:2330} INFO - Executing <Task(ExternalTaskSensor): wait_for_dict_mcc> on 2025-08-01 00:00:00+00:00
[2026-02-27T19:03:30.199+0000] {logging_mixin.py:188} WARNING - /home/***/.local/lib/python3.12/site-packages/***/task/task_runner/standard_task_runner.py:62 DeprecationWarning: This process (pid=33455) is multi-threaded, use of fork() may lead to deadlocks in the child.
[2026-02-27T19:03:30.198+0000] {standard_task_runner.py:90} INFO - Running: ['***', 'tasks', 'run', 'staging_to_core', 'wait_for_dict_mcc', 'scheduled__2025-08-01T00:00:00+00:00', '--job-id', '1839', '--raw', '--subdir', 'DAGS_FOLDER/staging_to_core.py', '--cfg-path', '/tmp/tmp4nnllt74']
[2026-02-27T19:03:30.201+0000] {standard_task_runner.py:64} INFO - Started process 33456 to run task
[2026-02-27T19:03:30.201+0000] {standard_task_runner.py:91} INFO - Job 1839: Subtask wait_for_dict_mcc
[2026-02-27T19:03:30.255+0000] {task_command.py:426} INFO - Running <TaskInstance: staging_to_core.wait_for_dict_mcc scheduled__2025-08-01T00:00:00+00:00 [running]> on host 31b45edbecf3
[2026-02-27T19:03:30.351+0000] {taskinstance.py:2648} INFO - Exporting env vars: AIRFLOW_CTX_DAG_OWNER='***' AIRFLOW_CTX_DAG_ID='staging_to_core' AIRFLOW_CTX_TASK_ID='wait_for_dict_mcc' AIRFLOW_CTX_EXECUTION_DATE='2025-08-01T00:00:00+00:00' AIRFLOW_CTX_TRY_NUMBER='1' AIRFLOW_CTX_DAG_RUN_ID='scheduled__2025-08-01T00:00:00+00:00'
[2026-02-27T19:03:30.353+0000] {taskinstance.py:430} INFO - ::endgroup::
[2026-02-27T19:03:30.369+0000] {baseoperator.py:400} WARNING - ExternalTaskSensor.execute cannot be called outside TaskInstance!
[2026-02-27T19:03:30.378+0000] {external_task.py:258} INFO - Poking for tasks ['upload_s3_to_dwh_dict_mcc'] in dag oltp_s3_dwh on 2025-08-01T00:00:00+00:00 ... 
[2026-02-27T19:03:30.381+0000] {logging_mixin.py:188} WARNING - /home/***/.local/lib/python3.12/site-packages/***/utils/session.py:79 DeprecationWarning: This method is deprecated and will be removed in future.
[2026-02-27T19:03:30.391+0000] {base.py:294} INFO - Success criteria met. Exiting.
[2026-02-27T19:03:30.392+0000] {taskinstance.py:441} INFO - ::group::Post task execution logs
[2026-02-27T19:03:30.402+0000] {taskinstance.py:1206} INFO - Marking task as SUCCESS. dag_id=staging_to_core, task_id=wait_for_dict_mcc, run_id=scheduled__2025-08-01T00:00:00+00:00, execution_date=20250801T000000, start_date=20260227T190330, end_date=20260227T190330
[2026-02-27T19:03:30.458+0000] {local_task_job_runner.py:243} INFO - Task exited with return code 0
[2026-02-27T19:03:30.472+0000] {logging_mixin.py:188} WARNING - /home/***/.local/lib/python3.12/site-packages/***/models/baseoperator.py:1297 AirflowProviderDeprecationWarning: Call to deprecated class PostgresOperator. (Please use `***.providers.common.sql.operators.sql.SQLExecuteQueryOperator`.Also, you can provide `hook_params={'schema': <database>}`.)
[2026-02-27T19:03:30.508+0000] {taskinstance.py:3503} INFO - 1 downstream tasks scheduled from follow-on schedule check
[2026-02-27T19:03:30.511+0000] {local_task_job_runner.py:222} INFO - ::endgroup::
