[2026-02-28T11:50:50.805+0000] {local_task_job_runner.py:120} INFO - ::group::Pre task execution logs
[2026-02-28T11:50:50.839+0000] {taskinstance.py:2076} INFO - Dependencies all met for dep_context=non-requeueable deps ti=<TaskInstance: staging_to_core.wait_for_accounts scheduled__2025-02-01T00:00:00+00:00 [queued]>
[2026-02-28T11:50:50.849+0000] {taskinstance.py:2076} INFO - Dependencies all met for dep_context=requeueable deps ti=<TaskInstance: staging_to_core.wait_for_accounts scheduled__2025-02-01T00:00:00+00:00 [queued]>
[2026-02-28T11:50:50.850+0000] {taskinstance.py:2306} INFO - Starting attempt 2 of 2
[2026-02-28T11:50:50.867+0000] {taskinstance.py:2330} INFO - Executing <Task(ExternalTaskSensor): wait_for_accounts> on 2025-02-01 00:00:00+00:00
[2026-02-28T11:50:50.874+0000] {logging_mixin.py:188} WARNING - /home/***/.local/lib/python3.12/site-packages/***/task/task_runner/standard_task_runner.py:62 DeprecationWarning: This process (pid=9838) is multi-threaded, use of fork() may lead to deadlocks in the child.
[2026-02-28T11:50:50.876+0000] {standard_task_runner.py:64} INFO - Started process 9839 to run task
[2026-02-28T11:50:50.875+0000] {standard_task_runner.py:90} INFO - Running: ['***', 'tasks', 'run', 'staging_to_core', 'wait_for_accounts', 'scheduled__2025-02-01T00:00:00+00:00', '--job-id', '2114', '--raw', '--subdir', 'DAGS_FOLDER/staging_to_core.py', '--cfg-path', '/tmp/tmpl9wvet2w']
[2026-02-28T11:50:50.878+0000] {standard_task_runner.py:91} INFO - Job 2114: Subtask wait_for_accounts
[2026-02-28T11:50:50.927+0000] {task_command.py:426} INFO - Running <TaskInstance: staging_to_core.wait_for_accounts scheduled__2025-02-01T00:00:00+00:00 [running]> on host 31b45edbecf3
[2026-02-28T11:50:51.023+0000] {taskinstance.py:2648} INFO - Exporting env vars: AIRFLOW_CTX_DAG_OWNER='***' AIRFLOW_CTX_DAG_ID='staging_to_core' AIRFLOW_CTX_TASK_ID='wait_for_accounts' AIRFLOW_CTX_EXECUTION_DATE='2025-02-01T00:00:00+00:00' AIRFLOW_CTX_TRY_NUMBER='2' AIRFLOW_CTX_DAG_RUN_ID='scheduled__2025-02-01T00:00:00+00:00'
[2026-02-28T11:50:51.024+0000] {taskinstance.py:430} INFO - ::endgroup::
[2026-02-28T11:50:51.039+0000] {baseoperator.py:400} WARNING - ExternalTaskSensor.execute cannot be called outside TaskInstance!
[2026-02-28T11:50:51.049+0000] {external_task.py:258} INFO - Poking for tasks ['upload_s3_to_dwh_accounts'] in dag oltp_s3_dwh on 2025-02-01T00:00:00+00:00 ... 
[2026-02-28T11:50:51.051+0000] {logging_mixin.py:188} WARNING - /home/***/.local/lib/python3.12/site-packages/***/utils/session.py:79 DeprecationWarning: This method is deprecated and will be removed in future.
[2026-02-28T11:50:51.062+0000] {base.py:294} INFO - Success criteria met. Exiting.
[2026-02-28T11:50:51.062+0000] {taskinstance.py:441} INFO - ::group::Post task execution logs
[2026-02-28T11:50:51.072+0000] {taskinstance.py:1206} INFO - Marking task as SUCCESS. dag_id=staging_to_core, task_id=wait_for_accounts, run_id=scheduled__2025-02-01T00:00:00+00:00, execution_date=20250201T000000, start_date=20260228T115050, end_date=20260228T115051
[2026-02-28T11:50:51.090+0000] {local_task_job_runner.py:243} INFO - Task exited with return code 0
[2026-02-28T11:50:51.103+0000] {logging_mixin.py:188} WARNING - /home/***/.local/lib/python3.12/site-packages/***/models/baseoperator.py:1297 AirflowProviderDeprecationWarning: Call to deprecated class PostgresOperator. (Please use `***.providers.common.sql.operators.sql.SQLExecuteQueryOperator`.Also, you can provide `hook_params={'schema': <database>}`.)
[2026-02-28T11:50:51.134+0000] {taskinstance.py:3503} INFO - 1 downstream tasks scheduled from follow-on schedule check
[2026-02-28T11:50:51.137+0000] {local_task_job_runner.py:222} INFO - ::endgroup::
