[2026-02-26T17:55:43.579+0000] {local_task_job_runner.py:120} INFO - ::group::Pre task execution logs
[2026-02-26T17:55:43.623+0000] {taskinstance.py:2076} INFO - Dependencies all met for dep_context=non-requeueable deps ti=<TaskInstance: oltp_s3_dwh.upload_s3_to_dwh_dict_merchants scheduled__2025-04-01T00:00:00+00:00 [queued]>
[2026-02-26T17:55:43.664+0000] {taskinstance.py:2076} INFO - Dependencies all met for dep_context=requeueable deps ti=<TaskInstance: oltp_s3_dwh.upload_s3_to_dwh_dict_merchants scheduled__2025-04-01T00:00:00+00:00 [queued]>
[2026-02-26T17:55:43.665+0000] {taskinstance.py:2306} INFO - Starting attempt 1 of 1
[2026-02-26T17:55:43.697+0000] {taskinstance.py:2330} INFO - Executing <Task(PythonOperator): upload_s3_to_dwh_dict_merchants> on 2025-04-01 00:00:00+00:00
[2026-02-26T17:55:43.715+0000] {logging_mixin.py:188} WARNING - /home/***/.local/lib/python3.12/site-packages/***/task/task_runner/standard_task_runner.py:62 DeprecationWarning: This process (pid=6778) is multi-threaded, use of fork() may lead to deadlocks in the child.
[2026-02-26T17:55:43.718+0000] {standard_task_runner.py:64} INFO - Started process 6854 to run task
[2026-02-26T17:55:43.744+0000] {standard_task_runner.py:90} INFO - Running: ['***', 'tasks', 'run', 'oltp_s3_dwh', 'upload_s3_to_dwh_dict_merchants', 'scheduled__2025-04-01T00:00:00+00:00', '--job-id', '1191', '--raw', '--subdir', 'DAGS_FOLDER/oltp_s3_dwh.py', '--cfg-path', '/tmp/tmp7k9b3alh']
[2026-02-26T17:55:43.762+0000] {standard_task_runner.py:91} INFO - Job 1191: Subtask upload_s3_to_dwh_dict_merchants
[2026-02-26T17:55:43.971+0000] {task_command.py:426} INFO - Running <TaskInstance: oltp_s3_dwh.upload_s3_to_dwh_dict_merchants scheduled__2025-04-01T00:00:00+00:00 [running]> on host 31b45edbecf3
[2026-02-26T17:55:44.369+0000] {taskinstance.py:2648} INFO - Exporting env vars: AIRFLOW_CTX_DAG_OWNER='***' AIRFLOW_CTX_DAG_ID='oltp_s3_dwh' AIRFLOW_CTX_TASK_ID='upload_s3_to_dwh_dict_merchants' AIRFLOW_CTX_EXECUTION_DATE='2025-04-01T00:00:00+00:00' AIRFLOW_CTX_TRY_NUMBER='1' AIRFLOW_CTX_DAG_RUN_ID='scheduled__2025-04-01T00:00:00+00:00'
[2026-02-26T17:55:44.374+0000] {taskinstance.py:430} INFO - ::endgroup::
[2026-02-26T17:55:44.466+0000] {base.py:84} INFO - Using connection ID 'postgres_dwh' for task execution.
[2026-02-26T17:55:44.484+0000] {sql.py:495} INFO - Running statement: SELECT table_schema, table_name FROM information_schema.tables WHERE table_schema = 'staging';, parameters: None
[2026-02-26T17:55:44.498+0000] {sql.py:504} INFO - Rows affected: 9
[2026-02-26T17:55:44.499+0000] {logging_mixin.py:188} INFO - DEBUG: Доступные таблицы в схеме staging: [('staging', 'exchange_rates'), ('staging', 'users'), ('staging', 'accounts'), ('staging', 'dict_mcc'), ('staging', 'dict_regions'), ('staging', 'dict_tariffs'), ('staging', 'dict_merchants'), ('staging', 'cards'), ('staging', 'transactions')]
[2026-02-26T17:55:44.531+0000] {base.py:84} INFO - Using connection ID 'minio_conn_id' for task execution.
[2026-02-26T17:55:44.532+0000] {connection_wrapper.py:384} INFO - AWS Connection (conn_id='minio_conn_id', conn_type='aws') credentials retrieved from login and ***.
[2026-02-26T17:55:46.912+0000] {base.py:84} INFO - Using connection ID 'postgres_dwh' for task execution.
[2026-02-26T17:55:46.936+0000] {logging_mixin.py:188} INFO - Successfully loaded dict_merchants using copy_expert
[2026-02-26T17:55:46.940+0000] {python.py:237} INFO - Done. Returned value was: None
[2026-02-26T17:55:46.941+0000] {taskinstance.py:441} INFO - ::group::Post task execution logs
[2026-02-26T17:55:46.957+0000] {taskinstance.py:1206} INFO - Marking task as SUCCESS. dag_id=oltp_s3_dwh, task_id=upload_s3_to_dwh_dict_merchants, run_id=scheduled__2025-04-01T00:00:00+00:00, execution_date=20250401T000000, start_date=20260226T175543, end_date=20260226T175546
[2026-02-26T17:55:47.060+0000] {local_task_job_runner.py:243} INFO - Task exited with return code 0
[2026-02-26T17:55:47.129+0000] {taskinstance.py:3503} INFO - 0 downstream tasks scheduled from follow-on schedule check
[2026-02-26T17:55:47.136+0000] {local_task_job_runner.py:222} INFO - ::endgroup::
[2026-02-27T19:00:23.371+0000] {local_task_job_runner.py:120} INFO - ::group::Pre task execution logs
[2026-02-27T19:00:23.425+0000] {taskinstance.py:2076} INFO - Dependencies all met for dep_context=non-requeueable deps ti=<TaskInstance: oltp_s3_dwh.upload_s3_to_dwh_dict_merchants scheduled__2025-04-01T00:00:00+00:00 [queued]>
[2026-02-27T19:00:23.460+0000] {taskinstance.py:2076} INFO - Dependencies all met for dep_context=requeueable deps ti=<TaskInstance: oltp_s3_dwh.upload_s3_to_dwh_dict_merchants scheduled__2025-04-01T00:00:00+00:00 [queued]>
[2026-02-27T19:00:23.460+0000] {taskinstance.py:2306} INFO - Starting attempt 1 of 1
[2026-02-27T19:00:23.486+0000] {taskinstance.py:2330} INFO - Executing <Task(PythonOperator): upload_s3_to_dwh_dict_merchants> on 2025-04-01 00:00:00+00:00
[2026-02-27T19:00:23.538+0000] {logging_mixin.py:188} WARNING - /home/***/.local/lib/python3.12/site-packages/***/task/task_runner/standard_task_runner.py:62 DeprecationWarning: This process (pid=32246) is multi-threaded, use of fork() may lead to deadlocks in the child.
[2026-02-27T19:00:23.545+0000] {standard_task_runner.py:64} INFO - Started process 32260 to run task
[2026-02-27T19:00:23.534+0000] {standard_task_runner.py:90} INFO - Running: ['***', 'tasks', 'run', 'oltp_s3_dwh', 'upload_s3_to_dwh_dict_merchants', 'scheduled__2025-04-01T00:00:00+00:00', '--job-id', '1578', '--raw', '--subdir', 'DAGS_FOLDER/oltp_s3_dwh.py', '--cfg-path', '/tmp/tmpno3dc2uh']
[2026-02-27T19:00:23.549+0000] {standard_task_runner.py:91} INFO - Job 1578: Subtask upload_s3_to_dwh_dict_merchants
[2026-02-27T19:00:23.665+0000] {task_command.py:426} INFO - Running <TaskInstance: oltp_s3_dwh.upload_s3_to_dwh_dict_merchants scheduled__2025-04-01T00:00:00+00:00 [running]> on host 31b45edbecf3
[2026-02-27T19:00:24.141+0000] {taskinstance.py:2648} INFO - Exporting env vars: AIRFLOW_CTX_DAG_OWNER='***' AIRFLOW_CTX_DAG_ID='oltp_s3_dwh' AIRFLOW_CTX_TASK_ID='upload_s3_to_dwh_dict_merchants' AIRFLOW_CTX_EXECUTION_DATE='2025-04-01T00:00:00+00:00' AIRFLOW_CTX_TRY_NUMBER='1' AIRFLOW_CTX_DAG_RUN_ID='scheduled__2025-04-01T00:00:00+00:00'
[2026-02-27T19:00:24.150+0000] {taskinstance.py:430} INFO - ::endgroup::
[2026-02-27T19:00:24.225+0000] {base.py:84} INFO - Using connection ID 'postgres_dwh' for task execution.
[2026-02-27T19:00:24.235+0000] {sql.py:495} INFO - Running statement: SELECT table_schema, table_name FROM information_schema.tables WHERE table_schema = 'staging';, parameters: None
[2026-02-27T19:00:24.241+0000] {sql.py:504} INFO - Rows affected: 9
[2026-02-27T19:00:24.246+0000] {logging_mixin.py:188} INFO - DEBUG: Доступные таблицы в схеме staging: [('staging', 'exchange_rates'), ('staging', 'cards'), ('staging', 'users'), ('staging', 'accounts'), ('staging', 'dict_tariffs'), ('staging', 'transactions'), ('staging', 'dict_mcc'), ('staging', 'dict_regions'), ('staging', 'dict_merchants')]
[2026-02-27T19:00:24.286+0000] {base.py:84} INFO - Using connection ID 'minio_conn_id' for task execution.
[2026-02-27T19:00:24.287+0000] {connection_wrapper.py:384} INFO - AWS Connection (conn_id='minio_conn_id', conn_type='aws') credentials retrieved from login and ***.
[2026-02-27T19:00:25.739+0000] {base.py:84} INFO - Using connection ID 'postgres_dwh' for task execution.
[2026-02-27T19:00:25.778+0000] {logging_mixin.py:188} INFO - Successfully loaded dict_merchants using copy_expert
[2026-02-27T19:00:25.782+0000] {python.py:237} INFO - Done. Returned value was: None
[2026-02-27T19:00:25.792+0000] {taskinstance.py:441} INFO - ::group::Post task execution logs
[2026-02-27T19:00:25.841+0000] {taskinstance.py:1206} INFO - Marking task as SUCCESS. dag_id=oltp_s3_dwh, task_id=upload_s3_to_dwh_dict_merchants, run_id=scheduled__2025-04-01T00:00:00+00:00, execution_date=20250401T000000, start_date=20260227T190023, end_date=20260227T190025
[2026-02-27T19:00:25.945+0000] {local_task_job_runner.py:243} INFO - Task exited with return code 0
[2026-02-27T19:00:26.015+0000] {local_task_job_runner.py:222} INFO - ::endgroup::
