[2026-02-26T17:56:05.740+0000] {local_task_job_runner.py:120} INFO - ::group::Pre task execution logs
[2026-02-26T17:56:05.854+0000] {taskinstance.py:2076} INFO - Dependencies all met for dep_context=non-requeueable deps ti=<TaskInstance: oltp_s3_dwh.upload_s3_to_dwh_dict_mcc scheduled__2025-09-01T00:00:00+00:00 [queued]>
[2026-02-26T17:56:05.897+0000] {taskinstance.py:2076} INFO - Dependencies all met for dep_context=requeueable deps ti=<TaskInstance: oltp_s3_dwh.upload_s3_to_dwh_dict_mcc scheduled__2025-09-01T00:00:00+00:00 [queued]>
[2026-02-26T17:56:05.904+0000] {taskinstance.py:2306} INFO - Starting attempt 1 of 1
[2026-02-26T17:56:06.041+0000] {taskinstance.py:2330} INFO - Executing <Task(PythonOperator): upload_s3_to_dwh_dict_mcc> on 2025-09-01 00:00:00+00:00
[2026-02-26T17:56:06.105+0000] {logging_mixin.py:188} WARNING - /home/***/.local/lib/python3.12/site-packages/***/task/task_runner/standard_task_runner.py:62 DeprecationWarning: This process (pid=7086) is multi-threaded, use of fork() may lead to deadlocks in the child.
[2026-02-26T17:56:06.123+0000] {standard_task_runner.py:64} INFO - Started process 7114 to run task
[2026-02-26T17:56:06.124+0000] {standard_task_runner.py:90} INFO - Running: ['***', 'tasks', 'run', 'oltp_s3_dwh', 'upload_s3_to_dwh_dict_mcc', 'scheduled__2025-09-01T00:00:00+00:00', '--job-id', '1233', '--raw', '--subdir', 'DAGS_FOLDER/oltp_s3_dwh.py', '--cfg-path', '/tmp/tmpe9cyi614']
[2026-02-26T17:56:06.130+0000] {standard_task_runner.py:91} INFO - Job 1233: Subtask upload_s3_to_dwh_dict_mcc
[2026-02-26T17:56:06.226+0000] {task_command.py:426} INFO - Running <TaskInstance: oltp_s3_dwh.upload_s3_to_dwh_dict_mcc scheduled__2025-09-01T00:00:00+00:00 [running]> on host 31b45edbecf3
[2026-02-26T17:56:06.644+0000] {taskinstance.py:2648} INFO - Exporting env vars: AIRFLOW_CTX_DAG_OWNER='***' AIRFLOW_CTX_DAG_ID='oltp_s3_dwh' AIRFLOW_CTX_TASK_ID='upload_s3_to_dwh_dict_mcc' AIRFLOW_CTX_EXECUTION_DATE='2025-09-01T00:00:00+00:00' AIRFLOW_CTX_TRY_NUMBER='1' AIRFLOW_CTX_DAG_RUN_ID='scheduled__2025-09-01T00:00:00+00:00'
[2026-02-26T17:56:06.645+0000] {taskinstance.py:430} INFO - ::endgroup::
[2026-02-26T17:56:06.759+0000] {base.py:84} INFO - Using connection ID 'postgres_dwh' for task execution.
[2026-02-26T17:56:06.779+0000] {sql.py:495} INFO - Running statement: SELECT table_schema, table_name FROM information_schema.tables WHERE table_schema = 'staging';, parameters: None
[2026-02-26T17:56:06.785+0000] {sql.py:504} INFO - Rows affected: 9
[2026-02-26T17:56:06.788+0000] {logging_mixin.py:188} INFO - DEBUG: Доступные таблицы в схеме staging: [('staging', 'exchange_rates'), ('staging', 'users'), ('staging', 'accounts'), ('staging', 'dict_merchants'), ('staging', 'cards'), ('staging', 'transactions'), ('staging', 'dict_tariffs'), ('staging', 'dict_regions'), ('staging', 'dict_mcc')]
[2026-02-26T17:56:06.812+0000] {base.py:84} INFO - Using connection ID 'minio_conn_id' for task execution.
[2026-02-26T17:56:06.817+0000] {connection_wrapper.py:384} INFO - AWS Connection (conn_id='minio_conn_id', conn_type='aws') credentials retrieved from login and ***.
[2026-02-26T17:56:09.581+0000] {base.py:84} INFO - Using connection ID 'postgres_dwh' for task execution.
[2026-02-26T17:56:09.621+0000] {logging_mixin.py:188} INFO - Successfully loaded dict_mcc using copy_expert
[2026-02-26T17:56:09.623+0000] {python.py:237} INFO - Done. Returned value was: None
[2026-02-26T17:56:09.627+0000] {taskinstance.py:441} INFO - ::group::Post task execution logs
[2026-02-26T17:56:09.672+0000] {taskinstance.py:1206} INFO - Marking task as SUCCESS. dag_id=oltp_s3_dwh, task_id=upload_s3_to_dwh_dict_mcc, run_id=scheduled__2025-09-01T00:00:00+00:00, execution_date=20250901T000000, start_date=20260226T175605, end_date=20260226T175609
[2026-02-26T17:56:09.725+0000] {local_task_job_runner.py:243} INFO - Task exited with return code 0
[2026-02-26T17:56:09.802+0000] {taskinstance.py:3503} INFO - 0 downstream tasks scheduled from follow-on schedule check
[2026-02-26T17:56:09.816+0000] {local_task_job_runner.py:222} INFO - ::endgroup::
[2026-02-27T19:01:23.953+0000] {local_task_job_runner.py:120} INFO - ::group::Pre task execution logs
[2026-02-27T19:01:24.017+0000] {taskinstance.py:2076} INFO - Dependencies all met for dep_context=non-requeueable deps ti=<TaskInstance: oltp_s3_dwh.upload_s3_to_dwh_dict_mcc scheduled__2025-09-01T00:00:00+00:00 [queued]>
[2026-02-27T19:01:24.088+0000] {taskinstance.py:2076} INFO - Dependencies all met for dep_context=requeueable deps ti=<TaskInstance: oltp_s3_dwh.upload_s3_to_dwh_dict_mcc scheduled__2025-09-01T00:00:00+00:00 [queued]>
[2026-02-27T19:01:24.089+0000] {taskinstance.py:2306} INFO - Starting attempt 1 of 1
[2026-02-27T19:01:24.145+0000] {taskinstance.py:2330} INFO - Executing <Task(PythonOperator): upload_s3_to_dwh_dict_mcc> on 2025-09-01 00:00:00+00:00
[2026-02-27T19:01:24.206+0000] {standard_task_runner.py:90} INFO - Running: ['***', 'tasks', 'run', 'oltp_s3_dwh', 'upload_s3_to_dwh_dict_mcc', 'scheduled__2025-09-01T00:00:00+00:00', '--job-id', '1690', '--raw', '--subdir', 'DAGS_FOLDER/oltp_s3_dwh.py', '--cfg-path', '/tmp/tmpf_10cazz']
[2026-02-27T19:01:24.213+0000] {standard_task_runner.py:91} INFO - Job 1690: Subtask upload_s3_to_dwh_dict_mcc
[2026-02-27T19:01:24.185+0000] {logging_mixin.py:188} WARNING - /home/***/.local/lib/python3.12/site-packages/***/task/task_runner/standard_task_runner.py:62 DeprecationWarning: This process (pid=32768) is multi-threaded, use of fork() may lead to deadlocks in the child.
[2026-02-27T19:01:24.214+0000] {standard_task_runner.py:64} INFO - Started process 32787 to run task
[2026-02-27T19:01:24.362+0000] {task_command.py:426} INFO - Running <TaskInstance: oltp_s3_dwh.upload_s3_to_dwh_dict_mcc scheduled__2025-09-01T00:00:00+00:00 [running]> on host 31b45edbecf3
[2026-02-27T19:01:24.661+0000] {taskinstance.py:2648} INFO - Exporting env vars: AIRFLOW_CTX_DAG_OWNER='***' AIRFLOW_CTX_DAG_ID='oltp_s3_dwh' AIRFLOW_CTX_TASK_ID='upload_s3_to_dwh_dict_mcc' AIRFLOW_CTX_EXECUTION_DATE='2025-09-01T00:00:00+00:00' AIRFLOW_CTX_TRY_NUMBER='1' AIRFLOW_CTX_DAG_RUN_ID='scheduled__2025-09-01T00:00:00+00:00'
[2026-02-27T19:01:24.676+0000] {taskinstance.py:430} INFO - ::endgroup::
[2026-02-27T19:01:24.749+0000] {base.py:84} INFO - Using connection ID 'postgres_dwh' for task execution.
[2026-02-27T19:01:24.755+0000] {sql.py:495} INFO - Running statement: SELECT table_schema, table_name FROM information_schema.tables WHERE table_schema = 'staging';, parameters: None
[2026-02-27T19:01:24.758+0000] {sql.py:504} INFO - Rows affected: 9
[2026-02-27T19:01:24.760+0000] {logging_mixin.py:188} INFO - DEBUG: Доступные таблицы в схеме staging: [('staging', 'exchange_rates'), ('staging', 'cards'), ('staging', 'users'), ('staging', 'accounts'), ('staging', 'dict_mcc'), ('staging', 'transactions'), ('staging', 'dict_merchants'), ('staging', 'dict_regions'), ('staging', 'dict_tariffs')]
[2026-02-27T19:01:24.774+0000] {base.py:84} INFO - Using connection ID 'minio_conn_id' for task execution.
[2026-02-27T19:01:24.775+0000] {connection_wrapper.py:384} INFO - AWS Connection (conn_id='minio_conn_id', conn_type='aws') credentials retrieved from login and ***.
[2026-02-27T19:01:25.394+0000] {base.py:84} INFO - Using connection ID 'postgres_dwh' for task execution.
[2026-02-27T19:01:25.416+0000] {logging_mixin.py:188} INFO - Successfully loaded dict_mcc using copy_expert
[2026-02-27T19:01:25.419+0000] {python.py:237} INFO - Done. Returned value was: None
[2026-02-27T19:01:25.421+0000] {taskinstance.py:441} INFO - ::group::Post task execution logs
[2026-02-27T19:01:25.434+0000] {taskinstance.py:1206} INFO - Marking task as SUCCESS. dag_id=oltp_s3_dwh, task_id=upload_s3_to_dwh_dict_mcc, run_id=scheduled__2025-09-01T00:00:00+00:00, execution_date=20250901T000000, start_date=20260227T190124, end_date=20260227T190125
[2026-02-27T19:01:25.476+0000] {local_task_job_runner.py:243} INFO - Task exited with return code 0
[2026-02-27T19:01:25.505+0000] {taskinstance.py:3503} INFO - 0 downstream tasks scheduled from follow-on schedule check
[2026-02-27T19:01:25.508+0000] {local_task_job_runner.py:222} INFO - ::endgroup::
