[2026-02-26T12:07:21.273+0000] {local_task_job_runner.py:120} INFO - ::group::Pre task execution logs
[2026-02-26T12:07:21.344+0000] {taskinstance.py:2076} INFO - Dependencies all met for dep_context=non-requeueable deps ti=<TaskInstance: oltp_s3_dwh.upload_postgre_to_s3_dict_mcc scheduled__2025-11-01T00:00:00+00:00 [queued]>
[2026-02-26T12:07:21.399+0000] {taskinstance.py:2076} INFO - Dependencies all met for dep_context=requeueable deps ti=<TaskInstance: oltp_s3_dwh.upload_postgre_to_s3_dict_mcc scheduled__2025-11-01T00:00:00+00:00 [queued]>
[2026-02-26T12:07:21.407+0000] {taskinstance.py:2306} INFO - Starting attempt 1 of 1
[2026-02-26T12:07:21.527+0000] {taskinstance.py:2330} INFO - Executing <Task(PythonOperator): upload_postgre_to_s3_dict_mcc> on 2025-11-01 00:00:00+00:00
[2026-02-26T12:07:21.595+0000] {standard_task_runner.py:90} INFO - Running: ['***', 'tasks', 'run', 'oltp_s3_dwh', 'upload_postgre_to_s3_dict_mcc', 'scheduled__2025-11-01T00:00:00+00:00', '--job-id', '1069', '--raw', '--subdir', 'DAGS_FOLDER/oltp_s3_dwh_dict.py', '--cfg-path', '/tmp/tmp8c35s3ac']
[2026-02-26T12:07:21.576+0000] {logging_mixin.py:188} WARNING - /home/***/.local/lib/python3.12/site-packages/***/task/task_runner/standard_task_runner.py:62 DeprecationWarning: This process (pid=4753) is multi-threaded, use of fork() may lead to deadlocks in the child.
[2026-02-26T12:07:21.633+0000] {standard_task_runner.py:64} INFO - Started process 4790 to run task
[2026-02-26T12:07:21.632+0000] {standard_task_runner.py:91} INFO - Job 1069: Subtask upload_postgre_to_s3_dict_mcc
[2026-02-26T12:07:22.174+0000] {task_command.py:426} INFO - Running <TaskInstance: oltp_s3_dwh.upload_postgre_to_s3_dict_mcc scheduled__2025-11-01T00:00:00+00:00 [running]> on host 31b45edbecf3
[2026-02-26T12:07:22.696+0000] {taskinstance.py:2648} INFO - Exporting env vars: AIRFLOW_CTX_DAG_OWNER='***' AIRFLOW_CTX_DAG_ID='oltp_s3_dwh' AIRFLOW_CTX_TASK_ID='upload_postgre_to_s3_dict_mcc' AIRFLOW_CTX_EXECUTION_DATE='2025-11-01T00:00:00+00:00' AIRFLOW_CTX_TRY_NUMBER='1' AIRFLOW_CTX_DAG_RUN_ID='scheduled__2025-11-01T00:00:00+00:00'
[2026-02-26T12:07:22.701+0000] {taskinstance.py:430} INFO - ::endgroup::
[2026-02-26T12:07:22.793+0000] {base.py:84} INFO - Using connection ID 'postgres_oltp' for task execution.
[2026-02-26T12:07:22.830+0000] {logging_mixin.py:188} WARNING - /home/***/.local/lib/python3.12/site-packages/***/providers/common/sql/hooks/sql.py:269 UserWarning: pandas only supports SQLAlchemy connectable (engine/connection) or database string URI or sqlite3 DBAPI2 connection. Other DBAPI2 objects are not tested. Please consider using SQLAlchemy.
[2026-02-26T12:07:23.097+0000] {base.py:84} INFO - Using connection ID 'minio_conn_id' for task execution.
[2026-02-26T12:07:23.107+0000] {connection_wrapper.py:384} INFO - AWS Connection (conn_id='minio_conn_id', conn_type='aws') credentials retrieved from login and ***.
[2026-02-26T12:07:24.453+0000] {python.py:237} INFO - Done. Returned value was: None
[2026-02-26T12:07:24.454+0000] {taskinstance.py:441} INFO - ::group::Post task execution logs
[2026-02-26T12:07:24.466+0000] {taskinstance.py:1206} INFO - Marking task as SUCCESS. dag_id=oltp_s3_dwh, task_id=upload_postgre_to_s3_dict_mcc, run_id=scheduled__2025-11-01T00:00:00+00:00, execution_date=20251101T000000, start_date=20260226T120721, end_date=20260226T120724
[2026-02-26T12:07:24.605+0000] {local_task_job_runner.py:243} INFO - Task exited with return code 0
[2026-02-26T12:07:24.649+0000] {taskinstance.py:3503} INFO - 0 downstream tasks scheduled from follow-on schedule check
[2026-02-26T12:07:24.655+0000] {local_task_job_runner.py:222} INFO - ::endgroup::
[2026-02-27T19:01:41.493+0000] {local_task_job_runner.py:120} INFO - ::group::Pre task execution logs
[2026-02-27T19:01:41.528+0000] {taskinstance.py:2076} INFO - Dependencies all met for dep_context=non-requeueable deps ti=<TaskInstance: oltp_s3_dwh.upload_postgre_to_s3_dict_mcc scheduled__2025-11-01T00:00:00+00:00 [queued]>
[2026-02-27T19:01:41.554+0000] {taskinstance.py:2076} INFO - Dependencies all met for dep_context=requeueable deps ti=<TaskInstance: oltp_s3_dwh.upload_postgre_to_s3_dict_mcc scheduled__2025-11-01T00:00:00+00:00 [queued]>
[2026-02-27T19:01:41.556+0000] {taskinstance.py:2306} INFO - Starting attempt 1 of 1
[2026-02-27T19:01:41.593+0000] {taskinstance.py:2330} INFO - Executing <Task(PythonOperator): upload_postgre_to_s3_dict_mcc> on 2025-11-01 00:00:00+00:00
[2026-02-27T19:01:41.635+0000] {logging_mixin.py:188} WARNING - /home/***/.local/lib/python3.12/site-packages/***/task/task_runner/standard_task_runner.py:62 DeprecationWarning: This process (pid=32931) is multi-threaded, use of fork() may lead to deadlocks in the child.
[2026-02-27T19:01:41.639+0000] {standard_task_runner.py:90} INFO - Running: ['***', 'tasks', 'run', 'oltp_s3_dwh', 'upload_postgre_to_s3_dict_mcc', 'scheduled__2025-11-01T00:00:00+00:00', '--job-id', '1721', '--raw', '--subdir', 'DAGS_FOLDER/oltp_s3_dwh.py', '--cfg-path', '/tmp/tmpmlyw8en4']
[2026-02-27T19:01:41.657+0000] {standard_task_runner.py:91} INFO - Job 1721: Subtask upload_postgre_to_s3_dict_mcc
[2026-02-27T19:01:41.656+0000] {standard_task_runner.py:64} INFO - Started process 32951 to run task
[2026-02-27T19:01:41.836+0000] {task_command.py:426} INFO - Running <TaskInstance: oltp_s3_dwh.upload_postgre_to_s3_dict_mcc scheduled__2025-11-01T00:00:00+00:00 [running]> on host 31b45edbecf3
[2026-02-27T19:01:42.207+0000] {taskinstance.py:2648} INFO - Exporting env vars: AIRFLOW_CTX_DAG_OWNER='***' AIRFLOW_CTX_DAG_ID='oltp_s3_dwh' AIRFLOW_CTX_TASK_ID='upload_postgre_to_s3_dict_mcc' AIRFLOW_CTX_EXECUTION_DATE='2025-11-01T00:00:00+00:00' AIRFLOW_CTX_TRY_NUMBER='1' AIRFLOW_CTX_DAG_RUN_ID='scheduled__2025-11-01T00:00:00+00:00'
[2026-02-27T19:01:42.210+0000] {taskinstance.py:430} INFO - ::endgroup::
[2026-02-27T19:01:42.310+0000] {base.py:84} INFO - Using connection ID 'postgres_oltp' for task execution.
[2026-02-27T19:01:42.330+0000] {logging_mixin.py:188} WARNING - /home/***/.local/lib/python3.12/site-packages/***/providers/common/sql/hooks/sql.py:269 UserWarning: pandas only supports SQLAlchemy connectable (engine/connection) or database string URI or sqlite3 DBAPI2 connection. Other DBAPI2 objects are not tested. Please consider using SQLAlchemy.
[2026-02-27T19:01:42.427+0000] {base.py:84} INFO - Using connection ID 'minio_conn_id' for task execution.
[2026-02-27T19:01:42.429+0000] {connection_wrapper.py:384} INFO - AWS Connection (conn_id='minio_conn_id', conn_type='aws') credentials retrieved from login and ***.
[2026-02-27T19:01:43.071+0000] {python.py:237} INFO - Done. Returned value was: None
[2026-02-27T19:01:43.073+0000] {taskinstance.py:441} INFO - ::group::Post task execution logs
[2026-02-27T19:01:43.090+0000] {taskinstance.py:1206} INFO - Marking task as SUCCESS. dag_id=oltp_s3_dwh, task_id=upload_postgre_to_s3_dict_mcc, run_id=scheduled__2025-11-01T00:00:00+00:00, execution_date=20251101T000000, start_date=20260227T190141, end_date=20260227T190143
[2026-02-27T19:01:43.141+0000] {local_task_job_runner.py:243} INFO - Task exited with return code 0
[2026-02-27T19:01:43.160+0000] {local_task_job_runner.py:222} INFO - ::endgroup::
