[2026-02-26T17:55:36.266+0000] {local_task_job_runner.py:120} INFO - ::group::Pre task execution logs
[2026-02-26T17:55:36.334+0000] {taskinstance.py:2076} INFO - Dependencies all met for dep_context=non-requeueable deps ti=<TaskInstance: oltp_s3_dwh.upload_s3_to_dwh_cards scheduled__2025-03-01T00:00:00+00:00 [queued]>
[2026-02-26T17:55:36.383+0000] {taskinstance.py:2076} INFO - Dependencies all met for dep_context=requeueable deps ti=<TaskInstance: oltp_s3_dwh.upload_s3_to_dwh_cards scheduled__2025-03-01T00:00:00+00:00 [queued]>
[2026-02-26T17:55:36.383+0000] {taskinstance.py:2306} INFO - Starting attempt 1 of 1
[2026-02-26T17:55:36.468+0000] {taskinstance.py:2330} INFO - Executing <Task(PythonOperator): upload_s3_to_dwh_cards> on 2025-03-01 00:00:00+00:00
[2026-02-26T17:55:36.517+0000] {logging_mixin.py:188} WARNING - /home/***/.local/lib/python3.12/site-packages/***/task/task_runner/standard_task_runner.py:62 DeprecationWarning: This process (pid=6735) is multi-threaded, use of fork() may lead to deadlocks in the child.
[2026-02-26T17:55:36.530+0000] {standard_task_runner.py:64} INFO - Started process 6773 to run task
[2026-02-26T17:55:36.494+0000] {standard_task_runner.py:90} INFO - Running: ['***', 'tasks', 'run', 'oltp_s3_dwh', 'upload_s3_to_dwh_cards', 'scheduled__2025-03-01T00:00:00+00:00', '--job-id', '1187', '--raw', '--subdir', 'DAGS_FOLDER/oltp_s3_dwh.py', '--cfg-path', '/tmp/tmpi4rzxy97']
[2026-02-26T17:55:36.544+0000] {standard_task_runner.py:91} INFO - Job 1187: Subtask upload_s3_to_dwh_cards
[2026-02-26T17:55:36.770+0000] {task_command.py:426} INFO - Running <TaskInstance: oltp_s3_dwh.upload_s3_to_dwh_cards scheduled__2025-03-01T00:00:00+00:00 [running]> on host 31b45edbecf3
[2026-02-26T17:55:37.376+0000] {taskinstance.py:2648} INFO - Exporting env vars: AIRFLOW_CTX_DAG_OWNER='***' AIRFLOW_CTX_DAG_ID='oltp_s3_dwh' AIRFLOW_CTX_TASK_ID='upload_s3_to_dwh_cards' AIRFLOW_CTX_EXECUTION_DATE='2025-03-01T00:00:00+00:00' AIRFLOW_CTX_TRY_NUMBER='1' AIRFLOW_CTX_DAG_RUN_ID='scheduled__2025-03-01T00:00:00+00:00'
[2026-02-26T17:55:37.378+0000] {taskinstance.py:430} INFO - ::endgroup::
[2026-02-26T17:55:37.468+0000] {base.py:84} INFO - Using connection ID 'postgres_dwh' for task execution.
[2026-02-26T17:55:37.498+0000] {sql.py:495} INFO - Running statement: SELECT table_schema, table_name FROM information_schema.tables WHERE table_schema = 'staging';, parameters: None
[2026-02-26T17:55:37.525+0000] {sql.py:504} INFO - Rows affected: 9
[2026-02-26T17:55:37.531+0000] {logging_mixin.py:188} INFO - DEBUG: Доступные таблицы в схеме staging: [('staging', 'exchange_rates'), ('staging', 'users'), ('staging', 'accounts'), ('staging', 'dict_mcc'), ('staging', 'dict_tariffs'), ('staging', 'dict_merchants'), ('staging', 'transactions'), ('staging', 'dict_regions'), ('staging', 'cards')]
[2026-02-26T17:55:37.556+0000] {base.py:84} INFO - Using connection ID 'minio_conn_id' for task execution.
[2026-02-26T17:55:37.571+0000] {connection_wrapper.py:384} INFO - AWS Connection (conn_id='minio_conn_id', conn_type='aws') credentials retrieved from login and ***.
[2026-02-26T17:55:41.990+0000] {base.py:84} INFO - Using connection ID 'postgres_dwh' for task execution.
[2026-02-26T17:55:42.021+0000] {logging_mixin.py:188} INFO - Successfully loaded cards using copy_expert
[2026-02-26T17:55:42.026+0000] {python.py:237} INFO - Done. Returned value was: None
[2026-02-26T17:55:42.027+0000] {taskinstance.py:441} INFO - ::group::Post task execution logs
[2026-02-26T17:55:42.062+0000] {taskinstance.py:1206} INFO - Marking task as SUCCESS. dag_id=oltp_s3_dwh, task_id=upload_s3_to_dwh_cards, run_id=scheduled__2025-03-01T00:00:00+00:00, execution_date=20250301T000000, start_date=20260226T175536, end_date=20260226T175542
[2026-02-26T17:55:42.168+0000] {local_task_job_runner.py:243} INFO - Task exited with return code 0
[2026-02-26T17:55:42.205+0000] {taskinstance.py:3503} INFO - 0 downstream tasks scheduled from follow-on schedule check
[2026-02-26T17:55:42.214+0000] {local_task_job_runner.py:222} INFO - ::endgroup::
[2026-02-27T19:00:09.600+0000] {local_task_job_runner.py:120} INFO - ::group::Pre task execution logs
[2026-02-27T19:00:09.633+0000] {taskinstance.py:2076} INFO - Dependencies all met for dep_context=non-requeueable deps ti=<TaskInstance: oltp_s3_dwh.upload_s3_to_dwh_cards scheduled__2025-03-01T00:00:00+00:00 [queued]>
[2026-02-27T19:00:09.678+0000] {taskinstance.py:2076} INFO - Dependencies all met for dep_context=requeueable deps ti=<TaskInstance: oltp_s3_dwh.upload_s3_to_dwh_cards scheduled__2025-03-01T00:00:00+00:00 [queued]>
[2026-02-27T19:00:09.681+0000] {taskinstance.py:2306} INFO - Starting attempt 1 of 1
[2026-02-27T19:00:09.722+0000] {taskinstance.py:2330} INFO - Executing <Task(PythonOperator): upload_s3_to_dwh_cards> on 2025-03-01 00:00:00+00:00
[2026-02-27T19:00:09.739+0000] {logging_mixin.py:188} WARNING - /home/***/.local/lib/python3.12/site-packages/***/task/task_runner/standard_task_runner.py:62 DeprecationWarning: This process (pid=32131) is multi-threaded, use of fork() may lead to deadlocks in the child.
[2026-02-27T19:00:09.741+0000] {standard_task_runner.py:64} INFO - Started process 32147 to run task
[2026-02-27T19:00:09.746+0000] {standard_task_runner.py:90} INFO - Running: ['***', 'tasks', 'run', 'oltp_s3_dwh', 'upload_s3_to_dwh_cards', 'scheduled__2025-03-01T00:00:00+00:00', '--job-id', '1557', '--raw', '--subdir', 'DAGS_FOLDER/oltp_s3_dwh.py', '--cfg-path', '/tmp/tmp5d34wb73']
[2026-02-27T19:00:09.750+0000] {standard_task_runner.py:91} INFO - Job 1557: Subtask upload_s3_to_dwh_cards
[2026-02-27T19:00:09.867+0000] {task_command.py:426} INFO - Running <TaskInstance: oltp_s3_dwh.upload_s3_to_dwh_cards scheduled__2025-03-01T00:00:00+00:00 [running]> on host 31b45edbecf3
[2026-02-27T19:00:10.132+0000] {taskinstance.py:2648} INFO - Exporting env vars: AIRFLOW_CTX_DAG_OWNER='***' AIRFLOW_CTX_DAG_ID='oltp_s3_dwh' AIRFLOW_CTX_TASK_ID='upload_s3_to_dwh_cards' AIRFLOW_CTX_EXECUTION_DATE='2025-03-01T00:00:00+00:00' AIRFLOW_CTX_TRY_NUMBER='1' AIRFLOW_CTX_DAG_RUN_ID='scheduled__2025-03-01T00:00:00+00:00'
[2026-02-27T19:00:10.134+0000] {taskinstance.py:430} INFO - ::endgroup::
[2026-02-27T19:00:10.173+0000] {base.py:84} INFO - Using connection ID 'postgres_dwh' for task execution.
[2026-02-27T19:00:10.195+0000] {sql.py:495} INFO - Running statement: SELECT table_schema, table_name FROM information_schema.tables WHERE table_schema = 'staging';, parameters: None
[2026-02-27T19:00:10.200+0000] {sql.py:504} INFO - Rows affected: 9
[2026-02-27T19:00:10.204+0000] {logging_mixin.py:188} INFO - DEBUG: Доступные таблицы в схеме staging: [('staging', 'exchange_rates'), ('staging', 'transactions'), ('staging', 'cards'), ('staging', 'users'), ('staging', 'accounts'), ('staging', 'dict_merchants'), ('staging', 'dict_tariffs'), ('staging', 'dict_regions'), ('staging', 'dict_mcc')]
[2026-02-27T19:00:10.224+0000] {base.py:84} INFO - Using connection ID 'minio_conn_id' for task execution.
[2026-02-27T19:00:10.226+0000] {connection_wrapper.py:384} INFO - AWS Connection (conn_id='minio_conn_id', conn_type='aws') credentials retrieved from login and ***.
[2026-02-27T19:00:11.325+0000] {logging_mixin.py:188} INFO - Файл raw/not_dict/cards/2025-03-01/data.parquet не найден в S3. Пропускаем загрузку.
[2026-02-27T19:00:11.329+0000] {python.py:237} INFO - Done. Returned value was: None
[2026-02-27T19:00:11.336+0000] {taskinstance.py:441} INFO - ::group::Post task execution logs
[2026-02-27T19:00:11.353+0000] {taskinstance.py:1206} INFO - Marking task as SUCCESS. dag_id=oltp_s3_dwh, task_id=upload_s3_to_dwh_cards, run_id=scheduled__2025-03-01T00:00:00+00:00, execution_date=20250301T000000, start_date=20260227T190009, end_date=20260227T190011
[2026-02-27T19:00:11.407+0000] {local_task_job_runner.py:243} INFO - Task exited with return code 0
[2026-02-27T19:00:11.469+0000] {taskinstance.py:3503} INFO - 0 downstream tasks scheduled from follow-on schedule check
[2026-02-27T19:00:11.494+0000] {local_task_job_runner.py:222} INFO - ::endgroup::
