[2026-02-26T17:56:13.182+0000] {local_task_job_runner.py:120} INFO - ::group::Pre task execution logs
[2026-02-26T17:56:13.291+0000] {taskinstance.py:2076} INFO - Dependencies all met for dep_context=non-requeueable deps ti=<TaskInstance: oltp_s3_dwh.upload_s3_to_dwh_users scheduled__2025-10-01T00:00:00+00:00 [queued]>
[2026-02-26T17:56:13.374+0000] {taskinstance.py:2076} INFO - Dependencies all met for dep_context=requeueable deps ti=<TaskInstance: oltp_s3_dwh.upload_s3_to_dwh_users scheduled__2025-10-01T00:00:00+00:00 [queued]>
[2026-02-26T17:56:13.381+0000] {taskinstance.py:2306} INFO - Starting attempt 1 of 1
[2026-02-26T17:56:13.516+0000] {taskinstance.py:2330} INFO - Executing <Task(PythonOperator): upload_s3_to_dwh_users> on 2025-10-01 00:00:00+00:00
[2026-02-26T17:56:13.594+0000] {standard_task_runner.py:90} INFO - Running: ['***', 'tasks', 'run', 'oltp_s3_dwh', 'upload_s3_to_dwh_users', 'scheduled__2025-10-01T00:00:00+00:00', '--job-id', '1242', '--raw', '--subdir', 'DAGS_FOLDER/oltp_s3_dwh.py', '--cfg-path', '/tmp/tmpy3voscb7']
[2026-02-26T17:56:13.618+0000] {logging_mixin.py:188} WARNING - /home/***/.local/lib/python3.12/site-packages/***/task/task_runner/standard_task_runner.py:62 DeprecationWarning: This process (pid=7155) is multi-threaded, use of fork() may lead to deadlocks in the child.
[2026-02-26T17:56:13.755+0000] {standard_task_runner.py:91} INFO - Job 1242: Subtask upload_s3_to_dwh_users
[2026-02-26T17:56:13.756+0000] {standard_task_runner.py:64} INFO - Started process 7213 to run task
[2026-02-26T17:56:13.987+0000] {task_command.py:426} INFO - Running <TaskInstance: oltp_s3_dwh.upload_s3_to_dwh_users scheduled__2025-10-01T00:00:00+00:00 [running]> on host 31b45edbecf3
[2026-02-26T17:56:14.783+0000] {taskinstance.py:2648} INFO - Exporting env vars: AIRFLOW_CTX_DAG_OWNER='***' AIRFLOW_CTX_DAG_ID='oltp_s3_dwh' AIRFLOW_CTX_TASK_ID='upload_s3_to_dwh_users' AIRFLOW_CTX_EXECUTION_DATE='2025-10-01T00:00:00+00:00' AIRFLOW_CTX_TRY_NUMBER='1' AIRFLOW_CTX_DAG_RUN_ID='scheduled__2025-10-01T00:00:00+00:00'
[2026-02-26T17:56:14.787+0000] {taskinstance.py:430} INFO - ::endgroup::
[2026-02-26T17:56:14.882+0000] {base.py:84} INFO - Using connection ID 'postgres_dwh' for task execution.
[2026-02-26T17:56:14.911+0000] {sql.py:495} INFO - Running statement: SELECT table_schema, table_name FROM information_schema.tables WHERE table_schema = 'staging';, parameters: None
[2026-02-26T17:56:14.915+0000] {sql.py:504} INFO - Rows affected: 9
[2026-02-26T17:56:14.918+0000] {logging_mixin.py:188} INFO - DEBUG: Доступные таблицы в схеме staging: [('staging', 'exchange_rates'), ('staging', 'users'), ('staging', 'accounts'), ('staging', 'transactions'), ('staging', 'dict_mcc'), ('staging', 'dict_merchants'), ('staging', 'dict_tariffs'), ('staging', 'cards'), ('staging', 'dict_regions')]
[2026-02-26T17:56:14.953+0000] {base.py:84} INFO - Using connection ID 'minio_conn_id' for task execution.
[2026-02-26T17:56:14.955+0000] {connection_wrapper.py:384} INFO - AWS Connection (conn_id='minio_conn_id', conn_type='aws') credentials retrieved from login and ***.
[2026-02-26T17:56:16.640+0000] {logging_mixin.py:188} INFO - Файл raw/not_dict/users/2025-10-01/data.parquet не найден в S3. Пропускаем загрузку.
[2026-02-26T17:56:16.651+0000] {python.py:237} INFO - Done. Returned value was: None
[2026-02-26T17:56:16.661+0000] {taskinstance.py:441} INFO - ::group::Post task execution logs
[2026-02-26T17:56:16.694+0000] {taskinstance.py:1206} INFO - Marking task as SUCCESS. dag_id=oltp_s3_dwh, task_id=upload_s3_to_dwh_users, run_id=scheduled__2025-10-01T00:00:00+00:00, execution_date=20251001T000000, start_date=20260226T175613, end_date=20260226T175616
[2026-02-26T17:56:16.827+0000] {local_task_job_runner.py:243} INFO - Task exited with return code 0
[2026-02-26T17:56:16.882+0000] {taskinstance.py:3503} INFO - 0 downstream tasks scheduled from follow-on schedule check
[2026-02-26T17:56:16.908+0000] {local_task_job_runner.py:222} INFO - ::endgroup::
[2026-02-27T19:01:32.021+0000] {local_task_job_runner.py:120} INFO - ::group::Pre task execution logs
[2026-02-27T19:01:32.097+0000] {taskinstance.py:2076} INFO - Dependencies all met for dep_context=non-requeueable deps ti=<TaskInstance: oltp_s3_dwh.upload_s3_to_dwh_users scheduled__2025-10-01T00:00:00+00:00 [queued]>
[2026-02-27T19:01:32.183+0000] {taskinstance.py:2076} INFO - Dependencies all met for dep_context=requeueable deps ti=<TaskInstance: oltp_s3_dwh.upload_s3_to_dwh_users scheduled__2025-10-01T00:00:00+00:00 [queued]>
[2026-02-27T19:01:32.186+0000] {taskinstance.py:2306} INFO - Starting attempt 1 of 1
[2026-02-27T19:01:32.254+0000] {taskinstance.py:2330} INFO - Executing <Task(PythonOperator): upload_s3_to_dwh_users> on 2025-10-01 00:00:00+00:00
[2026-02-27T19:01:32.314+0000] {logging_mixin.py:188} WARNING - /home/***/.local/lib/python3.12/site-packages/***/task/task_runner/standard_task_runner.py:62 DeprecationWarning: This process (pid=32855) is multi-threaded, use of fork() may lead to deadlocks in the child.
[2026-02-27T19:01:32.320+0000] {standard_task_runner.py:64} INFO - Started process 32883 to run task
[2026-02-27T19:01:32.322+0000] {standard_task_runner.py:90} INFO - Running: ['***', 'tasks', 'run', 'oltp_s3_dwh', 'upload_s3_to_dwh_users', 'scheduled__2025-10-01T00:00:00+00:00', '--job-id', '1703', '--raw', '--subdir', 'DAGS_FOLDER/oltp_s3_dwh.py', '--cfg-path', '/tmp/tmp2ea_0yx8']
[2026-02-27T19:01:32.330+0000] {standard_task_runner.py:91} INFO - Job 1703: Subtask upload_s3_to_dwh_users
[2026-02-27T19:01:32.546+0000] {task_command.py:426} INFO - Running <TaskInstance: oltp_s3_dwh.upload_s3_to_dwh_users scheduled__2025-10-01T00:00:00+00:00 [running]> on host 31b45edbecf3
[2026-02-27T19:01:32.877+0000] {taskinstance.py:2648} INFO - Exporting env vars: AIRFLOW_CTX_DAG_OWNER='***' AIRFLOW_CTX_DAG_ID='oltp_s3_dwh' AIRFLOW_CTX_TASK_ID='upload_s3_to_dwh_users' AIRFLOW_CTX_EXECUTION_DATE='2025-10-01T00:00:00+00:00' AIRFLOW_CTX_TRY_NUMBER='1' AIRFLOW_CTX_DAG_RUN_ID='scheduled__2025-10-01T00:00:00+00:00'
[2026-02-27T19:01:32.880+0000] {taskinstance.py:430} INFO - ::endgroup::
[2026-02-27T19:01:32.984+0000] {base.py:84} INFO - Using connection ID 'postgres_dwh' for task execution.
[2026-02-27T19:01:33.007+0000] {sql.py:495} INFO - Running statement: SELECT table_schema, table_name FROM information_schema.tables WHERE table_schema = 'staging';, parameters: None
[2026-02-27T19:01:33.011+0000] {sql.py:504} INFO - Rows affected: 9
[2026-02-27T19:01:33.013+0000] {logging_mixin.py:188} INFO - DEBUG: Доступные таблицы в схеме staging: [('staging', 'exchange_rates'), ('staging', 'cards'), ('staging', 'users'), ('staging', 'accounts'), ('staging', 'dict_regions'), ('staging', 'dict_tariffs'), ('staging', 'transactions'), ('staging', 'dict_merchants'), ('staging', 'dict_mcc')]
[2026-02-27T19:01:33.024+0000] {base.py:84} INFO - Using connection ID 'minio_conn_id' for task execution.
[2026-02-27T19:01:33.030+0000] {connection_wrapper.py:384} INFO - AWS Connection (conn_id='minio_conn_id', conn_type='aws') credentials retrieved from login and ***.
[2026-02-27T19:01:34.050+0000] {logging_mixin.py:188} INFO - Файл raw/not_dict/users/2025-10-01/data.parquet не найден в S3. Пропускаем загрузку.
[2026-02-27T19:01:34.054+0000] {python.py:237} INFO - Done. Returned value was: None
[2026-02-27T19:01:34.055+0000] {taskinstance.py:441} INFO - ::group::Post task execution logs
[2026-02-27T19:01:34.085+0000] {taskinstance.py:1206} INFO - Marking task as SUCCESS. dag_id=oltp_s3_dwh, task_id=upload_s3_to_dwh_users, run_id=scheduled__2025-10-01T00:00:00+00:00, execution_date=20251001T000000, start_date=20260227T190132, end_date=20260227T190134
[2026-02-27T19:01:34.157+0000] {local_task_job_runner.py:243} INFO - Task exited with return code 0
[2026-02-27T19:01:34.230+0000] {taskinstance.py:3503} INFO - 0 downstream tasks scheduled from follow-on schedule check
[2026-02-27T19:01:34.237+0000] {local_task_job_runner.py:222} INFO - ::endgroup::
