[2026-02-27T10:31:42.020+0000] {local_task_job_runner.py:120} INFO - ::group::Pre task execution logs
[2026-02-27T10:31:42.064+0000] {taskinstance.py:2076} INFO - Dependencies all met for dep_context=non-requeueable deps ti=<TaskInstance: staging_to_core.wait_for_dict_tariffs scheduled__2025-08-01T00:00:00+00:00 [queued]>
[2026-02-27T10:31:42.076+0000] {taskinstance.py:2076} INFO - Dependencies all met for dep_context=requeueable deps ti=<TaskInstance: staging_to_core.wait_for_dict_tariffs scheduled__2025-08-01T00:00:00+00:00 [queued]>
[2026-02-27T10:31:42.077+0000] {taskinstance.py:2306} INFO - Starting attempt 1 of 1
[2026-02-27T10:31:42.097+0000] {taskinstance.py:2330} INFO - Executing <Task(ExternalTaskSensor): wait_for_dict_tariffs> on 2025-08-01 00:00:00+00:00
[2026-02-27T10:31:42.104+0000] {logging_mixin.py:188} WARNING - /home/***/.local/lib/python3.12/site-packages/***/task/task_runner/standard_task_runner.py:62 DeprecationWarning: This process (pid=9411) is multi-threaded, use of fork() may lead to deadlocks in the child.
[2026-02-27T10:31:42.106+0000] {standard_task_runner.py:64} INFO - Started process 9412 to run task
[2026-02-27T10:31:42.106+0000] {standard_task_runner.py:90} INFO - Running: ['***', 'tasks', 'run', 'staging_to_core', 'wait_for_dict_tariffs', 'scheduled__2025-08-01T00:00:00+00:00', '--job-id', '1409', '--raw', '--subdir', 'DAGS_FOLDER/staging_to_core.py', '--cfg-path', '/tmp/tmpbmtjvepy']
[2026-02-27T10:31:42.108+0000] {standard_task_runner.py:91} INFO - Job 1409: Subtask wait_for_dict_tariffs
[2026-02-27T10:31:42.175+0000] {task_command.py:426} INFO - Running <TaskInstance: staging_to_core.wait_for_dict_tariffs scheduled__2025-08-01T00:00:00+00:00 [running]> on host 31b45edbecf3
[2026-02-27T10:31:42.291+0000] {taskinstance.py:2648} INFO - Exporting env vars: AIRFLOW_CTX_DAG_OWNER='***' AIRFLOW_CTX_DAG_ID='staging_to_core' AIRFLOW_CTX_TASK_ID='wait_for_dict_tariffs' AIRFLOW_CTX_EXECUTION_DATE='2025-08-01T00:00:00+00:00' AIRFLOW_CTX_TRY_NUMBER='1' AIRFLOW_CTX_DAG_RUN_ID='scheduled__2025-08-01T00:00:00+00:00'
[2026-02-27T10:31:42.292+0000] {taskinstance.py:430} INFO - ::endgroup::
[2026-02-27T10:31:42.309+0000] {baseoperator.py:400} WARNING - ExternalTaskSensor.execute cannot be called outside TaskInstance!
[2026-02-27T10:31:42.323+0000] {external_task.py:258} INFO - Poking for tasks ['upload_s3_to_dwh_dict_tariffs'] in dag oltp_s3_dwh on 2025-08-01T00:00:00+00:00 ... 
[2026-02-27T10:31:42.326+0000] {logging_mixin.py:188} WARNING - /home/***/.local/lib/python3.12/site-packages/***/utils/session.py:79 DeprecationWarning: This method is deprecated and will be removed in future.
[2026-02-27T10:31:42.340+0000] {base.py:294} INFO - Success criteria met. Exiting.
[2026-02-27T10:31:42.341+0000] {taskinstance.py:441} INFO - ::group::Post task execution logs
[2026-02-27T10:31:42.355+0000] {taskinstance.py:1206} INFO - Marking task as SUCCESS. dag_id=staging_to_core, task_id=wait_for_dict_tariffs, run_id=scheduled__2025-08-01T00:00:00+00:00, execution_date=20250801T000000, start_date=20260227T103142, end_date=20260227T103142
[2026-02-27T10:31:42.402+0000] {local_task_job_runner.py:243} INFO - Task exited with return code 0
[2026-02-27T10:31:42.421+0000] {logging_mixin.py:188} WARNING - /home/***/.local/lib/python3.12/site-packages/***/models/baseoperator.py:1297 AirflowProviderDeprecationWarning: Call to deprecated class PostgresOperator. (Please use `***.providers.common.sql.operators.sql.SQLExecuteQueryOperator`.Also, you can provide `hook_params={'schema': <database>}`.)
[2026-02-27T10:31:42.466+0000] {taskinstance.py:3503} INFO - 1 downstream tasks scheduled from follow-on schedule check
[2026-02-27T10:31:42.470+0000] {local_task_job_runner.py:222} INFO - ::endgroup::
[2026-02-27T19:03:32.387+0000] {local_task_job_runner.py:120} INFO - ::group::Pre task execution logs
[2026-02-27T19:03:32.424+0000] {taskinstance.py:2076} INFO - Dependencies all met for dep_context=non-requeueable deps ti=<TaskInstance: staging_to_core.wait_for_dict_tariffs scheduled__2025-08-01T00:00:00+00:00 [queued]>
[2026-02-27T19:03:32.433+0000] {taskinstance.py:2076} INFO - Dependencies all met for dep_context=requeueable deps ti=<TaskInstance: staging_to_core.wait_for_dict_tariffs scheduled__2025-08-01T00:00:00+00:00 [queued]>
[2026-02-27T19:03:32.434+0000] {taskinstance.py:2306} INFO - Starting attempt 1 of 1
[2026-02-27T19:03:32.447+0000] {taskinstance.py:2330} INFO - Executing <Task(ExternalTaskSensor): wait_for_dict_tariffs> on 2025-08-01 00:00:00+00:00
[2026-02-27T19:03:32.455+0000] {logging_mixin.py:188} WARNING - /home/***/.local/lib/python3.12/site-packages/***/task/task_runner/standard_task_runner.py:62 DeprecationWarning: This process (pid=33459) is multi-threaded, use of fork() may lead to deadlocks in the child.
[2026-02-27T19:03:32.456+0000] {standard_task_runner.py:64} INFO - Started process 33460 to run task
[2026-02-27T19:03:32.455+0000] {standard_task_runner.py:90} INFO - Running: ['***', 'tasks', 'run', 'staging_to_core', 'wait_for_dict_tariffs', 'scheduled__2025-08-01T00:00:00+00:00', '--job-id', '1841', '--raw', '--subdir', 'DAGS_FOLDER/staging_to_core.py', '--cfg-path', '/tmp/tmpbvfg5g5q']
[2026-02-27T19:03:32.458+0000] {standard_task_runner.py:91} INFO - Job 1841: Subtask wait_for_dict_tariffs
[2026-02-27T19:03:32.509+0000] {task_command.py:426} INFO - Running <TaskInstance: staging_to_core.wait_for_dict_tariffs scheduled__2025-08-01T00:00:00+00:00 [running]> on host 31b45edbecf3
[2026-02-27T19:03:32.609+0000] {taskinstance.py:2648} INFO - Exporting env vars: AIRFLOW_CTX_DAG_OWNER='***' AIRFLOW_CTX_DAG_ID='staging_to_core' AIRFLOW_CTX_TASK_ID='wait_for_dict_tariffs' AIRFLOW_CTX_EXECUTION_DATE='2025-08-01T00:00:00+00:00' AIRFLOW_CTX_TRY_NUMBER='1' AIRFLOW_CTX_DAG_RUN_ID='scheduled__2025-08-01T00:00:00+00:00'
[2026-02-27T19:03:32.611+0000] {taskinstance.py:430} INFO - ::endgroup::
[2026-02-27T19:03:32.627+0000] {baseoperator.py:400} WARNING - ExternalTaskSensor.execute cannot be called outside TaskInstance!
[2026-02-27T19:03:32.636+0000] {external_task.py:258} INFO - Poking for tasks ['upload_s3_to_dwh_dict_tariffs'] in dag oltp_s3_dwh on 2025-08-01T00:00:00+00:00 ... 
[2026-02-27T19:03:32.640+0000] {logging_mixin.py:188} WARNING - /home/***/.local/lib/python3.12/site-packages/***/utils/session.py:79 DeprecationWarning: This method is deprecated and will be removed in future.
[2026-02-27T19:03:32.651+0000] {base.py:294} INFO - Success criteria met. Exiting.
[2026-02-27T19:03:32.652+0000] {taskinstance.py:441} INFO - ::group::Post task execution logs
[2026-02-27T19:03:32.662+0000] {taskinstance.py:1206} INFO - Marking task as SUCCESS. dag_id=staging_to_core, task_id=wait_for_dict_tariffs, run_id=scheduled__2025-08-01T00:00:00+00:00, execution_date=20250801T000000, start_date=20260227T190332, end_date=20260227T190332
[2026-02-27T19:03:32.714+0000] {local_task_job_runner.py:243} INFO - Task exited with return code 0
[2026-02-27T19:03:32.727+0000] {logging_mixin.py:188} WARNING - /home/***/.local/lib/python3.12/site-packages/***/models/baseoperator.py:1297 AirflowProviderDeprecationWarning: Call to deprecated class PostgresOperator. (Please use `***.providers.common.sql.operators.sql.SQLExecuteQueryOperator`.Also, you can provide `hook_params={'schema': <database>}`.)
[2026-02-27T19:03:32.760+0000] {taskinstance.py:3503} INFO - 1 downstream tasks scheduled from follow-on schedule check
[2026-02-27T19:03:32.763+0000] {local_task_job_runner.py:222} INFO - ::endgroup::
