[2026-02-26T12:07:27.004+0000] {local_task_job_runner.py:120} INFO - ::group::Pre task execution logs
[2026-02-26T12:07:27.067+0000] {taskinstance.py:2076} INFO - Dependencies all met for dep_context=non-requeueable deps ti=<TaskInstance: oltp_s3_dwh.upload_postgre_to_s3_dict_tariffs scheduled__2025-12-01T00:00:00+00:00 [queued]>
[2026-02-26T12:07:27.103+0000] {taskinstance.py:2076} INFO - Dependencies all met for dep_context=requeueable deps ti=<TaskInstance: oltp_s3_dwh.upload_postgre_to_s3_dict_tariffs scheduled__2025-12-01T00:00:00+00:00 [queued]>
[2026-02-26T12:07:27.115+0000] {taskinstance.py:2306} INFO - Starting attempt 1 of 1
[2026-02-26T12:07:27.196+0000] {taskinstance.py:2330} INFO - Executing <Task(PythonOperator): upload_postgre_to_s3_dict_tariffs> on 2025-12-01 00:00:00+00:00
[2026-02-26T12:07:27.249+0000] {logging_mixin.py:188} WARNING - /home/***/.local/lib/python3.12/site-packages/***/task/task_runner/standard_task_runner.py:62 DeprecationWarning: This process (pid=4828) is multi-threaded, use of fork() may lead to deadlocks in the child.
[2026-02-26T12:07:27.251+0000] {standard_task_runner.py:64} INFO - Started process 4868 to run task
[2026-02-26T12:07:27.251+0000] {standard_task_runner.py:90} INFO - Running: ['***', 'tasks', 'run', 'oltp_s3_dwh', 'upload_postgre_to_s3_dict_tariffs', 'scheduled__2025-12-01T00:00:00+00:00', '--job-id', '1081', '--raw', '--subdir', 'DAGS_FOLDER/oltp_s3_dwh_dict.py', '--cfg-path', '/tmp/tmp9aqcrot4']
[2026-02-26T12:07:27.301+0000] {standard_task_runner.py:91} INFO - Job 1081: Subtask upload_postgre_to_s3_dict_tariffs
[2026-02-26T12:07:27.486+0000] {task_command.py:426} INFO - Running <TaskInstance: oltp_s3_dwh.upload_postgre_to_s3_dict_tariffs scheduled__2025-12-01T00:00:00+00:00 [running]> on host 31b45edbecf3
[2026-02-26T12:07:27.808+0000] {taskinstance.py:2648} INFO - Exporting env vars: AIRFLOW_CTX_DAG_OWNER='***' AIRFLOW_CTX_DAG_ID='oltp_s3_dwh' AIRFLOW_CTX_TASK_ID='upload_postgre_to_s3_dict_tariffs' AIRFLOW_CTX_EXECUTION_DATE='2025-12-01T00:00:00+00:00' AIRFLOW_CTX_TRY_NUMBER='1' AIRFLOW_CTX_DAG_RUN_ID='scheduled__2025-12-01T00:00:00+00:00'
[2026-02-26T12:07:27.815+0000] {taskinstance.py:430} INFO - ::endgroup::
[2026-02-26T12:07:27.893+0000] {base.py:84} INFO - Using connection ID 'postgres_oltp' for task execution.
[2026-02-26T12:07:27.909+0000] {logging_mixin.py:188} WARNING - /home/***/.local/lib/python3.12/site-packages/***/providers/common/sql/hooks/sql.py:269 UserWarning: pandas only supports SQLAlchemy connectable (engine/connection) or database string URI or sqlite3 DBAPI2 connection. Other DBAPI2 objects are not tested. Please consider using SQLAlchemy.
[2026-02-26T12:07:27.974+0000] {base.py:84} INFO - Using connection ID 'minio_conn_id' for task execution.
[2026-02-26T12:07:27.976+0000] {connection_wrapper.py:384} INFO - AWS Connection (conn_id='minio_conn_id', conn_type='aws') credentials retrieved from login and ***.
[2026-02-26T12:07:29.623+0000] {python.py:237} INFO - Done. Returned value was: None
[2026-02-26T12:07:29.624+0000] {taskinstance.py:441} INFO - ::group::Post task execution logs
[2026-02-26T12:07:29.638+0000] {taskinstance.py:1206} INFO - Marking task as SUCCESS. dag_id=oltp_s3_dwh, task_id=upload_postgre_to_s3_dict_tariffs, run_id=scheduled__2025-12-01T00:00:00+00:00, execution_date=20251201T000000, start_date=20260226T120727, end_date=20260226T120729
[2026-02-26T12:07:29.735+0000] {local_task_job_runner.py:243} INFO - Task exited with return code 0
[2026-02-26T12:07:29.857+0000] {taskinstance.py:3503} INFO - 0 downstream tasks scheduled from follow-on schedule check
[2026-02-26T12:07:29.865+0000] {local_task_job_runner.py:222} INFO - ::endgroup::
[2026-02-27T19:01:53.954+0000] {local_task_job_runner.py:120} INFO - ::group::Pre task execution logs
[2026-02-27T19:01:54.023+0000] {taskinstance.py:2076} INFO - Dependencies all met for dep_context=non-requeueable deps ti=<TaskInstance: oltp_s3_dwh.upload_postgre_to_s3_dict_tariffs scheduled__2025-12-01T00:00:00+00:00 [queued]>
[2026-02-27T19:01:54.053+0000] {taskinstance.py:2076} INFO - Dependencies all met for dep_context=requeueable deps ti=<TaskInstance: oltp_s3_dwh.upload_postgre_to_s3_dict_tariffs scheduled__2025-12-01T00:00:00+00:00 [queued]>
[2026-02-27T19:01:54.054+0000] {taskinstance.py:2306} INFO - Starting attempt 1 of 1
[2026-02-27T19:01:54.125+0000] {taskinstance.py:2330} INFO - Executing <Task(PythonOperator): upload_postgre_to_s3_dict_tariffs> on 2025-12-01 00:00:00+00:00
[2026-02-27T19:01:54.139+0000] {logging_mixin.py:188} WARNING - /home/***/.local/lib/python3.12/site-packages/***/task/task_runner/standard_task_runner.py:62 DeprecationWarning: This process (pid=33043) is multi-threaded, use of fork() may lead to deadlocks in the child.
[2026-02-27T19:01:54.148+0000] {standard_task_runner.py:64} INFO - Started process 33059 to run task
[2026-02-27T19:01:54.169+0000] {standard_task_runner.py:90} INFO - Running: ['***', 'tasks', 'run', 'oltp_s3_dwh', 'upload_postgre_to_s3_dict_tariffs', 'scheduled__2025-12-01T00:00:00+00:00', '--job-id', '1740', '--raw', '--subdir', 'DAGS_FOLDER/oltp_s3_dwh.py', '--cfg-path', '/tmp/tmppjmu40bl']
[2026-02-27T19:01:54.194+0000] {standard_task_runner.py:91} INFO - Job 1740: Subtask upload_postgre_to_s3_dict_tariffs
[2026-02-27T19:01:54.424+0000] {task_command.py:426} INFO - Running <TaskInstance: oltp_s3_dwh.upload_postgre_to_s3_dict_tariffs scheduled__2025-12-01T00:00:00+00:00 [running]> on host 31b45edbecf3
[2026-02-27T19:01:54.796+0000] {taskinstance.py:2648} INFO - Exporting env vars: AIRFLOW_CTX_DAG_OWNER='***' AIRFLOW_CTX_DAG_ID='oltp_s3_dwh' AIRFLOW_CTX_TASK_ID='upload_postgre_to_s3_dict_tariffs' AIRFLOW_CTX_EXECUTION_DATE='2025-12-01T00:00:00+00:00' AIRFLOW_CTX_TRY_NUMBER='1' AIRFLOW_CTX_DAG_RUN_ID='scheduled__2025-12-01T00:00:00+00:00'
[2026-02-27T19:01:54.799+0000] {taskinstance.py:430} INFO - ::endgroup::
[2026-02-27T19:01:54.879+0000] {base.py:84} INFO - Using connection ID 'postgres_oltp' for task execution.
[2026-02-27T19:01:54.896+0000] {logging_mixin.py:188} WARNING - /home/***/.local/lib/python3.12/site-packages/***/providers/common/sql/hooks/sql.py:269 UserWarning: pandas only supports SQLAlchemy connectable (engine/connection) or database string URI or sqlite3 DBAPI2 connection. Other DBAPI2 objects are not tested. Please consider using SQLAlchemy.
[2026-02-27T19:01:55.096+0000] {base.py:84} INFO - Using connection ID 'minio_conn_id' for task execution.
[2026-02-27T19:01:55.103+0000] {connection_wrapper.py:384} INFO - AWS Connection (conn_id='minio_conn_id', conn_type='aws') credentials retrieved from login and ***.
[2026-02-27T19:01:54.213+0000] {python.py:237} INFO - Done. Returned value was: None
[2026-02-27T19:01:54.214+0000] {taskinstance.py:441} INFO - ::group::Post task execution logs
[2026-02-27T19:01:54.233+0000] {taskinstance.py:1206} INFO - Marking task as SUCCESS. dag_id=oltp_s3_dwh, task_id=upload_postgre_to_s3_dict_tariffs, run_id=scheduled__2025-12-01T00:00:00+00:00, execution_date=20251201T000000, start_date=20260227T190154, end_date=20260227T190154
[2026-02-27T19:01:54.305+0000] {local_task_job_runner.py:243} INFO - Task exited with return code 0
[2026-02-27T19:01:54.325+0000] {local_task_job_runner.py:222} INFO - ::endgroup::
