[2026-02-26T12:07:20.988+0000] {local_task_job_runner.py:120} INFO - ::group::Pre task execution logs
[2026-02-26T12:07:21.103+0000] {taskinstance.py:2076} INFO - Dependencies all met for dep_context=non-requeueable deps ti=<TaskInstance: oltp_s3_dwh.upload_postgre_to_s3_cards scheduled__2025-11-01T00:00:00+00:00 [queued]>
[2026-02-26T12:07:21.165+0000] {taskinstance.py:2076} INFO - Dependencies all met for dep_context=requeueable deps ti=<TaskInstance: oltp_s3_dwh.upload_postgre_to_s3_cards scheduled__2025-11-01T00:00:00+00:00 [queued]>
[2026-02-26T12:07:21.168+0000] {taskinstance.py:2306} INFO - Starting attempt 1 of 1
[2026-02-26T12:07:21.211+0000] {taskinstance.py:2330} INFO - Executing <Task(PythonOperator): upload_postgre_to_s3_cards> on 2025-11-01 00:00:00+00:00
[2026-02-26T12:07:21.227+0000] {logging_mixin.py:188} WARNING - /home/***/.local/lib/python3.12/site-packages/***/task/task_runner/standard_task_runner.py:62 DeprecationWarning: This process (pid=4754) is multi-threaded, use of fork() may lead to deadlocks in the child.
[2026-02-26T12:07:21.252+0000] {standard_task_runner.py:64} INFO - Started process 4787 to run task
[2026-02-26T12:07:21.240+0000] {standard_task_runner.py:90} INFO - Running: ['***', 'tasks', 'run', 'oltp_s3_dwh', 'upload_postgre_to_s3_cards', 'scheduled__2025-11-01T00:00:00+00:00', '--job-id', '1065', '--raw', '--subdir', 'DAGS_FOLDER/oltp_s3_dwh_dict.py', '--cfg-path', '/tmp/tmpkvt7h2rc']
[2026-02-26T12:07:21.261+0000] {standard_task_runner.py:91} INFO - Job 1065: Subtask upload_postgre_to_s3_cards
[2026-02-26T12:07:21.508+0000] {task_command.py:426} INFO - Running <TaskInstance: oltp_s3_dwh.upload_postgre_to_s3_cards scheduled__2025-11-01T00:00:00+00:00 [running]> on host 31b45edbecf3
[2026-02-26T12:07:22.279+0000] {taskinstance.py:2648} INFO - Exporting env vars: AIRFLOW_CTX_DAG_OWNER='***' AIRFLOW_CTX_DAG_ID='oltp_s3_dwh' AIRFLOW_CTX_TASK_ID='upload_postgre_to_s3_cards' AIRFLOW_CTX_EXECUTION_DATE='2025-11-01T00:00:00+00:00' AIRFLOW_CTX_TRY_NUMBER='1' AIRFLOW_CTX_DAG_RUN_ID='scheduled__2025-11-01T00:00:00+00:00'
[2026-02-26T12:07:22.282+0000] {taskinstance.py:430} INFO - ::endgroup::
[2026-02-26T12:07:22.472+0000] {base.py:84} INFO - Using connection ID 'postgres_oltp' for task execution.
[2026-02-26T12:07:22.507+0000] {logging_mixin.py:188} WARNING - /home/***/.local/lib/python3.12/site-packages/***/providers/common/sql/hooks/sql.py:269 UserWarning: pandas only supports SQLAlchemy connectable (engine/connection) or database string URI or sqlite3 DBAPI2 connection. Other DBAPI2 objects are not tested. Please consider using SQLAlchemy.
[2026-02-26T12:07:22.859+0000] {base.py:84} INFO - Using connection ID 'minio_conn_id' for task execution.
[2026-02-26T12:07:22.883+0000] {connection_wrapper.py:384} INFO - AWS Connection (conn_id='minio_conn_id', conn_type='aws') credentials retrieved from login and ***.
[2026-02-26T12:07:24.713+0000] {python.py:237} INFO - Done. Returned value was: None
[2026-02-26T12:07:24.717+0000] {taskinstance.py:441} INFO - ::group::Post task execution logs
[2026-02-26T12:07:24.730+0000] {taskinstance.py:1206} INFO - Marking task as SUCCESS. dag_id=oltp_s3_dwh, task_id=upload_postgre_to_s3_cards, run_id=scheduled__2025-11-01T00:00:00+00:00, execution_date=20251101T000000, start_date=20260226T120721, end_date=20260226T120724
[2026-02-26T12:07:24.845+0000] {local_task_job_runner.py:243} INFO - Task exited with return code 0
[2026-02-26T12:07:24.905+0000] {taskinstance.py:3503} INFO - 0 downstream tasks scheduled from follow-on schedule check
[2026-02-26T12:07:24.917+0000] {local_task_job_runner.py:222} INFO - ::endgroup::
[2026-02-27T19:01:41.150+0000] {local_task_job_runner.py:120} INFO - ::group::Pre task execution logs
[2026-02-27T19:01:41.183+0000] {taskinstance.py:2076} INFO - Dependencies all met for dep_context=non-requeueable deps ti=<TaskInstance: oltp_s3_dwh.upload_postgre_to_s3_cards scheduled__2025-11-01T00:00:00+00:00 [queued]>
[2026-02-27T19:01:41.201+0000] {taskinstance.py:2076} INFO - Dependencies all met for dep_context=requeueable deps ti=<TaskInstance: oltp_s3_dwh.upload_postgre_to_s3_cards scheduled__2025-11-01T00:00:00+00:00 [queued]>
[2026-02-27T19:01:41.204+0000] {taskinstance.py:2306} INFO - Starting attempt 1 of 1
[2026-02-27T19:01:41.240+0000] {taskinstance.py:2330} INFO - Executing <Task(PythonOperator): upload_postgre_to_s3_cards> on 2025-11-01 00:00:00+00:00
[2026-02-27T19:01:41.257+0000] {logging_mixin.py:188} WARNING - /home/***/.local/lib/python3.12/site-packages/***/task/task_runner/standard_task_runner.py:62 DeprecationWarning: This process (pid=32930) is multi-threaded, use of fork() may lead to deadlocks in the child.
[2026-02-27T19:01:41.259+0000] {standard_task_runner.py:64} INFO - Started process 32946 to run task
[2026-02-27T19:01:41.262+0000] {standard_task_runner.py:90} INFO - Running: ['***', 'tasks', 'run', 'oltp_s3_dwh', 'upload_postgre_to_s3_cards', 'scheduled__2025-11-01T00:00:00+00:00', '--job-id', '1716', '--raw', '--subdir', 'DAGS_FOLDER/oltp_s3_dwh.py', '--cfg-path', '/tmp/tmpzntfky2w']
[2026-02-27T19:01:41.282+0000] {standard_task_runner.py:91} INFO - Job 1716: Subtask upload_postgre_to_s3_cards
[2026-02-27T19:01:41.401+0000] {task_command.py:426} INFO - Running <TaskInstance: oltp_s3_dwh.upload_postgre_to_s3_cards scheduled__2025-11-01T00:00:00+00:00 [running]> on host 31b45edbecf3
[2026-02-27T19:01:41.726+0000] {taskinstance.py:2648} INFO - Exporting env vars: AIRFLOW_CTX_DAG_OWNER='***' AIRFLOW_CTX_DAG_ID='oltp_s3_dwh' AIRFLOW_CTX_TASK_ID='upload_postgre_to_s3_cards' AIRFLOW_CTX_EXECUTION_DATE='2025-11-01T00:00:00+00:00' AIRFLOW_CTX_TRY_NUMBER='1' AIRFLOW_CTX_DAG_RUN_ID='scheduled__2025-11-01T00:00:00+00:00'
[2026-02-27T19:01:41.737+0000] {taskinstance.py:430} INFO - ::endgroup::
[2026-02-27T19:01:41.835+0000] {base.py:84} INFO - Using connection ID 'postgres_oltp' for task execution.
[2026-02-27T19:01:41.850+0000] {logging_mixin.py:188} WARNING - /home/***/.local/lib/python3.12/site-packages/***/providers/common/sql/hooks/sql.py:269 UserWarning: pandas only supports SQLAlchemy connectable (engine/connection) or database string URI or sqlite3 DBAPI2 connection. Other DBAPI2 objects are not tested. Please consider using SQLAlchemy.
[2026-02-27T19:01:41.884+0000] {logging_mixin.py:188} INFO - В таблице cards нет данных
[2026-02-27T19:01:41.893+0000] {python.py:237} INFO - Done. Returned value was: None
[2026-02-27T19:01:41.901+0000] {taskinstance.py:441} INFO - ::group::Post task execution logs
[2026-02-27T19:01:41.928+0000] {taskinstance.py:1206} INFO - Marking task as SUCCESS. dag_id=oltp_s3_dwh, task_id=upload_postgre_to_s3_cards, run_id=scheduled__2025-11-01T00:00:00+00:00, execution_date=20251101T000000, start_date=20260227T190141, end_date=20260227T190141
[2026-02-27T19:01:42.057+0000] {local_task_job_runner.py:243} INFO - Task exited with return code 0
[2026-02-27T19:01:42.087+0000] {local_task_job_runner.py:222} INFO - ::endgroup::
