[2026-02-28T10:34:26.834+0000] {local_task_job_runner.py:120} INFO - ::group::Pre task execution logs
[2026-02-28T10:34:26.867+0000] {taskinstance.py:2076} INFO - Dependencies all met for dep_context=non-requeueable deps ti=<TaskInstance: oltp_s3_dwh.upload_postgre_to_s3_accounts scheduled__2025-02-01T00:00:00+00:00 [queued]>
[2026-02-28T10:34:26.881+0000] {taskinstance.py:2076} INFO - Dependencies all met for dep_context=requeueable deps ti=<TaskInstance: oltp_s3_dwh.upload_postgre_to_s3_accounts scheduled__2025-02-01T00:00:00+00:00 [queued]>
[2026-02-28T10:34:26.882+0000] {taskinstance.py:2306} INFO - Starting attempt 5 of 5
[2026-02-28T10:34:26.915+0000] {taskinstance.py:2330} INFO - Executing <Task(PythonOperator): upload_postgre_to_s3_accounts> on 2025-02-01 00:00:00+00:00
[2026-02-28T10:34:26.926+0000] {standard_task_runner.py:90} INFO - Running: ['***', 'tasks', 'run', 'oltp_s3_dwh', 'upload_postgre_to_s3_accounts', 'scheduled__2025-02-01T00:00:00+00:00', '--job-id', '2055', '--raw', '--subdir', 'DAGS_FOLDER/oltp_s3_dwh.py', '--cfg-path', '/tmp/tmp9l4c5oks']
[2026-02-28T10:34:26.930+0000] {standard_task_runner.py:91} INFO - Job 2055: Subtask upload_postgre_to_s3_accounts
[2026-02-28T10:34:26.925+0000] {logging_mixin.py:188} WARNING - /home/***/.local/lib/python3.12/site-packages/***/task/task_runner/standard_task_runner.py:62 DeprecationWarning: This process (pid=4500) is multi-threaded, use of fork() may lead to deadlocks in the child.
[2026-02-28T10:34:26.939+0000] {standard_task_runner.py:64} INFO - Started process 4525 to run task
[2026-02-28T10:34:27.118+0000] {task_command.py:426} INFO - Running <TaskInstance: oltp_s3_dwh.upload_postgre_to_s3_accounts scheduled__2025-02-01T00:00:00+00:00 [running]> on host 31b45edbecf3
[2026-02-28T10:34:27.329+0000] {taskinstance.py:2648} INFO - Exporting env vars: AIRFLOW_CTX_DAG_OWNER='***' AIRFLOW_CTX_DAG_ID='oltp_s3_dwh' AIRFLOW_CTX_TASK_ID='upload_postgre_to_s3_accounts' AIRFLOW_CTX_EXECUTION_DATE='2025-02-01T00:00:00+00:00' AIRFLOW_CTX_TRY_NUMBER='5' AIRFLOW_CTX_DAG_RUN_ID='scheduled__2025-02-01T00:00:00+00:00'
[2026-02-28T10:34:27.332+0000] {taskinstance.py:430} INFO - ::endgroup::
[2026-02-28T10:34:27.350+0000] {taskinstance.py:441} INFO - ::group::Post task execution logs
[2026-02-28T10:34:27.352+0000] {taskinstance.py:2905} ERROR - Task failed with exception
Traceback (most recent call last):
  File "/home/airflow/.local/lib/python3.12/site-packages/airflow/models/taskinstance.py", line 465, in _execute_task
    result = _execute_callable(context=context, **execute_callable_kwargs)
             ^^^^^^^^^^^^^^^^^^^^^^^^^^^^^^^^^^^^^^^^^^^^^^^^^^^^^^^^^^^^^
  File "/home/airflow/.local/lib/python3.12/site-packages/airflow/models/taskinstance.py", line 432, in _execute_callable
    return execute_callable(context=context, **execute_callable_kwargs)
           ^^^^^^^^^^^^^^^^^^^^^^^^^^^^^^^^^^^^^^^^^^^^^^^^^^^^^^^^^^^^
  File "/home/airflow/.local/lib/python3.12/site-packages/airflow/models/baseoperator.py", line 401, in wrapper
    return func(self, *args, **kwargs)
           ^^^^^^^^^^^^^^^^^^^^^^^^^^^
  File "/home/airflow/.local/lib/python3.12/site-packages/airflow/operators/python.py", line 235, in execute
    return_value = self.execute_callable()
                   ^^^^^^^^^^^^^^^^^^^^^^^
  File "/home/airflow/.local/lib/python3.12/site-packages/airflow/operators/python.py", line 252, in execute_callable
    return self.python_callable(*self.op_args, **self.op_kwargs)
           ^^^^^^^^^^^^^^^^^^^^^^^^^^^^^^^^^^^^^^^^^^^^^^^^^^^^^
  File "/opt/airflow/dags/oltp_s3_dwh.py", line 21, in upload_to_s3
    print(f"DEBUG: Host: {oltp_postgre_hook.host}")
                          ^^^^^^^^^^^^^^^^^^^^^^
AttributeError: 'PostgresHook' object has no attribute 'host'
[2026-02-28T10:34:27.379+0000] {taskinstance.py:1206} INFO - Marking task as FAILED. dag_id=oltp_s3_dwh, task_id=upload_postgre_to_s3_accounts, run_id=scheduled__2025-02-01T00:00:00+00:00, execution_date=20250201T000000, start_date=20260228T103426, end_date=20260228T103427
[2026-02-28T10:34:27.396+0000] {standard_task_runner.py:110} ERROR - Failed to execute job 2055 for task upload_postgre_to_s3_accounts ('PostgresHook' object has no attribute 'host'; 4525)
[2026-02-28T10:34:27.440+0000] {local_task_job_runner.py:243} INFO - Task exited with return code 1
[2026-02-28T10:34:27.453+0000] {local_task_job_runner.py:222} INFO - ::endgroup::
