[2026-02-26T12:06:45.493+0000] {local_task_job_runner.py:120} INFO - ::group::Pre task execution logs
[2026-02-26T12:06:45.691+0000] {taskinstance.py:2076} INFO - Dependencies all met for dep_context=non-requeueable deps ti=<TaskInstance: oltp_s3_dwh.upload_postgre_to_s3_accounts scheduled__2025-02-01T00:00:00+00:00 [queued]>
[2026-02-26T12:06:45.808+0000] {taskinstance.py:2076} INFO - Dependencies all met for dep_context=requeueable deps ti=<TaskInstance: oltp_s3_dwh.upload_postgre_to_s3_accounts scheduled__2025-02-01T00:00:00+00:00 [queued]>
[2026-02-26T12:06:45.827+0000] {taskinstance.py:2306} INFO - Starting attempt 2 of 2
[2026-02-26T12:06:46.036+0000] {taskinstance.py:2330} INFO - Executing <Task(PythonOperator): upload_postgre_to_s3_accounts> on 2025-02-01 00:00:00+00:00
[2026-02-26T12:06:46.080+0000] {standard_task_runner.py:90} INFO - Running: ['***', 'tasks', 'run', 'oltp_s3_dwh', 'upload_postgre_to_s3_accounts', 'scheduled__2025-02-01T00:00:00+00:00', '--job-id', '996', '--raw', '--subdir', 'DAGS_FOLDER/oltp_s3_dwh_dict.py', '--cfg-path', '/tmp/tmppig0d0uq']
[2026-02-26T12:06:46.125+0000] {standard_task_runner.py:91} INFO - Job 996: Subtask upload_postgre_to_s3_accounts
[2026-02-26T12:06:46.120+0000] {logging_mixin.py:188} WARNING - /home/***/.local/lib/python3.12/site-packages/***/task/task_runner/standard_task_runner.py:62 DeprecationWarning: This process (pid=4351) is multi-threaded, use of fork() may lead to deadlocks in the child.
[2026-02-26T12:06:46.143+0000] {standard_task_runner.py:64} INFO - Started process 4387 to run task
[2026-02-26T12:06:46.574+0000] {task_command.py:426} INFO - Running <TaskInstance: oltp_s3_dwh.upload_postgre_to_s3_accounts scheduled__2025-02-01T00:00:00+00:00 [running]> on host 31b45edbecf3
[2026-02-26T12:06:47.120+0000] {taskinstance.py:2648} INFO - Exporting env vars: AIRFLOW_CTX_DAG_OWNER='***' AIRFLOW_CTX_DAG_ID='oltp_s3_dwh' AIRFLOW_CTX_TASK_ID='upload_postgre_to_s3_accounts' AIRFLOW_CTX_EXECUTION_DATE='2025-02-01T00:00:00+00:00' AIRFLOW_CTX_TRY_NUMBER='2' AIRFLOW_CTX_DAG_RUN_ID='scheduled__2025-02-01T00:00:00+00:00'
[2026-02-26T12:06:47.131+0000] {taskinstance.py:430} INFO - ::endgroup::
[2026-02-26T12:06:47.443+0000] {base.py:84} INFO - Using connection ID 'postgres_oltp' for task execution.
[2026-02-26T12:06:47.497+0000] {logging_mixin.py:188} WARNING - /home/***/.local/lib/python3.12/site-packages/***/providers/common/sql/hooks/sql.py:269 UserWarning: pandas only supports SQLAlchemy connectable (engine/connection) or database string URI or sqlite3 DBAPI2 connection. Other DBAPI2 objects are not tested. Please consider using SQLAlchemy.
[2026-02-26T12:06:47.537+0000] {logging_mixin.py:188} INFO - В таблице accounts нет данных
[2026-02-26T12:06:47.539+0000] {python.py:237} INFO - Done. Returned value was: None
[2026-02-26T12:06:47.541+0000] {taskinstance.py:441} INFO - ::group::Post task execution logs
[2026-02-26T12:06:47.597+0000] {taskinstance.py:1206} INFO - Marking task as SUCCESS. dag_id=oltp_s3_dwh, task_id=upload_postgre_to_s3_accounts, run_id=scheduled__2025-02-01T00:00:00+00:00, execution_date=20250201T000000, start_date=20260226T120645, end_date=20260226T120647
[2026-02-26T12:06:47.732+0000] {local_task_job_runner.py:243} INFO - Task exited with return code 0
[2026-02-26T12:06:47.761+0000] {local_task_job_runner.py:222} INFO - ::endgroup::
[2026-02-28T10:00:56.548+0000] {local_task_job_runner.py:120} INFO - ::group::Pre task execution logs
[2026-02-28T10:00:56.586+0000] {taskinstance.py:2076} INFO - Dependencies all met for dep_context=non-requeueable deps ti=<TaskInstance: oltp_s3_dwh.upload_postgre_to_s3_accounts scheduled__2025-02-01T00:00:00+00:00 [queued]>
[2026-02-28T10:00:56.611+0000] {taskinstance.py:2076} INFO - Dependencies all met for dep_context=requeueable deps ti=<TaskInstance: oltp_s3_dwh.upload_postgre_to_s3_accounts scheduled__2025-02-01T00:00:00+00:00 [queued]>
[2026-02-28T10:00:56.612+0000] {taskinstance.py:2306} INFO - Starting attempt 2 of 2
[2026-02-28T10:00:56.643+0000] {taskinstance.py:2330} INFO - Executing <Task(PythonOperator): upload_postgre_to_s3_accounts> on 2025-02-01 00:00:00+00:00
[2026-02-28T10:00:56.665+0000] {standard_task_runner.py:90} INFO - Running: ['***', 'tasks', 'run', 'oltp_s3_dwh', 'upload_postgre_to_s3_accounts', 'scheduled__2025-02-01T00:00:00+00:00', '--job-id', '1953', '--raw', '--subdir', 'DAGS_FOLDER/oltp_s3_dwh.py', '--cfg-path', '/tmp/tmpg8nz4ghy']
[2026-02-28T10:00:56.678+0000] {standard_task_runner.py:91} INFO - Job 1953: Subtask upload_postgre_to_s3_accounts
[2026-02-28T10:00:56.677+0000] {logging_mixin.py:188} WARNING - /home/***/.local/lib/python3.12/site-packages/***/task/task_runner/standard_task_runner.py:62 DeprecationWarning: This process (pid=1811) is multi-threaded, use of fork() may lead to deadlocks in the child.
[2026-02-28T10:00:56.690+0000] {standard_task_runner.py:64} INFO - Started process 1828 to run task
[2026-02-28T10:00:56.794+0000] {task_command.py:426} INFO - Running <TaskInstance: oltp_s3_dwh.upload_postgre_to_s3_accounts scheduled__2025-02-01T00:00:00+00:00 [running]> on host 31b45edbecf3
[2026-02-28T10:00:57.007+0000] {taskinstance.py:2648} INFO - Exporting env vars: AIRFLOW_CTX_DAG_OWNER='***' AIRFLOW_CTX_DAG_ID='oltp_s3_dwh' AIRFLOW_CTX_TASK_ID='upload_postgre_to_s3_accounts' AIRFLOW_CTX_EXECUTION_DATE='2025-02-01T00:00:00+00:00' AIRFLOW_CTX_TRY_NUMBER='2' AIRFLOW_CTX_DAG_RUN_ID='scheduled__2025-02-01T00:00:00+00:00'
[2026-02-28T10:00:57.009+0000] {taskinstance.py:430} INFO - ::endgroup::
[2026-02-28T10:00:57.054+0000] {base.py:84} INFO - Using connection ID 'postgres_oltp' for task execution.
[2026-02-28T10:00:57.071+0000] {logging_mixin.py:188} WARNING - /home/***/.local/lib/python3.12/site-packages/***/providers/common/sql/hooks/sql.py:269 UserWarning: pandas only supports SQLAlchemy connectable (engine/connection) or database string URI or sqlite3 DBAPI2 connection. Other DBAPI2 objects are not tested. Please consider using SQLAlchemy.
[2026-02-28T10:00:57.115+0000] {logging_mixin.py:188} INFO - В таблице accounts нет данных
[2026-02-28T10:00:57.121+0000] {python.py:237} INFO - Done. Returned value was: None
[2026-02-28T10:00:57.123+0000] {taskinstance.py:441} INFO - ::group::Post task execution logs
[2026-02-28T10:00:57.173+0000] {taskinstance.py:1206} INFO - Marking task as SUCCESS. dag_id=oltp_s3_dwh, task_id=upload_postgre_to_s3_accounts, run_id=scheduled__2025-02-01T00:00:00+00:00, execution_date=20250201T000000, start_date=20260228T100056, end_date=20260228T100057
[2026-02-28T10:00:57.236+0000] {local_task_job_runner.py:243} INFO - Task exited with return code 0
[2026-02-28T10:00:57.277+0000] {taskinstance.py:3503} INFO - 1 downstream tasks scheduled from follow-on schedule check
[2026-02-28T10:00:57.284+0000] {local_task_job_runner.py:222} INFO - ::endgroup::
