[2026-02-27T10:32:06.175+0000] {local_task_job_runner.py:120} INFO - ::group::Pre task execution logs
[2026-02-27T10:32:06.225+0000] {taskinstance.py:2076} INFO - Dependencies all met for dep_context=non-requeueable deps ti=<TaskInstance: staging_to_core.transform_users_to_core scheduled__2025-09-01T00:00:00+00:00 [queued]>
[2026-02-27T10:32:06.241+0000] {taskinstance.py:2076} INFO - Dependencies all met for dep_context=requeueable deps ti=<TaskInstance: staging_to_core.transform_users_to_core scheduled__2025-09-01T00:00:00+00:00 [queued]>
[2026-02-27T10:32:06.242+0000] {taskinstance.py:2306} INFO - Starting attempt 1 of 1
[2026-02-27T10:32:06.264+0000] {taskinstance.py:2330} INFO - Executing <Task(PostgresOperator): transform_users_to_core> on 2025-09-01 00:00:00+00:00
[2026-02-27T10:32:06.277+0000] {logging_mixin.py:188} WARNING - /home/***/.local/lib/python3.12/site-packages/***/task/task_runner/standard_task_runner.py:62 DeprecationWarning: This process (pid=9479) is multi-threaded, use of fork() may lead to deadlocks in the child.
[2026-02-27T10:32:06.279+0000] {standard_task_runner.py:64} INFO - Started process 9480 to run task
[2026-02-27T10:32:06.284+0000] {standard_task_runner.py:90} INFO - Running: ['***', 'tasks', 'run', 'staging_to_core', 'transform_users_to_core', 'scheduled__2025-09-01T00:00:00+00:00', '--job-id', '1430', '--raw', '--subdir', 'DAGS_FOLDER/staging_to_core.py', '--cfg-path', '/tmp/tmp81u2gdp2']
[2026-02-27T10:32:06.291+0000] {standard_task_runner.py:91} INFO - Job 1430: Subtask transform_users_to_core
[2026-02-27T10:32:06.409+0000] {task_command.py:426} INFO - Running <TaskInstance: staging_to_core.transform_users_to_core scheduled__2025-09-01T00:00:00+00:00 [running]> on host 31b45edbecf3
[2026-02-27T10:32:06.529+0000] {taskinstance.py:2648} INFO - Exporting env vars: AIRFLOW_CTX_DAG_OWNER='***' AIRFLOW_CTX_DAG_ID='staging_to_core' AIRFLOW_CTX_TASK_ID='transform_users_to_core' AIRFLOW_CTX_EXECUTION_DATE='2025-09-01T00:00:00+00:00' AIRFLOW_CTX_TRY_NUMBER='1' AIRFLOW_CTX_DAG_RUN_ID='scheduled__2025-09-01T00:00:00+00:00'
[2026-02-27T10:32:06.531+0000] {taskinstance.py:430} INFO - ::endgroup::
[2026-02-27T10:32:06.548+0000] {sql.py:282} INFO - Executing: 
                    INSERT INTO core.users
                    SELECT * FROM staging.users
                    ON CONFLICT (user_id) 
                    DO UPDATE SET
                        full_name = EXCLUDED.full_name, gender = EXCLUDED.gender, birth_date = EXCLUDED.birth_date, region_id = EXCLUDED.region_id, is_active = EXCLUDED.is_active;
                
[2026-02-27T10:32:06.564+0000] {base.py:84} INFO - Using connection ID 'postgres_dwh' for task execution.
[2026-02-27T10:32:06.579+0000] {base.py:84} INFO - Using connection ID 'postgres_dwh' for task execution.
[2026-02-27T10:32:06.588+0000] {sql.py:495} INFO - Running statement: 
                    INSERT INTO core.users
                    SELECT * FROM staging.users
                    ON CONFLICT (user_id) 
                    DO UPDATE SET
                        full_name = EXCLUDED.full_name, gender = EXCLUDED.gender, birth_date = EXCLUDED.birth_date, region_id = EXCLUDED.region_id, is_active = EXCLUDED.is_active;
                , parameters: None
[2026-02-27T10:32:06.638+0000] {sql.py:504} INFO - Rows affected: 10000
[2026-02-27T10:32:06.646+0000] {taskinstance.py:441} INFO - ::group::Post task execution logs
[2026-02-27T10:32:06.661+0000] {taskinstance.py:1206} INFO - Marking task as SUCCESS. dag_id=staging_to_core, task_id=transform_users_to_core, run_id=scheduled__2025-09-01T00:00:00+00:00, execution_date=20250901T000000, start_date=20260227T103206, end_date=20260227T103206
[2026-02-27T10:32:06.704+0000] {local_task_job_runner.py:243} INFO - Task exited with return code 0
[2026-02-27T10:32:06.723+0000] {logging_mixin.py:188} WARNING - /home/***/.local/lib/python3.12/site-packages/***/models/baseoperator.py:1297 AirflowProviderDeprecationWarning: Call to deprecated class PostgresOperator. (Please use `***.providers.common.sql.operators.sql.SQLExecuteQueryOperator`.Also, you can provide `hook_params={'schema': <database>}`.)
[2026-02-27T10:32:06.754+0000] {taskinstance.py:3503} INFO - 1 downstream tasks scheduled from follow-on schedule check
[2026-02-27T10:32:06.758+0000] {local_task_job_runner.py:222} INFO - ::endgroup::
[2026-02-27T19:03:58.376+0000] {local_task_job_runner.py:120} INFO - ::group::Pre task execution logs
[2026-02-27T19:03:58.419+0000] {taskinstance.py:2076} INFO - Dependencies all met for dep_context=non-requeueable deps ti=<TaskInstance: staging_to_core.transform_users_to_core scheduled__2025-09-01T00:00:00+00:00 [queued]>
[2026-02-27T19:03:58.434+0000] {taskinstance.py:2076} INFO - Dependencies all met for dep_context=requeueable deps ti=<TaskInstance: staging_to_core.transform_users_to_core scheduled__2025-09-01T00:00:00+00:00 [queued]>
[2026-02-27T19:03:58.436+0000] {taskinstance.py:2306} INFO - Starting attempt 1 of 1
[2026-02-27T19:03:58.455+0000] {taskinstance.py:2330} INFO - Executing <Task(PostgresOperator): transform_users_to_core> on 2025-09-01 00:00:00+00:00
[2026-02-27T19:03:58.464+0000] {logging_mixin.py:188} WARNING - /home/***/.local/lib/python3.12/site-packages/***/task/task_runner/standard_task_runner.py:62 DeprecationWarning: This process (pid=33531) is multi-threaded, use of fork() may lead to deadlocks in the child.
[2026-02-27T19:03:58.464+0000] {standard_task_runner.py:90} INFO - Running: ['***', 'tasks', 'run', 'staging_to_core', 'transform_users_to_core', 'scheduled__2025-09-01T00:00:00+00:00', '--job-id', '1862', '--raw', '--subdir', 'DAGS_FOLDER/staging_to_core.py', '--cfg-path', '/tmp/tmptq1mek97']
[2026-02-27T19:03:58.466+0000] {standard_task_runner.py:64} INFO - Started process 33532 to run task
[2026-02-27T19:03:58.466+0000] {standard_task_runner.py:91} INFO - Job 1862: Subtask transform_users_to_core
[2026-02-27T19:03:58.530+0000] {task_command.py:426} INFO - Running <TaskInstance: staging_to_core.transform_users_to_core scheduled__2025-09-01T00:00:00+00:00 [running]> on host 31b45edbecf3
[2026-02-27T19:03:58.637+0000] {taskinstance.py:2648} INFO - Exporting env vars: AIRFLOW_CTX_DAG_OWNER='***' AIRFLOW_CTX_DAG_ID='staging_to_core' AIRFLOW_CTX_TASK_ID='transform_users_to_core' AIRFLOW_CTX_EXECUTION_DATE='2025-09-01T00:00:00+00:00' AIRFLOW_CTX_TRY_NUMBER='1' AIRFLOW_CTX_DAG_RUN_ID='scheduled__2025-09-01T00:00:00+00:00'
[2026-02-27T19:03:58.639+0000] {taskinstance.py:430} INFO - ::endgroup::
[2026-02-27T19:03:58.656+0000] {sql.py:282} INFO - Executing: 
                    INSERT INTO core.users
                    SELECT * FROM staging.users
                    ON CONFLICT (user_id) 
                    DO UPDATE SET
                        full_name = EXCLUDED.full_name, gender = EXCLUDED.gender, birth_date = EXCLUDED.birth_date, region_id = EXCLUDED.region_id, is_active = EXCLUDED.is_active;
                
[2026-02-27T19:03:58.667+0000] {base.py:84} INFO - Using connection ID 'postgres_dwh' for task execution.
[2026-02-27T19:03:58.679+0000] {base.py:84} INFO - Using connection ID 'postgres_dwh' for task execution.
[2026-02-27T19:03:58.686+0000] {sql.py:495} INFO - Running statement: 
                    INSERT INTO core.users
                    SELECT * FROM staging.users
                    ON CONFLICT (user_id) 
                    DO UPDATE SET
                        full_name = EXCLUDED.full_name, gender = EXCLUDED.gender, birth_date = EXCLUDED.birth_date, region_id = EXCLUDED.region_id, is_active = EXCLUDED.is_active;
                , parameters: None
[2026-02-27T19:03:58.688+0000] {sql.py:504} INFO - Rows affected: 10
[2026-02-27T19:03:58.691+0000] {taskinstance.py:441} INFO - ::group::Post task execution logs
[2026-02-27T19:03:58.704+0000] {taskinstance.py:1206} INFO - Marking task as SUCCESS. dag_id=staging_to_core, task_id=transform_users_to_core, run_id=scheduled__2025-09-01T00:00:00+00:00, execution_date=20250901T000000, start_date=20260227T190358, end_date=20260227T190358
[2026-02-27T19:03:58.724+0000] {local_task_job_runner.py:243} INFO - Task exited with return code 0
[2026-02-27T19:03:58.737+0000] {logging_mixin.py:188} WARNING - /home/***/.local/lib/python3.12/site-packages/***/models/baseoperator.py:1297 AirflowProviderDeprecationWarning: Call to deprecated class PostgresOperator. (Please use `***.providers.common.sql.operators.sql.SQLExecuteQueryOperator`.Also, you can provide `hook_params={'schema': <database>}`.)
[2026-02-27T19:03:58.763+0000] {taskinstance.py:3503} INFO - 1 downstream tasks scheduled from follow-on schedule check
[2026-02-27T19:03:58.766+0000] {local_task_job_runner.py:222} INFO - ::endgroup::
