[2026-02-26T11:50:53.529+0000] {local_task_job_runner.py:120} INFO - ::group::Pre task execution logs
[2026-02-26T11:50:53.568+0000] {taskinstance.py:2076} INFO - Dependencies all met for dep_context=non-requeueable deps ti=<TaskInstance: oltp_s3_dwh.upload_postgre_to_s3_dict_merchants scheduled__2025-01-01T00:00:00+00:00 [queued]>
[2026-02-26T11:50:53.584+0000] {taskinstance.py:2076} INFO - Dependencies all met for dep_context=requeueable deps ti=<TaskInstance: oltp_s3_dwh.upload_postgre_to_s3_dict_merchants scheduled__2025-01-01T00:00:00+00:00 [queued]>
[2026-02-26T11:50:53.584+0000] {taskinstance.py:2306} INFO - Starting attempt 1 of 1
[2026-02-26T11:50:53.625+0000] {taskinstance.py:2330} INFO - Executing <Task(PythonOperator): upload_postgre_to_s3_dict_merchants> on 2025-01-01 00:00:00+00:00
[2026-02-26T11:50:53.640+0000] {standard_task_runner.py:90} INFO - Running: ['***', 'tasks', 'run', 'oltp_s3_dwh', 'upload_postgre_to_s3_dict_merchants', 'scheduled__2025-01-01T00:00:00+00:00', '--job-id', '929', '--raw', '--subdir', 'DAGS_FOLDER/oltp_s3_dwh_dict.py', '--cfg-path', '/tmp/tmp_ezl90_a']
[2026-02-26T11:50:53.651+0000] {standard_task_runner.py:91} INFO - Job 929: Subtask upload_postgre_to_s3_dict_merchants
[2026-02-26T11:50:53.654+0000] {logging_mixin.py:188} WARNING - /home/***/.local/lib/python3.12/site-packages/***/task/task_runner/standard_task_runner.py:62 DeprecationWarning: This process (pid=3060) is multi-threaded, use of fork() may lead to deadlocks in the child.
[2026-02-26T11:50:53.662+0000] {standard_task_runner.py:64} INFO - Started process 3071 to run task
[2026-02-26T11:50:53.779+0000] {task_command.py:426} INFO - Running <TaskInstance: oltp_s3_dwh.upload_postgre_to_s3_dict_merchants scheduled__2025-01-01T00:00:00+00:00 [running]> on host 31b45edbecf3
[2026-02-26T11:50:54.059+0000] {taskinstance.py:2648} INFO - Exporting env vars: AIRFLOW_CTX_DAG_OWNER='***' AIRFLOW_CTX_DAG_ID='oltp_s3_dwh' AIRFLOW_CTX_TASK_ID='upload_postgre_to_s3_dict_merchants' AIRFLOW_CTX_EXECUTION_DATE='2025-01-01T00:00:00+00:00' AIRFLOW_CTX_TRY_NUMBER='1' AIRFLOW_CTX_DAG_RUN_ID='scheduled__2025-01-01T00:00:00+00:00'
[2026-02-26T11:50:54.061+0000] {taskinstance.py:430} INFO - ::endgroup::
[2026-02-26T11:50:54.116+0000] {base.py:84} INFO - Using connection ID 'postgres_oltp' for task execution.
[2026-02-26T11:50:54.150+0000] {logging_mixin.py:188} WARNING - /home/***/.local/lib/python3.12/site-packages/***/providers/common/sql/hooks/sql.py:269 UserWarning: pandas only supports SQLAlchemy connectable (engine/connection) or database string URI or sqlite3 DBAPI2 connection. Other DBAPI2 objects are not tested. Please consider using SQLAlchemy.
[2026-02-26T11:50:54.479+0000] {base.py:84} INFO - Using connection ID 'minio_conn_id' for task execution.
[2026-02-26T11:50:54.481+0000] {connection_wrapper.py:384} INFO - AWS Connection (conn_id='minio_conn_id', conn_type='aws') credentials retrieved from login and ***.
[2026-02-26T11:50:55.263+0000] {python.py:237} INFO - Done. Returned value was: None
[2026-02-26T11:50:55.264+0000] {taskinstance.py:441} INFO - ::group::Post task execution logs
[2026-02-26T11:50:55.273+0000] {taskinstance.py:1206} INFO - Marking task as SUCCESS. dag_id=oltp_s3_dwh, task_id=upload_postgre_to_s3_dict_merchants, run_id=scheduled__2025-01-01T00:00:00+00:00, execution_date=20250101T000000, start_date=20260226T115053, end_date=20260226T115055
[2026-02-26T11:50:55.387+0000] {local_task_job_runner.py:243} INFO - Task exited with return code 0
[2026-02-26T11:50:55.425+0000] {taskinstance.py:3503} INFO - 0 downstream tasks scheduled from follow-on schedule check
[2026-02-26T11:50:55.459+0000] {local_task_job_runner.py:222} INFO - ::endgroup::
[2026-02-27T18:58:59.485+0000] {local_task_job_runner.py:120} INFO - ::group::Pre task execution logs
[2026-02-27T18:58:59.519+0000] {taskinstance.py:2076} INFO - Dependencies all met for dep_context=non-requeueable deps ti=<TaskInstance: oltp_s3_dwh.upload_postgre_to_s3_dict_merchants scheduled__2025-01-01T00:00:00+00:00 [queued]>
[2026-02-27T18:58:59.539+0000] {taskinstance.py:2076} INFO - Dependencies all met for dep_context=requeueable deps ti=<TaskInstance: oltp_s3_dwh.upload_postgre_to_s3_dict_merchants scheduled__2025-01-01T00:00:00+00:00 [queued]>
[2026-02-27T18:58:59.542+0000] {taskinstance.py:2306} INFO - Starting attempt 1 of 1
[2026-02-27T18:58:59.568+0000] {taskinstance.py:2330} INFO - Executing <Task(PythonOperator): upload_postgre_to_s3_dict_merchants> on 2025-01-01 00:00:00+00:00
[2026-02-27T18:58:59.585+0000] {logging_mixin.py:188} WARNING - /home/***/.local/lib/python3.12/site-packages/***/task/task_runner/standard_task_runner.py:62 DeprecationWarning: This process (pid=31774) is multi-threaded, use of fork() may lead to deadlocks in the child.
[2026-02-27T18:58:59.588+0000] {standard_task_runner.py:64} INFO - Started process 31790 to run task
[2026-02-27T18:58:59.615+0000] {standard_task_runner.py:90} INFO - Running: ['***', 'tasks', 'run', 'oltp_s3_dwh', 'upload_postgre_to_s3_dict_merchants', 'scheduled__2025-01-01T00:00:00+00:00', '--job-id', '1507', '--raw', '--subdir', 'DAGS_FOLDER/oltp_s3_dwh.py', '--cfg-path', '/tmp/tmp5t80u8y6']
[2026-02-27T18:58:59.625+0000] {standard_task_runner.py:91} INFO - Job 1507: Subtask upload_postgre_to_s3_dict_merchants
[2026-02-27T18:58:59.838+0000] {task_command.py:426} INFO - Running <TaskInstance: oltp_s3_dwh.upload_postgre_to_s3_dict_merchants scheduled__2025-01-01T00:00:00+00:00 [running]> on host 31b45edbecf3
[2026-02-27T18:59:00.200+0000] {taskinstance.py:2648} INFO - Exporting env vars: AIRFLOW_CTX_DAG_OWNER='***' AIRFLOW_CTX_DAG_ID='oltp_s3_dwh' AIRFLOW_CTX_TASK_ID='upload_postgre_to_s3_dict_merchants' AIRFLOW_CTX_EXECUTION_DATE='2025-01-01T00:00:00+00:00' AIRFLOW_CTX_TRY_NUMBER='1' AIRFLOW_CTX_DAG_RUN_ID='scheduled__2025-01-01T00:00:00+00:00'
[2026-02-27T18:59:00.205+0000] {taskinstance.py:430} INFO - ::endgroup::
[2026-02-27T18:59:00.326+0000] {base.py:84} INFO - Using connection ID 'postgres_oltp' for task execution.
[2026-02-27T18:59:00.354+0000] {logging_mixin.py:188} WARNING - /home/***/.local/lib/python3.12/site-packages/***/providers/common/sql/hooks/sql.py:269 UserWarning: pandas only supports SQLAlchemy connectable (engine/connection) or database string URI or sqlite3 DBAPI2 connection. Other DBAPI2 objects are not tested. Please consider using SQLAlchemy.
[2026-02-27T18:59:00.729+0000] {base.py:84} INFO - Using connection ID 'minio_conn_id' for task execution.
[2026-02-27T18:59:00.733+0000] {connection_wrapper.py:384} INFO - AWS Connection (conn_id='minio_conn_id', conn_type='aws') credentials retrieved from login and ***.
[2026-02-27T18:59:02.350+0000] {python.py:237} INFO - Done. Returned value was: None
[2026-02-27T18:59:02.350+0000] {taskinstance.py:441} INFO - ::group::Post task execution logs
[2026-02-27T18:59:02.366+0000] {taskinstance.py:1206} INFO - Marking task as SUCCESS. dag_id=oltp_s3_dwh, task_id=upload_postgre_to_s3_dict_merchants, run_id=scheduled__2025-01-01T00:00:00+00:00, execution_date=20250101T000000, start_date=20260227T185859, end_date=20260227T185902
[2026-02-27T18:59:02.447+0000] {local_task_job_runner.py:243} INFO - Task exited with return code 0
[2026-02-27T18:59:02.496+0000] {taskinstance.py:3503} INFO - 1 downstream tasks scheduled from follow-on schedule check
[2026-02-27T18:59:02.506+0000] {local_task_job_runner.py:222} INFO - ::endgroup::
