[2026-02-27T10:30:50.487+0000] {local_task_job_runner.py:120} INFO - ::group::Pre task execution logs
[2026-02-27T10:30:50.536+0000] {taskinstance.py:2076} INFO - Dependencies all met for dep_context=non-requeueable deps ti=<TaskInstance: staging_to_core.transform_cards_to_core scheduled__2025-05-01T00:00:00+00:00 [queued]>
[2026-02-27T10:30:50.549+0000] {taskinstance.py:2076} INFO - Dependencies all met for dep_context=requeueable deps ti=<TaskInstance: staging_to_core.transform_cards_to_core scheduled__2025-05-01T00:00:00+00:00 [queued]>
[2026-02-27T10:30:50.551+0000] {taskinstance.py:2306} INFO - Starting attempt 1 of 1
[2026-02-27T10:30:50.569+0000] {taskinstance.py:2330} INFO - Executing <Task(PostgresOperator): transform_cards_to_core> on 2025-05-01 00:00:00+00:00
[2026-02-27T10:30:50.577+0000] {logging_mixin.py:188} WARNING - /home/***/.local/lib/python3.12/site-packages/***/task/task_runner/standard_task_runner.py:62 DeprecationWarning: This process (pid=9271) is multi-threaded, use of fork() may lead to deadlocks in the child.
[2026-02-27T10:30:50.579+0000] {standard_task_runner.py:64} INFO - Started process 9272 to run task
[2026-02-27T10:30:50.579+0000] {standard_task_runner.py:90} INFO - Running: ['***', 'tasks', 'run', 'staging_to_core', 'transform_cards_to_core', 'scheduled__2025-05-01T00:00:00+00:00', '--job-id', '1370', '--raw', '--subdir', 'DAGS_FOLDER/staging_to_core.py', '--cfg-path', '/tmp/tmpf5_1sv_k']
[2026-02-27T10:30:50.581+0000] {standard_task_runner.py:91} INFO - Job 1370: Subtask transform_cards_to_core
[2026-02-27T10:30:50.654+0000] {task_command.py:426} INFO - Running <TaskInstance: staging_to_core.transform_cards_to_core scheduled__2025-05-01T00:00:00+00:00 [running]> on host 31b45edbecf3
[2026-02-27T10:30:50.791+0000] {taskinstance.py:2648} INFO - Exporting env vars: AIRFLOW_CTX_DAG_OWNER='***' AIRFLOW_CTX_DAG_ID='staging_to_core' AIRFLOW_CTX_TASK_ID='transform_cards_to_core' AIRFLOW_CTX_EXECUTION_DATE='2025-05-01T00:00:00+00:00' AIRFLOW_CTX_TRY_NUMBER='1' AIRFLOW_CTX_DAG_RUN_ID='scheduled__2025-05-01T00:00:00+00:00'
[2026-02-27T10:30:50.794+0000] {taskinstance.py:430} INFO - ::endgroup::
[2026-02-27T10:30:50.816+0000] {sql.py:282} INFO - Executing: 
                    INSERT INTO core.cards
                    SELECT * FROM staging.cards
                    ON CONFLICT (card_id) 
                    DO UPDATE SET
                        account_id = EXCLUDED.account_id, card_number_masked = EXCLUDED.card_number_masked, card_type = EXCLUDED.card_type, expiry_date = EXCLUDED.expiry_date, is_virtual = EXCLUDED.is_virtual;
                
[2026-02-27T10:30:50.834+0000] {base.py:84} INFO - Using connection ID 'postgres_dwh' for task execution.
[2026-02-27T10:30:50.847+0000] {base.py:84} INFO - Using connection ID 'postgres_dwh' for task execution.
[2026-02-27T10:30:50.855+0000] {sql.py:495} INFO - Running statement: 
                    INSERT INTO core.cards
                    SELECT * FROM staging.cards
                    ON CONFLICT (card_id) 
                    DO UPDATE SET
                        account_id = EXCLUDED.account_id, card_number_masked = EXCLUDED.card_number_masked, card_type = EXCLUDED.card_type, expiry_date = EXCLUDED.expiry_date, is_virtual = EXCLUDED.is_virtual;
                , parameters: None
[2026-02-27T10:30:50.869+0000] {sql.py:504} INFO - Rows affected: 1920
[2026-02-27T10:30:50.874+0000] {taskinstance.py:441} INFO - ::group::Post task execution logs
[2026-02-27T10:30:50.889+0000] {taskinstance.py:1206} INFO - Marking task as SUCCESS. dag_id=staging_to_core, task_id=transform_cards_to_core, run_id=scheduled__2025-05-01T00:00:00+00:00, execution_date=20250501T000000, start_date=20260227T103050, end_date=20260227T103050
[2026-02-27T10:30:50.918+0000] {local_task_job_runner.py:243} INFO - Task exited with return code 0
[2026-02-27T10:30:50.936+0000] {logging_mixin.py:188} WARNING - /home/***/.local/lib/python3.12/site-packages/***/models/baseoperator.py:1297 AirflowProviderDeprecationWarning: Call to deprecated class PostgresOperator. (Please use `***.providers.common.sql.operators.sql.SQLExecuteQueryOperator`.Also, you can provide `hook_params={'schema': <database>}`.)
[2026-02-27T10:30:50.962+0000] {taskinstance.py:3503} INFO - 1 downstream tasks scheduled from follow-on schedule check
[2026-02-27T10:30:50.967+0000] {local_task_job_runner.py:222} INFO - ::endgroup::
[2026-02-27T19:02:42.935+0000] {local_task_job_runner.py:120} INFO - ::group::Pre task execution logs
[2026-02-27T19:02:42.979+0000] {taskinstance.py:2076} INFO - Dependencies all met for dep_context=non-requeueable deps ti=<TaskInstance: staging_to_core.transform_cards_to_core scheduled__2025-05-01T00:00:00+00:00 [queued]>
[2026-02-27T19:02:42.992+0000] {taskinstance.py:2076} INFO - Dependencies all met for dep_context=requeueable deps ti=<TaskInstance: staging_to_core.transform_cards_to_core scheduled__2025-05-01T00:00:00+00:00 [queued]>
[2026-02-27T19:02:42.993+0000] {taskinstance.py:2306} INFO - Starting attempt 1 of 1
[2026-02-27T19:02:43.008+0000] {taskinstance.py:2330} INFO - Executing <Task(PostgresOperator): transform_cards_to_core> on 2025-05-01 00:00:00+00:00
[2026-02-27T19:02:43.016+0000] {standard_task_runner.py:90} INFO - Running: ['***', 'tasks', 'run', 'staging_to_core', 'transform_cards_to_core', 'scheduled__2025-05-01T00:00:00+00:00', '--job-id', '1802', '--raw', '--subdir', 'DAGS_FOLDER/staging_to_core.py', '--cfg-path', '/tmp/tmpc7stzmuf']
[2026-02-27T19:02:43.017+0000] {logging_mixin.py:188} WARNING - /home/***/.local/lib/python3.12/site-packages/***/task/task_runner/standard_task_runner.py:62 DeprecationWarning: This process (pid=33319) is multi-threaded, use of fork() may lead to deadlocks in the child.
[2026-02-27T19:02:43.019+0000] {standard_task_runner.py:91} INFO - Job 1802: Subtask transform_cards_to_core
[2026-02-27T19:02:43.019+0000] {standard_task_runner.py:64} INFO - Started process 33320 to run task
[2026-02-27T19:02:43.077+0000] {task_command.py:426} INFO - Running <TaskInstance: staging_to_core.transform_cards_to_core scheduled__2025-05-01T00:00:00+00:00 [running]> on host 31b45edbecf3
[2026-02-27T19:02:43.185+0000] {taskinstance.py:2648} INFO - Exporting env vars: AIRFLOW_CTX_DAG_OWNER='***' AIRFLOW_CTX_DAG_ID='staging_to_core' AIRFLOW_CTX_TASK_ID='transform_cards_to_core' AIRFLOW_CTX_EXECUTION_DATE='2025-05-01T00:00:00+00:00' AIRFLOW_CTX_TRY_NUMBER='1' AIRFLOW_CTX_DAG_RUN_ID='scheduled__2025-05-01T00:00:00+00:00'
[2026-02-27T19:02:43.186+0000] {taskinstance.py:430} INFO - ::endgroup::
[2026-02-27T19:02:43.202+0000] {sql.py:282} INFO - Executing: 
                    INSERT INTO core.cards
                    SELECT * FROM staging.cards
                    ON CONFLICT (card_id) 
                    DO UPDATE SET
                        account_id = EXCLUDED.account_id, card_number_masked = EXCLUDED.card_number_masked, card_type = EXCLUDED.card_type, expiry_date = EXCLUDED.expiry_date, is_virtual = EXCLUDED.is_virtual;
                
[2026-02-27T19:02:43.213+0000] {base.py:84} INFO - Using connection ID 'postgres_dwh' for task execution.
[2026-02-27T19:02:43.224+0000] {base.py:84} INFO - Using connection ID 'postgres_dwh' for task execution.
[2026-02-27T19:02:43.230+0000] {sql.py:495} INFO - Running statement: 
                    INSERT INTO core.cards
                    SELECT * FROM staging.cards
                    ON CONFLICT (card_id) 
                    DO UPDATE SET
                        account_id = EXCLUDED.account_id, card_number_masked = EXCLUDED.card_number_masked, card_type = EXCLUDED.card_type, expiry_date = EXCLUDED.expiry_date, is_virtual = EXCLUDED.is_virtual;
                , parameters: None
[2026-02-27T19:02:43.232+0000] {sql.py:504} INFO - Rows affected: 10
[2026-02-27T19:02:43.234+0000] {taskinstance.py:441} INFO - ::group::Post task execution logs
[2026-02-27T19:02:43.247+0000] {taskinstance.py:1206} INFO - Marking task as SUCCESS. dag_id=staging_to_core, task_id=transform_cards_to_core, run_id=scheduled__2025-05-01T00:00:00+00:00, execution_date=20250501T000000, start_date=20260227T190242, end_date=20260227T190243
[2026-02-27T19:02:43.277+0000] {local_task_job_runner.py:243} INFO - Task exited with return code 0
[2026-02-27T19:02:43.291+0000] {logging_mixin.py:188} WARNING - /home/***/.local/lib/python3.12/site-packages/***/models/baseoperator.py:1297 AirflowProviderDeprecationWarning: Call to deprecated class PostgresOperator. (Please use `***.providers.common.sql.operators.sql.SQLExecuteQueryOperator`.Also, you can provide `hook_params={'schema': <database>}`.)
[2026-02-27T19:02:43.312+0000] {taskinstance.py:3503} INFO - 1 downstream tasks scheduled from follow-on schedule check
[2026-02-27T19:02:43.314+0000] {local_task_job_runner.py:222} INFO - ::endgroup::
