[2026-02-26T17:56:28.580+0000] {local_task_job_runner.py:120} INFO - ::group::Pre task execution logs
[2026-02-26T17:56:28.611+0000] {taskinstance.py:2076} INFO - Dependencies all met for dep_context=non-requeueable deps ti=<TaskInstance: oltp_s3_dwh.upload_s3_to_dwh_dict_regions scheduled__2026-01-01T00:00:00+00:00 [queued]>
[2026-02-26T17:56:28.663+0000] {taskinstance.py:2076} INFO - Dependencies all met for dep_context=requeueable deps ti=<TaskInstance: oltp_s3_dwh.upload_s3_to_dwh_dict_regions scheduled__2026-01-01T00:00:00+00:00 [queued]>
[2026-02-26T17:56:28.665+0000] {taskinstance.py:2306} INFO - Starting attempt 1 of 1
[2026-02-26T17:56:28.753+0000] {taskinstance.py:2330} INFO - Executing <Task(PythonOperator): upload_s3_to_dwh_dict_regions> on 2026-01-01 00:00:00+00:00
[2026-02-26T17:56:28.809+0000] {standard_task_runner.py:90} INFO - Running: ['***', 'tasks', 'run', 'oltp_s3_dwh', 'upload_s3_to_dwh_dict_regions', 'scheduled__2026-01-01T00:00:00+00:00', '--job-id', '1266', '--raw', '--subdir', 'DAGS_FOLDER/oltp_s3_dwh.py', '--cfg-path', '/tmp/tmphhim0djx']
[2026-02-26T17:56:28.802+0000] {logging_mixin.py:188} WARNING - /home/***/.local/lib/python3.12/site-packages/***/task/task_runner/standard_task_runner.py:62 DeprecationWarning: This process (pid=7326) is multi-threaded, use of fork() may lead to deadlocks in the child.
[2026-02-26T17:56:28.822+0000] {standard_task_runner.py:64} INFO - Started process 7384 to run task
[2026-02-26T17:56:28.821+0000] {standard_task_runner.py:91} INFO - Job 1266: Subtask upload_s3_to_dwh_dict_regions
[2026-02-26T17:56:29.134+0000] {task_command.py:426} INFO - Running <TaskInstance: oltp_s3_dwh.upload_s3_to_dwh_dict_regions scheduled__2026-01-01T00:00:00+00:00 [running]> on host 31b45edbecf3
[2026-02-26T17:56:29.506+0000] {taskinstance.py:2648} INFO - Exporting env vars: AIRFLOW_CTX_DAG_OWNER='***' AIRFLOW_CTX_DAG_ID='oltp_s3_dwh' AIRFLOW_CTX_TASK_ID='upload_s3_to_dwh_dict_regions' AIRFLOW_CTX_EXECUTION_DATE='2026-01-01T00:00:00+00:00' AIRFLOW_CTX_TRY_NUMBER='1' AIRFLOW_CTX_DAG_RUN_ID='scheduled__2026-01-01T00:00:00+00:00'
[2026-02-26T17:56:29.510+0000] {taskinstance.py:430} INFO - ::endgroup::
[2026-02-26T17:56:29.625+0000] {base.py:84} INFO - Using connection ID 'postgres_dwh' for task execution.
[2026-02-26T17:56:29.643+0000] {sql.py:495} INFO - Running statement: SELECT table_schema, table_name FROM information_schema.tables WHERE table_schema = 'staging';, parameters: None
[2026-02-26T17:56:29.653+0000] {sql.py:504} INFO - Rows affected: 9
[2026-02-26T17:56:29.663+0000] {logging_mixin.py:188} INFO - DEBUG: Доступные таблицы в схеме staging: [('staging', 'exchange_rates'), ('staging', 'users'), ('staging', 'accounts'), ('staging', 'dict_regions'), ('staging', 'transactions'), ('staging', 'dict_mcc'), ('staging', 'cards'), ('staging', 'dict_tariffs'), ('staging', 'dict_merchants')]
[2026-02-26T17:56:29.700+0000] {base.py:84} INFO - Using connection ID 'minio_conn_id' for task execution.
[2026-02-26T17:56:29.704+0000] {connection_wrapper.py:384} INFO - AWS Connection (conn_id='minio_conn_id', conn_type='aws') credentials retrieved from login and ***.
[2026-02-26T17:56:32.449+0000] {base.py:84} INFO - Using connection ID 'postgres_dwh' for task execution.
[2026-02-26T17:56:32.488+0000] {logging_mixin.py:188} INFO - Successfully loaded dict_regions using copy_expert
[2026-02-26T17:56:32.492+0000] {python.py:237} INFO - Done. Returned value was: None
[2026-02-26T17:56:32.497+0000] {taskinstance.py:441} INFO - ::group::Post task execution logs
[2026-02-26T17:56:32.526+0000] {taskinstance.py:1206} INFO - Marking task as SUCCESS. dag_id=oltp_s3_dwh, task_id=upload_s3_to_dwh_dict_regions, run_id=scheduled__2026-01-01T00:00:00+00:00, execution_date=20260101T000000, start_date=20260226T175628, end_date=20260226T175632
[2026-02-26T17:56:32.588+0000] {local_task_job_runner.py:243} INFO - Task exited with return code 0
[2026-02-26T17:56:32.702+0000] {taskinstance.py:3503} INFO - 0 downstream tasks scheduled from follow-on schedule check
[2026-02-26T17:56:32.735+0000] {local_task_job_runner.py:222} INFO - ::endgroup::
[2026-02-27T19:02:10.325+0000] {local_task_job_runner.py:120} INFO - ::group::Pre task execution logs
[2026-02-27T19:02:10.368+0000] {taskinstance.py:2076} INFO - Dependencies all met for dep_context=non-requeueable deps ti=<TaskInstance: oltp_s3_dwh.upload_s3_to_dwh_dict_regions scheduled__2026-01-01T00:00:00+00:00 [queued]>
[2026-02-27T19:02:10.424+0000] {taskinstance.py:2076} INFO - Dependencies all met for dep_context=requeueable deps ti=<TaskInstance: oltp_s3_dwh.upload_s3_to_dwh_dict_regions scheduled__2026-01-01T00:00:00+00:00 [queued]>
[2026-02-27T19:02:10.426+0000] {taskinstance.py:2306} INFO - Starting attempt 1 of 1
[2026-02-27T19:02:10.523+0000] {taskinstance.py:2330} INFO - Executing <Task(PythonOperator): upload_s3_to_dwh_dict_regions> on 2026-01-01 00:00:00+00:00
[2026-02-27T19:02:10.532+0000] {logging_mixin.py:188} WARNING - /home/***/.local/lib/python3.12/site-packages/***/task/task_runner/standard_task_runner.py:62 DeprecationWarning: This process (pid=33194) is multi-threaded, use of fork() may lead to deadlocks in the child.
[2026-02-27T19:02:10.539+0000] {standard_task_runner.py:64} INFO - Started process 33211 to run task
[2026-02-27T19:02:10.546+0000] {standard_task_runner.py:90} INFO - Running: ['***', 'tasks', 'run', 'oltp_s3_dwh', 'upload_s3_to_dwh_dict_regions', 'scheduled__2026-01-01T00:00:00+00:00', '--job-id', '1775', '--raw', '--subdir', 'DAGS_FOLDER/oltp_s3_dwh.py', '--cfg-path', '/tmp/tmps8l0_roq']
[2026-02-27T19:02:10.565+0000] {standard_task_runner.py:91} INFO - Job 1775: Subtask upload_s3_to_dwh_dict_regions
[2026-02-27T19:02:10.723+0000] {task_command.py:426} INFO - Running <TaskInstance: oltp_s3_dwh.upload_s3_to_dwh_dict_regions scheduled__2026-01-01T00:00:00+00:00 [running]> on host 31b45edbecf3
[2026-02-27T19:02:10.980+0000] {taskinstance.py:2648} INFO - Exporting env vars: AIRFLOW_CTX_DAG_OWNER='***' AIRFLOW_CTX_DAG_ID='oltp_s3_dwh' AIRFLOW_CTX_TASK_ID='upload_s3_to_dwh_dict_regions' AIRFLOW_CTX_EXECUTION_DATE='2026-01-01T00:00:00+00:00' AIRFLOW_CTX_TRY_NUMBER='1' AIRFLOW_CTX_DAG_RUN_ID='scheduled__2026-01-01T00:00:00+00:00'
[2026-02-27T19:02:10.985+0000] {taskinstance.py:430} INFO - ::endgroup::
[2026-02-27T19:02:11.058+0000] {base.py:84} INFO - Using connection ID 'postgres_dwh' for task execution.
[2026-02-27T19:02:11.071+0000] {sql.py:495} INFO - Running statement: SELECT table_schema, table_name FROM information_schema.tables WHERE table_schema = 'staging';, parameters: None
[2026-02-27T19:02:11.079+0000] {sql.py:504} INFO - Rows affected: 9
[2026-02-27T19:02:11.081+0000] {logging_mixin.py:188} INFO - DEBUG: Доступные таблицы в схеме staging: [('staging', 'exchange_rates'), ('staging', 'cards'), ('staging', 'users'), ('staging', 'accounts'), ('staging', 'dict_regions'), ('staging', 'dict_mcc'), ('staging', 'dict_tariffs'), ('staging', 'dict_merchants'), ('staging', 'transactions')]
[2026-02-27T19:02:11.116+0000] {base.py:84} INFO - Using connection ID 'minio_conn_id' for task execution.
[2026-02-27T19:02:11.119+0000] {connection_wrapper.py:384} INFO - AWS Connection (conn_id='minio_conn_id', conn_type='aws') credentials retrieved from login and ***.
[2026-02-27T19:02:12.586+0000] {base.py:84} INFO - Using connection ID 'postgres_dwh' for task execution.
[2026-02-27T19:02:12.622+0000] {logging_mixin.py:188} INFO - Successfully loaded dict_regions using copy_expert
[2026-02-27T19:02:12.625+0000] {python.py:237} INFO - Done. Returned value was: None
[2026-02-27T19:02:12.626+0000] {taskinstance.py:441} INFO - ::group::Post task execution logs
[2026-02-27T19:02:12.648+0000] {taskinstance.py:1206} INFO - Marking task as SUCCESS. dag_id=oltp_s3_dwh, task_id=upload_s3_to_dwh_dict_regions, run_id=scheduled__2026-01-01T00:00:00+00:00, execution_date=20260101T000000, start_date=20260227T190210, end_date=20260227T190212
[2026-02-27T19:02:12.710+0000] {local_task_job_runner.py:243} INFO - Task exited with return code 0
[2026-02-27T19:02:12.729+0000] {local_task_job_runner.py:222} INFO - ::endgroup::
