[2026-02-27T10:32:01.032+0000] {local_task_job_runner.py:120} INFO - ::group::Pre task execution logs
[2026-02-27T10:32:01.089+0000] {taskinstance.py:2076} INFO - Dependencies all met for dep_context=non-requeueable deps ti=<TaskInstance: staging_to_core.transform_dict_tariffs_to_core scheduled__2025-09-01T00:00:00+00:00 [queued]>
[2026-02-27T10:32:01.104+0000] {taskinstance.py:2076} INFO - Dependencies all met for dep_context=requeueable deps ti=<TaskInstance: staging_to_core.transform_dict_tariffs_to_core scheduled__2025-09-01T00:00:00+00:00 [queued]>
[2026-02-27T10:32:01.105+0000] {taskinstance.py:2306} INFO - Starting attempt 1 of 1
[2026-02-27T10:32:01.124+0000] {taskinstance.py:2330} INFO - Executing <Task(PostgresOperator): transform_dict_tariffs_to_core> on 2025-09-01 00:00:00+00:00
[2026-02-27T10:32:01.134+0000] {logging_mixin.py:188} WARNING - /home/***/.local/lib/python3.12/site-packages/***/task/task_runner/standard_task_runner.py:62 DeprecationWarning: This process (pid=9452) is multi-threaded, use of fork() may lead to deadlocks in the child.
[2026-02-27T10:32:01.135+0000] {standard_task_runner.py:64} INFO - Started process 9453 to run task
[2026-02-27T10:32:01.134+0000] {standard_task_runner.py:90} INFO - Running: ['***', 'tasks', 'run', 'staging_to_core', 'transform_dict_tariffs_to_core', 'scheduled__2025-09-01T00:00:00+00:00', '--job-id', '1426', '--raw', '--subdir', 'DAGS_FOLDER/staging_to_core.py', '--cfg-path', '/tmp/tmpvnt6y1ic']
[2026-02-27T10:32:01.137+0000] {standard_task_runner.py:91} INFO - Job 1426: Subtask transform_dict_tariffs_to_core
[2026-02-27T10:32:01.209+0000] {task_command.py:426} INFO - Running <TaskInstance: staging_to_core.transform_dict_tariffs_to_core scheduled__2025-09-01T00:00:00+00:00 [running]> on host 31b45edbecf3
[2026-02-27T10:32:01.325+0000] {taskinstance.py:2648} INFO - Exporting env vars: AIRFLOW_CTX_DAG_OWNER='***' AIRFLOW_CTX_DAG_ID='staging_to_core' AIRFLOW_CTX_TASK_ID='transform_dict_tariffs_to_core' AIRFLOW_CTX_EXECUTION_DATE='2025-09-01T00:00:00+00:00' AIRFLOW_CTX_TRY_NUMBER='1' AIRFLOW_CTX_DAG_RUN_ID='scheduled__2025-09-01T00:00:00+00:00'
[2026-02-27T10:32:01.326+0000] {taskinstance.py:430} INFO - ::endgroup::
[2026-02-27T10:32:01.346+0000] {sql.py:282} INFO - Executing: 
                    INSERT INTO core.dict_tariffs
                    SELECT * FROM staging.dict_tariffs
                    ON CONFLICT (tariff_id) 
                    DO UPDATE SET
                        tariff_name = EXCLUDED.tariff_name, monthly_cost = EXCLUDED.monthly_cost, cashback_percent = EXCLUDED.cashback_percent;
                
[2026-02-27T10:32:01.363+0000] {base.py:84} INFO - Using connection ID 'postgres_dwh' for task execution.
[2026-02-27T10:32:01.375+0000] {base.py:84} INFO - Using connection ID 'postgres_dwh' for task execution.
[2026-02-27T10:32:01.382+0000] {sql.py:495} INFO - Running statement: 
                    INSERT INTO core.dict_tariffs
                    SELECT * FROM staging.dict_tariffs
                    ON CONFLICT (tariff_id) 
                    DO UPDATE SET
                        tariff_name = EXCLUDED.tariff_name, monthly_cost = EXCLUDED.monthly_cost, cashback_percent = EXCLUDED.cashback_percent;
                , parameters: None
[2026-02-27T10:32:01.385+0000] {sql.py:504} INFO - Rows affected: 12
[2026-02-27T10:32:01.389+0000] {taskinstance.py:441} INFO - ::group::Post task execution logs
[2026-02-27T10:32:01.402+0000] {taskinstance.py:1206} INFO - Marking task as SUCCESS. dag_id=staging_to_core, task_id=transform_dict_tariffs_to_core, run_id=scheduled__2025-09-01T00:00:00+00:00, execution_date=20250901T000000, start_date=20260227T103201, end_date=20260227T103201
[2026-02-27T10:32:01.435+0000] {local_task_job_runner.py:243} INFO - Task exited with return code 0
[2026-02-27T10:32:01.449+0000] {logging_mixin.py:188} WARNING - /home/***/.local/lib/python3.12/site-packages/***/models/baseoperator.py:1297 AirflowProviderDeprecationWarning: Call to deprecated class PostgresOperator. (Please use `***.providers.common.sql.operators.sql.SQLExecuteQueryOperator`.Also, you can provide `hook_params={'schema': <database>}`.)
[2026-02-27T10:32:01.484+0000] {taskinstance.py:3503} INFO - 1 downstream tasks scheduled from follow-on schedule check
[2026-02-27T10:32:01.488+0000] {local_task_job_runner.py:222} INFO - ::endgroup::
[2026-02-27T19:03:53.303+0000] {local_task_job_runner.py:120} INFO - ::group::Pre task execution logs
[2026-02-27T19:03:53.351+0000] {taskinstance.py:2076} INFO - Dependencies all met for dep_context=non-requeueable deps ti=<TaskInstance: staging_to_core.transform_dict_tariffs_to_core scheduled__2025-09-01T00:00:00+00:00 [queued]>
[2026-02-27T19:03:53.365+0000] {taskinstance.py:2076} INFO - Dependencies all met for dep_context=requeueable deps ti=<TaskInstance: staging_to_core.transform_dict_tariffs_to_core scheduled__2025-09-01T00:00:00+00:00 [queued]>
[2026-02-27T19:03:53.366+0000] {taskinstance.py:2306} INFO - Starting attempt 1 of 1
[2026-02-27T19:03:53.383+0000] {taskinstance.py:2330} INFO - Executing <Task(PostgresOperator): transform_dict_tariffs_to_core> on 2025-09-01 00:00:00+00:00
[2026-02-27T19:03:53.392+0000] {logging_mixin.py:188} WARNING - /home/***/.local/lib/python3.12/site-packages/***/task/task_runner/standard_task_runner.py:62 DeprecationWarning: This process (pid=33511) is multi-threaded, use of fork() may lead to deadlocks in the child.
[2026-02-27T19:03:53.392+0000] {standard_task_runner.py:90} INFO - Running: ['***', 'tasks', 'run', 'staging_to_core', 'transform_dict_tariffs_to_core', 'scheduled__2025-09-01T00:00:00+00:00', '--job-id', '1858', '--raw', '--subdir', 'DAGS_FOLDER/staging_to_core.py', '--cfg-path', '/tmp/tmp_jwfm4ue']
[2026-02-27T19:03:53.393+0000] {standard_task_runner.py:64} INFO - Started process 33512 to run task
[2026-02-27T19:03:53.394+0000] {standard_task_runner.py:91} INFO - Job 1858: Subtask transform_dict_tariffs_to_core
[2026-02-27T19:03:53.458+0000] {task_command.py:426} INFO - Running <TaskInstance: staging_to_core.transform_dict_tariffs_to_core scheduled__2025-09-01T00:00:00+00:00 [running]> on host 31b45edbecf3
[2026-02-27T19:03:53.566+0000] {taskinstance.py:2648} INFO - Exporting env vars: AIRFLOW_CTX_DAG_OWNER='***' AIRFLOW_CTX_DAG_ID='staging_to_core' AIRFLOW_CTX_TASK_ID='transform_dict_tariffs_to_core' AIRFLOW_CTX_EXECUTION_DATE='2025-09-01T00:00:00+00:00' AIRFLOW_CTX_TRY_NUMBER='1' AIRFLOW_CTX_DAG_RUN_ID='scheduled__2025-09-01T00:00:00+00:00'
[2026-02-27T19:03:53.568+0000] {taskinstance.py:430} INFO - ::endgroup::
[2026-02-27T19:03:53.590+0000] {sql.py:282} INFO - Executing: 
                    INSERT INTO core.dict_tariffs
                    SELECT * FROM staging.dict_tariffs
                    ON CONFLICT (tariff_id) 
                    DO UPDATE SET
                        tariff_name = EXCLUDED.tariff_name, monthly_cost = EXCLUDED.monthly_cost, cashback_percent = EXCLUDED.cashback_percent;
                
[2026-02-27T19:03:53.602+0000] {base.py:84} INFO - Using connection ID 'postgres_dwh' for task execution.
[2026-02-27T19:03:53.615+0000] {base.py:84} INFO - Using connection ID 'postgres_dwh' for task execution.
[2026-02-27T19:03:53.621+0000] {sql.py:495} INFO - Running statement: 
                    INSERT INTO core.dict_tariffs
                    SELECT * FROM staging.dict_tariffs
                    ON CONFLICT (tariff_id) 
                    DO UPDATE SET
                        tariff_name = EXCLUDED.tariff_name, monthly_cost = EXCLUDED.monthly_cost, cashback_percent = EXCLUDED.cashback_percent;
                , parameters: None
[2026-02-27T19:03:53.624+0000] {sql.py:504} INFO - Rows affected: 3
[2026-02-27T19:03:53.627+0000] {taskinstance.py:441} INFO - ::group::Post task execution logs
[2026-02-27T19:03:53.640+0000] {taskinstance.py:1206} INFO - Marking task as SUCCESS. dag_id=staging_to_core, task_id=transform_dict_tariffs_to_core, run_id=scheduled__2025-09-01T00:00:00+00:00, execution_date=20250901T000000, start_date=20260227T190353, end_date=20260227T190353
[2026-02-27T19:03:53.693+0000] {local_task_job_runner.py:243} INFO - Task exited with return code 0
[2026-02-27T19:03:53.708+0000] {logging_mixin.py:188} WARNING - /home/***/.local/lib/python3.12/site-packages/***/models/baseoperator.py:1297 AirflowProviderDeprecationWarning: Call to deprecated class PostgresOperator. (Please use `***.providers.common.sql.operators.sql.SQLExecuteQueryOperator`.Also, you can provide `hook_params={'schema': <database>}`.)
[2026-02-27T19:03:53.742+0000] {taskinstance.py:3503} INFO - 1 downstream tasks scheduled from follow-on schedule check
[2026-02-27T19:03:53.746+0000] {local_task_job_runner.py:222} INFO - ::endgroup::
