[2026-02-26T12:06:44.450+0000] {local_task_job_runner.py:120} INFO - ::group::Pre task execution logs
[2026-02-26T12:06:44.608+0000] {taskinstance.py:2076} INFO - Dependencies all met for dep_context=non-requeueable deps ti=<TaskInstance: oltp_s3_dwh.upload_postgre_to_s3_transactions scheduled__2025-02-01T00:00:00+00:00 [queued]>
[2026-02-26T12:06:44.699+0000] {taskinstance.py:2076} INFO - Dependencies all met for dep_context=requeueable deps ti=<TaskInstance: oltp_s3_dwh.upload_postgre_to_s3_transactions scheduled__2025-02-01T00:00:00+00:00 [queued]>
[2026-02-26T12:06:44.710+0000] {taskinstance.py:2306} INFO - Starting attempt 2 of 2
[2026-02-26T12:06:44.832+0000] {taskinstance.py:2330} INFO - Executing <Task(PythonOperator): upload_postgre_to_s3_transactions> on 2025-02-01 00:00:00+00:00
[2026-02-26T12:06:44.887+0000] {logging_mixin.py:188} WARNING - /home/***/.local/lib/python3.12/site-packages/***/task/task_runner/standard_task_runner.py:62 DeprecationWarning: This process (pid=4347) is multi-threaded, use of fork() may lead to deadlocks in the child.
[2026-02-26T12:06:44.893+0000] {standard_task_runner.py:90} INFO - Running: ['***', 'tasks', 'run', 'oltp_s3_dwh', 'upload_postgre_to_s3_transactions', 'scheduled__2025-02-01T00:00:00+00:00', '--job-id', '988', '--raw', '--subdir', 'DAGS_FOLDER/oltp_s3_dwh_dict.py', '--cfg-path', '/tmp/tmp6y05k_h6']
[2026-02-26T12:06:44.905+0000] {standard_task_runner.py:64} INFO - Started process 4378 to run task
[2026-02-26T12:06:44.916+0000] {standard_task_runner.py:91} INFO - Job 988: Subtask upload_postgre_to_s3_transactions
[2026-02-26T12:06:45.299+0000] {task_command.py:426} INFO - Running <TaskInstance: oltp_s3_dwh.upload_postgre_to_s3_transactions scheduled__2025-02-01T00:00:00+00:00 [running]> on host 31b45edbecf3
[2026-02-26T12:06:45.898+0000] {taskinstance.py:2648} INFO - Exporting env vars: AIRFLOW_CTX_DAG_OWNER='***' AIRFLOW_CTX_DAG_ID='oltp_s3_dwh' AIRFLOW_CTX_TASK_ID='upload_postgre_to_s3_transactions' AIRFLOW_CTX_EXECUTION_DATE='2025-02-01T00:00:00+00:00' AIRFLOW_CTX_TRY_NUMBER='2' AIRFLOW_CTX_DAG_RUN_ID='scheduled__2025-02-01T00:00:00+00:00'
[2026-02-26T12:06:45.901+0000] {taskinstance.py:430} INFO - ::endgroup::
[2026-02-26T12:06:46.211+0000] {base.py:84} INFO - Using connection ID 'postgres_oltp' for task execution.
[2026-02-26T12:06:46.324+0000] {logging_mixin.py:188} WARNING - /home/***/.local/lib/python3.12/site-packages/***/providers/common/sql/hooks/sql.py:269 UserWarning: pandas only supports SQLAlchemy connectable (engine/connection) or database string URI or sqlite3 DBAPI2 connection. Other DBAPI2 objects are not tested. Please consider using SQLAlchemy.
[2026-02-26T12:06:47.074+0000] {base.py:84} INFO - Using connection ID 'minio_conn_id' for task execution.
[2026-02-26T12:06:47.098+0000] {connection_wrapper.py:384} INFO - AWS Connection (conn_id='minio_conn_id', conn_type='aws') credentials retrieved from login and ***.
[2026-02-26T12:06:48.874+0000] {python.py:237} INFO - Done. Returned value was: None
[2026-02-26T12:06:48.874+0000] {taskinstance.py:441} INFO - ::group::Post task execution logs
[2026-02-26T12:06:48.891+0000] {taskinstance.py:1206} INFO - Marking task as SUCCESS. dag_id=oltp_s3_dwh, task_id=upload_postgre_to_s3_transactions, run_id=scheduled__2025-02-01T00:00:00+00:00, execution_date=20250201T000000, start_date=20260226T120644, end_date=20260226T120648
[2026-02-26T12:06:49.024+0000] {local_task_job_runner.py:243} INFO - Task exited with return code 0
[2026-02-26T12:06:49.067+0000] {taskinstance.py:3503} INFO - 0 downstream tasks scheduled from follow-on schedule check
[2026-02-26T12:06:49.070+0000] {local_task_job_runner.py:222} INFO - ::endgroup::
[2026-02-28T10:00:56.738+0000] {local_task_job_runner.py:120} INFO - ::group::Pre task execution logs
[2026-02-28T10:00:56.816+0000] {taskinstance.py:2076} INFO - Dependencies all met for dep_context=non-requeueable deps ti=<TaskInstance: oltp_s3_dwh.upload_postgre_to_s3_transactions scheduled__2025-02-01T00:00:00+00:00 [queued]>
[2026-02-28T10:00:56.849+0000] {taskinstance.py:2076} INFO - Dependencies all met for dep_context=requeueable deps ti=<TaskInstance: oltp_s3_dwh.upload_postgre_to_s3_transactions scheduled__2025-02-01T00:00:00+00:00 [queued]>
[2026-02-28T10:00:56.850+0000] {taskinstance.py:2306} INFO - Starting attempt 2 of 2
[2026-02-28T10:00:56.887+0000] {taskinstance.py:2330} INFO - Executing <Task(PythonOperator): upload_postgre_to_s3_transactions> on 2025-02-01 00:00:00+00:00
[2026-02-28T10:00:56.903+0000] {standard_task_runner.py:90} INFO - Running: ['***', 'tasks', 'run', 'oltp_s3_dwh', 'upload_postgre_to_s3_transactions', 'scheduled__2025-02-01T00:00:00+00:00', '--job-id', '1957', '--raw', '--subdir', 'DAGS_FOLDER/oltp_s3_dwh.py', '--cfg-path', '/tmp/tmp0gsrfj1w']
[2026-02-28T10:00:56.914+0000] {standard_task_runner.py:91} INFO - Job 1957: Subtask upload_postgre_to_s3_transactions
[2026-02-28T10:00:56.926+0000] {logging_mixin.py:188} WARNING - /home/***/.local/lib/python3.12/site-packages/***/task/task_runner/standard_task_runner.py:62 DeprecationWarning: This process (pid=1815) is multi-threaded, use of fork() may lead to deadlocks in the child.
[2026-02-28T10:00:56.940+0000] {standard_task_runner.py:64} INFO - Started process 1831 to run task
[2026-02-28T10:00:57.051+0000] {task_command.py:426} INFO - Running <TaskInstance: oltp_s3_dwh.upload_postgre_to_s3_transactions scheduled__2025-02-01T00:00:00+00:00 [running]> on host 31b45edbecf3
[2026-02-28T10:00:57.325+0000] {taskinstance.py:2648} INFO - Exporting env vars: AIRFLOW_CTX_DAG_OWNER='***' AIRFLOW_CTX_DAG_ID='oltp_s3_dwh' AIRFLOW_CTX_TASK_ID='upload_postgre_to_s3_transactions' AIRFLOW_CTX_EXECUTION_DATE='2025-02-01T00:00:00+00:00' AIRFLOW_CTX_TRY_NUMBER='2' AIRFLOW_CTX_DAG_RUN_ID='scheduled__2025-02-01T00:00:00+00:00'
[2026-02-28T10:00:57.327+0000] {taskinstance.py:430} INFO - ::endgroup::
[2026-02-28T10:00:57.378+0000] {base.py:84} INFO - Using connection ID 'postgres_oltp' for task execution.
[2026-02-28T10:00:57.397+0000] {logging_mixin.py:188} WARNING - /home/***/.local/lib/python3.12/site-packages/***/providers/common/sql/hooks/sql.py:269 UserWarning: pandas only supports SQLAlchemy connectable (engine/connection) or database string URI or sqlite3 DBAPI2 connection. Other DBAPI2 objects are not tested. Please consider using SQLAlchemy.
[2026-02-28T10:00:57.781+0000] {base.py:84} INFO - Using connection ID 'minio_conn_id' for task execution.
[2026-02-28T10:00:57.783+0000] {connection_wrapper.py:384} INFO - AWS Connection (conn_id='minio_conn_id', conn_type='aws') credentials retrieved from login and ***.
[2026-02-28T10:00:58.098+0000] {python.py:237} INFO - Done. Returned value was: None
[2026-02-28T10:00:58.099+0000] {taskinstance.py:441} INFO - ::group::Post task execution logs
[2026-02-28T10:00:58.109+0000] {taskinstance.py:1206} INFO - Marking task as SUCCESS. dag_id=oltp_s3_dwh, task_id=upload_postgre_to_s3_transactions, run_id=scheduled__2025-02-01T00:00:00+00:00, execution_date=20250201T000000, start_date=20260228T100056, end_date=20260228T100058
[2026-02-28T10:00:58.165+0000] {local_task_job_runner.py:243} INFO - Task exited with return code 0
[2026-02-28T10:00:58.189+0000] {taskinstance.py:3503} INFO - 1 downstream tasks scheduled from follow-on schedule check
[2026-02-28T10:00:58.193+0000] {local_task_job_runner.py:222} INFO - ::endgroup::
