[2026-02-26T11:50:53.608+0000] {local_task_job_runner.py:120} INFO - ::group::Pre task execution logs
[2026-02-26T11:50:53.661+0000] {taskinstance.py:2076} INFO - Dependencies all met for dep_context=non-requeueable deps ti=<TaskInstance: oltp_s3_dwh.upload_postgre_to_s3_transactions scheduled__2025-02-01T00:00:00+00:00 [queued]>
[2026-02-26T11:50:53.679+0000] {taskinstance.py:2076} INFO - Dependencies all met for dep_context=requeueable deps ti=<TaskInstance: oltp_s3_dwh.upload_postgre_to_s3_transactions scheduled__2025-02-01T00:00:00+00:00 [queued]>
[2026-02-26T11:50:53.681+0000] {taskinstance.py:2306} INFO - Starting attempt 1 of 1
[2026-02-26T11:50:53.723+0000] {taskinstance.py:2330} INFO - Executing <Task(PythonOperator): upload_postgre_to_s3_transactions> on 2025-02-01 00:00:00+00:00
[2026-02-26T11:50:53.749+0000] {standard_task_runner.py:90} INFO - Running: ['***', 'tasks', 'run', 'oltp_s3_dwh', 'upload_postgre_to_s3_transactions', 'scheduled__2025-02-01T00:00:00+00:00', '--job-id', '932', '--raw', '--subdir', 'DAGS_FOLDER/oltp_s3_dwh_dict.py', '--cfg-path', '/tmp/tmp3i1d9o6f']
[2026-02-26T11:50:53.758+0000] {logging_mixin.py:188} WARNING - /home/***/.local/lib/python3.12/site-packages/***/task/task_runner/standard_task_runner.py:62 DeprecationWarning: This process (pid=3062) is multi-threaded, use of fork() may lead to deadlocks in the child.
[2026-02-26T11:50:53.763+0000] {standard_task_runner.py:64} INFO - Started process 3073 to run task
[2026-02-26T11:50:53.761+0000] {standard_task_runner.py:91} INFO - Job 932: Subtask upload_postgre_to_s3_transactions
[2026-02-26T11:50:53.921+0000] {task_command.py:426} INFO - Running <TaskInstance: oltp_s3_dwh.upload_postgre_to_s3_transactions scheduled__2025-02-01T00:00:00+00:00 [running]> on host 31b45edbecf3
[2026-02-26T11:50:54.123+0000] {taskinstance.py:2648} INFO - Exporting env vars: AIRFLOW_CTX_DAG_OWNER='***' AIRFLOW_CTX_DAG_ID='oltp_s3_dwh' AIRFLOW_CTX_TASK_ID='upload_postgre_to_s3_transactions' AIRFLOW_CTX_EXECUTION_DATE='2025-02-01T00:00:00+00:00' AIRFLOW_CTX_TRY_NUMBER='1' AIRFLOW_CTX_DAG_RUN_ID='scheduled__2025-02-01T00:00:00+00:00'
[2026-02-26T11:50:54.126+0000] {taskinstance.py:430} INFO - ::endgroup::
[2026-02-26T11:50:54.168+0000] {base.py:84} INFO - Using connection ID 'postgres_oltp' for task execution.
[2026-02-26T11:50:54.186+0000] {logging_mixin.py:188} WARNING - /home/***/.local/lib/python3.12/site-packages/***/providers/common/sql/hooks/sql.py:269 UserWarning: pandas only supports SQLAlchemy connectable (engine/connection) or database string URI or sqlite3 DBAPI2 connection. Other DBAPI2 objects are not tested. Please consider using SQLAlchemy.
[2026-02-26T11:50:54.651+0000] {base.py:84} INFO - Using connection ID 'minio_conn_id' for task execution.
[2026-02-26T11:50:54.652+0000] {connection_wrapper.py:384} INFO - AWS Connection (conn_id='minio_conn_id', conn_type='aws') credentials retrieved from login and ***.
[2026-02-26T11:50:55.313+0000] {python.py:237} INFO - Done. Returned value was: None
[2026-02-26T11:50:55.314+0000] {taskinstance.py:441} INFO - ::group::Post task execution logs
[2026-02-26T11:50:55.331+0000] {taskinstance.py:1206} INFO - Marking task as SUCCESS. dag_id=oltp_s3_dwh, task_id=upload_postgre_to_s3_transactions, run_id=scheduled__2025-02-01T00:00:00+00:00, execution_date=20250201T000000, start_date=20260226T115053, end_date=20260226T115055
[2026-02-26T11:50:55.365+0000] {local_task_job_runner.py:243} INFO - Task exited with return code 0
[2026-02-26T11:50:55.390+0000] {taskinstance.py:3503} INFO - 0 downstream tasks scheduled from follow-on schedule check
[2026-02-26T11:50:55.403+0000] {local_task_job_runner.py:222} INFO - ::endgroup::
[2026-02-27T18:59:53.159+0000] {local_task_job_runner.py:120} INFO - ::group::Pre task execution logs
[2026-02-27T18:59:53.192+0000] {taskinstance.py:2076} INFO - Dependencies all met for dep_context=non-requeueable deps ti=<TaskInstance: oltp_s3_dwh.upload_postgre_to_s3_transactions scheduled__2025-02-01T00:00:00+00:00 [queued]>
[2026-02-27T18:59:53.213+0000] {taskinstance.py:2076} INFO - Dependencies all met for dep_context=requeueable deps ti=<TaskInstance: oltp_s3_dwh.upload_postgre_to_s3_transactions scheduled__2025-02-01T00:00:00+00:00 [queued]>
[2026-02-27T18:59:53.214+0000] {taskinstance.py:2306} INFO - Starting attempt 1 of 1
[2026-02-27T18:59:53.234+0000] {taskinstance.py:2330} INFO - Executing <Task(PythonOperator): upload_postgre_to_s3_transactions> on 2025-02-01 00:00:00+00:00
[2026-02-27T18:59:53.252+0000] {logging_mixin.py:188} WARNING - /home/***/.local/lib/python3.12/site-packages/***/task/task_runner/standard_task_runner.py:62 DeprecationWarning: This process (pid=32015) is multi-threaded, use of fork() may lead to deadlocks in the child.
[2026-02-27T18:59:53.259+0000] {standard_task_runner.py:64} INFO - Started process 32036 to run task
[2026-02-27T18:59:53.258+0000] {standard_task_runner.py:90} INFO - Running: ['***', 'tasks', 'run', 'oltp_s3_dwh', 'upload_postgre_to_s3_transactions', 'scheduled__2025-02-01T00:00:00+00:00', '--job-id', '1539', '--raw', '--subdir', 'DAGS_FOLDER/oltp_s3_dwh.py', '--cfg-path', '/tmp/tmp0nfr4139']
[2026-02-27T18:59:53.261+0000] {standard_task_runner.py:91} INFO - Job 1539: Subtask upload_postgre_to_s3_transactions
[2026-02-27T18:59:53.409+0000] {task_command.py:426} INFO - Running <TaskInstance: oltp_s3_dwh.upload_postgre_to_s3_transactions scheduled__2025-02-01T00:00:00+00:00 [running]> on host 31b45edbecf3
[2026-02-27T18:59:53.658+0000] {taskinstance.py:2648} INFO - Exporting env vars: AIRFLOW_CTX_DAG_OWNER='***' AIRFLOW_CTX_DAG_ID='oltp_s3_dwh' AIRFLOW_CTX_TASK_ID='upload_postgre_to_s3_transactions' AIRFLOW_CTX_EXECUTION_DATE='2025-02-01T00:00:00+00:00' AIRFLOW_CTX_TRY_NUMBER='1' AIRFLOW_CTX_DAG_RUN_ID='scheduled__2025-02-01T00:00:00+00:00'
[2026-02-27T18:59:53.664+0000] {taskinstance.py:430} INFO - ::endgroup::
[2026-02-27T18:59:53.740+0000] {base.py:84} INFO - Using connection ID 'postgres_oltp' for task execution.
[2026-02-27T18:59:53.764+0000] {logging_mixin.py:188} WARNING - /home/***/.local/lib/python3.12/site-packages/***/providers/common/sql/hooks/sql.py:269 UserWarning: pandas only supports SQLAlchemy connectable (engine/connection) or database string URI or sqlite3 DBAPI2 connection. Other DBAPI2 objects are not tested. Please consider using SQLAlchemy.
[2026-02-27T18:59:53.791+0000] {logging_mixin.py:188} INFO - В таблице transactions нет данных
[2026-02-27T18:59:53.799+0000] {python.py:237} INFO - Done. Returned value was: None
[2026-02-27T18:59:53.801+0000] {taskinstance.py:441} INFO - ::group::Post task execution logs
[2026-02-27T18:59:53.822+0000] {taskinstance.py:1206} INFO - Marking task as SUCCESS. dag_id=oltp_s3_dwh, task_id=upload_postgre_to_s3_transactions, run_id=scheduled__2025-02-01T00:00:00+00:00, execution_date=20250201T000000, start_date=20260227T185953, end_date=20260227T185953
[2026-02-27T18:59:53.911+0000] {local_task_job_runner.py:243} INFO - Task exited with return code 0
[2026-02-27T18:59:53.989+0000] {taskinstance.py:3503} INFO - 1 downstream tasks scheduled from follow-on schedule check
[2026-02-27T18:59:54.000+0000] {local_task_job_runner.py:222} INFO - ::endgroup::
