[2026-02-28T10:35:26.743+0000] {local_task_job_runner.py:120} INFO - ::group::Pre task execution logs
[2026-02-28T10:35:26.804+0000] {taskinstance.py:2076} INFO - Dependencies all met for dep_context=non-requeueable deps ti=<TaskInstance: oltp_s3_dwh.upload_postgre_to_s3_transactions scheduled__2025-02-01T00:00:00+00:00 [queued]>
[2026-02-28T10:35:26.844+0000] {taskinstance.py:2076} INFO - Dependencies all met for dep_context=requeueable deps ti=<TaskInstance: oltp_s3_dwh.upload_postgre_to_s3_transactions scheduled__2025-02-01T00:00:00+00:00 [queued]>
[2026-02-28T10:35:26.846+0000] {taskinstance.py:2306} INFO - Starting attempt 6 of 6
[2026-02-28T10:35:26.914+0000] {taskinstance.py:2330} INFO - Executing <Task(PythonOperator): upload_postgre_to_s3_transactions> on 2025-02-01 00:00:00+00:00
[2026-02-28T10:35:26.936+0000] {logging_mixin.py:188} WARNING - /home/***/.local/lib/python3.12/site-packages/***/task/task_runner/standard_task_runner.py:62 DeprecationWarning: This process (pid=4597) is multi-threaded, use of fork() may lead to deadlocks in the child.
[2026-02-28T10:35:26.958+0000] {standard_task_runner.py:64} INFO - Started process 4620 to run task
[2026-02-28T10:35:26.953+0000] {standard_task_runner.py:90} INFO - Running: ['***', 'tasks', 'run', 'oltp_s3_dwh', 'upload_postgre_to_s3_transactions', 'scheduled__2025-02-01T00:00:00+00:00', '--job-id', '2062', '--raw', '--subdir', 'DAGS_FOLDER/oltp_s3_dwh.py', '--cfg-path', '/tmp/tmp_56oejpt']
[2026-02-28T10:35:26.966+0000] {standard_task_runner.py:91} INFO - Job 2062: Subtask upload_postgre_to_s3_transactions
[2026-02-28T10:35:27.050+0000] {task_command.py:426} INFO - Running <TaskInstance: oltp_s3_dwh.upload_postgre_to_s3_transactions scheduled__2025-02-01T00:00:00+00:00 [running]> on host 31b45edbecf3
[2026-02-28T10:35:27.321+0000] {taskinstance.py:2648} INFO - Exporting env vars: AIRFLOW_CTX_DAG_OWNER='***' AIRFLOW_CTX_DAG_ID='oltp_s3_dwh' AIRFLOW_CTX_TASK_ID='upload_postgre_to_s3_transactions' AIRFLOW_CTX_EXECUTION_DATE='2025-02-01T00:00:00+00:00' AIRFLOW_CTX_TRY_NUMBER='6' AIRFLOW_CTX_DAG_RUN_ID='scheduled__2025-02-01T00:00:00+00:00'
[2026-02-28T10:35:27.325+0000] {taskinstance.py:430} INFO - ::endgroup::
[2026-02-28T10:35:27.397+0000] {base.py:84} INFO - Using connection ID 'postgres_oltp' for task execution.
[2026-02-28T10:35:27.399+0000] {logging_mixin.py:188} INFO - DEBUG: Host: postgres_oltp
[2026-02-28T10:35:27.404+0000] {logging_mixin.py:188} INFO - DEBUG: DB Name: oltp_db
[2026-02-28T10:35:27.404+0000] {logging_mixin.py:188} INFO - DEBUG: Генерируемый SQL-запрос: select * from transactions where date_trunc('month', transaction_time) = date_trunc('month','2025-02-01'::date)
[2026-02-28T10:35:27.418+0000] {base.py:84} INFO - Using connection ID 'postgres_oltp' for task execution.
[2026-02-28T10:35:27.434+0000] {logging_mixin.py:188} WARNING - /home/***/.local/lib/python3.12/site-packages/***/providers/common/sql/hooks/sql.py:269 UserWarning: pandas only supports SQLAlchemy connectable (engine/connection) or database string URI or sqlite3 DBAPI2 connection. Other DBAPI2 objects are not tested. Please consider using SQLAlchemy.
[2026-02-28T10:35:27.893+0000] {base.py:84} INFO - Using connection ID 'minio_conn_id' for task execution.
[2026-02-28T10:35:27.898+0000] {connection_wrapper.py:384} INFO - AWS Connection (conn_id='minio_conn_id', conn_type='aws') credentials retrieved from login and ***.
[2026-02-28T10:35:28.300+0000] {logging_mixin.py:188} INFO - За 2025-02-01 S3 загружено - 1929 строк
[2026-02-28T10:35:28.301+0000] {python.py:237} INFO - Done. Returned value was: None
[2026-02-28T10:35:28.302+0000] {taskinstance.py:441} INFO - ::group::Post task execution logs
[2026-02-28T10:35:28.311+0000] {taskinstance.py:1206} INFO - Marking task as SUCCESS. dag_id=oltp_s3_dwh, task_id=upload_postgre_to_s3_transactions, run_id=scheduled__2025-02-01T00:00:00+00:00, execution_date=20250201T000000, start_date=20260228T103526, end_date=20260228T103528
[2026-02-28T10:35:28.365+0000] {local_task_job_runner.py:243} INFO - Task exited with return code 0
[2026-02-28T10:35:28.396+0000] {taskinstance.py:3503} INFO - 1 downstream tasks scheduled from follow-on schedule check
[2026-02-28T10:35:28.474+0000] {local_task_job_runner.py:222} INFO - ::endgroup::
