[2026-02-26T12:07:21.618+0000] {local_task_job_runner.py:120} INFO - ::group::Pre task execution logs
[2026-02-26T12:07:21.865+0000] {taskinstance.py:2076} INFO - Dependencies all met for dep_context=non-requeueable deps ti=<TaskInstance: oltp_s3_dwh.upload_postgre_to_s3_users scheduled__2025-10-01T00:00:00+00:00 [queued]>
[2026-02-26T12:07:22.043+0000] {taskinstance.py:2076} INFO - Dependencies all met for dep_context=requeueable deps ti=<TaskInstance: oltp_s3_dwh.upload_postgre_to_s3_users scheduled__2025-10-01T00:00:00+00:00 [queued]>
[2026-02-26T12:07:22.047+0000] {taskinstance.py:2306} INFO - Starting attempt 1 of 1
[2026-02-26T12:07:22.182+0000] {taskinstance.py:2330} INFO - Executing <Task(PythonOperator): upload_postgre_to_s3_users> on 2025-10-01 00:00:00+00:00
[2026-02-26T12:07:22.225+0000] {logging_mixin.py:188} WARNING - /home/***/.local/lib/python3.12/site-packages/***/task/task_runner/standard_task_runner.py:62 DeprecationWarning: This process (pid=4748) is multi-threaded, use of fork() may lead to deadlocks in the child.
[2026-02-26T12:07:22.227+0000] {standard_task_runner.py:64} INFO - Started process 4796 to run task
[2026-02-26T12:07:22.260+0000] {standard_task_runner.py:90} INFO - Running: ['***', 'tasks', 'run', 'oltp_s3_dwh', 'upload_postgre_to_s3_users', 'scheduled__2025-10-01T00:00:00+00:00', '--job-id', '1073', '--raw', '--subdir', 'DAGS_FOLDER/oltp_s3_dwh_dict.py', '--cfg-path', '/tmp/tmpdl98qjp8']
[2026-02-26T12:07:22.312+0000] {standard_task_runner.py:91} INFO - Job 1073: Subtask upload_postgre_to_s3_users
[2026-02-26T12:07:22.517+0000] {task_command.py:426} INFO - Running <TaskInstance: oltp_s3_dwh.upload_postgre_to_s3_users scheduled__2025-10-01T00:00:00+00:00 [running]> on host 31b45edbecf3
[2026-02-26T12:07:23.168+0000] {taskinstance.py:2648} INFO - Exporting env vars: AIRFLOW_CTX_DAG_OWNER='***' AIRFLOW_CTX_DAG_ID='oltp_s3_dwh' AIRFLOW_CTX_TASK_ID='upload_postgre_to_s3_users' AIRFLOW_CTX_EXECUTION_DATE='2025-10-01T00:00:00+00:00' AIRFLOW_CTX_TRY_NUMBER='1' AIRFLOW_CTX_DAG_RUN_ID='scheduled__2025-10-01T00:00:00+00:00'
[2026-02-26T12:07:23.170+0000] {taskinstance.py:430} INFO - ::endgroup::
[2026-02-26T12:07:23.267+0000] {base.py:84} INFO - Using connection ID 'postgres_oltp' for task execution.
[2026-02-26T12:07:23.295+0000] {logging_mixin.py:188} WARNING - /home/***/.local/lib/python3.12/site-packages/***/providers/common/sql/hooks/sql.py:269 UserWarning: pandas only supports SQLAlchemy connectable (engine/connection) or database string URI or sqlite3 DBAPI2 connection. Other DBAPI2 objects are not tested. Please consider using SQLAlchemy.
[2026-02-26T12:07:23.342+0000] {logging_mixin.py:188} INFO - В таблице users нет данных
[2026-02-26T12:07:23.350+0000] {python.py:237} INFO - Done. Returned value was: None
[2026-02-26T12:07:23.381+0000] {taskinstance.py:441} INFO - ::group::Post task execution logs
[2026-02-26T12:07:23.432+0000] {taskinstance.py:1206} INFO - Marking task as SUCCESS. dag_id=oltp_s3_dwh, task_id=upload_postgre_to_s3_users, run_id=scheduled__2025-10-01T00:00:00+00:00, execution_date=20251001T000000, start_date=20260226T120721, end_date=20260226T120723
[2026-02-26T12:07:23.597+0000] {local_task_job_runner.py:243} INFO - Task exited with return code 0
[2026-02-26T12:07:23.636+0000] {taskinstance.py:3503} INFO - 0 downstream tasks scheduled from follow-on schedule check
[2026-02-26T12:07:23.641+0000] {local_task_job_runner.py:222} INFO - ::endgroup::
[2026-02-27T19:01:28.631+0000] {local_task_job_runner.py:120} INFO - ::group::Pre task execution logs
[2026-02-27T19:01:28.688+0000] {taskinstance.py:2076} INFO - Dependencies all met for dep_context=non-requeueable deps ti=<TaskInstance: oltp_s3_dwh.upload_postgre_to_s3_users scheduled__2025-10-01T00:00:00+00:00 [queued]>
[2026-02-27T19:01:28.717+0000] {taskinstance.py:2076} INFO - Dependencies all met for dep_context=requeueable deps ti=<TaskInstance: oltp_s3_dwh.upload_postgre_to_s3_users scheduled__2025-10-01T00:00:00+00:00 [queued]>
[2026-02-27T19:01:28.724+0000] {taskinstance.py:2306} INFO - Starting attempt 1 of 1
[2026-02-27T19:01:28.783+0000] {taskinstance.py:2330} INFO - Executing <Task(PythonOperator): upload_postgre_to_s3_users> on 2025-10-01 00:00:00+00:00
[2026-02-27T19:01:28.811+0000] {standard_task_runner.py:90} INFO - Running: ['***', 'tasks', 'run', 'oltp_s3_dwh', 'upload_postgre_to_s3_users', 'scheduled__2025-10-01T00:00:00+00:00', '--job-id', '1698', '--raw', '--subdir', 'DAGS_FOLDER/oltp_s3_dwh.py', '--cfg-path', '/tmp/tmpt4xiu_ca']
[2026-02-27T19:01:28.816+0000] {standard_task_runner.py:91} INFO - Job 1698: Subtask upload_postgre_to_s3_users
[2026-02-27T19:01:28.822+0000] {logging_mixin.py:188} WARNING - /home/***/.local/lib/python3.12/site-packages/***/task/task_runner/standard_task_runner.py:62 DeprecationWarning: This process (pid=32833) is multi-threaded, use of fork() may lead to deadlocks in the child.
[2026-02-27T19:01:28.829+0000] {standard_task_runner.py:64} INFO - Started process 32850 to run task
[2026-02-27T19:01:28.972+0000] {task_command.py:426} INFO - Running <TaskInstance: oltp_s3_dwh.upload_postgre_to_s3_users scheduled__2025-10-01T00:00:00+00:00 [running]> on host 31b45edbecf3
[2026-02-27T19:01:29.339+0000] {taskinstance.py:2648} INFO - Exporting env vars: AIRFLOW_CTX_DAG_OWNER='***' AIRFLOW_CTX_DAG_ID='oltp_s3_dwh' AIRFLOW_CTX_TASK_ID='upload_postgre_to_s3_users' AIRFLOW_CTX_EXECUTION_DATE='2025-10-01T00:00:00+00:00' AIRFLOW_CTX_TRY_NUMBER='1' AIRFLOW_CTX_DAG_RUN_ID='scheduled__2025-10-01T00:00:00+00:00'
[2026-02-27T19:01:29.340+0000] {taskinstance.py:430} INFO - ::endgroup::
[2026-02-27T19:01:29.417+0000] {base.py:84} INFO - Using connection ID 'postgres_oltp' for task execution.
[2026-02-27T19:01:29.438+0000] {logging_mixin.py:188} WARNING - /home/***/.local/lib/python3.12/site-packages/***/providers/common/sql/hooks/sql.py:269 UserWarning: pandas only supports SQLAlchemy connectable (engine/connection) or database string URI or sqlite3 DBAPI2 connection. Other DBAPI2 objects are not tested. Please consider using SQLAlchemy.
[2026-02-27T19:01:29.467+0000] {logging_mixin.py:188} INFO - В таблице users нет данных
[2026-02-27T19:01:29.468+0000] {python.py:237} INFO - Done. Returned value was: None
[2026-02-27T19:01:29.469+0000] {taskinstance.py:441} INFO - ::group::Post task execution logs
[2026-02-27T19:01:29.493+0000] {taskinstance.py:1206} INFO - Marking task as SUCCESS. dag_id=oltp_s3_dwh, task_id=upload_postgre_to_s3_users, run_id=scheduled__2025-10-01T00:00:00+00:00, execution_date=20251001T000000, start_date=20260227T190128, end_date=20260227T190129
[2026-02-27T19:01:29.593+0000] {local_task_job_runner.py:243} INFO - Task exited with return code 0
[2026-02-27T19:01:29.656+0000] {taskinstance.py:3503} INFO - 0 downstream tasks scheduled from follow-on schedule check
[2026-02-27T19:01:29.681+0000] {local_task_job_runner.py:222} INFO - ::endgroup::
