[2026-02-26T17:56:33.642+0000] {local_task_job_runner.py:120} INFO - ::group::Pre task execution logs
[2026-02-26T17:56:33.705+0000] {taskinstance.py:2076} INFO - Dependencies all met for dep_context=non-requeueable deps ti=<TaskInstance: oltp_s3_dwh.upload_s3_to_dwh_dict_tariffs manual__2026-02-26T11:50:52.288013+00:00 [queued]>
[2026-02-26T17:56:33.742+0000] {taskinstance.py:2076} INFO - Dependencies all met for dep_context=requeueable deps ti=<TaskInstance: oltp_s3_dwh.upload_s3_to_dwh_dict_tariffs manual__2026-02-26T11:50:52.288013+00:00 [queued]>
[2026-02-26T17:56:33.750+0000] {taskinstance.py:2306} INFO - Starting attempt 1 of 1
[2026-02-26T17:56:33.823+0000] {taskinstance.py:2330} INFO - Executing <Task(PythonOperator): upload_s3_to_dwh_dict_tariffs> on 2026-02-26 11:50:52.288013+00:00
[2026-02-26T17:56:33.838+0000] {logging_mixin.py:188} WARNING - /home/***/.local/lib/python3.12/site-packages/***/task/task_runner/standard_task_runner.py:62 DeprecationWarning: This process (pid=7385) is multi-threaded, use of fork() may lead to deadlocks in the child.
[2026-02-26T17:56:33.863+0000] {standard_task_runner.py:64} INFO - Started process 7444 to run task
[2026-02-26T17:56:33.881+0000] {standard_task_runner.py:90} INFO - Running: ['***', 'tasks', 'run', 'oltp_s3_dwh', 'upload_s3_to_dwh_dict_tariffs', 'manual__2026-02-26T11:50:52.288013+00:00', '--job-id', '1276', '--raw', '--subdir', 'DAGS_FOLDER/oltp_s3_dwh.py', '--cfg-path', '/tmp/tmphyizg17t']
[2026-02-26T17:56:33.885+0000] {standard_task_runner.py:91} INFO - Job 1276: Subtask upload_s3_to_dwh_dict_tariffs
[2026-02-26T17:56:34.074+0000] {task_command.py:426} INFO - Running <TaskInstance: oltp_s3_dwh.upload_s3_to_dwh_dict_tariffs manual__2026-02-26T11:50:52.288013+00:00 [running]> on host 31b45edbecf3
[2026-02-26T17:56:34.335+0000] {taskinstance.py:2648} INFO - Exporting env vars: AIRFLOW_CTX_DAG_OWNER='***' AIRFLOW_CTX_DAG_ID='oltp_s3_dwh' AIRFLOW_CTX_TASK_ID='upload_s3_to_dwh_dict_tariffs' AIRFLOW_CTX_EXECUTION_DATE='2026-02-26T11:50:52.288013+00:00' AIRFLOW_CTX_TRY_NUMBER='1' AIRFLOW_CTX_DAG_RUN_ID='manual__2026-02-26T11:50:52.288013+00:00'
[2026-02-26T17:56:34.338+0000] {taskinstance.py:430} INFO - ::endgroup::
[2026-02-26T17:56:34.430+0000] {base.py:84} INFO - Using connection ID 'postgres_dwh' for task execution.
[2026-02-26T17:56:34.448+0000] {sql.py:495} INFO - Running statement: SELECT table_schema, table_name FROM information_schema.tables WHERE table_schema = 'staging';, parameters: None
[2026-02-26T17:56:34.454+0000] {sql.py:504} INFO - Rows affected: 9
[2026-02-26T17:56:34.459+0000] {logging_mixin.py:188} INFO - DEBUG: Доступные таблицы в схеме staging: [('staging', 'exchange_rates'), ('staging', 'users'), ('staging', 'accounts'), ('staging', 'dict_regions'), ('staging', 'dict_tariffs'), ('staging', 'cards'), ('staging', 'dict_mcc'), ('staging', 'dict_merchants'), ('staging', 'transactions')]
[2026-02-26T17:56:34.482+0000] {base.py:84} INFO - Using connection ID 'minio_conn_id' for task execution.
[2026-02-26T17:56:34.484+0000] {connection_wrapper.py:384} INFO - AWS Connection (conn_id='minio_conn_id', conn_type='aws') credentials retrieved from login and ***.
[2026-02-26T17:56:35.905+0000] {base.py:84} INFO - Using connection ID 'postgres_dwh' for task execution.
[2026-02-26T17:56:35.922+0000] {logging_mixin.py:188} INFO - Successfully loaded dict_tariffs using copy_expert
[2026-02-26T17:56:35.931+0000] {python.py:237} INFO - Done. Returned value was: None
[2026-02-26T17:56:35.938+0000] {taskinstance.py:441} INFO - ::group::Post task execution logs
[2026-02-26T17:56:35.957+0000] {taskinstance.py:1206} INFO - Marking task as SUCCESS. dag_id=oltp_s3_dwh, task_id=upload_s3_to_dwh_dict_tariffs, run_id=manual__2026-02-26T11:50:52.288013+00:00, execution_date=20260226T115052, start_date=20260226T175633, end_date=20260226T175635
[2026-02-26T17:56:36.031+0000] {local_task_job_runner.py:243} INFO - Task exited with return code 0
[2026-02-26T17:56:36.079+0000] {taskinstance.py:3503} INFO - 0 downstream tasks scheduled from follow-on schedule check
[2026-02-26T17:56:36.091+0000] {local_task_job_runner.py:222} INFO - ::endgroup::
