[2026-02-28T10:34:26.334+0000] {local_task_job_runner.py:120} INFO - ::group::Pre task execution logs
[2026-02-28T10:34:26.418+0000] {taskinstance.py:2076} INFO - Dependencies all met for dep_context=non-requeueable deps ti=<TaskInstance: oltp_s3_dwh.upload_postgre_to_s3_dict_mcc scheduled__2025-02-01T00:00:00+00:00 [queued]>
[2026-02-28T10:34:26.455+0000] {taskinstance.py:2076} INFO - Dependencies all met for dep_context=requeueable deps ti=<TaskInstance: oltp_s3_dwh.upload_postgre_to_s3_dict_mcc scheduled__2025-02-01T00:00:00+00:00 [queued]>
[2026-02-28T10:34:26.466+0000] {taskinstance.py:2306} INFO - Starting attempt 5 of 5
[2026-02-28T10:34:26.599+0000] {taskinstance.py:2330} INFO - Executing <Task(PythonOperator): upload_postgre_to_s3_dict_mcc> on 2025-02-01 00:00:00+00:00
[2026-02-28T10:34:26.614+0000] {logging_mixin.py:188} WARNING - /home/***/.local/lib/python3.12/site-packages/***/task/task_runner/standard_task_runner.py:62 DeprecationWarning: This process (pid=4501) is multi-threaded, use of fork() may lead to deadlocks in the child.
[2026-02-28T10:34:26.618+0000] {standard_task_runner.py:64} INFO - Started process 4520 to run task
[2026-02-28T10:34:26.629+0000] {standard_task_runner.py:90} INFO - Running: ['***', 'tasks', 'run', 'oltp_s3_dwh', 'upload_postgre_to_s3_dict_mcc', 'scheduled__2025-02-01T00:00:00+00:00', '--job-id', '2048', '--raw', '--subdir', 'DAGS_FOLDER/oltp_s3_dwh.py', '--cfg-path', '/tmp/tmpqndrvzhp']
[2026-02-28T10:34:26.639+0000] {standard_task_runner.py:91} INFO - Job 2048: Subtask upload_postgre_to_s3_dict_mcc
[2026-02-28T10:34:26.770+0000] {task_command.py:426} INFO - Running <TaskInstance: oltp_s3_dwh.upload_postgre_to_s3_dict_mcc scheduled__2025-02-01T00:00:00+00:00 [running]> on host 31b45edbecf3
[2026-02-28T10:34:26.957+0000] {taskinstance.py:2648} INFO - Exporting env vars: AIRFLOW_CTX_DAG_OWNER='***' AIRFLOW_CTX_DAG_ID='oltp_s3_dwh' AIRFLOW_CTX_TASK_ID='upload_postgre_to_s3_dict_mcc' AIRFLOW_CTX_EXECUTION_DATE='2025-02-01T00:00:00+00:00' AIRFLOW_CTX_TRY_NUMBER='5' AIRFLOW_CTX_DAG_RUN_ID='scheduled__2025-02-01T00:00:00+00:00'
[2026-02-28T10:34:26.959+0000] {taskinstance.py:430} INFO - ::endgroup::
[2026-02-28T10:34:26.992+0000] {taskinstance.py:441} INFO - ::group::Post task execution logs
[2026-02-28T10:34:27.004+0000] {taskinstance.py:2905} ERROR - Task failed with exception
Traceback (most recent call last):
  File "/home/airflow/.local/lib/python3.12/site-packages/airflow/models/taskinstance.py", line 465, in _execute_task
    result = _execute_callable(context=context, **execute_callable_kwargs)
             ^^^^^^^^^^^^^^^^^^^^^^^^^^^^^^^^^^^^^^^^^^^^^^^^^^^^^^^^^^^^^
  File "/home/airflow/.local/lib/python3.12/site-packages/airflow/models/taskinstance.py", line 432, in _execute_callable
    return execute_callable(context=context, **execute_callable_kwargs)
           ^^^^^^^^^^^^^^^^^^^^^^^^^^^^^^^^^^^^^^^^^^^^^^^^^^^^^^^^^^^^
  File "/home/airflow/.local/lib/python3.12/site-packages/airflow/models/baseoperator.py", line 401, in wrapper
    return func(self, *args, **kwargs)
           ^^^^^^^^^^^^^^^^^^^^^^^^^^^
  File "/home/airflow/.local/lib/python3.12/site-packages/airflow/operators/python.py", line 235, in execute
    return_value = self.execute_callable()
                   ^^^^^^^^^^^^^^^^^^^^^^^
  File "/home/airflow/.local/lib/python3.12/site-packages/airflow/operators/python.py", line 252, in execute_callable
    return self.python_callable(*self.op_args, **self.op_kwargs)
           ^^^^^^^^^^^^^^^^^^^^^^^^^^^^^^^^^^^^^^^^^^^^^^^^^^^^^
  File "/opt/airflow/dags/oltp_s3_dwh.py", line 21, in upload_to_s3
    print(f"DEBUG: Host: {oltp_postgre_hook.host}")
                          ^^^^^^^^^^^^^^^^^^^^^^
AttributeError: 'PostgresHook' object has no attribute 'host'
[2026-02-28T10:34:27.039+0000] {taskinstance.py:1206} INFO - Marking task as FAILED. dag_id=oltp_s3_dwh, task_id=upload_postgre_to_s3_dict_mcc, run_id=scheduled__2025-02-01T00:00:00+00:00, execution_date=20250201T000000, start_date=20260228T103426, end_date=20260228T103427
[2026-02-28T10:34:27.101+0000] {standard_task_runner.py:110} ERROR - Failed to execute job 2048 for task upload_postgre_to_s3_dict_mcc ('PostgresHook' object has no attribute 'host'; 4520)
[2026-02-28T10:34:27.155+0000] {local_task_job_runner.py:243} INFO - Task exited with return code 1
[2026-02-28T10:34:27.228+0000] {taskinstance.py:3503} INFO - 0 downstream tasks scheduled from follow-on schedule check
[2026-02-28T10:34:27.240+0000] {local_task_job_runner.py:222} INFO - ::endgroup::
