[2026-02-28T10:31:24.488+0000] {local_task_job_runner.py:120} INFO - ::group::Pre task execution logs
[2026-02-28T10:31:24.524+0000] {taskinstance.py:2076} INFO - Dependencies all met for dep_context=non-requeueable deps ti=<TaskInstance: oltp_s3_dwh.upload_postgre_to_s3_dict_mcc scheduled__2025-02-01T00:00:00+00:00 [queued]>
[2026-02-28T10:31:24.549+0000] {taskinstance.py:2076} INFO - Dependencies all met for dep_context=requeueable deps ti=<TaskInstance: oltp_s3_dwh.upload_postgre_to_s3_dict_mcc scheduled__2025-02-01T00:00:00+00:00 [queued]>
[2026-02-28T10:31:24.550+0000] {taskinstance.py:2306} INFO - Starting attempt 4 of 4
[2026-02-28T10:31:24.593+0000] {taskinstance.py:2330} INFO - Executing <Task(PythonOperator): upload_postgre_to_s3_dict_mcc> on 2025-02-01 00:00:00+00:00
[2026-02-28T10:31:24.617+0000] {logging_mixin.py:188} WARNING - /home/***/.local/lib/python3.12/site-packages/***/task/task_runner/standard_task_runner.py:62 DeprecationWarning: This process (pid=4217) is multi-threaded, use of fork() may lead to deadlocks in the child.
[2026-02-28T10:31:24.614+0000] {standard_task_runner.py:90} INFO - Running: ['***', 'tasks', 'run', 'oltp_s3_dwh', 'upload_postgre_to_s3_dict_mcc', 'scheduled__2025-02-01T00:00:00+00:00', '--job-id', '2032', '--raw', '--subdir', 'DAGS_FOLDER/oltp_s3_dwh.py', '--cfg-path', '/tmp/tmpctc3kb2a']
[2026-02-28T10:31:24.629+0000] {standard_task_runner.py:64} INFO - Started process 4231 to run task
[2026-02-28T10:31:24.629+0000] {standard_task_runner.py:91} INFO - Job 2032: Subtask upload_postgre_to_s3_dict_mcc
[2026-02-28T10:31:24.753+0000] {task_command.py:426} INFO - Running <TaskInstance: oltp_s3_dwh.upload_postgre_to_s3_dict_mcc scheduled__2025-02-01T00:00:00+00:00 [running]> on host 31b45edbecf3
[2026-02-28T10:31:25.176+0000] {taskinstance.py:2648} INFO - Exporting env vars: AIRFLOW_CTX_DAG_OWNER='***' AIRFLOW_CTX_DAG_ID='oltp_s3_dwh' AIRFLOW_CTX_TASK_ID='upload_postgre_to_s3_dict_mcc' AIRFLOW_CTX_EXECUTION_DATE='2025-02-01T00:00:00+00:00' AIRFLOW_CTX_TRY_NUMBER='4' AIRFLOW_CTX_DAG_RUN_ID='scheduled__2025-02-01T00:00:00+00:00'
[2026-02-28T10:31:25.193+0000] {taskinstance.py:430} INFO - ::endgroup::
[2026-02-28T10:31:25.302+0000] {logging_mixin.py:188} INFO - DEBUG: Генерируемый SQL-запрос: select * from dict_mcc
[2026-02-28T10:31:25.342+0000] {base.py:84} INFO - Using connection ID 'postgres_oltp' for task execution.
[2026-02-28T10:31:25.364+0000] {logging_mixin.py:188} WARNING - /home/***/.local/lib/python3.12/site-packages/***/providers/common/sql/hooks/sql.py:269 UserWarning: pandas only supports SQLAlchemy connectable (engine/connection) or database string URI or sqlite3 DBAPI2 connection. Other DBAPI2 objects are not tested. Please consider using SQLAlchemy.
[2026-02-28T10:31:25.576+0000] {base.py:84} INFO - Using connection ID 'minio_conn_id' for task execution.
[2026-02-28T10:31:25.579+0000] {connection_wrapper.py:384} INFO - AWS Connection (conn_id='minio_conn_id', conn_type='aws') credentials retrieved from login and ***.
[2026-02-28T10:31:27.161+0000] {logging_mixin.py:188} INFO - За 2025-02-01 S3 загружено - 3 строк
[2026-02-28T10:31:27.163+0000] {python.py:237} INFO - Done. Returned value was: None
[2026-02-28T10:31:27.165+0000] {taskinstance.py:441} INFO - ::group::Post task execution logs
[2026-02-28T10:31:27.195+0000] {taskinstance.py:1206} INFO - Marking task as SUCCESS. dag_id=oltp_s3_dwh, task_id=upload_postgre_to_s3_dict_mcc, run_id=scheduled__2025-02-01T00:00:00+00:00, execution_date=20250201T000000, start_date=20260228T103124, end_date=20260228T103127
[2026-02-28T10:31:27.280+0000] {local_task_job_runner.py:243} INFO - Task exited with return code 0
[2026-02-28T10:31:27.411+0000] {taskinstance.py:3503} INFO - 1 downstream tasks scheduled from follow-on schedule check
[2026-02-28T10:31:27.417+0000] {local_task_job_runner.py:222} INFO - ::endgroup::
