[2026-02-27T10:32:44.465+0000] {local_task_job_runner.py:120} INFO - ::group::Pre task execution logs
[2026-02-27T10:32:44.513+0000] {taskinstance.py:2076} INFO - Dependencies all met for dep_context=non-requeueable deps ti=<TaskInstance: staging_to_core.wait_for_accounts scheduled__2025-11-01T00:00:00+00:00 [queued]>
[2026-02-27T10:32:44.526+0000] {taskinstance.py:2076} INFO - Dependencies all met for dep_context=requeueable deps ti=<TaskInstance: staging_to_core.wait_for_accounts scheduled__2025-11-01T00:00:00+00:00 [queued]>
[2026-02-27T10:32:44.527+0000] {taskinstance.py:2306} INFO - Starting attempt 1 of 1
[2026-02-27T10:32:44.550+0000] {taskinstance.py:2330} INFO - Executing <Task(ExternalTaskSensor): wait_for_accounts> on 2025-11-01 00:00:00+00:00
[2026-02-27T10:32:44.558+0000] {logging_mixin.py:188} WARNING - /home/***/.local/lib/python3.12/site-packages/***/task/task_runner/standard_task_runner.py:62 DeprecationWarning: This process (pid=9588) is multi-threaded, use of fork() may lead to deadlocks in the child.
[2026-02-27T10:32:44.560+0000] {standard_task_runner.py:64} INFO - Started process 9589 to run task
[2026-02-27T10:32:44.559+0000] {standard_task_runner.py:90} INFO - Running: ['***', 'tasks', 'run', 'staging_to_core', 'wait_for_accounts', 'scheduled__2025-11-01T00:00:00+00:00', '--job-id', '1463', '--raw', '--subdir', 'DAGS_FOLDER/staging_to_core.py', '--cfg-path', '/tmp/tmpr63ylh6l']
[2026-02-27T10:32:44.561+0000] {standard_task_runner.py:91} INFO - Job 1463: Subtask wait_for_accounts
[2026-02-27T10:32:44.629+0000] {task_command.py:426} INFO - Running <TaskInstance: staging_to_core.wait_for_accounts scheduled__2025-11-01T00:00:00+00:00 [running]> on host 31b45edbecf3
[2026-02-27T10:32:44.760+0000] {taskinstance.py:2648} INFO - Exporting env vars: AIRFLOW_CTX_DAG_OWNER='***' AIRFLOW_CTX_DAG_ID='staging_to_core' AIRFLOW_CTX_TASK_ID='wait_for_accounts' AIRFLOW_CTX_EXECUTION_DATE='2025-11-01T00:00:00+00:00' AIRFLOW_CTX_TRY_NUMBER='1' AIRFLOW_CTX_DAG_RUN_ID='scheduled__2025-11-01T00:00:00+00:00'
[2026-02-27T10:32:44.762+0000] {taskinstance.py:430} INFO - ::endgroup::
[2026-02-27T10:32:44.779+0000] {baseoperator.py:400} WARNING - ExternalTaskSensor.execute cannot be called outside TaskInstance!
[2026-02-27T10:32:44.794+0000] {external_task.py:258} INFO - Poking for tasks ['upload_s3_to_dwh_accounts'] in dag oltp_s3_dwh on 2025-11-01T00:00:00+00:00 ... 
[2026-02-27T10:32:44.797+0000] {logging_mixin.py:188} WARNING - /home/***/.local/lib/python3.12/site-packages/***/utils/session.py:79 DeprecationWarning: This method is deprecated and will be removed in future.
[2026-02-27T10:32:44.813+0000] {base.py:294} INFO - Success criteria met. Exiting.
[2026-02-27T10:32:44.814+0000] {taskinstance.py:441} INFO - ::group::Post task execution logs
[2026-02-27T10:32:44.832+0000] {taskinstance.py:1206} INFO - Marking task as SUCCESS. dag_id=staging_to_core, task_id=wait_for_accounts, run_id=scheduled__2025-11-01T00:00:00+00:00, execution_date=20251101T000000, start_date=20260227T103244, end_date=20260227T103244
[2026-02-27T10:32:44.900+0000] {local_task_job_runner.py:243} INFO - Task exited with return code 0
[2026-02-27T10:32:44.914+0000] {logging_mixin.py:188} WARNING - /home/***/.local/lib/python3.12/site-packages/***/models/baseoperator.py:1297 AirflowProviderDeprecationWarning: Call to deprecated class PostgresOperator. (Please use `***.providers.common.sql.operators.sql.SQLExecuteQueryOperator`.Also, you can provide `hook_params={'schema': <database>}`.)
[2026-02-27T10:32:44.949+0000] {taskinstance.py:3503} INFO - 1 downstream tasks scheduled from follow-on schedule check
[2026-02-27T10:32:44.956+0000] {local_task_job_runner.py:222} INFO - ::endgroup::
[2026-02-27T19:04:40.603+0000] {local_task_job_runner.py:120} INFO - ::group::Pre task execution logs
[2026-02-27T19:04:40.647+0000] {taskinstance.py:2076} INFO - Dependencies all met for dep_context=non-requeueable deps ti=<TaskInstance: staging_to_core.wait_for_accounts scheduled__2025-11-01T00:00:00+00:00 [queued]>
[2026-02-27T19:04:40.662+0000] {taskinstance.py:2076} INFO - Dependencies all met for dep_context=requeueable deps ti=<TaskInstance: staging_to_core.wait_for_accounts scheduled__2025-11-01T00:00:00+00:00 [queued]>
[2026-02-27T19:04:40.663+0000] {taskinstance.py:2306} INFO - Starting attempt 1 of 1
[2026-02-27T19:04:40.682+0000] {taskinstance.py:2330} INFO - Executing <Task(ExternalTaskSensor): wait_for_accounts> on 2025-11-01 00:00:00+00:00
[2026-02-27T19:04:40.692+0000] {logging_mixin.py:188} WARNING - /home/***/.local/lib/python3.12/site-packages/***/task/task_runner/standard_task_runner.py:62 DeprecationWarning: This process (pid=33649) is multi-threaded, use of fork() may lead to deadlocks in the child.
[2026-02-27T19:04:40.694+0000] {standard_task_runner.py:64} INFO - Started process 33650 to run task
[2026-02-27T19:04:40.694+0000] {standard_task_runner.py:90} INFO - Running: ['***', 'tasks', 'run', 'staging_to_core', 'wait_for_accounts', 'scheduled__2025-11-01T00:00:00+00:00', '--job-id', '1895', '--raw', '--subdir', 'DAGS_FOLDER/staging_to_core.py', '--cfg-path', '/tmp/tmphak32cxc']
[2026-02-27T19:04:40.697+0000] {standard_task_runner.py:91} INFO - Job 1895: Subtask wait_for_accounts
[2026-02-27T19:04:40.773+0000] {task_command.py:426} INFO - Running <TaskInstance: staging_to_core.wait_for_accounts scheduled__2025-11-01T00:00:00+00:00 [running]> on host 31b45edbecf3
[2026-02-27T19:04:40.913+0000] {taskinstance.py:2648} INFO - Exporting env vars: AIRFLOW_CTX_DAG_OWNER='***' AIRFLOW_CTX_DAG_ID='staging_to_core' AIRFLOW_CTX_TASK_ID='wait_for_accounts' AIRFLOW_CTX_EXECUTION_DATE='2025-11-01T00:00:00+00:00' AIRFLOW_CTX_TRY_NUMBER='1' AIRFLOW_CTX_DAG_RUN_ID='scheduled__2025-11-01T00:00:00+00:00'
[2026-02-27T19:04:40.914+0000] {taskinstance.py:430} INFO - ::endgroup::
[2026-02-27T19:04:40.932+0000] {baseoperator.py:400} WARNING - ExternalTaskSensor.execute cannot be called outside TaskInstance!
[2026-02-27T19:04:40.945+0000] {external_task.py:258} INFO - Poking for tasks ['upload_s3_to_dwh_accounts'] in dag oltp_s3_dwh on 2025-11-01T00:00:00+00:00 ... 
[2026-02-27T19:04:40.949+0000] {logging_mixin.py:188} WARNING - /home/***/.local/lib/python3.12/site-packages/***/utils/session.py:79 DeprecationWarning: This method is deprecated and will be removed in future.
[2026-02-27T19:04:40.964+0000] {base.py:294} INFO - Success criteria met. Exiting.
[2026-02-27T19:04:40.965+0000] {taskinstance.py:441} INFO - ::group::Post task execution logs
[2026-02-27T19:04:40.980+0000] {taskinstance.py:1206} INFO - Marking task as SUCCESS. dag_id=staging_to_core, task_id=wait_for_accounts, run_id=scheduled__2025-11-01T00:00:00+00:00, execution_date=20251101T000000, start_date=20260227T190440, end_date=20260227T190440
[2026-02-27T19:04:41.034+0000] {local_task_job_runner.py:243} INFO - Task exited with return code 0
[2026-02-27T19:04:41.049+0000] {logging_mixin.py:188} WARNING - /home/***/.local/lib/python3.12/site-packages/***/models/baseoperator.py:1297 AirflowProviderDeprecationWarning: Call to deprecated class PostgresOperator. (Please use `***.providers.common.sql.operators.sql.SQLExecuteQueryOperator`.Also, you can provide `hook_params={'schema': <database>}`.)
[2026-02-27T19:04:41.087+0000] {taskinstance.py:3503} INFO - 1 downstream tasks scheduled from follow-on schedule check
[2026-02-27T19:04:41.091+0000] {local_task_job_runner.py:222} INFO - ::endgroup::
