[2026-02-27T10:32:56.868+0000] {local_task_job_runner.py:120} INFO - ::group::Pre task execution logs
[2026-02-27T10:32:56.905+0000] {taskinstance.py:2076} INFO - Dependencies all met for dep_context=non-requeueable deps ti=<TaskInstance: staging_to_core.wait_for_dict_tariffs scheduled__2025-12-01T00:00:00+00:00 [queued]>
[2026-02-27T10:32:56.915+0000] {taskinstance.py:2076} INFO - Dependencies all met for dep_context=requeueable deps ti=<TaskInstance: staging_to_core.wait_for_dict_tariffs scheduled__2025-12-01T00:00:00+00:00 [queued]>
[2026-02-27T10:32:56.915+0000] {taskinstance.py:2306} INFO - Starting attempt 1 of 1
[2026-02-27T10:32:56.930+0000] {taskinstance.py:2330} INFO - Executing <Task(ExternalTaskSensor): wait_for_dict_tariffs> on 2025-12-01 00:00:00+00:00
[2026-02-27T10:32:56.938+0000] {logging_mixin.py:188} WARNING - /home/***/.local/lib/python3.12/site-packages/***/task/task_runner/standard_task_runner.py:62 DeprecationWarning: This process (pid=9615) is multi-threaded, use of fork() may lead to deadlocks in the child.
[2026-02-27T10:32:56.939+0000] {standard_task_runner.py:64} INFO - Started process 9616 to run task
[2026-02-27T10:32:56.938+0000] {standard_task_runner.py:90} INFO - Running: ['***', 'tasks', 'run', 'staging_to_core', 'wait_for_dict_tariffs', 'scheduled__2025-12-01T00:00:00+00:00', '--job-id', '1473', '--raw', '--subdir', 'DAGS_FOLDER/staging_to_core.py', '--cfg-path', '/tmp/tmpbrb07nst']
[2026-02-27T10:32:56.940+0000] {standard_task_runner.py:91} INFO - Job 1473: Subtask wait_for_dict_tariffs
[2026-02-27T10:32:56.998+0000] {task_command.py:426} INFO - Running <TaskInstance: staging_to_core.wait_for_dict_tariffs scheduled__2025-12-01T00:00:00+00:00 [running]> on host 31b45edbecf3
[2026-02-27T10:32:57.090+0000] {taskinstance.py:2648} INFO - Exporting env vars: AIRFLOW_CTX_DAG_OWNER='***' AIRFLOW_CTX_DAG_ID='staging_to_core' AIRFLOW_CTX_TASK_ID='wait_for_dict_tariffs' AIRFLOW_CTX_EXECUTION_DATE='2025-12-01T00:00:00+00:00' AIRFLOW_CTX_TRY_NUMBER='1' AIRFLOW_CTX_DAG_RUN_ID='scheduled__2025-12-01T00:00:00+00:00'
[2026-02-27T10:32:57.091+0000] {taskinstance.py:430} INFO - ::endgroup::
[2026-02-27T10:32:57.107+0000] {baseoperator.py:400} WARNING - ExternalTaskSensor.execute cannot be called outside TaskInstance!
[2026-02-27T10:32:57.117+0000] {external_task.py:258} INFO - Poking for tasks ['upload_s3_to_dwh_dict_tariffs'] in dag oltp_s3_dwh on 2025-12-01T00:00:00+00:00 ... 
[2026-02-27T10:32:57.119+0000] {logging_mixin.py:188} WARNING - /home/***/.local/lib/python3.12/site-packages/***/utils/session.py:79 DeprecationWarning: This method is deprecated and will be removed in future.
[2026-02-27T10:32:57.130+0000] {base.py:294} INFO - Success criteria met. Exiting.
[2026-02-27T10:32:57.130+0000] {taskinstance.py:441} INFO - ::group::Post task execution logs
[2026-02-27T10:32:57.140+0000] {taskinstance.py:1206} INFO - Marking task as SUCCESS. dag_id=staging_to_core, task_id=wait_for_dict_tariffs, run_id=scheduled__2025-12-01T00:00:00+00:00, execution_date=20251201T000000, start_date=20260227T103256, end_date=20260227T103257
[2026-02-27T10:32:57.157+0000] {local_task_job_runner.py:243} INFO - Task exited with return code 0
[2026-02-27T10:32:57.170+0000] {logging_mixin.py:188} WARNING - /home/***/.local/lib/python3.12/site-packages/***/models/baseoperator.py:1297 AirflowProviderDeprecationWarning: Call to deprecated class PostgresOperator. (Please use `***.providers.common.sql.operators.sql.SQLExecuteQueryOperator`.Also, you can provide `hook_params={'schema': <database>}`.)
[2026-02-27T10:32:57.206+0000] {taskinstance.py:3503} INFO - 1 downstream tasks scheduled from follow-on schedule check
[2026-02-27T10:32:57.209+0000] {local_task_job_runner.py:222} INFO - ::endgroup::
[2026-02-27T19:04:54.746+0000] {local_task_job_runner.py:120} INFO - ::group::Pre task execution logs
[2026-02-27T19:04:54.793+0000] {taskinstance.py:2076} INFO - Dependencies all met for dep_context=non-requeueable deps ti=<TaskInstance: staging_to_core.wait_for_dict_tariffs scheduled__2025-12-01T00:00:00+00:00 [queued]>
[2026-02-27T19:04:54.805+0000] {taskinstance.py:2076} INFO - Dependencies all met for dep_context=requeueable deps ti=<TaskInstance: staging_to_core.wait_for_dict_tariffs scheduled__2025-12-01T00:00:00+00:00 [queued]>
[2026-02-27T19:04:54.806+0000] {taskinstance.py:2306} INFO - Starting attempt 1 of 1
[2026-02-27T19:04:54.828+0000] {taskinstance.py:2330} INFO - Executing <Task(ExternalTaskSensor): wait_for_dict_tariffs> on 2025-12-01 00:00:00+00:00
[2026-02-27T19:04:54.837+0000] {standard_task_runner.py:90} INFO - Running: ['***', 'tasks', 'run', 'staging_to_core', 'wait_for_dict_tariffs', 'scheduled__2025-12-01T00:00:00+00:00', '--job-id', '1905', '--raw', '--subdir', 'DAGS_FOLDER/staging_to_core.py', '--cfg-path', '/tmp/tmp1zrul485']
[2026-02-27T19:04:54.839+0000] {logging_mixin.py:188} WARNING - /home/***/.local/lib/python3.12/site-packages/***/task/task_runner/standard_task_runner.py:62 DeprecationWarning: This process (pid=33676) is multi-threaded, use of fork() may lead to deadlocks in the child.
[2026-02-27T19:04:54.841+0000] {standard_task_runner.py:91} INFO - Job 1905: Subtask wait_for_dict_tariffs
[2026-02-27T19:04:54.841+0000] {standard_task_runner.py:64} INFO - Started process 33677 to run task
[2026-02-27T19:04:54.912+0000] {task_command.py:426} INFO - Running <TaskInstance: staging_to_core.wait_for_dict_tariffs scheduled__2025-12-01T00:00:00+00:00 [running]> on host 31b45edbecf3
[2026-02-27T19:04:55.032+0000] {taskinstance.py:2648} INFO - Exporting env vars: AIRFLOW_CTX_DAG_OWNER='***' AIRFLOW_CTX_DAG_ID='staging_to_core' AIRFLOW_CTX_TASK_ID='wait_for_dict_tariffs' AIRFLOW_CTX_EXECUTION_DATE='2025-12-01T00:00:00+00:00' AIRFLOW_CTX_TRY_NUMBER='1' AIRFLOW_CTX_DAG_RUN_ID='scheduled__2025-12-01T00:00:00+00:00'
[2026-02-27T19:04:55.034+0000] {taskinstance.py:430} INFO - ::endgroup::
[2026-02-27T19:04:55.058+0000] {baseoperator.py:400} WARNING - ExternalTaskSensor.execute cannot be called outside TaskInstance!
[2026-02-27T19:04:55.073+0000] {external_task.py:258} INFO - Poking for tasks ['upload_s3_to_dwh_dict_tariffs'] in dag oltp_s3_dwh on 2025-12-01T00:00:00+00:00 ... 
[2026-02-27T19:04:55.076+0000] {logging_mixin.py:188} WARNING - /home/***/.local/lib/python3.12/site-packages/***/utils/session.py:79 DeprecationWarning: This method is deprecated and will be removed in future.
[2026-02-27T19:04:55.087+0000] {base.py:294} INFO - Success criteria met. Exiting.
[2026-02-27T19:04:55.087+0000] {taskinstance.py:441} INFO - ::group::Post task execution logs
[2026-02-27T19:04:55.097+0000] {taskinstance.py:1206} INFO - Marking task as SUCCESS. dag_id=staging_to_core, task_id=wait_for_dict_tariffs, run_id=scheduled__2025-12-01T00:00:00+00:00, execution_date=20251201T000000, start_date=20260227T190454, end_date=20260227T190455
[2026-02-27T19:04:55.139+0000] {local_task_job_runner.py:243} INFO - Task exited with return code 0
[2026-02-27T19:04:55.152+0000] {logging_mixin.py:188} WARNING - /home/***/.local/lib/python3.12/site-packages/***/models/baseoperator.py:1297 AirflowProviderDeprecationWarning: Call to deprecated class PostgresOperator. (Please use `***.providers.common.sql.operators.sql.SQLExecuteQueryOperator`.Also, you can provide `hook_params={'schema': <database>}`.)
[2026-02-27T19:04:55.186+0000] {taskinstance.py:3503} INFO - 1 downstream tasks scheduled from follow-on schedule check
[2026-02-27T19:04:55.189+0000] {local_task_job_runner.py:222} INFO - ::endgroup::
