[2026-02-27T10:30:47.769+0000] {local_task_job_runner.py:120} INFO - ::group::Pre task execution logs
[2026-02-27T10:30:47.818+0000] {taskinstance.py:2076} INFO - Dependencies all met for dep_context=non-requeueable deps ti=<TaskInstance: staging_to_core.transform_accounts_to_core scheduled__2025-05-01T00:00:00+00:00 [queued]>
[2026-02-27T10:30:47.833+0000] {taskinstance.py:2076} INFO - Dependencies all met for dep_context=requeueable deps ti=<TaskInstance: staging_to_core.transform_accounts_to_core scheduled__2025-05-01T00:00:00+00:00 [queued]>
[2026-02-27T10:30:47.834+0000] {taskinstance.py:2306} INFO - Starting attempt 1 of 1
[2026-02-27T10:30:47.850+0000] {taskinstance.py:2330} INFO - Executing <Task(PostgresOperator): transform_accounts_to_core> on 2025-05-01 00:00:00+00:00
[2026-02-27T10:30:47.859+0000] {logging_mixin.py:188} WARNING - /home/***/.local/lib/python3.12/site-packages/***/task/task_runner/standard_task_runner.py:62 DeprecationWarning: This process (pid=9261) is multi-threaded, use of fork() may lead to deadlocks in the child.
[2026-02-27T10:30:47.858+0000] {standard_task_runner.py:90} INFO - Running: ['***', 'tasks', 'run', 'staging_to_core', 'transform_accounts_to_core', 'scheduled__2025-05-01T00:00:00+00:00', '--job-id', '1368', '--raw', '--subdir', 'DAGS_FOLDER/staging_to_core.py', '--cfg-path', '/tmp/tmpeuf04z73']
[2026-02-27T10:30:47.861+0000] {standard_task_runner.py:64} INFO - Started process 9262 to run task
[2026-02-27T10:30:47.861+0000] {standard_task_runner.py:91} INFO - Job 1368: Subtask transform_accounts_to_core
[2026-02-27T10:30:47.932+0000] {task_command.py:426} INFO - Running <TaskInstance: staging_to_core.transform_accounts_to_core scheduled__2025-05-01T00:00:00+00:00 [running]> on host 31b45edbecf3
[2026-02-27T10:30:48.047+0000] {taskinstance.py:2648} INFO - Exporting env vars: AIRFLOW_CTX_DAG_OWNER='***' AIRFLOW_CTX_DAG_ID='staging_to_core' AIRFLOW_CTX_TASK_ID='transform_accounts_to_core' AIRFLOW_CTX_EXECUTION_DATE='2025-05-01T00:00:00+00:00' AIRFLOW_CTX_TRY_NUMBER='1' AIRFLOW_CTX_DAG_RUN_ID='scheduled__2025-05-01T00:00:00+00:00'
[2026-02-27T10:30:48.049+0000] {taskinstance.py:430} INFO - ::endgroup::
[2026-02-27T10:30:48.065+0000] {sql.py:282} INFO - Executing: 
                    INSERT INTO core.accounts
                    SELECT * FROM staging.accounts
                    ON CONFLICT (account_id) 
                    DO UPDATE SET
                        user_id = EXCLUDED.user_id, tariff_id = EXCLUDED.tariff_id, currency_code = EXCLUDED.currency_code, balance = EXCLUDED.balance, is_blocked = EXCLUDED.is_blocked;
                
[2026-02-27T10:30:48.077+0000] {base.py:84} INFO - Using connection ID 'postgres_dwh' for task execution.
[2026-02-27T10:30:48.090+0000] {base.py:84} INFO - Using connection ID 'postgres_dwh' for task execution.
[2026-02-27T10:30:48.098+0000] {sql.py:495} INFO - Running statement: 
                    INSERT INTO core.accounts
                    SELECT * FROM staging.accounts
                    ON CONFLICT (account_id) 
                    DO UPDATE SET
                        user_id = EXCLUDED.user_id, tariff_id = EXCLUDED.tariff_id, currency_code = EXCLUDED.currency_code, balance = EXCLUDED.balance, is_blocked = EXCLUDED.is_blocked;
                , parameters: None
[2026-02-27T10:30:48.303+0000] {sql.py:504} INFO - Rows affected: 19848
[2026-02-27T10:30:48.311+0000] {taskinstance.py:441} INFO - ::group::Post task execution logs
[2026-02-27T10:30:48.324+0000] {taskinstance.py:1206} INFO - Marking task as SUCCESS. dag_id=staging_to_core, task_id=transform_accounts_to_core, run_id=scheduled__2025-05-01T00:00:00+00:00, execution_date=20250501T000000, start_date=20260227T103047, end_date=20260227T103048
[2026-02-27T10:30:48.363+0000] {local_task_job_runner.py:243} INFO - Task exited with return code 0
[2026-02-27T10:30:48.380+0000] {logging_mixin.py:188} WARNING - /home/***/.local/lib/python3.12/site-packages/***/models/baseoperator.py:1297 AirflowProviderDeprecationWarning: Call to deprecated class PostgresOperator. (Please use `***.providers.common.sql.operators.sql.SQLExecuteQueryOperator`.Also, you can provide `hook_params={'schema': <database>}`.)
[2026-02-27T10:30:48.410+0000] {taskinstance.py:3503} INFO - 1 downstream tasks scheduled from follow-on schedule check
[2026-02-27T10:30:48.427+0000] {local_task_job_runner.py:222} INFO - ::endgroup::
[2026-02-27T19:02:40.711+0000] {local_task_job_runner.py:120} INFO - ::group::Pre task execution logs
[2026-02-27T19:02:40.754+0000] {taskinstance.py:2076} INFO - Dependencies all met for dep_context=non-requeueable deps ti=<TaskInstance: staging_to_core.transform_accounts_to_core scheduled__2025-05-01T00:00:00+00:00 [queued]>
[2026-02-27T19:02:40.766+0000] {taskinstance.py:2076} INFO - Dependencies all met for dep_context=requeueable deps ti=<TaskInstance: staging_to_core.transform_accounts_to_core scheduled__2025-05-01T00:00:00+00:00 [queued]>
[2026-02-27T19:02:40.767+0000] {taskinstance.py:2306} INFO - Starting attempt 1 of 1
[2026-02-27T19:02:40.784+0000] {taskinstance.py:2330} INFO - Executing <Task(PostgresOperator): transform_accounts_to_core> on 2025-05-01 00:00:00+00:00
[2026-02-27T19:02:40.794+0000] {logging_mixin.py:188} WARNING - /home/***/.local/lib/python3.12/site-packages/***/task/task_runner/standard_task_runner.py:62 DeprecationWarning: This process (pid=33315) is multi-threaded, use of fork() may lead to deadlocks in the child.
[2026-02-27T19:02:40.794+0000] {standard_task_runner.py:90} INFO - Running: ['***', 'tasks', 'run', 'staging_to_core', 'transform_accounts_to_core', 'scheduled__2025-05-01T00:00:00+00:00', '--job-id', '1800', '--raw', '--subdir', 'DAGS_FOLDER/staging_to_core.py', '--cfg-path', '/tmp/tmpfl5gyg2j']
[2026-02-27T19:02:40.796+0000] {standard_task_runner.py:64} INFO - Started process 33316 to run task
[2026-02-27T19:02:40.796+0000] {standard_task_runner.py:91} INFO - Job 1800: Subtask transform_accounts_to_core
[2026-02-27T19:02:40.856+0000] {task_command.py:426} INFO - Running <TaskInstance: staging_to_core.transform_accounts_to_core scheduled__2025-05-01T00:00:00+00:00 [running]> on host 31b45edbecf3
[2026-02-27T19:02:40.987+0000] {taskinstance.py:2648} INFO - Exporting env vars: AIRFLOW_CTX_DAG_OWNER='***' AIRFLOW_CTX_DAG_ID='staging_to_core' AIRFLOW_CTX_TASK_ID='transform_accounts_to_core' AIRFLOW_CTX_EXECUTION_DATE='2025-05-01T00:00:00+00:00' AIRFLOW_CTX_TRY_NUMBER='1' AIRFLOW_CTX_DAG_RUN_ID='scheduled__2025-05-01T00:00:00+00:00'
[2026-02-27T19:02:40.989+0000] {taskinstance.py:430} INFO - ::endgroup::
[2026-02-27T19:02:41.008+0000] {sql.py:282} INFO - Executing: 
                    INSERT INTO core.accounts
                    SELECT * FROM staging.accounts
                    ON CONFLICT (account_id) 
                    DO UPDATE SET
                        user_id = EXCLUDED.user_id, tariff_id = EXCLUDED.tariff_id, currency_code = EXCLUDED.currency_code, balance = EXCLUDED.balance, is_blocked = EXCLUDED.is_blocked;
                
[2026-02-27T19:02:41.021+0000] {base.py:84} INFO - Using connection ID 'postgres_dwh' for task execution.
[2026-02-27T19:02:41.032+0000] {base.py:84} INFO - Using connection ID 'postgres_dwh' for task execution.
[2026-02-27T19:02:41.039+0000] {sql.py:495} INFO - Running statement: 
                    INSERT INTO core.accounts
                    SELECT * FROM staging.accounts
                    ON CONFLICT (account_id) 
                    DO UPDATE SET
                        user_id = EXCLUDED.user_id, tariff_id = EXCLUDED.tariff_id, currency_code = EXCLUDED.currency_code, balance = EXCLUDED.balance, is_blocked = EXCLUDED.is_blocked;
                , parameters: None
[2026-02-27T19:02:41.041+0000] {sql.py:504} INFO - Rows affected: 10
[2026-02-27T19:02:41.043+0000] {taskinstance.py:441} INFO - ::group::Post task execution logs
[2026-02-27T19:02:41.057+0000] {taskinstance.py:1206} INFO - Marking task as SUCCESS. dag_id=staging_to_core, task_id=transform_accounts_to_core, run_id=scheduled__2025-05-01T00:00:00+00:00, execution_date=20250501T000000, start_date=20260227T190240, end_date=20260227T190241
[2026-02-27T19:02:41.093+0000] {local_task_job_runner.py:243} INFO - Task exited with return code 0
[2026-02-27T19:02:41.108+0000] {logging_mixin.py:188} WARNING - /home/***/.local/lib/python3.12/site-packages/***/models/baseoperator.py:1297 AirflowProviderDeprecationWarning: Call to deprecated class PostgresOperator. (Please use `***.providers.common.sql.operators.sql.SQLExecuteQueryOperator`.Also, you can provide `hook_params={'schema': <database>}`.)
[2026-02-27T19:02:41.133+0000] {taskinstance.py:3503} INFO - 1 downstream tasks scheduled from follow-on schedule check
[2026-02-27T19:02:41.136+0000] {local_task_job_runner.py:222} INFO - ::endgroup::
