[2026-02-25T17:32:56.526+0000] {local_task_job_runner.py:120} INFO - ::group::Pre task execution logs
[2026-02-25T17:32:56.553+0000] {taskinstance.py:2076} INFO - Dependencies all met for dep_context=non-requeueable deps ti=<TaskInstance: oltp_s3_dwh.upload_postgre_to_s3 scheduled__2025-08-01T00:00:00+00:00 [queued]>
[2026-02-25T17:32:56.567+0000] {taskinstance.py:2076} INFO - Dependencies all met for dep_context=requeueable deps ti=<TaskInstance: oltp_s3_dwh.upload_postgre_to_s3 scheduled__2025-08-01T00:00:00+00:00 [queued]>
[2026-02-25T17:32:56.568+0000] {taskinstance.py:2306} INFO - Starting attempt 1 of 1
[2026-02-25T17:32:56.593+0000] {taskinstance.py:2330} INFO - Executing <Task(PythonOperator): upload_postgre_to_s3> on 2025-08-01 00:00:00+00:00
[2026-02-25T17:32:56.610+0000] {standard_task_runner.py:90} INFO - Running: ['***', 'tasks', 'run', 'oltp_s3_dwh', 'upload_postgre_to_s3', 'scheduled__2025-08-01T00:00:00+00:00', '--job-id', '920', '--raw', '--subdir', 'DAGS_FOLDER/oltp_s3_dwh_dict.py', '--cfg-path', '/tmp/tmpd_lq6a1o']
[2026-02-25T17:32:56.616+0000] {standard_task_runner.py:91} INFO - Job 920: Subtask upload_postgre_to_s3
[2026-02-25T17:32:56.620+0000] {logging_mixin.py:188} WARNING - /home/***/.local/lib/python3.12/site-packages/***/task/task_runner/standard_task_runner.py:62 DeprecationWarning: This process (pid=5937) is multi-threaded, use of fork() may lead to deadlocks in the child.
[2026-02-25T17:32:56.622+0000] {standard_task_runner.py:64} INFO - Started process 5943 to run task
[2026-02-25T17:32:56.702+0000] {task_command.py:426} INFO - Running <TaskInstance: oltp_s3_dwh.upload_postgre_to_s3 scheduled__2025-08-01T00:00:00+00:00 [running]> on host 31b45edbecf3
[2026-02-25T17:32:56.917+0000] {taskinstance.py:2648} INFO - Exporting env vars: AIRFLOW_CTX_DAG_OWNER='***' AIRFLOW_CTX_DAG_ID='oltp_s3_dwh' AIRFLOW_CTX_TASK_ID='upload_postgre_to_s3' AIRFLOW_CTX_EXECUTION_DATE='2025-08-01T00:00:00+00:00' AIRFLOW_CTX_TRY_NUMBER='1' AIRFLOW_CTX_DAG_RUN_ID='scheduled__2025-08-01T00:00:00+00:00'
[2026-02-25T17:32:56.921+0000] {taskinstance.py:430} INFO - ::endgroup::
[2026-02-25T17:32:56.954+0000] {base.py:84} INFO - Using connection ID 'postgres_oltp' for task execution.
[2026-02-25T17:32:56.971+0000] {logging_mixin.py:188} WARNING - /home/***/.local/lib/python3.12/site-packages/***/providers/common/sql/hooks/sql.py:269 UserWarning: pandas only supports SQLAlchemy connectable (engine/connection) or database string URI or sqlite3 DBAPI2 connection. Other DBAPI2 objects are not tested. Please consider using SQLAlchemy.
[2026-02-25T17:32:57.158+0000] {base.py:84} INFO - Using connection ID 'minio_conn_id' for task execution.
[2026-02-25T17:32:57.160+0000] {connection_wrapper.py:384} INFO - AWS Connection (conn_id='minio_conn_id', conn_type='aws') credentials retrieved from login and ***.
[2026-02-25T17:32:57.533+0000] {python.py:237} INFO - Done. Returned value was: None
[2026-02-25T17:32:57.535+0000] {taskinstance.py:441} INFO - ::group::Post task execution logs
[2026-02-25T17:32:57.545+0000] {taskinstance.py:1206} INFO - Marking task as SUCCESS. dag_id=oltp_s3_dwh, task_id=upload_postgre_to_s3, run_id=scheduled__2025-08-01T00:00:00+00:00, execution_date=20250801T000000, start_date=20260225T173256, end_date=20260225T173257
[2026-02-25T17:32:57.579+0000] {local_task_job_runner.py:243} INFO - Task exited with return code 0
[2026-02-25T17:32:57.599+0000] {taskinstance.py:3503} INFO - 0 downstream tasks scheduled from follow-on schedule check
[2026-02-25T17:32:57.602+0000] {local_task_job_runner.py:222} INFO - ::endgroup::
