[2026-02-26T17:55:50.641+0000] {local_task_job_runner.py:120} INFO - ::group::Pre task execution logs
[2026-02-26T17:55:50.734+0000] {taskinstance.py:2076} INFO - Dependencies all met for dep_context=non-requeueable deps ti=<TaskInstance: oltp_s3_dwh.upload_s3_to_dwh_accounts scheduled__2025-05-01T00:00:00+00:00 [queued]>
[2026-02-26T17:55:50.789+0000] {taskinstance.py:2076} INFO - Dependencies all met for dep_context=requeueable deps ti=<TaskInstance: oltp_s3_dwh.upload_s3_to_dwh_accounts scheduled__2025-05-01T00:00:00+00:00 [queued]>
[2026-02-26T17:55:50.790+0000] {taskinstance.py:2306} INFO - Starting attempt 1 of 1
[2026-02-26T17:55:50.858+0000] {taskinstance.py:2330} INFO - Executing <Task(PythonOperator): upload_s3_to_dwh_accounts> on 2025-05-01 00:00:00+00:00
[2026-02-26T17:55:50.913+0000] {logging_mixin.py:188} WARNING - /home/***/.local/lib/python3.12/site-packages/***/task/task_runner/standard_task_runner.py:62 DeprecationWarning: This process (pid=6868) is multi-threaded, use of fork() may lead to deadlocks in the child.
[2026-02-26T17:55:50.932+0000] {standard_task_runner.py:64} INFO - Started process 6937 to run task
[2026-02-26T17:55:50.922+0000] {standard_task_runner.py:90} INFO - Running: ['***', 'tasks', 'run', 'oltp_s3_dwh', 'upload_s3_to_dwh_accounts', 'scheduled__2025-05-01T00:00:00+00:00', '--job-id', '1206', '--raw', '--subdir', 'DAGS_FOLDER/oltp_s3_dwh.py', '--cfg-path', '/tmp/tmprmc5jdy8']
[2026-02-26T17:55:50.962+0000] {standard_task_runner.py:91} INFO - Job 1206: Subtask upload_s3_to_dwh_accounts
[2026-02-26T17:55:51.149+0000] {task_command.py:426} INFO - Running <TaskInstance: oltp_s3_dwh.upload_s3_to_dwh_accounts scheduled__2025-05-01T00:00:00+00:00 [running]> on host 31b45edbecf3
[2026-02-26T17:55:51.765+0000] {taskinstance.py:2648} INFO - Exporting env vars: AIRFLOW_CTX_DAG_OWNER='***' AIRFLOW_CTX_DAG_ID='oltp_s3_dwh' AIRFLOW_CTX_TASK_ID='upload_s3_to_dwh_accounts' AIRFLOW_CTX_EXECUTION_DATE='2025-05-01T00:00:00+00:00' AIRFLOW_CTX_TRY_NUMBER='1' AIRFLOW_CTX_DAG_RUN_ID='scheduled__2025-05-01T00:00:00+00:00'
[2026-02-26T17:55:51.769+0000] {taskinstance.py:430} INFO - ::endgroup::
[2026-02-26T17:55:51.840+0000] {base.py:84} INFO - Using connection ID 'postgres_dwh' for task execution.
[2026-02-26T17:55:51.852+0000] {sql.py:495} INFO - Running statement: SELECT table_schema, table_name FROM information_schema.tables WHERE table_schema = 'staging';, parameters: None
[2026-02-26T17:55:51.856+0000] {sql.py:504} INFO - Rows affected: 9
[2026-02-26T17:55:51.857+0000] {logging_mixin.py:188} INFO - DEBUG: Доступные таблицы в схеме staging: [('staging', 'exchange_rates'), ('staging', 'users'), ('staging', 'accounts'), ('staging', 'transactions'), ('staging', 'dict_merchants'), ('staging', 'dict_mcc'), ('staging', 'cards'), ('staging', 'dict_regions'), ('staging', 'dict_tariffs')]
[2026-02-26T17:55:51.870+0000] {base.py:84} INFO - Using connection ID 'minio_conn_id' for task execution.
[2026-02-26T17:55:51.874+0000] {connection_wrapper.py:384} INFO - AWS Connection (conn_id='minio_conn_id', conn_type='aws') credentials retrieved from login and ***.
[2026-02-26T17:55:53.885+0000] {logging_mixin.py:188} INFO - Файл raw/not_dict/accounts/2025-05-01/data.parquet не найден в S3. Пропускаем загрузку.
[2026-02-26T17:55:53.887+0000] {python.py:237} INFO - Done. Returned value was: None
[2026-02-26T17:55:53.888+0000] {taskinstance.py:441} INFO - ::group::Post task execution logs
[2026-02-26T17:55:53.931+0000] {taskinstance.py:1206} INFO - Marking task as SUCCESS. dag_id=oltp_s3_dwh, task_id=upload_s3_to_dwh_accounts, run_id=scheduled__2025-05-01T00:00:00+00:00, execution_date=20250501T000000, start_date=20260226T175550, end_date=20260226T175553
[2026-02-26T17:55:54.048+0000] {local_task_job_runner.py:243} INFO - Task exited with return code 0
[2026-02-26T17:55:54.063+0000] {local_task_job_runner.py:222} INFO - ::endgroup::
[2026-02-27T19:00:34.299+0000] {local_task_job_runner.py:120} INFO - ::group::Pre task execution logs
[2026-02-27T19:00:34.373+0000] {taskinstance.py:2076} INFO - Dependencies all met for dep_context=non-requeueable deps ti=<TaskInstance: oltp_s3_dwh.upload_s3_to_dwh_accounts scheduled__2025-05-01T00:00:00+00:00 [queued]>
[2026-02-27T19:00:34.394+0000] {taskinstance.py:2076} INFO - Dependencies all met for dep_context=requeueable deps ti=<TaskInstance: oltp_s3_dwh.upload_s3_to_dwh_accounts scheduled__2025-05-01T00:00:00+00:00 [queued]>
[2026-02-27T19:00:34.394+0000] {taskinstance.py:2306} INFO - Starting attempt 1 of 1
[2026-02-27T19:00:34.423+0000] {taskinstance.py:2330} INFO - Executing <Task(PythonOperator): upload_s3_to_dwh_accounts> on 2025-05-01 00:00:00+00:00
[2026-02-27T19:00:34.469+0000] {standard_task_runner.py:90} INFO - Running: ['***', 'tasks', 'run', 'oltp_s3_dwh', 'upload_s3_to_dwh_accounts', 'scheduled__2025-05-01T00:00:00+00:00', '--job-id', '1598', '--raw', '--subdir', 'DAGS_FOLDER/oltp_s3_dwh.py', '--cfg-path', '/tmp/tmplmrzqm4y']
[2026-02-27T19:00:34.456+0000] {logging_mixin.py:188} WARNING - /home/***/.local/lib/python3.12/site-packages/***/task/task_runner/standard_task_runner.py:62 DeprecationWarning: This process (pid=32337) is multi-threaded, use of fork() may lead to deadlocks in the child.
[2026-02-27T19:00:34.484+0000] {standard_task_runner.py:64} INFO - Started process 32353 to run task
[2026-02-27T19:00:34.481+0000] {standard_task_runner.py:91} INFO - Job 1598: Subtask upload_s3_to_dwh_accounts
[2026-02-27T19:00:34.650+0000] {task_command.py:426} INFO - Running <TaskInstance: oltp_s3_dwh.upload_s3_to_dwh_accounts scheduled__2025-05-01T00:00:00+00:00 [running]> on host 31b45edbecf3
[2026-02-27T19:00:34.968+0000] {taskinstance.py:2648} INFO - Exporting env vars: AIRFLOW_CTX_DAG_OWNER='***' AIRFLOW_CTX_DAG_ID='oltp_s3_dwh' AIRFLOW_CTX_TASK_ID='upload_s3_to_dwh_accounts' AIRFLOW_CTX_EXECUTION_DATE='2025-05-01T00:00:00+00:00' AIRFLOW_CTX_TRY_NUMBER='1' AIRFLOW_CTX_DAG_RUN_ID='scheduled__2025-05-01T00:00:00+00:00'
[2026-02-27T19:00:34.982+0000] {taskinstance.py:430} INFO - ::endgroup::
[2026-02-27T19:00:35.100+0000] {base.py:84} INFO - Using connection ID 'postgres_dwh' for task execution.
[2026-02-27T19:00:35.145+0000] {sql.py:495} INFO - Running statement: SELECT table_schema, table_name FROM information_schema.tables WHERE table_schema = 'staging';, parameters: None
[2026-02-27T19:00:35.202+0000] {sql.py:504} INFO - Rows affected: 9
[2026-02-27T19:00:35.267+0000] {logging_mixin.py:188} INFO - DEBUG: Доступные таблицы в схеме staging: [('staging', 'exchange_rates'), ('staging', 'cards'), ('staging', 'users'), ('staging', 'accounts'), ('staging', 'transactions'), ('staging', 'dict_regions'), ('staging', 'dict_tariffs'), ('staging', 'dict_merchants'), ('staging', 'dict_mcc')]
[2026-02-27T19:00:35.333+0000] {base.py:84} INFO - Using connection ID 'minio_conn_id' for task execution.
[2026-02-27T19:00:35.369+0000] {connection_wrapper.py:384} INFO - AWS Connection (conn_id='minio_conn_id', conn_type='aws') credentials retrieved from login and ***.
[2026-02-27T19:00:36.801+0000] {logging_mixin.py:188} INFO - Файл raw/not_dict/accounts/2025-05-01/data.parquet не найден в S3. Пропускаем загрузку.
[2026-02-27T19:00:36.814+0000] {python.py:237} INFO - Done. Returned value was: None
[2026-02-27T19:00:36.816+0000] {taskinstance.py:441} INFO - ::group::Post task execution logs
[2026-02-27T19:00:36.836+0000] {taskinstance.py:1206} INFO - Marking task as SUCCESS. dag_id=oltp_s3_dwh, task_id=upload_s3_to_dwh_accounts, run_id=scheduled__2025-05-01T00:00:00+00:00, execution_date=20250501T000000, start_date=20260227T190034, end_date=20260227T190036
[2026-02-27T19:00:36.906+0000] {local_task_job_runner.py:243} INFO - Task exited with return code 0
[2026-02-27T19:00:36.942+0000] {taskinstance.py:3503} INFO - 0 downstream tasks scheduled from follow-on schedule check
[2026-02-27T19:00:36.954+0000] {local_task_job_runner.py:222} INFO - ::endgroup::
