[2026-02-26T17:56:28.276+0000] {local_task_job_runner.py:120} INFO - ::group::Pre task execution logs
[2026-02-26T17:56:28.348+0000] {taskinstance.py:2076} INFO - Dependencies all met for dep_context=non-requeueable deps ti=<TaskInstance: oltp_s3_dwh.upload_s3_to_dwh_accounts scheduled__2026-01-01T00:00:00+00:00 [queued]>
[2026-02-26T17:56:28.374+0000] {taskinstance.py:2076} INFO - Dependencies all met for dep_context=requeueable deps ti=<TaskInstance: oltp_s3_dwh.upload_s3_to_dwh_accounts scheduled__2026-01-01T00:00:00+00:00 [queued]>
[2026-02-26T17:56:28.377+0000] {taskinstance.py:2306} INFO - Starting attempt 1 of 1
[2026-02-26T17:56:28.417+0000] {taskinstance.py:2330} INFO - Executing <Task(PythonOperator): upload_s3_to_dwh_accounts> on 2026-01-01 00:00:00+00:00
[2026-02-26T17:56:28.447+0000] {logging_mixin.py:188} WARNING - /home/***/.local/lib/python3.12/site-packages/***/task/task_runner/standard_task_runner.py:62 DeprecationWarning: This process (pid=7322) is multi-threaded, use of fork() may lead to deadlocks in the child.
[2026-02-26T17:56:28.469+0000] {standard_task_runner.py:64} INFO - Started process 7379 to run task
[2026-02-26T17:56:28.468+0000] {standard_task_runner.py:90} INFO - Running: ['***', 'tasks', 'run', 'oltp_s3_dwh', 'upload_s3_to_dwh_accounts', 'scheduled__2026-01-01T00:00:00+00:00', '--job-id', '1264', '--raw', '--subdir', 'DAGS_FOLDER/oltp_s3_dwh.py', '--cfg-path', '/tmp/tmp8kjp8cfk']
[2026-02-26T17:56:28.503+0000] {standard_task_runner.py:91} INFO - Job 1264: Subtask upload_s3_to_dwh_accounts
[2026-02-26T17:56:28.802+0000] {task_command.py:426} INFO - Running <TaskInstance: oltp_s3_dwh.upload_s3_to_dwh_accounts scheduled__2026-01-01T00:00:00+00:00 [running]> on host 31b45edbecf3
[2026-02-26T17:56:29.312+0000] {taskinstance.py:2648} INFO - Exporting env vars: AIRFLOW_CTX_DAG_OWNER='***' AIRFLOW_CTX_DAG_ID='oltp_s3_dwh' AIRFLOW_CTX_TASK_ID='upload_s3_to_dwh_accounts' AIRFLOW_CTX_EXECUTION_DATE='2026-01-01T00:00:00+00:00' AIRFLOW_CTX_TRY_NUMBER='1' AIRFLOW_CTX_DAG_RUN_ID='scheduled__2026-01-01T00:00:00+00:00'
[2026-02-26T17:56:29.325+0000] {taskinstance.py:430} INFO - ::endgroup::
[2026-02-26T17:56:29.423+0000] {base.py:84} INFO - Using connection ID 'postgres_dwh' for task execution.
[2026-02-26T17:56:29.439+0000] {sql.py:495} INFO - Running statement: SELECT table_schema, table_name FROM information_schema.tables WHERE table_schema = 'staging';, parameters: None
[2026-02-26T17:56:29.446+0000] {sql.py:504} INFO - Rows affected: 9
[2026-02-26T17:56:29.447+0000] {logging_mixin.py:188} INFO - DEBUG: Доступные таблицы в схеме staging: [('staging', 'exchange_rates'), ('staging', 'users'), ('staging', 'accounts'), ('staging', 'dict_regions'), ('staging', 'transactions'), ('staging', 'dict_mcc'), ('staging', 'cards'), ('staging', 'dict_tariffs'), ('staging', 'dict_merchants')]
[2026-02-26T17:56:29.471+0000] {base.py:84} INFO - Using connection ID 'minio_conn_id' for task execution.
[2026-02-26T17:56:29.472+0000] {connection_wrapper.py:384} INFO - AWS Connection (conn_id='minio_conn_id', conn_type='aws') credentials retrieved from login and ***.
[2026-02-26T17:56:31.463+0000] {logging_mixin.py:188} INFO - Файл raw/not_dict/accounts/2026-01-01/data.parquet не найден в S3. Пропускаем загрузку.
[2026-02-26T17:56:31.495+0000] {python.py:237} INFO - Done. Returned value was: None
[2026-02-26T17:56:31.503+0000] {taskinstance.py:441} INFO - ::group::Post task execution logs
[2026-02-26T17:56:31.528+0000] {taskinstance.py:1206} INFO - Marking task as SUCCESS. dag_id=oltp_s3_dwh, task_id=upload_s3_to_dwh_accounts, run_id=scheduled__2026-01-01T00:00:00+00:00, execution_date=20260101T000000, start_date=20260226T175628, end_date=20260226T175631
[2026-02-26T17:56:31.625+0000] {local_task_job_runner.py:243} INFO - Task exited with return code 0
[2026-02-26T17:56:31.715+0000] {taskinstance.py:3503} INFO - 0 downstream tasks scheduled from follow-on schedule check
[2026-02-26T17:56:31.727+0000] {local_task_job_runner.py:222} INFO - ::endgroup::
[2026-02-27T19:02:07.555+0000] {local_task_job_runner.py:120} INFO - ::group::Pre task execution logs
[2026-02-27T19:02:07.602+0000] {taskinstance.py:2076} INFO - Dependencies all met for dep_context=non-requeueable deps ti=<TaskInstance: oltp_s3_dwh.upload_s3_to_dwh_accounts scheduled__2026-01-01T00:00:00+00:00 [queued]>
[2026-02-27T19:02:07.626+0000] {taskinstance.py:2076} INFO - Dependencies all met for dep_context=requeueable deps ti=<TaskInstance: oltp_s3_dwh.upload_s3_to_dwh_accounts scheduled__2026-01-01T00:00:00+00:00 [queued]>
[2026-02-27T19:02:07.627+0000] {taskinstance.py:2306} INFO - Starting attempt 1 of 1
[2026-02-27T19:02:07.654+0000] {taskinstance.py:2330} INFO - Executing <Task(PythonOperator): upload_s3_to_dwh_accounts> on 2026-01-01 00:00:00+00:00
[2026-02-27T19:02:07.670+0000] {logging_mixin.py:188} WARNING - /home/***/.local/lib/python3.12/site-packages/***/task/task_runner/standard_task_runner.py:62 DeprecationWarning: This process (pid=33168) is multi-threaded, use of fork() may lead to deadlocks in the child.
[2026-02-27T19:02:07.672+0000] {standard_task_runner.py:90} INFO - Running: ['***', 'tasks', 'run', 'oltp_s3_dwh', 'upload_s3_to_dwh_accounts', 'scheduled__2026-01-01T00:00:00+00:00', '--job-id', '1767', '--raw', '--subdir', 'DAGS_FOLDER/oltp_s3_dwh.py', '--cfg-path', '/tmp/tmpteqi5376']
[2026-02-27T19:02:07.694+0000] {standard_task_runner.py:91} INFO - Job 1767: Subtask upload_s3_to_dwh_accounts
[2026-02-27T19:02:07.673+0000] {standard_task_runner.py:64} INFO - Started process 33191 to run task
[2026-02-27T19:02:07.846+0000] {task_command.py:426} INFO - Running <TaskInstance: oltp_s3_dwh.upload_s3_to_dwh_accounts scheduled__2026-01-01T00:00:00+00:00 [running]> on host 31b45edbecf3
[2026-02-27T19:02:08.166+0000] {taskinstance.py:2648} INFO - Exporting env vars: AIRFLOW_CTX_DAG_OWNER='***' AIRFLOW_CTX_DAG_ID='oltp_s3_dwh' AIRFLOW_CTX_TASK_ID='upload_s3_to_dwh_accounts' AIRFLOW_CTX_EXECUTION_DATE='2026-01-01T00:00:00+00:00' AIRFLOW_CTX_TRY_NUMBER='1' AIRFLOW_CTX_DAG_RUN_ID='scheduled__2026-01-01T00:00:00+00:00'
[2026-02-27T19:02:08.169+0000] {taskinstance.py:430} INFO - ::endgroup::
[2026-02-27T19:02:08.239+0000] {base.py:84} INFO - Using connection ID 'postgres_dwh' for task execution.
[2026-02-27T19:02:08.258+0000] {sql.py:495} INFO - Running statement: SELECT table_schema, table_name FROM information_schema.tables WHERE table_schema = 'staging';, parameters: None
[2026-02-27T19:02:08.265+0000] {sql.py:504} INFO - Rows affected: 9
[2026-02-27T19:02:08.268+0000] {logging_mixin.py:188} INFO - DEBUG: Доступные таблицы в схеме staging: [('staging', 'exchange_rates'), ('staging', 'cards'), ('staging', 'users'), ('staging', 'accounts'), ('staging', 'dict_regions'), ('staging', 'dict_mcc'), ('staging', 'dict_tariffs'), ('staging', 'dict_merchants'), ('staging', 'transactions')]
[2026-02-27T19:02:08.296+0000] {base.py:84} INFO - Using connection ID 'minio_conn_id' for task execution.
[2026-02-27T19:02:08.298+0000] {connection_wrapper.py:384} INFO - AWS Connection (conn_id='minio_conn_id', conn_type='aws') credentials retrieved from login and ***.
[2026-02-27T19:02:09.331+0000] {logging_mixin.py:188} INFO - Файл raw/not_dict/accounts/2026-01-01/data.parquet не найден в S3. Пропускаем загрузку.
[2026-02-27T19:02:09.337+0000] {python.py:237} INFO - Done. Returned value was: None
[2026-02-27T19:02:09.338+0000] {taskinstance.py:441} INFO - ::group::Post task execution logs
[2026-02-27T19:02:09.350+0000] {taskinstance.py:1206} INFO - Marking task as SUCCESS. dag_id=oltp_s3_dwh, task_id=upload_s3_to_dwh_accounts, run_id=scheduled__2026-01-01T00:00:00+00:00, execution_date=20260101T000000, start_date=20260227T190207, end_date=20260227T190209
[2026-02-27T19:02:09.430+0000] {local_task_job_runner.py:243} INFO - Task exited with return code 0
[2026-02-27T19:02:09.479+0000] {taskinstance.py:3503} INFO - 0 downstream tasks scheduled from follow-on schedule check
[2026-02-27T19:02:09.491+0000] {local_task_job_runner.py:222} INFO - ::endgroup::
