[2026-02-27T10:30:42.600+0000] {local_task_job_runner.py:120} INFO - ::group::Pre task execution logs
[2026-02-27T10:30:42.648+0000] {taskinstance.py:2076} INFO - Dependencies all met for dep_context=non-requeueable deps ti=<TaskInstance: staging_to_core.transform_dict_tariffs_to_core scheduled__2025-05-01T00:00:00+00:00 [queued]>
[2026-02-27T10:30:42.663+0000] {taskinstance.py:2076} INFO - Dependencies all met for dep_context=requeueable deps ti=<TaskInstance: staging_to_core.transform_dict_tariffs_to_core scheduled__2025-05-01T00:00:00+00:00 [queued]>
[2026-02-27T10:30:42.664+0000] {taskinstance.py:2306} INFO - Starting attempt 1 of 1
[2026-02-27T10:30:42.683+0000] {taskinstance.py:2330} INFO - Executing <Task(PostgresOperator): transform_dict_tariffs_to_core> on 2025-05-01 00:00:00+00:00
[2026-02-27T10:30:42.691+0000] {logging_mixin.py:188} WARNING - /home/***/.local/lib/python3.12/site-packages/***/task/task_runner/standard_task_runner.py:62 DeprecationWarning: This process (pid=9249) is multi-threaded, use of fork() may lead to deadlocks in the child.
[2026-02-27T10:30:42.693+0000] {standard_task_runner.py:64} INFO - Started process 9250 to run task
[2026-02-27T10:30:42.693+0000] {standard_task_runner.py:90} INFO - Running: ['***', 'tasks', 'run', 'staging_to_core', 'transform_dict_tariffs_to_core', 'scheduled__2025-05-01T00:00:00+00:00', '--job-id', '1362', '--raw', '--subdir', 'DAGS_FOLDER/staging_to_core.py', '--cfg-path', '/tmp/tmpl970xzfx']
[2026-02-27T10:30:42.696+0000] {standard_task_runner.py:91} INFO - Job 1362: Subtask transform_dict_tariffs_to_core
[2026-02-27T10:30:42.762+0000] {task_command.py:426} INFO - Running <TaskInstance: staging_to_core.transform_dict_tariffs_to_core scheduled__2025-05-01T00:00:00+00:00 [running]> on host 31b45edbecf3
[2026-02-27T10:30:42.873+0000] {taskinstance.py:2648} INFO - Exporting env vars: AIRFLOW_CTX_DAG_OWNER='***' AIRFLOW_CTX_DAG_ID='staging_to_core' AIRFLOW_CTX_TASK_ID='transform_dict_tariffs_to_core' AIRFLOW_CTX_EXECUTION_DATE='2025-05-01T00:00:00+00:00' AIRFLOW_CTX_TRY_NUMBER='1' AIRFLOW_CTX_DAG_RUN_ID='scheduled__2025-05-01T00:00:00+00:00'
[2026-02-27T10:30:42.874+0000] {taskinstance.py:430} INFO - ::endgroup::
[2026-02-27T10:30:42.891+0000] {sql.py:282} INFO - Executing: 
                    INSERT INTO core.dict_tariffs
                    SELECT * FROM staging.dict_tariffs
                    ON CONFLICT (tariff_id) 
                    DO UPDATE SET
                        tariff_name = EXCLUDED.tariff_name, monthly_cost = EXCLUDED.monthly_cost, cashback_percent = EXCLUDED.cashback_percent;
                
[2026-02-27T10:30:42.901+0000] {base.py:84} INFO - Using connection ID 'postgres_dwh' for task execution.
[2026-02-27T10:30:42.912+0000] {base.py:84} INFO - Using connection ID 'postgres_dwh' for task execution.
[2026-02-27T10:30:42.918+0000] {sql.py:495} INFO - Running statement: 
                    INSERT INTO core.dict_tariffs
                    SELECT * FROM staging.dict_tariffs
                    ON CONFLICT (tariff_id) 
                    DO UPDATE SET
                        tariff_name = EXCLUDED.tariff_name, monthly_cost = EXCLUDED.monthly_cost, cashback_percent = EXCLUDED.cashback_percent;
                , parameters: None
[2026-02-27T10:30:42.919+0000] {sql.py:504} INFO - Rows affected: 12
[2026-02-27T10:30:42.922+0000] {taskinstance.py:441} INFO - ::group::Post task execution logs
[2026-02-27T10:30:42.935+0000] {taskinstance.py:1206} INFO - Marking task as SUCCESS. dag_id=staging_to_core, task_id=transform_dict_tariffs_to_core, run_id=scheduled__2025-05-01T00:00:00+00:00, execution_date=20250501T000000, start_date=20260227T103042, end_date=20260227T103042
[2026-02-27T10:30:42.991+0000] {local_task_job_runner.py:243} INFO - Task exited with return code 0
[2026-02-27T10:30:43.004+0000] {logging_mixin.py:188} WARNING - /home/***/.local/lib/python3.12/site-packages/***/models/baseoperator.py:1297 AirflowProviderDeprecationWarning: Call to deprecated class PostgresOperator. (Please use `***.providers.common.sql.operators.sql.SQLExecuteQueryOperator`.Also, you can provide `hook_params={'schema': <database>}`.)
[2026-02-27T10:30:43.034+0000] {taskinstance.py:3503} INFO - 1 downstream tasks scheduled from follow-on schedule check
[2026-02-27T10:30:43.037+0000] {local_task_job_runner.py:222} INFO - ::endgroup::
[2026-02-27T19:02:33.224+0000] {local_task_job_runner.py:120} INFO - ::group::Pre task execution logs
[2026-02-27T19:02:33.265+0000] {taskinstance.py:2076} INFO - Dependencies all met for dep_context=non-requeueable deps ti=<TaskInstance: staging_to_core.transform_dict_tariffs_to_core scheduled__2025-05-01T00:00:00+00:00 [queued]>
[2026-02-27T19:02:33.277+0000] {taskinstance.py:2076} INFO - Dependencies all met for dep_context=requeueable deps ti=<TaskInstance: staging_to_core.transform_dict_tariffs_to_core scheduled__2025-05-01T00:00:00+00:00 [queued]>
[2026-02-27T19:02:33.278+0000] {taskinstance.py:2306} INFO - Starting attempt 1 of 1
[2026-02-27T19:02:33.295+0000] {taskinstance.py:2330} INFO - Executing <Task(PostgresOperator): transform_dict_tariffs_to_core> on 2025-05-01 00:00:00+00:00
[2026-02-27T19:02:33.304+0000] {logging_mixin.py:188} WARNING - /home/***/.local/lib/python3.12/site-packages/***/task/task_runner/standard_task_runner.py:62 DeprecationWarning: This process (pid=33296) is multi-threaded, use of fork() may lead to deadlocks in the child.
[2026-02-27T19:02:33.303+0000] {standard_task_runner.py:90} INFO - Running: ['***', 'tasks', 'run', 'staging_to_core', 'transform_dict_tariffs_to_core', 'scheduled__2025-05-01T00:00:00+00:00', '--job-id', '1794', '--raw', '--subdir', 'DAGS_FOLDER/staging_to_core.py', '--cfg-path', '/tmp/tmp2j5l_wxt']
[2026-02-27T19:02:33.306+0000] {standard_task_runner.py:64} INFO - Started process 33297 to run task
[2026-02-27T19:02:33.306+0000] {standard_task_runner.py:91} INFO - Job 1794: Subtask transform_dict_tariffs_to_core
[2026-02-27T19:02:33.360+0000] {task_command.py:426} INFO - Running <TaskInstance: staging_to_core.transform_dict_tariffs_to_core scheduled__2025-05-01T00:00:00+00:00 [running]> on host 31b45edbecf3
[2026-02-27T19:02:33.458+0000] {taskinstance.py:2648} INFO - Exporting env vars: AIRFLOW_CTX_DAG_OWNER='***' AIRFLOW_CTX_DAG_ID='staging_to_core' AIRFLOW_CTX_TASK_ID='transform_dict_tariffs_to_core' AIRFLOW_CTX_EXECUTION_DATE='2025-05-01T00:00:00+00:00' AIRFLOW_CTX_TRY_NUMBER='1' AIRFLOW_CTX_DAG_RUN_ID='scheduled__2025-05-01T00:00:00+00:00'
[2026-02-27T19:02:33.459+0000] {taskinstance.py:430} INFO - ::endgroup::
[2026-02-27T19:02:33.476+0000] {sql.py:282} INFO - Executing: 
                    INSERT INTO core.dict_tariffs
                    SELECT * FROM staging.dict_tariffs
                    ON CONFLICT (tariff_id) 
                    DO UPDATE SET
                        tariff_name = EXCLUDED.tariff_name, monthly_cost = EXCLUDED.monthly_cost, cashback_percent = EXCLUDED.cashback_percent;
                
[2026-02-27T19:02:33.486+0000] {base.py:84} INFO - Using connection ID 'postgres_dwh' for task execution.
[2026-02-27T19:02:33.498+0000] {base.py:84} INFO - Using connection ID 'postgres_dwh' for task execution.
[2026-02-27T19:02:33.504+0000] {sql.py:495} INFO - Running statement: 
                    INSERT INTO core.dict_tariffs
                    SELECT * FROM staging.dict_tariffs
                    ON CONFLICT (tariff_id) 
                    DO UPDATE SET
                        tariff_name = EXCLUDED.tariff_name, monthly_cost = EXCLUDED.monthly_cost, cashback_percent = EXCLUDED.cashback_percent;
                , parameters: None
[2026-02-27T19:02:33.505+0000] {sql.py:504} INFO - Rows affected: 3
[2026-02-27T19:02:33.508+0000] {taskinstance.py:441} INFO - ::group::Post task execution logs
[2026-02-27T19:02:33.522+0000] {taskinstance.py:1206} INFO - Marking task as SUCCESS. dag_id=staging_to_core, task_id=transform_dict_tariffs_to_core, run_id=scheduled__2025-05-01T00:00:00+00:00, execution_date=20250501T000000, start_date=20260227T190233, end_date=20260227T190233
[2026-02-27T19:02:33.562+0000] {local_task_job_runner.py:243} INFO - Task exited with return code 0
[2026-02-27T19:02:33.576+0000] {logging_mixin.py:188} WARNING - /home/***/.local/lib/python3.12/site-packages/***/models/baseoperator.py:1297 AirflowProviderDeprecationWarning: Call to deprecated class PostgresOperator. (Please use `***.providers.common.sql.operators.sql.SQLExecuteQueryOperator`.Also, you can provide `hook_params={'schema': <database>}`.)
[2026-02-27T19:02:33.604+0000] {taskinstance.py:3503} INFO - 1 downstream tasks scheduled from follow-on schedule check
[2026-02-27T19:02:33.608+0000] {local_task_job_runner.py:222} INFO - ::endgroup::
