[2026-02-26T17:55:58.112+0000] {local_task_job_runner.py:120} INFO - ::group::Pre task execution logs
[2026-02-26T17:55:58.209+0000] {taskinstance.py:2076} INFO - Dependencies all met for dep_context=non-requeueable deps ti=<TaskInstance: oltp_s3_dwh.upload_s3_to_dwh_cards scheduled__2025-07-01T00:00:00+00:00 [queued]>
[2026-02-26T17:55:58.278+0000] {taskinstance.py:2076} INFO - Dependencies all met for dep_context=requeueable deps ti=<TaskInstance: oltp_s3_dwh.upload_s3_to_dwh_cards scheduled__2025-07-01T00:00:00+00:00 [queued]>
[2026-02-26T17:55:58.285+0000] {taskinstance.py:2306} INFO - Starting attempt 1 of 1
[2026-02-26T17:55:58.347+0000] {taskinstance.py:2330} INFO - Executing <Task(PythonOperator): upload_s3_to_dwh_cards> on 2025-07-01 00:00:00+00:00
[2026-02-26T17:55:58.406+0000] {logging_mixin.py:188} WARNING - /home/***/.local/lib/python3.12/site-packages/***/task/task_runner/standard_task_runner.py:62 DeprecationWarning: This process (pid=6974) is multi-threaded, use of fork() may lead to deadlocks in the child.
[2026-02-26T17:55:58.411+0000] {standard_task_runner.py:64} INFO - Started process 7038 to run task
[2026-02-26T17:55:58.409+0000] {standard_task_runner.py:90} INFO - Running: ['***', 'tasks', 'run', 'oltp_s3_dwh', 'upload_s3_to_dwh_cards', 'scheduled__2025-07-01T00:00:00+00:00', '--job-id', '1218', '--raw', '--subdir', 'DAGS_FOLDER/oltp_s3_dwh.py', '--cfg-path', '/tmp/tmp3oipe94_']
[2026-02-26T17:55:58.413+0000] {standard_task_runner.py:91} INFO - Job 1218: Subtask upload_s3_to_dwh_cards
[2026-02-26T17:55:58.555+0000] {task_command.py:426} INFO - Running <TaskInstance: oltp_s3_dwh.upload_s3_to_dwh_cards scheduled__2025-07-01T00:00:00+00:00 [running]> on host 31b45edbecf3
[2026-02-26T17:55:58.913+0000] {taskinstance.py:2648} INFO - Exporting env vars: AIRFLOW_CTX_DAG_OWNER='***' AIRFLOW_CTX_DAG_ID='oltp_s3_dwh' AIRFLOW_CTX_TASK_ID='upload_s3_to_dwh_cards' AIRFLOW_CTX_EXECUTION_DATE='2025-07-01T00:00:00+00:00' AIRFLOW_CTX_TRY_NUMBER='1' AIRFLOW_CTX_DAG_RUN_ID='scheduled__2025-07-01T00:00:00+00:00'
[2026-02-26T17:55:58.914+0000] {taskinstance.py:430} INFO - ::endgroup::
[2026-02-26T17:55:59.016+0000] {base.py:84} INFO - Using connection ID 'postgres_dwh' for task execution.
[2026-02-26T17:55:59.032+0000] {sql.py:495} INFO - Running statement: SELECT table_schema, table_name FROM information_schema.tables WHERE table_schema = 'staging';, parameters: None
[2026-02-26T17:55:59.036+0000] {sql.py:504} INFO - Rows affected: 9
[2026-02-26T17:55:59.040+0000] {logging_mixin.py:188} INFO - DEBUG: Доступные таблицы в схеме staging: [('staging', 'exchange_rates'), ('staging', 'users'), ('staging', 'accounts'), ('staging', 'dict_merchants'), ('staging', 'transactions'), ('staging', 'cards'), ('staging', 'dict_mcc'), ('staging', 'dict_tariffs'), ('staging', 'dict_regions')]
[2026-02-26T17:55:59.075+0000] {base.py:84} INFO - Using connection ID 'minio_conn_id' for task execution.
[2026-02-26T17:55:59.076+0000] {connection_wrapper.py:384} INFO - AWS Connection (conn_id='minio_conn_id', conn_type='aws') credentials retrieved from login and ***.
[2026-02-26T17:56:01.547+0000] {base.py:84} INFO - Using connection ID 'postgres_dwh' for task execution.
[2026-02-26T17:56:01.611+0000] {logging_mixin.py:188} INFO - Successfully loaded cards using copy_expert
[2026-02-26T17:56:01.612+0000] {python.py:237} INFO - Done. Returned value was: None
[2026-02-26T17:56:01.613+0000] {taskinstance.py:441} INFO - ::group::Post task execution logs
[2026-02-26T17:56:01.623+0000] {taskinstance.py:1206} INFO - Marking task as SUCCESS. dag_id=oltp_s3_dwh, task_id=upload_s3_to_dwh_cards, run_id=scheduled__2025-07-01T00:00:00+00:00, execution_date=20250701T000000, start_date=20260226T175558, end_date=20260226T175601
[2026-02-26T17:56:01.696+0000] {local_task_job_runner.py:243} INFO - Task exited with return code 0
[2026-02-26T17:56:01.778+0000] {taskinstance.py:3503} INFO - 0 downstream tasks scheduled from follow-on schedule check
[2026-02-26T17:56:01.798+0000] {local_task_job_runner.py:222} INFO - ::endgroup::
[2026-02-27T19:00:58.848+0000] {local_task_job_runner.py:120} INFO - ::group::Pre task execution logs
[2026-02-27T19:00:58.903+0000] {taskinstance.py:2076} INFO - Dependencies all met for dep_context=non-requeueable deps ti=<TaskInstance: oltp_s3_dwh.upload_s3_to_dwh_cards scheduled__2025-07-01T00:00:00+00:00 [queued]>
[2026-02-27T19:00:58.975+0000] {taskinstance.py:2076} INFO - Dependencies all met for dep_context=requeueable deps ti=<TaskInstance: oltp_s3_dwh.upload_s3_to_dwh_cards scheduled__2025-07-01T00:00:00+00:00 [queued]>
[2026-02-27T19:00:58.976+0000] {taskinstance.py:2306} INFO - Starting attempt 1 of 1
[2026-02-27T19:00:59.081+0000] {taskinstance.py:2330} INFO - Executing <Task(PythonOperator): upload_s3_to_dwh_cards> on 2025-07-01 00:00:00+00:00
[2026-02-27T19:00:59.109+0000] {logging_mixin.py:188} WARNING - /home/***/.local/lib/python3.12/site-packages/***/task/task_runner/standard_task_runner.py:62 DeprecationWarning: This process (pid=32545) is multi-threaded, use of fork() may lead to deadlocks in the child.
[2026-02-27T19:00:59.115+0000] {standard_task_runner.py:64} INFO - Started process 32563 to run task
[2026-02-27T19:00:59.127+0000] {standard_task_runner.py:90} INFO - Running: ['***', 'tasks', 'run', 'oltp_s3_dwh', 'upload_s3_to_dwh_cards', 'scheduled__2025-07-01T00:00:00+00:00', '--job-id', '1637', '--raw', '--subdir', 'DAGS_FOLDER/oltp_s3_dwh.py', '--cfg-path', '/tmp/tmpxa4f3pgt']
[2026-02-27T19:00:59.150+0000] {standard_task_runner.py:91} INFO - Job 1637: Subtask upload_s3_to_dwh_cards
[2026-02-27T19:00:59.397+0000] {task_command.py:426} INFO - Running <TaskInstance: oltp_s3_dwh.upload_s3_to_dwh_cards scheduled__2025-07-01T00:00:00+00:00 [running]> on host 31b45edbecf3
[2026-02-27T19:00:57.568+0000] {taskinstance.py:2648} INFO - Exporting env vars: AIRFLOW_CTX_DAG_OWNER='***' AIRFLOW_CTX_DAG_ID='oltp_s3_dwh' AIRFLOW_CTX_TASK_ID='upload_s3_to_dwh_cards' AIRFLOW_CTX_EXECUTION_DATE='2025-07-01T00:00:00+00:00' AIRFLOW_CTX_TRY_NUMBER='1' AIRFLOW_CTX_DAG_RUN_ID='scheduled__2025-07-01T00:00:00+00:00'
[2026-02-27T19:00:57.572+0000] {taskinstance.py:430} INFO - ::endgroup::
[2026-02-27T19:00:57.695+0000] {base.py:84} INFO - Using connection ID 'postgres_dwh' for task execution.
[2026-02-27T19:00:57.714+0000] {sql.py:495} INFO - Running statement: SELECT table_schema, table_name FROM information_schema.tables WHERE table_schema = 'staging';, parameters: None
[2026-02-27T19:00:57.722+0000] {sql.py:504} INFO - Rows affected: 9
[2026-02-27T19:00:57.728+0000] {logging_mixin.py:188} INFO - DEBUG: Доступные таблицы в схеме staging: [('staging', 'exchange_rates'), ('staging', 'cards'), ('staging', 'users'), ('staging', 'accounts'), ('staging', 'dict_merchants'), ('staging', 'dict_regions'), ('staging', 'dict_mcc'), ('staging', 'transactions'), ('staging', 'dict_tariffs')]
[2026-02-27T19:00:57.755+0000] {base.py:84} INFO - Using connection ID 'minio_conn_id' for task execution.
[2026-02-27T19:00:57.773+0000] {connection_wrapper.py:384} INFO - AWS Connection (conn_id='minio_conn_id', conn_type='aws') credentials retrieved from login and ***.
[2026-02-27T19:00:58.921+0000] {logging_mixin.py:188} INFO - Файл raw/not_dict/cards/2025-07-01/data.parquet не найден в S3. Пропускаем загрузку.
[2026-02-27T19:00:58.948+0000] {python.py:237} INFO - Done. Returned value was: None
[2026-02-27T19:00:58.949+0000] {taskinstance.py:441} INFO - ::group::Post task execution logs
[2026-02-27T19:00:58.964+0000] {taskinstance.py:1206} INFO - Marking task as SUCCESS. dag_id=oltp_s3_dwh, task_id=upload_s3_to_dwh_cards, run_id=scheduled__2025-07-01T00:00:00+00:00, execution_date=20250701T000000, start_date=20260227T190058, end_date=20260227T190058
[2026-02-27T19:00:59.004+0000] {local_task_job_runner.py:243} INFO - Task exited with return code 0
[2026-02-27T19:00:59.098+0000] {taskinstance.py:3503} INFO - 0 downstream tasks scheduled from follow-on schedule check
[2026-02-27T19:00:59.103+0000] {local_task_job_runner.py:222} INFO - ::endgroup::
