[2026-02-27T10:31:20.747+0000] {local_task_job_runner.py:120} INFO - ::group::Pre task execution logs
[2026-02-27T10:31:20.784+0000] {taskinstance.py:2076} INFO - Dependencies all met for dep_context=non-requeueable deps ti=<TaskInstance: staging_to_core.wait_for_dict_tariffs scheduled__2025-07-01T00:00:00+00:00 [queued]>
[2026-02-27T10:31:20.793+0000] {taskinstance.py:2076} INFO - Dependencies all met for dep_context=requeueable deps ti=<TaskInstance: staging_to_core.wait_for_dict_tariffs scheduled__2025-07-01T00:00:00+00:00 [queued]>
[2026-02-27T10:31:20.794+0000] {taskinstance.py:2306} INFO - Starting attempt 1 of 1
[2026-02-27T10:31:20.810+0000] {taskinstance.py:2330} INFO - Executing <Task(ExternalTaskSensor): wait_for_dict_tariffs> on 2025-07-01 00:00:00+00:00
[2026-02-27T10:31:20.818+0000] {logging_mixin.py:188} WARNING - /home/***/.local/lib/python3.12/site-packages/***/task/task_runner/standard_task_runner.py:62 DeprecationWarning: This process (pid=9348) is multi-threaded, use of fork() may lead to deadlocks in the child.
[2026-02-27T10:31:20.819+0000] {standard_task_runner.py:64} INFO - Started process 9349 to run task
[2026-02-27T10:31:20.820+0000] {standard_task_runner.py:90} INFO - Running: ['***', 'tasks', 'run', 'staging_to_core', 'wait_for_dict_tariffs', 'scheduled__2025-07-01T00:00:00+00:00', '--job-id', '1393', '--raw', '--subdir', 'DAGS_FOLDER/staging_to_core.py', '--cfg-path', '/tmp/tmps65pygtz']
[2026-02-27T10:31:20.822+0000] {standard_task_runner.py:91} INFO - Job 1393: Subtask wait_for_dict_tariffs
[2026-02-27T10:31:20.877+0000] {task_command.py:426} INFO - Running <TaskInstance: staging_to_core.wait_for_dict_tariffs scheduled__2025-07-01T00:00:00+00:00 [running]> on host 31b45edbecf3
[2026-02-27T10:31:20.970+0000] {taskinstance.py:2648} INFO - Exporting env vars: AIRFLOW_CTX_DAG_OWNER='***' AIRFLOW_CTX_DAG_ID='staging_to_core' AIRFLOW_CTX_TASK_ID='wait_for_dict_tariffs' AIRFLOW_CTX_EXECUTION_DATE='2025-07-01T00:00:00+00:00' AIRFLOW_CTX_TRY_NUMBER='1' AIRFLOW_CTX_DAG_RUN_ID='scheduled__2025-07-01T00:00:00+00:00'
[2026-02-27T10:31:20.971+0000] {taskinstance.py:430} INFO - ::endgroup::
[2026-02-27T10:31:20.987+0000] {baseoperator.py:400} WARNING - ExternalTaskSensor.execute cannot be called outside TaskInstance!
[2026-02-27T10:31:20.997+0000] {external_task.py:258} INFO - Poking for tasks ['upload_s3_to_dwh_dict_tariffs'] in dag oltp_s3_dwh on 2025-07-01T00:00:00+00:00 ... 
[2026-02-27T10:31:21.000+0000] {logging_mixin.py:188} WARNING - /home/***/.local/lib/python3.12/site-packages/***/utils/session.py:79 DeprecationWarning: This method is deprecated and will be removed in future.
[2026-02-27T10:31:21.011+0000] {base.py:294} INFO - Success criteria met. Exiting.
[2026-02-27T10:31:21.012+0000] {taskinstance.py:441} INFO - ::group::Post task execution logs
[2026-02-27T10:31:21.022+0000] {taskinstance.py:1206} INFO - Marking task as SUCCESS. dag_id=staging_to_core, task_id=wait_for_dict_tariffs, run_id=scheduled__2025-07-01T00:00:00+00:00, execution_date=20250701T000000, start_date=20260227T103120, end_date=20260227T103121
[2026-02-27T10:31:21.076+0000] {local_task_job_runner.py:243} INFO - Task exited with return code 0
[2026-02-27T10:31:21.091+0000] {logging_mixin.py:188} WARNING - /home/***/.local/lib/python3.12/site-packages/***/models/baseoperator.py:1297 AirflowProviderDeprecationWarning: Call to deprecated class PostgresOperator. (Please use `***.providers.common.sql.operators.sql.SQLExecuteQueryOperator`.Also, you can provide `hook_params={'schema': <database>}`.)
[2026-02-27T10:31:21.126+0000] {taskinstance.py:3503} INFO - 1 downstream tasks scheduled from follow-on schedule check
[2026-02-27T10:31:21.128+0000] {local_task_job_runner.py:222} INFO - ::endgroup::
[2026-02-27T19:03:13.236+0000] {local_task_job_runner.py:120} INFO - ::group::Pre task execution logs
[2026-02-27T19:03:13.282+0000] {taskinstance.py:2076} INFO - Dependencies all met for dep_context=non-requeueable deps ti=<TaskInstance: staging_to_core.wait_for_dict_tariffs scheduled__2025-07-01T00:00:00+00:00 [queued]>
[2026-02-27T19:03:13.294+0000] {taskinstance.py:2076} INFO - Dependencies all met for dep_context=requeueable deps ti=<TaskInstance: staging_to_core.wait_for_dict_tariffs scheduled__2025-07-01T00:00:00+00:00 [queued]>
[2026-02-27T19:03:13.295+0000] {taskinstance.py:2306} INFO - Starting attempt 1 of 1
[2026-02-27T19:03:13.314+0000] {taskinstance.py:2330} INFO - Executing <Task(ExternalTaskSensor): wait_for_dict_tariffs> on 2025-07-01 00:00:00+00:00
[2026-02-27T19:03:13.323+0000] {logging_mixin.py:188} WARNING - /home/***/.local/lib/python3.12/site-packages/***/task/task_runner/standard_task_runner.py:62 DeprecationWarning: This process (pid=33395) is multi-threaded, use of fork() may lead to deadlocks in the child.
[2026-02-27T19:03:13.324+0000] {standard_task_runner.py:64} INFO - Started process 33396 to run task
[2026-02-27T19:03:13.323+0000] {standard_task_runner.py:90} INFO - Running: ['***', 'tasks', 'run', 'staging_to_core', 'wait_for_dict_tariffs', 'scheduled__2025-07-01T00:00:00+00:00', '--job-id', '1825', '--raw', '--subdir', 'DAGS_FOLDER/staging_to_core.py', '--cfg-path', '/tmp/tmp895jtlfe']
[2026-02-27T19:03:13.326+0000] {standard_task_runner.py:91} INFO - Job 1825: Subtask wait_for_dict_tariffs
[2026-02-27T19:03:13.412+0000] {task_command.py:426} INFO - Running <TaskInstance: staging_to_core.wait_for_dict_tariffs scheduled__2025-07-01T00:00:00+00:00 [running]> on host 31b45edbecf3
[2026-02-27T19:03:13.531+0000] {taskinstance.py:2648} INFO - Exporting env vars: AIRFLOW_CTX_DAG_OWNER='***' AIRFLOW_CTX_DAG_ID='staging_to_core' AIRFLOW_CTX_TASK_ID='wait_for_dict_tariffs' AIRFLOW_CTX_EXECUTION_DATE='2025-07-01T00:00:00+00:00' AIRFLOW_CTX_TRY_NUMBER='1' AIRFLOW_CTX_DAG_RUN_ID='scheduled__2025-07-01T00:00:00+00:00'
[2026-02-27T19:03:13.533+0000] {taskinstance.py:430} INFO - ::endgroup::
[2026-02-27T19:03:13.549+0000] {baseoperator.py:400} WARNING - ExternalTaskSensor.execute cannot be called outside TaskInstance!
[2026-02-27T19:03:13.562+0000] {external_task.py:258} INFO - Poking for tasks ['upload_s3_to_dwh_dict_tariffs'] in dag oltp_s3_dwh on 2025-07-01T00:00:00+00:00 ... 
[2026-02-27T19:03:13.565+0000] {logging_mixin.py:188} WARNING - /home/***/.local/lib/python3.12/site-packages/***/utils/session.py:79 DeprecationWarning: This method is deprecated and will be removed in future.
[2026-02-27T19:03:13.580+0000] {base.py:294} INFO - Success criteria met. Exiting.
[2026-02-27T19:03:13.581+0000] {taskinstance.py:441} INFO - ::group::Post task execution logs
[2026-02-27T19:03:13.594+0000] {taskinstance.py:1206} INFO - Marking task as SUCCESS. dag_id=staging_to_core, task_id=wait_for_dict_tariffs, run_id=scheduled__2025-07-01T00:00:00+00:00, execution_date=20250701T000000, start_date=20260227T190313, end_date=20260227T190313
[2026-02-27T19:03:13.622+0000] {local_task_job_runner.py:243} INFO - Task exited with return code 0
[2026-02-27T19:03:13.640+0000] {logging_mixin.py:188} WARNING - /home/***/.local/lib/python3.12/site-packages/***/models/baseoperator.py:1297 AirflowProviderDeprecationWarning: Call to deprecated class PostgresOperator. (Please use `***.providers.common.sql.operators.sql.SQLExecuteQueryOperator`.Also, you can provide `hook_params={'schema': <database>}`.)
[2026-02-27T19:03:13.684+0000] {taskinstance.py:3503} INFO - 1 downstream tasks scheduled from follow-on schedule check
[2026-02-27T19:03:13.688+0000] {local_task_job_runner.py:222} INFO - ::endgroup::
