[2026-02-26T11:51:08.225+0000] {local_task_job_runner.py:120} INFO - ::group::Pre task execution logs
[2026-02-26T11:51:08.273+0000] {taskinstance.py:2076} INFO - Dependencies all met for dep_context=non-requeueable deps ti=<TaskInstance: oltp_s3_dwh.upload_postgre_to_s3_dict_merchants scheduled__2025-08-01T00:00:00+00:00 [queued]>
[2026-02-26T11:51:08.289+0000] {taskinstance.py:2076} INFO - Dependencies all met for dep_context=requeueable deps ti=<TaskInstance: oltp_s3_dwh.upload_postgre_to_s3_dict_merchants scheduled__2025-08-01T00:00:00+00:00 [queued]>
[2026-02-26T11:51:08.291+0000] {taskinstance.py:2306} INFO - Starting attempt 1 of 1
[2026-02-26T11:51:08.333+0000] {taskinstance.py:2330} INFO - Executing <Task(PythonOperator): upload_postgre_to_s3_dict_merchants> on 2025-08-01 00:00:00+00:00
[2026-02-26T11:51:08.367+0000] {standard_task_runner.py:90} INFO - Running: ['***', 'tasks', 'run', 'oltp_s3_dwh', 'upload_postgre_to_s3_dict_merchants', 'scheduled__2025-08-01T00:00:00+00:00', '--job-id', '945', '--raw', '--subdir', 'DAGS_FOLDER/oltp_s3_dwh_dict.py', '--cfg-path', '/tmp/tmpbnmkapga']
[2026-02-26T11:51:08.379+0000] {standard_task_runner.py:91} INFO - Job 945: Subtask upload_postgre_to_s3_dict_merchants
[2026-02-26T11:51:08.380+0000] {logging_mixin.py:188} WARNING - /home/***/.local/lib/python3.12/site-packages/***/task/task_runner/standard_task_runner.py:62 DeprecationWarning: This process (pid=3150) is multi-threaded, use of fork() may lead to deadlocks in the child.
[2026-02-26T11:51:08.390+0000] {standard_task_runner.py:64} INFO - Started process 3162 to run task
[2026-02-26T11:51:08.543+0000] {task_command.py:426} INFO - Running <TaskInstance: oltp_s3_dwh.upload_postgre_to_s3_dict_merchants scheduled__2025-08-01T00:00:00+00:00 [running]> on host 31b45edbecf3
[2026-02-26T11:51:08.836+0000] {taskinstance.py:2648} INFO - Exporting env vars: AIRFLOW_CTX_DAG_OWNER='***' AIRFLOW_CTX_DAG_ID='oltp_s3_dwh' AIRFLOW_CTX_TASK_ID='upload_postgre_to_s3_dict_merchants' AIRFLOW_CTX_EXECUTION_DATE='2025-08-01T00:00:00+00:00' AIRFLOW_CTX_TRY_NUMBER='1' AIRFLOW_CTX_DAG_RUN_ID='scheduled__2025-08-01T00:00:00+00:00'
[2026-02-26T11:51:08.839+0000] {taskinstance.py:430} INFO - ::endgroup::
[2026-02-26T11:51:08.906+0000] {base.py:84} INFO - Using connection ID 'postgres_oltp' for task execution.
[2026-02-26T11:51:08.920+0000] {logging_mixin.py:188} WARNING - /home/***/.local/lib/python3.12/site-packages/***/providers/common/sql/hooks/sql.py:269 UserWarning: pandas only supports SQLAlchemy connectable (engine/connection) or database string URI or sqlite3 DBAPI2 connection. Other DBAPI2 objects are not tested. Please consider using SQLAlchemy.
[2026-02-26T11:51:09.029+0000] {base.py:84} INFO - Using connection ID 'minio_conn_id' for task execution.
[2026-02-26T11:51:09.030+0000] {connection_wrapper.py:384} INFO - AWS Connection (conn_id='minio_conn_id', conn_type='aws') credentials retrieved from login and ***.
[2026-02-26T11:51:09.681+0000] {python.py:237} INFO - Done. Returned value was: None
[2026-02-26T11:51:09.681+0000] {taskinstance.py:441} INFO - ::group::Post task execution logs
[2026-02-26T11:51:09.700+0000] {taskinstance.py:1206} INFO - Marking task as SUCCESS. dag_id=oltp_s3_dwh, task_id=upload_postgre_to_s3_dict_merchants, run_id=scheduled__2025-08-01T00:00:00+00:00, execution_date=20250801T000000, start_date=20260226T115108, end_date=20260226T115109
[2026-02-26T11:51:09.740+0000] {local_task_job_runner.py:243} INFO - Task exited with return code 0
[2026-02-26T11:51:09.764+0000] {taskinstance.py:3503} INFO - 0 downstream tasks scheduled from follow-on schedule check
[2026-02-26T11:51:09.767+0000] {local_task_job_runner.py:222} INFO - ::endgroup::
[2026-02-27T19:01:06.478+0000] {local_task_job_runner.py:120} INFO - ::group::Pre task execution logs
[2026-02-27T19:01:06.601+0000] {taskinstance.py:2076} INFO - Dependencies all met for dep_context=non-requeueable deps ti=<TaskInstance: oltp_s3_dwh.upload_postgre_to_s3_dict_merchants scheduled__2025-08-01T00:00:00+00:00 [queued]>
[2026-02-27T19:01:06.617+0000] {taskinstance.py:2076} INFO - Dependencies all met for dep_context=requeueable deps ti=<TaskInstance: oltp_s3_dwh.upload_postgre_to_s3_dict_merchants scheduled__2025-08-01T00:00:00+00:00 [queued]>
[2026-02-27T19:01:06.618+0000] {taskinstance.py:2306} INFO - Starting attempt 1 of 1
[2026-02-27T19:01:06.658+0000] {taskinstance.py:2330} INFO - Executing <Task(PythonOperator): upload_postgre_to_s3_dict_merchants> on 2025-08-01 00:00:00+00:00
[2026-02-27T19:01:06.669+0000] {logging_mixin.py:188} WARNING - /home/***/.local/lib/python3.12/site-packages/***/task/task_runner/standard_task_runner.py:62 DeprecationWarning: This process (pid=32610) is multi-threaded, use of fork() may lead to deadlocks in the child.
[2026-02-27T19:01:06.676+0000] {standard_task_runner.py:64} INFO - Started process 32630 to run task
[2026-02-27T19:01:06.675+0000] {standard_task_runner.py:90} INFO - Running: ['***', 'tasks', 'run', 'oltp_s3_dwh', 'upload_postgre_to_s3_dict_merchants', 'scheduled__2025-08-01T00:00:00+00:00', '--job-id', '1654', '--raw', '--subdir', 'DAGS_FOLDER/oltp_s3_dwh.py', '--cfg-path', '/tmp/tmplcnlhr4i']
[2026-02-27T19:01:06.679+0000] {standard_task_runner.py:91} INFO - Job 1654: Subtask upload_postgre_to_s3_dict_merchants
[2026-02-27T19:01:06.890+0000] {task_command.py:426} INFO - Running <TaskInstance: oltp_s3_dwh.upload_postgre_to_s3_dict_merchants scheduled__2025-08-01T00:00:00+00:00 [running]> on host 31b45edbecf3
[2026-02-27T19:01:07.253+0000] {taskinstance.py:2648} INFO - Exporting env vars: AIRFLOW_CTX_DAG_OWNER='***' AIRFLOW_CTX_DAG_ID='oltp_s3_dwh' AIRFLOW_CTX_TASK_ID='upload_postgre_to_s3_dict_merchants' AIRFLOW_CTX_EXECUTION_DATE='2025-08-01T00:00:00+00:00' AIRFLOW_CTX_TRY_NUMBER='1' AIRFLOW_CTX_DAG_RUN_ID='scheduled__2025-08-01T00:00:00+00:00'
[2026-02-27T19:01:07.255+0000] {taskinstance.py:430} INFO - ::endgroup::
[2026-02-27T19:01:07.395+0000] {base.py:84} INFO - Using connection ID 'postgres_oltp' for task execution.
[2026-02-27T19:01:07.452+0000] {logging_mixin.py:188} WARNING - /home/***/.local/lib/python3.12/site-packages/***/providers/common/sql/hooks/sql.py:269 UserWarning: pandas only supports SQLAlchemy connectable (engine/connection) or database string URI or sqlite3 DBAPI2 connection. Other DBAPI2 objects are not tested. Please consider using SQLAlchemy.
[2026-02-27T19:01:07.532+0000] {base.py:84} INFO - Using connection ID 'minio_conn_id' for task execution.
[2026-02-27T19:01:07.540+0000] {connection_wrapper.py:384} INFO - AWS Connection (conn_id='minio_conn_id', conn_type='aws') credentials retrieved from login and ***.
[2026-02-27T19:01:08.408+0000] {python.py:237} INFO - Done. Returned value was: None
[2026-02-27T19:01:08.410+0000] {taskinstance.py:441} INFO - ::group::Post task execution logs
[2026-02-27T19:01:08.433+0000] {taskinstance.py:1206} INFO - Marking task as SUCCESS. dag_id=oltp_s3_dwh, task_id=upload_postgre_to_s3_dict_merchants, run_id=scheduled__2025-08-01T00:00:00+00:00, execution_date=20250801T000000, start_date=20260227T190106, end_date=20260227T190108
[2026-02-27T19:01:08.610+0000] {local_task_job_runner.py:243} INFO - Task exited with return code 0
[2026-02-27T19:01:08.707+0000] {taskinstance.py:3503} INFO - 1 downstream tasks scheduled from follow-on schedule check
[2026-02-27T19:01:08.713+0000] {local_task_job_runner.py:222} INFO - ::endgroup::
