[2026-02-26T17:40:55.467+0000] {local_task_job_runner.py:120} INFO - ::group::Pre task execution logs
[2026-02-26T17:40:55.556+0000] {taskinstance.py:2076} INFO - Dependencies all met for dep_context=non-requeueable deps ti=<TaskInstance: oltp_s3_dwh.upload_s3_to_dwh_transactions manual__2026-02-26T12:02:57.810764+00:00 [queued]>
[2026-02-26T17:40:55.621+0000] {taskinstance.py:2076} INFO - Dependencies all met for dep_context=requeueable deps ti=<TaskInstance: oltp_s3_dwh.upload_s3_to_dwh_transactions manual__2026-02-26T12:02:57.810764+00:00 [queued]>
[2026-02-26T17:40:55.622+0000] {taskinstance.py:2306} INFO - Starting attempt 5 of 5
[2026-02-26T17:40:55.690+0000] {taskinstance.py:2330} INFO - Executing <Task(PythonOperator): upload_s3_to_dwh_transactions> on 2026-02-26 12:02:57.810764+00:00
[2026-02-26T17:40:55.722+0000] {logging_mixin.py:188} WARNING - /home/***/.local/lib/python3.12/site-packages/***/task/task_runner/standard_task_runner.py:62 DeprecationWarning: This process (pid=5716) is multi-threaded, use of fork() may lead to deadlocks in the child.
[2026-02-26T17:40:55.722+0000] {standard_task_runner.py:90} INFO - Running: ['***', 'tasks', 'run', 'oltp_s3_dwh', 'upload_s3_to_dwh_transactions', 'manual__2026-02-26T12:02:57.810764+00:00', '--job-id', '1155', '--raw', '--subdir', 'DAGS_FOLDER/oltp_s3_dwh.py', '--cfg-path', '/tmp/tmpjg2nm_34']
[2026-02-26T17:40:55.727+0000] {standard_task_runner.py:91} INFO - Job 1155: Subtask upload_s3_to_dwh_transactions
[2026-02-26T17:40:55.727+0000] {standard_task_runner.py:64} INFO - Started process 5735 to run task
[2026-02-26T17:40:55.920+0000] {task_command.py:426} INFO - Running <TaskInstance: oltp_s3_dwh.upload_s3_to_dwh_transactions manual__2026-02-26T12:02:57.810764+00:00 [running]> on host 31b45edbecf3
[2026-02-26T17:40:56.334+0000] {taskinstance.py:2648} INFO - Exporting env vars: AIRFLOW_CTX_DAG_OWNER='***' AIRFLOW_CTX_DAG_ID='oltp_s3_dwh' AIRFLOW_CTX_TASK_ID='upload_s3_to_dwh_transactions' AIRFLOW_CTX_EXECUTION_DATE='2026-02-26T12:02:57.810764+00:00' AIRFLOW_CTX_TRY_NUMBER='5' AIRFLOW_CTX_DAG_RUN_ID='manual__2026-02-26T12:02:57.810764+00:00'
[2026-02-26T17:40:56.337+0000] {taskinstance.py:430} INFO - ::endgroup::
[2026-02-26T17:40:56.449+0000] {base.py:84} INFO - Using connection ID 'postgres_dwh' for task execution.
[2026-02-26T17:40:56.463+0000] {sql.py:495} INFO - Running statement: SELECT table_schema, table_name FROM information_schema.tables WHERE table_schema = 'staging';, parameters: None
[2026-02-26T17:40:56.467+0000] {sql.py:504} INFO - Rows affected: 9
[2026-02-26T17:40:56.470+0000] {logging_mixin.py:188} INFO - DEBUG: Доступные таблицы в схеме staging: [('staging', 'exchange_rates'), ('staging', 'accounts'), ('staging', 'users'), ('staging', 'dict_regions'), ('staging', 'transactions'), ('staging', 'dict_tariffs'), ('staging', 'cards'), ('staging', 'dict_mcc'), ('staging', 'dict_merchants')]
[2026-02-26T17:40:56.505+0000] {base.py:84} INFO - Using connection ID 'minio_conn_id' for task execution.
[2026-02-26T17:40:56.508+0000] {connection_wrapper.py:384} INFO - AWS Connection (conn_id='minio_conn_id', conn_type='aws') credentials retrieved from login and ***.
[2026-02-26T17:40:57.282+0000] {base.py:84} INFO - Using connection ID 'postgres_dwh' for task execution.
[2026-02-26T17:40:57.352+0000] {logging_mixin.py:188} INFO - Truncating table transactions...
[2026-02-26T17:40:57.439+0000] {logging_mixin.py:188} INFO - Copying data to transactions...
[2026-02-26T17:40:57.505+0000] {logging_mixin.py:188} INFO - Successfully loaded 5363 rows to staging.transactions
[2026-02-26T17:40:57.508+0000] {python.py:237} INFO - Done. Returned value was: None
[2026-02-26T17:40:57.509+0000] {taskinstance.py:441} INFO - ::group::Post task execution logs
[2026-02-26T17:40:57.527+0000] {taskinstance.py:1206} INFO - Marking task as SUCCESS. dag_id=oltp_s3_dwh, task_id=upload_s3_to_dwh_transactions, run_id=manual__2026-02-26T12:02:57.810764+00:00, execution_date=20260226T120257, start_date=20260226T174055, end_date=20260226T174057
[2026-02-26T17:40:57.576+0000] {local_task_job_runner.py:243} INFO - Task exited with return code 0
[2026-02-26T17:40:57.610+0000] {taskinstance.py:3503} INFO - 0 downstream tasks scheduled from follow-on schedule check
[2026-02-26T17:40:57.613+0000] {local_task_job_runner.py:222} INFO - ::endgroup::
