[2026-02-26T12:07:14.384+0000] {local_task_job_runner.py:120} INFO - ::group::Pre task execution logs
[2026-02-26T12:07:14.464+0000] {taskinstance.py:2076} INFO - Dependencies all met for dep_context=non-requeueable deps ti=<TaskInstance: oltp_s3_dwh.upload_postgre_to_s3_cards scheduled__2025-09-01T00:00:00+00:00 [queued]>
[2026-02-26T12:07:14.490+0000] {taskinstance.py:2076} INFO - Dependencies all met for dep_context=requeueable deps ti=<TaskInstance: oltp_s3_dwh.upload_postgre_to_s3_cards scheduled__2025-09-01T00:00:00+00:00 [queued]>
[2026-02-26T12:07:14.493+0000] {taskinstance.py:2306} INFO - Starting attempt 1 of 1
[2026-02-26T12:07:14.538+0000] {taskinstance.py:2330} INFO - Executing <Task(PythonOperator): upload_postgre_to_s3_cards> on 2025-09-01 00:00:00+00:00
[2026-02-26T12:07:14.570+0000] {logging_mixin.py:188} WARNING - /home/***/.local/lib/python3.12/site-packages/***/task/task_runner/standard_task_runner.py:62 DeprecationWarning: This process (pid=4677) is multi-threaded, use of fork() may lead to deadlocks in the child.
[2026-02-26T12:07:14.581+0000] {standard_task_runner.py:64} INFO - Started process 4719 to run task
[2026-02-26T12:07:14.580+0000] {standard_task_runner.py:90} INFO - Running: ['***', 'tasks', 'run', 'oltp_s3_dwh', 'upload_postgre_to_s3_cards', 'scheduled__2025-09-01T00:00:00+00:00', '--job-id', '1051', '--raw', '--subdir', 'DAGS_FOLDER/oltp_s3_dwh_dict.py', '--cfg-path', '/tmp/tmpdvvpthhm']
[2026-02-26T12:07:14.604+0000] {standard_task_runner.py:91} INFO - Job 1051: Subtask upload_postgre_to_s3_cards
[2026-02-26T12:07:14.778+0000] {task_command.py:426} INFO - Running <TaskInstance: oltp_s3_dwh.upload_postgre_to_s3_cards scheduled__2025-09-01T00:00:00+00:00 [running]> on host 31b45edbecf3
[2026-02-26T12:07:15.240+0000] {taskinstance.py:2648} INFO - Exporting env vars: AIRFLOW_CTX_DAG_OWNER='***' AIRFLOW_CTX_DAG_ID='oltp_s3_dwh' AIRFLOW_CTX_TASK_ID='upload_postgre_to_s3_cards' AIRFLOW_CTX_EXECUTION_DATE='2025-09-01T00:00:00+00:00' AIRFLOW_CTX_TRY_NUMBER='1' AIRFLOW_CTX_DAG_RUN_ID='scheduled__2025-09-01T00:00:00+00:00'
[2026-02-26T12:07:15.252+0000] {taskinstance.py:430} INFO - ::endgroup::
[2026-02-26T12:07:15.300+0000] {base.py:84} INFO - Using connection ID 'postgres_oltp' for task execution.
[2026-02-26T12:07:15.323+0000] {logging_mixin.py:188} WARNING - /home/***/.local/lib/python3.12/site-packages/***/providers/common/sql/hooks/sql.py:269 UserWarning: pandas only supports SQLAlchemy connectable (engine/connection) or database string URI or sqlite3 DBAPI2 connection. Other DBAPI2 objects are not tested. Please consider using SQLAlchemy.
[2026-02-26T12:07:15.505+0000] {base.py:84} INFO - Using connection ID 'minio_conn_id' for task execution.
[2026-02-26T12:07:15.514+0000] {connection_wrapper.py:384} INFO - AWS Connection (conn_id='minio_conn_id', conn_type='aws') credentials retrieved from login and ***.
[2026-02-26T12:07:16.356+0000] {python.py:237} INFO - Done. Returned value was: None
[2026-02-26T12:07:16.357+0000] {taskinstance.py:441} INFO - ::group::Post task execution logs
[2026-02-26T12:07:16.392+0000] {taskinstance.py:1206} INFO - Marking task as SUCCESS. dag_id=oltp_s3_dwh, task_id=upload_postgre_to_s3_cards, run_id=scheduled__2025-09-01T00:00:00+00:00, execution_date=20250901T000000, start_date=20260226T120714, end_date=20260226T120716
[2026-02-26T12:07:16.472+0000] {local_task_job_runner.py:243} INFO - Task exited with return code 0
[2026-02-26T12:07:16.583+0000] {taskinstance.py:3503} INFO - 0 downstream tasks scheduled from follow-on schedule check
[2026-02-26T12:07:16.594+0000] {local_task_job_runner.py:222} INFO - ::endgroup::
[2026-02-27T19:01:18.042+0000] {local_task_job_runner.py:120} INFO - ::group::Pre task execution logs
[2026-02-27T19:01:18.088+0000] {taskinstance.py:2076} INFO - Dependencies all met for dep_context=non-requeueable deps ti=<TaskInstance: oltp_s3_dwh.upload_postgre_to_s3_cards scheduled__2025-09-01T00:00:00+00:00 [queued]>
[2026-02-27T19:01:18.138+0000] {taskinstance.py:2076} INFO - Dependencies all met for dep_context=requeueable deps ti=<TaskInstance: oltp_s3_dwh.upload_postgre_to_s3_cards scheduled__2025-09-01T00:00:00+00:00 [queued]>
[2026-02-27T19:01:18.141+0000] {taskinstance.py:2306} INFO - Starting attempt 1 of 1
[2026-02-27T19:01:18.203+0000] {taskinstance.py:2330} INFO - Executing <Task(PythonOperator): upload_postgre_to_s3_cards> on 2025-09-01 00:00:00+00:00
[2026-02-27T19:01:18.241+0000] {logging_mixin.py:188} WARNING - /home/***/.local/lib/python3.12/site-packages/***/task/task_runner/standard_task_runner.py:62 DeprecationWarning: This process (pid=32715) is multi-threaded, use of fork() may lead to deadlocks in the child.
[2026-02-27T19:01:18.245+0000] {standard_task_runner.py:64} INFO - Started process 32739 to run task
[2026-02-27T19:01:18.247+0000] {standard_task_runner.py:90} INFO - Running: ['***', 'tasks', 'run', 'oltp_s3_dwh', 'upload_postgre_to_s3_cards', 'scheduled__2025-09-01T00:00:00+00:00', '--job-id', '1679', '--raw', '--subdir', 'DAGS_FOLDER/oltp_s3_dwh.py', '--cfg-path', '/tmp/tmp6c12olcr']
[2026-02-27T19:01:18.260+0000] {standard_task_runner.py:91} INFO - Job 1679: Subtask upload_postgre_to_s3_cards
[2026-02-27T19:01:18.451+0000] {task_command.py:426} INFO - Running <TaskInstance: oltp_s3_dwh.upload_postgre_to_s3_cards scheduled__2025-09-01T00:00:00+00:00 [running]> on host 31b45edbecf3
[2026-02-27T19:01:18.750+0000] {taskinstance.py:2648} INFO - Exporting env vars: AIRFLOW_CTX_DAG_OWNER='***' AIRFLOW_CTX_DAG_ID='oltp_s3_dwh' AIRFLOW_CTX_TASK_ID='upload_postgre_to_s3_cards' AIRFLOW_CTX_EXECUTION_DATE='2025-09-01T00:00:00+00:00' AIRFLOW_CTX_TRY_NUMBER='1' AIRFLOW_CTX_DAG_RUN_ID='scheduled__2025-09-01T00:00:00+00:00'
[2026-02-27T19:01:18.758+0000] {taskinstance.py:430} INFO - ::endgroup::
[2026-02-27T19:01:18.861+0000] {base.py:84} INFO - Using connection ID 'postgres_oltp' for task execution.
[2026-02-27T19:01:18.875+0000] {logging_mixin.py:188} WARNING - /home/***/.local/lib/python3.12/site-packages/***/providers/common/sql/hooks/sql.py:269 UserWarning: pandas only supports SQLAlchemy connectable (engine/connection) or database string URI or sqlite3 DBAPI2 connection. Other DBAPI2 objects are not tested. Please consider using SQLAlchemy.
[2026-02-27T19:01:18.893+0000] {logging_mixin.py:188} INFO - В таблице cards нет данных
[2026-02-27T19:01:18.897+0000] {python.py:237} INFO - Done. Returned value was: None
[2026-02-27T19:01:18.903+0000] {taskinstance.py:441} INFO - ::group::Post task execution logs
[2026-02-27T19:01:18.925+0000] {taskinstance.py:1206} INFO - Marking task as SUCCESS. dag_id=oltp_s3_dwh, task_id=upload_postgre_to_s3_cards, run_id=scheduled__2025-09-01T00:00:00+00:00, execution_date=20250901T000000, start_date=20260227T190118, end_date=20260227T190118
[2026-02-27T19:01:18.998+0000] {local_task_job_runner.py:243} INFO - Task exited with return code 0
[2026-02-27T19:01:19.090+0000] {taskinstance.py:3503} INFO - 1 downstream tasks scheduled from follow-on schedule check
[2026-02-27T19:01:19.108+0000] {local_task_job_runner.py:222} INFO - ::endgroup::
