[2026-02-26T12:07:32.734+0000] {local_task_job_runner.py:120} INFO - ::group::Pre task execution logs
[2026-02-26T12:07:32.823+0000] {taskinstance.py:2076} INFO - Dependencies all met for dep_context=non-requeueable deps ti=<TaskInstance: oltp_s3_dwh.upload_postgre_to_s3_dict_mcc scheduled__2026-01-01T00:00:00+00:00 [queued]>
[2026-02-26T12:07:32.884+0000] {taskinstance.py:2076} INFO - Dependencies all met for dep_context=requeueable deps ti=<TaskInstance: oltp_s3_dwh.upload_postgre_to_s3_dict_mcc scheduled__2026-01-01T00:00:00+00:00 [queued]>
[2026-02-26T12:07:32.899+0000] {taskinstance.py:2306} INFO - Starting attempt 1 of 1
[2026-02-26T12:07:32.993+0000] {taskinstance.py:2330} INFO - Executing <Task(PythonOperator): upload_postgre_to_s3_dict_mcc> on 2026-01-01 00:00:00+00:00
[2026-02-26T12:07:33.011+0000] {logging_mixin.py:188} WARNING - /home/***/.local/lib/python3.12/site-packages/***/task/task_runner/standard_task_runner.py:62 DeprecationWarning: This process (pid=4878) is multi-threaded, use of fork() may lead to deadlocks in the child.
[2026-02-26T12:07:33.071+0000] {standard_task_runner.py:64} INFO - Started process 4925 to run task
[2026-02-26T12:07:33.059+0000] {standard_task_runner.py:90} INFO - Running: ['***', 'tasks', 'run', 'oltp_s3_dwh', 'upload_postgre_to_s3_dict_mcc', 'scheduled__2026-01-01T00:00:00+00:00', '--job-id', '1091', '--raw', '--subdir', 'DAGS_FOLDER/oltp_s3_dwh_dict.py', '--cfg-path', '/tmp/tmpseu9ry1a']
[2026-02-26T12:07:33.084+0000] {standard_task_runner.py:91} INFO - Job 1091: Subtask upload_postgre_to_s3_dict_mcc
[2026-02-26T12:07:33.316+0000] {task_command.py:426} INFO - Running <TaskInstance: oltp_s3_dwh.upload_postgre_to_s3_dict_mcc scheduled__2026-01-01T00:00:00+00:00 [running]> on host 31b45edbecf3
[2026-02-26T12:07:33.769+0000] {taskinstance.py:2648} INFO - Exporting env vars: AIRFLOW_CTX_DAG_OWNER='***' AIRFLOW_CTX_DAG_ID='oltp_s3_dwh' AIRFLOW_CTX_TASK_ID='upload_postgre_to_s3_dict_mcc' AIRFLOW_CTX_EXECUTION_DATE='2026-01-01T00:00:00+00:00' AIRFLOW_CTX_TRY_NUMBER='1' AIRFLOW_CTX_DAG_RUN_ID='scheduled__2026-01-01T00:00:00+00:00'
[2026-02-26T12:07:33.770+0000] {taskinstance.py:430} INFO - ::endgroup::
[2026-02-26T12:07:33.918+0000] {base.py:84} INFO - Using connection ID 'postgres_oltp' for task execution.
[2026-02-26T12:07:33.936+0000] {logging_mixin.py:188} WARNING - /home/***/.local/lib/python3.12/site-packages/***/providers/common/sql/hooks/sql.py:269 UserWarning: pandas only supports SQLAlchemy connectable (engine/connection) or database string URI or sqlite3 DBAPI2 connection. Other DBAPI2 objects are not tested. Please consider using SQLAlchemy.
[2026-02-26T12:07:34.071+0000] {base.py:84} INFO - Using connection ID 'minio_conn_id' for task execution.
[2026-02-26T12:07:34.072+0000] {connection_wrapper.py:384} INFO - AWS Connection (conn_id='minio_conn_id', conn_type='aws') credentials retrieved from login and ***.
[2026-02-26T12:07:35.975+0000] {python.py:237} INFO - Done. Returned value was: None
[2026-02-26T12:07:35.977+0000] {taskinstance.py:441} INFO - ::group::Post task execution logs
[2026-02-26T12:07:35.988+0000] {taskinstance.py:1206} INFO - Marking task as SUCCESS. dag_id=oltp_s3_dwh, task_id=upload_postgre_to_s3_dict_mcc, run_id=scheduled__2026-01-01T00:00:00+00:00, execution_date=20260101T000000, start_date=20260226T120732, end_date=20260226T120735
[2026-02-26T12:07:36.075+0000] {local_task_job_runner.py:243} INFO - Task exited with return code 0
[2026-02-26T12:07:36.092+0000] {local_task_job_runner.py:222} INFO - ::endgroup::
[2026-02-27T19:02:04.576+0000] {local_task_job_runner.py:120} INFO - ::group::Pre task execution logs
[2026-02-27T19:02:04.652+0000] {taskinstance.py:2076} INFO - Dependencies all met for dep_context=non-requeueable deps ti=<TaskInstance: oltp_s3_dwh.upload_postgre_to_s3_dict_mcc scheduled__2026-01-01T00:00:00+00:00 [queued]>
[2026-02-27T19:02:04.702+0000] {taskinstance.py:2076} INFO - Dependencies all met for dep_context=requeueable deps ti=<TaskInstance: oltp_s3_dwh.upload_postgre_to_s3_dict_mcc scheduled__2026-01-01T00:00:00+00:00 [queued]>
[2026-02-27T19:02:04.703+0000] {taskinstance.py:2306} INFO - Starting attempt 1 of 1
[2026-02-27T19:02:04.739+0000] {taskinstance.py:2330} INFO - Executing <Task(PythonOperator): upload_postgre_to_s3_dict_mcc> on 2026-01-01 00:00:00+00:00
[2026-02-27T19:02:04.761+0000] {logging_mixin.py:188} WARNING - /home/***/.local/lib/python3.12/site-packages/***/task/task_runner/standard_task_runner.py:62 DeprecationWarning: This process (pid=33143) is multi-threaded, use of fork() may lead to deadlocks in the child.
[2026-02-27T19:02:04.765+0000] {standard_task_runner.py:64} INFO - Started process 33161 to run task
[2026-02-27T19:02:04.782+0000] {standard_task_runner.py:90} INFO - Running: ['***', 'tasks', 'run', 'oltp_s3_dwh', 'upload_postgre_to_s3_dict_mcc', 'scheduled__2026-01-01T00:00:00+00:00', '--job-id', '1761', '--raw', '--subdir', 'DAGS_FOLDER/oltp_s3_dwh.py', '--cfg-path', '/tmp/tmpe7mgnc3q']
[2026-02-27T19:02:04.795+0000] {standard_task_runner.py:91} INFO - Job 1761: Subtask upload_postgre_to_s3_dict_mcc
[2026-02-27T19:02:04.939+0000] {task_command.py:426} INFO - Running <TaskInstance: oltp_s3_dwh.upload_postgre_to_s3_dict_mcc scheduled__2026-01-01T00:00:00+00:00 [running]> on host 31b45edbecf3
[2026-02-27T19:02:05.590+0000] {taskinstance.py:2648} INFO - Exporting env vars: AIRFLOW_CTX_DAG_OWNER='***' AIRFLOW_CTX_DAG_ID='oltp_s3_dwh' AIRFLOW_CTX_TASK_ID='upload_postgre_to_s3_dict_mcc' AIRFLOW_CTX_EXECUTION_DATE='2026-01-01T00:00:00+00:00' AIRFLOW_CTX_TRY_NUMBER='1' AIRFLOW_CTX_DAG_RUN_ID='scheduled__2026-01-01T00:00:00+00:00'
[2026-02-27T19:02:05.594+0000] {taskinstance.py:430} INFO - ::endgroup::
[2026-02-27T19:02:05.670+0000] {base.py:84} INFO - Using connection ID 'postgres_oltp' for task execution.
[2026-02-27T19:02:05.696+0000] {logging_mixin.py:188} WARNING - /home/***/.local/lib/python3.12/site-packages/***/providers/common/sql/hooks/sql.py:269 UserWarning: pandas only supports SQLAlchemy connectable (engine/connection) or database string URI or sqlite3 DBAPI2 connection. Other DBAPI2 objects are not tested. Please consider using SQLAlchemy.
[2026-02-27T19:02:05.728+0000] {base.py:84} INFO - Using connection ID 'minio_conn_id' for task execution.
[2026-02-27T19:02:05.731+0000] {connection_wrapper.py:384} INFO - AWS Connection (conn_id='minio_conn_id', conn_type='aws') credentials retrieved from login and ***.
[2026-02-27T19:02:06.617+0000] {python.py:237} INFO - Done. Returned value was: None
[2026-02-27T19:02:06.618+0000] {taskinstance.py:441} INFO - ::group::Post task execution logs
[2026-02-27T19:02:06.636+0000] {taskinstance.py:1206} INFO - Marking task as SUCCESS. dag_id=oltp_s3_dwh, task_id=upload_postgre_to_s3_dict_mcc, run_id=scheduled__2026-01-01T00:00:00+00:00, execution_date=20260101T000000, start_date=20260227T190204, end_date=20260227T190206
[2026-02-27T19:02:06.680+0000] {local_task_job_runner.py:243} INFO - Task exited with return code 0
[2026-02-27T19:02:06.730+0000] {taskinstance.py:3503} INFO - 1 downstream tasks scheduled from follow-on schedule check
[2026-02-27T19:02:06.774+0000] {local_task_job_runner.py:222} INFO - ::endgroup::
