[2026-02-27T10:30:15.672+0000] {local_task_job_runner.py:120} INFO - ::group::Pre task execution logs
[2026-02-27T10:30:15.717+0000] {taskinstance.py:2076} INFO - Dependencies all met for dep_context=non-requeueable deps ti=<TaskInstance: staging_to_core.wait_for_transactions scheduled__2025-03-01T00:00:00+00:00 [queued]>
[2026-02-27T10:30:15.733+0000] {taskinstance.py:2076} INFO - Dependencies all met for dep_context=requeueable deps ti=<TaskInstance: staging_to_core.wait_for_transactions scheduled__2025-03-01T00:00:00+00:00 [queued]>
[2026-02-27T10:30:15.734+0000] {taskinstance.py:2306} INFO - Starting attempt 1 of 1
[2026-02-27T10:30:15.753+0000] {taskinstance.py:2330} INFO - Executing <Task(ExternalTaskSensor): wait_for_transactions> on 2025-03-01 00:00:00+00:00
[2026-02-27T10:30:15.761+0000] {standard_task_runner.py:90} INFO - Running: ['***', 'tasks', 'run', 'staging_to_core', 'wait_for_transactions', 'scheduled__2025-03-01T00:00:00+00:00', '--job-id', '1339', '--raw', '--subdir', 'DAGS_FOLDER/staging_to_core.py', '--cfg-path', '/tmp/tmp2bj4auxc']
[2026-02-27T10:30:15.764+0000] {logging_mixin.py:188} WARNING - /home/***/.local/lib/python3.12/site-packages/***/task/task_runner/standard_task_runner.py:62 DeprecationWarning: This process (pid=9173) is multi-threaded, use of fork() may lead to deadlocks in the child.
[2026-02-27T10:30:15.764+0000] {standard_task_runner.py:91} INFO - Job 1339: Subtask wait_for_transactions
[2026-02-27T10:30:15.765+0000] {standard_task_runner.py:64} INFO - Started process 9174 to run task
[2026-02-27T10:30:15.828+0000] {task_command.py:426} INFO - Running <TaskInstance: staging_to_core.wait_for_transactions scheduled__2025-03-01T00:00:00+00:00 [running]> on host 31b45edbecf3
[2026-02-27T10:30:15.956+0000] {taskinstance.py:2648} INFO - Exporting env vars: AIRFLOW_CTX_DAG_OWNER='***' AIRFLOW_CTX_DAG_ID='staging_to_core' AIRFLOW_CTX_TASK_ID='wait_for_transactions' AIRFLOW_CTX_EXECUTION_DATE='2025-03-01T00:00:00+00:00' AIRFLOW_CTX_TRY_NUMBER='1' AIRFLOW_CTX_DAG_RUN_ID='scheduled__2025-03-01T00:00:00+00:00'
[2026-02-27T10:30:15.958+0000] {taskinstance.py:430} INFO - ::endgroup::
[2026-02-27T10:30:15.977+0000] {baseoperator.py:400} WARNING - ExternalTaskSensor.execute cannot be called outside TaskInstance!
[2026-02-27T10:30:16.013+0000] {external_task.py:258} INFO - Poking for tasks ['upload_s3_to_dwh_transactions'] in dag oltp_s3_dwh on 2025-03-01T00:00:00+00:00 ... 
[2026-02-27T10:30:16.022+0000] {logging_mixin.py:188} WARNING - /home/***/.local/lib/python3.12/site-packages/***/utils/session.py:79 DeprecationWarning: This method is deprecated and will be removed in future.
[2026-02-27T10:30:16.059+0000] {base.py:294} INFO - Success criteria met. Exiting.
[2026-02-27T10:30:16.060+0000] {taskinstance.py:441} INFO - ::group::Post task execution logs
[2026-02-27T10:30:16.074+0000] {taskinstance.py:1206} INFO - Marking task as SUCCESS. dag_id=staging_to_core, task_id=wait_for_transactions, run_id=scheduled__2025-03-01T00:00:00+00:00, execution_date=20250301T000000, start_date=20260227T103015, end_date=20260227T103016
[2026-02-27T10:30:16.111+0000] {local_task_job_runner.py:243} INFO - Task exited with return code 0
[2026-02-27T10:30:16.137+0000] {logging_mixin.py:188} WARNING - /home/***/.local/lib/python3.12/site-packages/***/models/baseoperator.py:1297 AirflowProviderDeprecationWarning: Call to deprecated class PostgresOperator. (Please use `***.providers.common.sql.operators.sql.SQLExecuteQueryOperator`.Also, you can provide `hook_params={'schema': <database>}`.)
[2026-02-27T10:30:16.188+0000] {taskinstance.py:3503} INFO - 1 downstream tasks scheduled from follow-on schedule check
[2026-02-27T10:30:16.203+0000] {local_task_job_runner.py:222} INFO - ::endgroup::
[2026-02-27T19:01:57.969+0000] {local_task_job_runner.py:120} INFO - ::group::Pre task execution logs
[2026-02-27T19:01:58.094+0000] {taskinstance.py:2076} INFO - Dependencies all met for dep_context=non-requeueable deps ti=<TaskInstance: staging_to_core.wait_for_transactions scheduled__2025-03-01T00:00:00+00:00 [queued]>
[2026-02-27T19:01:58.114+0000] {taskinstance.py:2076} INFO - Dependencies all met for dep_context=requeueable deps ti=<TaskInstance: staging_to_core.wait_for_transactions scheduled__2025-03-01T00:00:00+00:00 [queued]>
[2026-02-27T19:01:58.115+0000] {taskinstance.py:2306} INFO - Starting attempt 1 of 1
[2026-02-27T19:01:58.172+0000] {taskinstance.py:2330} INFO - Executing <Task(ExternalTaskSensor): wait_for_transactions> on 2025-03-01 00:00:00+00:00
[2026-02-27T19:01:58.185+0000] {logging_mixin.py:188} WARNING - /home/***/.local/lib/python3.12/site-packages/***/task/task_runner/standard_task_runner.py:62 DeprecationWarning: This process (pid=33106) is multi-threaded, use of fork() may lead to deadlocks in the child.
[2026-02-27T19:01:58.193+0000] {standard_task_runner.py:64} INFO - Started process 33111 to run task
[2026-02-27T19:01:58.212+0000] {standard_task_runner.py:90} INFO - Running: ['***', 'tasks', 'run', 'staging_to_core', 'wait_for_transactions', 'scheduled__2025-03-01T00:00:00+00:00', '--job-id', '1753', '--raw', '--subdir', 'DAGS_FOLDER/staging_to_core.py', '--cfg-path', '/tmp/tmpnc11eapz']
[2026-02-27T19:01:58.217+0000] {standard_task_runner.py:91} INFO - Job 1753: Subtask wait_for_transactions
[2026-02-27T19:01:58.443+0000] {task_command.py:426} INFO - Running <TaskInstance: staging_to_core.wait_for_transactions scheduled__2025-03-01T00:00:00+00:00 [running]> on host 31b45edbecf3
[2026-02-27T19:01:58.608+0000] {taskinstance.py:2648} INFO - Exporting env vars: AIRFLOW_CTX_DAG_OWNER='***' AIRFLOW_CTX_DAG_ID='staging_to_core' AIRFLOW_CTX_TASK_ID='wait_for_transactions' AIRFLOW_CTX_EXECUTION_DATE='2025-03-01T00:00:00+00:00' AIRFLOW_CTX_TRY_NUMBER='1' AIRFLOW_CTX_DAG_RUN_ID='scheduled__2025-03-01T00:00:00+00:00'
[2026-02-27T19:01:58.611+0000] {taskinstance.py:430} INFO - ::endgroup::
[2026-02-27T19:01:58.641+0000] {baseoperator.py:400} WARNING - ExternalTaskSensor.execute cannot be called outside TaskInstance!
[2026-02-27T19:01:58.681+0000] {external_task.py:258} INFO - Poking for tasks ['upload_s3_to_dwh_transactions'] in dag oltp_s3_dwh on 2025-03-01T00:00:00+00:00 ... 
[2026-02-27T19:01:58.684+0000] {logging_mixin.py:188} WARNING - /home/***/.local/lib/python3.12/site-packages/***/utils/session.py:79 DeprecationWarning: This method is deprecated and will be removed in future.
[2026-02-27T19:01:58.708+0000] {base.py:294} INFO - Success criteria met. Exiting.
[2026-02-27T19:01:58.709+0000] {taskinstance.py:441} INFO - ::group::Post task execution logs
[2026-02-27T19:01:58.730+0000] {taskinstance.py:1206} INFO - Marking task as SUCCESS. dag_id=staging_to_core, task_id=wait_for_transactions, run_id=scheduled__2025-03-01T00:00:00+00:00, execution_date=20250301T000000, start_date=20260227T190158, end_date=20260227T190158
[2026-02-27T19:01:58.789+0000] {local_task_job_runner.py:243} INFO - Task exited with return code 0
[2026-02-27T19:01:58.808+0000] {local_task_job_runner.py:222} INFO - ::endgroup::
