[2026-02-27T10:29:47.574+0000] {local_task_job_runner.py:120} INFO - ::group::Pre task execution logs
[2026-02-27T10:29:47.622+0000] {taskinstance.py:2076} INFO - Dependencies all met for dep_context=non-requeueable deps ti=<TaskInstance: staging_to_core.transform_dict_merchants_to_core scheduled__2025-02-01T00:00:00+00:00 [queued]>
[2026-02-27T10:29:47.637+0000] {taskinstance.py:2076} INFO - Dependencies all met for dep_context=requeueable deps ti=<TaskInstance: staging_to_core.transform_dict_merchants_to_core scheduled__2025-02-01T00:00:00+00:00 [queued]>
[2026-02-27T10:29:47.638+0000] {taskinstance.py:2306} INFO - Starting attempt 1 of 1
[2026-02-27T10:29:47.656+0000] {taskinstance.py:2330} INFO - Executing <Task(PostgresOperator): transform_dict_merchants_to_core> on 2025-02-01 00:00:00+00:00
[2026-02-27T10:29:47.666+0000] {logging_mixin.py:188} WARNING - /home/***/.local/lib/python3.12/site-packages/***/task/task_runner/standard_task_runner.py:62 DeprecationWarning: This process (pid=9087) is multi-threaded, use of fork() may lead to deadlocks in the child.
[2026-02-27T10:29:47.668+0000] {standard_task_runner.py:64} INFO - Started process 9088 to run task
[2026-02-27T10:29:47.667+0000] {standard_task_runner.py:90} INFO - Running: ['***', 'tasks', 'run', 'staging_to_core', 'transform_dict_merchants_to_core', 'scheduled__2025-02-01T00:00:00+00:00', '--job-id', '1316', '--raw', '--subdir', 'DAGS_FOLDER/staging_to_core.py', '--cfg-path', '/tmp/tmpicru2gul']
[2026-02-27T10:29:47.670+0000] {standard_task_runner.py:91} INFO - Job 1316: Subtask transform_dict_merchants_to_core
[2026-02-27T10:29:47.743+0000] {task_command.py:426} INFO - Running <TaskInstance: staging_to_core.transform_dict_merchants_to_core scheduled__2025-02-01T00:00:00+00:00 [running]> on host 31b45edbecf3
[2026-02-27T10:29:47.859+0000] {taskinstance.py:2648} INFO - Exporting env vars: AIRFLOW_CTX_DAG_OWNER='***' AIRFLOW_CTX_DAG_ID='staging_to_core' AIRFLOW_CTX_TASK_ID='transform_dict_merchants_to_core' AIRFLOW_CTX_EXECUTION_DATE='2025-02-01T00:00:00+00:00' AIRFLOW_CTX_TRY_NUMBER='1' AIRFLOW_CTX_DAG_RUN_ID='scheduled__2025-02-01T00:00:00+00:00'
[2026-02-27T10:29:47.860+0000] {taskinstance.py:430} INFO - ::endgroup::
[2026-02-27T10:29:47.878+0000] {sql.py:282} INFO - Executing: 
                    INSERT INTO core.dict_merchants
                    SELECT * FROM staging.dict_merchants
                    ON CONFLICT (merchant_id) 
                    DO UPDATE SET
                        merchant_name = EXCLUDED.merchant_name, mcc_code = EXCLUDED.mcc_code, region_id = EXCLUDED.region_id;
                
[2026-02-27T10:29:47.893+0000] {base.py:84} INFO - Using connection ID 'postgres_dwh' for task execution.
[2026-02-27T10:29:47.909+0000] {base.py:84} INFO - Using connection ID 'postgres_dwh' for task execution.
[2026-02-27T10:29:47.917+0000] {sql.py:495} INFO - Running statement: 
                    INSERT INTO core.dict_merchants
                    SELECT * FROM staging.dict_merchants
                    ON CONFLICT (merchant_id) 
                    DO UPDATE SET
                        merchant_name = EXCLUDED.merchant_name, mcc_code = EXCLUDED.mcc_code, region_id = EXCLUDED.region_id;
                , parameters: None
[2026-02-27T10:29:47.920+0000] {sql.py:504} INFO - Rows affected: 100
[2026-02-27T10:29:47.924+0000] {taskinstance.py:441} INFO - ::group::Post task execution logs
[2026-02-27T10:29:47.939+0000] {taskinstance.py:1206} INFO - Marking task as SUCCESS. dag_id=staging_to_core, task_id=transform_dict_merchants_to_core, run_id=scheduled__2025-02-01T00:00:00+00:00, execution_date=20250201T000000, start_date=20260227T102947, end_date=20260227T102947
[2026-02-27T10:29:47.966+0000] {local_task_job_runner.py:243} INFO - Task exited with return code 0
[2026-02-27T10:29:47.984+0000] {logging_mixin.py:188} WARNING - /home/***/.local/lib/python3.12/site-packages/***/models/baseoperator.py:1297 AirflowProviderDeprecationWarning: Call to deprecated class PostgresOperator. (Please use `***.providers.common.sql.operators.sql.SQLExecuteQueryOperator`.Also, you can provide `hook_params={'schema': <database>}`.)
[2026-02-27T10:29:48.023+0000] {taskinstance.py:3503} INFO - 1 downstream tasks scheduled from follow-on schedule check
[2026-02-27T10:29:48.030+0000] {local_task_job_runner.py:222} INFO - ::endgroup::
[2026-02-27T19:01:10.930+0000] {local_task_job_runner.py:120} INFO - ::group::Pre task execution logs
[2026-02-27T19:01:11.022+0000] {taskinstance.py:2076} INFO - Dependencies all met for dep_context=non-requeueable deps ti=<TaskInstance: staging_to_core.transform_dict_merchants_to_core scheduled__2025-02-01T00:00:00+00:00 [queued]>
[2026-02-27T19:01:11.048+0000] {taskinstance.py:2076} INFO - Dependencies all met for dep_context=requeueable deps ti=<TaskInstance: staging_to_core.transform_dict_merchants_to_core scheduled__2025-02-01T00:00:00+00:00 [queued]>
[2026-02-27T19:01:11.054+0000] {taskinstance.py:2306} INFO - Starting attempt 1 of 1
[2026-02-27T19:01:11.099+0000] {taskinstance.py:2330} INFO - Executing <Task(PostgresOperator): transform_dict_merchants_to_core> on 2025-02-01 00:00:00+00:00
[2026-02-27T19:01:11.126+0000] {logging_mixin.py:188} WARNING - /home/***/.local/lib/python3.12/site-packages/***/task/task_runner/standard_task_runner.py:62 DeprecationWarning: This process (pid=32671) is multi-threaded, use of fork() may lead to deadlocks in the child.
[2026-02-27T19:01:11.128+0000] {standard_task_runner.py:64} INFO - Started process 32676 to run task
[2026-02-27T19:01:11.140+0000] {standard_task_runner.py:90} INFO - Running: ['***', 'tasks', 'run', 'staging_to_core', 'transform_dict_merchants_to_core', 'scheduled__2025-02-01T00:00:00+00:00', '--job-id', '1665', '--raw', '--subdir', 'DAGS_FOLDER/staging_to_core.py', '--cfg-path', '/tmp/tmp1258b1um']
[2026-02-27T19:01:11.145+0000] {standard_task_runner.py:91} INFO - Job 1665: Subtask transform_dict_merchants_to_core
[2026-02-27T19:01:11.325+0000] {task_command.py:426} INFO - Running <TaskInstance: staging_to_core.transform_dict_merchants_to_core scheduled__2025-02-01T00:00:00+00:00 [running]> on host 31b45edbecf3
[2026-02-27T19:01:11.651+0000] {taskinstance.py:2648} INFO - Exporting env vars: AIRFLOW_CTX_DAG_OWNER='***' AIRFLOW_CTX_DAG_ID='staging_to_core' AIRFLOW_CTX_TASK_ID='transform_dict_merchants_to_core' AIRFLOW_CTX_EXECUTION_DATE='2025-02-01T00:00:00+00:00' AIRFLOW_CTX_TRY_NUMBER='1' AIRFLOW_CTX_DAG_RUN_ID='scheduled__2025-02-01T00:00:00+00:00'
[2026-02-27T19:01:11.653+0000] {taskinstance.py:430} INFO - ::endgroup::
[2026-02-27T19:01:11.707+0000] {sql.py:282} INFO - Executing: 
                    INSERT INTO core.dict_merchants
                    SELECT * FROM staging.dict_merchants
                    ON CONFLICT (merchant_id) 
                    DO UPDATE SET
                        merchant_name = EXCLUDED.merchant_name, mcc_code = EXCLUDED.mcc_code, region_id = EXCLUDED.region_id;
                
[2026-02-27T19:01:11.763+0000] {base.py:84} INFO - Using connection ID 'postgres_dwh' for task execution.
[2026-02-27T19:01:11.784+0000] {base.py:84} INFO - Using connection ID 'postgres_dwh' for task execution.
[2026-02-27T19:01:11.792+0000] {sql.py:495} INFO - Running statement: 
                    INSERT INTO core.dict_merchants
                    SELECT * FROM staging.dict_merchants
                    ON CONFLICT (merchant_id) 
                    DO UPDATE SET
                        merchant_name = EXCLUDED.merchant_name, mcc_code = EXCLUDED.mcc_code, region_id = EXCLUDED.region_id;
                , parameters: None
[2026-02-27T19:01:11.795+0000] {sql.py:504} INFO - Rows affected: 10
[2026-02-27T19:01:11.799+0000] {taskinstance.py:441} INFO - ::group::Post task execution logs
[2026-02-27T19:01:11.823+0000] {taskinstance.py:1206} INFO - Marking task as SUCCESS. dag_id=staging_to_core, task_id=transform_dict_merchants_to_core, run_id=scheduled__2025-02-01T00:00:00+00:00, execution_date=20250201T000000, start_date=20260227T190111, end_date=20260227T190111
[2026-02-27T19:01:11.881+0000] {local_task_job_runner.py:243} INFO - Task exited with return code 0
[2026-02-27T19:01:11.908+0000] {logging_mixin.py:188} WARNING - /home/***/.local/lib/python3.12/site-packages/***/models/baseoperator.py:1297 AirflowProviderDeprecationWarning: Call to deprecated class PostgresOperator. (Please use `***.providers.common.sql.operators.sql.SQLExecuteQueryOperator`.Also, you can provide `hook_params={'schema': <database>}`.)
[2026-02-27T19:01:11.974+0000] {taskinstance.py:3503} INFO - 1 downstream tasks scheduled from follow-on schedule check
[2026-02-27T19:01:12.000+0000] {local_task_job_runner.py:222} INFO - ::endgroup::
