[2026-02-28T11:50:47.827+0000] {local_task_job_runner.py:120} INFO - ::group::Pre task execution logs
[2026-02-28T11:50:47.867+0000] {taskinstance.py:2076} INFO - Dependencies all met for dep_context=non-requeueable deps ti=<TaskInstance: staging_to_core.transform_dict_merchants_to_core scheduled__2025-02-01T00:00:00+00:00 [queued]>
[2026-02-28T11:50:47.880+0000] {taskinstance.py:2076} INFO - Dependencies all met for dep_context=requeueable deps ti=<TaskInstance: staging_to_core.transform_dict_merchants_to_core scheduled__2025-02-01T00:00:00+00:00 [queued]>
[2026-02-28T11:50:47.881+0000] {taskinstance.py:2306} INFO - Starting attempt 2 of 2
[2026-02-28T11:50:47.896+0000] {taskinstance.py:2330} INFO - Executing <Task(PostgresOperator): transform_dict_merchants_to_core> on 2025-02-01 00:00:00+00:00
[2026-02-28T11:50:47.904+0000] {logging_mixin.py:188} WARNING - /home/***/.local/lib/python3.12/site-packages/***/task/task_runner/standard_task_runner.py:62 DeprecationWarning: This process (pid=9832) is multi-threaded, use of fork() may lead to deadlocks in the child.
[2026-02-28T11:50:47.905+0000] {standard_task_runner.py:64} INFO - Started process 9833 to run task
[2026-02-28T11:50:47.904+0000] {standard_task_runner.py:90} INFO - Running: ['***', 'tasks', 'run', 'staging_to_core', 'transform_dict_merchants_to_core', 'scheduled__2025-02-01T00:00:00+00:00', '--job-id', '2111', '--raw', '--subdir', 'DAGS_FOLDER/staging_to_core.py', '--cfg-path', '/tmp/tmpdchjmayg']
[2026-02-28T11:50:47.907+0000] {standard_task_runner.py:91} INFO - Job 2111: Subtask transform_dict_merchants_to_core
[2026-02-28T11:50:47.957+0000] {task_command.py:426} INFO - Running <TaskInstance: staging_to_core.transform_dict_merchants_to_core scheduled__2025-02-01T00:00:00+00:00 [running]> on host 31b45edbecf3
[2026-02-28T11:50:48.050+0000] {taskinstance.py:2648} INFO - Exporting env vars: AIRFLOW_CTX_DAG_OWNER='***' AIRFLOW_CTX_DAG_ID='staging_to_core' AIRFLOW_CTX_TASK_ID='transform_dict_merchants_to_core' AIRFLOW_CTX_EXECUTION_DATE='2025-02-01T00:00:00+00:00' AIRFLOW_CTX_TRY_NUMBER='2' AIRFLOW_CTX_DAG_RUN_ID='scheduled__2025-02-01T00:00:00+00:00'
[2026-02-28T11:50:48.052+0000] {taskinstance.py:430} INFO - ::endgroup::
[2026-02-28T11:50:48.067+0000] {sql.py:282} INFO - Executing: 
                    INSERT INTO core.dict_merchants
                    SELECT * FROM staging.dict_merchants
                    ON CONFLICT (merchant_id) 
                    DO UPDATE SET
                        merchant_name = EXCLUDED.merchant_name, mcc_code = EXCLUDED.mcc_code, region_id = EXCLUDED.region_id;
                
[2026-02-28T11:50:48.077+0000] {base.py:84} INFO - Using connection ID 'postgres_dwh' for task execution.
[2026-02-28T11:50:48.087+0000] {base.py:84} INFO - Using connection ID 'postgres_dwh' for task execution.
[2026-02-28T11:50:48.093+0000] {sql.py:495} INFO - Running statement: 
                    INSERT INTO core.dict_merchants
                    SELECT * FROM staging.dict_merchants
                    ON CONFLICT (merchant_id) 
                    DO UPDATE SET
                        merchant_name = EXCLUDED.merchant_name, mcc_code = EXCLUDED.mcc_code, region_id = EXCLUDED.region_id;
                , parameters: None
[2026-02-28T11:50:48.096+0000] {sql.py:504} INFO - Rows affected: 100
[2026-02-28T11:50:48.100+0000] {taskinstance.py:441} INFO - ::group::Post task execution logs
[2026-02-28T11:50:48.110+0000] {taskinstance.py:1206} INFO - Marking task as SUCCESS. dag_id=staging_to_core, task_id=transform_dict_merchants_to_core, run_id=scheduled__2025-02-01T00:00:00+00:00, execution_date=20250201T000000, start_date=20260228T115047, end_date=20260228T115048
[2026-02-28T11:50:48.160+0000] {local_task_job_runner.py:243} INFO - Task exited with return code 0
[2026-02-28T11:50:48.175+0000] {logging_mixin.py:188} WARNING - /home/***/.local/lib/python3.12/site-packages/***/models/baseoperator.py:1297 AirflowProviderDeprecationWarning: Call to deprecated class PostgresOperator. (Please use `***.providers.common.sql.operators.sql.SQLExecuteQueryOperator`.Also, you can provide `hook_params={'schema': <database>}`.)
[2026-02-28T11:50:48.201+0000] {taskinstance.py:3503} INFO - 1 downstream tasks scheduled from follow-on schedule check
[2026-02-28T11:50:48.204+0000] {local_task_job_runner.py:222} INFO - ::endgroup::
