[2026-02-26T17:55:44.791+0000] {local_task_job_runner.py:120} INFO - ::group::Pre task execution logs
[2026-02-26T17:55:44.850+0000] {taskinstance.py:2076} INFO - Dependencies all met for dep_context=non-requeueable deps ti=<TaskInstance: oltp_s3_dwh.upload_s3_to_dwh_dict_regions scheduled__2025-04-01T00:00:00+00:00 [queued]>
[2026-02-26T17:55:44.899+0000] {taskinstance.py:2076} INFO - Dependencies all met for dep_context=requeueable deps ti=<TaskInstance: oltp_s3_dwh.upload_s3_to_dwh_dict_regions scheduled__2025-04-01T00:00:00+00:00 [queued]>
[2026-02-26T17:55:44.901+0000] {taskinstance.py:2306} INFO - Starting attempt 1 of 1
[2026-02-26T17:55:44.987+0000] {taskinstance.py:2330} INFO - Executing <Task(PythonOperator): upload_s3_to_dwh_dict_regions> on 2025-04-01 00:00:00+00:00
[2026-02-26T17:55:45.055+0000] {logging_mixin.py:188} WARNING - /home/***/.local/lib/python3.12/site-packages/***/task/task_runner/standard_task_runner.py:62 DeprecationWarning: This process (pid=6823) is multi-threaded, use of fork() may lead to deadlocks in the child.
[2026-02-26T17:55:45.082+0000] {standard_task_runner.py:64} INFO - Started process 6865 to run task
[2026-02-26T17:55:45.053+0000] {standard_task_runner.py:90} INFO - Running: ['***', 'tasks', 'run', 'oltp_s3_dwh', 'upload_s3_to_dwh_dict_regions', 'scheduled__2025-04-01T00:00:00+00:00', '--job-id', '1198', '--raw', '--subdir', 'DAGS_FOLDER/oltp_s3_dwh.py', '--cfg-path', '/tmp/tmppos1w6h4']
[2026-02-26T17:55:45.102+0000] {standard_task_runner.py:91} INFO - Job 1198: Subtask upload_s3_to_dwh_dict_regions
[2026-02-26T17:55:45.319+0000] {task_command.py:426} INFO - Running <TaskInstance: oltp_s3_dwh.upload_s3_to_dwh_dict_regions scheduled__2025-04-01T00:00:00+00:00 [running]> on host 31b45edbecf3
[2026-02-26T17:55:46.092+0000] {taskinstance.py:2648} INFO - Exporting env vars: AIRFLOW_CTX_DAG_OWNER='***' AIRFLOW_CTX_DAG_ID='oltp_s3_dwh' AIRFLOW_CTX_TASK_ID='upload_s3_to_dwh_dict_regions' AIRFLOW_CTX_EXECUTION_DATE='2025-04-01T00:00:00+00:00' AIRFLOW_CTX_TRY_NUMBER='1' AIRFLOW_CTX_DAG_RUN_ID='scheduled__2025-04-01T00:00:00+00:00'
[2026-02-26T17:55:46.095+0000] {taskinstance.py:430} INFO - ::endgroup::
[2026-02-26T17:55:46.289+0000] {base.py:84} INFO - Using connection ID 'postgres_dwh' for task execution.
[2026-02-26T17:55:46.338+0000] {sql.py:495} INFO - Running statement: SELECT table_schema, table_name FROM information_schema.tables WHERE table_schema = 'staging';, parameters: None
[2026-02-26T17:55:46.363+0000] {sql.py:504} INFO - Rows affected: 9
[2026-02-26T17:55:46.365+0000] {logging_mixin.py:188} INFO - DEBUG: Доступные таблицы в схеме staging: [('staging', 'exchange_rates'), ('staging', 'users'), ('staging', 'accounts'), ('staging', 'dict_mcc'), ('staging', 'dict_regions'), ('staging', 'dict_tariffs'), ('staging', 'dict_merchants'), ('staging', 'cards'), ('staging', 'transactions')]
[2026-02-26T17:55:46.383+0000] {base.py:84} INFO - Using connection ID 'minio_conn_id' for task execution.
[2026-02-26T17:55:46.389+0000] {connection_wrapper.py:384} INFO - AWS Connection (conn_id='minio_conn_id', conn_type='aws') credentials retrieved from login and ***.
[2026-02-26T17:55:49.335+0000] {base.py:84} INFO - Using connection ID 'postgres_dwh' for task execution.
[2026-02-26T17:55:49.346+0000] {logging_mixin.py:188} INFO - Successfully loaded dict_regions using copy_expert
[2026-02-26T17:55:49.347+0000] {python.py:237} INFO - Done. Returned value was: None
[2026-02-26T17:55:49.348+0000] {taskinstance.py:441} INFO - ::group::Post task execution logs
[2026-02-26T17:55:49.364+0000] {taskinstance.py:1206} INFO - Marking task as SUCCESS. dag_id=oltp_s3_dwh, task_id=upload_s3_to_dwh_dict_regions, run_id=scheduled__2025-04-01T00:00:00+00:00, execution_date=20250401T000000, start_date=20260226T175544, end_date=20260226T175549
[2026-02-26T17:55:49.485+0000] {local_task_job_runner.py:243} INFO - Task exited with return code 0
[2026-02-26T17:55:49.620+0000] {taskinstance.py:3503} INFO - 0 downstream tasks scheduled from follow-on schedule check
[2026-02-26T17:55:49.635+0000] {local_task_job_runner.py:222} INFO - ::endgroup::
[2026-02-27T19:00:23.380+0000] {local_task_job_runner.py:120} INFO - ::group::Pre task execution logs
[2026-02-27T19:00:23.409+0000] {taskinstance.py:2076} INFO - Dependencies all met for dep_context=non-requeueable deps ti=<TaskInstance: oltp_s3_dwh.upload_s3_to_dwh_dict_regions scheduled__2025-04-01T00:00:00+00:00 [queued]>
[2026-02-27T19:00:23.419+0000] {taskinstance.py:2076} INFO - Dependencies all met for dep_context=requeueable deps ti=<TaskInstance: oltp_s3_dwh.upload_s3_to_dwh_dict_regions scheduled__2025-04-01T00:00:00+00:00 [queued]>
[2026-02-27T19:00:23.421+0000] {taskinstance.py:2306} INFO - Starting attempt 1 of 1
[2026-02-27T19:00:23.446+0000] {taskinstance.py:2330} INFO - Executing <Task(PythonOperator): upload_s3_to_dwh_dict_regions> on 2025-04-01 00:00:00+00:00
[2026-02-27T19:00:23.463+0000] {standard_task_runner.py:90} INFO - Running: ['***', 'tasks', 'run', 'oltp_s3_dwh', 'upload_s3_to_dwh_dict_regions', 'scheduled__2025-04-01T00:00:00+00:00', '--job-id', '1579', '--raw', '--subdir', 'DAGS_FOLDER/oltp_s3_dwh.py', '--cfg-path', '/tmp/tmpwbpz84d8']
[2026-02-27T19:00:23.466+0000] {standard_task_runner.py:91} INFO - Job 1579: Subtask upload_s3_to_dwh_dict_regions
[2026-02-27T19:00:23.461+0000] {logging_mixin.py:188} WARNING - /home/***/.local/lib/python3.12/site-packages/***/task/task_runner/standard_task_runner.py:62 DeprecationWarning: This process (pid=32245) is multi-threaded, use of fork() may lead to deadlocks in the child.
[2026-02-27T19:00:23.468+0000] {standard_task_runner.py:64} INFO - Started process 32258 to run task
[2026-02-27T19:00:23.589+0000] {task_command.py:426} INFO - Running <TaskInstance: oltp_s3_dwh.upload_s3_to_dwh_dict_regions scheduled__2025-04-01T00:00:00+00:00 [running]> on host 31b45edbecf3
[2026-02-27T19:00:23.967+0000] {taskinstance.py:2648} INFO - Exporting env vars: AIRFLOW_CTX_DAG_OWNER='***' AIRFLOW_CTX_DAG_ID='oltp_s3_dwh' AIRFLOW_CTX_TASK_ID='upload_s3_to_dwh_dict_regions' AIRFLOW_CTX_EXECUTION_DATE='2025-04-01T00:00:00+00:00' AIRFLOW_CTX_TRY_NUMBER='1' AIRFLOW_CTX_DAG_RUN_ID='scheduled__2025-04-01T00:00:00+00:00'
[2026-02-27T19:00:23.969+0000] {taskinstance.py:430} INFO - ::endgroup::
[2026-02-27T19:00:24.063+0000] {base.py:84} INFO - Using connection ID 'postgres_dwh' for task execution.
[2026-02-27T19:00:24.073+0000] {sql.py:495} INFO - Running statement: SELECT table_schema, table_name FROM information_schema.tables WHERE table_schema = 'staging';, parameters: None
[2026-02-27T19:00:24.080+0000] {sql.py:504} INFO - Rows affected: 9
[2026-02-27T19:00:24.083+0000] {logging_mixin.py:188} INFO - DEBUG: Доступные таблицы в схеме staging: [('staging', 'exchange_rates'), ('staging', 'cards'), ('staging', 'users'), ('staging', 'accounts'), ('staging', 'dict_tariffs'), ('staging', 'transactions'), ('staging', 'dict_mcc'), ('staging', 'dict_regions'), ('staging', 'dict_merchants')]
[2026-02-27T19:00:24.106+0000] {base.py:84} INFO - Using connection ID 'minio_conn_id' for task execution.
[2026-02-27T19:00:24.114+0000] {connection_wrapper.py:384} INFO - AWS Connection (conn_id='minio_conn_id', conn_type='aws') credentials retrieved from login and ***.
[2026-02-27T19:00:25.429+0000] {base.py:84} INFO - Using connection ID 'postgres_dwh' for task execution.
[2026-02-27T19:00:25.452+0000] {logging_mixin.py:188} INFO - Successfully loaded dict_regions using copy_expert
[2026-02-27T19:00:25.456+0000] {python.py:237} INFO - Done. Returned value was: None
[2026-02-27T19:00:25.458+0000] {taskinstance.py:441} INFO - ::group::Post task execution logs
[2026-02-27T19:00:25.504+0000] {taskinstance.py:1206} INFO - Marking task as SUCCESS. dag_id=oltp_s3_dwh, task_id=upload_s3_to_dwh_dict_regions, run_id=scheduled__2025-04-01T00:00:00+00:00, execution_date=20250401T000000, start_date=20260227T190023, end_date=20260227T190025
[2026-02-27T19:00:25.573+0000] {local_task_job_runner.py:243} INFO - Task exited with return code 0
[2026-02-27T19:00:25.656+0000] {taskinstance.py:3503} INFO - 0 downstream tasks scheduled from follow-on schedule check
[2026-02-27T19:00:25.665+0000] {local_task_job_runner.py:222} INFO - ::endgroup::
