[2026-02-28T11:47:28.973+0000] {local_task_job_runner.py:120} INFO - ::group::Pre task execution logs
[2026-02-28T11:47:29.019+0000] {taskinstance.py:2076} INFO - Dependencies all met for dep_context=non-requeueable deps ti=<TaskInstance: oltp_s3_dwh.upload_s3_to_dwh_users scheduled__2025-01-01T00:00:00+00:00 [queued]>
[2026-02-28T11:47:29.052+0000] {taskinstance.py:2076} INFO - Dependencies all met for dep_context=requeueable deps ti=<TaskInstance: oltp_s3_dwh.upload_s3_to_dwh_users scheduled__2025-01-01T00:00:00+00:00 [queued]>
[2026-02-28T11:47:29.052+0000] {taskinstance.py:2306} INFO - Starting attempt 5 of 5
[2026-02-28T11:47:29.086+0000] {taskinstance.py:2330} INFO - Executing <Task(PythonOperator): upload_s3_to_dwh_users> on 2025-01-01 00:00:00+00:00
[2026-02-28T11:47:29.110+0000] {logging_mixin.py:188} WARNING - /home/***/.local/lib/python3.12/site-packages/***/task/task_runner/standard_task_runner.py:62 DeprecationWarning: This process (pid=9463) is multi-threaded, use of fork() may lead to deadlocks in the child.
[2026-02-28T11:47:29.129+0000] {standard_task_runner.py:64} INFO - Started process 9474 to run task
[2026-02-28T11:47:29.142+0000] {standard_task_runner.py:90} INFO - Running: ['***', 'tasks', 'run', 'oltp_s3_dwh', 'upload_s3_to_dwh_users', 'scheduled__2025-01-01T00:00:00+00:00', '--job-id', '2081', '--raw', '--subdir', 'DAGS_FOLDER/oltp_s3_dwh.py', '--cfg-path', '/tmp/tmpe680q7lu']
[2026-02-28T11:47:29.158+0000] {standard_task_runner.py:91} INFO - Job 2081: Subtask upload_s3_to_dwh_users
[2026-02-28T11:47:29.355+0000] {task_command.py:426} INFO - Running <TaskInstance: oltp_s3_dwh.upload_s3_to_dwh_users scheduled__2025-01-01T00:00:00+00:00 [running]> on host 31b45edbecf3
[2026-02-28T11:47:29.743+0000] {taskinstance.py:2648} INFO - Exporting env vars: AIRFLOW_CTX_DAG_OWNER='***' AIRFLOW_CTX_DAG_ID='oltp_s3_dwh' AIRFLOW_CTX_TASK_ID='upload_s3_to_dwh_users' AIRFLOW_CTX_EXECUTION_DATE='2025-01-01T00:00:00+00:00' AIRFLOW_CTX_TRY_NUMBER='5' AIRFLOW_CTX_DAG_RUN_ID='scheduled__2025-01-01T00:00:00+00:00'
[2026-02-28T11:47:29.747+0000] {taskinstance.py:430} INFO - ::endgroup::
[2026-02-28T11:47:29.875+0000] {base.py:84} INFO - Using connection ID 'postgres_dwh' for task execution.
[2026-02-28T11:47:29.884+0000] {sql.py:495} INFO - Running statement: SELECT table_schema, table_name FROM information_schema.tables WHERE table_schema = 'staging';, parameters: None
[2026-02-28T11:47:29.893+0000] {sql.py:504} INFO - Rows affected: 9
[2026-02-28T11:47:29.896+0000] {logging_mixin.py:188} INFO - DEBUG: Доступные таблицы в схеме staging: [('staging', 'exchange_rates'), ('staging', 'cards'), ('staging', 'users'), ('staging', 'accounts'), ('staging', 'dict_merchants'), ('staging', 'dict_mcc'), ('staging', 'dict_tariffs'), ('staging', 'dict_regions'), ('staging', 'transactions')]
[2026-02-28T11:47:29.920+0000] {base.py:84} INFO - Using connection ID 'minio_conn_id' for task execution.
[2026-02-28T11:47:29.922+0000] {connection_wrapper.py:384} INFO - AWS Connection (conn_id='minio_conn_id', conn_type='aws') credentials retrieved from login and ***.
[2026-02-28T11:47:32.180+0000] {logging_mixin.py:188} INFO - За 2025-01-01 из s3 выгружено 750 строк
[2026-02-28T11:47:32.223+0000] {base.py:84} INFO - Using connection ID 'postgres_dwh' for task execution.
[2026-02-28T11:47:32.240+0000] {logging_mixin.py:188} INFO - Successfully loaded users using copy_expert
[2026-02-28T11:47:32.246+0000] {python.py:237} INFO - Done. Returned value was: None
[2026-02-28T11:47:32.256+0000] {taskinstance.py:441} INFO - ::group::Post task execution logs
[2026-02-28T11:47:32.281+0000] {taskinstance.py:1206} INFO - Marking task as SUCCESS. dag_id=oltp_s3_dwh, task_id=upload_s3_to_dwh_users, run_id=scheduled__2025-01-01T00:00:00+00:00, execution_date=20250101T000000, start_date=20260228T114729, end_date=20260228T114732
[2026-02-28T11:47:32.325+0000] {local_task_job_runner.py:243} INFO - Task exited with return code 0
[2026-02-28T11:47:32.375+0000] {taskinstance.py:3503} INFO - 0 downstream tasks scheduled from follow-on schedule check
[2026-02-28T11:47:32.379+0000] {local_task_job_runner.py:222} INFO - ::endgroup::
