[2026-02-28T11:50:48.918+0000] {local_task_job_runner.py:120} INFO - ::group::Pre task execution logs
[2026-02-28T11:50:48.953+0000] {taskinstance.py:2076} INFO - Dependencies all met for dep_context=non-requeueable deps ti=<TaskInstance: staging_to_core.wait_for_users scheduled__2025-02-01T00:00:00+00:00 [queued]>
[2026-02-28T11:50:48.964+0000] {taskinstance.py:2076} INFO - Dependencies all met for dep_context=requeueable deps ti=<TaskInstance: staging_to_core.wait_for_users scheduled__2025-02-01T00:00:00+00:00 [queued]>
[2026-02-28T11:50:48.965+0000] {taskinstance.py:2306} INFO - Starting attempt 2 of 2
[2026-02-28T11:50:48.982+0000] {taskinstance.py:2330} INFO - Executing <Task(ExternalTaskSensor): wait_for_users> on 2025-02-01 00:00:00+00:00
[2026-02-28T11:50:48.990+0000] {logging_mixin.py:188} WARNING - /home/***/.local/lib/python3.12/site-packages/***/task/task_runner/standard_task_runner.py:62 DeprecationWarning: This process (pid=9834) is multi-threaded, use of fork() may lead to deadlocks in the child.
[2026-02-28T11:50:48.992+0000] {standard_task_runner.py:64} INFO - Started process 9835 to run task
[2026-02-28T11:50:48.991+0000] {standard_task_runner.py:90} INFO - Running: ['***', 'tasks', 'run', 'staging_to_core', 'wait_for_users', 'scheduled__2025-02-01T00:00:00+00:00', '--job-id', '2112', '--raw', '--subdir', 'DAGS_FOLDER/staging_to_core.py', '--cfg-path', '/tmp/tmpg1qx5yxb']
[2026-02-28T11:50:48.993+0000] {standard_task_runner.py:91} INFO - Job 2112: Subtask wait_for_users
[2026-02-28T11:50:49.044+0000] {task_command.py:426} INFO - Running <TaskInstance: staging_to_core.wait_for_users scheduled__2025-02-01T00:00:00+00:00 [running]> on host 31b45edbecf3
[2026-02-28T11:50:49.134+0000] {taskinstance.py:2648} INFO - Exporting env vars: AIRFLOW_CTX_DAG_OWNER='***' AIRFLOW_CTX_DAG_ID='staging_to_core' AIRFLOW_CTX_TASK_ID='wait_for_users' AIRFLOW_CTX_EXECUTION_DATE='2025-02-01T00:00:00+00:00' AIRFLOW_CTX_TRY_NUMBER='2' AIRFLOW_CTX_DAG_RUN_ID='scheduled__2025-02-01T00:00:00+00:00'
[2026-02-28T11:50:49.135+0000] {taskinstance.py:430} INFO - ::endgroup::
[2026-02-28T11:50:49.150+0000] {baseoperator.py:400} WARNING - ExternalTaskSensor.execute cannot be called outside TaskInstance!
[2026-02-28T11:50:49.159+0000] {external_task.py:258} INFO - Poking for tasks ['upload_s3_to_dwh_users'] in dag oltp_s3_dwh on 2025-02-01T00:00:00+00:00 ... 
[2026-02-28T11:50:49.161+0000] {logging_mixin.py:188} WARNING - /home/***/.local/lib/python3.12/site-packages/***/utils/session.py:79 DeprecationWarning: This method is deprecated and will be removed in future.
[2026-02-28T11:50:49.172+0000] {base.py:294} INFO - Success criteria met. Exiting.
[2026-02-28T11:50:49.173+0000] {taskinstance.py:441} INFO - ::group::Post task execution logs
[2026-02-28T11:50:49.183+0000] {taskinstance.py:1206} INFO - Marking task as SUCCESS. dag_id=staging_to_core, task_id=wait_for_users, run_id=scheduled__2025-02-01T00:00:00+00:00, execution_date=20250201T000000, start_date=20260228T115048, end_date=20260228T115049
[2026-02-28T11:50:49.206+0000] {local_task_job_runner.py:243} INFO - Task exited with return code 0
[2026-02-28T11:50:49.218+0000] {logging_mixin.py:188} WARNING - /home/***/.local/lib/python3.12/site-packages/***/models/baseoperator.py:1297 AirflowProviderDeprecationWarning: Call to deprecated class PostgresOperator. (Please use `***.providers.common.sql.operators.sql.SQLExecuteQueryOperator`.Also, you can provide `hook_params={'schema': <database>}`.)
[2026-02-28T11:50:49.257+0000] {taskinstance.py:3503} INFO - 1 downstream tasks scheduled from follow-on schedule check
[2026-02-28T11:50:49.261+0000] {local_task_job_runner.py:222} INFO - ::endgroup::
