[2026-02-27T10:33:28.637+0000] {local_task_job_runner.py:120} INFO - ::group::Pre task execution logs
[2026-02-27T10:33:28.679+0000] {taskinstance.py:2076} INFO - Dependencies all met for dep_context=non-requeueable deps ti=<TaskInstance: staging_to_core.wait_for_transactions scheduled__2026-01-01T00:00:00+00:00 [queued]>
[2026-02-27T10:33:28.690+0000] {taskinstance.py:2076} INFO - Dependencies all met for dep_context=requeueable deps ti=<TaskInstance: staging_to_core.wait_for_transactions scheduled__2026-01-01T00:00:00+00:00 [queued]>
[2026-02-27T10:33:28.691+0000] {taskinstance.py:2306} INFO - Starting attempt 1 of 1
[2026-02-27T10:33:28.708+0000] {taskinstance.py:2330} INFO - Executing <Task(ExternalTaskSensor): wait_for_transactions> on 2026-01-01 00:00:00+00:00
[2026-02-27T10:33:28.716+0000] {logging_mixin.py:188} WARNING - /home/***/.local/lib/python3.12/site-packages/***/task/task_runner/standard_task_runner.py:62 DeprecationWarning: This process (pid=9697) is multi-threaded, use of fork() may lead to deadlocks in the child.
[2026-02-27T10:33:28.718+0000] {standard_task_runner.py:64} INFO - Started process 9698 to run task
[2026-02-27T10:33:28.717+0000] {standard_task_runner.py:90} INFO - Running: ['***', 'tasks', 'run', 'staging_to_core', 'wait_for_transactions', 'scheduled__2026-01-01T00:00:00+00:00', '--job-id', '1499', '--raw', '--subdir', 'DAGS_FOLDER/staging_to_core.py', '--cfg-path', '/tmp/tmpixydd589']
[2026-02-27T10:33:28.720+0000] {standard_task_runner.py:91} INFO - Job 1499: Subtask wait_for_transactions
[2026-02-27T10:33:28.780+0000] {task_command.py:426} INFO - Running <TaskInstance: staging_to_core.wait_for_transactions scheduled__2026-01-01T00:00:00+00:00 [running]> on host 31b45edbecf3
[2026-02-27T10:33:28.881+0000] {taskinstance.py:2648} INFO - Exporting env vars: AIRFLOW_CTX_DAG_OWNER='***' AIRFLOW_CTX_DAG_ID='staging_to_core' AIRFLOW_CTX_TASK_ID='wait_for_transactions' AIRFLOW_CTX_EXECUTION_DATE='2026-01-01T00:00:00+00:00' AIRFLOW_CTX_TRY_NUMBER='1' AIRFLOW_CTX_DAG_RUN_ID='scheduled__2026-01-01T00:00:00+00:00'
[2026-02-27T10:33:28.883+0000] {taskinstance.py:430} INFO - ::endgroup::
[2026-02-27T10:33:28.900+0000] {baseoperator.py:400} WARNING - ExternalTaskSensor.execute cannot be called outside TaskInstance!
[2026-02-27T10:33:28.911+0000] {external_task.py:258} INFO - Poking for tasks ['upload_s3_to_dwh_transactions'] in dag oltp_s3_dwh on 2026-01-01T00:00:00+00:00 ... 
[2026-02-27T10:33:28.914+0000] {logging_mixin.py:188} WARNING - /home/***/.local/lib/python3.12/site-packages/***/utils/session.py:79 DeprecationWarning: This method is deprecated and will be removed in future.
[2026-02-27T10:33:28.927+0000] {base.py:294} INFO - Success criteria met. Exiting.
[2026-02-27T10:33:28.928+0000] {taskinstance.py:441} INFO - ::group::Post task execution logs
[2026-02-27T10:33:28.940+0000] {taskinstance.py:1206} INFO - Marking task as SUCCESS. dag_id=staging_to_core, task_id=wait_for_transactions, run_id=scheduled__2026-01-01T00:00:00+00:00, execution_date=20260101T000000, start_date=20260227T103328, end_date=20260227T103328
[2026-02-27T10:33:28.975+0000] {local_task_job_runner.py:243} INFO - Task exited with return code 0
[2026-02-27T10:33:28.989+0000] {logging_mixin.py:188} WARNING - /home/***/.local/lib/python3.12/site-packages/***/models/baseoperator.py:1297 AirflowProviderDeprecationWarning: Call to deprecated class PostgresOperator. (Please use `***.providers.common.sql.operators.sql.SQLExecuteQueryOperator`.Also, you can provide `hook_params={'schema': <database>}`.)
[2026-02-27T10:33:29.016+0000] {taskinstance.py:3503} INFO - 1 downstream tasks scheduled from follow-on schedule check
[2026-02-27T10:33:29.019+0000] {local_task_job_runner.py:222} INFO - ::endgroup::
[2026-02-27T19:05:25.005+0000] {local_task_job_runner.py:120} INFO - ::group::Pre task execution logs
[2026-02-27T19:05:25.042+0000] {taskinstance.py:2076} INFO - Dependencies all met for dep_context=non-requeueable deps ti=<TaskInstance: staging_to_core.wait_for_transactions scheduled__2026-01-01T00:00:00+00:00 [queued]>
[2026-02-27T19:05:25.052+0000] {taskinstance.py:2076} INFO - Dependencies all met for dep_context=requeueable deps ti=<TaskInstance: staging_to_core.wait_for_transactions scheduled__2026-01-01T00:00:00+00:00 [queued]>
[2026-02-27T19:05:25.053+0000] {taskinstance.py:2306} INFO - Starting attempt 1 of 1
[2026-02-27T19:05:25.066+0000] {taskinstance.py:2330} INFO - Executing <Task(ExternalTaskSensor): wait_for_transactions> on 2026-01-01 00:00:00+00:00
[2026-02-27T19:05:25.074+0000] {logging_mixin.py:188} WARNING - /home/***/.local/lib/python3.12/site-packages/***/task/task_runner/standard_task_runner.py:62 DeprecationWarning: This process (pid=33760) is multi-threaded, use of fork() may lead to deadlocks in the child.
[2026-02-27T19:05:25.075+0000] {standard_task_runner.py:64} INFO - Started process 33761 to run task
[2026-02-27T19:05:25.074+0000] {standard_task_runner.py:90} INFO - Running: ['***', 'tasks', 'run', 'staging_to_core', 'wait_for_transactions', 'scheduled__2026-01-01T00:00:00+00:00', '--job-id', '1931', '--raw', '--subdir', 'DAGS_FOLDER/staging_to_core.py', '--cfg-path', '/tmp/tmp2rlcea4d']
[2026-02-27T19:05:25.077+0000] {standard_task_runner.py:91} INFO - Job 1931: Subtask wait_for_transactions
[2026-02-27T19:05:25.130+0000] {task_command.py:426} INFO - Running <TaskInstance: staging_to_core.wait_for_transactions scheduled__2026-01-01T00:00:00+00:00 [running]> on host 31b45edbecf3
[2026-02-27T19:05:25.231+0000] {taskinstance.py:2648} INFO - Exporting env vars: AIRFLOW_CTX_DAG_OWNER='***' AIRFLOW_CTX_DAG_ID='staging_to_core' AIRFLOW_CTX_TASK_ID='wait_for_transactions' AIRFLOW_CTX_EXECUTION_DATE='2026-01-01T00:00:00+00:00' AIRFLOW_CTX_TRY_NUMBER='1' AIRFLOW_CTX_DAG_RUN_ID='scheduled__2026-01-01T00:00:00+00:00'
[2026-02-27T19:05:25.233+0000] {taskinstance.py:430} INFO - ::endgroup::
[2026-02-27T19:05:25.248+0000] {baseoperator.py:400} WARNING - ExternalTaskSensor.execute cannot be called outside TaskInstance!
[2026-02-27T19:05:25.258+0000] {external_task.py:258} INFO - Poking for tasks ['upload_s3_to_dwh_transactions'] in dag oltp_s3_dwh on 2026-01-01T00:00:00+00:00 ... 
[2026-02-27T19:05:25.260+0000] {logging_mixin.py:188} WARNING - /home/***/.local/lib/python3.12/site-packages/***/utils/session.py:79 DeprecationWarning: This method is deprecated and will be removed in future.
[2026-02-27T19:05:25.271+0000] {base.py:294} INFO - Success criteria met. Exiting.
[2026-02-27T19:05:25.272+0000] {taskinstance.py:441} INFO - ::group::Post task execution logs
[2026-02-27T19:05:25.282+0000] {taskinstance.py:1206} INFO - Marking task as SUCCESS. dag_id=staging_to_core, task_id=wait_for_transactions, run_id=scheduled__2026-01-01T00:00:00+00:00, execution_date=20260101T000000, start_date=20260227T190525, end_date=20260227T190525
[2026-02-27T19:05:25.333+0000] {local_task_job_runner.py:243} INFO - Task exited with return code 0
[2026-02-27T19:05:25.346+0000] {logging_mixin.py:188} WARNING - /home/***/.local/lib/python3.12/site-packages/***/models/baseoperator.py:1297 AirflowProviderDeprecationWarning: Call to deprecated class PostgresOperator. (Please use `***.providers.common.sql.operators.sql.SQLExecuteQueryOperator`.Also, you can provide `hook_params={'schema': <database>}`.)
[2026-02-27T19:05:25.369+0000] {taskinstance.py:3503} INFO - 1 downstream tasks scheduled from follow-on schedule check
[2026-02-27T19:05:25.373+0000] {local_task_job_runner.py:222} INFO - ::endgroup::
