[2026-02-26T12:07:31.562+0000] {local_task_job_runner.py:120} INFO - ::group::Pre task execution logs
[2026-02-26T12:07:31.659+0000] {taskinstance.py:2076} INFO - Dependencies all met for dep_context=non-requeueable deps ti=<TaskInstance: oltp_s3_dwh.upload_postgre_to_s3_dict_tariffs scheduled__2026-01-01T00:00:00+00:00 [queued]>
[2026-02-26T12:07:31.721+0000] {taskinstance.py:2076} INFO - Dependencies all met for dep_context=requeueable deps ti=<TaskInstance: oltp_s3_dwh.upload_postgre_to_s3_dict_tariffs scheduled__2026-01-01T00:00:00+00:00 [queued]>
[2026-02-26T12:07:31.726+0000] {taskinstance.py:2306} INFO - Starting attempt 1 of 1
[2026-02-26T12:07:31.968+0000] {taskinstance.py:2330} INFO - Executing <Task(PythonOperator): upload_postgre_to_s3_dict_tariffs> on 2026-01-01 00:00:00+00:00
[2026-02-26T12:07:32.121+0000] {logging_mixin.py:188} WARNING - /home/***/.local/lib/python3.12/site-packages/***/task/task_runner/standard_task_runner.py:62 DeprecationWarning: This process (pid=4883) is multi-threaded, use of fork() may lead to deadlocks in the child.
[2026-02-26T12:07:32.147+0000] {standard_task_runner.py:64} INFO - Started process 4918 to run task
[2026-02-26T12:07:32.167+0000] {standard_task_runner.py:90} INFO - Running: ['***', 'tasks', 'run', 'oltp_s3_dwh', 'upload_postgre_to_s3_dict_tariffs', 'scheduled__2026-01-01T00:00:00+00:00', '--job-id', '1083', '--raw', '--subdir', 'DAGS_FOLDER/oltp_s3_dwh_dict.py', '--cfg-path', '/tmp/tmpi7u0wg9v']
[2026-02-26T12:07:32.177+0000] {standard_task_runner.py:91} INFO - Job 1083: Subtask upload_postgre_to_s3_dict_tariffs
[2026-02-26T12:07:32.372+0000] {task_command.py:426} INFO - Running <TaskInstance: oltp_s3_dwh.upload_postgre_to_s3_dict_tariffs scheduled__2026-01-01T00:00:00+00:00 [running]> on host 31b45edbecf3
[2026-02-26T12:07:32.579+0000] {taskinstance.py:2648} INFO - Exporting env vars: AIRFLOW_CTX_DAG_OWNER='***' AIRFLOW_CTX_DAG_ID='oltp_s3_dwh' AIRFLOW_CTX_TASK_ID='upload_postgre_to_s3_dict_tariffs' AIRFLOW_CTX_EXECUTION_DATE='2026-01-01T00:00:00+00:00' AIRFLOW_CTX_TRY_NUMBER='1' AIRFLOW_CTX_DAG_RUN_ID='scheduled__2026-01-01T00:00:00+00:00'
[2026-02-26T12:07:32.583+0000] {taskinstance.py:430} INFO - ::endgroup::
[2026-02-26T12:07:32.730+0000] {base.py:84} INFO - Using connection ID 'postgres_oltp' for task execution.
[2026-02-26T12:07:32.751+0000] {logging_mixin.py:188} WARNING - /home/***/.local/lib/python3.12/site-packages/***/providers/common/sql/hooks/sql.py:269 UserWarning: pandas only supports SQLAlchemy connectable (engine/connection) or database string URI or sqlite3 DBAPI2 connection. Other DBAPI2 objects are not tested. Please consider using SQLAlchemy.
[2026-02-26T12:07:32.900+0000] {base.py:84} INFO - Using connection ID 'minio_conn_id' for task execution.
[2026-02-26T12:07:32.909+0000] {connection_wrapper.py:384} INFO - AWS Connection (conn_id='minio_conn_id', conn_type='aws') credentials retrieved from login and ***.
[2026-02-26T12:07:34.760+0000] {python.py:237} INFO - Done. Returned value was: None
[2026-02-26T12:07:34.761+0000] {taskinstance.py:441} INFO - ::group::Post task execution logs
[2026-02-26T12:07:34.780+0000] {taskinstance.py:1206} INFO - Marking task as SUCCESS. dag_id=oltp_s3_dwh, task_id=upload_postgre_to_s3_dict_tariffs, run_id=scheduled__2026-01-01T00:00:00+00:00, execution_date=20260101T000000, start_date=20260226T120731, end_date=20260226T120734
[2026-02-26T12:07:34.824+0000] {local_task_job_runner.py:243} INFO - Task exited with return code 0
[2026-02-26T12:07:34.842+0000] {local_task_job_runner.py:222} INFO - ::endgroup::
[2026-02-27T19:02:04.404+0000] {local_task_job_runner.py:120} INFO - ::group::Pre task execution logs
[2026-02-27T19:02:04.441+0000] {taskinstance.py:2076} INFO - Dependencies all met for dep_context=non-requeueable deps ti=<TaskInstance: oltp_s3_dwh.upload_postgre_to_s3_dict_tariffs scheduled__2026-01-01T00:00:00+00:00 [queued]>
[2026-02-27T19:02:04.469+0000] {taskinstance.py:2076} INFO - Dependencies all met for dep_context=requeueable deps ti=<TaskInstance: oltp_s3_dwh.upload_postgre_to_s3_dict_tariffs scheduled__2026-01-01T00:00:00+00:00 [queued]>
[2026-02-27T19:02:04.470+0000] {taskinstance.py:2306} INFO - Starting attempt 1 of 1
[2026-02-27T19:02:04.512+0000] {taskinstance.py:2330} INFO - Executing <Task(PythonOperator): upload_postgre_to_s3_dict_tariffs> on 2026-01-01 00:00:00+00:00
[2026-02-27T19:02:04.530+0000] {logging_mixin.py:188} WARNING - /home/***/.local/lib/python3.12/site-packages/***/task/task_runner/standard_task_runner.py:62 DeprecationWarning: This process (pid=33146) is multi-threaded, use of fork() may lead to deadlocks in the child.
[2026-02-27T19:02:04.531+0000] {standard_task_runner.py:90} INFO - Running: ['***', 'tasks', 'run', 'oltp_s3_dwh', 'upload_postgre_to_s3_dict_tariffs', 'scheduled__2026-01-01T00:00:00+00:00', '--job-id', '1758', '--raw', '--subdir', 'DAGS_FOLDER/oltp_s3_dwh.py', '--cfg-path', '/tmp/tmpmuid7wig']
[2026-02-27T19:02:04.537+0000] {standard_task_runner.py:91} INFO - Job 1758: Subtask upload_postgre_to_s3_dict_tariffs
[2026-02-27T19:02:04.534+0000] {standard_task_runner.py:64} INFO - Started process 33159 to run task
[2026-02-27T19:02:04.660+0000] {task_command.py:426} INFO - Running <TaskInstance: oltp_s3_dwh.upload_postgre_to_s3_dict_tariffs scheduled__2026-01-01T00:00:00+00:00 [running]> on host 31b45edbecf3
[2026-02-27T19:02:05.028+0000] {taskinstance.py:2648} INFO - Exporting env vars: AIRFLOW_CTX_DAG_OWNER='***' AIRFLOW_CTX_DAG_ID='oltp_s3_dwh' AIRFLOW_CTX_TASK_ID='upload_postgre_to_s3_dict_tariffs' AIRFLOW_CTX_EXECUTION_DATE='2026-01-01T00:00:00+00:00' AIRFLOW_CTX_TRY_NUMBER='1' AIRFLOW_CTX_DAG_RUN_ID='scheduled__2026-01-01T00:00:00+00:00'
[2026-02-27T19:02:05.033+0000] {taskinstance.py:430} INFO - ::endgroup::
[2026-02-27T19:02:05.096+0000] {base.py:84} INFO - Using connection ID 'postgres_oltp' for task execution.
[2026-02-27T19:02:05.121+0000] {logging_mixin.py:188} WARNING - /home/***/.local/lib/python3.12/site-packages/***/providers/common/sql/hooks/sql.py:269 UserWarning: pandas only supports SQLAlchemy connectable (engine/connection) or database string URI or sqlite3 DBAPI2 connection. Other DBAPI2 objects are not tested. Please consider using SQLAlchemy.
[2026-02-27T19:02:05.202+0000] {base.py:84} INFO - Using connection ID 'minio_conn_id' for task execution.
[2026-02-27T19:02:05.205+0000] {connection_wrapper.py:384} INFO - AWS Connection (conn_id='minio_conn_id', conn_type='aws') credentials retrieved from login and ***.
[2026-02-27T19:02:06.400+0000] {python.py:237} INFO - Done. Returned value was: None
[2026-02-27T19:02:06.401+0000] {taskinstance.py:441} INFO - ::group::Post task execution logs
[2026-02-27T19:02:06.411+0000] {taskinstance.py:1206} INFO - Marking task as SUCCESS. dag_id=oltp_s3_dwh, task_id=upload_postgre_to_s3_dict_tariffs, run_id=scheduled__2026-01-01T00:00:00+00:00, execution_date=20260101T000000, start_date=20260227T190204, end_date=20260227T190206
[2026-02-27T19:02:06.489+0000] {local_task_job_runner.py:243} INFO - Task exited with return code 0
[2026-02-27T19:02:06.588+0000] {taskinstance.py:3503} INFO - 1 downstream tasks scheduled from follow-on schedule check
[2026-02-27T19:02:06.594+0000] {local_task_job_runner.py:222} INFO - ::endgroup::
