[2026-02-26T12:07:08.603+0000] {local_task_job_runner.py:120} INFO - ::group::Pre task execution logs
[2026-02-26T12:07:08.670+0000] {taskinstance.py:2076} INFO - Dependencies all met for dep_context=non-requeueable deps ti=<TaskInstance: oltp_s3_dwh.upload_postgre_to_s3_accounts scheduled__2025-07-01T00:00:00+00:00 [queued]>
[2026-02-26T12:07:08.733+0000] {taskinstance.py:2076} INFO - Dependencies all met for dep_context=requeueable deps ti=<TaskInstance: oltp_s3_dwh.upload_postgre_to_s3_accounts scheduled__2025-07-01T00:00:00+00:00 [queued]>
[2026-02-26T12:07:08.744+0000] {taskinstance.py:2306} INFO - Starting attempt 1 of 1
[2026-02-26T12:07:08.829+0000] {taskinstance.py:2330} INFO - Executing <Task(PythonOperator): upload_postgre_to_s3_accounts> on 2025-07-01 00:00:00+00:00
[2026-02-26T12:07:08.875+0000] {logging_mixin.py:188} WARNING - /home/***/.local/lib/python3.12/site-packages/***/task/task_runner/standard_task_runner.py:62 DeprecationWarning: This process (pid=4608) is multi-threaded, use of fork() may lead to deadlocks in the child.
[2026-02-26T12:07:08.898+0000] {standard_task_runner.py:64} INFO - Started process 4653 to run task
[2026-02-26T12:07:08.895+0000] {standard_task_runner.py:90} INFO - Running: ['***', 'tasks', 'run', 'oltp_s3_dwh', 'upload_postgre_to_s3_accounts', 'scheduled__2025-07-01T00:00:00+00:00', '--job-id', '1037', '--raw', '--subdir', 'DAGS_FOLDER/oltp_s3_dwh_dict.py', '--cfg-path', '/tmp/tmp0az8tb78']
[2026-02-26T12:07:08.913+0000] {standard_task_runner.py:91} INFO - Job 1037: Subtask upload_postgre_to_s3_accounts
[2026-02-26T12:07:09.186+0000] {task_command.py:426} INFO - Running <TaskInstance: oltp_s3_dwh.upload_postgre_to_s3_accounts scheduled__2025-07-01T00:00:00+00:00 [running]> on host 31b45edbecf3
[2026-02-26T12:07:09.672+0000] {taskinstance.py:2648} INFO - Exporting env vars: AIRFLOW_CTX_DAG_OWNER='***' AIRFLOW_CTX_DAG_ID='oltp_s3_dwh' AIRFLOW_CTX_TASK_ID='upload_postgre_to_s3_accounts' AIRFLOW_CTX_EXECUTION_DATE='2025-07-01T00:00:00+00:00' AIRFLOW_CTX_TRY_NUMBER='1' AIRFLOW_CTX_DAG_RUN_ID='scheduled__2025-07-01T00:00:00+00:00'
[2026-02-26T12:07:09.674+0000] {taskinstance.py:430} INFO - ::endgroup::
[2026-02-26T12:07:09.846+0000] {base.py:84} INFO - Using connection ID 'postgres_oltp' for task execution.
[2026-02-26T12:07:09.882+0000] {logging_mixin.py:188} WARNING - /home/***/.local/lib/python3.12/site-packages/***/providers/common/sql/hooks/sql.py:269 UserWarning: pandas only supports SQLAlchemy connectable (engine/connection) or database string URI or sqlite3 DBAPI2 connection. Other DBAPI2 objects are not tested. Please consider using SQLAlchemy.
[2026-02-26T12:07:09.910+0000] {logging_mixin.py:188} INFO - В таблице accounts нет данных
[2026-02-26T12:07:09.935+0000] {python.py:237} INFO - Done. Returned value was: None
[2026-02-26T12:07:09.943+0000] {taskinstance.py:441} INFO - ::group::Post task execution logs
[2026-02-26T12:07:10.000+0000] {taskinstance.py:1206} INFO - Marking task as SUCCESS. dag_id=oltp_s3_dwh, task_id=upload_postgre_to_s3_accounts, run_id=scheduled__2025-07-01T00:00:00+00:00, execution_date=20250701T000000, start_date=20260226T120708, end_date=20260226T120710
[2026-02-26T12:07:10.105+0000] {local_task_job_runner.py:243} INFO - Task exited with return code 0
[2026-02-26T12:07:10.155+0000] {taskinstance.py:3503} INFO - 0 downstream tasks scheduled from follow-on schedule check
[2026-02-26T12:07:10.160+0000] {local_task_job_runner.py:222} INFO - ::endgroup::
[2026-02-27T19:00:55.583+0000] {local_task_job_runner.py:120} INFO - ::group::Pre task execution logs
[2026-02-27T19:00:55.615+0000] {taskinstance.py:2076} INFO - Dependencies all met for dep_context=non-requeueable deps ti=<TaskInstance: oltp_s3_dwh.upload_postgre_to_s3_accounts scheduled__2025-07-01T00:00:00+00:00 [queued]>
[2026-02-27T19:00:55.634+0000] {taskinstance.py:2076} INFO - Dependencies all met for dep_context=requeueable deps ti=<TaskInstance: oltp_s3_dwh.upload_postgre_to_s3_accounts scheduled__2025-07-01T00:00:00+00:00 [queued]>
[2026-02-27T19:00:55.639+0000] {taskinstance.py:2306} INFO - Starting attempt 1 of 1
[2026-02-27T19:00:55.706+0000] {taskinstance.py:2330} INFO - Executing <Task(PythonOperator): upload_postgre_to_s3_accounts> on 2025-07-01 00:00:00+00:00
[2026-02-27T19:00:55.746+0000] {logging_mixin.py:188} WARNING - /home/***/.local/lib/python3.12/site-packages/***/task/task_runner/standard_task_runner.py:62 DeprecationWarning: This process (pid=32512) is multi-threaded, use of fork() may lead to deadlocks in the child.
[2026-02-27T19:00:55.765+0000] {standard_task_runner.py:64} INFO - Started process 32535 to run task
[2026-02-27T19:00:55.750+0000] {standard_task_runner.py:90} INFO - Running: ['***', 'tasks', 'run', 'oltp_s3_dwh', 'upload_postgre_to_s3_accounts', 'scheduled__2025-07-01T00:00:00+00:00', '--job-id', '1635', '--raw', '--subdir', 'DAGS_FOLDER/oltp_s3_dwh.py', '--cfg-path', '/tmp/tmptge_s23d']
[2026-02-27T19:00:55.787+0000] {standard_task_runner.py:91} INFO - Job 1635: Subtask upload_postgre_to_s3_accounts
[2026-02-27T19:00:55.992+0000] {task_command.py:426} INFO - Running <TaskInstance: oltp_s3_dwh.upload_postgre_to_s3_accounts scheduled__2025-07-01T00:00:00+00:00 [running]> on host 31b45edbecf3
[2026-02-27T19:00:56.339+0000] {taskinstance.py:2648} INFO - Exporting env vars: AIRFLOW_CTX_DAG_OWNER='***' AIRFLOW_CTX_DAG_ID='oltp_s3_dwh' AIRFLOW_CTX_TASK_ID='upload_postgre_to_s3_accounts' AIRFLOW_CTX_EXECUTION_DATE='2025-07-01T00:00:00+00:00' AIRFLOW_CTX_TRY_NUMBER='1' AIRFLOW_CTX_DAG_RUN_ID='scheduled__2025-07-01T00:00:00+00:00'
[2026-02-27T19:00:56.344+0000] {taskinstance.py:430} INFO - ::endgroup::
[2026-02-27T19:00:56.406+0000] {base.py:84} INFO - Using connection ID 'postgres_oltp' for task execution.
[2026-02-27T19:00:56.433+0000] {logging_mixin.py:188} WARNING - /home/***/.local/lib/python3.12/site-packages/***/providers/common/sql/hooks/sql.py:269 UserWarning: pandas only supports SQLAlchemy connectable (engine/connection) or database string URI or sqlite3 DBAPI2 connection. Other DBAPI2 objects are not tested. Please consider using SQLAlchemy.
[2026-02-27T19:00:56.476+0000] {logging_mixin.py:188} INFO - В таблице accounts нет данных
[2026-02-27T19:00:56.477+0000] {python.py:237} INFO - Done. Returned value was: None
[2026-02-27T19:00:56.481+0000] {taskinstance.py:441} INFO - ::group::Post task execution logs
[2026-02-27T19:00:56.505+0000] {taskinstance.py:1206} INFO - Marking task as SUCCESS. dag_id=oltp_s3_dwh, task_id=upload_postgre_to_s3_accounts, run_id=scheduled__2025-07-01T00:00:00+00:00, execution_date=20250701T000000, start_date=20260227T190055, end_date=20260227T190056
[2026-02-27T19:00:56.582+0000] {local_task_job_runner.py:243} INFO - Task exited with return code 0
[2026-02-27T19:00:56.647+0000] {taskinstance.py:3503} INFO - 1 downstream tasks scheduled from follow-on schedule check
[2026-02-27T19:00:56.676+0000] {local_task_job_runner.py:222} INFO - ::endgroup::
