[2026-02-26T17:56:17.403+0000] {local_task_job_runner.py:120} INFO - ::group::Pre task execution logs
[2026-02-26T17:56:17.513+0000] {taskinstance.py:2076} INFO - Dependencies all met for dep_context=non-requeueable deps ti=<TaskInstance: oltp_s3_dwh.upload_s3_to_dwh_dict_mcc scheduled__2025-11-01T00:00:00+00:00 [queued]>
[2026-02-26T17:56:17.569+0000] {taskinstance.py:2076} INFO - Dependencies all met for dep_context=requeueable deps ti=<TaskInstance: oltp_s3_dwh.upload_s3_to_dwh_dict_mcc scheduled__2025-11-01T00:00:00+00:00 [queued]>
[2026-02-26T17:56:17.578+0000] {taskinstance.py:2306} INFO - Starting attempt 1 of 1
[2026-02-26T17:56:17.703+0000] {taskinstance.py:2330} INFO - Executing <Task(PythonOperator): upload_s3_to_dwh_dict_mcc> on 2025-11-01 00:00:00+00:00
[2026-02-26T17:56:17.738+0000] {logging_mixin.py:188} WARNING - /home/***/.local/lib/python3.12/site-packages/***/task/task_runner/standard_task_runner.py:62 DeprecationWarning: This process (pid=7201) is multi-threaded, use of fork() may lead to deadlocks in the child.
[2026-02-26T17:56:17.749+0000] {standard_task_runner.py:64} INFO - Started process 7255 to run task
[2026-02-26T17:56:17.758+0000] {standard_task_runner.py:90} INFO - Running: ['***', 'tasks', 'run', 'oltp_s3_dwh', 'upload_s3_to_dwh_dict_mcc', 'scheduled__2025-11-01T00:00:00+00:00', '--job-id', '1250', '--raw', '--subdir', 'DAGS_FOLDER/oltp_s3_dwh.py', '--cfg-path', '/tmp/tmp0i5qdxx8']
[2026-02-26T17:56:17.803+0000] {standard_task_runner.py:91} INFO - Job 1250: Subtask upload_s3_to_dwh_dict_mcc
[2026-02-26T17:56:18.098+0000] {task_command.py:426} INFO - Running <TaskInstance: oltp_s3_dwh.upload_s3_to_dwh_dict_mcc scheduled__2025-11-01T00:00:00+00:00 [running]> on host 31b45edbecf3
[2026-02-26T17:56:18.507+0000] {taskinstance.py:2648} INFO - Exporting env vars: AIRFLOW_CTX_DAG_OWNER='***' AIRFLOW_CTX_DAG_ID='oltp_s3_dwh' AIRFLOW_CTX_TASK_ID='upload_s3_to_dwh_dict_mcc' AIRFLOW_CTX_EXECUTION_DATE='2025-11-01T00:00:00+00:00' AIRFLOW_CTX_TRY_NUMBER='1' AIRFLOW_CTX_DAG_RUN_ID='scheduled__2025-11-01T00:00:00+00:00'
[2026-02-26T17:56:18.511+0000] {taskinstance.py:430} INFO - ::endgroup::
[2026-02-26T17:56:18.662+0000] {base.py:84} INFO - Using connection ID 'postgres_dwh' for task execution.
[2026-02-26T17:56:18.671+0000] {sql.py:495} INFO - Running statement: SELECT table_schema, table_name FROM information_schema.tables WHERE table_schema = 'staging';, parameters: None
[2026-02-26T17:56:18.684+0000] {sql.py:504} INFO - Rows affected: 9
[2026-02-26T17:56:18.689+0000] {logging_mixin.py:188} INFO - DEBUG: Доступные таблицы в схеме staging: [('staging', 'exchange_rates'), ('staging', 'users'), ('staging', 'accounts'), ('staging', 'transactions'), ('staging', 'dict_regions'), ('staging', 'dict_tariffs'), ('staging', 'dict_merchants'), ('staging', 'cards'), ('staging', 'dict_mcc')]
[2026-02-26T17:56:18.704+0000] {base.py:84} INFO - Using connection ID 'minio_conn_id' for task execution.
[2026-02-26T17:56:18.711+0000] {connection_wrapper.py:384} INFO - AWS Connection (conn_id='minio_conn_id', conn_type='aws') credentials retrieved from login and ***.
[2026-02-26T17:56:21.084+0000] {base.py:84} INFO - Using connection ID 'postgres_dwh' for task execution.
[2026-02-26T17:56:21.111+0000] {logging_mixin.py:188} INFO - Successfully loaded dict_mcc using copy_expert
[2026-02-26T17:56:21.113+0000] {python.py:237} INFO - Done. Returned value was: None
[2026-02-26T17:56:21.115+0000] {taskinstance.py:441} INFO - ::group::Post task execution logs
[2026-02-26T17:56:21.128+0000] {taskinstance.py:1206} INFO - Marking task as SUCCESS. dag_id=oltp_s3_dwh, task_id=upload_s3_to_dwh_dict_mcc, run_id=scheduled__2025-11-01T00:00:00+00:00, execution_date=20251101T000000, start_date=20260226T175617, end_date=20260226T175621
[2026-02-26T17:56:21.238+0000] {local_task_job_runner.py:243} INFO - Task exited with return code 0
[2026-02-26T17:56:21.288+0000] {taskinstance.py:3503} INFO - 0 downstream tasks scheduled from follow-on schedule check
[2026-02-26T17:56:21.298+0000] {local_task_job_runner.py:222} INFO - ::endgroup::
[2026-02-27T19:01:47.186+0000] {local_task_job_runner.py:120} INFO - ::group::Pre task execution logs
[2026-02-27T19:01:47.211+0000] {taskinstance.py:2076} INFO - Dependencies all met for dep_context=non-requeueable deps ti=<TaskInstance: oltp_s3_dwh.upload_s3_to_dwh_dict_mcc scheduled__2025-11-01T00:00:00+00:00 [queued]>
[2026-02-27T19:01:47.238+0000] {taskinstance.py:2076} INFO - Dependencies all met for dep_context=requeueable deps ti=<TaskInstance: oltp_s3_dwh.upload_s3_to_dwh_dict_mcc scheduled__2025-11-01T00:00:00+00:00 [queued]>
[2026-02-27T19:01:47.240+0000] {taskinstance.py:2306} INFO - Starting attempt 1 of 1
[2026-02-27T19:01:47.302+0000] {taskinstance.py:2330} INFO - Executing <Task(PythonOperator): upload_s3_to_dwh_dict_mcc> on 2025-11-01 00:00:00+00:00
[2026-02-27T19:01:47.317+0000] {logging_mixin.py:188} WARNING - /home/***/.local/lib/python3.12/site-packages/***/task/task_runner/standard_task_runner.py:62 DeprecationWarning: This process (pid=32973) is multi-threaded, use of fork() may lead to deadlocks in the child.
[2026-02-27T19:01:47.331+0000] {standard_task_runner.py:64} INFO - Started process 32997 to run task
[2026-02-27T19:01:47.331+0000] {standard_task_runner.py:90} INFO - Running: ['***', 'tasks', 'run', 'oltp_s3_dwh', 'upload_s3_to_dwh_dict_mcc', 'scheduled__2025-11-01T00:00:00+00:00', '--job-id', '1731', '--raw', '--subdir', 'DAGS_FOLDER/oltp_s3_dwh.py', '--cfg-path', '/tmp/tmpgeuiuegp']
[2026-02-27T19:01:47.335+0000] {standard_task_runner.py:91} INFO - Job 1731: Subtask upload_s3_to_dwh_dict_mcc
[2026-02-27T19:01:47.662+0000] {task_command.py:426} INFO - Running <TaskInstance: oltp_s3_dwh.upload_s3_to_dwh_dict_mcc scheduled__2025-11-01T00:00:00+00:00 [running]> on host 31b45edbecf3
[2026-02-27T19:01:47.929+0000] {taskinstance.py:2648} INFO - Exporting env vars: AIRFLOW_CTX_DAG_OWNER='***' AIRFLOW_CTX_DAG_ID='oltp_s3_dwh' AIRFLOW_CTX_TASK_ID='upload_s3_to_dwh_dict_mcc' AIRFLOW_CTX_EXECUTION_DATE='2025-11-01T00:00:00+00:00' AIRFLOW_CTX_TRY_NUMBER='1' AIRFLOW_CTX_DAG_RUN_ID='scheduled__2025-11-01T00:00:00+00:00'
[2026-02-27T19:01:47.933+0000] {taskinstance.py:430} INFO - ::endgroup::
[2026-02-27T19:01:47.976+0000] {base.py:84} INFO - Using connection ID 'postgres_dwh' for task execution.
[2026-02-27T19:01:47.995+0000] {sql.py:495} INFO - Running statement: SELECT table_schema, table_name FROM information_schema.tables WHERE table_schema = 'staging';, parameters: None
[2026-02-27T19:01:48.002+0000] {sql.py:504} INFO - Rows affected: 9
[2026-02-27T19:01:48.006+0000] {logging_mixin.py:188} INFO - DEBUG: Доступные таблицы в схеме staging: [('staging', 'exchange_rates'), ('staging', 'cards'), ('staging', 'users'), ('staging', 'accounts'), ('staging', 'dict_regions'), ('staging', 'dict_tariffs'), ('staging', 'dict_merchants'), ('staging', 'dict_mcc'), ('staging', 'transactions')]
[2026-02-27T19:01:48.019+0000] {base.py:84} INFO - Using connection ID 'minio_conn_id' for task execution.
[2026-02-27T19:01:48.023+0000] {connection_wrapper.py:384} INFO - AWS Connection (conn_id='minio_conn_id', conn_type='aws') credentials retrieved from login and ***.
[2026-02-27T19:01:48.830+0000] {base.py:84} INFO - Using connection ID 'postgres_dwh' for task execution.
[2026-02-27T19:01:48.881+0000] {logging_mixin.py:188} INFO - Successfully loaded dict_mcc using copy_expert
[2026-02-27T19:01:48.887+0000] {python.py:237} INFO - Done. Returned value was: None
[2026-02-27T19:01:48.889+0000] {taskinstance.py:441} INFO - ::group::Post task execution logs
[2026-02-27T19:01:48.908+0000] {taskinstance.py:1206} INFO - Marking task as SUCCESS. dag_id=oltp_s3_dwh, task_id=upload_s3_to_dwh_dict_mcc, run_id=scheduled__2025-11-01T00:00:00+00:00, execution_date=20251101T000000, start_date=20260227T190147, end_date=20260227T190148
[2026-02-27T19:01:48.972+0000] {local_task_job_runner.py:243} INFO - Task exited with return code 0
[2026-02-27T19:01:49.001+0000] {local_task_job_runner.py:222} INFO - ::endgroup::
