[2026-02-27T10:33:01.940+0000] {local_task_job_runner.py:120} INFO - ::group::Pre task execution logs
[2026-02-27T10:33:01.987+0000] {taskinstance.py:2076} INFO - Dependencies all met for dep_context=non-requeueable deps ti=<TaskInstance: staging_to_core.wait_for_users scheduled__2025-12-01T00:00:00+00:00 [queued]>
[2026-02-27T10:33:02.000+0000] {taskinstance.py:2076} INFO - Dependencies all met for dep_context=requeueable deps ti=<TaskInstance: staging_to_core.wait_for_users scheduled__2025-12-01T00:00:00+00:00 [queued]>
[2026-02-27T10:33:02.001+0000] {taskinstance.py:2306} INFO - Starting attempt 1 of 1
[2026-02-27T10:33:02.019+0000] {taskinstance.py:2330} INFO - Executing <Task(ExternalTaskSensor): wait_for_users> on 2025-12-01 00:00:00+00:00
[2026-02-27T10:33:02.028+0000] {logging_mixin.py:188} WARNING - /home/***/.local/lib/python3.12/site-packages/***/task/task_runner/standard_task_runner.py:62 DeprecationWarning: This process (pid=9623) is multi-threaded, use of fork() may lead to deadlocks in the child.
[2026-02-27T10:33:02.029+0000] {standard_task_runner.py:64} INFO - Started process 9624 to run task
[2026-02-27T10:33:02.030+0000] {standard_task_runner.py:90} INFO - Running: ['***', 'tasks', 'run', 'staging_to_core', 'wait_for_users', 'scheduled__2025-12-01T00:00:00+00:00', '--job-id', '1477', '--raw', '--subdir', 'DAGS_FOLDER/staging_to_core.py', '--cfg-path', '/tmp/tmpv02q0p9a']
[2026-02-27T10:33:02.032+0000] {standard_task_runner.py:91} INFO - Job 1477: Subtask wait_for_users
[2026-02-27T10:33:02.106+0000] {task_command.py:426} INFO - Running <TaskInstance: staging_to_core.wait_for_users scheduled__2025-12-01T00:00:00+00:00 [running]> on host 31b45edbecf3
[2026-02-27T10:33:02.235+0000] {taskinstance.py:2648} INFO - Exporting env vars: AIRFLOW_CTX_DAG_OWNER='***' AIRFLOW_CTX_DAG_ID='staging_to_core' AIRFLOW_CTX_TASK_ID='wait_for_users' AIRFLOW_CTX_EXECUTION_DATE='2025-12-01T00:00:00+00:00' AIRFLOW_CTX_TRY_NUMBER='1' AIRFLOW_CTX_DAG_RUN_ID='scheduled__2025-12-01T00:00:00+00:00'
[2026-02-27T10:33:02.237+0000] {taskinstance.py:430} INFO - ::endgroup::
[2026-02-27T10:33:02.262+0000] {baseoperator.py:400} WARNING - ExternalTaskSensor.execute cannot be called outside TaskInstance!
[2026-02-27T10:33:02.277+0000] {external_task.py:258} INFO - Poking for tasks ['upload_s3_to_dwh_users'] in dag oltp_s3_dwh on 2025-12-01T00:00:00+00:00 ... 
[2026-02-27T10:33:02.281+0000] {logging_mixin.py:188} WARNING - /home/***/.local/lib/python3.12/site-packages/***/utils/session.py:79 DeprecationWarning: This method is deprecated and will be removed in future.
[2026-02-27T10:33:02.294+0000] {base.py:294} INFO - Success criteria met. Exiting.
[2026-02-27T10:33:02.295+0000] {taskinstance.py:441} INFO - ::group::Post task execution logs
[2026-02-27T10:33:02.311+0000] {taskinstance.py:1206} INFO - Marking task as SUCCESS. dag_id=staging_to_core, task_id=wait_for_users, run_id=scheduled__2025-12-01T00:00:00+00:00, execution_date=20251201T000000, start_date=20260227T103301, end_date=20260227T103302
[2026-02-27T10:33:02.369+0000] {local_task_job_runner.py:243} INFO - Task exited with return code 0
[2026-02-27T10:33:02.386+0000] {logging_mixin.py:188} WARNING - /home/***/.local/lib/python3.12/site-packages/***/models/baseoperator.py:1297 AirflowProviderDeprecationWarning: Call to deprecated class PostgresOperator. (Please use `***.providers.common.sql.operators.sql.SQLExecuteQueryOperator`.Also, you can provide `hook_params={'schema': <database>}`.)
[2026-02-27T10:33:02.423+0000] {taskinstance.py:3503} INFO - 1 downstream tasks scheduled from follow-on schedule check
[2026-02-27T10:33:02.427+0000] {local_task_job_runner.py:222} INFO - ::endgroup::
[2026-02-27T19:04:58.862+0000] {local_task_job_runner.py:120} INFO - ::group::Pre task execution logs
[2026-02-27T19:04:58.904+0000] {taskinstance.py:2076} INFO - Dependencies all met for dep_context=non-requeueable deps ti=<TaskInstance: staging_to_core.wait_for_users scheduled__2025-12-01T00:00:00+00:00 [queued]>
[2026-02-27T19:04:58.918+0000] {taskinstance.py:2076} INFO - Dependencies all met for dep_context=requeueable deps ti=<TaskInstance: staging_to_core.wait_for_users scheduled__2025-12-01T00:00:00+00:00 [queued]>
[2026-02-27T19:04:58.919+0000] {taskinstance.py:2306} INFO - Starting attempt 1 of 1
[2026-02-27T19:04:58.939+0000] {taskinstance.py:2330} INFO - Executing <Task(ExternalTaskSensor): wait_for_users> on 2025-12-01 00:00:00+00:00
[2026-02-27T19:04:58.949+0000] {logging_mixin.py:188} WARNING - /home/***/.local/lib/python3.12/site-packages/***/task/task_runner/standard_task_runner.py:62 DeprecationWarning: This process (pid=33692) is multi-threaded, use of fork() may lead to deadlocks in the child.
[2026-02-27T19:04:58.951+0000] {standard_task_runner.py:64} INFO - Started process 33697 to run task
[2026-02-27T19:04:58.954+0000] {standard_task_runner.py:90} INFO - Running: ['***', 'tasks', 'run', 'staging_to_core', 'wait_for_users', 'scheduled__2025-12-01T00:00:00+00:00', '--job-id', '1909', '--raw', '--subdir', 'DAGS_FOLDER/staging_to_core.py', '--cfg-path', '/tmp/tmpii90dnoz']
[2026-02-27T19:04:58.957+0000] {standard_task_runner.py:91} INFO - Job 1909: Subtask wait_for_users
[2026-02-27T19:04:59.017+0000] {task_command.py:426} INFO - Running <TaskInstance: staging_to_core.wait_for_users scheduled__2025-12-01T00:00:00+00:00 [running]> on host 31b45edbecf3
[2026-02-27T19:04:59.127+0000] {taskinstance.py:2648} INFO - Exporting env vars: AIRFLOW_CTX_DAG_OWNER='***' AIRFLOW_CTX_DAG_ID='staging_to_core' AIRFLOW_CTX_TASK_ID='wait_for_users' AIRFLOW_CTX_EXECUTION_DATE='2025-12-01T00:00:00+00:00' AIRFLOW_CTX_TRY_NUMBER='1' AIRFLOW_CTX_DAG_RUN_ID='scheduled__2025-12-01T00:00:00+00:00'
[2026-02-27T19:04:59.130+0000] {taskinstance.py:430} INFO - ::endgroup::
[2026-02-27T19:04:59.148+0000] {baseoperator.py:400} WARNING - ExternalTaskSensor.execute cannot be called outside TaskInstance!
[2026-02-27T19:04:59.161+0000] {external_task.py:258} INFO - Poking for tasks ['upload_s3_to_dwh_users'] in dag oltp_s3_dwh on 2025-12-01T00:00:00+00:00 ... 
[2026-02-27T19:04:59.164+0000] {logging_mixin.py:188} WARNING - /home/***/.local/lib/python3.12/site-packages/***/utils/session.py:79 DeprecationWarning: This method is deprecated and will be removed in future.
[2026-02-27T19:04:59.176+0000] {base.py:294} INFO - Success criteria met. Exiting.
[2026-02-27T19:04:59.177+0000] {taskinstance.py:441} INFO - ::group::Post task execution logs
[2026-02-27T19:04:59.190+0000] {taskinstance.py:1206} INFO - Marking task as SUCCESS. dag_id=staging_to_core, task_id=wait_for_users, run_id=scheduled__2025-12-01T00:00:00+00:00, execution_date=20251201T000000, start_date=20260227T190458, end_date=20260227T190459
[2026-02-27T19:04:59.208+0000] {local_task_job_runner.py:243} INFO - Task exited with return code 0
[2026-02-27T19:04:59.221+0000] {logging_mixin.py:188} WARNING - /home/***/.local/lib/python3.12/site-packages/***/models/baseoperator.py:1297 AirflowProviderDeprecationWarning: Call to deprecated class PostgresOperator. (Please use `***.providers.common.sql.operators.sql.SQLExecuteQueryOperator`.Also, you can provide `hook_params={'schema': <database>}`.)
[2026-02-27T19:04:59.252+0000] {taskinstance.py:3503} INFO - 1 downstream tasks scheduled from follow-on schedule check
[2026-02-27T19:04:59.255+0000] {local_task_job_runner.py:222} INFO - ::endgroup::
