[2026-02-27T10:31:56.684+0000] {local_task_job_runner.py:120} INFO - ::group::Pre task execution logs
[2026-02-27T10:31:56.737+0000] {taskinstance.py:2076} INFO - Dependencies all met for dep_context=non-requeueable deps ti=<TaskInstance: staging_to_core.transform_transactions_to_core scheduled__2025-08-01T00:00:00+00:00 [queued]>
[2026-02-27T10:31:56.754+0000] {taskinstance.py:2076} INFO - Dependencies all met for dep_context=requeueable deps ti=<TaskInstance: staging_to_core.transform_transactions_to_core scheduled__2025-08-01T00:00:00+00:00 [queued]>
[2026-02-27T10:31:56.755+0000] {taskinstance.py:2306} INFO - Starting attempt 1 of 1
[2026-02-27T10:31:56.775+0000] {taskinstance.py:2330} INFO - Executing <Task(PostgresOperator): transform_transactions_to_core> on 2025-08-01 00:00:00+00:00
[2026-02-27T10:31:56.783+0000] {logging_mixin.py:188} WARNING - /home/***/.local/lib/python3.12/site-packages/***/task/task_runner/standard_task_runner.py:62 DeprecationWarning: This process (pid=9440) is multi-threaded, use of fork() may lead to deadlocks in the child.
[2026-02-27T10:31:56.784+0000] {standard_task_runner.py:90} INFO - Running: ['***', 'tasks', 'run', 'staging_to_core', 'transform_transactions_to_core', 'scheduled__2025-08-01T00:00:00+00:00', '--job-id', '1420', '--raw', '--subdir', 'DAGS_FOLDER/staging_to_core.py', '--cfg-path', '/tmp/tmpna764k1_']
[2026-02-27T10:31:56.785+0000] {standard_task_runner.py:64} INFO - Started process 9441 to run task
[2026-02-27T10:31:56.786+0000] {standard_task_runner.py:91} INFO - Job 1420: Subtask transform_transactions_to_core
[2026-02-27T10:31:56.868+0000] {task_command.py:426} INFO - Running <TaskInstance: staging_to_core.transform_transactions_to_core scheduled__2025-08-01T00:00:00+00:00 [running]> on host 31b45edbecf3
[2026-02-27T10:31:56.985+0000] {taskinstance.py:2648} INFO - Exporting env vars: AIRFLOW_CTX_DAG_OWNER='***' AIRFLOW_CTX_DAG_ID='staging_to_core' AIRFLOW_CTX_TASK_ID='transform_transactions_to_core' AIRFLOW_CTX_EXECUTION_DATE='2025-08-01T00:00:00+00:00' AIRFLOW_CTX_TRY_NUMBER='1' AIRFLOW_CTX_DAG_RUN_ID='scheduled__2025-08-01T00:00:00+00:00'
[2026-02-27T10:31:56.986+0000] {taskinstance.py:430} INFO - ::endgroup::
[2026-02-27T10:31:57.002+0000] {sql.py:282} INFO - Executing: 
                    INSERT INTO core.transactions
                    SELECT * FROM staging.transactions
                    ON CONFLICT (transaction_id) 
                    DO UPDATE SET
                        amount_rub = EXCLUDED.amount_rub, cashback_amount = EXCLUDED.cashback_amount, status = EXCLUDED.status;
                
[2026-02-27T10:31:57.012+0000] {base.py:84} INFO - Using connection ID 'postgres_dwh' for task execution.
[2026-02-27T10:31:57.022+0000] {base.py:84} INFO - Using connection ID 'postgres_dwh' for task execution.
[2026-02-27T10:31:57.028+0000] {sql.py:495} INFO - Running statement: 
                    INSERT INTO core.transactions
                    SELECT * FROM staging.transactions
                    ON CONFLICT (transaction_id) 
                    DO UPDATE SET
                        amount_rub = EXCLUDED.amount_rub, cashback_amount = EXCLUDED.cashback_amount, status = EXCLUDED.status;
                , parameters: None
[2026-02-27T10:31:57.053+0000] {taskinstance.py:441} INFO - ::group::Post task execution logs
[2026-02-27T10:31:57.055+0000] {taskinstance.py:2905} ERROR - Task failed with exception
Traceback (most recent call last):
  File "/home/airflow/.local/lib/python3.12/site-packages/airflow/models/taskinstance.py", line 465, in _execute_task
    result = _execute_callable(context=context, **execute_callable_kwargs)
             ^^^^^^^^^^^^^^^^^^^^^^^^^^^^^^^^^^^^^^^^^^^^^^^^^^^^^^^^^^^^^
  File "/home/airflow/.local/lib/python3.12/site-packages/airflow/models/taskinstance.py", line 432, in _execute_callable
    return execute_callable(context=context, **execute_callable_kwargs)
           ^^^^^^^^^^^^^^^^^^^^^^^^^^^^^^^^^^^^^^^^^^^^^^^^^^^^^^^^^^^^
  File "/home/airflow/.local/lib/python3.12/site-packages/airflow/models/baseoperator.py", line 401, in wrapper
    return func(self, *args, **kwargs)
           ^^^^^^^^^^^^^^^^^^^^^^^^^^^
  File "/home/airflow/.local/lib/python3.12/site-packages/airflow/providers/common/sql/operators/sql.py", line 288, in execute
    output = hook.run(
             ^^^^^^^^^
  File "/home/airflow/.local/lib/python3.12/site-packages/airflow/providers/common/sql/hooks/sql.py", line 442, in run
    self._run_command(cur, sql_statement, parameters)
  File "/home/airflow/.local/lib/python3.12/site-packages/airflow/providers/common/sql/hooks/sql.py", line 500, in _run_command
    cur.execute(sql_statement)
psycopg2.errors.ForeignKeyViolation: insert or update on table "transactions" violates foreign key constraint "transactions_card_id_fkey"
DETAIL:  Key (card_id)=(af574d89-ad1f-4151-b790-9f22d35e0ec9) is not present in table "cards".

[2026-02-27T10:31:57.067+0000] {taskinstance.py:1206} INFO - Marking task as FAILED. dag_id=staging_to_core, task_id=transform_transactions_to_core, run_id=scheduled__2025-08-01T00:00:00+00:00, execution_date=20250801T000000, start_date=20260227T103156, end_date=20260227T103157
[2026-02-27T10:31:57.079+0000] {standard_task_runner.py:110} ERROR - Failed to execute job 1420 for task transform_transactions_to_core (insert or update on table "transactions" violates foreign key constraint "transactions_card_id_fkey"
DETAIL:  Key (card_id)=(af574d89-ad1f-4151-b790-9f22d35e0ec9) is not present in table "cards".
; 9441)
[2026-02-27T10:31:57.125+0000] {local_task_job_runner.py:243} INFO - Task exited with return code 1
[2026-02-27T10:31:57.138+0000] {logging_mixin.py:188} WARNING - /home/***/.local/lib/python3.12/site-packages/***/models/baseoperator.py:1297 AirflowProviderDeprecationWarning: Call to deprecated class PostgresOperator. (Please use `***.providers.common.sql.operators.sql.SQLExecuteQueryOperator`.Also, you can provide `hook_params={'schema': <database>}`.)
[2026-02-27T10:31:57.151+0000] {taskinstance.py:3503} INFO - 0 downstream tasks scheduled from follow-on schedule check
[2026-02-27T10:31:57.156+0000] {local_task_job_runner.py:222} INFO - ::endgroup::
[2026-02-27T19:03:45.413+0000] {local_task_job_runner.py:120} INFO - ::group::Pre task execution logs
[2026-02-27T19:03:45.457+0000] {taskinstance.py:2076} INFO - Dependencies all met for dep_context=non-requeueable deps ti=<TaskInstance: staging_to_core.transform_transactions_to_core scheduled__2025-08-01T00:00:00+00:00 [queued]>
[2026-02-27T19:03:45.468+0000] {taskinstance.py:2076} INFO - Dependencies all met for dep_context=requeueable deps ti=<TaskInstance: staging_to_core.transform_transactions_to_core scheduled__2025-08-01T00:00:00+00:00 [queued]>
[2026-02-27T19:03:45.469+0000] {taskinstance.py:2306} INFO - Starting attempt 1 of 1
[2026-02-27T19:03:45.483+0000] {taskinstance.py:2330} INFO - Executing <Task(PostgresOperator): transform_transactions_to_core> on 2025-08-01 00:00:00+00:00
[2026-02-27T19:03:45.491+0000] {standard_task_runner.py:90} INFO - Running: ['***', 'tasks', 'run', 'staging_to_core', 'transform_transactions_to_core', 'scheduled__2025-08-01T00:00:00+00:00', '--job-id', '1852', '--raw', '--subdir', 'DAGS_FOLDER/staging_to_core.py', '--cfg-path', '/tmp/tmpzlkrnm3l']
[2026-02-27T19:03:45.492+0000] {logging_mixin.py:188} WARNING - /home/***/.local/lib/python3.12/site-packages/***/task/task_runner/standard_task_runner.py:62 DeprecationWarning: This process (pid=33488) is multi-threaded, use of fork() may lead to deadlocks in the child.
[2026-02-27T19:03:45.494+0000] {standard_task_runner.py:91} INFO - Job 1852: Subtask transform_transactions_to_core
[2026-02-27T19:03:45.494+0000] {standard_task_runner.py:64} INFO - Started process 33489 to run task
[2026-02-27T19:03:45.550+0000] {task_command.py:426} INFO - Running <TaskInstance: staging_to_core.transform_transactions_to_core scheduled__2025-08-01T00:00:00+00:00 [running]> on host 31b45edbecf3
[2026-02-27T19:03:45.653+0000] {taskinstance.py:2648} INFO - Exporting env vars: AIRFLOW_CTX_DAG_OWNER='***' AIRFLOW_CTX_DAG_ID='staging_to_core' AIRFLOW_CTX_TASK_ID='transform_transactions_to_core' AIRFLOW_CTX_EXECUTION_DATE='2025-08-01T00:00:00+00:00' AIRFLOW_CTX_TRY_NUMBER='1' AIRFLOW_CTX_DAG_RUN_ID='scheduled__2025-08-01T00:00:00+00:00'
[2026-02-27T19:03:45.655+0000] {taskinstance.py:430} INFO - ::endgroup::
[2026-02-27T19:03:45.671+0000] {sql.py:282} INFO - Executing: 
                    INSERT INTO core.transactions
                    SELECT * FROM staging.transactions
                    ON CONFLICT (transaction_id) 
                    DO UPDATE SET
                        amount_rub = EXCLUDED.amount_rub, cashback_amount = EXCLUDED.cashback_amount, status = EXCLUDED.status;
                
[2026-02-27T19:03:45.682+0000] {base.py:84} INFO - Using connection ID 'postgres_dwh' for task execution.
[2026-02-27T19:03:45.694+0000] {base.py:84} INFO - Using connection ID 'postgres_dwh' for task execution.
[2026-02-27T19:03:45.700+0000] {sql.py:495} INFO - Running statement: 
                    INSERT INTO core.transactions
                    SELECT * FROM staging.transactions
                    ON CONFLICT (transaction_id) 
                    DO UPDATE SET
                        amount_rub = EXCLUDED.amount_rub, cashback_amount = EXCLUDED.cashback_amount, status = EXCLUDED.status;
                , parameters: None
[2026-02-27T19:03:45.702+0000] {sql.py:504} INFO - Rows affected: 6
[2026-02-27T19:03:45.705+0000] {taskinstance.py:441} INFO - ::group::Post task execution logs
[2026-02-27T19:03:45.717+0000] {taskinstance.py:1206} INFO - Marking task as SUCCESS. dag_id=staging_to_core, task_id=transform_transactions_to_core, run_id=scheduled__2025-08-01T00:00:00+00:00, execution_date=20250801T000000, start_date=20260227T190345, end_date=20260227T190345
[2026-02-27T19:03:45.752+0000] {local_task_job_runner.py:243} INFO - Task exited with return code 0
[2026-02-27T19:03:45.766+0000] {logging_mixin.py:188} WARNING - /home/***/.local/lib/python3.12/site-packages/***/models/baseoperator.py:1297 AirflowProviderDeprecationWarning: Call to deprecated class PostgresOperator. (Please use `***.providers.common.sql.operators.sql.SQLExecuteQueryOperator`.Also, you can provide `hook_params={'schema': <database>}`.)
[2026-02-27T19:03:45.776+0000] {taskinstance.py:3503} INFO - 0 downstream tasks scheduled from follow-on schedule check
[2026-02-27T19:03:45.833+0000] {local_task_job_runner.py:222} INFO - ::endgroup::
