[2026-02-20T12:37:51.948+0000] {local_task_job_runner.py:120} INFO - ::group::Pre task execution logs
[2026-02-20T12:37:52.026+0000] {taskinstance.py:2076} INFO - Dependencies all met for dep_context=non-requeueable deps ti=<TaskInstance: load_cb_courses.extract_cbr scheduled__2026-01-16T00:00:00+00:00 [queued]>
[2026-02-20T12:37:52.044+0000] {taskinstance.py:2076} INFO - Dependencies all met for dep_context=requeueable deps ti=<TaskInstance: load_cb_courses.extract_cbr scheduled__2026-01-16T00:00:00+00:00 [queued]>
[2026-02-20T12:37:52.046+0000] {taskinstance.py:2306} INFO - Starting attempt 1 of 1
[2026-02-20T12:37:52.067+0000] {taskinstance.py:2330} INFO - Executing <Task(PythonOperator): extract_cbr> on 2026-01-16 00:00:00+00:00
[2026-02-20T12:37:52.088+0000] {logging_mixin.py:188} WARNING - /home/***/.local/lib/python3.12/site-packages/***/task/task_runner/standard_task_runner.py:62 DeprecationWarning: This process (pid=8924) is multi-threaded, use of fork() may lead to deadlocks in the child.
[2026-02-20T12:37:52.090+0000] {standard_task_runner.py:64} INFO - Started process 8930 to run task
[2026-02-20T12:37:52.096+0000] {standard_task_runner.py:90} INFO - Running: ['***', 'tasks', 'run', 'load_cb_courses', 'extract_cbr', 'scheduled__2026-01-16T00:00:00+00:00', '--job-id', '763', '--raw', '--subdir', 'DAGS_FOLDER/api_cb.py', '--cfg-path', '/tmp/tmp51i6q2zi']
[2026-02-20T12:37:52.098+0000] {standard_task_runner.py:91} INFO - Job 763: Subtask extract_cbr
[2026-02-20T12:37:52.202+0000] {task_command.py:426} INFO - Running <TaskInstance: load_cb_courses.extract_cbr scheduled__2026-01-16T00:00:00+00:00 [running]> on host 78aa58ce5a8d
[2026-02-20T12:37:52.373+0000] {taskinstance.py:2648} INFO - Exporting env vars: AIRFLOW_CTX_DAG_OWNER='Umar Mazoriev' AIRFLOW_CTX_DAG_ID='load_cb_courses' AIRFLOW_CTX_TASK_ID='extract_cbr' AIRFLOW_CTX_EXECUTION_DATE='2026-01-16T00:00:00+00:00' AIRFLOW_CTX_TRY_NUMBER='1' AIRFLOW_CTX_DAG_RUN_ID='scheduled__2026-01-16T00:00:00+00:00'
[2026-02-20T12:37:52.375+0000] {taskinstance.py:430} INFO - ::endgroup::
[2026-02-20T12:37:52.545+0000] {base.py:84} INFO - Using connection ID 'minio_conn_id' for task execution.
[2026-02-20T12:37:52.546+0000] {connection_wrapper.py:384} INFO - AWS Connection (conn_id='minio_conn_id', conn_type='aws') credentials retrieved from login and password.
[2026-02-20T12:37:52.963+0000] {python.py:237} INFO - Done. Returned value was: raw/cbr/rates_2026-01-16.csv
[2026-02-20T12:37:52.964+0000] {taskinstance.py:441} INFO - ::group::Post task execution logs
[2026-02-20T12:37:53.022+0000] {taskinstance.py:1206} INFO - Marking task as SUCCESS. dag_id=load_cb_courses, task_id=extract_cbr, run_id=scheduled__2026-01-16T00:00:00+00:00, execution_date=20260116T000000, start_date=20260220T123752, end_date=20260220T123753
[2026-02-20T12:37:53.072+0000] {local_task_job_runner.py:243} INFO - Task exited with return code 0
[2026-02-20T12:37:53.099+0000] {taskinstance.py:3503} INFO - 1 downstream tasks scheduled from follow-on schedule check
[2026-02-20T12:37:53.110+0000] {local_task_job_runner.py:222} INFO - ::endgroup::
