[2026-02-26T12:07:20.676+0000] {local_task_job_runner.py:120} INFO - ::group::Pre task execution logs
[2026-02-26T12:07:20.723+0000] {taskinstance.py:2076} INFO - Dependencies all met for dep_context=non-requeueable deps ti=<TaskInstance: oltp_s3_dwh.upload_postgre_to_s3_accounts scheduled__2025-11-01T00:00:00+00:00 [queued]>
[2026-02-26T12:07:20.772+0000] {taskinstance.py:2076} INFO - Dependencies all met for dep_context=requeueable deps ti=<TaskInstance: oltp_s3_dwh.upload_postgre_to_s3_accounts scheduled__2025-11-01T00:00:00+00:00 [queued]>
[2026-02-26T12:07:20.773+0000] {taskinstance.py:2306} INFO - Starting attempt 1 of 1
[2026-02-26T12:07:20.842+0000] {taskinstance.py:2330} INFO - Executing <Task(PythonOperator): upload_postgre_to_s3_accounts> on 2025-11-01 00:00:00+00:00
[2026-02-26T12:07:20.868+0000] {logging_mixin.py:188} WARNING - /home/***/.local/lib/python3.12/site-packages/***/task/task_runner/standard_task_runner.py:62 DeprecationWarning: This process (pid=4755) is multi-threaded, use of fork() may lead to deadlocks in the child.
[2026-02-26T12:07:20.885+0000] {standard_task_runner.py:64} INFO - Started process 4782 to run task
[2026-02-26T12:07:20.877+0000] {standard_task_runner.py:90} INFO - Running: ['***', 'tasks', 'run', 'oltp_s3_dwh', 'upload_postgre_to_s3_accounts', 'scheduled__2025-11-01T00:00:00+00:00', '--job-id', '1060', '--raw', '--subdir', 'DAGS_FOLDER/oltp_s3_dwh_dict.py', '--cfg-path', '/tmp/tmphe6n_hl0']
[2026-02-26T12:07:20.921+0000] {standard_task_runner.py:91} INFO - Job 1060: Subtask upload_postgre_to_s3_accounts
[2026-02-26T12:07:21.160+0000] {task_command.py:426} INFO - Running <TaskInstance: oltp_s3_dwh.upload_postgre_to_s3_accounts scheduled__2025-11-01T00:00:00+00:00 [running]> on host 31b45edbecf3
[2026-02-26T12:07:21.744+0000] {taskinstance.py:2648} INFO - Exporting env vars: AIRFLOW_CTX_DAG_OWNER='***' AIRFLOW_CTX_DAG_ID='oltp_s3_dwh' AIRFLOW_CTX_TASK_ID='upload_postgre_to_s3_accounts' AIRFLOW_CTX_EXECUTION_DATE='2025-11-01T00:00:00+00:00' AIRFLOW_CTX_TRY_NUMBER='1' AIRFLOW_CTX_DAG_RUN_ID='scheduled__2025-11-01T00:00:00+00:00'
[2026-02-26T12:07:21.748+0000] {taskinstance.py:430} INFO - ::endgroup::
[2026-02-26T12:07:21.935+0000] {base.py:84} INFO - Using connection ID 'postgres_oltp' for task execution.
[2026-02-26T12:07:22.006+0000] {logging_mixin.py:188} WARNING - /home/***/.local/lib/python3.12/site-packages/***/providers/common/sql/hooks/sql.py:269 UserWarning: pandas only supports SQLAlchemy connectable (engine/connection) or database string URI or sqlite3 DBAPI2 connection. Other DBAPI2 objects are not tested. Please consider using SQLAlchemy.
[2026-02-26T12:07:22.068+0000] {logging_mixin.py:188} INFO - В таблице accounts нет данных
[2026-02-26T12:07:22.069+0000] {python.py:237} INFO - Done. Returned value was: None
[2026-02-26T12:07:22.070+0000] {taskinstance.py:441} INFO - ::group::Post task execution logs
[2026-02-26T12:07:22.123+0000] {taskinstance.py:1206} INFO - Marking task as SUCCESS. dag_id=oltp_s3_dwh, task_id=upload_postgre_to_s3_accounts, run_id=scheduled__2025-11-01T00:00:00+00:00, execution_date=20251101T000000, start_date=20260226T120720, end_date=20260226T120722
[2026-02-26T12:07:22.193+0000] {local_task_job_runner.py:243} INFO - Task exited with return code 0
[2026-02-26T12:07:22.285+0000] {taskinstance.py:3503} INFO - 0 downstream tasks scheduled from follow-on schedule check
[2026-02-26T12:07:22.310+0000] {local_task_job_runner.py:222} INFO - ::endgroup::
[2026-02-27T19:01:41.130+0000] {local_task_job_runner.py:120} INFO - ::group::Pre task execution logs
[2026-02-27T19:01:41.197+0000] {taskinstance.py:2076} INFO - Dependencies all met for dep_context=non-requeueable deps ti=<TaskInstance: oltp_s3_dwh.upload_postgre_to_s3_accounts scheduled__2025-11-01T00:00:00+00:00 [queued]>
[2026-02-27T19:01:41.232+0000] {taskinstance.py:2076} INFO - Dependencies all met for dep_context=requeueable deps ti=<TaskInstance: oltp_s3_dwh.upload_postgre_to_s3_accounts scheduled__2025-11-01T00:00:00+00:00 [queued]>
[2026-02-27T19:01:41.234+0000] {taskinstance.py:2306} INFO - Starting attempt 1 of 1
[2026-02-27T19:01:41.298+0000] {taskinstance.py:2330} INFO - Executing <Task(PythonOperator): upload_postgre_to_s3_accounts> on 2025-11-01 00:00:00+00:00
[2026-02-27T19:01:41.352+0000] {logging_mixin.py:188} WARNING - /home/***/.local/lib/python3.12/site-packages/***/task/task_runner/standard_task_runner.py:62 DeprecationWarning: This process (pid=32936) is multi-threaded, use of fork() may lead to deadlocks in the child.
[2026-02-27T19:01:41.362+0000] {standard_task_runner.py:64} INFO - Started process 32947 to run task
[2026-02-27T19:01:41.349+0000] {standard_task_runner.py:90} INFO - Running: ['***', 'tasks', 'run', 'oltp_s3_dwh', 'upload_postgre_to_s3_accounts', 'scheduled__2025-11-01T00:00:00+00:00', '--job-id', '1715', '--raw', '--subdir', 'DAGS_FOLDER/oltp_s3_dwh.py', '--cfg-path', '/tmp/tmp7y0pi7yx']
[2026-02-27T19:01:41.366+0000] {standard_task_runner.py:91} INFO - Job 1715: Subtask upload_postgre_to_s3_accounts
[2026-02-27T19:01:41.493+0000] {task_command.py:426} INFO - Running <TaskInstance: oltp_s3_dwh.upload_postgre_to_s3_accounts scheduled__2025-11-01T00:00:00+00:00 [running]> on host 31b45edbecf3
[2026-02-27T19:01:41.720+0000] {taskinstance.py:2648} INFO - Exporting env vars: AIRFLOW_CTX_DAG_OWNER='***' AIRFLOW_CTX_DAG_ID='oltp_s3_dwh' AIRFLOW_CTX_TASK_ID='upload_postgre_to_s3_accounts' AIRFLOW_CTX_EXECUTION_DATE='2025-11-01T00:00:00+00:00' AIRFLOW_CTX_TRY_NUMBER='1' AIRFLOW_CTX_DAG_RUN_ID='scheduled__2025-11-01T00:00:00+00:00'
[2026-02-27T19:01:41.728+0000] {taskinstance.py:430} INFO - ::endgroup::
[2026-02-27T19:01:41.816+0000] {base.py:84} INFO - Using connection ID 'postgres_oltp' for task execution.
[2026-02-27T19:01:41.847+0000] {logging_mixin.py:188} WARNING - /home/***/.local/lib/python3.12/site-packages/***/providers/common/sql/hooks/sql.py:269 UserWarning: pandas only supports SQLAlchemy connectable (engine/connection) or database string URI or sqlite3 DBAPI2 connection. Other DBAPI2 objects are not tested. Please consider using SQLAlchemy.
[2026-02-27T19:01:41.892+0000] {logging_mixin.py:188} INFO - В таблице accounts нет данных
[2026-02-27T19:01:41.907+0000] {python.py:237} INFO - Done. Returned value was: None
[2026-02-27T19:01:41.916+0000] {taskinstance.py:441} INFO - ::group::Post task execution logs
[2026-02-27T19:01:41.939+0000] {taskinstance.py:1206} INFO - Marking task as SUCCESS. dag_id=oltp_s3_dwh, task_id=upload_postgre_to_s3_accounts, run_id=scheduled__2025-11-01T00:00:00+00:00, execution_date=20251101T000000, start_date=20260227T190141, end_date=20260227T190141
[2026-02-27T19:01:42.042+0000] {local_task_job_runner.py:243} INFO - Task exited with return code 0
[2026-02-27T19:01:42.148+0000] {taskinstance.py:3503} INFO - 1 downstream tasks scheduled from follow-on schedule check
[2026-02-27T19:01:42.161+0000] {local_task_job_runner.py:222} INFO - ::endgroup::
