[2026-02-20T12:35:17.815+0000] {local_task_job_runner.py:120} INFO - ::group::Pre task execution logs
[2026-02-20T12:35:17.845+0000] {taskinstance.py:2076} INFO - Dependencies all met for dep_context=non-requeueable deps ti=<TaskInstance: load_cb_courses.load_to_postgres scheduled__2025-11-08T00:00:00+00:00 [queued]>
[2026-02-20T12:35:17.863+0000] {taskinstance.py:2076} INFO - Dependencies all met for dep_context=requeueable deps ti=<TaskInstance: load_cb_courses.load_to_postgres scheduled__2025-11-08T00:00:00+00:00 [queued]>
[2026-02-20T12:35:17.864+0000] {taskinstance.py:2306} INFO - Starting attempt 1 of 1
[2026-02-20T12:35:17.890+0000] {taskinstance.py:2330} INFO - Executing <Task(PythonOperator): load_to_postgres> on 2025-11-08 00:00:00+00:00
[2026-02-20T12:35:17.907+0000] {logging_mixin.py:188} WARNING - /home/***/.local/lib/python3.12/site-packages/***/task/task_runner/standard_task_runner.py:62 DeprecationWarning: This process (pid=8249) is multi-threaded, use of fork() may lead to deadlocks in the child.
[2026-02-20T12:35:17.908+0000] {standard_task_runner.py:64} INFO - Started process 8257 to run task
[2026-02-20T12:35:17.911+0000] {standard_task_runner.py:90} INFO - Running: ['***', 'tasks', 'run', 'load_cb_courses', 'load_to_postgres', 'scheduled__2025-11-08T00:00:00+00:00', '--job-id', '629', '--raw', '--subdir', 'DAGS_FOLDER/api_cb.py', '--cfg-path', '/tmp/tmpb8np3ziu']
[2026-02-20T12:35:17.915+0000] {standard_task_runner.py:91} INFO - Job 629: Subtask load_to_postgres
[2026-02-20T12:35:18.018+0000] {task_command.py:426} INFO - Running <TaskInstance: load_cb_courses.load_to_postgres scheduled__2025-11-08T00:00:00+00:00 [running]> on host 78aa58ce5a8d
[2026-02-20T12:35:18.198+0000] {taskinstance.py:2648} INFO - Exporting env vars: AIRFLOW_CTX_DAG_OWNER='Umar Mazoriev' AIRFLOW_CTX_DAG_ID='load_cb_courses' AIRFLOW_CTX_TASK_ID='load_to_postgres' AIRFLOW_CTX_EXECUTION_DATE='2025-11-08T00:00:00+00:00' AIRFLOW_CTX_TRY_NUMBER='1' AIRFLOW_CTX_DAG_RUN_ID='scheduled__2025-11-08T00:00:00+00:00'
[2026-02-20T12:35:18.199+0000] {taskinstance.py:430} INFO - ::endgroup::
[2026-02-20T12:35:18.263+0000] {base.py:84} INFO - Using connection ID 'minio_conn_id' for task execution.
[2026-02-20T12:35:18.265+0000] {connection_wrapper.py:384} INFO - AWS Connection (conn_id='minio_conn_id', conn_type='aws') credentials retrieved from login and password.
[2026-02-20T12:35:18.442+0000] {base.py:84} INFO - Using connection ID 'postgres_dwh' for task execution.
[2026-02-20T12:35:18.473+0000] {python.py:237} INFO - Done. Returned value was: None
[2026-02-20T12:35:18.475+0000] {taskinstance.py:441} INFO - ::group::Post task execution logs
[2026-02-20T12:35:18.498+0000] {taskinstance.py:1206} INFO - Marking task as SUCCESS. dag_id=load_cb_courses, task_id=load_to_postgres, run_id=scheduled__2025-11-08T00:00:00+00:00, execution_date=20251108T000000, start_date=20260220T123517, end_date=20260220T123518
[2026-02-20T12:35:18.536+0000] {local_task_job_runner.py:243} INFO - Task exited with return code 0
[2026-02-20T12:35:18.566+0000] {taskinstance.py:3503} INFO - 0 downstream tasks scheduled from follow-on schedule check
[2026-02-20T12:35:18.570+0000] {local_task_job_runner.py:222} INFO - ::endgroup::
