[2026-02-26T17:50:18.636+0000] {local_task_job_runner.py:120} INFO - ::group::Pre task execution logs
[2026-02-26T17:50:18.688+0000] {taskinstance.py:2076} INFO - Dependencies all met for dep_context=non-requeueable deps ti=<TaskInstance: oltp_s3_dwh.upload_s3_to_dwh_transactions scheduled__2025-01-01T00:00:00+00:00 [queued]>
[2026-02-26T17:50:18.735+0000] {taskinstance.py:2076} INFO - Dependencies all met for dep_context=requeueable deps ti=<TaskInstance: oltp_s3_dwh.upload_s3_to_dwh_transactions scheduled__2025-01-01T00:00:00+00:00 [queued]>
[2026-02-26T17:50:18.749+0000] {taskinstance.py:2306} INFO - Starting attempt 1 of 1
[2026-02-26T17:50:18.795+0000] {taskinstance.py:2330} INFO - Executing <Task(PythonOperator): upload_s3_to_dwh_transactions> on 2025-01-01 00:00:00+00:00
[2026-02-26T17:50:18.813+0000] {logging_mixin.py:188} WARNING - /home/***/.local/lib/python3.12/site-packages/***/task/task_runner/standard_task_runner.py:62 DeprecationWarning: This process (pid=6379) is multi-threaded, use of fork() may lead to deadlocks in the child.
[2026-02-26T17:50:18.818+0000] {standard_task_runner.py:64} INFO - Started process 6395 to run task
[2026-02-26T17:50:18.832+0000] {standard_task_runner.py:90} INFO - Running: ['***', 'tasks', 'run', 'oltp_s3_dwh', 'upload_s3_to_dwh_transactions', 'scheduled__2025-01-01T00:00:00+00:00', '--job-id', '1171', '--raw', '--subdir', 'DAGS_FOLDER/oltp_s3_dwh.py', '--cfg-path', '/tmp/tmpsdst3rao']
[2026-02-26T17:50:18.837+0000] {standard_task_runner.py:91} INFO - Job 1171: Subtask upload_s3_to_dwh_transactions
[2026-02-26T17:50:18.990+0000] {task_command.py:426} INFO - Running <TaskInstance: oltp_s3_dwh.upload_s3_to_dwh_transactions scheduled__2025-01-01T00:00:00+00:00 [running]> on host 31b45edbecf3
[2026-02-26T17:50:19.208+0000] {taskinstance.py:2648} INFO - Exporting env vars: AIRFLOW_CTX_DAG_OWNER='***' AIRFLOW_CTX_DAG_ID='oltp_s3_dwh' AIRFLOW_CTX_TASK_ID='upload_s3_to_dwh_transactions' AIRFLOW_CTX_EXECUTION_DATE='2025-01-01T00:00:00+00:00' AIRFLOW_CTX_TRY_NUMBER='1' AIRFLOW_CTX_DAG_RUN_ID='scheduled__2025-01-01T00:00:00+00:00'
[2026-02-26T17:50:19.212+0000] {taskinstance.py:430} INFO - ::endgroup::
[2026-02-26T17:50:19.270+0000] {base.py:84} INFO - Using connection ID 'postgres_dwh' for task execution.
[2026-02-26T17:50:19.277+0000] {sql.py:495} INFO - Running statement: SELECT table_schema, table_name FROM information_schema.tables WHERE table_schema = 'staging';, parameters: None
[2026-02-26T17:50:19.281+0000] {sql.py:504} INFO - Rows affected: 9
[2026-02-26T17:50:19.284+0000] {logging_mixin.py:188} INFO - DEBUG: Доступные таблицы в схеме staging: [('staging', 'exchange_rates'), ('staging', 'dict_mcc'), ('staging', 'dict_merchants'), ('staging', 'cards'), ('staging', 'dict_tariffs'), ('staging', 'transactions'), ('staging', 'dict_regions'), ('staging', 'users'), ('staging', 'accounts')]
[2026-02-26T17:50:19.294+0000] {base.py:84} INFO - Using connection ID 'minio_conn_id' for task execution.
[2026-02-26T17:50:19.296+0000] {connection_wrapper.py:384} INFO - AWS Connection (conn_id='minio_conn_id', conn_type='aws') credentials retrieved from login and ***.
[2026-02-26T17:50:19.790+0000] {base.py:84} INFO - Using connection ID 'postgres_dwh' for task execution.
[2026-02-26T17:50:19.847+0000] {logging_mixin.py:188} INFO - Successfully loaded transactions using copy_expert
[2026-02-26T17:50:19.853+0000] {python.py:237} INFO - Done. Returned value was: None
[2026-02-26T17:50:19.856+0000] {taskinstance.py:441} INFO - ::group::Post task execution logs
[2026-02-26T17:50:19.873+0000] {taskinstance.py:1206} INFO - Marking task as SUCCESS. dag_id=oltp_s3_dwh, task_id=upload_s3_to_dwh_transactions, run_id=scheduled__2025-01-01T00:00:00+00:00, execution_date=20250101T000000, start_date=20260226T175018, end_date=20260226T175019
[2026-02-26T17:50:19.928+0000] {local_task_job_runner.py:243} INFO - Task exited with return code 0
[2026-02-26T17:50:19.958+0000] {taskinstance.py:3503} INFO - 0 downstream tasks scheduled from follow-on schedule check
[2026-02-26T17:50:19.962+0000] {local_task_job_runner.py:222} INFO - ::endgroup::
[2026-02-27T18:59:04.244+0000] {local_task_job_runner.py:120} INFO - ::group::Pre task execution logs
[2026-02-27T18:59:04.291+0000] {taskinstance.py:2076} INFO - Dependencies all met for dep_context=non-requeueable deps ti=<TaskInstance: oltp_s3_dwh.upload_s3_to_dwh_transactions scheduled__2025-01-01T00:00:00+00:00 [queued]>
[2026-02-27T18:59:04.315+0000] {taskinstance.py:2076} INFO - Dependencies all met for dep_context=requeueable deps ti=<TaskInstance: oltp_s3_dwh.upload_s3_to_dwh_transactions scheduled__2025-01-01T00:00:00+00:00 [queued]>
[2026-02-27T18:59:04.316+0000] {taskinstance.py:2306} INFO - Starting attempt 1 of 1
[2026-02-27T18:59:04.348+0000] {taskinstance.py:2330} INFO - Executing <Task(PythonOperator): upload_s3_to_dwh_transactions> on 2025-01-01 00:00:00+00:00
[2026-02-27T18:59:04.359+0000] {logging_mixin.py:188} WARNING - /home/***/.local/lib/python3.12/site-packages/***/task/task_runner/standard_task_runner.py:62 DeprecationWarning: This process (pid=31798) is multi-threaded, use of fork() may lead to deadlocks in the child.
[2026-02-27T18:59:04.361+0000] {standard_task_runner.py:64} INFO - Started process 31822 to run task
[2026-02-27T18:59:04.365+0000] {standard_task_runner.py:90} INFO - Running: ['***', 'tasks', 'run', 'oltp_s3_dwh', 'upload_s3_to_dwh_transactions', 'scheduled__2025-01-01T00:00:00+00:00', '--job-id', '1511', '--raw', '--subdir', 'DAGS_FOLDER/oltp_s3_dwh.py', '--cfg-path', '/tmp/tmpxmddrte2']
[2026-02-27T18:59:04.368+0000] {standard_task_runner.py:91} INFO - Job 1511: Subtask upload_s3_to_dwh_transactions
[2026-02-27T18:59:04.528+0000] {task_command.py:426} INFO - Running <TaskInstance: oltp_s3_dwh.upload_s3_to_dwh_transactions scheduled__2025-01-01T00:00:00+00:00 [running]> on host 31b45edbecf3
[2026-02-27T18:59:04.881+0000] {taskinstance.py:2648} INFO - Exporting env vars: AIRFLOW_CTX_DAG_OWNER='***' AIRFLOW_CTX_DAG_ID='oltp_s3_dwh' AIRFLOW_CTX_TASK_ID='upload_s3_to_dwh_transactions' AIRFLOW_CTX_EXECUTION_DATE='2025-01-01T00:00:00+00:00' AIRFLOW_CTX_TRY_NUMBER='1' AIRFLOW_CTX_DAG_RUN_ID='scheduled__2025-01-01T00:00:00+00:00'
[2026-02-27T18:59:04.894+0000] {taskinstance.py:430} INFO - ::endgroup::
[2026-02-27T18:59:05.036+0000] {base.py:84} INFO - Using connection ID 'postgres_dwh' for task execution.
[2026-02-27T18:59:05.082+0000] {sql.py:495} INFO - Running statement: SELECT table_schema, table_name FROM information_schema.tables WHERE table_schema = 'staging';, parameters: None
[2026-02-27T18:59:05.146+0000] {sql.py:504} INFO - Rows affected: 9
[2026-02-27T18:59:05.148+0000] {logging_mixin.py:188} INFO - DEBUG: Доступные таблицы в схеме staging: [('staging', 'exchange_rates'), ('staging', 'transactions'), ('staging', 'cards'), ('staging', 'dict_merchants'), ('staging', 'dict_mcc'), ('staging', 'accounts'), ('staging', 'dict_tariffs'), ('staging', 'users'), ('staging', 'dict_regions')]
[2026-02-27T18:59:05.167+0000] {base.py:84} INFO - Using connection ID 'minio_conn_id' for task execution.
[2026-02-27T18:59:05.173+0000] {connection_wrapper.py:384} INFO - AWS Connection (conn_id='minio_conn_id', conn_type='aws') credentials retrieved from login and ***.
[2026-02-27T18:59:05.883+0000] {logging_mixin.py:188} INFO - Файл raw/not_dict/transactions/2025-01-01/data.parquet не найден в S3. Пропускаем загрузку.
[2026-02-27T18:59:05.885+0000] {python.py:237} INFO - Done. Returned value was: None
[2026-02-27T18:59:05.888+0000] {taskinstance.py:441} INFO - ::group::Post task execution logs
[2026-02-27T18:59:05.983+0000] {taskinstance.py:1206} INFO - Marking task as SUCCESS. dag_id=oltp_s3_dwh, task_id=upload_s3_to_dwh_transactions, run_id=scheduled__2025-01-01T00:00:00+00:00, execution_date=20250101T000000, start_date=20260227T185904, end_date=20260227T185905
[2026-02-27T18:59:06.080+0000] {local_task_job_runner.py:243} INFO - Task exited with return code 0
[2026-02-27T18:59:06.100+0000] {local_task_job_runner.py:222} INFO - ::endgroup::
