[2026-02-26T17:56:22.849+0000] {local_task_job_runner.py:120} INFO - ::group::Pre task execution logs
[2026-02-26T17:56:22.945+0000] {taskinstance.py:2076} INFO - Dependencies all met for dep_context=non-requeueable deps ti=<TaskInstance: oltp_s3_dwh.upload_s3_to_dwh_dict_mcc scheduled__2025-12-01T00:00:00+00:00 [queued]>
[2026-02-26T17:56:23.029+0000] {taskinstance.py:2076} INFO - Dependencies all met for dep_context=requeueable deps ti=<TaskInstance: oltp_s3_dwh.upload_s3_to_dwh_dict_mcc scheduled__2025-12-01T00:00:00+00:00 [queued]>
[2026-02-26T17:56:23.031+0000] {taskinstance.py:2306} INFO - Starting attempt 1 of 1
[2026-02-26T17:56:23.139+0000] {taskinstance.py:2330} INFO - Executing <Task(PythonOperator): upload_s3_to_dwh_dict_mcc> on 2025-12-01 00:00:00+00:00
[2026-02-26T17:56:23.201+0000] {logging_mixin.py:188} WARNING - /home/***/.local/lib/python3.12/site-packages/***/task/task_runner/standard_task_runner.py:62 DeprecationWarning: This process (pid=7253) is multi-threaded, use of fork() may lead to deadlocks in the child.
[2026-02-26T17:56:23.214+0000] {standard_task_runner.py:64} INFO - Started process 7331 to run task
[2026-02-26T17:56:23.217+0000] {standard_task_runner.py:90} INFO - Running: ['***', 'tasks', 'run', 'oltp_s3_dwh', 'upload_s3_to_dwh_dict_mcc', 'scheduled__2025-12-01T00:00:00+00:00', '--job-id', '1258', '--raw', '--subdir', 'DAGS_FOLDER/oltp_s3_dwh.py', '--cfg-path', '/tmp/tmp46hohs9l']
[2026-02-26T17:56:23.232+0000] {standard_task_runner.py:91} INFO - Job 1258: Subtask upload_s3_to_dwh_dict_mcc
[2026-02-26T17:56:23.439+0000] {task_command.py:426} INFO - Running <TaskInstance: oltp_s3_dwh.upload_s3_to_dwh_dict_mcc scheduled__2025-12-01T00:00:00+00:00 [running]> on host 31b45edbecf3
[2026-02-26T17:56:23.099+0000] {taskinstance.py:2648} INFO - Exporting env vars: AIRFLOW_CTX_DAG_OWNER='***' AIRFLOW_CTX_DAG_ID='oltp_s3_dwh' AIRFLOW_CTX_TASK_ID='upload_s3_to_dwh_dict_mcc' AIRFLOW_CTX_EXECUTION_DATE='2025-12-01T00:00:00+00:00' AIRFLOW_CTX_TRY_NUMBER='1' AIRFLOW_CTX_DAG_RUN_ID='scheduled__2025-12-01T00:00:00+00:00'
[2026-02-26T17:56:23.105+0000] {taskinstance.py:430} INFO - ::endgroup::
[2026-02-26T17:56:23.419+0000] {base.py:84} INFO - Using connection ID 'postgres_dwh' for task execution.
[2026-02-26T17:56:23.523+0000] {sql.py:495} INFO - Running statement: SELECT table_schema, table_name FROM information_schema.tables WHERE table_schema = 'staging';, parameters: None
[2026-02-26T17:56:23.613+0000] {sql.py:504} INFO - Rows affected: 9
[2026-02-26T17:56:23.666+0000] {logging_mixin.py:188} INFO - DEBUG: Доступные таблицы в схеме staging: [('staging', 'exchange_rates'), ('staging', 'users'), ('staging', 'accounts'), ('staging', 'dict_mcc'), ('staging', 'dict_tariffs'), ('staging', 'cards'), ('staging', 'dict_merchants'), ('staging', 'dict_regions'), ('staging', 'transactions')]
[2026-02-26T17:56:23.757+0000] {base.py:84} INFO - Using connection ID 'minio_conn_id' for task execution.
[2026-02-26T17:56:23.763+0000] {connection_wrapper.py:384} INFO - AWS Connection (conn_id='minio_conn_id', conn_type='aws') credentials retrieved from login and ***.
[2026-02-26T17:56:26.493+0000] {base.py:84} INFO - Using connection ID 'postgres_dwh' for task execution.
[2026-02-26T17:56:26.539+0000] {logging_mixin.py:188} INFO - Successfully loaded dict_mcc using copy_expert
[2026-02-26T17:56:26.541+0000] {python.py:237} INFO - Done. Returned value was: None
[2026-02-26T17:56:26.542+0000] {taskinstance.py:441} INFO - ::group::Post task execution logs
[2026-02-26T17:56:26.601+0000] {taskinstance.py:1206} INFO - Marking task as SUCCESS. dag_id=oltp_s3_dwh, task_id=upload_s3_to_dwh_dict_mcc, run_id=scheduled__2025-12-01T00:00:00+00:00, execution_date=20251201T000000, start_date=20260226T175622, end_date=20260226T175626
[2026-02-26T17:56:26.685+0000] {local_task_job_runner.py:243} INFO - Task exited with return code 0
[2026-02-26T17:56:26.703+0000] {local_task_job_runner.py:222} INFO - ::endgroup::
[2026-02-27T19:01:57.442+0000] {local_task_job_runner.py:120} INFO - ::group::Pre task execution logs
[2026-02-27T19:01:57.506+0000] {taskinstance.py:2076} INFO - Dependencies all met for dep_context=non-requeueable deps ti=<TaskInstance: oltp_s3_dwh.upload_s3_to_dwh_dict_mcc scheduled__2025-12-01T00:00:00+00:00 [queued]>
[2026-02-27T19:01:57.524+0000] {taskinstance.py:2076} INFO - Dependencies all met for dep_context=requeueable deps ti=<TaskInstance: oltp_s3_dwh.upload_s3_to_dwh_dict_mcc scheduled__2025-12-01T00:00:00+00:00 [queued]>
[2026-02-27T19:01:57.525+0000] {taskinstance.py:2306} INFO - Starting attempt 1 of 1
[2026-02-27T19:01:57.583+0000] {taskinstance.py:2330} INFO - Executing <Task(PythonOperator): upload_s3_to_dwh_dict_mcc> on 2025-12-01 00:00:00+00:00
[2026-02-27T19:01:57.604+0000] {logging_mixin.py:188} WARNING - /home/***/.local/lib/python3.12/site-packages/***/task/task_runner/standard_task_runner.py:62 DeprecationWarning: This process (pid=33093) is multi-threaded, use of fork() may lead to deadlocks in the child.
[2026-02-27T19:01:57.619+0000] {standard_task_runner.py:64} INFO - Started process 33107 to run task
[2026-02-27T19:01:57.629+0000] {standard_task_runner.py:90} INFO - Running: ['***', 'tasks', 'run', 'oltp_s3_dwh', 'upload_s3_to_dwh_dict_mcc', 'scheduled__2025-12-01T00:00:00+00:00', '--job-id', '1750', '--raw', '--subdir', 'DAGS_FOLDER/oltp_s3_dwh.py', '--cfg-path', '/tmp/tmpmykv11lz']
[2026-02-27T19:01:57.633+0000] {standard_task_runner.py:91} INFO - Job 1750: Subtask upload_s3_to_dwh_dict_mcc
[2026-02-27T19:01:57.763+0000] {task_command.py:426} INFO - Running <TaskInstance: oltp_s3_dwh.upload_s3_to_dwh_dict_mcc scheduled__2025-12-01T00:00:00+00:00 [running]> on host 31b45edbecf3
[2026-02-27T19:01:57.980+0000] {taskinstance.py:2648} INFO - Exporting env vars: AIRFLOW_CTX_DAG_OWNER='***' AIRFLOW_CTX_DAG_ID='oltp_s3_dwh' AIRFLOW_CTX_TASK_ID='upload_s3_to_dwh_dict_mcc' AIRFLOW_CTX_EXECUTION_DATE='2025-12-01T00:00:00+00:00' AIRFLOW_CTX_TRY_NUMBER='1' AIRFLOW_CTX_DAG_RUN_ID='scheduled__2025-12-01T00:00:00+00:00'
[2026-02-27T19:01:57.983+0000] {taskinstance.py:430} INFO - ::endgroup::
[2026-02-27T19:01:58.053+0000] {base.py:84} INFO - Using connection ID 'postgres_dwh' for task execution.
[2026-02-27T19:01:58.070+0000] {sql.py:495} INFO - Running statement: SELECT table_schema, table_name FROM information_schema.tables WHERE table_schema = 'staging';, parameters: None
[2026-02-27T19:01:58.074+0000] {sql.py:504} INFO - Rows affected: 9
[2026-02-27T19:01:58.076+0000] {logging_mixin.py:188} INFO - DEBUG: Доступные таблицы в схеме staging: [('staging', 'exchange_rates'), ('staging', 'cards'), ('staging', 'users'), ('staging', 'accounts'), ('staging', 'dict_tariffs'), ('staging', 'dict_merchants'), ('staging', 'dict_mcc'), ('staging', 'dict_regions'), ('staging', 'transactions')]
[2026-02-27T19:01:58.110+0000] {base.py:84} INFO - Using connection ID 'minio_conn_id' for task execution.
[2026-02-27T19:01:58.112+0000] {connection_wrapper.py:384} INFO - AWS Connection (conn_id='minio_conn_id', conn_type='aws') credentials retrieved from login and ***.
[2026-02-27T19:01:59.396+0000] {base.py:84} INFO - Using connection ID 'postgres_dwh' for task execution.
[2026-02-27T19:01:59.411+0000] {logging_mixin.py:188} INFO - Successfully loaded dict_mcc using copy_expert
[2026-02-27T19:01:59.413+0000] {python.py:237} INFO - Done. Returned value was: None
[2026-02-27T19:01:59.414+0000] {taskinstance.py:441} INFO - ::group::Post task execution logs
[2026-02-27T19:01:59.429+0000] {taskinstance.py:1206} INFO - Marking task as SUCCESS. dag_id=oltp_s3_dwh, task_id=upload_s3_to_dwh_dict_mcc, run_id=scheduled__2025-12-01T00:00:00+00:00, execution_date=20251201T000000, start_date=20260227T190157, end_date=20260227T190159
[2026-02-27T19:01:59.512+0000] {local_task_job_runner.py:243} INFO - Task exited with return code 0
[2026-02-27T19:01:59.528+0000] {local_task_job_runner.py:222} INFO - ::endgroup::
