[2026-02-27T10:30:10.509+0000] {local_task_job_runner.py:120} INFO - ::group::Pre task execution logs
[2026-02-27T10:30:10.547+0000] {taskinstance.py:2076} INFO - Dependencies all met for dep_context=non-requeueable deps ti=<TaskInstance: staging_to_core.wait_for_accounts scheduled__2025-03-01T00:00:00+00:00 [queued]>
[2026-02-27T10:30:10.556+0000] {taskinstance.py:2076} INFO - Dependencies all met for dep_context=requeueable deps ti=<TaskInstance: staging_to_core.wait_for_accounts scheduled__2025-03-01T00:00:00+00:00 [queued]>
[2026-02-27T10:30:10.557+0000] {taskinstance.py:2306} INFO - Starting attempt 1 of 1
[2026-02-27T10:30:10.572+0000] {taskinstance.py:2330} INFO - Executing <Task(ExternalTaskSensor): wait_for_accounts> on 2025-03-01 00:00:00+00:00
[2026-02-27T10:30:10.580+0000] {logging_mixin.py:188} WARNING - /home/***/.local/lib/python3.12/site-packages/***/task/task_runner/standard_task_runner.py:62 DeprecationWarning: This process (pid=9158) is multi-threaded, use of fork() may lead to deadlocks in the child.
[2026-02-27T10:30:10.580+0000] {standard_task_runner.py:90} INFO - Running: ['***', 'tasks', 'run', 'staging_to_core', 'wait_for_accounts', 'scheduled__2025-03-01T00:00:00+00:00', '--job-id', '1335', '--raw', '--subdir', 'DAGS_FOLDER/staging_to_core.py', '--cfg-path', '/tmp/tmpwzk6j94i']
[2026-02-27T10:30:10.582+0000] {standard_task_runner.py:64} INFO - Started process 9159 to run task
[2026-02-27T10:30:10.582+0000] {standard_task_runner.py:91} INFO - Job 1335: Subtask wait_for_accounts
[2026-02-27T10:30:10.636+0000] {task_command.py:426} INFO - Running <TaskInstance: staging_to_core.wait_for_accounts scheduled__2025-03-01T00:00:00+00:00 [running]> on host 31b45edbecf3
[2026-02-27T10:30:10.728+0000] {taskinstance.py:2648} INFO - Exporting env vars: AIRFLOW_CTX_DAG_OWNER='***' AIRFLOW_CTX_DAG_ID='staging_to_core' AIRFLOW_CTX_TASK_ID='wait_for_accounts' AIRFLOW_CTX_EXECUTION_DATE='2025-03-01T00:00:00+00:00' AIRFLOW_CTX_TRY_NUMBER='1' AIRFLOW_CTX_DAG_RUN_ID='scheduled__2025-03-01T00:00:00+00:00'
[2026-02-27T10:30:10.730+0000] {taskinstance.py:430} INFO - ::endgroup::
[2026-02-27T10:30:10.746+0000] {baseoperator.py:400} WARNING - ExternalTaskSensor.execute cannot be called outside TaskInstance!
[2026-02-27T10:30:10.760+0000] {external_task.py:258} INFO - Poking for tasks ['upload_s3_to_dwh_accounts'] in dag oltp_s3_dwh on 2025-03-01T00:00:00+00:00 ... 
[2026-02-27T10:30:10.763+0000] {logging_mixin.py:188} WARNING - /home/***/.local/lib/python3.12/site-packages/***/utils/session.py:79 DeprecationWarning: This method is deprecated and will be removed in future.
[2026-02-27T10:30:10.775+0000] {base.py:294} INFO - Success criteria met. Exiting.
[2026-02-27T10:30:10.776+0000] {taskinstance.py:441} INFO - ::group::Post task execution logs
[2026-02-27T10:30:10.787+0000] {taskinstance.py:1206} INFO - Marking task as SUCCESS. dag_id=staging_to_core, task_id=wait_for_accounts, run_id=scheduled__2025-03-01T00:00:00+00:00, execution_date=20250301T000000, start_date=20260227T103010, end_date=20260227T103010
[2026-02-27T10:30:10.840+0000] {local_task_job_runner.py:243} INFO - Task exited with return code 0
[2026-02-27T10:30:10.853+0000] {logging_mixin.py:188} WARNING - /home/***/.local/lib/python3.12/site-packages/***/models/baseoperator.py:1297 AirflowProviderDeprecationWarning: Call to deprecated class PostgresOperator. (Please use `***.providers.common.sql.operators.sql.SQLExecuteQueryOperator`.Also, you can provide `hook_params={'schema': <database>}`.)
[2026-02-27T10:30:10.882+0000] {taskinstance.py:3503} INFO - 1 downstream tasks scheduled from follow-on schedule check
[2026-02-27T10:30:10.886+0000] {local_task_job_runner.py:222} INFO - ::endgroup::
[2026-02-27T19:01:50.260+0000] {local_task_job_runner.py:120} INFO - ::group::Pre task execution logs
[2026-02-27T19:01:50.300+0000] {taskinstance.py:2076} INFO - Dependencies all met for dep_context=non-requeueable deps ti=<TaskInstance: staging_to_core.wait_for_accounts scheduled__2025-03-01T00:00:00+00:00 [queued]>
[2026-02-27T19:01:50.309+0000] {taskinstance.py:2076} INFO - Dependencies all met for dep_context=requeueable deps ti=<TaskInstance: staging_to_core.wait_for_accounts scheduled__2025-03-01T00:00:00+00:00 [queued]>
[2026-02-27T19:01:50.310+0000] {taskinstance.py:2306} INFO - Starting attempt 1 of 1
[2026-02-27T19:01:50.325+0000] {taskinstance.py:2330} INFO - Executing <Task(ExternalTaskSensor): wait_for_accounts> on 2025-03-01 00:00:00+00:00
[2026-02-27T19:01:50.334+0000] {logging_mixin.py:188} WARNING - /home/***/.local/lib/python3.12/site-packages/***/task/task_runner/standard_task_runner.py:62 DeprecationWarning: This process (pid=33026) is multi-threaded, use of fork() may lead to deadlocks in the child.
[2026-02-27T19:01:50.334+0000] {standard_task_runner.py:90} INFO - Running: ['***', 'tasks', 'run', 'staging_to_core', 'wait_for_accounts', 'scheduled__2025-03-01T00:00:00+00:00', '--job-id', '1735', '--raw', '--subdir', 'DAGS_FOLDER/staging_to_core.py', '--cfg-path', '/tmp/tmpv27113vu']
[2026-02-27T19:01:50.336+0000] {standard_task_runner.py:64} INFO - Started process 33027 to run task
[2026-02-27T19:01:50.336+0000] {standard_task_runner.py:91} INFO - Job 1735: Subtask wait_for_accounts
[2026-02-27T19:01:50.394+0000] {task_command.py:426} INFO - Running <TaskInstance: staging_to_core.wait_for_accounts scheduled__2025-03-01T00:00:00+00:00 [running]> on host 31b45edbecf3
[2026-02-27T19:01:50.495+0000] {taskinstance.py:2648} INFO - Exporting env vars: AIRFLOW_CTX_DAG_OWNER='***' AIRFLOW_CTX_DAG_ID='staging_to_core' AIRFLOW_CTX_TASK_ID='wait_for_accounts' AIRFLOW_CTX_EXECUTION_DATE='2025-03-01T00:00:00+00:00' AIRFLOW_CTX_TRY_NUMBER='1' AIRFLOW_CTX_DAG_RUN_ID='scheduled__2025-03-01T00:00:00+00:00'
[2026-02-27T19:01:50.497+0000] {taskinstance.py:430} INFO - ::endgroup::
[2026-02-27T19:01:50.514+0000] {baseoperator.py:400} WARNING - ExternalTaskSensor.execute cannot be called outside TaskInstance!
[2026-02-27T19:01:50.524+0000] {external_task.py:258} INFO - Poking for tasks ['upload_s3_to_dwh_accounts'] in dag oltp_s3_dwh on 2025-03-01T00:00:00+00:00 ... 
[2026-02-27T19:01:50.527+0000] {logging_mixin.py:188} WARNING - /home/***/.local/lib/python3.12/site-packages/***/utils/session.py:79 DeprecationWarning: This method is deprecated and will be removed in future.
[2026-02-27T19:01:50.538+0000] {base.py:294} INFO - Success criteria met. Exiting.
[2026-02-27T19:01:50.539+0000] {taskinstance.py:441} INFO - ::group::Post task execution logs
[2026-02-27T19:01:50.551+0000] {taskinstance.py:1206} INFO - Marking task as SUCCESS. dag_id=staging_to_core, task_id=wait_for_accounts, run_id=scheduled__2025-03-01T00:00:00+00:00, execution_date=20250301T000000, start_date=20260227T190150, end_date=20260227T190150
[2026-02-27T19:01:50.594+0000] {local_task_job_runner.py:243} INFO - Task exited with return code 0
[2026-02-27T19:01:50.607+0000] {logging_mixin.py:188} WARNING - /home/***/.local/lib/python3.12/site-packages/***/models/baseoperator.py:1297 AirflowProviderDeprecationWarning: Call to deprecated class PostgresOperator. (Please use `***.providers.common.sql.operators.sql.SQLExecuteQueryOperator`.Also, you can provide `hook_params={'schema': <database>}`.)
[2026-02-27T19:01:50.636+0000] {taskinstance.py:3503} INFO - 1 downstream tasks scheduled from follow-on schedule check
[2026-02-27T19:01:50.649+0000] {local_task_job_runner.py:222} INFO - ::endgroup::
