[2026-02-26T12:07:21.171+0000] {local_task_job_runner.py:120} INFO - ::group::Pre task execution logs
[2026-02-26T12:07:21.252+0000] {taskinstance.py:2076} INFO - Dependencies all met for dep_context=non-requeueable deps ti=<TaskInstance: oltp_s3_dwh.upload_postgre_to_s3_dict_regions scheduled__2025-10-01T00:00:00+00:00 [queued]>
[2026-02-26T12:07:21.346+0000] {taskinstance.py:2076} INFO - Dependencies all met for dep_context=requeueable deps ti=<TaskInstance: oltp_s3_dwh.upload_postgre_to_s3_dict_regions scheduled__2025-10-01T00:00:00+00:00 [queued]>
[2026-02-26T12:07:21.349+0000] {taskinstance.py:2306} INFO - Starting attempt 1 of 1
[2026-02-26T12:07:21.437+0000] {taskinstance.py:2330} INFO - Executing <Task(PythonOperator): upload_postgre_to_s3_dict_regions> on 2025-10-01 00:00:00+00:00
[2026-02-26T12:07:21.488+0000] {logging_mixin.py:188} WARNING - /home/***/.local/lib/python3.12/site-packages/***/task/task_runner/standard_task_runner.py:62 DeprecationWarning: This process (pid=4750) is multi-threaded, use of fork() may lead to deadlocks in the child.
[2026-02-26T12:07:21.505+0000] {standard_task_runner.py:64} INFO - Started process 4789 to run task
[2026-02-26T12:07:21.508+0000] {standard_task_runner.py:90} INFO - Running: ['***', 'tasks', 'run', 'oltp_s3_dwh', 'upload_postgre_to_s3_dict_regions', 'scheduled__2025-10-01T00:00:00+00:00', '--job-id', '1067', '--raw', '--subdir', 'DAGS_FOLDER/oltp_s3_dwh_dict.py', '--cfg-path', '/tmp/tmp4vod398s']
[2026-02-26T12:07:21.539+0000] {standard_task_runner.py:91} INFO - Job 1067: Subtask upload_postgre_to_s3_dict_regions
[2026-02-26T12:07:22.051+0000] {task_command.py:426} INFO - Running <TaskInstance: oltp_s3_dwh.upload_postgre_to_s3_dict_regions scheduled__2025-10-01T00:00:00+00:00 [running]> on host 31b45edbecf3
[2026-02-26T12:07:22.532+0000] {taskinstance.py:2648} INFO - Exporting env vars: AIRFLOW_CTX_DAG_OWNER='***' AIRFLOW_CTX_DAG_ID='oltp_s3_dwh' AIRFLOW_CTX_TASK_ID='upload_postgre_to_s3_dict_regions' AIRFLOW_CTX_EXECUTION_DATE='2025-10-01T00:00:00+00:00' AIRFLOW_CTX_TRY_NUMBER='1' AIRFLOW_CTX_DAG_RUN_ID='scheduled__2025-10-01T00:00:00+00:00'
[2026-02-26T12:07:22.543+0000] {taskinstance.py:430} INFO - ::endgroup::
[2026-02-26T12:07:22.721+0000] {base.py:84} INFO - Using connection ID 'postgres_oltp' for task execution.
[2026-02-26T12:07:22.754+0000] {logging_mixin.py:188} WARNING - /home/***/.local/lib/python3.12/site-packages/***/providers/common/sql/hooks/sql.py:269 UserWarning: pandas only supports SQLAlchemy connectable (engine/connection) or database string URI or sqlite3 DBAPI2 connection. Other DBAPI2 objects are not tested. Please consider using SQLAlchemy.
[2026-02-26T12:07:22.929+0000] {base.py:84} INFO - Using connection ID 'minio_conn_id' for task execution.
[2026-02-26T12:07:22.936+0000] {connection_wrapper.py:384} INFO - AWS Connection (conn_id='minio_conn_id', conn_type='aws') credentials retrieved from login and ***.
[2026-02-26T12:07:24.654+0000] {python.py:237} INFO - Done. Returned value was: None
[2026-02-26T12:07:24.655+0000] {taskinstance.py:441} INFO - ::group::Post task execution logs
[2026-02-26T12:07:24.666+0000] {taskinstance.py:1206} INFO - Marking task as SUCCESS. dag_id=oltp_s3_dwh, task_id=upload_postgre_to_s3_dict_regions, run_id=scheduled__2025-10-01T00:00:00+00:00, execution_date=20251001T000000, start_date=20260226T120721, end_date=20260226T120724
[2026-02-26T12:07:24.742+0000] {local_task_job_runner.py:243} INFO - Task exited with return code 0
[2026-02-26T12:07:24.801+0000] {taskinstance.py:3503} INFO - 0 downstream tasks scheduled from follow-on schedule check
[2026-02-26T12:07:24.824+0000] {local_task_job_runner.py:222} INFO - ::endgroup::
[2026-02-27T19:01:28.790+0000] {local_task_job_runner.py:120} INFO - ::group::Pre task execution logs
[2026-02-27T19:01:28.838+0000] {taskinstance.py:2076} INFO - Dependencies all met for dep_context=non-requeueable deps ti=<TaskInstance: oltp_s3_dwh.upload_postgre_to_s3_dict_regions scheduled__2025-10-01T00:00:00+00:00 [queued]>
[2026-02-27T19:01:28.858+0000] {taskinstance.py:2076} INFO - Dependencies all met for dep_context=requeueable deps ti=<TaskInstance: oltp_s3_dwh.upload_postgre_to_s3_dict_regions scheduled__2025-10-01T00:00:00+00:00 [queued]>
[2026-02-27T19:01:28.860+0000] {taskinstance.py:2306} INFO - Starting attempt 1 of 1
[2026-02-27T19:01:28.953+0000] {taskinstance.py:2330} INFO - Executing <Task(PythonOperator): upload_postgre_to_s3_dict_regions> on 2025-10-01 00:00:00+00:00
[2026-02-27T19:01:28.974+0000] {logging_mixin.py:188} WARNING - /home/***/.local/lib/python3.12/site-packages/***/task/task_runner/standard_task_runner.py:62 DeprecationWarning: This process (pid=32835) is multi-threaded, use of fork() may lead to deadlocks in the child.
[2026-02-27T19:01:28.976+0000] {standard_task_runner.py:64} INFO - Started process 32852 to run task
[2026-02-27T19:01:28.979+0000] {standard_task_runner.py:90} INFO - Running: ['***', 'tasks', 'run', 'oltp_s3_dwh', 'upload_postgre_to_s3_dict_regions', 'scheduled__2025-10-01T00:00:00+00:00', '--job-id', '1700', '--raw', '--subdir', 'DAGS_FOLDER/oltp_s3_dwh.py', '--cfg-path', '/tmp/tmpx3ja2yiu']
[2026-02-27T19:01:28.997+0000] {standard_task_runner.py:91} INFO - Job 1700: Subtask upload_postgre_to_s3_dict_regions
[2026-02-27T19:01:29.264+0000] {task_command.py:426} INFO - Running <TaskInstance: oltp_s3_dwh.upload_postgre_to_s3_dict_regions scheduled__2025-10-01T00:00:00+00:00 [running]> on host 31b45edbecf3
[2026-02-27T19:01:29.723+0000] {taskinstance.py:2648} INFO - Exporting env vars: AIRFLOW_CTX_DAG_OWNER='***' AIRFLOW_CTX_DAG_ID='oltp_s3_dwh' AIRFLOW_CTX_TASK_ID='upload_postgre_to_s3_dict_regions' AIRFLOW_CTX_EXECUTION_DATE='2025-10-01T00:00:00+00:00' AIRFLOW_CTX_TRY_NUMBER='1' AIRFLOW_CTX_DAG_RUN_ID='scheduled__2025-10-01T00:00:00+00:00'
[2026-02-27T19:01:29.726+0000] {taskinstance.py:430} INFO - ::endgroup::
[2026-02-27T19:01:29.824+0000] {base.py:84} INFO - Using connection ID 'postgres_oltp' for task execution.
[2026-02-27T19:01:29.875+0000] {logging_mixin.py:188} WARNING - /home/***/.local/lib/python3.12/site-packages/***/providers/common/sql/hooks/sql.py:269 UserWarning: pandas only supports SQLAlchemy connectable (engine/connection) or database string URI or sqlite3 DBAPI2 connection. Other DBAPI2 objects are not tested. Please consider using SQLAlchemy.
[2026-02-27T19:01:29.975+0000] {base.py:84} INFO - Using connection ID 'minio_conn_id' for task execution.
[2026-02-27T19:01:29.984+0000] {connection_wrapper.py:384} INFO - AWS Connection (conn_id='minio_conn_id', conn_type='aws') credentials retrieved from login and ***.
[2026-02-27T19:01:30.812+0000] {python.py:237} INFO - Done. Returned value was: None
[2026-02-27T19:01:30.813+0000] {taskinstance.py:441} INFO - ::group::Post task execution logs
[2026-02-27T19:01:30.830+0000] {taskinstance.py:1206} INFO - Marking task as SUCCESS. dag_id=oltp_s3_dwh, task_id=upload_postgre_to_s3_dict_regions, run_id=scheduled__2025-10-01T00:00:00+00:00, execution_date=20251001T000000, start_date=20260227T190128, end_date=20260227T190130
[2026-02-27T19:01:31.040+0000] {local_task_job_runner.py:243} INFO - Task exited with return code 0
[2026-02-27T19:01:31.097+0000] {taskinstance.py:3503} INFO - 1 downstream tasks scheduled from follow-on schedule check
[2026-02-27T19:01:31.157+0000] {local_task_job_runner.py:222} INFO - ::endgroup::
