[2026-02-27T10:31:27.400+0000] {local_task_job_runner.py:120} INFO - ::group::Pre task execution logs
[2026-02-27T10:31:27.445+0000] {taskinstance.py:2076} INFO - Dependencies all met for dep_context=non-requeueable deps ti=<TaskInstance: staging_to_core.wait_for_accounts scheduled__2025-07-01T00:00:00+00:00 [queued]>
[2026-02-27T10:31:27.458+0000] {taskinstance.py:2076} INFO - Dependencies all met for dep_context=requeueable deps ti=<TaskInstance: staging_to_core.wait_for_accounts scheduled__2025-07-01T00:00:00+00:00 [queued]>
[2026-02-27T10:31:27.459+0000] {taskinstance.py:2306} INFO - Starting attempt 1 of 1
[2026-02-27T10:31:27.478+0000] {taskinstance.py:2330} INFO - Executing <Task(ExternalTaskSensor): wait_for_accounts> on 2025-07-01 00:00:00+00:00
[2026-02-27T10:31:27.488+0000] {standard_task_runner.py:90} INFO - Running: ['***', 'tasks', 'run', 'staging_to_core', 'wait_for_accounts', 'scheduled__2025-07-01T00:00:00+00:00', '--job-id', '1399', '--raw', '--subdir', 'DAGS_FOLDER/staging_to_core.py', '--cfg-path', '/tmp/tmpq8q6itgm']
[2026-02-27T10:31:27.492+0000] {standard_task_runner.py:91} INFO - Job 1399: Subtask wait_for_accounts
[2026-02-27T10:31:27.492+0000] {logging_mixin.py:188} WARNING - /home/***/.local/lib/python3.12/site-packages/***/task/task_runner/standard_task_runner.py:62 DeprecationWarning: This process (pid=9367) is multi-threaded, use of fork() may lead to deadlocks in the child.
[2026-02-27T10:31:27.494+0000] {standard_task_runner.py:64} INFO - Started process 9368 to run task
[2026-02-27T10:31:27.572+0000] {task_command.py:426} INFO - Running <TaskInstance: staging_to_core.wait_for_accounts scheduled__2025-07-01T00:00:00+00:00 [running]> on host 31b45edbecf3
[2026-02-27T10:31:27.686+0000] {taskinstance.py:2648} INFO - Exporting env vars: AIRFLOW_CTX_DAG_OWNER='***' AIRFLOW_CTX_DAG_ID='staging_to_core' AIRFLOW_CTX_TASK_ID='wait_for_accounts' AIRFLOW_CTX_EXECUTION_DATE='2025-07-01T00:00:00+00:00' AIRFLOW_CTX_TRY_NUMBER='1' AIRFLOW_CTX_DAG_RUN_ID='scheduled__2025-07-01T00:00:00+00:00'
[2026-02-27T10:31:27.688+0000] {taskinstance.py:430} INFO - ::endgroup::
[2026-02-27T10:31:27.705+0000] {baseoperator.py:400} WARNING - ExternalTaskSensor.execute cannot be called outside TaskInstance!
[2026-02-27T10:31:27.720+0000] {external_task.py:258} INFO - Poking for tasks ['upload_s3_to_dwh_accounts'] in dag oltp_s3_dwh on 2025-07-01T00:00:00+00:00 ... 
[2026-02-27T10:31:27.724+0000] {logging_mixin.py:188} WARNING - /home/***/.local/lib/python3.12/site-packages/***/utils/session.py:79 DeprecationWarning: This method is deprecated and will be removed in future.
[2026-02-27T10:31:27.747+0000] {base.py:294} INFO - Success criteria met. Exiting.
[2026-02-27T10:31:27.748+0000] {taskinstance.py:441} INFO - ::group::Post task execution logs
[2026-02-27T10:31:27.763+0000] {taskinstance.py:1206} INFO - Marking task as SUCCESS. dag_id=staging_to_core, task_id=wait_for_accounts, run_id=scheduled__2025-07-01T00:00:00+00:00, execution_date=20250701T000000, start_date=20260227T103127, end_date=20260227T103127
[2026-02-27T10:31:27.791+0000] {local_task_job_runner.py:243} INFO - Task exited with return code 0
[2026-02-27T10:31:27.805+0000] {logging_mixin.py:188} WARNING - /home/***/.local/lib/python3.12/site-packages/***/models/baseoperator.py:1297 AirflowProviderDeprecationWarning: Call to deprecated class PostgresOperator. (Please use `***.providers.common.sql.operators.sql.SQLExecuteQueryOperator`.Also, you can provide `hook_params={'schema': <database>}`.)
[2026-02-27T10:31:27.839+0000] {taskinstance.py:3503} INFO - 1 downstream tasks scheduled from follow-on schedule check
[2026-02-27T10:31:27.844+0000] {local_task_job_runner.py:222} INFO - ::endgroup::
[2026-02-27T19:03:18.225+0000] {local_task_job_runner.py:120} INFO - ::group::Pre task execution logs
[2026-02-27T19:03:18.261+0000] {taskinstance.py:2076} INFO - Dependencies all met for dep_context=non-requeueable deps ti=<TaskInstance: staging_to_core.wait_for_accounts scheduled__2025-07-01T00:00:00+00:00 [queued]>
[2026-02-27T19:03:18.271+0000] {taskinstance.py:2076} INFO - Dependencies all met for dep_context=requeueable deps ti=<TaskInstance: staging_to_core.wait_for_accounts scheduled__2025-07-01T00:00:00+00:00 [queued]>
[2026-02-27T19:03:18.273+0000] {taskinstance.py:2306} INFO - Starting attempt 1 of 1
[2026-02-27T19:03:18.287+0000] {taskinstance.py:2330} INFO - Executing <Task(ExternalTaskSensor): wait_for_accounts> on 2025-07-01 00:00:00+00:00
[2026-02-27T19:03:18.295+0000] {logging_mixin.py:188} WARNING - /home/***/.local/lib/python3.12/site-packages/***/task/task_runner/standard_task_runner.py:62 DeprecationWarning: This process (pid=33419) is multi-threaded, use of fork() may lead to deadlocks in the child.
[2026-02-27T19:03:18.296+0000] {standard_task_runner.py:64} INFO - Started process 33420 to run task
[2026-02-27T19:03:18.295+0000] {standard_task_runner.py:90} INFO - Running: ['***', 'tasks', 'run', 'staging_to_core', 'wait_for_accounts', 'scheduled__2025-07-01T00:00:00+00:00', '--job-id', '1831', '--raw', '--subdir', 'DAGS_FOLDER/staging_to_core.py', '--cfg-path', '/tmp/tmpzjayrcge']
[2026-02-27T19:03:18.299+0000] {standard_task_runner.py:91} INFO - Job 1831: Subtask wait_for_accounts
[2026-02-27T19:03:18.354+0000] {task_command.py:426} INFO - Running <TaskInstance: staging_to_core.wait_for_accounts scheduled__2025-07-01T00:00:00+00:00 [running]> on host 31b45edbecf3
[2026-02-27T19:03:18.471+0000] {taskinstance.py:2648} INFO - Exporting env vars: AIRFLOW_CTX_DAG_OWNER='***' AIRFLOW_CTX_DAG_ID='staging_to_core' AIRFLOW_CTX_TASK_ID='wait_for_accounts' AIRFLOW_CTX_EXECUTION_DATE='2025-07-01T00:00:00+00:00' AIRFLOW_CTX_TRY_NUMBER='1' AIRFLOW_CTX_DAG_RUN_ID='scheduled__2025-07-01T00:00:00+00:00'
[2026-02-27T19:03:18.472+0000] {taskinstance.py:430} INFO - ::endgroup::
[2026-02-27T19:03:18.491+0000] {baseoperator.py:400} WARNING - ExternalTaskSensor.execute cannot be called outside TaskInstance!
[2026-02-27T19:03:18.502+0000] {external_task.py:258} INFO - Poking for tasks ['upload_s3_to_dwh_accounts'] in dag oltp_s3_dwh on 2025-07-01T00:00:00+00:00 ... 
[2026-02-27T19:03:18.505+0000] {logging_mixin.py:188} WARNING - /home/***/.local/lib/python3.12/site-packages/***/utils/session.py:79 DeprecationWarning: This method is deprecated and will be removed in future.
[2026-02-27T19:03:18.520+0000] {base.py:294} INFO - Success criteria met. Exiting.
[2026-02-27T19:03:18.521+0000] {taskinstance.py:441} INFO - ::group::Post task execution logs
[2026-02-27T19:03:18.533+0000] {taskinstance.py:1206} INFO - Marking task as SUCCESS. dag_id=staging_to_core, task_id=wait_for_accounts, run_id=scheduled__2025-07-01T00:00:00+00:00, execution_date=20250701T000000, start_date=20260227T190318, end_date=20260227T190318
[2026-02-27T19:03:18.555+0000] {local_task_job_runner.py:243} INFO - Task exited with return code 0
[2026-02-27T19:03:18.567+0000] {logging_mixin.py:188} WARNING - /home/***/.local/lib/python3.12/site-packages/***/models/baseoperator.py:1297 AirflowProviderDeprecationWarning: Call to deprecated class PostgresOperator. (Please use `***.providers.common.sql.operators.sql.SQLExecuteQueryOperator`.Also, you can provide `hook_params={'schema': <database>}`.)
[2026-02-27T19:03:18.598+0000] {taskinstance.py:3503} INFO - 1 downstream tasks scheduled from follow-on schedule check
[2026-02-27T19:03:18.601+0000] {local_task_job_runner.py:222} INFO - ::endgroup::
