[2026-02-20T12:35:07.354+0000] {local_task_job_runner.py:120} INFO - ::group::Pre task execution logs
[2026-02-20T12:35:07.383+0000] {taskinstance.py:2076} INFO - Dependencies all met for dep_context=non-requeueable deps ti=<TaskInstance: load_cb_courses.extract_cbr scheduled__2025-11-06T00:00:00+00:00 [queued]>
[2026-02-20T12:35:07.398+0000] {taskinstance.py:2076} INFO - Dependencies all met for dep_context=requeueable deps ti=<TaskInstance: load_cb_courses.extract_cbr scheduled__2025-11-06T00:00:00+00:00 [queued]>
[2026-02-20T12:35:07.399+0000] {taskinstance.py:2306} INFO - Starting attempt 1 of 1
[2026-02-20T12:35:07.419+0000] {taskinstance.py:2330} INFO - Executing <Task(PythonOperator): extract_cbr> on 2025-11-06 00:00:00+00:00
[2026-02-20T12:35:07.436+0000] {logging_mixin.py:188} WARNING - /home/***/.local/lib/python3.12/site-packages/***/task/task_runner/standard_task_runner.py:62 DeprecationWarning: This process (pid=8204) is multi-threaded, use of fork() may lead to deadlocks in the child.
[2026-02-20T12:35:07.438+0000] {standard_task_runner.py:64} INFO - Started process 8210 to run task
[2026-02-20T12:35:07.439+0000] {standard_task_runner.py:90} INFO - Running: ['***', 'tasks', 'run', 'load_cb_courses', 'extract_cbr', 'scheduled__2025-11-06T00:00:00+00:00', '--job-id', '620', '--raw', '--subdir', 'DAGS_FOLDER/api_cb.py', '--cfg-path', '/tmp/tmpommceb78']
[2026-02-20T12:35:07.443+0000] {standard_task_runner.py:91} INFO - Job 620: Subtask extract_cbr
[2026-02-20T12:35:07.534+0000] {task_command.py:426} INFO - Running <TaskInstance: load_cb_courses.extract_cbr scheduled__2025-11-06T00:00:00+00:00 [running]> on host 78aa58ce5a8d
[2026-02-20T12:35:07.656+0000] {taskinstance.py:2648} INFO - Exporting env vars: AIRFLOW_CTX_DAG_OWNER='Umar Mazoriev' AIRFLOW_CTX_DAG_ID='load_cb_courses' AIRFLOW_CTX_TASK_ID='extract_cbr' AIRFLOW_CTX_EXECUTION_DATE='2025-11-06T00:00:00+00:00' AIRFLOW_CTX_TRY_NUMBER='1' AIRFLOW_CTX_DAG_RUN_ID='scheduled__2025-11-06T00:00:00+00:00'
[2026-02-20T12:35:07.661+0000] {taskinstance.py:430} INFO - ::endgroup::
[2026-02-20T12:35:08.114+0000] {base.py:84} INFO - Using connection ID 'minio_conn_id' for task execution.
[2026-02-20T12:35:08.115+0000] {connection_wrapper.py:384} INFO - AWS Connection (conn_id='minio_conn_id', conn_type='aws') credentials retrieved from login and password.
[2026-02-20T12:35:08.489+0000] {python.py:237} INFO - Done. Returned value was: raw/cbr/rates_2025-11-06.csv
[2026-02-20T12:35:08.489+0000] {taskinstance.py:441} INFO - ::group::Post task execution logs
[2026-02-20T12:35:08.522+0000] {taskinstance.py:1206} INFO - Marking task as SUCCESS. dag_id=load_cb_courses, task_id=extract_cbr, run_id=scheduled__2025-11-06T00:00:00+00:00, execution_date=20251106T000000, start_date=20260220T123507, end_date=20260220T123508
[2026-02-20T12:35:08.589+0000] {local_task_job_runner.py:243} INFO - Task exited with return code 0
[2026-02-20T12:35:08.619+0000] {taskinstance.py:3503} INFO - 1 downstream tasks scheduled from follow-on schedule check
[2026-02-20T12:35:08.623+0000] {local_task_job_runner.py:222} INFO - ::endgroup::
