[2026-02-27T10:30:38.748+0000] {local_task_job_runner.py:120} INFO - ::group::Pre task execution logs
[2026-02-27T10:30:38.795+0000] {taskinstance.py:2076} INFO - Dependencies all met for dep_context=non-requeueable deps ti=<TaskInstance: staging_to_core.wait_for_dict_mcc scheduled__2025-05-01T00:00:00+00:00 [queued]>
[2026-02-27T10:30:38.808+0000] {taskinstance.py:2076} INFO - Dependencies all met for dep_context=requeueable deps ti=<TaskInstance: staging_to_core.wait_for_dict_mcc scheduled__2025-05-01T00:00:00+00:00 [queued]>
[2026-02-27T10:30:38.809+0000] {taskinstance.py:2306} INFO - Starting attempt 1 of 1
[2026-02-27T10:30:38.830+0000] {taskinstance.py:2330} INFO - Executing <Task(ExternalTaskSensor): wait_for_dict_mcc> on 2025-05-01 00:00:00+00:00
[2026-02-27T10:30:38.840+0000] {logging_mixin.py:188} WARNING - /home/***/.local/lib/python3.12/site-packages/***/task/task_runner/standard_task_runner.py:62 DeprecationWarning: This process (pid=9243) is multi-threaded, use of fork() may lead to deadlocks in the child.
[2026-02-27T10:30:38.842+0000] {standard_task_runner.py:64} INFO - Started process 9244 to run task
[2026-02-27T10:30:38.840+0000] {standard_task_runner.py:90} INFO - Running: ['***', 'tasks', 'run', 'staging_to_core', 'wait_for_dict_mcc', 'scheduled__2025-05-01T00:00:00+00:00', '--job-id', '1359', '--raw', '--subdir', 'DAGS_FOLDER/staging_to_core.py', '--cfg-path', '/tmp/tmpv310kxy9']
[2026-02-27T10:30:38.843+0000] {standard_task_runner.py:91} INFO - Job 1359: Subtask wait_for_dict_mcc
[2026-02-27T10:30:38.913+0000] {task_command.py:426} INFO - Running <TaskInstance: staging_to_core.wait_for_dict_mcc scheduled__2025-05-01T00:00:00+00:00 [running]> on host 31b45edbecf3
[2026-02-27T10:30:39.027+0000] {taskinstance.py:2648} INFO - Exporting env vars: AIRFLOW_CTX_DAG_OWNER='***' AIRFLOW_CTX_DAG_ID='staging_to_core' AIRFLOW_CTX_TASK_ID='wait_for_dict_mcc' AIRFLOW_CTX_EXECUTION_DATE='2025-05-01T00:00:00+00:00' AIRFLOW_CTX_TRY_NUMBER='1' AIRFLOW_CTX_DAG_RUN_ID='scheduled__2025-05-01T00:00:00+00:00'
[2026-02-27T10:30:39.029+0000] {taskinstance.py:430} INFO - ::endgroup::
[2026-02-27T10:30:39.045+0000] {baseoperator.py:400} WARNING - ExternalTaskSensor.execute cannot be called outside TaskInstance!
[2026-02-27T10:30:39.057+0000] {external_task.py:258} INFO - Poking for tasks ['upload_s3_to_dwh_dict_mcc'] in dag oltp_s3_dwh on 2025-05-01T00:00:00+00:00 ... 
[2026-02-27T10:30:39.060+0000] {logging_mixin.py:188} WARNING - /home/***/.local/lib/python3.12/site-packages/***/utils/session.py:79 DeprecationWarning: This method is deprecated and will be removed in future.
[2026-02-27T10:30:39.074+0000] {base.py:294} INFO - Success criteria met. Exiting.
[2026-02-27T10:30:39.075+0000] {taskinstance.py:441} INFO - ::group::Post task execution logs
[2026-02-27T10:30:39.094+0000] {taskinstance.py:1206} INFO - Marking task as SUCCESS. dag_id=staging_to_core, task_id=wait_for_dict_mcc, run_id=scheduled__2025-05-01T00:00:00+00:00, execution_date=20250501T000000, start_date=20260227T103038, end_date=20260227T103039
[2026-02-27T10:30:39.138+0000] {local_task_job_runner.py:243} INFO - Task exited with return code 0
[2026-02-27T10:30:39.154+0000] {logging_mixin.py:188} WARNING - /home/***/.local/lib/python3.12/site-packages/***/models/baseoperator.py:1297 AirflowProviderDeprecationWarning: Call to deprecated class PostgresOperator. (Please use `***.providers.common.sql.operators.sql.SQLExecuteQueryOperator`.Also, you can provide `hook_params={'schema': <database>}`.)
[2026-02-27T10:30:39.199+0000] {taskinstance.py:3503} INFO - 1 downstream tasks scheduled from follow-on schedule check
[2026-02-27T10:30:39.203+0000] {local_task_job_runner.py:222} INFO - ::endgroup::
[2026-02-27T19:02:29.796+0000] {local_task_job_runner.py:120} INFO - ::group::Pre task execution logs
[2026-02-27T19:02:29.833+0000] {taskinstance.py:2076} INFO - Dependencies all met for dep_context=non-requeueable deps ti=<TaskInstance: staging_to_core.wait_for_dict_mcc scheduled__2025-05-01T00:00:00+00:00 [queued]>
[2026-02-27T19:02:29.844+0000] {taskinstance.py:2076} INFO - Dependencies all met for dep_context=requeueable deps ti=<TaskInstance: staging_to_core.wait_for_dict_mcc scheduled__2025-05-01T00:00:00+00:00 [queued]>
[2026-02-27T19:02:29.845+0000] {taskinstance.py:2306} INFO - Starting attempt 1 of 1
[2026-02-27T19:02:29.862+0000] {taskinstance.py:2330} INFO - Executing <Task(ExternalTaskSensor): wait_for_dict_mcc> on 2025-05-01 00:00:00+00:00
[2026-02-27T19:02:29.869+0000] {logging_mixin.py:188} WARNING - /home/***/.local/lib/python3.12/site-packages/***/task/task_runner/standard_task_runner.py:62 DeprecationWarning: This process (pid=33290) is multi-threaded, use of fork() may lead to deadlocks in the child.
[2026-02-27T19:02:29.869+0000] {standard_task_runner.py:90} INFO - Running: ['***', 'tasks', 'run', 'staging_to_core', 'wait_for_dict_mcc', 'scheduled__2025-05-01T00:00:00+00:00', '--job-id', '1791', '--raw', '--subdir', 'DAGS_FOLDER/staging_to_core.py', '--cfg-path', '/tmp/tmp1m7lyvzj']
[2026-02-27T19:02:29.871+0000] {standard_task_runner.py:64} INFO - Started process 33291 to run task
[2026-02-27T19:02:29.872+0000] {standard_task_runner.py:91} INFO - Job 1791: Subtask wait_for_dict_mcc
[2026-02-27T19:02:29.929+0000] {task_command.py:426} INFO - Running <TaskInstance: staging_to_core.wait_for_dict_mcc scheduled__2025-05-01T00:00:00+00:00 [running]> on host 31b45edbecf3
[2026-02-27T19:02:30.034+0000] {taskinstance.py:2648} INFO - Exporting env vars: AIRFLOW_CTX_DAG_OWNER='***' AIRFLOW_CTX_DAG_ID='staging_to_core' AIRFLOW_CTX_TASK_ID='wait_for_dict_mcc' AIRFLOW_CTX_EXECUTION_DATE='2025-05-01T00:00:00+00:00' AIRFLOW_CTX_TRY_NUMBER='1' AIRFLOW_CTX_DAG_RUN_ID='scheduled__2025-05-01T00:00:00+00:00'
[2026-02-27T19:02:30.035+0000] {taskinstance.py:430} INFO - ::endgroup::
[2026-02-27T19:02:30.051+0000] {baseoperator.py:400} WARNING - ExternalTaskSensor.execute cannot be called outside TaskInstance!
[2026-02-27T19:02:30.063+0000] {external_task.py:258} INFO - Poking for tasks ['upload_s3_to_dwh_dict_mcc'] in dag oltp_s3_dwh on 2025-05-01T00:00:00+00:00 ... 
[2026-02-27T19:02:30.066+0000] {logging_mixin.py:188} WARNING - /home/***/.local/lib/python3.12/site-packages/***/utils/session.py:79 DeprecationWarning: This method is deprecated and will be removed in future.
[2026-02-27T19:02:30.078+0000] {base.py:294} INFO - Success criteria met. Exiting.
[2026-02-27T19:02:30.079+0000] {taskinstance.py:441} INFO - ::group::Post task execution logs
[2026-02-27T19:02:30.089+0000] {taskinstance.py:1206} INFO - Marking task as SUCCESS. dag_id=staging_to_core, task_id=wait_for_dict_mcc, run_id=scheduled__2025-05-01T00:00:00+00:00, execution_date=20250501T000000, start_date=20260227T190229, end_date=20260227T190230
[2026-02-27T19:02:30.129+0000] {local_task_job_runner.py:243} INFO - Task exited with return code 0
[2026-02-27T19:02:30.144+0000] {logging_mixin.py:188} WARNING - /home/***/.local/lib/python3.12/site-packages/***/models/baseoperator.py:1297 AirflowProviderDeprecationWarning: Call to deprecated class PostgresOperator. (Please use `***.providers.common.sql.operators.sql.SQLExecuteQueryOperator`.Also, you can provide `hook_params={'schema': <database>}`.)
[2026-02-27T19:02:30.180+0000] {taskinstance.py:3503} INFO - 1 downstream tasks scheduled from follow-on schedule check
[2026-02-27T19:02:30.184+0000] {local_task_job_runner.py:222} INFO - ::endgroup::
