[2026-02-26T17:55:54.112+0000] {local_task_job_runner.py:120} INFO - ::group::Pre task execution logs
[2026-02-26T17:55:54.185+0000] {taskinstance.py:2076} INFO - Dependencies all met for dep_context=non-requeueable deps ti=<TaskInstance: oltp_s3_dwh.upload_s3_to_dwh_users scheduled__2025-06-01T00:00:00+00:00 [queued]>
[2026-02-26T17:55:54.221+0000] {taskinstance.py:2076} INFO - Dependencies all met for dep_context=requeueable deps ti=<TaskInstance: oltp_s3_dwh.upload_s3_to_dwh_users scheduled__2025-06-01T00:00:00+00:00 [queued]>
[2026-02-26T17:55:54.224+0000] {taskinstance.py:2306} INFO - Starting attempt 1 of 1
[2026-02-26T17:55:54.278+0000] {taskinstance.py:2330} INFO - Executing <Task(PythonOperator): upload_s3_to_dwh_users> on 2025-06-01 00:00:00+00:00
[2026-02-26T17:55:54.312+0000] {logging_mixin.py:188} WARNING - /home/***/.local/lib/python3.12/site-packages/***/task/task_runner/standard_task_runner.py:62 DeprecationWarning: This process (pid=6924) is multi-threaded, use of fork() may lead to deadlocks in the child.
[2026-02-26T17:55:54.318+0000] {standard_task_runner.py:64} INFO - Started process 6982 to run task
[2026-02-26T17:55:54.316+0000] {standard_task_runner.py:90} INFO - Running: ['***', 'tasks', 'run', 'oltp_s3_dwh', 'upload_s3_to_dwh_users', 'scheduled__2025-06-01T00:00:00+00:00', '--job-id', '1212', '--raw', '--subdir', 'DAGS_FOLDER/oltp_s3_dwh.py', '--cfg-path', '/tmp/tmp8s82vo5z']
[2026-02-26T17:55:54.326+0000] {standard_task_runner.py:91} INFO - Job 1212: Subtask upload_s3_to_dwh_users
[2026-02-26T17:55:54.680+0000] {task_command.py:426} INFO - Running <TaskInstance: oltp_s3_dwh.upload_s3_to_dwh_users scheduled__2025-06-01T00:00:00+00:00 [running]> on host 31b45edbecf3
[2026-02-26T17:55:55.341+0000] {taskinstance.py:2648} INFO - Exporting env vars: AIRFLOW_CTX_DAG_OWNER='***' AIRFLOW_CTX_DAG_ID='oltp_s3_dwh' AIRFLOW_CTX_TASK_ID='upload_s3_to_dwh_users' AIRFLOW_CTX_EXECUTION_DATE='2025-06-01T00:00:00+00:00' AIRFLOW_CTX_TRY_NUMBER='1' AIRFLOW_CTX_DAG_RUN_ID='scheduled__2025-06-01T00:00:00+00:00'
[2026-02-26T17:55:55.347+0000] {taskinstance.py:430} INFO - ::endgroup::
[2026-02-26T17:55:55.483+0000] {base.py:84} INFO - Using connection ID 'postgres_dwh' for task execution.
[2026-02-26T17:55:55.491+0000] {sql.py:495} INFO - Running statement: SELECT table_schema, table_name FROM information_schema.tables WHERE table_schema = 'staging';, parameters: None
[2026-02-26T17:55:55.497+0000] {sql.py:504} INFO - Rows affected: 9
[2026-02-26T17:55:55.504+0000] {logging_mixin.py:188} INFO - DEBUG: Доступные таблицы в схеме staging: [('staging', 'exchange_rates'), ('staging', 'users'), ('staging', 'accounts'), ('staging', 'dict_regions'), ('staging', 'dict_tariffs'), ('staging', 'dict_mcc'), ('staging', 'dict_merchants'), ('staging', 'transactions'), ('staging', 'cards')]
[2026-02-26T17:55:55.546+0000] {base.py:84} INFO - Using connection ID 'minio_conn_id' for task execution.
[2026-02-26T17:55:55.555+0000] {connection_wrapper.py:384} INFO - AWS Connection (conn_id='minio_conn_id', conn_type='aws') credentials retrieved from login and ***.
[2026-02-26T17:55:57.044+0000] {logging_mixin.py:188} INFO - Файл raw/not_dict/users/2025-06-01/data.parquet не найден в S3. Пропускаем загрузку.
[2026-02-26T17:55:57.061+0000] {python.py:237} INFO - Done. Returned value was: None
[2026-02-26T17:55:57.063+0000] {taskinstance.py:441} INFO - ::group::Post task execution logs
[2026-02-26T17:55:57.093+0000] {taskinstance.py:1206} INFO - Marking task as SUCCESS. dag_id=oltp_s3_dwh, task_id=upload_s3_to_dwh_users, run_id=scheduled__2025-06-01T00:00:00+00:00, execution_date=20250601T000000, start_date=20260226T175554, end_date=20260226T175557
[2026-02-26T17:55:57.185+0000] {local_task_job_runner.py:243} INFO - Task exited with return code 0
[2026-02-26T17:55:57.254+0000] {taskinstance.py:3503} INFO - 0 downstream tasks scheduled from follow-on schedule check
[2026-02-26T17:55:57.266+0000] {local_task_job_runner.py:222} INFO - ::endgroup::
[2026-02-27T19:00:47.084+0000] {local_task_job_runner.py:120} INFO - ::group::Pre task execution logs
[2026-02-27T19:00:47.175+0000] {taskinstance.py:2076} INFO - Dependencies all met for dep_context=non-requeueable deps ti=<TaskInstance: oltp_s3_dwh.upload_s3_to_dwh_users scheduled__2025-06-01T00:00:00+00:00 [queued]>
[2026-02-27T19:00:47.226+0000] {taskinstance.py:2076} INFO - Dependencies all met for dep_context=requeueable deps ti=<TaskInstance: oltp_s3_dwh.upload_s3_to_dwh_users scheduled__2025-06-01T00:00:00+00:00 [queued]>
[2026-02-27T19:00:47.233+0000] {taskinstance.py:2306} INFO - Starting attempt 1 of 1
[2026-02-27T19:00:47.297+0000] {taskinstance.py:2330} INFO - Executing <Task(PythonOperator): upload_s3_to_dwh_users> on 2025-06-01 00:00:00+00:00
[2026-02-27T19:00:47.341+0000] {logging_mixin.py:188} WARNING - /home/***/.local/lib/python3.12/site-packages/***/task/task_runner/standard_task_runner.py:62 DeprecationWarning: This process (pid=32423) is multi-threaded, use of fork() may lead to deadlocks in the child.
[2026-02-27T19:00:47.359+0000] {standard_task_runner.py:64} INFO - Started process 32457 to run task
[2026-02-27T19:00:47.357+0000] {standard_task_runner.py:90} INFO - Running: ['***', 'tasks', 'run', 'oltp_s3_dwh', 'upload_s3_to_dwh_users', 'scheduled__2025-06-01T00:00:00+00:00', '--job-id', '1619', '--raw', '--subdir', 'DAGS_FOLDER/oltp_s3_dwh.py', '--cfg-path', '/tmp/tmpyci_l4m6']
[2026-02-27T19:00:47.366+0000] {standard_task_runner.py:91} INFO - Job 1619: Subtask upload_s3_to_dwh_users
[2026-02-27T19:00:47.476+0000] {task_command.py:426} INFO - Running <TaskInstance: oltp_s3_dwh.upload_s3_to_dwh_users scheduled__2025-06-01T00:00:00+00:00 [running]> on host 31b45edbecf3
[2026-02-27T19:00:47.682+0000] {taskinstance.py:2648} INFO - Exporting env vars: AIRFLOW_CTX_DAG_OWNER='***' AIRFLOW_CTX_DAG_ID='oltp_s3_dwh' AIRFLOW_CTX_TASK_ID='upload_s3_to_dwh_users' AIRFLOW_CTX_EXECUTION_DATE='2025-06-01T00:00:00+00:00' AIRFLOW_CTX_TRY_NUMBER='1' AIRFLOW_CTX_DAG_RUN_ID='scheduled__2025-06-01T00:00:00+00:00'
[2026-02-27T19:00:47.684+0000] {taskinstance.py:430} INFO - ::endgroup::
[2026-02-27T19:00:47.743+0000] {base.py:84} INFO - Using connection ID 'postgres_dwh' for task execution.
[2026-02-27T19:00:47.768+0000] {sql.py:495} INFO - Running statement: SELECT table_schema, table_name FROM information_schema.tables WHERE table_schema = 'staging';, parameters: None
[2026-02-27T19:00:47.773+0000] {sql.py:504} INFO - Rows affected: 9
[2026-02-27T19:00:47.775+0000] {logging_mixin.py:188} INFO - DEBUG: Доступные таблицы в схеме staging: [('staging', 'exchange_rates'), ('staging', 'cards'), ('staging', 'users'), ('staging', 'accounts'), ('staging', 'transactions'), ('staging', 'dict_tariffs'), ('staging', 'dict_regions'), ('staging', 'dict_merchants'), ('staging', 'dict_mcc')]
[2026-02-27T19:00:47.792+0000] {base.py:84} INFO - Using connection ID 'minio_conn_id' for task execution.
[2026-02-27T19:00:47.803+0000] {connection_wrapper.py:384} INFO - AWS Connection (conn_id='minio_conn_id', conn_type='aws') credentials retrieved from login and ***.
[2026-02-27T19:00:48.698+0000] {logging_mixin.py:188} INFO - Файл raw/not_dict/users/2025-06-01/data.parquet не найден в S3. Пропускаем загрузку.
[2026-02-27T19:00:48.700+0000] {python.py:237} INFO - Done. Returned value was: None
[2026-02-27T19:00:48.701+0000] {taskinstance.py:441} INFO - ::group::Post task execution logs
[2026-02-27T19:00:48.724+0000] {taskinstance.py:1206} INFO - Marking task as SUCCESS. dag_id=oltp_s3_dwh, task_id=upload_s3_to_dwh_users, run_id=scheduled__2025-06-01T00:00:00+00:00, execution_date=20250601T000000, start_date=20260227T190047, end_date=20260227T190048
[2026-02-27T19:00:48.847+0000] {local_task_job_runner.py:243} INFO - Task exited with return code 0
[2026-02-27T19:00:48.872+0000] {local_task_job_runner.py:222} INFO - ::endgroup::
