[2026-02-28T10:01:00.524+0000] {local_task_job_runner.py:120} INFO - ::group::Pre task execution logs
[2026-02-28T10:01:00.602+0000] {taskinstance.py:2076} INFO - Dependencies all met for dep_context=non-requeueable deps ti=<TaskInstance: oltp_s3_dwh.upload_s3_to_dwh_accounts scheduled__2025-02-01T00:00:00+00:00 [queued]>
[2026-02-28T10:01:00.644+0000] {taskinstance.py:2076} INFO - Dependencies all met for dep_context=requeueable deps ti=<TaskInstance: oltp_s3_dwh.upload_s3_to_dwh_accounts scheduled__2025-02-01T00:00:00+00:00 [queued]>
[2026-02-28T10:01:00.646+0000] {taskinstance.py:2306} INFO - Starting attempt 2 of 2
[2026-02-28T10:01:00.697+0000] {taskinstance.py:2330} INFO - Executing <Task(PythonOperator): upload_s3_to_dwh_accounts> on 2025-02-01 00:00:00+00:00
[2026-02-28T10:01:00.726+0000] {logging_mixin.py:188} WARNING - /home/***/.local/lib/python3.12/site-packages/***/task/task_runner/standard_task_runner.py:62 DeprecationWarning: This process (pid=1850) is multi-threaded, use of fork() may lead to deadlocks in the child.
[2026-02-28T10:01:00.731+0000] {standard_task_runner.py:64} INFO - Started process 1865 to run task
[2026-02-28T10:01:00.731+0000] {standard_task_runner.py:90} INFO - Running: ['***', 'tasks', 'run', 'oltp_s3_dwh', 'upload_s3_to_dwh_accounts', 'scheduled__2025-02-01T00:00:00+00:00', '--job-id', '1961', '--raw', '--subdir', 'DAGS_FOLDER/oltp_s3_dwh.py', '--cfg-path', '/tmp/tmp1c3zpyb0']
[2026-02-28T10:01:00.750+0000] {standard_task_runner.py:91} INFO - Job 1961: Subtask upload_s3_to_dwh_accounts
[2026-02-28T10:01:00.888+0000] {task_command.py:426} INFO - Running <TaskInstance: oltp_s3_dwh.upload_s3_to_dwh_accounts scheduled__2025-02-01T00:00:00+00:00 [running]> on host 31b45edbecf3
[2026-02-28T10:01:01.191+0000] {taskinstance.py:2648} INFO - Exporting env vars: AIRFLOW_CTX_DAG_OWNER='***' AIRFLOW_CTX_DAG_ID='oltp_s3_dwh' AIRFLOW_CTX_TASK_ID='upload_s3_to_dwh_accounts' AIRFLOW_CTX_EXECUTION_DATE='2025-02-01T00:00:00+00:00' AIRFLOW_CTX_TRY_NUMBER='2' AIRFLOW_CTX_DAG_RUN_ID='scheduled__2025-02-01T00:00:00+00:00'
[2026-02-28T10:01:01.193+0000] {taskinstance.py:430} INFO - ::endgroup::
[2026-02-28T10:01:01.263+0000] {base.py:84} INFO - Using connection ID 'postgres_dwh' for task execution.
[2026-02-28T10:01:01.275+0000] {sql.py:495} INFO - Running statement: SELECT table_schema, table_name FROM information_schema.tables WHERE table_schema = 'staging';, parameters: None
[2026-02-28T10:01:01.280+0000] {sql.py:504} INFO - Rows affected: 9
[2026-02-28T10:01:01.285+0000] {logging_mixin.py:188} INFO - DEBUG: Доступные таблицы в схеме staging: [('staging', 'exchange_rates'), ('staging', 'dict_merchants'), ('staging', 'dict_tariffs'), ('staging', 'dict_mcc'), ('staging', 'dict_regions'), ('staging', 'cards'), ('staging', 'users'), ('staging', 'accounts'), ('staging', 'transactions')]
[2026-02-28T10:01:01.310+0000] {base.py:84} INFO - Using connection ID 'minio_conn_id' for task execution.
[2026-02-28T10:01:01.313+0000] {connection_wrapper.py:384} INFO - AWS Connection (conn_id='minio_conn_id', conn_type='aws') credentials retrieved from login and ***.
[2026-02-28T10:01:02.045+0000] {logging_mixin.py:188} INFO - Файл raw/not_dict/accounts/2025-02-01/data.parquet не найден в S3. Пропускаем загрузку.
[2026-02-28T10:01:02.047+0000] {python.py:237} INFO - Done. Returned value was: None
[2026-02-28T10:01:02.048+0000] {taskinstance.py:441} INFO - ::group::Post task execution logs
[2026-02-28T10:01:02.064+0000] {taskinstance.py:1206} INFO - Marking task as SUCCESS. dag_id=oltp_s3_dwh, task_id=upload_s3_to_dwh_accounts, run_id=scheduled__2025-02-01T00:00:00+00:00, execution_date=20250201T000000, start_date=20260228T100100, end_date=20260228T100102
[2026-02-28T10:01:02.122+0000] {local_task_job_runner.py:243} INFO - Task exited with return code 0
[2026-02-28T10:01:02.146+0000] {local_task_job_runner.py:222} INFO - ::endgroup::
