[2026-02-28T10:23:48.640+0000] {local_task_job_runner.py:120} INFO - ::group::Pre task execution logs
[2026-02-28T10:23:48.663+0000] {taskinstance.py:2076} INFO - Dependencies all met for dep_context=non-requeueable deps ti=<TaskInstance: oltp_s3_dwh.upload_s3_to_dwh_accounts scheduled__2025-02-01T00:00:00+00:00 [queued]>
[2026-02-28T10:23:48.674+0000] {taskinstance.py:2076} INFO - Dependencies all met for dep_context=requeueable deps ti=<TaskInstance: oltp_s3_dwh.upload_s3_to_dwh_accounts scheduled__2025-02-01T00:00:00+00:00 [queued]>
[2026-02-28T10:23:48.675+0000] {taskinstance.py:2306} INFO - Starting attempt 3 of 3
[2026-02-28T10:23:48.690+0000] {taskinstance.py:2330} INFO - Executing <Task(PythonOperator): upload_s3_to_dwh_accounts> on 2025-02-01 00:00:00+00:00
[2026-02-28T10:23:48.701+0000] {logging_mixin.py:188} WARNING - /home/***/.local/lib/python3.12/site-packages/***/task/task_runner/standard_task_runner.py:62 DeprecationWarning: This process (pid=3664) is multi-threaded, use of fork() may lead to deadlocks in the child.
[2026-02-28T10:23:48.703+0000] {standard_task_runner.py:64} INFO - Started process 3681 to run task
[2026-02-28T10:23:48.707+0000] {standard_task_runner.py:90} INFO - Running: ['***', 'tasks', 'run', 'oltp_s3_dwh', 'upload_s3_to_dwh_accounts', 'scheduled__2025-02-01T00:00:00+00:00', '--job-id', '2025', '--raw', '--subdir', 'DAGS_FOLDER/oltp_s3_dwh.py', '--cfg-path', '/tmp/tmpw48slxfq']
[2026-02-28T10:23:48.709+0000] {standard_task_runner.py:91} INFO - Job 2025: Subtask upload_s3_to_dwh_accounts
[2026-02-28T10:23:48.807+0000] {task_command.py:426} INFO - Running <TaskInstance: oltp_s3_dwh.upload_s3_to_dwh_accounts scheduled__2025-02-01T00:00:00+00:00 [running]> on host 31b45edbecf3
[2026-02-28T10:23:49.045+0000] {taskinstance.py:2648} INFO - Exporting env vars: AIRFLOW_CTX_DAG_OWNER='***' AIRFLOW_CTX_DAG_ID='oltp_s3_dwh' AIRFLOW_CTX_TASK_ID='upload_s3_to_dwh_accounts' AIRFLOW_CTX_EXECUTION_DATE='2025-02-01T00:00:00+00:00' AIRFLOW_CTX_TRY_NUMBER='3' AIRFLOW_CTX_DAG_RUN_ID='scheduled__2025-02-01T00:00:00+00:00'
[2026-02-28T10:23:49.048+0000] {taskinstance.py:430} INFO - ::endgroup::
[2026-02-28T10:23:49.118+0000] {base.py:84} INFO - Using connection ID 'postgres_dwh' for task execution.
[2026-02-28T10:23:49.134+0000] {sql.py:495} INFO - Running statement: SELECT table_schema, table_name FROM information_schema.tables WHERE table_schema = 'staging';, parameters: None
[2026-02-28T10:23:49.143+0000] {sql.py:504} INFO - Rows affected: 9
[2026-02-28T10:23:49.146+0000] {logging_mixin.py:188} INFO - DEBUG: Доступные таблицы в схеме staging: [('staging', 'exchange_rates'), ('staging', 'cards'), ('staging', 'users'), ('staging', 'accounts'), ('staging', 'transactions'), ('staging', 'dict_tariffs'), ('staging', 'dict_merchants'), ('staging', 'dict_regions'), ('staging', 'dict_mcc')]
[2026-02-28T10:23:49.157+0000] {base.py:84} INFO - Using connection ID 'minio_conn_id' for task execution.
[2026-02-28T10:23:49.162+0000] {connection_wrapper.py:384} INFO - AWS Connection (conn_id='minio_conn_id', conn_type='aws') credentials retrieved from login and ***.
[2026-02-28T10:23:49.997+0000] {logging_mixin.py:188} INFO - Файл raw/not_dict/accounts/2025-02-01/data.parquet не найден в S3. Пропускаем загрузку.
[2026-02-28T10:23:50.013+0000] {python.py:237} INFO - Done. Returned value was: None
[2026-02-28T10:23:50.021+0000] {taskinstance.py:441} INFO - ::group::Post task execution logs
[2026-02-28T10:23:50.071+0000] {taskinstance.py:1206} INFO - Marking task as SUCCESS. dag_id=oltp_s3_dwh, task_id=upload_s3_to_dwh_accounts, run_id=scheduled__2025-02-01T00:00:00+00:00, execution_date=20250201T000000, start_date=20260228T102348, end_date=20260228T102350
[2026-02-28T10:23:50.103+0000] {local_task_job_runner.py:243} INFO - Task exited with return code 0
[2026-02-28T10:23:50.174+0000] {taskinstance.py:3503} INFO - 0 downstream tasks scheduled from follow-on schedule check
[2026-02-28T10:23:50.202+0000] {local_task_job_runner.py:222} INFO - ::endgroup::
