[2026-02-26T17:55:35.125+0000] {local_task_job_runner.py:120} INFO - ::group::Pre task execution logs
[2026-02-26T17:55:35.223+0000] {taskinstance.py:2076} INFO - Dependencies all met for dep_context=non-requeueable deps ti=<TaskInstance: oltp_s3_dwh.upload_s3_to_dwh_accounts scheduled__2025-02-01T00:00:00+00:00 [queued]>
[2026-02-26T17:55:35.270+0000] {taskinstance.py:2076} INFO - Dependencies all met for dep_context=requeueable deps ti=<TaskInstance: oltp_s3_dwh.upload_s3_to_dwh_accounts scheduled__2025-02-01T00:00:00+00:00 [queued]>
[2026-02-26T17:55:35.272+0000] {taskinstance.py:2306} INFO - Starting attempt 1 of 1
[2026-02-26T17:55:35.377+0000] {taskinstance.py:2330} INFO - Executing <Task(PythonOperator): upload_s3_to_dwh_accounts> on 2025-02-01 00:00:00+00:00
[2026-02-26T17:55:35.499+0000] {logging_mixin.py:188} WARNING - /home/***/.local/lib/python3.12/site-packages/***/task/task_runner/standard_task_runner.py:62 DeprecationWarning: This process (pid=6725) is multi-threaded, use of fork() may lead to deadlocks in the child.
[2026-02-26T17:55:35.504+0000] {standard_task_runner.py:64} INFO - Started process 6764 to run task
[2026-02-26T17:55:35.487+0000] {standard_task_runner.py:90} INFO - Running: ['***', 'tasks', 'run', 'oltp_s3_dwh', 'upload_s3_to_dwh_accounts', 'scheduled__2025-02-01T00:00:00+00:00', '--job-id', '1176', '--raw', '--subdir', 'DAGS_FOLDER/oltp_s3_dwh.py', '--cfg-path', '/tmp/tmptkk49diq']
[2026-02-26T17:55:35.533+0000] {standard_task_runner.py:91} INFO - Job 1176: Subtask upload_s3_to_dwh_accounts
[2026-02-26T17:55:35.784+0000] {task_command.py:426} INFO - Running <TaskInstance: oltp_s3_dwh.upload_s3_to_dwh_accounts scheduled__2025-02-01T00:00:00+00:00 [running]> on host 31b45edbecf3
[2026-02-26T17:55:36.414+0000] {taskinstance.py:2648} INFO - Exporting env vars: AIRFLOW_CTX_DAG_OWNER='***' AIRFLOW_CTX_DAG_ID='oltp_s3_dwh' AIRFLOW_CTX_TASK_ID='upload_s3_to_dwh_accounts' AIRFLOW_CTX_EXECUTION_DATE='2025-02-01T00:00:00+00:00' AIRFLOW_CTX_TRY_NUMBER='1' AIRFLOW_CTX_DAG_RUN_ID='scheduled__2025-02-01T00:00:00+00:00'
[2026-02-26T17:55:36.423+0000] {taskinstance.py:430} INFO - ::endgroup::
[2026-02-26T17:55:36.638+0000] {base.py:84} INFO - Using connection ID 'postgres_dwh' for task execution.
[2026-02-26T17:55:36.654+0000] {sql.py:495} INFO - Running statement: SELECT table_schema, table_name FROM information_schema.tables WHERE table_schema = 'staging';, parameters: None
[2026-02-26T17:55:36.660+0000] {sql.py:504} INFO - Rows affected: 9
[2026-02-26T17:55:36.662+0000] {logging_mixin.py:188} INFO - DEBUG: Доступные таблицы в схеме staging: [('staging', 'exchange_rates'), ('staging', 'users'), ('staging', 'accounts'), ('staging', 'dict_mcc'), ('staging', 'dict_tariffs'), ('staging', 'dict_merchants'), ('staging', 'transactions'), ('staging', 'dict_regions'), ('staging', 'cards')]
[2026-02-26T17:55:36.693+0000] {base.py:84} INFO - Using connection ID 'minio_conn_id' for task execution.
[2026-02-26T17:55:36.700+0000] {connection_wrapper.py:384} INFO - AWS Connection (conn_id='minio_conn_id', conn_type='aws') credentials retrieved from login and ***.
[2026-02-26T17:55:38.854+0000] {logging_mixin.py:188} INFO - Файл raw/not_dict/accounts/2025-02-01/data.parquet не найден в S3. Пропускаем загрузку.
[2026-02-26T17:55:38.900+0000] {python.py:237} INFO - Done. Returned value was: None
[2026-02-26T17:55:38.915+0000] {taskinstance.py:441} INFO - ::group::Post task execution logs
[2026-02-26T17:55:38.966+0000] {taskinstance.py:1206} INFO - Marking task as SUCCESS. dag_id=oltp_s3_dwh, task_id=upload_s3_to_dwh_accounts, run_id=scheduled__2025-02-01T00:00:00+00:00, execution_date=20250201T000000, start_date=20260226T175535, end_date=20260226T175538
[2026-02-26T17:55:39.114+0000] {local_task_job_runner.py:243} INFO - Task exited with return code 0
[2026-02-26T17:55:39.245+0000] {taskinstance.py:3503} INFO - 0 downstream tasks scheduled from follow-on schedule check
[2026-02-26T17:55:39.260+0000] {local_task_job_runner.py:222} INFO - ::endgroup::
[2026-02-27T18:59:56.692+0000] {local_task_job_runner.py:120} INFO - ::group::Pre task execution logs
[2026-02-27T18:59:56.750+0000] {taskinstance.py:2076} INFO - Dependencies all met for dep_context=non-requeueable deps ti=<TaskInstance: oltp_s3_dwh.upload_s3_to_dwh_accounts scheduled__2025-02-01T00:00:00+00:00 [queued]>
[2026-02-27T18:59:56.783+0000] {taskinstance.py:2076} INFO - Dependencies all met for dep_context=requeueable deps ti=<TaskInstance: oltp_s3_dwh.upload_s3_to_dwh_accounts scheduled__2025-02-01T00:00:00+00:00 [queued]>
[2026-02-27T18:59:56.786+0000] {taskinstance.py:2306} INFO - Starting attempt 1 of 1
[2026-02-27T18:59:56.835+0000] {taskinstance.py:2330} INFO - Executing <Task(PythonOperator): upload_s3_to_dwh_accounts> on 2025-02-01 00:00:00+00:00
[2026-02-27T18:59:56.876+0000] {standard_task_runner.py:90} INFO - Running: ['***', 'tasks', 'run', 'oltp_s3_dwh', 'upload_s3_to_dwh_accounts', 'scheduled__2025-02-01T00:00:00+00:00', '--job-id', '1544', '--raw', '--subdir', 'DAGS_FOLDER/oltp_s3_dwh.py', '--cfg-path', '/tmp/tmp8jb7zy5b']
[2026-02-27T18:59:56.878+0000] {standard_task_runner.py:91} INFO - Job 1544: Subtask upload_s3_to_dwh_accounts
[2026-02-27T18:59:56.864+0000] {logging_mixin.py:188} WARNING - /home/***/.local/lib/python3.12/site-packages/***/task/task_runner/standard_task_runner.py:62 DeprecationWarning: This process (pid=32041) is multi-threaded, use of fork() may lead to deadlocks in the child.
[2026-02-27T18:59:56.884+0000] {standard_task_runner.py:64} INFO - Started process 32065 to run task
[2026-02-27T18:59:57.066+0000] {task_command.py:426} INFO - Running <TaskInstance: oltp_s3_dwh.upload_s3_to_dwh_accounts scheduled__2025-02-01T00:00:00+00:00 [running]> on host 31b45edbecf3
[2026-02-27T18:59:57.358+0000] {taskinstance.py:2648} INFO - Exporting env vars: AIRFLOW_CTX_DAG_OWNER='***' AIRFLOW_CTX_DAG_ID='oltp_s3_dwh' AIRFLOW_CTX_TASK_ID='upload_s3_to_dwh_accounts' AIRFLOW_CTX_EXECUTION_DATE='2025-02-01T00:00:00+00:00' AIRFLOW_CTX_TRY_NUMBER='1' AIRFLOW_CTX_DAG_RUN_ID='scheduled__2025-02-01T00:00:00+00:00'
[2026-02-27T18:59:57.361+0000] {taskinstance.py:430} INFO - ::endgroup::
[2026-02-27T18:59:57.433+0000] {base.py:84} INFO - Using connection ID 'postgres_dwh' for task execution.
[2026-02-27T18:59:57.443+0000] {sql.py:495} INFO - Running statement: SELECT table_schema, table_name FROM information_schema.tables WHERE table_schema = 'staging';, parameters: None
[2026-02-27T18:59:57.452+0000] {sql.py:504} INFO - Rows affected: 9
[2026-02-27T18:59:57.458+0000] {logging_mixin.py:188} INFO - DEBUG: Доступные таблицы в схеме staging: [('staging', 'exchange_rates'), ('staging', 'dict_tariffs'), ('staging', 'dict_regions'), ('staging', 'transactions'), ('staging', 'dict_merchants'), ('staging', 'dict_mcc'), ('staging', 'cards'), ('staging', 'users'), ('staging', 'accounts')]
[2026-02-27T18:59:57.496+0000] {base.py:84} INFO - Using connection ID 'minio_conn_id' for task execution.
[2026-02-27T18:59:57.498+0000] {connection_wrapper.py:384} INFO - AWS Connection (conn_id='minio_conn_id', conn_type='aws') credentials retrieved from login and ***.
[2026-02-27T18:59:59.033+0000] {logging_mixin.py:188} INFO - Файл raw/not_dict/accounts/2025-02-01/data.parquet не найден в S3. Пропускаем загрузку.
[2026-02-27T18:59:59.039+0000] {python.py:237} INFO - Done. Returned value was: None
[2026-02-27T18:59:59.046+0000] {taskinstance.py:441} INFO - ::group::Post task execution logs
[2026-02-27T18:59:59.058+0000] {taskinstance.py:1206} INFO - Marking task as SUCCESS. dag_id=oltp_s3_dwh, task_id=upload_s3_to_dwh_accounts, run_id=scheduled__2025-02-01T00:00:00+00:00, execution_date=20250201T000000, start_date=20260227T185956, end_date=20260227T185959
[2026-02-27T18:59:59.100+0000] {local_task_job_runner.py:243} INFO - Task exited with return code 0
[2026-02-27T18:59:59.128+0000] {taskinstance.py:3503} INFO - 0 downstream tasks scheduled from follow-on schedule check
[2026-02-27T18:59:59.134+0000] {local_task_job_runner.py:222} INFO - ::endgroup::
