[2026-02-27T10:32:46.734+0000] {local_task_job_runner.py:120} INFO - ::group::Pre task execution logs
[2026-02-27T10:32:46.775+0000] {taskinstance.py:2076} INFO - Dependencies all met for dep_context=non-requeueable deps ti=<TaskInstance: staging_to_core.wait_for_cards scheduled__2025-11-01T00:00:00+00:00 [queued]>
[2026-02-27T10:32:46.785+0000] {taskinstance.py:2076} INFO - Dependencies all met for dep_context=requeueable deps ti=<TaskInstance: staging_to_core.wait_for_cards scheduled__2025-11-01T00:00:00+00:00 [queued]>
[2026-02-27T10:32:46.786+0000] {taskinstance.py:2306} INFO - Starting attempt 1 of 1
[2026-02-27T10:32:46.801+0000] {taskinstance.py:2330} INFO - Executing <Task(ExternalTaskSensor): wait_for_cards> on 2025-11-01 00:00:00+00:00
[2026-02-27T10:32:46.809+0000] {logging_mixin.py:188} WARNING - /home/***/.local/lib/python3.12/site-packages/***/task/task_runner/standard_task_runner.py:62 DeprecationWarning: This process (pid=9592) is multi-threaded, use of fork() may lead to deadlocks in the child.
[2026-02-27T10:32:46.810+0000] {standard_task_runner.py:64} INFO - Started process 9593 to run task
[2026-02-27T10:32:46.809+0000] {standard_task_runner.py:90} INFO - Running: ['***', 'tasks', 'run', 'staging_to_core', 'wait_for_cards', 'scheduled__2025-11-01T00:00:00+00:00', '--job-id', '1465', '--raw', '--subdir', 'DAGS_FOLDER/staging_to_core.py', '--cfg-path', '/tmp/tmp8txythhx']
[2026-02-27T10:32:46.811+0000] {standard_task_runner.py:91} INFO - Job 1465: Subtask wait_for_cards
[2026-02-27T10:32:46.865+0000] {task_command.py:426} INFO - Running <TaskInstance: staging_to_core.wait_for_cards scheduled__2025-11-01T00:00:00+00:00 [running]> on host 31b45edbecf3
[2026-02-27T10:32:46.956+0000] {taskinstance.py:2648} INFO - Exporting env vars: AIRFLOW_CTX_DAG_OWNER='***' AIRFLOW_CTX_DAG_ID='staging_to_core' AIRFLOW_CTX_TASK_ID='wait_for_cards' AIRFLOW_CTX_EXECUTION_DATE='2025-11-01T00:00:00+00:00' AIRFLOW_CTX_TRY_NUMBER='1' AIRFLOW_CTX_DAG_RUN_ID='scheduled__2025-11-01T00:00:00+00:00'
[2026-02-27T10:32:46.962+0000] {taskinstance.py:430} INFO - ::endgroup::
[2026-02-27T10:32:46.979+0000] {baseoperator.py:400} WARNING - ExternalTaskSensor.execute cannot be called outside TaskInstance!
[2026-02-27T10:32:46.991+0000] {external_task.py:258} INFO - Poking for tasks ['upload_s3_to_dwh_cards'] in dag oltp_s3_dwh on 2025-11-01T00:00:00+00:00 ... 
[2026-02-27T10:32:46.993+0000] {logging_mixin.py:188} WARNING - /home/***/.local/lib/python3.12/site-packages/***/utils/session.py:79 DeprecationWarning: This method is deprecated and will be removed in future.
[2026-02-27T10:32:47.006+0000] {base.py:294} INFO - Success criteria met. Exiting.
[2026-02-27T10:32:47.008+0000] {taskinstance.py:441} INFO - ::group::Post task execution logs
[2026-02-27T10:32:47.029+0000] {taskinstance.py:1206} INFO - Marking task as SUCCESS. dag_id=staging_to_core, task_id=wait_for_cards, run_id=scheduled__2025-11-01T00:00:00+00:00, execution_date=20251101T000000, start_date=20260227T103246, end_date=20260227T103247
[2026-02-27T10:32:47.067+0000] {local_task_job_runner.py:243} INFO - Task exited with return code 0
[2026-02-27T10:32:47.083+0000] {logging_mixin.py:188} WARNING - /home/***/.local/lib/python3.12/site-packages/***/models/baseoperator.py:1297 AirflowProviderDeprecationWarning: Call to deprecated class PostgresOperator. (Please use `***.providers.common.sql.operators.sql.SQLExecuteQueryOperator`.Also, you can provide `hook_params={'schema': <database>}`.)
[2026-02-27T10:32:47.106+0000] {taskinstance.py:3503} INFO - 0 downstream tasks scheduled from follow-on schedule check
[2026-02-27T10:32:47.111+0000] {local_task_job_runner.py:222} INFO - ::endgroup::
[2026-02-27T19:04:42.791+0000] {local_task_job_runner.py:120} INFO - ::group::Pre task execution logs
[2026-02-27T19:04:42.827+0000] {taskinstance.py:2076} INFO - Dependencies all met for dep_context=non-requeueable deps ti=<TaskInstance: staging_to_core.wait_for_cards scheduled__2025-11-01T00:00:00+00:00 [queued]>
[2026-02-27T19:04:42.838+0000] {taskinstance.py:2076} INFO - Dependencies all met for dep_context=requeueable deps ti=<TaskInstance: staging_to_core.wait_for_cards scheduled__2025-11-01T00:00:00+00:00 [queued]>
[2026-02-27T19:04:42.839+0000] {taskinstance.py:2306} INFO - Starting attempt 1 of 1
[2026-02-27T19:04:42.853+0000] {taskinstance.py:2330} INFO - Executing <Task(ExternalTaskSensor): wait_for_cards> on 2025-11-01 00:00:00+00:00
[2026-02-27T19:04:42.861+0000] {logging_mixin.py:188} WARNING - /home/***/.local/lib/python3.12/site-packages/***/task/task_runner/standard_task_runner.py:62 DeprecationWarning: This process (pid=33653) is multi-threaded, use of fork() may lead to deadlocks in the child.
[2026-02-27T19:04:42.862+0000] {standard_task_runner.py:64} INFO - Started process 33654 to run task
[2026-02-27T19:04:42.861+0000] {standard_task_runner.py:90} INFO - Running: ['***', 'tasks', 'run', 'staging_to_core', 'wait_for_cards', 'scheduled__2025-11-01T00:00:00+00:00', '--job-id', '1897', '--raw', '--subdir', 'DAGS_FOLDER/staging_to_core.py', '--cfg-path', '/tmp/tmp4bmrr180']
[2026-02-27T19:04:42.863+0000] {standard_task_runner.py:91} INFO - Job 1897: Subtask wait_for_cards
[2026-02-27T19:04:42.916+0000] {task_command.py:426} INFO - Running <TaskInstance: staging_to_core.wait_for_cards scheduled__2025-11-01T00:00:00+00:00 [running]> on host 31b45edbecf3
[2026-02-27T19:04:43.027+0000] {taskinstance.py:2648} INFO - Exporting env vars: AIRFLOW_CTX_DAG_OWNER='***' AIRFLOW_CTX_DAG_ID='staging_to_core' AIRFLOW_CTX_TASK_ID='wait_for_cards' AIRFLOW_CTX_EXECUTION_DATE='2025-11-01T00:00:00+00:00' AIRFLOW_CTX_TRY_NUMBER='1' AIRFLOW_CTX_DAG_RUN_ID='scheduled__2025-11-01T00:00:00+00:00'
[2026-02-27T19:04:43.028+0000] {taskinstance.py:430} INFO - ::endgroup::
[2026-02-27T19:04:43.043+0000] {baseoperator.py:400} WARNING - ExternalTaskSensor.execute cannot be called outside TaskInstance!
[2026-02-27T19:04:43.053+0000] {external_task.py:258} INFO - Poking for tasks ['upload_s3_to_dwh_cards'] in dag oltp_s3_dwh on 2025-11-01T00:00:00+00:00 ... 
[2026-02-27T19:04:43.055+0000] {logging_mixin.py:188} WARNING - /home/***/.local/lib/python3.12/site-packages/***/utils/session.py:79 DeprecationWarning: This method is deprecated and will be removed in future.
[2026-02-27T19:04:43.066+0000] {base.py:294} INFO - Success criteria met. Exiting.
[2026-02-27T19:04:43.066+0000] {taskinstance.py:441} INFO - ::group::Post task execution logs
[2026-02-27T19:04:43.076+0000] {taskinstance.py:1206} INFO - Marking task as SUCCESS. dag_id=staging_to_core, task_id=wait_for_cards, run_id=scheduled__2025-11-01T00:00:00+00:00, execution_date=20251101T000000, start_date=20260227T190442, end_date=20260227T190443
[2026-02-27T19:04:43.120+0000] {local_task_job_runner.py:243} INFO - Task exited with return code 0
[2026-02-27T19:04:43.133+0000] {logging_mixin.py:188} WARNING - /home/***/.local/lib/python3.12/site-packages/***/models/baseoperator.py:1297 AirflowProviderDeprecationWarning: Call to deprecated class PostgresOperator. (Please use `***.providers.common.sql.operators.sql.SQLExecuteQueryOperator`.Also, you can provide `hook_params={'schema': <database>}`.)
[2026-02-27T19:04:43.161+0000] {taskinstance.py:3503} INFO - 1 downstream tasks scheduled from follow-on schedule check
[2026-02-27T19:04:43.164+0000] {local_task_job_runner.py:222} INFO - ::endgroup::
