[2026-02-27T10:32:10.063+0000] {local_task_job_runner.py:120} INFO - ::group::Pre task execution logs
[2026-02-27T10:32:10.104+0000] {taskinstance.py:2076} INFO - Dependencies all met for dep_context=non-requeueable deps ti=<TaskInstance: staging_to_core.transform_cards_to_core scheduled__2025-09-01T00:00:00+00:00 [queued]>
[2026-02-27T10:32:10.115+0000] {taskinstance.py:2076} INFO - Dependencies all met for dep_context=requeueable deps ti=<TaskInstance: staging_to_core.transform_cards_to_core scheduled__2025-09-01T00:00:00+00:00 [queued]>
[2026-02-27T10:32:10.116+0000] {taskinstance.py:2306} INFO - Starting attempt 1 of 1
[2026-02-27T10:32:10.130+0000] {taskinstance.py:2330} INFO - Executing <Task(PostgresOperator): transform_cards_to_core> on 2025-09-01 00:00:00+00:00
[2026-02-27T10:32:10.139+0000] {logging_mixin.py:188} WARNING - /home/***/.local/lib/python3.12/site-packages/***/task/task_runner/standard_task_runner.py:62 DeprecationWarning: This process (pid=9487) is multi-threaded, use of fork() may lead to deadlocks in the child.
[2026-02-27T10:32:10.138+0000] {standard_task_runner.py:90} INFO - Running: ['***', 'tasks', 'run', 'staging_to_core', 'transform_cards_to_core', 'scheduled__2025-09-01T00:00:00+00:00', '--job-id', '1434', '--raw', '--subdir', 'DAGS_FOLDER/staging_to_core.py', '--cfg-path', '/tmp/tmpuq6b56qc']
[2026-02-27T10:32:10.140+0000] {standard_task_runner.py:64} INFO - Started process 9488 to run task
[2026-02-27T10:32:10.141+0000] {standard_task_runner.py:91} INFO - Job 1434: Subtask transform_cards_to_core
[2026-02-27T10:32:10.195+0000] {task_command.py:426} INFO - Running <TaskInstance: staging_to_core.transform_cards_to_core scheduled__2025-09-01T00:00:00+00:00 [running]> on host 31b45edbecf3
[2026-02-27T10:32:10.288+0000] {taskinstance.py:2648} INFO - Exporting env vars: AIRFLOW_CTX_DAG_OWNER='***' AIRFLOW_CTX_DAG_ID='staging_to_core' AIRFLOW_CTX_TASK_ID='transform_cards_to_core' AIRFLOW_CTX_EXECUTION_DATE='2025-09-01T00:00:00+00:00' AIRFLOW_CTX_TRY_NUMBER='1' AIRFLOW_CTX_DAG_RUN_ID='scheduled__2025-09-01T00:00:00+00:00'
[2026-02-27T10:32:10.290+0000] {taskinstance.py:430} INFO - ::endgroup::
[2026-02-27T10:32:10.306+0000] {sql.py:282} INFO - Executing: 
                    INSERT INTO core.cards
                    SELECT * FROM staging.cards
                    ON CONFLICT (card_id) 
                    DO UPDATE SET
                        account_id = EXCLUDED.account_id, card_number_masked = EXCLUDED.card_number_masked, card_type = EXCLUDED.card_type, expiry_date = EXCLUDED.expiry_date, is_virtual = EXCLUDED.is_virtual;
                
[2026-02-27T10:32:10.316+0000] {base.py:84} INFO - Using connection ID 'postgres_dwh' for task execution.
[2026-02-27T10:32:10.326+0000] {base.py:84} INFO - Using connection ID 'postgres_dwh' for task execution.
[2026-02-27T10:32:10.331+0000] {sql.py:495} INFO - Running statement: 
                    INSERT INTO core.cards
                    SELECT * FROM staging.cards
                    ON CONFLICT (card_id) 
                    DO UPDATE SET
                        account_id = EXCLUDED.account_id, card_number_masked = EXCLUDED.card_number_masked, card_type = EXCLUDED.card_type, expiry_date = EXCLUDED.expiry_date, is_virtual = EXCLUDED.is_virtual;
                , parameters: None
[2026-02-27T10:32:10.343+0000] {sql.py:504} INFO - Rows affected: 1920
[2026-02-27T10:32:10.369+0000] {taskinstance.py:441} INFO - ::group::Post task execution logs
[2026-02-27T10:32:10.380+0000] {taskinstance.py:1206} INFO - Marking task as SUCCESS. dag_id=staging_to_core, task_id=transform_cards_to_core, run_id=scheduled__2025-09-01T00:00:00+00:00, execution_date=20250901T000000, start_date=20260227T103210, end_date=20260227T103210
[2026-02-27T10:32:10.437+0000] {local_task_job_runner.py:243} INFO - Task exited with return code 0
[2026-02-27T10:32:10.451+0000] {logging_mixin.py:188} WARNING - /home/***/.local/lib/python3.12/site-packages/***/models/baseoperator.py:1297 AirflowProviderDeprecationWarning: Call to deprecated class PostgresOperator. (Please use `***.providers.common.sql.operators.sql.SQLExecuteQueryOperator`.Also, you can provide `hook_params={'schema': <database>}`.)
[2026-02-27T10:32:10.473+0000] {taskinstance.py:3503} INFO - 1 downstream tasks scheduled from follow-on schedule check
[2026-02-27T10:32:10.476+0000] {local_task_job_runner.py:222} INFO - ::endgroup::
[2026-02-27T19:04:03.115+0000] {local_task_job_runner.py:120} INFO - ::group::Pre task execution logs
[2026-02-27T19:04:03.167+0000] {taskinstance.py:2076} INFO - Dependencies all met for dep_context=non-requeueable deps ti=<TaskInstance: staging_to_core.transform_cards_to_core scheduled__2025-09-01T00:00:00+00:00 [queued]>
[2026-02-27T19:04:03.191+0000] {taskinstance.py:2076} INFO - Dependencies all met for dep_context=requeueable deps ti=<TaskInstance: staging_to_core.transform_cards_to_core scheduled__2025-09-01T00:00:00+00:00 [queued]>
[2026-02-27T19:04:03.193+0000] {taskinstance.py:2306} INFO - Starting attempt 1 of 1
[2026-02-27T19:04:03.219+0000] {taskinstance.py:2330} INFO - Executing <Task(PostgresOperator): transform_cards_to_core> on 2025-09-01 00:00:00+00:00
[2026-02-27T19:04:03.228+0000] {logging_mixin.py:188} WARNING - /home/***/.local/lib/python3.12/site-packages/***/task/task_runner/standard_task_runner.py:62 DeprecationWarning: This process (pid=33539) is multi-threaded, use of fork() may lead to deadlocks in the child.
[2026-02-27T19:04:03.230+0000] {standard_task_runner.py:64} INFO - Started process 33549 to run task
[2026-02-27T19:04:03.229+0000] {standard_task_runner.py:90} INFO - Running: ['***', 'tasks', 'run', 'staging_to_core', 'transform_cards_to_core', 'scheduled__2025-09-01T00:00:00+00:00', '--job-id', '1866', '--raw', '--subdir', 'DAGS_FOLDER/staging_to_core.py', '--cfg-path', '/tmp/tmpoftxzrm4']
[2026-02-27T19:04:03.231+0000] {standard_task_runner.py:91} INFO - Job 1866: Subtask transform_cards_to_core
[2026-02-27T19:04:03.305+0000] {task_command.py:426} INFO - Running <TaskInstance: staging_to_core.transform_cards_to_core scheduled__2025-09-01T00:00:00+00:00 [running]> on host 31b45edbecf3
[2026-02-27T19:04:03.472+0000] {taskinstance.py:2648} INFO - Exporting env vars: AIRFLOW_CTX_DAG_OWNER='***' AIRFLOW_CTX_DAG_ID='staging_to_core' AIRFLOW_CTX_TASK_ID='transform_cards_to_core' AIRFLOW_CTX_EXECUTION_DATE='2025-09-01T00:00:00+00:00' AIRFLOW_CTX_TRY_NUMBER='1' AIRFLOW_CTX_DAG_RUN_ID='scheduled__2025-09-01T00:00:00+00:00'
[2026-02-27T19:04:03.474+0000] {taskinstance.py:430} INFO - ::endgroup::
[2026-02-27T19:04:03.498+0000] {sql.py:282} INFO - Executing: 
                    INSERT INTO core.cards
                    SELECT * FROM staging.cards
                    ON CONFLICT (card_id) 
                    DO UPDATE SET
                        account_id = EXCLUDED.account_id, card_number_masked = EXCLUDED.card_number_masked, card_type = EXCLUDED.card_type, expiry_date = EXCLUDED.expiry_date, is_virtual = EXCLUDED.is_virtual;
                
[2026-02-27T19:04:03.517+0000] {base.py:84} INFO - Using connection ID 'postgres_dwh' for task execution.
[2026-02-27T19:04:03.539+0000] {base.py:84} INFO - Using connection ID 'postgres_dwh' for task execution.
[2026-02-27T19:04:03.547+0000] {sql.py:495} INFO - Running statement: 
                    INSERT INTO core.cards
                    SELECT * FROM staging.cards
                    ON CONFLICT (card_id) 
                    DO UPDATE SET
                        account_id = EXCLUDED.account_id, card_number_masked = EXCLUDED.card_number_masked, card_type = EXCLUDED.card_type, expiry_date = EXCLUDED.expiry_date, is_virtual = EXCLUDED.is_virtual;
                , parameters: None
[2026-02-27T19:04:03.552+0000] {sql.py:504} INFO - Rows affected: 10
[2026-02-27T19:04:03.559+0000] {taskinstance.py:441} INFO - ::group::Post task execution logs
[2026-02-27T19:04:03.580+0000] {taskinstance.py:1206} INFO - Marking task as SUCCESS. dag_id=staging_to_core, task_id=transform_cards_to_core, run_id=scheduled__2025-09-01T00:00:00+00:00, execution_date=20250901T000000, start_date=20260227T190403, end_date=20260227T190403
[2026-02-27T19:04:03.649+0000] {local_task_job_runner.py:243} INFO - Task exited with return code 0
[2026-02-27T19:04:03.676+0000] {logging_mixin.py:188} WARNING - /home/***/.local/lib/python3.12/site-packages/***/models/baseoperator.py:1297 AirflowProviderDeprecationWarning: Call to deprecated class PostgresOperator. (Please use `***.providers.common.sql.operators.sql.SQLExecuteQueryOperator`.Also, you can provide `hook_params={'schema': <database>}`.)
[2026-02-27T19:04:03.719+0000] {taskinstance.py:3503} INFO - 1 downstream tasks scheduled from follow-on schedule check
[2026-02-27T19:04:03.724+0000] {local_task_job_runner.py:222} INFO - ::endgroup::
